Testing Gemini image generation fix...
[2026-02-08 06:20:49] INFO     [api.llm_client] [Image Gen] Using Gemini completion API with modalities for 'gemini/gemini-2.5-flash-image'
[2026-02-08 06:20:56] ERROR    [api.llm_client] [Image Gen] Response message: content=Here you go! , has_images=True
[2026-02-08 06:20:56] ERROR    [api.llm_client] [Image Gen] Images array: [{'image_url': {'url': 'data:image/png;base64,iVBORw0KGgoAAAANSUhEUgAABAAAAAQACAIAAADwf7zUAAAXXWNhQlgAABddanVtYgAAAB5qdW1kYzJwYQARABCAAACqADibcQNjMnBhAAAAFzdqdW1iAAAAR2p1bWRjMm1hABEAEIAAAKoAOJtxA3VybjpjMnBhOmIzNGJhODI4LTgwYzEtMWU4Ni0xYzhhLTQzOGZiODk3YjdmNQAAABOEanVtYgAAAChqdW1kYzJjcwARABCAAACqADibcQNjMnBhLnNpZ25hdHVyZQAAABNUY2JvctKEWQauogEmGCGCWQPCMIIDvjCCA0SgAwIBAgITf8DFXrYCzoMPnf3QSrAMRZ64JjAKBggqhkjOPQQDAzBRMQswCQYDVQQGEwJVUzETMBEGA1UECgwKR29vZ2xlIExMQzEtMCsGA1UEAwwkR29vZ2xlIEMyUEEgTWVkaWEgU2VydmljZXMgMVAgSUNBIEczMB4XDTI1MTAzMDIyMzQ0N1oXDTI2MTAyNTIyMzQ0NlowazELMAkGA1UEBhMCVVMxEzARBgNVBAoTCkdvb2dsZSBMTEMxHDAaBgNVBAsTE0dvb2dsZSBTeXN0ZW0gNjAwMzIxKTAnBgNVBAMTIEdvb2dsZSBNZWRpYSBQcm9jZXNzaW5nIFNlcnZpY2VzMFkwEwYHKoZIzj0CAQYIKoZIzj0DAQcDQgAEawavchc+90s/hPWHxK3FFJ3MlrNDMsBT9MKpPwTIQKlgKDEGTNCDKZ7pSr9psMwxnQyVriyKysDz6Pfmk73qFaOCAd8wggHbMA4GA1UdDwEB/wQEAwIGwDAfBgNVHSUEGDAWBggrBgEFBQcDBAYKKwYBBAGD6F4CATAMBgNVHRMBAf8EAjAAMB0GA1UdDgQWBBQd6OZCLAQToStyGD7pXnGFgwJTdTAfBgNVHSMEGDAWgBTae+G9tCyKheAQ1muax0rx+t/2NzBsBggrBgEFBQcBAQRgMF4wJgYIKwYBBQUHMAGGGmh0dHA6Ly9jMnBhLW9jc3AucGtpLmdvb2cvMDQGCCsGAQUFBzAChihodHRwOi8vcGtpLmdvb2cvYzJwYS9tZWRpYS0xcC1pY2EtZzMuY3J0MBcGA1UdIAQQMA4wDAYKKwYBBAGD6F4BATCBggYDVR0fBHsweTB3oHWgc4ZxaHR0cDovL3ByaXZhdGVjYS1jb250ZW50LTY4OGFhNjczLTAwMDAtMmE4Ni1hODdhLTA4OGJjODczNTcwYS5zdG9yYWdlLmdvb2dsZWFwaXMuY29tL2I0ZmI2MDQ4MjVlY2M1YzNjZTZiL2NybC5jcmwwGQYJKwYBBAGD6F4DBAwGCisGAQQBg+heAwowMwYJKwYBBAGD6F4EBCYMJDAxOTljY2Q1LWRhZWQtNzlhNy04YjhhLWIwYmVkYzBhZjZmYTAKBggqhkjOPQQDAwNoADBlAjBmFtL3mPAMowbUEhwSn3lJjBLyCyhUYGl2NZQQHJOcHLpWNpHkl98WCG9IyI7KbE8CMQDxWA7ZdmKXNzz4Tf6p7wvW5zVzMnhwiezCm/86GxT8otwlWpSrb8J5T3FBV8wOLqtZAuAwggLcMIICY6ADAgECAhRB+qUhR3YhWNp/myz/jf0WCR7uPjAKBggqhkjOPQQDAzBDMQswCQYDVQQGEwJVUzETMBEGA1UECgwKR29vZ2xlIExMQzEfMB0GA1UEAwwWR29vZ2xlIEMyUEEgUm9vdCBDQSBHMzAeFw0yNTA1MDgyMjM2MjZaFw0zMDA1MDgyMjM2MjZaMFExCzAJBgNVBAYTAlVTMRMwEQYDVQQKDApHb29nbGUgTExDMS0wKwYDVQQDDCRHb29nbGUgQzJQQSBNZWRpYSBTZXJ2aWNlcyAxUCBJQ0EgRzMwdjAQBgcqhkjOPQIBBgUrgQQAIgNiAAS4I+VTFKKW2qcHaXHYRLsUr5NVlaYDFHPMONPMpny6airK8KpIs6RkGs6J5ouqun6ufO3QQANZYfdfrY2rMRdF7Bbqtv+VLtVeRUIzTaALRmAlbv48KxmAuhQFRD6eQ3mjggEIMIIBBDAXBgNVHSAEEDAOMAwGCisGAQQBg+heAQEwDgYDVR0PAQH/BAQDAgEGMB8GA1UdJQQYMBYGCCsGAQUFBwMEBgorBgEEAYPoXgIBMBIGA1UdEwEB/wQIMAYBAf8CAQAwZAYIKwYBBQUHAQEEWDBWMCwGCCsGAQUFBzAChiBodHRwOi8vcGtpLmdvb2cvYzJwYS9yb290LWczLmNydDAmBggrBgEFBQcwAYYaaHR0cDovL2MycGEtb2NzcC5wa2kuZ29vZy8wHwYDVR0jBBgwFoAUnFzYiVND51rVgdsD3hl/BCoqLaowHQYDVR0OBBYEFNp74b20LIqF4BDWa5rHSvH63/Y3MAoGCCqGSM49BAMDA2cAMGQCMALG0QTc1bXdvA3W7/nV6uJw0XquQSFhURIM7ompvlxffsfCDRf1Lasf69dqgVkgewIwLTfAIoqiYMeCpXjtS3LIelmWjkhkAJbvZd1ziCKl1YwSaG8+Tzx2/Fti2f4tV33MpGdzaWdUc3QyoWl0c3RUb2tlbnOBoWN2YWxZB98wggfbBgkqhkiG9w0BBwKgggfMMIIHyAIBAzENMAsGCWCGSAFlAwQCATCBkAYLKoZIhvcNAQkQAQSggYAEfjB8AgEBBgorBgEEAdZ5AgoBMDEwDQYJYIZIAWUDBAIBBQAEIJpGJt51EwtTaJFoPiKEc5rxdzTsm5/4sulNALcnAm6TAhUA/v33Qb9jWCkLTTJEM1PkdDCLYfsYDzIwMjYwMjA3MjEyMDU2WjAGAgEBgAEKAgg8Pyov7F5G4qCCBaEwggLKMIICT6ADAgECAhMPBD3913Y0fqX3w61Fpwta7iRVMAoGCCqGSM49BAMDMFIxCzAJBgNVBAYTAlVTMRMwEQYDVQQKDApHb29nbGUgTExDMS4wLAYDVQQDDCVHb29nbGUgQzJQQSBDb3JlIFRpbWUtU3RhbXBpbmcgSUNBIEczMB4XDTI1MDkwODEzNDg1N1oXDTMxMDkwOTAxNDg1NlowVDELMAkGA1UEBhMCVVMxEzARBgNVBAoTCkdvb2dsZSBMTEMxMDAuBgNVBAMTJ0dvb2dsZSBDb3JlIFRpbWUgU3RhbXBpbmcgQXV0aG9yaXR5IFQxMDBZMBMGByqGSM49AgEGCCqGSM49AwEHA0IABMCSm18nziSYpcig6dVvz8gJkXp2OI7XcK8GwYsJhMPcy7ED1oxlVefLuHMSrl5vq5lIkqavhPEqm3GZr3FHdRGjggEAMIH9MA4GA1UdDwEB/wQEAwIGwDAMBgNVHRMBAf8EAjAAMB0GA1UdDgQWBBRS4g1BFV5QGvYsdIJ9fvki/txuijAfBgNVHSMEGDAWgBTeVZeMYHQ7A+JqtEQGZZdhyuX4jjBsBggrBgEFBQcBAQRgMF4wJgYIKwYBBQUHMAGGGmh0dHA6Ly9jMnBhLW9jc3AucGtpLmdvb2cvMDQGCCsGAQUFBzAChihodHRwOi8vcGtpLmdvb2cvYzJwYS9jb3JlLXRzYS1pY2EtZzMuY3J0MBcGA1UdIAQQMA4wDAYKKwYBBAGD6F4BATAWBgNVHSUBAf8EDDAKBggrBgEFBQcDCDAKBggqhkjOPQQDAwNpADBmAjEA/OBEyFolIHHTVASZ7IoUCfevoG5xm7zv70lmmhg9WuvsYq3gBr3UaY7TmN2sCxREAjEA1Bbd2yMUiNi9aHwMsWolYLLSInsq0HaVxz/fMAWxMYxm5gt1+cHSAnv+8QPgTWTMMIICzzCCAlagAwIBAgIURQCDbnITAsVkpJ5kM3b6jwm3ZPQwCgYIKoZIzj0EAwMwQzELMAkGA1UEBhMCVVMxEzARBgNVBAoMCkdvb2dsZSBMTEMxHzAdBgNVBAMMFkdvb2dsZSBDMlBBIFJvb3QgQ0EgRzMwHhcNMjUwNTA4MjIzNjI2WhcNNDAwNTA4MjIzNjI2WjBSMQswCQYDVQQGEwJVUzETMBEGA1UECgwKR29vZ2xlIExMQzEuMCwGA1UEAwwlR29vZ2xlIEMyUEEgQ29yZSBUaW1lLVN0YW1waW5nIElDQSBHMzB2MBAGByqGSM49AgEGBSuBBAAiA2IABKN99/G9CCofRVkl4FL5qSDf/tsuj0Uh2E8K1c0Dcd1nKixZbsCcJDJyInm5ApFfuabKR5+nxTRzE35exSVE6TEijjTVuBb+GsGrM+rGISwjT/8B5ODBf/A4a8VyrSVLCqOB+zCB+DAXBgNVHSAEEDAOMAwGCisGAQQBg+heAQEwDgYDVR0PAQH/BAQDAgEGMBMGA1UdJQQMMAoGCCsGAQUFBwMIMBIGA1UdEwEB/wQIMAYBAf8CAQAwZAYIKwYBBQUHAQEEWDBWMCwGCCsGAQUFBzAChiBodHRwOi8vcGtpLmdvb2cvYzJwYS9yb290LWczLmNydDAmBggrBgEFBQcwAYYaaHR0cDovL2MycGEtb2NzcC5wa2kuZ29vZy8wHwYDVR0jBBgwFoAUnFzYiVND51rVgdsD3hl/BCoqLaowHQYDVR0OBBYEFN5Vl4xgdDsD4mq0RAZll2HK5fiOMAoGCCqGSM49BAMDA2cAMGQCMEHGBo0dSnwBldblTYF0fGBdzHBCW0oRhGP/pYfclCTYgcyo+UdR5nYuiHZpKFhQcQIwcAumLdMem8XpEJsAEedT9O0lo+ksaufwbJ93BVh5HG3h37rxij8nE064uhpSPiMtMYIBejCCAXYCAQEwaTBSMQswCQYDVQQGEwJVUzETMBEGA1UECgwKR29vZ2xlIExMQzEuMCwGA1UEAwwlR29vZ2xlIEMyUEEgQ29yZSBUaW1lLVN0YW1waW5nIElDQSBHMwITDwQ9/dd2NH6l98OtRacLWu4kVTALBglghkgBZQMEAgGggaQwGgYJKoZIhvcNAQkDMQ0GCyqGSIb3DQEJEAEEMBwGCSqGSIb3DQEJBTEPFw0yNjAyMDcyMTIwNTZaMC8GCSqGSIb3DQEJBDEiBCAIHP8iq4p0OhlZ4YCkwiOWerhMVN+Zfn4ydU/1acOqhTA3BgsqhkiG9w0BCRACLzEoMCYwJDAiBCBsoJ3FPCqlGzk2KH6FIXZN6v9MzM9mwSCiaqccbxkpjjAKBggqhkjOPQQDAgRGMEQCIF3KM8g98/JY0DfS8HkhxubJ6h6rv3XqkDhW2PfN2fEtAiAMmHDXdR1dpTQj11j7FSLxnaPRnIfN3xSMDMNM5gI4hWVyVmFsc6Fob2NzcFZhbHOCWQPzMIID7woBAKCCA+gwggPkBgkrBgEFBQcwAQEEggPVMIID0TCB66FCMEAxCzAJBgNVBAYTAlVTMRMwEQYDVQQKEwpHb29nbGUgTExDMRwwGgYDVQQDExNDMlBBIE9DU1AgUmVzcG9uZGVyGA8yMDI2MDIwNzE2MDkwMFowgZMwgZAwaDANBglghkgBZQMEAgEFAAQgssyQyamfMvBXXlCCvNODuNEJ0MZY4HuaHcboqhUW7SoEIJwa/V8+flyCR5a1dPJTP+OCaW+uDbdG9nAQsZU5sds9AhN/wMVetgLOgw+d/dBKsAxFnrgmgAAYDzIwMjYwMjA3MTYwOTQ3WqARGA8yMDI2MDIxNDE2MDk0N1owCgYIKoZIzj0EAwIDSAAwRQIhALS147Kvts9B/hBY1cTI724ObgASABcV5XgGkw8aMTjXAiBs44ALDBUuRp4jdJHGeBCri5qU3aTdXlfTLwpP1U8uz6CCAokwggKFMIICgTCCAgagAwIBAgITFY2WJeZ99V4W5yrwcv3caMR4czAKBggqhkjOPQQDAzBRMQswCQYDVQQGEwJVUzETMBEGA1UECgwKR29vZ2xlIExMQzEtMCsGA1UEAwwkR29vZ2xlIEMyUEEgTWVkaWEgU2VydmljZXMgMVAgSUNBIEczMB4XDTI2MDIwNTAwMDk0OVoXDTI2MDMwNzAwMDk0OFowQDELMAkGA1UEBhMCVVMxEzARBgNVBAoTCkdvb2dsZSBMTEMxHDAaBgNVBAMTE0MyUEEgT0NTUCBSZXNwb25kZXIwWTATBgcqhkjOPQIBBggqhkjOPQMBBwNCAATCw4V9sn8Jns9dXdveW/qbXuSGQy8b5JCS8idQyzDgvyh56Bfj9UZUlNFv8zKWXy23AUjtTi65iKL/ZegPYMVio4HNMIHKMA4GA1UdDwEB/wQEAwIHgDATBgNVHSUEDDAKBggrBgEFBQcDCTAMBgNVHRMBAf8EAjAAMB0GA1UdDgQWBBSyvQ65xN3+yFCBHjJ9CeSPD/rUaTAfBgNVHSMEGDAWgBTae+G9tCyKheAQ1muax0rx+t/2NzBEBggrBgEFBQcBAQQ4MDYwNAYIKwYBBQUHMAKGKGh0dHA6Ly9wa2kuZ29vZy9jMnBhL21lZGlhLTFwLWljYS1nMy5jcnQwDwYJKwYBBQUHMAEFBAIFADAKBggqhkjOPQQDAwNpADBmAjEA5iyRgwJ0HpnGw2dA11R52SRPqcOjOcCZUu4FJt5yXbEaiHDwcPgeNnmduzelRYhoAjEAmBNT7IGyBSpU9aqNctgUuZm5hTNGvOBoDH+jf5CQ6KGlKNPcTwvZ/b4c+Cek/4lIQGNwYWRYRQAAAAAAAAAAAAAAAAAAAAAAAAAAAAAAAAAAAAAAAAAAAAAAAAAAAAAAAAAAAAAAAAAAAAAAAAAAAAAAAAAAAAAAAAAAAGRwYWQyQQD2WEAYXbLc/AKE5r8ChGiaVCYw9LOM7ALUnpSuSATAVHjqID7I+plVm1cQ4y1hvH+3FrJihdjOCkM9zwje9rwu+QKJAAABt2p1bWIAAAAnanVtZGMyY2wAEQAQgAAAqgA4m3EDYzJwYS5jbGFpbS52MgAAAAGIY2JvcqVqaW5zdGFuY2VJRHgkYmFjMDk4NDctNjBkYy03NjBmLTMyY2UtNDNkOWJiZGNkM2JhdGNsYWltX2dlbmVyYXRvcl9pbmZvomRuYW1leCJHb29nbGUgQzJQQSBDb3JlIEdlbmVyYXRvciBMaWJyYXJ5Z3ZlcnNpb25zODY2MTU4NDIwOjg2NjYyMzE0OHJjcmVhdGVkX2Fzc2VydGlvbnOComN1cmx4KnNlbGYjanVtYmY9YzJwYS5hc3NlcnRpb25zL2MycGEuYWN0aW9ucy52MmRoYXNoWCDSJGladdoI+0nCUhzxGu6iRLGkzNuJdDs0EzWoC0dpZqJjdXJseClzZWxmI2p1bWJmPWMycGEuYXNzZXJ0aW9ucy9jMnBhLmhhc2guZGF0YWRoYXNoWCD2RPK8jUijF1DPOEYufZQ5b5jJ5kzJfjnBazMhP/lYv2lzaWduYXR1cmV4GXNlbGYjanVtYmY9YzJwYS5zaWduYXR1cmVjYWxnZnNoYTI1NgAAAa1qdW1iAAAAKWp1bWRjMmFzABEAEIAAAKoAOJtxA2MycGEuYXNzZXJ0aW9ucwAAAACcanVtYgAAAChqdW1kY2JvcgARABCAAACqADibcQNjMnBhLmhhc2guZGF0YQAAAABsY2JvcqRqZXhjbHVzaW9uc4GiZXN0YXJ0GCFmbGVuZ3RoGRdpY2FsZ2ZzaGEyNTZkaGFzaFgglnMjR+agyJQnU016l1I1vkWaFcp6+VuymzX+GF3mUhtjcGFkTQAAAAAAAAAAAAAAAAAAAADganVtYgAAAClqdW1kY2JvcgARABCAAACqADibcQNjMnBhLmFjdGlvbnMudjIAAAAAr2Nib3KhZ2FjdGlvbnOBo2ZhY3Rpb25sYzJwYS5jcmVhdGVka2Rlc2NyaXB0aW9ueCBDcmVhdGVkIGJ5IEdvb2dsZSBHZW5lcmF0aXZlIEFJLnFkaWdpdGFsU291cmNlVHlwZXhGaHR0cDovL2N2LmlwdGMub3JnL25ld3Njb2Rlcy9kaWdpdGFsc291cmNldHlwZS90cmFpbmVkQWxnb3JpdGhtaWNNZWRpYdz7YO4AACAASURBVHgBdP1Lj27dmqYHrTit9e0v987MynKqnK7CNOggZAy9AhUSDdwwHdPgD/iP+UeAhJCQaLlh3EHVsBAGCqnKUEkdMsnDPnxrrThwXdc95hvx7TQzIuYc4zncz/08Y8wx5zvfNyLuvv/r/82n+4dPr29393ef3t4+3X26e/vkgZ17NwWf7u5QsLfL7u5txqk1Qvuq5dvb6z1Qd3evr28vr9/+z/+7/+1P//Jf/sHT/dP965tR7u8Xxr1uRL1D9LpmumNhBG1Q3Rf17hXJ6/Prw9P93cPTr79+++Ef/Lv/4//4P7n7/AcPDw9gY37PD9TuzOaKEwikIQXaW+RJuIB3cF5OKHXRgp/2RtXliINQa+YWK6V1mRf9POYPm2k4hnNfxaa84aMzSTlAnUzPtrFQKQhO5hOXglEvUoyX4IU4veysJk6AShNMaxL0jm/4btM1y9BrLYLeuggu9czmMzGSWZz6aalxQmX1BLvwkTVLSmn8ptKpKuhUs9AHX/9Pr1d84N9eXy2HNn0bla7mFbNuyCdpVYKwkYi5+NV43NUxOhDuBjZ2mit3tuBhK0UjDoU363iAOTKKYCZ3vBgEdHaNezNcnJMx8p1YqMNHUEx2htQLAFgKQvSOs8wwCzBumeogFX0p2vxGIAAxQJ0B+9kak3PBBIxj7HNQGGAmao/PeEblmh45aXw5o5WA0CLi6YkexvZSQRiPwqR11uJ61SAQYYZ8qIGqr8Ek77EgFqxQ7o0+HCw0yTAxA1QVBnpOCC0ywy1qV7D66Vyt0rGjXMtsgzcSDkCM8hk8LhJY9Bghd4yiNfMjkQHzDUK32MYbffmJWM+62PRYchHTQplwExtYVbFaT+NhCDetwWkUtMRO+NmgMNwgqFfQgrnSHiO856JdYfXApg1RTQVjihi8pqfNafO9zvKtT4GpJagkrhaLO2TpHRwbMzs06ueD2FoUbhAZ5nh0emNAT4FqdkbcVj6HARwIfTOwpfFB99CA5L+q4p1afHU3h6WUkULUixz8kVjNTSx1h1NRzD97wy++c/nC0G/pICs116nLoLwcsUAcKAJh6JnJauWmqWCqzAaBX7Z3kV/QsqKJ5eZSprHAw0kzmBvaqCbF57ZliL00WiCaudUychJAhaB631zxM7Ta1BKP+jjZ1bXsZFkxKU3HBDYDHVeB9LLnT1W+wi0hIihgWWR/ota8l7Q0UZ+Q9umEhQ3KpRO+PNaVrY4YaM92f6pOE6j7Sw+2YF1aRMt28J0+8tX+IxQIVxQLVbGCVO7dD/4EsHHwXNEYztcVphj0BnILesd1TtcxkpYsyxShk6SEiFjZZiuWPqA5kNecUVJJjtY+G5akYzJTmv0qgIBGJnJOuAaaxux2cxThA45JxPC8rsqtswZTJQSb3Ezr5kUhSrDheXt9RnF///Dy/fn+/vs//T/87//yn//5H/3w9PD8t3evL8ghSfRuR1cDyOpJ1NcupsXYmcYV6LUq3HvyGcS8uEn+/unTb76//fBnf/aP/1f/69c77ncdDO6o0QNGVzhl+lwb/PmOKoek9c2r4b2ZFxPAu5dHyL5xYy2a6OERgpU4MvaNWVUtCXeedvtucA8BXTeg3qXr5T3469vjw0YQV75DUnfuA2SGrdk3qzVBwKHhMA6lca4hppC+BMjQlxGGf/v++v3LA9ivxDJSry9CcR5LpOJjkcO8lh65NIsdnvOD1Zkk+nk5Ihwtp4CnjiEk3FAilb/pVJJutrV306pEaMuEIgu+IdMmIDC3qdKcOksVZG10WUuwgweNV9KsEmOHyfFdylJaUPYOitAhnLZkCHbHOV4RpS8U8XW1tmlMAgbcb9u3mfjgZSO+qkLQsIeVk+H0ZhaAwzSTw4+o5mktArdDj7F0b7WM26K1FDYRPpW9jGdUspobe3BpzGo5XadOHsZrlnqMgMUYmplIhp4RO6AlQsImufmiNj8C0mFvhThK17XQhFYTu+gr5Ykhx5UWHDX0DYt6IObvuCF3ezegMiZUEDWeuUYfn0s1/IRXZWB/+Ukz6M5xfHtlKpNryPDcqBq6VhNGzs5/pMa0OCYmhasckaGn2stLWZjs8rGw+YBhzuuIY/P1jMWKgCAcr6sWB85OHi3fHe1EhlPijKBIZuhROh4aQChY06PySnBPmq1nl/Dy4njMhoIbm3Tsbw4rucYuqywQOeH80dZwsmEtzGtpNM4YUruHZeX80rxJgGtu7mu2nxSrgBqVPOKKrGgLXZRNwsZJLlXYIWusGDOR8GFFKwt8RIiaEQyXKk/t3ZqeznUMgtgeeZP3Ymz22yzFgEVkwcEkZ6R7WsMxgyonjo6WuiDtAgk7OXyVuOPiINmFyOuKnGUYI+KeYgx0Ru2PPQfWPQ20Ow2ni2eHovKTW5MrTT6lI/JyPusDWUCQbD1BZ8dUA+mkQrQtKE7bg+l4JNShBAEljXPlSUh8n8Y4WXTT0k2zMyDmUQ0RGN5TsJJKMLvArTq185yp5rJ3Tnkyz+DAjzRGgpgRhjjZdJInLuYhE15cZ6jNnh/FlN6V2s1ZLuKw57jGwe20ztEdiGcXi+yJvRmgspmBa1yNLwwXOW8M6jZKykRiKx32XUyjodlUZr42rZMWJhG8NAClAv7uRTwAp/Owdq2mqyTCUhW0KcitG4tOsptcGIZG7xSEtlD8DJpWWSw1ZxeoShzWZev+ZIPi7pMMt8aWMWqcKpG4QFQ5d1vjjO4Z2zbhkBGQr06W2ChsXlGPseKCM5xoNVyeszSosW6zXXGXixt83rgJyE+ZCuEXRxGCLLyKxbM4+WggJootKcbLpi7ClOhXMia/EpxLIUuro3+kN7IsfY2Gdbl7uGf/wC3/pweIgs9tqkexhVlgKJkCFZ1wpwNkcPA8Zq1hP3K6Sw0mqLhc3b19e/72+Qt36UTsLkxKqH1FAK9NvwgiZDNrvHyBdaKat2w0PU+o7dy7xt1/eng0nLPD6tAcfw7ISNZgQXlHQFuLE0hQqbhV5hyMjMz5yPsA2IOzRWVQpoennXleK44+SB0O48xANoeLr1PQYIRJ4xcSUm7/DdeYWE033YPQhx6vyKqJahPYqPg4p5SskYZsHHPkUKYxiKxu3vjn3EiZCRsYZGTVvT9afZS7CY+bdmYqholYMOUtG2WpWTXOWKU0KpaGp1weEC7NwYbPDk2Ix5hVFy/jFm5KO8MacxBOpCwFEMYJnECaZ8Uw8MC06rwZvmGqwOT40iiTmAh0wugeRYJ4+QgHIeKRWogrOHLEMhJxW+N2mh40IDpY2bhbQy9PJ/UqbbK3eLWMCLQiN5xqt8NghvTYKoln3DrHBZWCepqdiTu8/IqEAV+X8eQRCOximxVwt1Rpc8Lytaj6wRjBJqWKJNcBwdJR0ZzmGCA7VXY8XhUIq3CeO0Vm/zOj+eelp3Vo2LWDTOg6OtaF1/SAqO6cWkZ2LK0psF3jshNHiVupZrEEjmzX7FwJeaJutdj4KCRWyBBoZANkVwnfD4fmRaVpqMs7rPyNIYrttOqdUAG2WyYzyHC7Ew4vtnGyvaInZCdM23lQJPT6l3j99qYY3LWjvzs6GXoBiWZaontdcN6DtIJD3OYyaUSybz0ksFcBz57OORCZDGMTyKqws2RmM2RPANz6wg2UGFzeJhJRGzVB1SJwm1JyKT2UJCgVbWNv42DSh6anAzaFmQ3tSoz8GJdsca7z0ehuB8oWuPFO7u4wF8MQioSkIcGsd1TjtnyPjS4BYn9EWojW/nbCWmYZazwUi7H2Ci20dxgh5q89SN2EzbIEilRKhVAW6mLir87BvPDFFFWCNmLK8Zy6hhdpaGMl1smnCcJ1d+Qwamvq5GaufDWoplvKZKs7IZlTprFNLVK/zl25RnK7DD7mtbnAhdM4bCNo+0qhcs1Xq8BNk5lhW+izXwTQTXb1ShfmZVsdJI1AkovrQ9KDJCZ1O8lFaMbzPNmBEOLcL5TglEuwbUbKZVfMmwgDc0CjKo9aYAohkcjseNx3bxG2u4GdRlmF0z2so0+VmuNhNgnn6sP/EyFSSnUvMs0TmaJADEijh3aGxX62p4pePYkkpPKeAxxEJFl7Y9XChs1uX0/FZc+XRvwscfoFNTjNQxV1rbTmFsJxpq07WwyCumJ3puRVCMHdGlgbhvArRRMLd18BUCc2X/m4RDHRX25BqhYMnLwy56sKUUclg/Pa60zRyCWOIs6vvsUlJFOc5fqlOdt0j5F3kzXkA6Sg+zGH5hMSIjtuDqLWRuOH215DGoy7dPQTxXM5oqh6euN2HAyANTxp7P7ECmhpkJQGbxx1hCJmburcsNRYUvEnDn5rB7QTGv7MhwgpcKnARpQTijaRyYKECPHCKCiQvdDaGbEkxEHLhJiC1I1fJzNB+9aXuAj74fAOJJg96tWAOFx0MTSsr7l9JbKICnRWC3/EB485cAM/BXBwMvFAYz2VZtN3Glv4iksq4Pj8vpIELhPt+IkVnfKdIJ7Cy0wkaJhpbHhIVft0OQh0XORTN3Tk9W6H6kYJLnuLXwpYVEkZsjmXr1pi7pxNfqHZO5LMlS/szLb/4KPytl1gRMckDib/AfCgqxqPg3+G8ISbPx1gNLyMOgmL9vuQ68/uZ7pxq2iTOyoftnqnpifsVcasnK1+0xF9zs0K1fVX06zdORFN+YNLXnMta7KdKMMzR5HsO4wDZ/YhTafXSkIj3dE22EtfD7ZNYDM780Dz4v3egDQd2N0m1jyGju/PUD1nQ7/Nec76D6e8gRfllgsu+iAGqVplNJzNRct4S0v4NmsUi1FZ+1LWK5NhI19edN3OSBnFFXLRTiVQH6tzFn90KNiZCRk2CyPfqaSLm4tr4C5+AR6au8Csms2EM1sMuevGh3wINPw4xmo3jCawNXglKiYRtwTTAyTzpcqV45bL2EyJ1QwHvaVAx9VnTC4LOCvoRxljbUQlNtKKo4Hbuf1CTolZSlwJy2dq9gbS8SR+k9NA2GUWG4dlmGd2aYerdT0YdN87tVSh1O9a5Sc/2kq/6YbECKQcvRxPwNNedNHMkp6OlagAVyC5zuPaXyGv48G71O9HDEiBOm1/UyQvN8b7AveEKnGMaXhRK/RA0CFpKJXa0MAkB3BxLu3kx8x7GwE1bjPZfMp6TbV+G/JmmQDLaqKrMT7oZ7nw27/TuUAuOd4l5Jp/8lS02oI59SKdlfLGxbAfcLIej0n16r6CUm8bTjZGtTvT4wv01edYVaeJxwExPaQ3GktAuJvB1fQuC/lHBXEnnH9Xk9BuTOjp4IWm4Boi2JVlIzE6CDlrZHJtOlzD302RKYQym9tkqHSWJWrUIccLCrnfMU/HboadvFsELhcVzDtuhytpkCt45c3vneTiIEy+QMlqHhaXz8nlyq4jTK4sjpl0+sjMvc+TfVXI2yDWGD6cGr1wgaBurv5W0HyWWHuBd6pbrnpdAT2HHK9TF+7wutHMmbduumHH8OhpaIxLRzxB5coQzcsq9MLJBJ3PMHueS48aKOQDSGEFsOELU2O8SEVQZgcGF704FCzVGO99Un0RJsI/OnpTi8RoXG1Mw/KwN4GCJ7l2zgkcXDe0KbJJjEfiMteegMasNCGurUiEmOunA/2Ia1d45WNZHzkR2cO3fVkjpDcyQGJPF0eV/XhohaNeTmWNL6sLF8NYtjemTgsu4tlyXowTX3+abNtjuwYAnR2qAlC8fMM130Y5/WXB0fPY7YQ12qnNhYzyVEXMkzKe+0Ym2ulXh4OJJYpttEZP23lUOUyGPfmMtxdR6RJ+hxrqpcWkWXEScJzYRkMbQXZmpaD7ASmGngu3zfG4bWs2X6UR2pQXxuIguwSXL8nNWzxbHW47Kkw7J044jsRtsLW8VZiWZmdbvU6el+xEsftuae8DISOZ6XYq3S5zDdf+IDGW2yVaL8n/H82psalothlvQ/zg2KkasXfg9VFMZB1u5D80MbiQ38FLCT++OZH3uCS8ZAHeZh0rmPUcyjUJbsGFX9xLpbdj0njYltWx37tpG52iIO84kFvzuNG/nZtZ3MIeSw5rtT9CLN+9Gj/j54oF+ebk5K/lTOEbG0y0KpHuy1TcQs5IO40/bng3LYma0XAIeTU0Pl4enFFG1b5ubqGEc3UvH9mNpYt+tdWERrPFmCUc8cH3KMprT1uHMmpckGUfD5F8plaM8/bc3I5zKtpa3NKgQf96LIP2+oanmhkvwVPDRO+70GaG+dVYDHv8nION4DP6WU4XIdRux8eWtZlILyjVRXqOgffqSOtMZz7rEI40j6APTaqFLHEhczdxHdz5WOmqNEiDZ38GHJvRKIBanfCfIS0b3rh0pkzaiG3cVAPqDJjOPdb1uOWZf/vpBXJjX/k81t38odO8k4WS83hNjw/bIBBgcPymXTjjTxmVq9DKqgBWICyLC+ocqSezuow0yMYCttWomMiX44fonkeV+mNmYkWnKlvsgzXEa2+BdwlMzQ4+FaIMS0cRG+eFJ9PFG0nN08ez0hPprCok5ANtI7OzvNXDjndBYbpDYIe9GMGwnyI5wmxC0RagowgrIldhK7F4oKVVMbxkFrBbP44IoPjhCr9ZI9GUmdi+5hgCmNAv12MGwMX8ivShSlLRo3vgcQkiEo0br1jOLTTQUO6ef0NazY4lQZsfgsUC02oRPLKVdOQlUBEuRhhtMLRWFS+JC8OAUwXCV51sS7nq2MV8iWPpKxOc9Dt5i+3P3SO4JiMxaqmYO0ujmE991IU7DJSWPZB+7wdhCnAuRkjYiuqEXQwlWEbu3jPWVJRJzINqm5pwmIw52Vov6XCIQaYQLphosM1DsLDoh6pGnBiys26TKDVxhPATiZA5IyGSr/B0ONYZDEdTtggGVnxF2aM5ITyzYtZkmhW0kop9g0uCKUeFEdBcwE7uxFOeTOuc9kpFDjSul+rB38ACUouETOYg+GDe97NRTA4rqT60fHFTgDF/d/m5ZfJcrMIZCzz1ddaqdxD+DgoRDa7rtkiYPaIcOGpyY635eoMdgDS1DOSY5CiM9j9XSGY4yFPfuoPQ/IaXb/NCLMVTYWp6Z+8ZkyRXBjx+Ve/idfyOB2nlfouIXKwI1T79ZPge2SzeDfLfhOkJxY2FDsSfowerBFiv8pV/8Gz6ph0HLI2ADUYStauEicTBOVvmQmS0UZ5dY4oihxlcbRzPSXUARG9NEHzbQIqJ0AhuRnm3uck7tW/DKWvSnM9H62Gc/QUpapgjzF6XxRwJLe1znJP2B5cwV89SHj0Omlwlw1hnNw561juiq6v6CuyNwjoeLq/TvGIPxukT0hi982pe0YWFV4yWB3E1xmVkld9WaBXGYCtDJ/PsNV4UTA75d/pB4lRVTtJqZ3gV4h17lozkwFPMfnSvGKeymqEO2OWj2hyhXPWHHjusuDZ4KDiij2bNOZQfaWqRPT4br7HG9WzYN72u/i1/BXoh6KDhnG+mYiqT80kXm+hmLeWcsGJrV5r2ysJGino3VjedEmM4YGzKC2Dn1jyxLAzRklcGm24HLRlEW++rYsYYnKOpat11hIAnFfUiO8uGdvlpcYGr6emmNm4Ykb1qy3PZ6dIQyhSlNyeC0DzsEwRwoHWdz44i+h3DdDdAsVBFXKP6AubCfi9jsjr6lCMLARsfcxLeUGCKeuMWnqTQb59kloN0r72op10THKXtl/jAqoLSD4DGjMIgdLy2lfbIOWC6hDXYjG7iHv4AbT1vRhKDo2YB7JYYCK4to1tQxs+h87ZYi5I1p7lGxKmCRzcoTg8wL4JXwzhada3cKtW1heCgXtURXTPTF+hsQUbSGVQtFNGEhhGugEVLP4ygDuOwmi/ay2QxDFOCyMrdnpgix2JT/p2QUVVWAdFn2VuV18utiEHQ30xLTbaxFJSfHr8bmXXZYHHZ9FKqD1Y0Tpy1V8RECDDS0G71YuBseo1Vy8Z9NYEWF0PMZJuqSVrhzEah6qMyvKyVJvIopcv3JseHv9li4UZY+xld3vYECSgVpgYc8sZeAGzgDxCLk4j0Mc+DpJTvTRgcG5sDgNn7Zg6AbFsAzFxeVoRDUlffaKJ7yY8L/ieiLpKUCN9KrSvMkWYkZb4R+SZOALEOVeRtmh8PqMlOnPRLXgRnV4GnXSAV/Zy6x2igl/F7kHE52sNrvYNL5zDLNPJXscaxMl8IHpddsT4GWvAVQbOL+2FL3ywLoPokb2VZea1qybPKYKZVgqvSq2olO85BZHnsG7i1CV7DRA5FQ2wmzb8QKcdo9sdGr41ztOw6FZ0xYxWajvvBGXBUfGdMY9NI+YZXuVuBUJ5JgUSMVDWW6cFSsuGZyS2Ly8vqBUF0kZtwi1ggKF3TJG7t/KX5oz2RhRiHgC2++S9bja0k6bNnIzmfhJWi8pwPVfXXhOqsyOF9VmD2TsQpb2/neaHtHiaaZitEhs2JNRO1G/HjowtNi9Yj/HezAqm6hVnKKyn2NHQTqLHRlf5IcDB36KjfpjlbFM95SttuIj1tc9SuCBzft6zeu5pX00vOke9izGpNEtw6qCr2B+PywyfL069jIpet8gZ45IqRTL810L9DXFX/QHVMMn6X6srmqBsKGz3/Wza1Z2UsxduyHqClFMPL4T5OaxGMKD19fx91ycyn8R89zWiVSY/vtHMY/JGWca2ORnaV6bpZN5MEKobjinw2Ldk+Ok9yWWggcWc35LJHd5s2JxHkqXKWTm7vwktJxUI+/SvKkeaG07t41kdO1BvzC3CBZPR3gp2qzCI99IUGZIfd/ihRSGEdmI9IPw8vkhB/h/xWhjN24Wc64OPFoRLaZTuM41HCtgA2wYtD3YrhmJ+ooy7AJQjvxmq99h8NhH3HuBmZyyJzG0JDsys/e+r8ed+cDG7tG45a21lfWtm0E4vvVl1VH4SFwWFR3wO8t0hZ2KaeDTYkiS5edRBLvsH1Qo9DnE+J8vC9Ntb/IwoLm1MSlaELsWefi6MQl0Z21H9WDlTe7erU7YYxjMAsH6D3ASdB5bFC8J71Ak8+y7Q32wvouHb1PrJTPxge8pJt68WMQsswZRzH/QhYlViDfdfEi4LXBTfIciKc+tkva1ykaJW1n1yl7TTtae2Mwp7EaFc7A6rSL7hrih0hslN//Y9FF/e5JSuUuMfJi7dwQSKk6IZUEByiAnaNz7CuLfMmY/Iu2wlE2OANQa2tKHgPjIFjzaEYB54+Usa736Q/HpXvwDkfQcHJD9oXPkzSRNHsqfjvJceMNJz0UnrfBF/5F0YNLQjJxZT4wWtfOg+BY2btdPJWJ+uq1dlCF2vdvSxnGe0zGiEbjI2L0LUKY7+KyzMnjnp7aHxs8D0Kid2dDcOtNQuo9PjOwLQUfKhC+hkd6xhs2Oflfh7YXa4QuMliekNGfMWodvGtjpbphhX2ThKE113yQNtflbCKDYrelNI++S26roM8C0+w25XVzBLkE02Eym8/JeOKukaqm+NiHReIxNnBuKDKFlZMJSFXOvuuWsMCV5W7k3LkhrbKmeJFaTZ0l2brif6X/lSEPouhuOnUD+WqkGJPA2dkyvfdrYwoCLzvayYTH4ePLvrXvy1HpJdgVicdcNZqfyy8Y7u2hY2N5cJi/mCZiB66HqFedi9UxNNsP4D2sztuxT22R4RfL4K4qrBCjNgxW6Yzd1ix/LA+9jFPw1ZnqR1C1edavY2i3OPx96RfF9HtldUJ07KjUNSWDw5s9tztm7agHW4SlaZ8NEev4/GLqv0Lpbbd09C7NOuLc7C8aDj0+ja12rNDfzmrOdsHz8vnaEAosbof557UcTvxbJxg51At8BLg2p/KA9i5n2XFd+XUSIkOQg+ZvY0OnNMdHVes9i0xT7L79gI0nekGl4tXk6YKh4Om4alcTbtucvuZwDjm3Ymshh8JFNXSKHP74LjzYeKzv6zoysDtmlZKbjI6V3s8ulQYEApxeB8OiTT8kdgr9oCDXwjBiQ3mYOt1S5H0ZFaVZrFQJ6uLNcd9hzykm4wGxPpWRoSRaqkyiexd1GmzaeR5pMuxPhNDA1LKQKLr0+h+5EQBDwN82XYdzf7gXvjTHjOQ8DJcrc2Mm+XQHOWDQeNwUOXnbTgeKBhr1jo+NCNd1b3SUUKohwszYGULkb1RMls5pbi4l7ESQluQaE+OUC8i8bVCJ3AH0lW2wDQEQ5kubFq10VLFXqcDpiaTacXbTVhik36HsAxF06nbokjmfgNplJSflwAFqgi3CMH4tvZVHMsiL3FxPevYJbtKND2mOGLX3va1RI2HOjYhj+E5xl5oGjiHGn+tvcvrTq/ydKM+CDHCGmjueQ81nCsNXip5ScGFEK4/bJFj5+QvR0xs30ZGfF4WYbKPEd0GzDyrGweMtvPIz3tveTgYFVBDETul8pLLZLn9zFNJ5j0hd4I5782JTUKdQCv4EtP6tumA3c9kKoPwpPG3PHzTRzyEzqSgF0FEEzw9Gwt197azCGOSmkzcuNK/1svBTvNxr0V992vZrcUOQIg3z6bcDc599W9sPAldZyyjjO2sLtK9CB3k8re95P4uKSVu5zi34zyN1BQcoVPFwmy7Gju6P2bvggt7yskv92N8uh972JliGW59/ABskeazY1kryevKpS4Aq9KJcRXN+7Bre09n8/TATJ17s2HwH9Guonq+XAvCvDqJIgLt3a1H8kpRQDfcOrNpds82AsYYvc4bpyYbjGvYmX6DTR85+y2sl6sS5fWZB0TUc4EvtuFnmcZlr22Wu5wdke5XHYJFfpnT1MPtEh2ERb+U44MVgsmcTjjptYmc6tgnvSFnee3CtYOp3mc4R/Gq31Wx6mbIg3ulua77zpML+zpubfhZfBBPgngZU2ckjr88XCrtOWRps1bJpm03GseB4TvjiyprZzoi+Kv4CLFXOjkK1NMIXUT2GHb4V4TxQ4SJVv78bLu5/L6qFDLV5CP5YqXZ1FNd9+cQH0NVGKMn7BJkD7eA/1uZHbIH5iMawfD99vkJ4wAAIABJREFUKBFIGpfswwBdojGMwxFF2iqeIV7AcIqA2XtFL3eOPFlCdUBKyUGSgq8X2Nz74zxcu1AI3ycoc6Xe7uMOFZ234brZRJf54JTApolSpoLrVMBQS7muCFQizNsI6eA2wdoJfrbD/2PKByLX8IEtoQqNVhKmWLPe0W+I0VzLEbib58T7MEytamPDHnuvdBcFCnSDR9W3tjRu23vflj+pr8ZM23vW8ihsQ4BkJYIo8gvlI7ImtzA3k4lwMVDpX3TUcIFmufy556V/x1LSTZ4VuwCrY0OMIcLJczLWB9mcbkX8YDlamVZ38xLHw6WzPgdb+mfbzLqZ0rhJLpPfz0PAMh29YbXkrSz6Nf05Lo43NTFRtXHicOOg7DZvUsgfHmwnRm1287l5Xq8HHJG/a3mZnYma0Vn847OXAc088TF3UMzE+JgcALFPczx+r6vwiv4zRxA+nIcU5ZxFOgRI/3JEYER+vBmtHB41tRacHh+MNWk9SgsdXWuv0hiLixHvGyivl42paXt9c1R5WUxZgkDNSPDOn2sZq0ZNohngTGMbw6Y9e258LKXdxvLgIcdVe7LYkip83uxLYFBHhj0gqry40QCQ+/9SVLfltJg6G/D6kI7vmfidD6AX5xrZmhg96TKZhBUhu1Ykg8U2G/4uvoLgqnDr1gA02M8w6NpX1JafUJvYHhDdSkq0mTposW6nTLxkLxWK5PhrVvxJIlOjHssQIF8jJXJ3fMYgy0RXlACDbXfsbwyyveU1sfwqlplPpNslPaI8T/xV8NhcPg398N9B1ncPJG6OBe0MkBjn+tGo0wNB6Sq4Ls06aJhvDXZHQFV6C0hlVZvd9EYDBoMmxFyUXVNHb9rdeh1elbnqm9uJAuiGr/v+WSKIoIXzu5fceTD9fHGdnGRskDp7mhPasMSXaPKUVGH5znFe2QUULN1uTrypyEBkfxbUdFQoQtKIa7n+FLT3zeRVbneryomucIrDE/kSX1Xnvf01UMdhBgf0inNhJb50PxOGdU2kSnOz9fQ5NEf75+rsXEZulG29D/PBwekdZLbsNwr6WlMNFLL5lMTOOSVPmy42+3bFIgzv5CbcoBjYN3fdbLtcUZHgD7IrI80WpEKedDgMSM8ca2i7b4fT9pWGsG4I2czvHNegk6bFh1nR3IrWFHPTpe0DnzTM4YgHlvJMMJ9cnGActOWn0PnJzgIdWqgb1WP6bjwLJ9XP8sHvKo/HIN2vIVahDuqwNz30vNQSCCZ2+Q5gQoMOHLiDVwQDbQLzlvIGcUVoEB1v1vjjrYPU4auN5zwD1hakKsR9W48cb/1T3HhqR6Pv2geGtpCDwB2qRpH6Ie3hMl7oS5DJxafYlfqwP3QIydeZwRd75n0Tz3FenEpUqPIlJL/ep2tbVGwjkZrbUXVgNx40KLd+SzbLdkEcr4Mr27N5yrmx32Ac/wOVqsB+YriVIh5nyPQ7WDiM7JVqhMKOInk2vWYe/Ik7G+QtM+vJZ8ToQwwKcOfb9Te8GaA6ff3ETk6jbzoHxm4F0o5N0xmX3boIZH86Oud9BbezImGR9rJ47yKeprrWtHV9O1i37+DXe6eOkDIXANVtU9BUWRm0AiizVNbEaWONLj8s0LEpOHFql36jgUIrzLIUquaFoxQ2jfnBkV0hAt/Ch8pNLP6Hyi4Xum54LprxV3wRXEPJh43X8Do4n86IwfR4cbeBpRS1YLOvKEEp0us1HbJdQzLgNHw3yqFSMZ/8C3bxcU8OrUHGjhymnI/+NJ7I/GCRkyDrjpZPPkrcSb09mdhSfi0udM5LKk1+f5NYYPwSMJuLBaLBefRB5MbCeIU7gRdFmQiSjQMduCdt0FavM/InJe6ws3CHRs9jUIAQQ02hTZCWRcl7pGV7XmPGT1/NLiAzuSkmds/2M0XADITmam6brwH8JRCPGQ1Nk4lmPPoAAHHPfwJ5eHri3x9bFYrwEsF23IUwdgDRO7GsPmj+tAHbGR9wOqtj7+SF7BbUUtCJ2Q1BmHVue0eEDt9zLZKdBvNW1yO+Uk3r59qijLJ5R0abZvZu0YWq2OyQnzASOPPBJltzQ0cUGtkih8vjstpb8Add9WXQIJ2ZIEgAxysjQG+rOm6s3miNZBn9pm0Je+hFpWNhFVPFjFZeUzYFFginnFM7kvbEZtgZtjKn53YmkzWhMLIIH43o89Sh/k2HSkrn68wVTyGdrJ2WbbESdOkFmlWETFCzoi7k3EQWRv0VnV5pLTR2A/OAPJzFPcFnnFyTY3Dwj1cYl+5SfTwao23u77nV38r+M725RN3Mi4LlQbEM770rARbjW5SGoaKUxOWHaa4KM7YUm8gVPTL0CaTdyra9dsugZcN62vcwgykDVqFwBvHfKJTLMg5Oa5NaMuwzSHINfplIU0YYyCsDAhQSYdvPepko8UceCrQ0WbuHc7DauI2dvUqgXYWy1kUh+HwxEcHOjDnoTZQEButMXM0IedEGWRNtxWdzlNOrsTFMINJzDiYzXEWHBE5YymA2rLJcVjHDJEklWqJjOX59RGYnAoYSHhvPc6gD3MLv0yp6lqzaIW4yGPJGUBIyLZn5ls0keto1CNva7K8LYYISuZQ3KwNfPBDCyr4t2k2jJBZ7dhzYZOvzUyekv9+juR8VKItDp4qIVXi9xLVnURNahDZ6FVg8sRCO2XwItoeJDTvG8lzQzOvN1f1hG5AlZPjgaPltU27rFFej+dplWAi1MyaG140EJkbse2wrjRBGcjDJ6MyrhUfuNRgLfiJ7rOevn1KCcDCgZr5eOyfc+lo1NuyNc0mTD1AKbk4VD3XCtaUop1mNoyXM7Ahre0GhMUWRHNQEyPkuS8BssqvIYivgu22lOG1n3zJUcCwPPyXmE35KFVqLbjIGd7wS3wwL9e5l+RLl2yspASarHjQHKvihKmaIGmLtPNtHfpDCCiUvDU+C/BMuDCgOk8YtZ6yaJ+VXwIlRjxK2Y6l8Q5e3YvMe1oJfkyufD0FqurPcDMagCsQIbiZHR0fF2nKkdCZBy+8IrRSeQdLLWDpnHHsJiguLxXXfOKtbesG1o4qGsX1mXJChuTPo7nqKc4hg7z8CqzbKsXAF4DM4sSwwNosgfjMBXU6Fq21GWm3vjNeJNCa7ldUTqWBoGkn91EKWASXL4wca+lORUxd5GqD8ePFXRxP5RNV5Kdi4OLxzHQtNFV36DAV5pxfmtQPs5KHNpPGrxO99XvH50Z/X1+/fvj09fDEDHjtRzNfXh6fH11f+N4TpcltC+hb2AqO1HBnoFruIsyNsT7tXmEV6d8LH7UyCo+2Q/1Fh1H2m8c5w6TeThBQipMFpllKxnit3Q5khLd/bILFGUNT5eIFXqTjVVaQTLMMNxJoadyosZAN9wJykBVDfSKmQp/fSxmNLtea0USXCuYfW4FA5LjdPVQcnmSFoQKghUBa7whyVLqMf76wNoCtHZ9SFqbd/Umsl0jHNZaD/HA5SWOwEu1Z/VgMFJHAD1v/a4CldNw8RuThHeM6Fzuq2M8gZ2VHX8sICqY4its7TC908j+W0KtqOlPZ4HOYXqllqyrGmPmu4P85nkTiIFnpNGrOf3QKkOxq01f4KYb/kTw56E2SAlua0u/qZEcCSkFMxupJQ9L1sO2/Qqs/XKbIRYXwRHRbDsdOggXrGrYhLTvMCiXSVgIH0ZufCQuHQZqH9ibmpdEPF3LnFN8a4mBJKP4doIxK0UGImoWrhhBQwMFxkq7E/txLY3gZXLDRiE+rdNqELazoOrWd0LJtCdnosmRYgexJGK8lMMLswYiHZW4mgNfish6abTr22O6lEophoTy65QB/dFRJcowZJY+Dpo4KyEBZIm716LEUkAr1vQVq/yB+V4GcTnh/wfm/zPmHwMTgutbUUV0di0ayWFtLBk6jmtFTyY3Sb492cVS9PBmPJ6uhtnvYpbc2GljG6qQAEFG+6DaPF8tU6D72QZ9WxMFpmMLtD6HI4gz4bcTHnJhZALARZqzZn1DInrlVDXULYmmBFMJTsRhGNN8TxSE3LyAa5bAy9aBVLWwqSia4w0kNijeOBC+GAcZC2m6Y5L2SeKRDfxiyTm4oIAOSEpSU1lPaFltTBDHuBFXaJszvfA980UDrKBl/P1nHRG7suksdZlIXGrEas4NBLoBITSBAPlxsy2V4cMvDOhVlSkGOoyVa6AyLOBcNgNuw6Z3UQq8O4qBLKTVycr5LP1xHAdyae+Ri+3fPvsJgiqJ5fX759//zDF6YDf5P/tZf9ge0MgEpzzkr5IzfxRbn210m3AVG9YJqtnXUVOzQqpBXy7JMS4Bpl0ySGsB2hvKTbyNe+35yU3R2uvtYCfX8H6IqznCNLyYvFDpheJoQsYqhaHQqIxqVxAJVCsDWQ8shBoKo9d10e5W/31NrKlf3O2aWCwZmNFrK8cNKzPM7k9XdgdkqZlf5SMC//DJC/vOslFAkYwgXh7bOxqaav3XzjpfBiY6eNMdigleM+zeu1x+pI494nHU0WuyXYfDEGPbbGpH0lk9IZGE3Unw3DK7zeGH3QKsGRA9+Sk9nbw+Pjy/cX/x/05ye8Hx6fXn56htv90/2nFwctQGm5GVav05EHCbgO+0/tSwidlTRK9SxK9ogyxr/wYMuQ/fDQNwAIkSRTi7lo7z9q3l00LLW52DzDmAAWDNKpCgochXQ7TfxbIjxcFMa/QFp6WZDlGC+4hWFG9HSKSKqQuHnQa5tQICO95ellwsQOvlnnYIQyXSolX7PQ7nQ8uKeZC0bzVWgyS7gphz06OVwBQ8geOTnc6iGhcgBDvouktx1DuB56DrbZ1dIA0jhetZMeq0M7f4K16p9ySK5T8rzz2MlrPEOMwepp0PqgtJxqZOBO9NmPKI4SxVzKGenIjAsUSed27gbnZwHHBWJJB28GDrIwbpJZGWnq7LZSBTX9xKncNdmNPxSjiQTBBb4VVGHRjWZ1dzcv8X0hdYm50tWge49GEF5FAt1qCoVpceso2FarNSYLliL/egFG8ZKVwV3QzheKsEUUW340XPEQ+cJMz6Qc2SRmV3H0TUHHkVBFS7BNCCfFFuYxz0wcARINjba4wuOqBz89nIgpy4shFGAmiKdlkVbbGI1VFqhkMG6Y54PEJlsXSY5nhFrjAjzJaWmNNHHHQQ2nFLQOiFQ8w1FKLUsu+vawvSKpPT+ieJJFQ7eqgGe1vuKtwqs8iiXBUX20NChsIdhVlD41Q8eMwM6EGm2Bc01iE046l/dmCi6Zo9CfgObE8pea5pXj9QBO6kpVHGRhwcXT/zk6AyPVrHSKja9HRRajaaINpOOVvR9ftqB8flWuQh/GJ7dlLDhaVpYVsKvBu4X8dNV4iU9AVKNFjgwT2jV75YFyzMnnY9wbScKNwafld5Y5QI5uO32j3Dixw8zCz+Eqr9N4hFTIz/RO3UtGDMNZP2tVx5i2E6pV4Jk8UvhMJHHapKZEJFUwU714O+LeJgPkkjWEw66nFDvfxPO5ttIdNNNpX8nHDReN4AipInIAZsgIBHZz5nQ0pGBhCV/uU2qnsutKPhIpRGY2b4WX38EnFae9QQlzAW4OxSFD05WCsZuZUTA1xTDY/C/uJJWIWyDu67Hlzkpi9/cPdw/PX1+5Y73//Pj2/dPTD9GSKbeXJ4ZwNkm6obdZfKsQbUO40bmmDTZT64a1GHzXmWke4Sq0FmyeXjbMsj+EQ1fNlS8qetDwzFHqkDfoOkZmMybIjDXUFj+RTrfzQZRxwxOd4T0oZlsKBlSkr/k3+smUG2JfITZ2d7wAWB1O5RZEW/Oc8vh2cGJ0xx65WwmNeJkxJxmxEtzekgo2Sq3t4B9s3MpIZog803S2XPlFZLNLU3IrEBY2uk6cKBYoHZ62jeB1MdlFbrUTSMlBMfblWluNFsK450jj56HngN33Z9+8eGR+fvKVAIP8+uoNz/3d87dv9w8PzF0//wXgsjthqUYcfJFQGPpFhfNYn7xk0AlW/Y5p5YlmbqreMz2kd+AkxdiRKnAFGIjhC+3ly5XErvXWtKYenn2K+WnFU3nNOhljuVlNQ8Qk7l1R9NRXANpXcVu4MjypU+Iz4bCaT6RDE4ItyPZwsVQTq7kY56m4krKTQUXVSOSlr49m16bffOET+hnrI0Wt/QpxnERa9d65jFhigbLQKzp0bdAX6wop5kIbWY94XmZaau6mb24hjU1l88wKWibBiaoVXvNmAoTAQQ62i4VezHaH3vwulplhvsh5WtVxrp4idsEyuFibDwQotOrxiJolsxG5cbNzWkLZnM3C0B9jxelOcC2B80NdrS3FZuexNK8UFfSttSGE0e76moNEUylGbQnD2T5hjpezRzmg33vTG42csy4v0xdWcdYDUmQRIjeLy6B6TRUzax/CpcBQPNEKRrPvK4TqHCqEFyC+b4vyqIyWU27w9BVhdr8ryKoATq8JGq+FbV88W0K3cTRfMAxtJzyKMxP0mp6uhzWTa3XMAHH5HK+EGR7YDgiWuHFW9AwFUYLMZArN4oSEpQDpaXKQqZufEFFeb3w1x0DjMA41+Sg/s+2QDxopOLodAiFkr0eBIhXi6WpsYIG0kR5thFuKJXFBHpQkjtaoqL+2hJgPCGkfdTyhvWQXhdP8Sstlxph8pVoRUi9qwWZwcnWWG7ooGvk9EFsWpvCazMyjFiV2OR+vc41L24eUkF+ZNzqWxwvNudrQkM2D7pLHhoeKXZL0a3gaoDhpFDcPpYrHpsA4dhFLo33G7s6d8XHxbkdzA9sqTub2IVcVFYhgZQ5Sff7PEUILgByNFNPzOZVbW60MsXhw+Bs3sGk2Exbe3N1iEpT9yi2+Rme/IQjpRFSyzQZ2XZbhZbXOZutoDWJ128tCUmoz79RUoMjid9Gah7JZH3993bQdkhbnjKMhjBb7EURkeott34nLf8J9cSY8PNw/vlIlP1XBXHl8eP7dt7tHHv+yTDtzPoSjV9iktizIAiXvVM7IaGvsUGa5leQ1fLrDqqp1g+Y1ENcVhZdevH7Vlt2K0ytavDwpOBhQNTnLtfiyMvz8CN9ShcStQq8d9XwsnQ6rS8xpw0xxr64IUyCDHdM1jU8Iq8nOoTPfuzc/AnQqoMMKo0qu7DUEszkTkmtzlcCo51baKhDmJF8kBDErEDj+kZ5CVcnSNoDbjUPnE3pKtAd1uLm0EksYfmDFww8s4mgIs6f43kafAVJCIl6T0Yp+jIW44h0yRlfo44L8olPExDfPzkid3DoQAu398/evj1+eeIH6/fkZBO+lH+TPFEU4BiNvFeWNDILYSNlTHbaAxhopYp8oYWCt3WZ9/gJqEnb6XvUOVtHEJA50N2VKFFsPDjF3AA6ysYj/CIHmbwg9nJAWQl1sZSafoG944BjJBMRhOwjJiqxsBgbV6hplTK29WiPo2qDVg61JKAt30zF7n5odKSpFpqbBcASzMgI0+BcPrTB13cpJMnkaaGEsA83rNKbdLFoKyrsImLKv+tEalU6IxRexpU05YeSKupdhUdJZBv20pxPzyOZgHKGPwvBtOxrzQxFXpUA8FZo1Jc6idEoVvAHNn5ieXUUjiFQOvKqTk/WvN5U1Gdf6ulve0hexoI0R5PAV1+sfm6lofPJVjtCKnVqKC5kTSKgNgs5TSVwEVUeqIi07GkurXE4cfWWl1SZtEd0ZTuqqMgDbjqwqiEb53fPOHGEji4wtKjuyNw0N+V6KetJV7M+ZTRlIU0MtcNqx1pGKYB7lMqOtGDrufAx7pSpISJoSTMCFaL9wVQRUfFiLiorpPCCH0yaA79AiZ6x48obr4GaH2NLPuFDLljCownQBMoSKTkcKKgE3K4oMDBfZBa8T1NyHeuwHNuR4eLGNqKideCICJ2XwG7MYKOjittf+GGNICBxJYLE0sc6646kaFK8gWHlPSQwHwRkxmx0xp9uGgcDs7bJjPlkgDWVIAxTAx7MZrSEKp9MB2rlYnDPDdpk1VU8ivIGSIfvlYb8YQslTm1UFcTLnvJjxIyhbhgDtK+5CmrpxaAhv33zz7tQtrLIwh6WZNmwyoSulAiaawvEubKZDiLgsVwE+xSv0nFZNS4ZWKT98Cy0QLUeKHrtpEXjLJVi8N/wa5padvE6vzEaYD+w27NtpuPzje7tg69v79zgtaMwGQUGqOo55s8MmoRKRdr6akSNeDuiXRoYgmRL2YUqCYlJpIY8LGl2rsJZxxQI/OoIR4NCrazmGGfheySuQ/Ga4q+LKAm4q94BocxR0gqHEMlm4hbTmFxOnhTxMA3e9YNOUcl546zZc94SQnEYCbgw8HQo6JM2cUG2h7lrx9PjG/dX375++v/ArlvePDPbd99995yPW3GPxW5eSOqfQ0AA6RaIRmsCnQfhoyT1eNVJ+2Fn3+CDD80KhoxzeSCxpmqPlpD+nitkHjn7mUWIHFhlCwArj3KsoWj00VlKNHFfDshkuvuS5MXKSFPGdFwaCaSovDKiLQ0d3FFEPL1B3QTxaoEvjSaSRU3bqgS49q7EIxR2aogtRCQgu10cIdOvihQdvfU3No54ll8w/husmhv7m4jo0WA9Fkm8pSpXigDYHpVocdFnUnsx666BwFamZ5AyFuIK4O7bS1fFgHoV2epsAM9Oc/QUGin7/+PL6zKtSxurl5fXh0UejGuXgemJ+67Pv3D1VwOygC+tsaHYZRe9dGui5KWDi2DD1HOnlLzzbRkHl9NilIX4sDMKXedH03RmbIgScdTnKQ9Llagxh/ElLQ0Q+h6dMuKUT7gxzVaGpAFhunMZIicKxMVLOhmhbN4OMJhTlvRUeBXEgle/HazktGLmf+Zbi2hrN1DfDSJPC0EqEYCpcFUVifFW5lEamst1yNsZQrYpuuh8kDg2ZIynCoRQhBb501P2AODeOJ62DigEg61r2IpyDoySOC2iOFhRQDzVDFwG1Go6HI4edmI4QGPG8ccl6BG7sGkqIBHKR2xHzprksBfZGBr8pW1bO3GSwThHQVzhoN9HLYSGEOEUNQlOX+lzO3gJg40qgtZXznMUoAnOnq+oS08A2T3209GgzI0IoPev7tILOCuWxZjTkZay22rluBtxgM6A2HhEO/hBYp2mk9kAdyCHiUsPIk0iN5qFycyqpK2pejsYYYSvfE/UAd+vKQEiKVIDN2ypcKS0oAs8vn01sABhabXQUK3QTbG6hQ8AmDiJsmBf2hS1/tWz6dtQyGA5aNY2aI8yhnXFpsgNwnoudTLchHyAF8dJvQXmD1rV1M69PBalSV106CaFz5mgEbzvs2EaWY25VFyquITNUTIeqcygPQUWvQ4ntGlCunRoUJ51cE6aIseOwpJBd69lJRh8R+qJjgeVxxGJV9mVz7OTRV+cumDGzzIoHeIMowqSVm9UKw4/bsJBEtNduiOC6dDmEOgzMaKjPzSnh8nDiYkpnI5P9EikaNpk1hbamrCopgsyOXTCDBMVem8wrusZIHJ76nR4W6koNVpicsyZTx+qGaAKnCLFUk71z96hEo42bMRwavjBS1DA6WNLScSMQhG6zYJZSCtdisC40PcJtJ5pBAjEG0RggI+lgQL7H3WMR4ENgfs6kRCimm3j5nXaaiJaVuYBMTqAXwUzAzalM09uH9bU4yAbD8hgi53JPOA08MEHSydrisu8qws09TyQsHndYL0z/1we2x/uXr9/5JYCHJ38XlNMZcBpuO+IR78mUXnkdg5E7DsLfmseg8Nd4mcCxORECvAkB5zrL3kWPUbC0bKNwqwkI3M76CET7roTNI0qQ8ULsETJoSsXh6HktWC+vHADRVc7RkFCtg5/mZ4ScWRfMlcFxA0DNG38FKJ4Xpign1yxjhwVSstvHKJc92J28hcDA86nBs7i0IiQ6fcnuqsyrQm9KfPmv0B/oehfE4MoIIFNUXqYlg6GY6Jfg5am77QrkEJhu0T0MPMchH/MVUFFBBnH2oeFMNyhsuoVfJcsPncNDKH/7hL/88xnOTQDePecX8ngD4NG/BYTqwRtj0nOCrsxGtSWHjY1rCegZGjJevhtoVdi8QCdNY31mo621jbE1m6Lzu1Iskr6VLvux0BMGq2gdiVvEYBYAE6+UC6aRTTPNWX6LjRQ357NMTNcD3X3ZZujDJmCaLFHncmD0sqZHx7EICUS6qGRXZ6a5DbZBgYtb48Ph4+OLAwGwPGZnHW5t6vnOwFE6kz5Ec/SEbV/dS/uKFEj5zfrA26G5GHjhT3gkvpW9AqSn2eMfLS6PCAiZd3MGX15vsoowwtLD9wwEo4mFIoGv++5rDCfVidbgOHkzZOLFS4UxlrewVmbWPxsog8g2JS69yeAM3yaqP4L7LSq7LXiZ+Koe1eqAcleRhKEEblqnYcn5T9oYwM/3EaFDBBlqL7odeFwcjIqiq2EWzuQagRZbfWMxHqJKNAyuyaK6c+tU6UVusbQ0IgoZVcZ8o6XUUMfXmWJdkeVRujpqtx/Hc1WM9rGcjXmJwGJyYg9XuhAskAPlsz6/RiybzQiMjAKBqWQhN8lYksbFGMl0zB5rvzSmyY1FjJW89bdleKcAU8FFHtzpId5p5Iu5cAxjTDYQLcY6dlHIMJVJpTcjO0XniIknMgK+42RN6az2etNzCU3GmxhbchAPW4tt3jJctmKd4Dq6xY+9fsATS2FavYStKmafB1KsuKItqzw24Dr2UylRa6cb1S4H2m1VsmGOTVVwN+54Uw1LMEIe2IwLDLshTzo7AHNqmVjHiCeo7k5bvavg0Ngj0gaPbHRQ6OKdnONUKhDpjgBmu1SVmKtJl0zVRrnxpsXmqegRRdcc4e25I66ANa4IqYBKeKpgAMLMWNhTlBMrZgNRIvQw2WdyoplYrqGfNUIClocKGnXOxKO9gVgxwDz3chW4KiA7kLQ8Q3D2HMDzAFjhCmfSRmjxNOStVMW0KzVjmihEZ2S71gpL80pg0itZAJqnSv0JCqQeqZbVw6imJRT4qHstMqM8jYrW5Zf/AAAgAElEQVRzwwJfb94QvD24ckrKDFua6k5UlYyqrAqzNwk9A+zuT+P0mBnChFBHNM5KuUr6t6w477j15xz78sgvWb688Cj84fHHX/H56jfeFjDXJiDgfJer4AIDIvChY9+yqulyIcVkHfc6hz4yF5MzAsM6M4lEABTDb+olBDP53r/2QikWFKXlPfAgBukvfTkh9Dx5FgWBEUXlyGGLTOcw/RvJJmQpxmKmOpa196CVwnALYxAhsfSXpeV8NuNI9Y4XALS3XmoXu+NUVwetj86EL5jDzBeqWwBupnjApQjH1WD2fc1Q8DPBm4Witw7k8darI9yzdVZ0OcZLDHfV8IyzYgz9VBjfjQ3XWNpOKfKKSPcfNwCFktGDg8X0oD4VnkvSghZQDfY5mJrqBJxF+P6r/+aff/31754+3z89PPTg/+n15TvvAxSRwfSi74mjPwe3rrvOd6Ao3impMbQYbRpF8siPByz1vXwutLihZCS0aXcxn+6yHIw9imZ5NNaHvUlChMQSFisxuzNqups44C5MWFq6LPNXzyauJjZIyGtYo6bYDdXx8nNO7+CYLpRgwXhVB2cEi7zeCoaZEeiQjUUsoq4Ov1qTsbu9xvIvZJVWHv0M2hmLmB/u1Aoyyw9mWmkm5vB1jEPdVAzwdJnp8b4VBNFloS/GLQTO2Jt1SAJYgFuKJ66QVrMsUgJjza7NQbWXzSW3k9jJLLAwsdvu3X0wGSBMq4iGnu8bHekp77upfeKuQMOMRtN82eRCsm0SrRyDUTYvwY3Q7EdKI4lafdgr4jB7rXf+KckCclttZjFbHSsFBw2tojt9tKs8LJ2G4KtBQY4pw2REjWTsEYG/dxgRHMUumZztCupSEPwSxYQtDiIsvxB0L5urF88IYVY87W1cKRpI+olRFJPDyeXIDWZzRD1omkRfUpv9TZTQKNoZj+2YfLidq9xjzOm40w8PnPPfRKPdQOJOCyOnyQVbxZIv0iqsOkbyvpiNGw4FyOekELcoujvUMxfU6GXQblqVngzpT/noFn0uZ4y8IEV2Re7mzYQSR/kKAE38sRVUp4WLrr3pdoqXNY6VRN1VYiXI2WKIhWB0J7W1BOnXYeetQ2Okr1/15JAru+mFwJzvUVvPLl9+Z6f0xkYpP9LdVuMgVJeeg8nR290FFoazx45AXpgN6ohah2INcOeLr7GYgBgYzZ3xDHK6a/g7dQEi1X3hs3m31oNtGFcaldDCnyVHTy/O4cXEnVYdd5h+oSoISufEApYGJzUykhrBJYkeomPIUdCQc8+ZsB4rSoISC0MCyjlE5TpG74xn0fAzyg1F6zo0HE5LXzPr6bI3zIw5WgjMyMnCbrRQ6ji6gXjyduXPPu9KIW18+bEoHvsyop9DkU+uS9cuEbQywiFvu1uS4vtr7o6THPg9yU933FndPdy/vN1/416b7fX+7//Df/cP/+Tvvb18D+dC6YXcGZvls+xNTj/32V7HnYaIzCQL2n5f/OAjXl/+Hq+VKCcriyHTwz/yX251bZ+sT7QBl10T6BIvBKEtuGEK62QSWAHpQJAQ1KZJi1xvtloWmD4Ou7q1VuLdA3VAZqrFcWS6Gu3I+z8AJRhcQfXxG0bELU7W7NQLoDoZOAd3JzdkUZgov19gReAPGCloFg1cWKa6CmJa2pVOwOBMW/AC5IdvjF1ycfFDNxI5A2a1NXPZsWzgEy8TIWDA43hM2pweUjWkUQTS2SLejtZK+3Oksp5hSrIxDvZm8cKzybv/1//tn/3lP/tndy/fnj49kxjRn/tVOkbMVwi+/ZULC41XyZITnXgqDnASKRTXRLyfv7hi5KRIrUl07N0kEYbyADdIlmZ5XUHK2im/bBRXv1JFWGZVpCA/3+WzgFjujD5MbniowyqtEbxqH4czEkKh3YDNOSofEhryLdFRET5XRyDmMxvlIOBlFTS7nA90EmV4VnlGqAIO7GZuCKl/2BYNASrnNNlf0c0ChT9Z1V74cQguyANq+/rBukE+9TqENo6qhGgV9RBIsjEGT30V99gZm1k9XZwAUlVA61QckR0UOR9eOel+5IZbbsPU5X37QGckQjdkE37h3s1pnTAHv9hxO4wVZMLw3bxdQq7ZmoekLF8xW6AgeQjI14gZaEFPqDNWU6I/fU3ZtJuHxj/bdIadAO9bwQI+r7iDUH8FityyyFH0TXJavVhdiQXZiI9rMRia41SgRW4UNXJpM5Bw/gitA2aaK8ldoY2p5qS139rly54BPhJMT/NnD4uyLk7ou883VPFO6CC6Ep3EhqnVxUxsKOV1SJTALDSU0lB14pLa3KXt8BZIb5EbEgete82S5iQyQBZGmRkqRLYPTEE0dFalcMy8KtAzvpVUX0eRPE4EwYeknTFw0lB+Ey0J+3JMhh3T1HFz5I+jntMWMwihj4HY6umy0fq4KYVvBcVBDqkV42bKoqen16V2cvEDFrem7nsCpfeHKLQ1uvYrwSUUX+P5nM6sF9oosBBBn2ZWvWEWe/WJpVC+y+SoiStwV+rMRRjQ0NZVFORcztis6gENZs6jj+QIcy6HhXOuLRurcrYF/xCn3KZEetlxrLrMv8F2aMCzVbjbjnNKKtVpNyLEbUiO7eo6FlcQEU68Ne29C/W/sbfZeXwsr8HpuPPdsvlK0QS4Vetu6SSDk63APTFI5WKHg+4+9s4zQ+0d5ve3rwfE3mlnMo4IBkIJ2wAl81Zxoz88DbyTZk+E83lcDHhkwt9afHr99uzf/7m//8ZvArzxK5f3/8P/5f/iD/+dP717eT7+FcFgRjnUPVwxkaXp3D7MwK90mi1VWEC95SEHho7TV8BcnChe39z0TUiz4MiSTFnsjIRmendzjKEnb4Pk8rVFAdAGpddArbEgeXUjHb8IA5HTtXFCQKRF1RJEqnxo+Q7H5gHHUtSicbJ/ttc+AkTnIJ4kg4JlZ8hwLxvGAwFcRTsxgaM5iKg6VywaigXzVjhr69133r46bH2dbhgUhDczgHO6GaGUiK/jKFkKc7BQJNna4afwnTjOKa1KUpay0zgsFApGQm8WPzEENpbGKoG5dfd6Rkb78qqDgSs6Nvefn/7gl7/8KySvb0+PD58fean68uQ7wpr5DoHtlWsfSJmj8G0NUzLDTube+RAfIMhthYQVG4aMQlxpX1u+8p7sfMxMwWUDXnkGWx3MaNUk94UzcjWMDa47f60ILGEYE+SVLvDwb6cNa8ucND7ns5gBd1h1AWSY5ATzqlD9r3TGehXRoLzo5nGMwqQdRcPalpJIJ1exLzENzjMMdcxcfFPSU6HH399UmrQ57GJZt2IENYd8WR13oqKQgkl+oHKzRG41V3LeBIrAiRKTuFyMRDF85oee6U3fPhM/WnTlga3nwpUd3agckT2zco2JykHNQUOcmbxHmpHrkaCXLBsxkGpZozqd93gzNI5gcedAMUhcEJEkwbaoAGbF1EppvdVc75TrYNYTzy33912QGjhanab5h4yocAV7d8FgPFIir5vxJVl6uSQSvOJbbTbDXdTIgLj9PtNUsCliLmHr4HBYDIuI8Nxy3wLqemxvdRp7FKw01NBKDPgUTZfVxvVC/6ucWO4yI6wmGhYXV0hoLpoRhG2dip/DhRCvcqQrbuAt3DYVIdfyDG00UkxbEEwNYJybqhSv7jnGCyieH8GL+gh94mBC2210Dq/IBStfpyCxsHVy5zsnvW8tuZysQ7EIVWw01Nq3cm2Xc8/9iSF0uag4/KJud2MLESJ4MRNDxEHN7/QvRhMekwuzxSoW5VuYdxy6ESl9OVw8MMbKzeXqkLvqHva0stPKns6nAmWg+eF2mTidKBNZn0dw2MiLn/fQhcvSz18u+GVGBU6JTlDJGR665yNuJ2y4pxjHZOXDYcvH8bSsZbbTHeopcEWurLW15DIVzAo6Ru/48dXXdPStbO96vdgGrX59PWxJIW3OR6eNmaVDG+rRdRjIwZxVn42vWvg5/24xPzomnPfEC3PCUboI6tzoNkrWwnUU3BORyxQX5/1pAMDCowBFdaBv0OggA39yGCdagETvcJHtSifxXF0LlrX3AATXCX/1u7cRI1NHSSBDcLcka5p8qgNj/8qPpxBrqs37p7ufHh5/9+3T08Pjlx+eXl5fWtkG020prgbIRVZsxt3xyiP7AqI0mB5Z4afEaW4/oJ1FsxGXCO51c4clP9juZKKhBFl2o9LrGDVidlPE/RlDIIaho2unpAVLchXZkAd0PlruXmZOaNHzva7Bte9nUklFDeAuEAj4R2ABIXK0sodcbuxiZ+gDNIsscd5QZtPoHZCI4Ipi3w5Q5Rkh90rMSOgIJ1ROTz+nJT5bQeLteY9Dp7njTBKYF0xwPM8UvQqlRRpgIdJaYEwLa8wicHTDTggD2dM6bzozjWtSrZitYjgvGUQaz74RwCfS+G11/q6qn5DbHLZEhis9kHy5gaZY7VT0ck8TQ7FdLfNNAECTXMVsaHHrgdp6HZuI9SbRhNeKWrbVCftzehcEv/KWYIJbuQ6mB2VXjLpYm306KV/6w9pf7zDpI/ZEF/xyaaIMMZmxr5mOWUzCvnYCgAZvKypqsS2sLMQuGEqGojQvVzTWqGmhnYUH6EF6s1nidn8WmRAnWAE2YCJc9KBxAAS3XSgO0dUUT3ln1n7+p9+C1zk3i+wH6Qp9wzyzog9BnnNsK7B196XGYhsNQafcuDg3zFa5CqRar3jFRMcWXzMYj05t2/Mp/dFCcsYy4cwv7AOwWoyS9hgVmfYCuPi13TQHPPV7dXGgo1dp4BUWw2s+EWinxSUTCbfZHEIubtrMQ8srr7ymDT1iaI3jdqvIXE8Y1c4npu5O5CzjrcYJkuS62b6iKL0xVajdla6nOTI/7crYesencTsbbHFCIPzkexf6aC0VJo6dk8J8bLI4ee+KE8Q8/1qHUTktBDq1kMx5HRN6JT9xZFp0oa1eUWY2E8WiCerLBleqZLNfTcpPMhfYFkFMCqApSRzey9ByCkbvwlMkWRV4vm/cuV/rY6oGyBY3Exrzw1aLNtor1iAGSRFcicpBiZHwdXRie84d7ws6EbyIMwkIIuReK28kOjPxNV8H2QXHRYzumCTvg5+20lzJO1CCnqvEyNp/F+EzN5Xm0+o44RaP2rMpqJnfynZ1dnzlYkUsS3w9g7i8L4+5YiBI0bTgH/vgJCuX7zQdrI6ZO8f88aBrAyc9JJDOQ42eZ5tY6xKbRuuleVl1JAKIe5aTh1IfZtoxBG5r04QTf5wbNik1UDLDyVAApxO7DBhS+Wipgi1AWnxPYTRPsTlrOaOA9JjtbQ7Tpw0L7IwTkFBXoWwx4zYhOlS1cD/sjkf08oie4W3wI3OLRs9njwb0wN/6uyWzdM2JgM4gvbURxOPBMiW+rKV1sKWWH4lnqMb+Abgp90xDr86ELlX5ed/rptscOZiNcKH5e7889nc8aRGSX+qB/v09vwaM7PPT/fdvL8/N20h1m1jC50zz8v2eityEZ91elM2oY2NSNn11lNnxTKgCoVWZVXtr0PtVvDqRgMMqebd37ExV41/VjoGJ9kUEFKE321ZnVSwhxUBf6cOVgQkUbI5hi9dmPWN9dvByHWlJQWSiJQKO3dz4HQB99m2YKYfXPomUNqMqlzAHBEgiuC9Qf6ITcDLoJmeIhTBVxy97E7btXRk0ecTdjaKzDMFrz8MKepKj3Jk5mWKOt/6OhDBAe+CL31MWw2huW6ZrRktzgEnGvQUkHv+dzUakkMMSHjTcrvNeuvxot4oGkYmkmQXMBf78z+urM5PpC5r3aKtNdgBYAAL74JXRlP5Yi37d4qLBtyRoVhE65iaATYl7QIJ6kEYCr6/Q0PltJh5Ldb/DExm9LMIxoTu7fBFvC3ThGivM0XUm9R4PVg+V+sSCmLR6+wldYTsbD57/voY4MjWwO68gkuvsvHJT5UCg0V3QfCz/B3IO1SoFyIvvTaK2vu9miM7f+qgQDsCBkhK9Nh0WgKMoEcmw3s1syqvoxTkjFILkdDC33Su0hNl3UQNGxpKkvZNldEXEr9yibERPYNENo7Zvz7bL0mzmhCzfCuIwUwYJ6L/1UQgcEbpiUXU98zlzRAN+NEMBxKLITI7eDBmr9+w0O2WSM0F0Pe7GIYiR9TuW+npCeKNhFasD+5sjTdoyEnnTVsZ8RVPMyMEOCIvpmlD0eRg4fxvyqQgRpDdM/bCR8AXr2ch55d13MxGt/gVdAtbDn6TIPcFDpEk+fSRVwM5oKWMjg35D6BiK10cAUUv7TLMGpIzOmKil34ElxTTZRBPh5dgrN1oZxxVEOZoePzCg+JtsGwWHfmNmqoYHUgBhc7U/YSEXVqXx7dHuh46hFNEgFALIWBPfh2WiWGV+tHHCgeuvPjimRdQhRwMLsuliLNdNcaQVS3u2+EqkmmY9fcX0jzEE5cygQawIlg2JVxVr6fIpA+dhrtKDnZPVtXXBit3VtuUWlzMfNJPWc88zLVYoBH0xWZJ2E20Mm5+mwmcWMMJb3mxYlqFthMbVxbNO+tpuj1W3TsPLUBSDQFgpvQvKbqXUrg6kjFmnxOk0DmFApj+qnZXtQ9wlQ2DTDsic3aTpYf8UHuUuWuKk94DyVP/08NKBsNqrhFMjFpSAbhw5EQlAGa97scqgdwb2/M4Sa9rSnPqiYOlaNHPBhIre+bcjhedH/5MZddPXIdRHdiSYbDsl0iUUjLVVwm7BgGok0TVioic5BqLJzmmxuBE21Vmo1EO8IO0rwI+jmail7+zSdIFz0c4tufiByc9zkO4UmfgvSfdmr+aFFFazrggaCe43cirS1ArE+snwkjkddxnRB7h0JXqxK0IBNDmZiaDMSttin6fEMVETssL6rhlmzosYCfl3IArH79sS7YG/vI68+0IY44rXOIZ+nYz4sDSpkqnnOHEz12HVKG4mpjFWYsVoa7r+BdiOtqXDpMB26PldcraE6c+/0Ni85jrcXWFpoPXY3lpYjd5zn8KpwcbJcPqYTOSawwh7GWVo6Pn0hjKdCY6RgfPW52TIOiAPlc30VMoeTZLTvTMvr+0yNXYF0bI5eJsNFNNXI1sBr5BWl1/UcIox/0hIAlR7P5zV/CtnqZlwJLOnShaLb69UxWveo+SrP/sRXuWWF+u4/1kYy4urtcCfoV5Mx3pnbGO4Odp0ns9Z3wxqhSrMKHgu2zK0L/JssTMX0kCIzOmvjBZrGvVUVf35s0DmBgIal5dIhoIL7E7WlgVLoQDC2DLTEzMTFXwD2qZZzA04tlpmjSBth3jPFDOYeAsi+MKUQ8ii4z5fJGuaymzDZFffYpCUKR6Pgo5dle/DIipPtExjfQtxEE8lq9Cy7aUfkcVcATClDRPQrq2xtaPTTVxHyoMqWN0IZ86uqtkxiyuGFjckWmkVTPr+8Zejm77OIc8M35zAJabvlrbI68SIUchX/VCfpjY94NBoG5JD41YOBK41fDXZMDghi6ADBRBRQhh78r24OMbhSJE7f3vic4jjc20inZ5QbEIFZxtXTu8FocvJ+OqcL2zG+su7cxd7IijylNyZq9bpi1cf9ERe/XTS1Sjgu87US7rWAjfp1JlGtprMeP63dA4wkNetDAZW79ykZ7hzCayAw5KHAUTPBlUtmHdu0GEzj5xQdj0r1eAxMPODcMsst8nXxHNL6hCp2hJRfvNy9Q86o8lNGLEKo9jubAugFHWRg+UtizxKBPtr41rETEiASnm7YU9sGE1IFvHUc39vX4Cv/C6UhWRgvJZg71/vGClfGFUujItVXBOTueByNQZBuuy6JqgnDWupVZQQegLECt84pVcdlUIUuIhiCB3EWJt4ZSk5UfI1zwjtkqtc2pvBQ20GRGVvATkUkPYmk8uCO1oj5cXxsNaKSZ3AFE0Kn5OgZnL8cGxMERi0tyUiqoFlco9q+sq2KmQP29kga8SGa/Wrj1Rcl2JgJe1Ufd0zywN7CtDd0kFAf5AxL/FIOP9FNl+TqFDe50BwJIVHrqILIJMEQbdgyG7JWCJ5IWtIGmIdheyoKfkGbUtQoWg1eXR1G8jaDSEQUJHPvmhjg6qbKNqrjlPPEgwH8y4Bu2ibcvG3M18/PzN21Up4vk1NTgfF1sq66hyKdKQQe4kSNXrOHhR5s0bKemmuZSAMxTfaRSqTU7VRiAw1nhELTY8mzJPqjImRRu5g1d+89h8t8d2tjtzK1jFDWvG67a6i4iGPuDu3lXCxRlbs0ze39xQKxK4zUnGP1Aui1NOJcvJq0b/178ry9vnh0zOfseYXgrkBpe+lZANqER1Rb62sHVLmlOfDCW7d/PNF1z0a3ZMRx1qrKvMPF5DK/cOdMdJcHCK5st+m+6mWMqc4PGTCby9wg25mftVykojkjXuX1MCE2KkC2waaLt/CwpkbZ8yos/gL3/QRU+AwFmh7Bw3+pj6dKWVnep6L0vCvALkE8HVD0AytgaqeTV5xwKpgqtGpFuK2gQZX6uDfa131GEwXW6WYScbtHAfA3qwhotinpHBxBjlpF4qDJ4uOu9jSq9jmsGKq1CVMj86bQxGQgK7oGxoAERwq1VN/2PFzkgrawtBffVijHJKCJRWEBqFgxFLtvwR+fHTUnYSS48xjGdHn8MG8p0H6d8mwJBaI2ZpZ8UYF02syaaRHoOxo2wW5JUH12SxlcJXDU0DsKSWrn6kdGzoJwlIzY+evTrKpPNvhpv9kYeqsLeSRMvNFoOO5S3sXU4G0PnUw1aXQSeS7JcbybF+tnH8Zm+7F3lEENqCSNnRMKHb+ZiU9jSZYMQ0djL4ockp07G3PUe98ZW4u9BWcMqcuLEF62Flp2WWqoR59N+pH0jP4VcRUT4h8ff1kWsNAQwkrYixNMMycmox5WSyTO0Mdz4ag5JEG6oxaG9SlQgDK7FbgxkvCGsJ4aaRfU4h1L9L0TE2mIEV3FJWc5LVN2P8uEVtLhtWpcf07E2x34QjxfZr1AqWYjsFBGnKYEpNA1Eov9uzc3JsGx/kcptXYcYzlZYnpbAUdwkpipyxddPkHVy7VCFahHYzgBMUQG78EOak69bvqWhNMukjabEQ5Wn99c/LIhm0XNFDPIEnB06ujULk76oLS95zZsuhF4+CAzODop0C2fHWxkXBoeVteg7rRgk4nkl0NO01DSD2+WLtKD9iAcZm3Cfl/UMzLF36iV5WykQIlcSFMKElntKulTPpKJOXTsEqBGzCyejf5nR3RVKGK7eRBgeCgHokBzE3Sw/KtN/BiRZlkdKowuhZPKKx1yi0NVi5NOVcC/ByBFgNQaFpnvaNrAfgWa17ufTvAI7Bn/Mwjj0ZTY7/y4wJ6rW6IdLSw04XtDufsbXeOLa5lVe5mHW8z7kwI8aqBRj1W1DIiqLqHMpBjI1eLZ2h6lP6ElJ9SL2qIBkBBzERXBwkDLw1yCMtJ0UkuCqg6dl46+8odT51GDpHyJMamzUFOTIQMRVWWOzsjsUcibwYkuvYmQ+gYQdCzGjEo2HSKY6EvuzmhEq0xJQieeHEGmJnQFs7rNBIAJaFcbFObXETUoPBtRHXsK5K2dTFRp3rvy5zaNUYg6G++UsXdOKi89VCDUE8rwrEJVV9aVje+vTeg2OjuDgPpiYqRf06R1okjIfLfyEkUQRPSYw5gMQcqkdVhXJeh5WkBDMKYCtxx87auiXnuKTYhpd5qamCsJAjOOeCvAFB2/iswHwfibotXIf76ss6rqoT8MbEyi4kdZEIaK17KfDmK2K9ZI+JrfRHxVqUMe5viWQK52aQ/ZSOA2uxlv3GiRy6yE8YxEUUPIfh59dcAmkmrmnBDxpDiONYKvEMKYQwuVvpek4cq6XkiRVQzcP06ihVbBscQk0dnDBItpYuTs8U69mW7fomb/34QOrxStIxOESfCeh5HXWf9/Yv5POgnE2zRUfzzpXYvmZponYSCm73D65cU/XA5UMx4b6mNZ9gqIsKNMD5dHuArdOVmfWZqmmU1tbQ09KmEC5ctUrcqT0xbQbenMk0a41vT4nuHjxV5VTdelbIWyt2XbVKM5sBFpmjmVRDToGKdXsABmTUe1ucW3Ek7Xh2o0zZ5x7FuYMCJcVkMxeC13C3DS1CQCkVQj0WSSPlZ47SAYtqApNBPLKd8TeI6j7ycm5Mq0OLbWU7BB+U8TZW2AcXV18wnaPM1HiAjBekGpKcZI+HAoG5YfaVqykEYgO8YF7KRgdwmQAp3GpsCu1o2UqJggCClxjTpMr7qTmyGx9YZxszaaQjhCTwviikIzkaRlM2ca6aYCvF1okcPLLSdEIDy9pnAYqgViblkDMNpirGa8nIMOB8RpGwIbPWbVQlp82XTEtPWbxp92pYu4iWlDdsiGJCOPjsOB7VPYdoExmj1qAXj8kAEyvIZCCiZZs6uLA6Ol1ttFSLiW8I0+TJ/vzA4VobGOrXCLDQodpYfAmcYujysnmDbBmgXrgw22TBASC8T2kK1bSWp5lgj9imZB71lsUguXEPEQdWwbc8g3mUkikaMbUkubJbVroK5c3ELtEhEIJ4Vy1SOzIamLKJolAJ+LRkuVMb2UnWbr4MzrmDqRaMAtlbzFBoYb8FK8hRi+eoh7BVYd3HYydHNlxMHt74FSavrTRFHojjluwIYkR93wGVnqlCoWtmLTjR+vfScCg7DuNaqGhgYENq8pcVyBto14SAYtrhFYufR2IxjLHkHvqVHBrMn2ap9DAkSmemh5B9nuOjp0tb6Z5xQ5qEiS0skFSaf+fBjaPdsNgZ3yHV9BC/hTYPdjQH0TMGk8kHhddm86MdJ9PUToMUnYTFHLCL0JQUUzrgsopMqdM2dEi1f5OHoaB/vBSOhaAAy0k7D6UUztpHbvFTYEKgQ2KE1QGeLuBjrhnSMG468y9qpngnD7ex1aOtLUzN2rhUEMR8v+ojY2ZdXo5HgxC3B0LQ5g1tscbtLRWjQThZj0KEkCwKfpl0kbgje4ZrjWEWxP+sRLx0IFc3cqIIAACAASURBVCMJgZjco504Z4ENE0dtW8q5lUvjJXhgAQpn5U41Ts5NWlHwWIZR6L2AFZhw6FQPznhaym4X5dVgdwgWwNM5q4tVvQqDoz4rEDOaXwolCRr3PGB94XOX0vLWS3R/2jjKwgNVX1N944jVUoqgd5VK+G5OqtSDnZdcFgPTVKq3ibshqfSKsTIV9ViYu2psXUIKqU4YcUBQ7EhwJHRLijpqAJYRRLTjhpEdQyKx+kZx5loTA6qKOvvmq/GjhTZH13PMoiZUYHRbIQ7hR1n55UUCA0Jr5otmPdXSUmx8bQxiZKX0t3LQg3Jp8FtPUsfsvBjFugjNZAzzx8AInfthgoOdCAUwriNhdDmhwCUSvJigHg4+sl75iIQJKTih1ouY0YZAuCGpxVirmjFlEDCr+CljJxcnWkELoAuu2kHXSvWWkrUBP5aY+2k1A1gZYMljXhvqlWXPW5beIWQGNDUu2eDDnWYKRsa5g5xvo0TPhpGwbPql9mJ2sDnK0YyM8Q44B82BvVCyNpyo+ulsemdrXoqRrsypHzXUtLJI47LWLW6uSt5A0Q+8eArVZhUP1TI0oyHWEcVGRESvV3ETMvLVo+pgB0ky8Kp1PbGQkRVoT/CG0BR0FYMfdCerOquBmgOfVFPnAJ1DRLb1gKUBEWaBGwAlwYnIKeUZUDd+eqCVwV5H5WB8JziuFCD8dUqPoL1gL7pKrSykt6ahLaj7RqwiU2InbKFaEgzdJtNhrVuiE5iT3iakURlf4Yalls2UzmCZfmOpuRsjK5BYkw+PtJM39Plja7UNZl6ZRe4IFbFxQvJnH0DrlWeTTXuZuKDr4aIlyCGMzJVjsMfGAOeeEENPTK1FW8mJMKAGh45WQjQ5ZC7RhpY2rgCIed2e4GxmIuJYCWImqtsI61DCScJXiaVWWYphHped2Vmui4JQVrbgOtvYYS7e/UsUzYKe6b184G11gDsnkrgY6+uh5snP5A8+v/QQgawW/IopQYeC+5ZCmLYhCIIGANPCGXzshm+KiQePlXNFCUaa7A4GNn4hVyharLVeD63hNSoGey+WEAkIGOOKq1Rx9khmgPEgU2Q8nefPUAWyXr6BL0mpSACAQdpQzPlvuIpgNC9mJpVhXjaxsO2mMt/YFM4rXEJsTCyYCW6a8cLXSMOiFV2XINoG0V1LjwdybARdjTH1vFo6NOTUwciGO4/hmjJ2kWkE+h6OHGPhBTkI4YkghFtX9RwN5omGbLQsO5s2+edSAtJkQ3eDsassKFJQ1RiFdbFjYumk4mQRP5z4ZiU1vuBArVRi8nPduuiqicrFKmChkciYJECh4jyZpqjdOWkckrOAYWDOOCTIDMSPdBTHrgsRvdBYqMvlRqIwcfAT5QBoJ4gIQh37TuSeOiB3dYs1lnYN2M0WCGwpc1hn3Kw+fZ6470zQypuILltWtI1SnPmledEHb0AsrMKhBqzB97OZUM6n6tQKmiwUuMk3qq2kAojh9uBNnc6PTw88/regfMiE38K5f+L9Rq3Cb/i6fDECmPcxjKiMsGsS6wyXP2YgzcVrQOo4bpuPLWimJjVzQrDdbjDN3q0n0pCjq7E8HIpVgb54vKPi2DfVdsVCaniTFUY3h9W07TUEBiQKLy98y8YaGeQsPEbIrYIWkEDOO74IJTPx2RzWcp0k9Sm15KTKf6vypZIxdDTPRWwY5SWIyWw7Y9EDJxlbNp3wbD7Rg6mI6M6hSLKOF/pj70AaD88CgIF3ERawizz9klptHVrv/f1/oOWW1p3OJ9JB82XMVpgyS22VgAB0q6uDI5QUFFnaa3og2XBwViEmJW3NdT9MP0eWHCw9yULigYCPr3ffHYs9RTgVcyIvTblSApIgXE0Txz4aFUcuTYGJNi/v+bML2KPjLzd4PyfXCEpfTrDMQZswlc6jAMgVswd8Fcg+cxTH2IOjRP8Advtq4cRHbO0Easo44EGCvXLGxapgop2AYUufHzcnz+TF0HKYa2kmqoXHKcJ62tOBeUmjetgvUuwMlE4EvhQSrh+adBgQhbYucCWY+uKEMtqU2+qbaUGNntTjeW4qx2NZMJkiWm5Hc+agcQ14MHp0Uj+BtqqcgxwKFVN2VNViqEau1JB7LFDuzhW9MELrzDsESIlM3ZhwhGggjSOAlvvuooPMTbHzexErg3M75AWt6usXN8IVjh1hsGVzVggCgjUBvJqLpLadwFkomELdOQ917uWuyvz12lllTAjvlBxc/IMBiQ7fDqbbVjHbJzE5UgvXr2Rd5Bz1Y2ExDREQbkYjjaTaSNo1aAGM4hgl99ygga1vebJ3nByOawzVg8gBJOSM2FEmml1NaevPAxVNc2MHaMltJ6lqaHyaxlTkmHPMHgwEokmtg/Ok4eHgjAoWnKThKd1pVmZ5aXfBBsY7SvgbplBkcp6juPg646SxYT42JqUMHNFNnob+SqFO3y/jGEKLCsFuN9Uyj6h2WttDyCnJqkhW+YhIK1gEctn8T6GDBiZDdc7F73I0IYGlEES3TVWUMAwHmzXFYvdkIEtSYfd6aLTauLiWlxkZOk0IyH3VHiwLj0Da+NpYwPhGQoMBVeb1CDXDM43Xo4wyRqeVozdnM6+2urmlPTtC6ndq4cxG71ekKp9estPTH23oNacN6fsmyN1UeX3AH1OpWCe/PEWqKGnorPExmXWYKfjDRALqecZeaDCU461fG32w5FEIBuh9JqnQR71OfF2MxYpCQLVC9FZL3fkS3F5cbRVmUlQ7j/KALbEsY1PeQ/xMEicy6XJeQqCXKRrVWugYesfOCqlHTL1FGWB1aX0s2i0sthVGGj0Xx7AJaRHk6m/SnmxBs5KOWfN8JDOLTTN38SwdK0oUGr/ykqAgJsZedh0OBYnLFzO8a7vOkqWp95KnPOU3jtyBcmbLE0gnD5TobFY1PdHcmwJ/X8WHD6T4GQlF9cTtNr111Iuyt2P5S8CEkPB5IRD6b2IC027SlIH52UBBcA80yKmTVPAGrJl3TQ9LfZkL1gtABtG/jSs8IM4OcBzZslmEhLJXLITe2VGhCgrYwvuagEfpD+S4LDxsISV8NhziFlLZdqOKrkTYLRf9fVzhCYjwwEkBp7dHPrTpi9SutBd7lPoGhQ9HKFMndlSXQ6dUtRFYHF8yy69fXTGMWLxIkj+dRgtHPx4DzW6bTV9K1cEmOuNaEWnShKI0rAYy6bPI98k/mNxTcGJgrYNTSKccTS3CaptRmiARE5VRczrWSC3BHryipOxNewkRjxHD0Nl1rsZeaYzHePlCVBZuvNvMr0A8r+P8xqaYXphmVf2tDoylIBO+ZHdrbjLoqE9y/H1Ja1LI/JtFN1+FvrL16mJanX+xM8cAMMH81kMWTMWaD3hVbOXTtB+CmQHPXGUsR0HIr5aRYCXBBpwgpa7XTJU4/mBY9mqhDAd+fNUq30NtEZWHmJG2O21KmfoLZTimUIiDAiIvrfIJovZKKO2QiVhsDKAjVJ6GaW458EosZsTY0cDbzx42seyfvGlWK/dwu1VfX6mnvaZp9Vt2TqAW4GyMUBDCICBOjhxlp0SzWyJl0mi3auisaDsr6t9aUiAmha/CCmKtqWiwyobmJo7GO99yd2AM7W22Dn4z4IGOjCUpkCqxLYBzwy/t9XDJqOMuAccxyvrYQ36EdJuDe8dBWKECXRAVzeFDyEyuiwvWh5UBCeVpCwYQ5jIkgwgqES2SFldEIvGDHvXOKs+XfdBXlrPYX6WQlQUqY+JcZzUIBunMVHtOz2BNSZbVyQRFxEKMDqqRyAoaBrp1bKC+hoyLUuuZBA3o0fzdqEiBMBCthBY2dW+ebqjoY7CQ+ZIFGmkktg6GPASpiwnlRb2ay14dERtRQqthrz/PylXMxuJyJC/vKKI8bKHg6ahdQ0YcLiuFd6BKZLwIcvhEpiLK2ugLH+fy3mL85l/vgY5UBMOWPd6li5NXX7mPIXsX/n5nBUaeR1Drtw7xq7Y3lixHOeELkdYonIGM8IjCDIS+ugDGfgOiSttlogILi3BjQsPx2PQad5TZs2eKm0UojsSZohjY0TwikVmT/VKdRe/RSIGgi85+5LXsS3hoGvWcFl40kJbuZsxlaGSTDcNDDf1rnAQIN7bIp7AM5Wg3J/bS8qe1wFZ4yWvVt8ZyUHuKkYVKnUWmtVnsFLNI429rzLSyjvXCGiL94pL8ORFg5ODb10kge9dSIy/llbCSgYa+/gVclIVTV2GbnCYgQtuu7jQ3q5qtkBRPF/38wmebY2/HYHLg0FC4zxIXZxeuCJThzrcvS42BWt9sPUOLIFDCThXM6DDCm6D6DNP1ztfExTkw+pMk07mgIFl4YUnJnHisHwsFWrKCUM+JGJjEBHh5+Y6U3wT4/vzGOwD+VVM4cOPDnb2Y3F36p6Z8sgqIo+EJoRELDZXwLk4qZIKCL+ceKXjS07C+EDslw4tNkohCpxRXQhrvZYdGePhrPZIgQHxlHwsbuLmhzb8yGz3SoSPfBMKGYOxIQlaIWW6o3cMD+16vnRQ0ineMC70xMN8yFycsJL1TYkcvM7Qsqyx/tr68ZWrwQHO1Jprl5cUPB1lxc0xyyIGqmqesJuyahUH/qpnq3vN5+JfnnhHxO7J8WDKwTsGq0gwsT8oBliu9DaPu4kATSJ6mePKz76tBpiIOWXpTg5pl0Mq9ANnLM5FAk4l9aa1H4RoPzypOAyisFGoqO7/mk7Q/+Ucc1wjmntbMOv88rXfgxmFK8+2LQb7Ye4usnToanRyOKfPuvXqYcXtpYPPQUtpkq2ublJCcFNXKQAvF1nwlyB8IQ97Gz6BKRlvsdQ8GcqIW99jFd6JColNtKL9icTLECufuBBEfmLAu+mdVmSwIqQuHqw1H1YyVpeA4JHoJD64DGEw518Tt3dflXXvVjo5KClTNy9hybhLS0lJjWcxQG0amutE0Gkb+LNYOs5Kubju9m50ZYzMHPftmolpf7wd0HWNaxDLba8LLzBnlMsNmTIkVJc6J7LIgNI9ir8uYnuqvRGc2EtIZoqVwJeQknJEpNAZNUYDCHX/DODp5N8skXyidmlKibNhM1K8yqlXIwho611NJgnr6zKWgLHO3C1JjZgRDOzNLToTYe9pMI50t9GkqVmer12AJ4ylh4uDp6TEaegOsE6p2WWigScWJ3SonlgrxQsNleMeXXhrNPD3sxBGkcI5W9TSSOfXSVxxNW5SI4/i67LAvIW0HFF+awy+QOHwvnXJomJEpjI/4+bu0VQiUrkDU0r9iqn8bB8HZOe+EOFl3PV05MvHlb6du0c3AymlvmwGANz09NLMQB9ujput7xfCGIToIk57QMdG6uDQOuli7dO+Va+TNYVwJ7V2BQc4sE8M34oU3AN8s1usjdNYvsCodGYnCaukZ4DeOLZKsK1rvSmcqolNMIIsZlInjXCJGFLgKzToJIFXNCq0VmIZm0vWhCaAP0O1Q8LR0YHFNXAhBm6ULqIeMrk11iV6COEk/fE8zW4zVYaWdyZPFIRAc2pFxmTrZY2kW7MTqTuIA6VnkUILTuEhmfdYRY4FgmaNh4aIxBWLnozOKgZ1SZLRXhlJnSOHa0FciZD1rPWaj+F4Uwx9yHZtTkvWesovGbhIUwdgOBzqyL/DOCpd1xU6oVWDsHVYsc8NctQgaHdoGafCTM5vNEkpmCN7MHALaimyqNVd6h7zVAVxWutuqSJzc3rXpzmYJXdC1QyLQWkYUka2Z1e1KNNA3YpY1b52a5tgbytNAMB1FoJF66IWVShb0OGLv035rcJYUWUDKBCQYD9A9PTlYW55TsCDSf7h79Bcs/TMzb8/fX/kYhCA9B8zYJBn9ScvghJYrYlga3vqzcz6dChoOA5M0C9P0aCltHjNzRmRCNcjV2SgoaI9PJMEfJ+KhPTYKOfiOBA5E7e5QbE9gS00kOkZosTJYLM+dKSr+rRRxKOg999D904O71wd+ZXerFQZMSfBtgOMbiptu0uZHOWV1X98sZNNPsSvE2yNM5YmzdapW0pqjrTYUgaFX432WYWe2htEI3N9rtUQSIdd+U/vhG38ghxdvuDGEpbpz35I7JSCDPSNgMbso2cSekfE06d2Vgrfw8Mfnt2TB3klIx5RJ5VwbhJEdlJTY7hD+alHOEjS45erbNs3Caty7Ks6zRk9IRwVGzU1RPz3wdhTdXoA+8FKNjwZ811wY3gPx4zpNLGvvZpawg5V1byIiIxPzqzjtkWFrDjk1NjqLwE9TCuUmqvUme8ufFwbjLLyUO7k58B3iDSfwemBZLViIv0ybLwuK4Jq56jASqAV37hezCDhwlwAKopZcc00VyFWlSLpo7VA3wKajR7mioiLbgCXzMkIgEJpS1Noi4LdliJYNpxOWnR9WvnWjci2UKDFpYYKXdZRN9+MbisNEIhKP1aIb3iCpCDyo8NjZB05aSzjGEhPEH7dNBIf0wnE+6ZIaxvjXJgqTabPNyUU/AJJ0vDUM2PR2Ulz6aF/05zWqx4CDAa/KmnYpHcyTn1YjCYScxqu0VdDfYakpEUWaMo8ugzUyWmrn/3tJE61alkSp58msNsSU7ZbzQohvTEH9Nok64YCLo1n1t4k15utUaW2NFc5z8WwjdJRcO5bkZOwb1Ikx9y+dcSDEAuMoB8dBzgVX02R0igHZuiZp4mLhfXj5KnBD7zinH55SddcAW7GNFcOeCi3oJmfXLzYSAL8oMqncUkNJFt7FQszuKONcJvQMMCAtQBCcJnI1InGyAqK6/PEsPUMj5kzWB6mfjdaThRrSfHUnratnwYmVr1xF1H6amorp85DD0GZh8rYcCtG5QXA51QtLCJ3iSU3KkiEQhhYEclr5wiN/XwMVUY3qfk+X5HgPnmr5N6A67awgoXqcRst1yGune8VYFRcsvsQ0ypCDZ4c/uy6lW+lMQRPMO7Kfr57K7PJT/WdkniW0XIw5yw9IuviDhiNqWRadEgYrSXGoGzoLqbUpGK0Fyuo5h/VIfJEJKnSLe8peaiC0QGHhJGYDDl/x4mMQvncL0dXDCwWBxkq8yw2xKgotDlxRnDVkGctWaXo9bSEE62Tb3VI89IgAe+cDWyELiJsMGEKTCEkny70pbUdIJRRL+wCEyTwtkKOCSaMSm0Dxy3SOioo4omZFfRqIUwftVyaJnXiIpH5Clw0w3fJ4Uom5HHH2UU6XP+Jg6TcwqGOSb/iheVvs2TsGZzAaEsXYCVBqvpvHasUNLQpoS3JcKycqa3QGgIiYnYwqIJ/nH22H1Y3TxxufXtkRI/pEMGFykTmsHppShG7YqAID7W2lt/rvswx3s8QHVxqsTkAYphFqKI2YYELs3TbjJC7CSMClO4ZLv8mChUk36aAHH8Ldcbf3rPnDC4+8Gx/vGjG02vw4fsvSdve/iqGietdpKmXyhjfU/TNvVu6DO56hSLFjkA2Zk3sJzM1C8e6H5a4AOJQLWhm6gW7Dn73QFIjqPvqRRs93amXZq9AsrWRWkFU9qW0B05SZ9DzvlfT+BjpJn7dmfIfn07e3h+fvSPw/APImqCMsv+vhut5IPTlVxK5FFr78/wCjN0HJ8I53gN5ev728Pnz9zisK88jh4t8kFK0TjLwYLHdKBL/M6SMgS3/LnIHg7ZDmXUZMMiYwzyYpibmxkVGMJOeHmTySXq/QiHL/8MyvbzKn77/wn4FTevbAn2nhQisv8wBxyVoAJdiaoMYoV+BMM8sjoVp5BFKADVFmnjASOlvpGhDj6qmTJ+CchVLANPRK2NgLLOoBbSii0bwTm0l5m2FOVE0r2e5SCfeBgdldUEX1lCqAVtEIUh7Kta1GuDm1r203wyktk79irXIYmemJAL91Q8cqcbv+UptRsGuyL+MbiPJ8GUdPYueEc9pzynCQYxxJdZ+ePKlvUi1LQxvqGiOctB8zVLIrvq38k2lk6KKUR7ztJgfxtOgC56ohEAe4qQyWD/kZeigCy9NqZqnhKakUciyuK7nnap6B6dEgNCf2kUu4GNto42QbLu2ZUpyBWri4SpKfNhPQfmL4zAFJVXHIcdN643Lciq+PM13dAUTk73zpNkLi2fYa4uFcqwZJFIzvPrE0o5ueAzFcT3a1Z4KrWwDg10qCVY6QWPjwpaQZO8QF8jrjmFhDld0WamFemEef4+UoVRY5XNhi6EAcrdkdN0ep7lRIVyiOXAkiCw5KfvzIF/a97XgiO1xNFfGIkKl7el44QdgL4y5Prrr+uNjpaXr8AJBUIq6BTZnU7HZ1d5YRnWpJyQuJVvK6ZqPrqD3vVIT3X3q6L3d+scncoaOsmhuTwhhBM89C8ex4W4XY09I0RaDvHD53b6F6ccEEpVeZxpgBFwuHccAtfGaMvny6GLgThyvLvVcC+D97VeB8ZgHyySMyEfhgrk+xIEXj06fvz9/vKT2Zo3TMJC/ZZYETjYIb0ipI3XxsoKD0fnnToMHkwDBCCpRh3Amu3VDwU8MBUh3XPjWEOADu1HVLxZE14QRwuE0hiUghC2aW8jIR1Ac8sdkfUx3kzlFPaUrSzSNWaC3ZcVEh30Vdxz0/WxbCaxiQEWbFrlJHtTKIq4XsdebiVckEU6SH40WfgL5+s3V8ZrLewmCOyWbXfOUcFirXFVBiPRaW3ziVBiBNsWhMTNxx1V+B6pQc0gll/bTgm9keLwdKmcHC12Ydz6oumgqYKJEx66WlmyD85qEB7HTdlPBiAOk8RAdAJN6j5gqSZGp35cIWD3jzb3efrQ1dSvKdf6UGDl+v3MV7jiDvRGjay0hOfeZbO2OC4nnqumidxxUitCKoxPZOPNNzEUB1+OIL907vvHyS7ud+0DM9OD0o3PPzN85wVxhjVDVA94EIAF0S++iJmXCr67iZb6HOOmLhCmt2ZY8gCmJOZVltWUjZuwh55+qHkbgBfP3tTz89E/SZhwWYnuuLmXpez83S0TeIB1FoOs+NJrKwdCoK3PjozOfnZwy4vD49PFkyf/sTG8wZMVLaLLFnZoyKT8pl5ok7VO0Mh+nCsmdRdDHW8OGRj9K/vvwUqVQZ6+XKFzKcruSNGJHuCL2TdnQ39g2gp0y0fGuX7e7hyx/98Zffff/86H8c600paHox0BP8WETNsghrbtbDLmT4PWUpMeC+9YMEUNLjVvz56/eHH37gX8Jtpc9In/I1aytZ0ZUEH1mkYCNxffX46Y7XW7pxKXdp51Tjc/y83/LlK53X5x++PLy+freqXFFaU7SJPil+eeJEeHv9/vXHX3zhP+7dPz7cP/k7ygbn1qiLKH5nI0GDOoTuHfvS1dgR0zN97urW7bCOqWxQAwisVLN5N8TaAO05EsEgwnf5vGlcQNzOTC1+gtsOXrgCIUOk9iUxCBRZenTsWwwKO/lgaDM5nD7H/ELPPdQzb7HMe0SYKVD31KF0ixyRTMoKgwgKOKmGnoQXtM7G9vWVd2uY1zWZ6Aid8/YbpJkQwskqC5xOjWIz/UbIW2A2RDv3yhPEKlIQVWyEs4bsaHZ6MSRiUBd3A0XfQGGdyrMMc3bMWRp+UUm5o9fEvHr8wH8eYe02hJuB5G5o7rF0o5Q8U/Ehp3jZMdkzMbgUDIXt3HSlCVZDUMSqmUSjomB+7HOk0nTZUbGr2quyi3zg0TagXRbNzOSj/qBKVtL6UBN/l2ltEQjQSSNA94YXI99mIqNT2XzDOQx7kOJIYu+X35X75Aw0JFcBK9TaQNdV9UDUkrY/ZkTD0ZS95t2VWG/Tbyik413c7kjlhBi4Rh+V3MlUW3FaYEH1d97Yi3wGT6olrwxDLsz5FovYWKt2nhcEwSqY1PVQgRcVAVjn9V6rGF2PmUtWxIy97mNBH4GmNJT4Ze/kryytBgVBxVptIuJQCSH97oxCSzhnHkfPVQFKxmtTOfE2L1enT08+TTNO8Qy5h13e33769Pz8fPfwyH9foeh8FLOp7EK9CUua3Aufkhi3t18KLBWI6UHYTmzIGMb6uXL3MuDOlb97DG6BMofL6zOfyn34/Pjw/Pzywy9/YcKeU1XRsgjAt4Qjvb4D6zy1dBt2tbg5NcyOb8tDH0fF7tfWx16op0Wnqakw6wJqI5gi224H4zTQVjq7rgFHfWSG9+sgeFzsU8fNT0ELp5d63Wq6K7ySoq9n0GNEQGeWNbAmtkJQsKrRxbe1ozRSBCY846R/NvYZFl+HL9rCAyACe+prXBGdRZKqXwNIgrRCpo/PGLEPJJdEkGNVIZi9abXIfdAmvgCrxc4DZIfDhRgzPuGBeGxCbBJYebMlgjHczsKzPkLl+GXjuTMFvEgGOWsP8yxtUxlrOn6r04qGw46oOYu4fj3GwM9qM6WfuO28v//6/fvX70I+f3u9f+QEun+GHyCccd6QvT49foGO5zYnHZ9RoeEEWDxujerRRWDT0BgbHxG2SnFyiZAP5z58+hC5p6fvG/KblawjPGfFnJvix6cn/hLo27fXT19++YunX315+8bvBhjVR3dvPPDh5rDf23l85Ob89YUlhLL4ewb8G3XJecITUgKPZOSlp0pw4FumcY1QDGMLc49WxvyoMOvB0+fPf/hHf/DvfOOhAJ9Jf/7+naOP1JvRrUcMEDEdLWW7cAoqESF9hefNre0iEkPkt7fnn759/vzlkULfU/yfjP3af7TmzlyKxQAdz95khdNwCeK4moqPzJaMBTJmjujN5eHu5fHuP//P/lOwmhzIMHFB6lvkq+MSHJC1whg4ERGxZ0eDueU41CcDhpnH4U8P/+E/+Z//4o//Hi+UtlZZffgDYy3kiS9e4QJ2A1BzygZpuFh7AhrVpJAwVZ/uH3/40T8KlFw66ulobSXBo8sYEIHAbmGwv2N2vP1X/8V/+Zu/+OuHz7wK8o0tXulaCmCYbVyr315+en36F3/7409vv2ACMhWZMr6zwQstB868P39++vN//t/89Nd/9flR8dPjI9OXFxIPPOjSADSDWXIb+7l4rB9ndVdVoY3FxDhkaBcrZAAAIABJREFU5XDUVHUbGFU3S9Jm4hAHUyNzWTJzDBAdQ5WO1DsPFWHGgCJZPXfKa5+WErlkbDHXp86V3fo6sKh10HsmPmoUJ9fTPBYD0y6ehRU1eXGMyDggIGCGJ5crMYSKBUwTccnpvqA2s+p4CiBpp9VcT6YiKcLVAbOIA2nuBYLMrRES2GeXztrE9PW4dTCwOtBxGdB8EhHctFU56roZUqmmLsSNoFOZbgrknUr4eH1Z6OJjdP/y/On59eWXv/zBFYU57FtPn7g98o6GexSWPm6u7u++v7x848klK6uewGNOMJ7u4GZ4U6dRKexLjQ2pDW/QmtBmpFSnWWgpJll19PqEpi6SyoFT01RfdN0v4oN48UxrHvLFaLNKRDX9xJtzmEsF94NuFlqlV7+gSEhnVf6gdul2kYo7k5VAZ2HTA3NIYBaTWzo1VKsRim9xz0mq2sH1smIUR6W4VPT1nidnfICTDImDkRFzdkZnRyUBEJOMabdiuVbR5Pv+C9eWXrplDXURqqZ3rQ9PfujQKWiNEDN+poKGA7YvXDq+fsWFLiqWPB6EUSH/nt79Gw8rfvnjLxx/U3KyMB98A8zSWFeeAj6/fFcwG1Ns08FMv3///sLHb8y7HIiyHMHC7e3tD3/1i188sWZKzuksQ6931ujt/un++Q+/vDw+PvBPFHn7FOfPT/7xJIr5wLOWh09/89Pzv/0tb25wpbbK3uI7Zt6WY/PDl5c/+xXvIhicxY5wPI4Lmxpxafz0/e3+r14+feci2trEixB4+2rhlWsqmT58uX/+ky/Pvh3iFZ1ruI8T4fvMxfw71t//J/+j7z/8+Pb1d0TmbuaOR36NIinc//irH//5v/jpP/+n/9/PX35wdD1ZfXVihqsopsxFKVs0h9y6raVshVWFdzZotdGMKuR1uYPqJrq21ZussnLkUZ/VH9gzrXQZSpgH4Ai76hbGcOoILlsb7hG3a046fdLcVM00XeehMeykP0/3dgZ+M3KynrnqbLiZECUN2ZnySR9Rp2wq0uxa4hto1ZuSS+BQOP6ajquI6hsAi60GkYacBPWPwa2t9+F0NYxFZHCc3IdbjdCyNozwHpVyOBPRtrI0mniqSgJaCDkqZMBi1Sz+AGN9vBDkVPIYl48gRtEgX73AKLi37ADXnuECYlFAQrrkNwF5AKod4HzYRiKfn+6+f/3pp989/+b563/yT/7kv//f+/Fv/vI3nBpPPzxxS92zoxdumR4+33/9+vZf/9d3P71wuWFdYceLBx96mtirn5747fOn374+WQq5epFB60nMgbG7//T129dn3mq419oT0NX7xfXB1wD3Pz6+/cmXOx6ocqp8//rMw2A+cP3Muf+dhe+Xz3//j/7i8fNX7v99qmz2ntJPrDw8wAXg7R/92bc//dVf+eDIxw89SHAtfYWqT3rf+Gj66//gn/xP/8G//w+9/bMC3ONZULfN5FCdZY4qtKdz3KwY+bx8400Ab/nIwb3LMkOrccn2BN/MJhiAqS5GoMJ6KW4m4Mo042UE0L/79X/1f/ovXr99JxyC1+9Wxho6pV2dI6mDfJ3XqmiylLOHR1GttGdvg0/he5HFG/e+ffH47V/9G2JT4D5G6T2vLyrEEspEmhqIBG0gLcYSsOrGPgcDuhT1SNmP5zz96kf+Ss795x9xIUGYZ80kEBrH7YvHzoAytxAmI2XhTInvoGkp1NlRwVROnR/OZmVMIj+oEj6UnGpi+m2mMgaECQDZv/7zf/vrf/H//Hz/wjVI2JcXrrd+aInbJd9xefmbl7/3f/y///vf7x9fXn7HKGCEFzZezBi1h/vf/O63f/ubv2Hq86SIk8LpRXr+Tq/j2Gh5fpaeBxrdlam3IA2NjHxlJDkon+oiNEFomZak+Sp1+fFzzqtAjAC7m4GhTbVN/5AMMKsqXEAtMqRAo3TB3GwP9uhiJhsJQQFg0wvppIligWcSDQw2pvNmNhh2qa217sllquKsWQJUdLaGq6R0F5zGOfU2g6qZRgFC58SrccZDRiMq3xjmwc7+PGjbxcUT76a6olZiBy8kC4CV59MC4eDKFNdioK3rkVOejqjRDF3cpM7cKqaBDJZJrFhlFPoCj5XLVddw/BdqXsfi/vaP/tEf8zcT+PgLt29fuKXy94lcWr3J4tbq8Z5F61//m3/7xF9WJgTMm6m+PNhsZA8+HiQD21JB0LGEl6BzyRUGG2rj0OhfCdJUOWd8MyQATsCWf9MxXBFFdn46vOVX3j4UsAcB7DDWhbZZU2LYeT7z5t1vf/IjNcU4FKq018aLubQsoeTB7E6tjqxdWIrE6SQJ07ZV+uyPm0bkZ6nbQIyhHrQPVcvR4PDsmdvw3/z67a/+pjsNyLNIcIEQ2Z34uRVQgQFYMrx3pY2Ee/u/9+Mf82SBUabv8pUVWirCJ0++/PD0xO0qGUWlyjCkJMI1kzdPn3763V//xb/9Cyzpcrv/4iWEj31+/s6jMvDe7v/sT/+UJ9kvL8/mZgwuga2ppnX37fvXv/3NtyohP+g7veTmAsjq99vfPn/9+jvOPKQEAYFAfLOYkSO/Fvff+Qd/9CP36d25U6+CVGBMXh7++Onpv/vHPCV0KvgrdDxP4fmejsThF+pe/vzX9//Xf/0Tb7EyAZ5Yo501gHB199kWGf3jf++PeHrz/TwypIAW0hnnhLn76dPnf/n18esbD/pc71mZCcFrJmMB+f31T3hv+g/5GCfX8MbDLJ2GvpFGpM93P36+/+Wv7t9+ESley+EsX978f3v64fG3v339L//pb54+/8THAO55HAU6iYdUk52nHbm4MTzNZDKoD8+mzt4cSVZ4pz8uMjETbA/iZXKGStREziQ8bXPmAmsD4ezpHAIzQjoTHWJGPV0IhI19wlHRVgABD5zOMhSf5qXHMgus0mdla2uD/NRzaRyQZghxarqrt6+7SWSrfQWkiAyQP5d3eosdj3cW9uF2xLVsC8yOAOqrkWYG4NBmIxJDcK/a24qbFecwG1NJ28sTu7EtZTh2XZ46hQgGB/Ig2kSE3IeXqUZCpDOCt6DxycOqUE4PMS2u4QeyQ+YJUHfmZCAcIFIplMY2XI/56IKl9XUjV4inx/tXPlrz9vK3v/3pP/oPfvUHP37m1Tgn9/PL1/uHHx7uecTJq+GHt4eXr795+fM/f/3+/Ich8pf6H3i05O019XnhQnP3//712//n648sHLww5k/O+7yGNQQi3KnzrPzh4S//6t985aMcfBTF841VnY1fTGX1eHh++fTv/fDpH//Dv//95ZlJ8Mza5WMNR4S8+MT9b/8fv/6//O3LX7w8cHJzERT4mbcpfF/u4fGBF+3/s//wb/70P/hXv/6J+0GeJvAbtCKwtnCmuoB8evzds/9bADROae/KKA74LFMeLLMfj5aL+dHtNn7VdJhczR8/+7mk1m1NSBxNKbqzyL750GTBPxx2Sthp6lA6OyZwchEWE67gz3e/+82//stvf/2bz/dw9uQMDwuIMkva4zw0wRxO+hzZiC9qSbXyGUITNFxjGKdPr49/yK9Wf+K/t/P367m6OK+lBXcdncjYdoUc2+Eh7lvmhhDWPUNQ68EbC+I8fv4FR69NvDjijkQ0lsOeh3lCSFDCsdPB6a2QTUQTZDyIoe2COPoodSfRHJiL1EK8G5Uo4aVPFXFMxMeMJBk5RpWr2C9+eHr8g6fPTEXeafbqqMG3bz6/Z1Y8v317+t394+MXnuu/3f2Sl6Lcb+TOo1bmzdvj58evz9+pHpOZN8weYwLnu8/AuEUsmiTBFIM8kZFDLbbMLgXryRQN5P2xFNPBWxddzdGeu1XbQNYpJ2s9/SXJ+Dio0l9jvhlwv7qqayE7XgfBxQrPqAPGpi3VZoYopaHV5leIYSCSpzl5dC5Lyh8hDVx/RutMoqGtjRqt26b7RTuMaqdMPmwOrKcj/oRh01wiysxZW6/rCehGxmpVcPM9VZFkP2Jt89gqQDTPEDSANxENU8GMW9ZqaVpbk0VmIy92Vw22khzNLnG4YXZEHCydKSjy1LQqw8lMJt5Rdqo5apxjrKqPTMa3n74+8eYkfyz586Ms+dET0ixkLM6gvfBW1heedSLToTH0A9lG9f5VyhdxlBaU8B1UUrjd+SOrIo7yYW8sxJazdNhRdHqnLNmbSJDzM9b8dGLrfGisIn5xMajXCI0lTT6u6S7gBjCuZbHKLVqTtjdiS9ECM58ZI332zEfyAHqvHhcpBKQCq2vzY0jisR3+KwB9p6JiSpoHZX16/PHT0zdPMT9003TT02q4bTZ6JOhGycugsysobrg/P/0Ct8fPsVrmRsbDGfn08AvmgJc2QCuX3GBLQdihunv68vkLTzOYP9xAc6FX50fcH3jjmFeMrG6we3r8zB0ALLnx7YOL5cgF2SXts4h4YOAZ5IxCwh0Zdf/ymTf9WRs7tbimNOx0cSUJvLmc88rUP/XjxcGk9fZq/3zPjcY9LzGeebzvAHJB9prEfQapacalk9kKbevJ+6tNTK4kJFrFeLuVt4D4OA78mejn0sGTMVMHwqd6z4/erzhnZJUvT9G4GmHBDctnnmlyU8LAP3EbwWMbPIkNPxj5Wc5v33/78vLFS9Z37hh8AMeHjqDKu//UAGa/+uH+++vXx4enxx8+O4iUx0Obi7ujtZFhcp35sXGnhzYlzWwdgISIG+Z6DbemiqZ2KtV1ttEeUNpm0vrNM+eVXtpv5/wTE3aemAEc3SHs2RNm4isoKAgFPV7C2p0Bc9aq32Yq3XPpdlZgozk/x9nYFaT+IBx0y+Vy50ESzmSnt5SH4EHnWQSsim9t6587sZkhPFt0Z4BkkYZJXOQnvtUluMWoEE7XExJNSQ1wCagSzl0bSIINUMk79M3gZoyENhYeJEybL73bOhp++bfSaWxs48ZSgPRoOvc00J1dn6HmiG3z0nPjupCpD4dzhCwZME5i1wEetpPzL5548vDtq59+6P4Y4R3P7Pl/vJ+fPnO+vb58/+xrMz4ktHPOdx5B8grDkuNrAB4yNQ+IyssIz4F4Zcgjgy9fnj7dcwe1hwdWW9IOP89k73/B25MPftwOMVc2xpe3Cu9+8PMavCZ4enj81fPj11fWN+9mXXGgy+CR5vPLH3D3+cNX7mr/4AsriG+UssSxZ7niJGcR4c1Cf+/TmcTKQgKWs5p6MP3eMeyu32L2Y6gRtPYrujrqx7KjrHrizZqDGgmvK3xcgkK14YrWWJiSuMgYFEelVx9+GoXScep+/vzD3ePv/pCLOWsdvxlMZfy4o6EX7pzuiQxAgyieMLRJQQHpKUaw6M0u10nuYJ94ocejkUMcieSg4xhAx0nNvrIwJ138KQxfnmptzj9GjxXMTyjJDX+vDd0zcgFgwwFPpgBClS2FwBmLB+3V44Kb1JAyx7eKdrVGoHBno6G2wGJbSSodJuQsTzwNC9MgCWOqQtKUBGx6Z4hTpGuMVS8uLx8xyNCXflwupczVwE+FvngZYjo+Oe14+vrw9MPD519068/LNEOhNahTCAISbuRXs5g6FpCEJWQB7x7NMcj5Wn0NJGsrjIYDo5KNSThjDAE1zSQOlsCEKA8nCzo366jNvugcIEqAdZ4cFDI0mh7jxcWAW4iA2KU0lvZQF8Cw0vNOA7nTTwFx9FU17kFf3JF5SRScXQ4rTALJOEy6lG43NZ0nrDCZGyGixRuvyMAnOVawazLq4BltGE8IRp+58bPQGMzLdFCxxddESf+cDYNGYQUuM8kaK8eTdYWZWCgpH9rey1/eHMGvioIBAAc/YxakSxRBIH7vMq4/q7TTXbswsseRjwqyaLIQ+azmMw9dWFRZKjyNPeV4+suC99SNlm+A/ubT/S94qiCYQwtiRCxfLOhTH8QtDUS2TUQ5gmiyMqSULt02rWyrnQ1V7M84NFUTITjFxWpTWLlzDjxXlU7d0TgAwzJnb0BdrCCtk9e2l29m6msaSfETGfytThLMsEY+lqroArViW019cNUyU3dZe588ckIHv7RLTAfUO3FdIshXN9JQCO4995kPfpTEvCoH0G4mABI0zIsBMnWZWVxYGIvi+liGx2/xquDcr6PRUzIsYDy74BrGwiOUkwIdGiYQHT4b//D89PhLs/WkZLB81sP65uT3f+t8eqTD6wx0PBvr4rI7bCkzHj5Q47agtYoHJn5uss/Cg966RS93s3YxkTiFWDLweOYq/MBSaaquyiZoZN/QdlZD9MGPqPUG+vddp8nL5ZeO/6cSvn4yzWKKwMN87rMXzhwB93GTgAolwUsLqtodjYs3BfTUWEK8FUZhfTHhu+wEf/zGAFVg7nyevIF44PUKnwVyYeVNCmvEO/z81QmHppOFqznnkh8Z7cNHn3jT+JHXA3wiuNcSq7+MiWTV9YK+I4aII7GhY8U4/TZznTxWhy4Kt1JEwqanftOIAbPwFLqhbyWvKUZ1Psomo5p4xKqekItlCDGhdJ3vTgmtrsD5ImjewPaQaTjFsa5MeiYyyYrreVxIUZzuxgDOItJAoBU2Tn6mWHWYwKlk9Vrmq8gwyxwnSTmekJC3/YNuVQJW3giQ0Bx2P0KVNC4ubFxdOzUji84kygkOWPLD5HKmmktZ548XExN5Wzjmb+axmZHouzzbL+/pi1oawQKUq1ZURiDhN5F0ND6xTGk1HEyGMiAubiYqEKVhPRRilVk+DI25V7i5VHHdMaPgUN157qt+Tg4f2PKn9zkLKeGrH3MhDLTcOAG+f+V5KCqeIX1zTfHLdw85LTy3PIU5d+75eJ3XTgK3KBCsM9UEuFdgoDn5nzlJrTpDyo25vI1ISghJy7dNLUrTgVfirB6eAt6jEZ7HtDoAQdqsd3x0j0cGfpTHm2mdP1OTHneLwyMFMuE3oHhlwPOF3tX0hHz1XUFzZcAc1mZiE26PiswAFaScmfQUWLvT0AfBTWGoTLx16IJPj5MHAO2kYMPhcnidylQD5U4B1U0KKtMjFj5KWsbdlxLU5POVRJUT2Kp1jy1Tp2eXHqnJs2lMi+GCC7kCwtvHZcx6Rjy8BLG8FAsSkiOMQTxeP5qZHgqaAnFn7XDLgc1llLd9qKu+Int+Y84i6/Ob0H25aUFaS3RETqU4HuBqZSAjnw1E9UcgD6P35Mn/1FMdNRXHAtJ0xExevutCz6IzCr61zhTXwDCdiZ7bfJBa256Z8YqYK7uTmDpTLWjjSGLy5/LFBdip37zw5qTYJGIxdAV5K4W8FYaDOyNAeylAHKWaKipxK0MkWppo2zlUIhShgBYSuTNdKAwxzlbAq0xJ09iy/qboeOvTjGZnQnqbqDn4dd71FwrLqOLk54dTK8dMKoLZXVyR+wbWobhUhsFalQ5+A1AwZE045nXFMDxxStDQLm9Ll+uMr1JMIGAXCo3Jir4hTKvrB2l6f5tSnRoN2SyacgQcCD29AA3SrmWMOPTkwu8E6rYCMVNF4Muy2ZiGg+GHy3DdAhREufn4KLPFRDI4C3CKpAlFt57zJTVzNa4DVd0Ki0znECyYzycfPvuynjc673kuw/mbIS7LlAnf4PuJoPtvfP7508OXb68snxZoMQjlYCzAxV7tLassZQshTauATAgjR6nQMw27ccdqqLCVr7F29QltOQngsPI4ueEwoqbGodjhcjvNLHGtOUXHn9tj3jLuJtmQJ0QFwy5WFt2YbhIU0rZcCOlk2Zyb6FI5BsWnkt3Qq8DFMJI8RD1pHE1m32BXk52gd/yJAh4Vo2k5ToWpMEb1KJL5IKBhU7UfgHEA/AglDe9CnBL5SItJWoG4/rL+4BUfCz4YTxyuWNbT6YRannyqyFT568+8UNSN0vJsicf/3ISdMw8Crl4+yqP5/VPvcFsnQ0DIZd6j+ROEJh9R5ZVC1+PWtJRVmss1p839ly4Q8hWCanqKQZVrNBdwaQWL3NAy5fleSdJDxqMqipCf/8wLkB6pMW+9K+ES6Z2HLx/Bwh4qgHij4SsjolMBqZe6WXFJ9kMDvAzwVscXUH5CiAR4bfTCo34YeAfqdYyydB5bCyFakCHE7QME/eUEXzFw8/OFN1TIgzgUuElmdT7x1zssFbHJ3UE2Icy8ntiIWGXB2GH0i7FeqUwVOQprqrNN/XeOeHTz7FBRJTXMCHzgLzYCGMKwvAPYNfO4Zs05FK54bPJwTy0pTDOI8L7SdO6lwv542IcFBr6LOK2rORt9505Jx++4mD7fMWpyn4iRJx9Kz9TVuLSDOvPcdluxiMa3htTbOcLX0RvivTDelNo1qKBQImViWPbKXCjnUNW1qOAyyjrMF0eLKiyvpotke/blcmOLHUicRqoddtCLZLSTmNSHNhRNHOS2rUm4833J0HrtsVtuHqPm8uIy73lvVvrkl6c7B02r61zIlZNlY+tVSa56YsWk4f7NR+9X4pyB+rNKUGNZel7wUrhfHKOWXEa8peY1O6cRCNDQypOHt/GstrSRVArpE8PHWtRbztDYwLkkMcUcLHAgDSBwyPgdNoL6ct9wvMngxIR1pCHKBw0BjBOFaGBZvR75fUxvb/Xxzm3ZcWfm+PpJQOtLcEBhgMxtDaWePq2EY08NsiGoI8eh6URHRgLdJgs5KAmO3ZntRwKXeAtG4K7QSCBJeQlIYErAULK3cJLwg5HOtAqJKfnrIRG/asoAo/oTyhuW/jh1dPHlx5kuDBe3Dgq6W9E3YlWkHjtrCQFaXohOiE6WnXD6kAgwFowlgguWqycvR5pNTmvfECILB1IWNZpJXTzJF4nXBTMnBAcmKg2LIzjEnROl4cwG4qov9BwWx4xaeYDBcjZ1lyWMzbObQbyl6wRgAvEuFVcOisKXKZo9TM/V17T7vCl/vtXPtnGW7P6tzLjoYUxte9l6x++nJJAtMN7gO6mdzI0BULiRGeGh0qVEtp1wOhjexCq4JURGKliwocW51ojCplKWhp77MbQYzQsOGDnyDsyCq8wgC3P3PkFM4musvZHp0xaqPJQJ12TERnONPH0tkzHCZqeTj4a1UD5j0Xc5Cl9h6FRtExMDshqMlA4HItJyxm5GTOPeUWZDF1HsrKrVZQM2EPqeOWbBj6elzSSmcxbUcjixM1aAA+uX9HH0UEdUylZIOC3d8kThFiGDuFg0fgZW44rFPmOLE4gJmIKKzJiz2hNVQ1LxTOIB/qy6mQzYXa4B9ocado7o6rrJMm2GrMhULsqyoNximA63P84prClKdDRgnbcEyhHGbmwUSs1ZUxV32imRbMPTIOXZgF2paVGxLE7m05ingZEFvsUheGdF3AAujwhZqSaiowoQNl0sqISMV7NonxNbVskRUkaXIKyU0b3e/ERgeEQzBhVWLmEqqJh9HDlXCuF5TDcfVA6NFB3ys4Z7H+oQ8DhO1CwlTsdzm2WSQaG6kXGV9xzotnuwXLOeKDNzwd+gxV1nVLSwNFvnuLML1vxM4AxT0wtC1jw+7NJCgpn3yxUCPaXjXXSu8VjTNrooUONDNS5YXXotgiWRu9E9E44hCDzr8xmKV1QMKNZq5fqAO39BViLmjzOXWmZ+U9/RcpMnLxC4ivkCp+sFNwTOTEQ4kHMD9exM5kYKG5+1lwIfD6BSUic93kGQH13Hhs13pUwB0J4DgmCx+cGYP9d9xzfWRuVBv6XDm0WiRDjFF11k8uI2CFg+M8Cf5Lvn+aKPNP3GTEvy8KGkD0iV+mLMZMRjdPBvo3ZedRkWRuoSGZbeJlXyhjG9jo40m9MiPxXNF5JQdsCDkSmyqDUcTonJaODg5LVImqHooujsmQBRxtiFZE0SyNklM6q3iI50z7omEbbi41zexXDuBq9Of0cTUL7pLBxhUtCdwRrAg2Me4rmIodVFMz07WLoLyEZjWqjQ6Ja352wBTS1NQeMmlwltxc9xk5R9C912uGgLATOLoSebdXW26W28mKo9zsEdoeGr63JgCC2XtXZ2OLi0jpD4sQY96/GIG1X35Lm2ZplXyC2wcm07sY57S1H8YSu/wzXuRuK8800tb1Y4M56/8i4XEk40/4aEZ5NLAh+BJoyfmABktehAsfwVHs8M3jrwsyW8KyZS7KHDZ6o9r2m5OPhQ1Ral9NbfUUCF8asvqtxYhUrff1TF8yoXMc7lPr5Pgi4m2BOgD/awDHE++ojOAE88JMCad+0cSEKxIDQaLTnexYHJLz0Z1lJRR6lwbHzdSWkyrKqvA3vNPZl55si0AzsEXqXBEY49TAQxJjlCp0mjBV8tMY5fHY3zZFy9Q0KMgUWnJRVAuFJ46UEqUugWz/wKJESXZSeYBqITni/iy4SuKbuV60S8yIa7Alc7v4Bs3JAbSe8u99qfGHFChSQsL5Tly0tPJ7KPEkp0VTJzLKlQA2IbawP2i1YUh56JSbAqIiB54irg6ISplMS0gX1nHB+QOOccafjsAabVtpPPQCbjgRJwXbNcXLdOdeJvBquhAaLJX1HstRU38GSj0tPTB0W+KGPuWRfYN7RewZz5FuDFu1v5SdmLbNf3imEFvNhyrQO1QeraLYelbCU1EopMKDVRENhxTjhHlJcREcrcQbNE5pfakOTHRQnhpO1l7GmZDDC+AQaei1fhgoF5YyRFjYuuoS2RG0DjbWI17g5c5IcNZNmDniNUkUincvp5M/AoE/pmZxlG1yy9QR6+LCFotfLoHNKEnzbwGZqCTdr7UFGTcT8C2HDvHKLlFxIP5VuQioeRPOKtiZGsksOlg5lZ+QBVinrBY8S8cJIrSUWIJotHnP1Wq08mo57ETPJDAz5ITi92lIhlWAJGd2/EKoPQhHxPE0PWbmuFqbdGWDqWQmqro2j+hpbwCHmewLunPFDxdTunBi4MMYZMNt3xNahDrKtNGimUWpUMXbblRJd4PlOxZ6bSzEuezmpOtIg3x/SKl4pqEIpkUeh3/JnObGJ7w8zenOPLhLLnxOCHD7fkp+OBirGU5+/dIODO13g0FeVYnRawWcYogmGCF0IeZS3J8ZyfAAAgAElEQVS2BY47kfUOMp6lDAbDgYHkpCdjHNpssp2T3LGAN4uIdXfFaE4Kzk/Pp1iLXDTOzDNnVyqjsjE6Lg70HDaL42K1P0EAf6KwdEHS3wHweaeZ0mLFKjlTjKYYywsTK11Wkl/Bs6fTjSMufm0hxIARQxW2w2d9c0ROBlab6MuSSSrlJo3YrAO8t+10x0gQhU5PAZSIPDjnGUAsQqxkIhqR04a679/EyLkTJoT8wwPONa61wtrxaALyxvCZiJlREF/O2NgpwFJtEpaCUZBHsSy1VFdFK+OrcqaRSzuZYBZaJRSBhkPHmDOaatsca/Oii0H7/FQ20SefhTK+jd8UOj7OE7FzJwQFBuMdNawzTTTTwhpEITudPFkbGvnoLyEkegfNbuBNLxEusXOE4FYmVAFUahgSO0HkvfnExHVkNlMdcisTYJNfK2e3/q0BqTWQAsdOXrQnBySGMJhx2gY5QXzmKV5DLswhbKI64m8l5cGGPQKFaYtti7QoePBOiLTsTdjzEYlNvqlGZZCbohTCVlVdanVTmUn+Kx1msGMGVrPqZNxwBF+IIMxHuUT8zRXLpno/KHFj52Cca89haN2XoqRkW67OSN8O89TAh7t9Lpc0cMcAO1n4otsPcIQqy25hcHBkJAOU7j6Uv8YRiVKXHDxRjibn134fAHuYYeLpMy8AOF+QiYHacNx5GcT3zjnXTrTNUxLSHGxcfHeYBue7tyv+n1vy36sFP8rnxdGkIOMNSLng2ZLs6LoMe7PhEq0BIFYUAQV5J+igIENT1s0uaK6YqvSzapaKjRbXA/IjlF0PBj/jNI3Jl4WuTIKmSPEdm+qWLwRHy4TVayzLUIlUz9oc7sp9hiIXf/A5JYTqo89CsnXsqrh0kPgjQZk6eb2wWATHtmmJSpfdayL2y/IRCkPo+K1MIlyTXKN48VXpSa4nCL1WAAYckEnUUuOAE4t8GdVhoaa3gZJK7NjhAUWy6tZCqckc4iA6hxSYErH9jTRPHUaISTFLQF354WrttPZ6i6lEeRXb28TfQICjpTKNHjsZ29cbm3xgeq1lDgHUSDc4xtbVulW1ZVfRTSM407E8HLKvq3LZOC4ohDGR2gaxlByY4VBApUOXf06gPLEtyaK5gHb25y8dCJKO5bPpaeweQc7Qoa5nMETXmG4yOoJaYYNaGeXBoImPvsdDrwKuDna9VaUHJqWv7vFHY2KHhobFdckdyZM9BxmxBYwVWCIw/TEUVo9TeGzg5uJwxPq6MHpAeL7oD15/kxKbmQIoVl4sWRaabQrpzo5GT0O8zQA/GnJDDC1yOxFwoa+fNn2FYswKrY4YuklpFStOve2EQ98dhZLM5QgG3jzAFbxvEHwyAmtS3RyRT+A4ON7aGQeDjeWGUfqAHxyaVtJBc89GMLtzRUgZzxrVadUgZGhqZqsj1nqJlq42Iq1VFxHNutpqUaXPYGgjTIBoGcP8kugAz/IxaPwNLE4qJeBtto1JZ0rZCc0qrYOJ6mBLPrWFP4HRMEQaNFJGnaljUG7UnDp3QtmnPNCBBU7dWmKIB18s3iIJB4zi0ucgJr6y10vu+uhktX1ZoKmopqpt/HLyHPRkdGUrcFQRCMNe6XACNJpSRFQa/F3+gsSdAfJcEc2ssWG0uwo5VHxpKLBzgGu1bfF1ccJJIUevDptvqmWgvKL78sSpCnFvaDZdB+vrGSrNhaY+qQQ5kohMoQkch8YEGxKRgQtgVUI5rl4vBTLLHgZJRQ7Uc6MnLVNZzwrz1Stnn1kZnaejgYjDJPRdCBn7erSzqkkLpoxMy2Q3XNortg42NowZWjyXdFxqnRNSMzcHmiZEa9OzoVKRhRQtpfK8ECZw74DBsbNWDLerbOa/nIWQr2uZyBpxtHOahiqXKZCain5m6owzthctjrWcrzckNGUSNaGNLDY7rR0kJVdU9SJKQBgMuImbvacpTpr27Q3G2TxhsFbsSFk6CSLJWk3bELJEQ8+Z0JBpblCFulm7vM1+IldNdZkUxfR3MfDTBonmc1zLxDjGXVpOEyOB2bR5BLEijKilPi9rMZSdM4g4nZK4+dQVSgZz51CmEtW7bvIwFJozDJ0Xrt79NMtchxjyu+89uej+WxF8vNIBwMB6Xss4njhzvk7jzPfzcH0G3OHREp03Bb5vID1nNa6KemPNNhd1f/HepNGBiK00vdR6tjujCOicqlzFlgufAuKlq1mhYPPBK3+UxU9nEIzX5P6RA6e2f7oFoYXVj5NWKM56PuDBL8Xx9h9GlpMpv1spHPWtnvLip0lgVctgMl3M0azdMvPltJkjaxp6KhucCIB4ITtrYaeGCCpnKkghEBmXhJ3s6Be+GPSJ6m3WMNl7GQC3Ghansl/zo1kiiR5QYG65Vg3AmzW8A2BxRSxpKu9QMOsqe8uTJWLR01IzOHVpa4A7VeQOBTyZCt6rm0qQjum5dukXhYNPog3LpJKAHjrr18inaPpXE5kTQganMogdV5lp27YarZ32XVcL5y4fTotz0iAX0nsJ6DqbN06S0IfJ0RsQFUoCxNUI8zv+5rpZWCBeLfAIdp+ZI2Uk0gPBWjaKeRrLS43j4LABo7ugaKQST4XaGwTbc7eqDg1oVVgLJY1/90KYnxGhoXKgNPEDTTihT83U0ldcLM/V1q/mYsbsHEC5yQg7T6mzXf7jnD1gRqV9Qgc+e6LyXZqFC8cVqkogb4058/ByuWLFtESUjIJR/MHFoFWnrBEyk6SgHPuoOxQItWZ1o2x6xwdiQ9RS8XKuNM4TxEIx6BbfkzPVUI8LB6wqj8YGcjZrP76Npr3cPFwxo6VVZC4LovrCXRiRnTUxCU1rWKix5RKHIZ/44D+VCpSH4yADB4WlwslZvr6jxWLLvHGRchGSqEh8OzmRGcvR4lhYkG7JsawzVMdOCLhhZdVo7AbrQHTgrAGeTeCzSWvdWx2cWYgkbUxDc3TpsfR5Y+BCakINBUI8zphkpw9W4kQFv/obRpGbhI4jLaMYRht5e37rKZPkEkkyvW1M9ZvG8bElXMoVOAPiK6VtsY3McOqeD8cVAFdLtykXiAoqj/O5LFFWBtChxB3loukIlJgNVKEOiYLyFzQ0bbazd96fqtHSWTKFgiLt3egHK+aSXPnlqLXsw1wclEaNBEMPljG69J3RKM5SlbjuEsbQEbFLUUzKfC06CJLnOOsFspKdAFzpfSNW/5xFs4t5sDYECVoZm8gY64S1j/1XMKcrJ1d3RLsD4i+iEwZz85KW4+bmGnUYqlBiXM4q7mD8c7oei+NuFuYlUn2b622Yrowzl9DJdmXTJlo6y7cKIaxYXaeo3lb+Kx5Hr0PZR9+dTCFng4jeWgXHgUaMwNyvVNCfPXld9RVbCMnjbwI29Y2wLtgwOmd1or7pzCbrIWinoVAryKVduVJkYJXnelnTxdObErP36kNXK+t9qNhsUNHVGqC9SCtcZd6JjBAWYChlg5oJ1L0G3ryTuJ9Gu+PCcNEmuvvJJYY6G2Os4UTC4KwExRb48tlZEZMAc4xxryeE1xpkgHzqqsSQnhi45WkwFvXOCBf26nNZYnXKpSNK0DEWRhK8m2VMOXnTxoF/Rguc14bsNRHAP5zDS/KwChCCN/bcgj9l5H2gm9ZOPj6N4+sHn90vAR6oe332VJNwRMMGi4vYibm5zHnVgwMLTWlLCyAuFmYAD2rh4wE+mLRXrbKUk7HQRg/KnKqOixeZF1+wlJavJTHPnqllfbFS6JuXfvhvyVeB7SKQM56SvsSselEyIAq/m03eDusky9YTojmLk1rgeN3mnRExYxTFyOgAemizCM6yzgktqgQ4amFh7C7LjsCBQdtJIhMcjWnTP7maV3Za669eNWh7EB90pzjSFHIUymGhgdC4ZrNMkGhKTNdGABtmjZkSlQ9dCXh7YyShGlHHPzDq1ZhTsIyIpt0J4cQh3KYEGmnRb8rtjaxxRO5od5FoNpYc9k4OEZ0icfDTqMaGBy9v+Q0Yf+PMm31PROeCdYm2D1p5M5rJyl/MdVHlwxUk46cvzMWSYCilIihzzqajID7SWlDrgWHW+RlDMzZcj50MeY1l3QTlUOHV01PJT+jz1HkoJM54XCqHI2Bf5Sn3LAJ2QoFJ1wgKjG3PJlYa8R1UQwwLur6I9sSZlS4jWSQt9FHrJmT56dAEVx+qAwQYHBxrZ83MGVK2LmxWVONFAMfKNfVPsoEZQ5X5sQVGAhG3gtKznmyYMnY6sDjNa2esE6nM52YxnapYxrpxaeld3Qt/IEuHJP1oFRTo7m7yZNNheDTx2c87QqEaiYhZEE8qovuCXcRTzWKQEJwojINZRtbHQspc0/FB6xwuGo3SMmak5WiCDaiUrAhg4Xk2iEz4TiFA508RczCZYmdOvR3bubuP2Kgh7xWRDP0ZC2wOQCeCtO0f7k4t2W2LWIlg4fjOyhg+kZIb7uJh9P6+GP5XTn3iDeIgNddCLCddrILe75vRRSyrBVAfJcKuljhNtoZtiMhPOBI17ZgVGIlFJD6HRZWhYfQoCfRc5jk91exMOYURNu4+RyiAOxLEsrRnTQiTBJJx8hdr0BpYbQpA/GS9Cr5KyuWwtiPoW5v6xEcxl+/xAYJhEQS8nTfloaXoXIZbUxwc8xFyAbKIgOLFwskGI84Ss4KYYekISL4unVj5bA/CueoD/FJE4mUBS6W5sIeh/hCkgE5KHXfmRxCdAGWem4QI5e8zn0s28DMwOsPB5UEIE1Lh2713/JcEfk1bwk4o/jo5aQNttFsAI5sBOhHRkR7WdbVFRwl1YFDotTWEMvPc9YRWMezzoWIjuWwaLa1RcUNs/QIKrFVSOv1oksfiGP2sDxfPTUvUW/+FBdEwgRJLpwQSJI9WwotJqqzHDCAGZ6UUNCx5j5DTataC0baSnRh2TpQKyO54EVPnaaMXQnWWbHbL3VrHF/nR6HjWTOKQpRbgNQTWOGwn1TgWy+pHLbSTo8lEA1OZ2nGsPE2rM8d3RzuZyYOOcRrditMMSiRdK6yFd8qw0L4+B+5SaOorRu3GfJH8axU4jBgtPY2rUB/S00WL03Vw8kXfp2T8SBOznSWUHBRiiBH1cM3JauWPlXdibMC5vNDm0z38SgDEveX3c41WiT+U4hsSGHrvBAxnLDf3gvOfyPjwP+ix8yQrgyJzPmjEw1ZeRVAr2tSDiEgLC4DU+IwQkYDmLs6SubwpQRd/Ps3R3Vm3K0hx5t08gWk24h56bcUnA00HBTBN0/PZUQ3KoEHEBhAgtK5+9MlMTNZKC23TfRcArRoFfNB7A1E+ADjaGBruuIm4b2IIm85UNfelBLhhG11hbNkt9GpjPBzZpFVCzkyal7S/bEI6lBnxJpZsLIpuHTS2RsSjxRsugqyzpdVi4V4Yk67ReN5GKcgKQGtfYnRC2c3/VBcovooYam+/ykRo3hAeFr2T34nMATyjC+xgNcPXZ8aAwK+HMbrMEgrVPJYkVzNtSAvEBSlvkwTRd7cw8a+r9K9qnNG+e+Wb4NjLa/wRP+fi3bJYqANyeXTgUC7DkK0pvpsK6OI7PFOPVY9mYGeibM4jknK9qn9QJaDjUtI5NPYN6pJSrcCyBc8vUKQ3Y+GPOi/IcOqoNwd77o0iADsPa7Z44w0M0yJeZl/6I2nIYirPlUwajgNqSKegIHvHiCRBJ1cvAxLTHDOlLTR5bNpVTOVsO0TVoCBUON+fsT7BIG9qasv7p46CS4wJQDqIeImGjk2Hc7IWIiYVTa/bQ7fSxBA/J4DBEUUJD8FlgNw7N2HRm3E67MxT6+AXehVDYBqyFLRTmKp4bnlTYh4WavGB4J6g2MEjdSoF4EJs7vvequYFyOxwN7gopayg8UoogzIQ2tXIxOSUGy5YWQsPQhzCgyMEOm8WSbaSaTI7+3IDHWZWx3jtxCDDcyWzOjghUknRFsnMpmoeIJWKJ60VYdOhCMaoL4xxCOecqAuuc5ZOJGaqbx5MH8/fMqZY3CBq2C1nLNBSFmxDEzFU9uKhKG2VdjlejA7kDgZA5W57GGnuDg/zM5Vt2RbIRE1yU90kJGI9DW/HgVsLI4aaE1uVhGucwwLjQSg/WLBQQAGHCYunYerFKG7jVEGcjd4Ki1ACzDtJD7fhkYxoAtnCUsKVZBk1x32eh/MJNrRCKtRdanrvxzLVluvlxEqC1blWLaaELUAp0TYfHfGGne+xaKAEMVOWB6BU0Su8JLPDTFuweR+hCfDX/F/Sn/j7Fv4vIz9zYWIOtxjS8VDAIIAhAjO9M857sOCF9WEEgVDj7KBbTxEEGDGthNTG5nvantltWhdTpY4ZaZ3rqMx9IuvgLetmUYZFnU3x2bkV9bwmlcS+xoR+tC2qi7iRjY3PGq2ISQukyru4KWlDzJOIPv6i9JAMf2wk0QVBK+8n5cbuohxJzZZdoNvhbAyWwDVm4+k4feycpRK2bAW7yHfa4tIkxvTigiX2WJueMR0kuwap3rYqIDt5TrlZNvT4gGEZZCiTKupV184FZ6vTqzjGWwil1aHYxq1WOVq//NyF2yEaUgfD65ljpd1S4PR2QDjFXO38jNvLr/kvvZ6J3W9adouESwmtZMUJHSsHtbt8Fxn+NBtP0CvRqmW5vE03ykKCyBsPjCh/S5EwPEvd1QkiS8gLNxODmcH493KC2xL5SKRh92TwP9zjzaWQWhv4jA2M2QgOM/ZU1gx5VORbiITm8xu+AuGBMz6SwrBqMR/CsGetyi8D4yJzuJ1upiwXRVmhdlRkLUKLjUcRwvEJKxCWuIs2Xnr7Ml4jK5ita4hjoRabIi5qnXZDjbk8REIuKVd4HJdUYtkl3B68+PJPBeCKqt38xaZlZTmm0SBvZDNd4kBD3IyDxxwvmmHrKhA7hFl4YAzI3FzSikcUb1rwSrxkjHPS1vAWRiE5spefIbkim1Uv57ZQiGDoMCuuIbRvFsTI4jr/Xnub3FPMj0V4WpR+54G/98JsgS+3++ChYrb5L8B6fWwO/uEHefN+kZ+90Mb5alpWwoJ58BWqlOjT7X5IQsdKgV9VChmTxFKw+RBQfCLjFwKpi1HKxXAnExIID/9Juo4aNp76uAmkiHg0PGUqjdJOAxqLWBR6mg+kTtV3eprn5pomgAimuPdpjdnAKq8TiCXUDe1mXpjwgQVnJ1Xyz1K2cc3wfI1+rCUmvrAW0RQA8qwNUJKRJkZzTLuF065TdFcCXMH2pV1Y2TjwFhAxOFuW6Te3wPMMJwPfvWku6NkA+oxD9vUJIzPKwHwatuRK+Zhr0ckPp7zib7GA4BxYOjR0Ym9SywsAuwhNkx8pqwrJnolTV4dU6hk7peFiJv5+TSXFQzZa+owkOJH0Y7NI0XHkTmxsgHEsja2t9ExapomOV9PfE6ohUkXMg6m31gsEjBGSjKxx1VvrMsSSwrvzyohUB5jLwmpVtxD6Izd4taEVCRdamrKZ3amVo6smAjR0IyPH9/QU6eerNZbxbjqYnkds+hpXOVAYiitZ3YRms7KMtC9Hus+rvGhJoYALII3Zz5V2M4ckGZ8+c+41Q8xGXEyjUxVf9uVaWogdSnSig8IiVcMxpKGllL0Q1p2X7U78ZY8VdMqocmmpuyFtKdwWrAK2DHZUHzJeNCmfXpXVUJieBPREbrkMgDxPBEyzGL8DO+qW7dhhKJaH1aXRCErFUTcABNP0iKsKavpJ050UkOxsd4hcH3h/3HMdc84gTxb+lancZVJecv7t88u3rzz4//TYP4bZnw4yFeEM1GjKcpzzN/G6pWxFZHPt8TvmHvwpJz3MM11ZEQT9RA38TJ3dmxmeIPPNUEbmfWAj6JmAyOmErXnN5d2y/pwWLwI62TjAi2TlkDWeHIpzsjrmuw8r1k7yjMyps7xqX6YdC+awaTH4BZ5CWRELTHGap9DaIMrvQ6mTKhpx4FxI6Ml6lgHaVUIx0EvKC5sZjRudM0Y4OyjoBiSdeSP1K5otmxXiIB/8E9rLPXZWYOPDsTUA6C0dI3c5L8S5zbsYLdIFHH1Gs/D5FX5GnkfdKRu1+nDk8byXSK5w3PMw+1nrfuKvoTv1pVV9gtO56QU5lLv50sLzuJCw5xGCC2cGDY318rdlOof9CBCA/lYxjlxBOa+oMvB8+8c8eZ2AyLcRsrcq4HtvD2+59Dcv/OV/5y0nZuuITCkZ565ED1lwMpYFybF3rWbcEbjE+rpCcHeycYF0nT+Vo0GLb63KuGvTpjhggKLAh7aG3cZG8bIXAWBhzpmhkdcFHHCDp0mQxtASKj2nkWAu7PbZy5CQbFwSra+4xXYipl3qwykT7HOcpVUCEVv+SjRtauxED1O42Atd7sfXKA31QXLcNNaz5cZbVYZIrrwF5PDOs2aBIa5xI44bzgxDs/gEj2Vpl5P2eJyssF5oRbEXFDB51mJnaxEUsamseFatWnVwRJjb3th3s2RlldGj1QfUoGAY4P14Lh1nnvOMWeiNE8gs9v5Vn20E6q8AaSgIfb+6feEIxu4Kz60EesfPmvbUiAiOP3y85njP46XHl9M6uzcqfBplJJ6sbDpZeAKBxmYL1nJAsZ5CtU7gzACnQ2CBHe+UeBLdGCjIwGAUAQ9YApihTFT6eSn2NB0gbAGhz5/xioUwSESa0txqBhD4xsOmZ+jWswiHIHezCmgw7v2XHou1YVHPjyT0yNypmLR5QqGfUWjU7ASlEUqkJSqKsXAoe4h57DUlbU89vUuAqlhcN2qju3EFMYIqLZwHWCjW9qB3bFhOWvDOcWUXhyEyWAGAHz8BDAdRh+OKP3w05hQio+SUcxh7rCEMP05wX1ZKb1wdGRbbc3oElJXmczKireuAp02Zmt6hSE989s0eQ6D1jjJxySUKKEtgYGgOrYIndsPZddXVGZ1BrvXB6//cRum9MGZhTmcaC6qpPGIVkAbE37VD5LA5yZSWQMf1zc0TUBE+hap0lN/KWweyE+O2mbHci44S90OxVLPDnG/E/njYBlM3xftSi165JQRyyaw22jZB0tpr81zEFH4C38BPbvbh5OWTGoBNALelsExAcNTYxDqOIMmEr3MrIDjFLhijp6pN+uKIwAQNfJp5OHdVx2zG5aV2P+g3K87qrpHKhoPMPJftu4o0d1wly6Kig85cxqPyiS0atlEUZBuKa5MvYvLeaO/6hrYCWBuMtbdc9NqzVvl+rieX1/FeP3M76AQhItY2GAYNqJmfWQpXcfWBlvgEP8YqClOIMYqWod08mKNZl2bttABNops/tzDGStjUnTqR9dvWXNaqjJC5sKhiRyg51KVlZDeL4jboI0xK+2RB67LeLNZBx1aOfBk2hYaocCcXClMrLSO9uXxCNrCbY6IJADz2Tbv2UVhZz+BnuQVztLDfUEpJwo6hxLg+BdrUor/BrqEp+ou+kaXNEWolrUgmamxL6szD1bA5rfYqoCW1CvU3Ja5qa4aCBc2FkLNicz7ksdeiNAjox3QwceZfhdo4GCtK1OxQlZobBp4dldlZqqeBOH/iY1Rui+/7Q5otF94AOD34c7feOscekuVIfGeScL5G9ozgPip47LoKVbtO10rjZ3+8efWD1HpZCy5bvGEAOel0o24JWWE8z7Bo8qMiXYw1x8oznlcKPHpFzquFXgl40qH1zYveFfBFHi3B/SY2oTwnqZm8Jdf1xXcnwJFElUrZLtfDYLVE7Ji6BJgIMC6Gw6vEcfZezmUb/xqWxZ4FljupSUQSiAuqs4mZ4yXY0UdgqUyj2KLhHNgwKCZCK1N1CoR5BLIWQHi/ReH/tKesH4ONh/0REg+KRboBiWXCzR0bnbkYkRN7q2FRTAEUrzlbhlSSctvJezmRhGnFX3Dt6tO0wKXZ05WTGTbq0RiDM4BbOIPNy1Y/7FxtmQKOtk5Z0OGbHE4sSTX/kfOqd5CG437cKbFSTN5JSab8y9X+lyYD5czzhPUVqRcH+ROzFr6dbbz55ZlxsTBhpxC2btSkk8Gz0f90QXLPd29P3KD5XjMvLbgz5z/yNFihB2UJwgGV0PoZgMyEt5qIbZn6xmtVR1ZoL9ROD4thC9edKaFo5fBtTNECQgyTFLNA1VsJxthNMQ+sAkcYC3MrBEZYDzkg/vEPS0++7DpZRUqiAPONgfeY9OnC36iG2DQT03lCKsfIsIO3vPqp4O2i0zFiaz+XgAXzhLRkYjkHPKpB4pkqE6MsS2Iti1JX1be9RvksUUDOQCz50tOVQ+VyQQOyETjMbDvn2WGvE223QjqOR2TAzjVL0BsaLqhnCuTjFG7pyduCSIbkZOUK9uQYew0cr6WYK+Bsnj0ay4GdsaeVtAauSkrRr1CcGV64/EI17vPSvuSzd7T8CdU0zmIpZqkyD/Dg7WH2Msjd6jk04ghuiaKmQix3HqyC1BCLwuWMwuWFRZSrBi3B8pzpCOXKsNAzxvGQGTALGQizwi5W17zSk43D9W3AHGVxSGJNGn7F+ESoB82THmqMXHAqCSVlreHZGmaxNlM2HTyTGSzPMbRYDEpD3LuY7F1MrWFbDnBhgphAIEA0bFaLt+RDCqAyY5LpScuDRB0AlkgnHjcqLSVWCB6ozZavJoaNiKtZu+FIJh2JauGBApA5/5F9H4yBy4aOS7t/uwOTrG54kitoZIw+bAovL8rHutZpqcZoRMi7Uls9l5SSYszXMrNOZp71NOxOPObpp+/wX2peWWDuXBeNAz8TUQViOzSqy4yIDi3hzwBUCoYA7prECZyIIeDrqlnsFOBiqsfKgNlf6ao+UXTG3p28R2uV12stxg4+ebgISS98uQR19jlYdGBGDzPZ3QjQpsDgTm9ORZVDwUSKTft67FyhUhQPlV6OljCLOlO61PzobVBZb/H2tBpBdLDtXDDvShoIHQWnzMgl6lylWXQjWSZvb70TMLYlNd9pDmkD573T4yqG7ttw00MABUFxtExORsXH+Lq9VfvukFbm/rB5hp5Wc2fenl4qEUGQQ6S6lnKzG8MAACAASURBVNzyJl5nESMmAHFFtUHZcq/GQ7Gv2uHgZOma4fz1zzey5JiSMRwBovBxfN6a5MuaWkC6LLAY4KPcux3/SQdj5P+dPBsMqA4mhv//cfVnvdoky5bvlfl2mWutvaul6hwKBOeAANE3AgHiEsQdV1zwOZEQgiuQAAmQEJ2oohUIQTVQu6p2t1Zmvh3/37B43lybmHNGeLibDRtmbu7hEU8zK5tdW2/1/2gtu1sfbcaPVXHywroR1KKpvHomks1y6b59v+9jPz4F2YTQP01vpD3wG3WmnyxB2zAOKzo991w8rKnKgHgapiIjXudp8nJwhye4GrESpQ721y5mious2gtzEoJ5SfsoFNcsEM/RrSzJo3iwAzng9WwQyxZDdxKmk4qVpXK1zLF8rDK2SQx2mfk0o50ENX+6cGfD8q8TNDcLDMQe+Dy6lHkMGqnDOOC7GxkW4LV4S8VpAwgfZJ1z87X+ftiP+xKHPcYSxUdX6eTnfqIa17T4WGFDy2lZdxvqj+wo52gaxIhc78vODLi59H/tteKbqteaXF3lgTV+T35rreXr+/deFeLwHsczvYBXSZ/CDMXXFNJT+5bmNHwOPSQ89hIYX/aWtVF6muL/Is1ePE1h4XBtDMLngez/9OX9+3d9fqXvviidvPvoAhEH71yrFy4ay8HrmWGE2zFKjuFWxEmuHXjVrIknGdYTaLDFoD8f40l7EjFkx8nUcV1DmMna287tXWSTWMxJ1jAtysuSvKO+0wbk6saFJwWvpvwiwQixGRt/uNsYJT/PToszKlM8ocNaF+Ngy4kZ7NRTguQN0guE1qHqyaa94JHoJC2C67/kE6/oaleeVo3g6CbMznDNWSuY5AAN6+inuFlgFg/eeSFPLHGi8+EYdHLUUHrqF3anmM0oocrbT90skPGaZ3p1iVBaOS0M2zcyZrJqBJ7t0RLS9ZHGPH7Kd/2bxuacKbK/hTbRc19/8GmxcvgGP+F5OBJFcmF6vJgn9DLkU/bwpENo45oB8kuwBaVM0My9Cf4aFcN2JBBJqLI3bTE02IyEOS+F/mEoUtUxRsAoqVCJmcWi4yGsqSozmoF4/lbQqWn02+I7xaM+iEezSor2bVmJbGN7J8jM/HXhOhPP6ZwMHT92G7DH6KG5/A4bfYnK585G5I+8TxtrNkO1pL2XBldzte7Jb9yaxbdlw8uflcfR6nreS+KKglfzMBIlZaQonA1D4AlghyTJ+i0PhB6XRzzAlBNoBbXhNgy7OUONCXNB8+3rwj0WdjC3CyFQV6NX9NZaXPR0DDdgv41DOmwY6s3Yb9/6X2B7d8Q8flpxh+eqgPmmyhjFuKBn8ElRpjNysZgDMy7yoUcdJ+Z488TYySio3mbAEh+v7c7DB3qDIKuZ181t7NX/Dy3gqFXF5Riu25ac4kKexJiMxAKTd3CEaaFMfrnOEDVnj71HHoL+Gok7MMmAA68WCTSuUFONSUgAAbXCQPYJzzq3SDdEauAShfEfIOBVB4frVBF11u8sR3jKydQ5f8xO9ezOgbkJNrUl9ACMoVUF8kQCLGt8rRgoCe3stUXb7hGTovN8xrOX4hkkO9EBKZE9gbWdwOP1qA1/7g1m4tguXfFQrgLBJMYMNan2WHncCQRjCFsOjW32ud5WNLpQdzN+XJ2t+nG13Oj88WQg1HTVuTDzMu3Nd72A4MwMV7QZ9V7qs8HhvrbT/wBn864GpBpT60d6patF/LX2AdZeRHjexSGY7PkmFsc5pC2FHCgY/ccxNyS7yfj89t2HvHjfnUuPwDK3P+99claQuG6ghSN+1Ygfv1obxjp6i9pa2olFdePOejXZgmbiy/sqaxf5rj6+LSY8wKJLSuooDCHz24KBoVtUMRKKvWIbTjdkH6A0xlvzWCQEWRlKtdOpnURfX3wCOxOa0UG3xvk4VrM4+yqZZm9g1VYqmFnAzRiZSLvs3oSN0xmc5svoKxEnFJy1tUsNHn526/n1k3/x890HL6byFdIi5ZDwaHV1Q+PiRnddknCUPPlqw6x08giNrKGx59ndYtalwWh3P9ij/be/fPr8/kOMq+tetuYGRv+Ojo3oJZQBE+ki1b7bz/wvymhHc4Is4ryAVLXpoZYbV4uYSCSQpd73JqDOhVHOgCz1fbfjQNNkBJ+eSDXOCeaOJ4LDYPwgBFzUwEUjwU37x4XrGmpaOBVJwIgVuu661LCwzt2uUwNSL9iSHLHiQB3gLAWgD+eXjrF5eaZDKusqkSHW26gki7Bdcu6TcIKmigf9ztxZRTFNzbKtAtZVaig65ms11WeCqLe5IFb/TZq4xdADdGc7qS6j5d+YB0atlkviBMmiUwy+/cz8I8hs7csSuwWvikOYf4cxn9nEbGYKxZCGoFZOnZWHR4eV+MSHOdeO5wIFgPXOlThTS7+yv/rbr4bFA9kQvTJc1TuuODR+DLK2c47NLfVE+49VKM9JArWhcIf1ytRPQ/P4DIGs84dSbFWfZvVHSZhuiWc63cDES2zTI1zHqWibezCmzPs7EZn1SbzUbVXDv7PO0ESrCAnwg7U3hZ0TwGduURk9JPpt9xoFV9FpU2IB1JOHtQPUEeoA665uN/pdf/FY7BY/7GxocmDt4W0ucLrmdvrH4XifEsW5ios4FLsGRnY5OGlcSU1t4/cEa1c/Ms8uaC/H5A/MCkkEgkw7dcI3VGWXro5YwZ15rWrB7Cg/Vf26Iz1ncXTSbwr3zbNNdm4ItwJJRTAoE0i0SeYZ/zVUvlDcPvts+plwah0nVsO+eW62OLFql7OjHeiTEEWp6Vd71uwPqm4gPUfXkNul49kfXmaFhO095nwu6Gdq4MsWyEl6MUwJ1vXV6mFUt2vevAvvxI5OHKo4Zh0wnPH6/JxfDfqq+zv9bD2FcmpuiaIrgNuGiyRYf34wZPaaIv94qHFr5JpOoFMMxfxVNdOLRlUbjIlqPpXJh7eWi9+SoFZGnyHmTDxrerT5AKNjhFVyc3nBvEG0Ax2yDxzBS9PHpeei8QzGhWVLmMNcTi+TmVodn2FnVrxm2ult3HlGKPK2CY/rxQ+ftQTzQCWJJqE/2pwmOEdWfXjVpLlY1n7uGRbVTWDgBK7CXqwYJfzUxz2RZp/Afu3DJqNNMxYemzWW/VZpjA40DMRrbWD0DSsuthqKknm64h6itrDqbbhCkaCeq6WVGHvGjprq28m4cVm35M/1SPnYur5e7SfpreLO5+w1IuP09tNn/yC81yJancVXMLrf6GFG7y/+1KsRIbW8TDSkr25FvBTwpWUlOm4tAvIGY1buRHzcMyyNn2hKrLkYyyacyCcVqXYheX9BrY0d4SgOnXYN6B8he5eS0HNuMeqYKKfXD3ogDtEuZKLRyVFbqFN2KZHVHJvy5nKLU4BGjNpC6Wdh5sYsTkGskxxhGTKd/uvEM2nMv7mDxDOdzVp4kCwkzsa341Cyf1kw67Uly5JRnML6G+/CsKubZ+L3gb3UbCKMf27DXyVbbho77x/UheIbeOYrFxiZM1PnFUvTdJMTQvE/oGo9Na876nH3XXV/WVS5fyeRuf6VtLeL5W/wvYE9Z7oF6Arjqahs6gWsnv1Uw7r8LscCo+pes26SL+skT/KDqadjnXkufOMVVZ2Spy8vL6yCcL74diJ3rE4jmr0+YwBOiLKkZY7OZEb377VL8Dxgrt9EcS+v+1sYHNf9xUiIRWyMdwwyM22UdZJIujjNzuwqibjcK7FE2QOfA8IolfWg5qf60dFJbPvBjSTxtghXZfO/v7kVfuA9VJzD2qiN0SSjiWnV/UkqtYmQef5mFj5GZzZmNZNcJyX7bcNGk1uOwSw42KRbI6WNmUb1RiRNUPWt7ukkNfIHObzXCW29/0rDAyJfX9G9sM1tZGXX3KjGzX4THw/H4ozaD/2YYVdp1zu2nNMYssSr0J+J239w7A1lMgPnOEUDZ7v56lQXXbMmZFSqA9npeuxlYnrXQPAxjVESkAemPLcGsOo7XdAmSfpAGThLggriJeB4REiuVsKv6vY1z6eX1GRIjsYfaxcSyGdgDuqTGTvMU7J6TZdfKhSPaYpSyjaW5zIzmasjK30b4BQPbuIoEoTKRSZqF9fjcyl1WkQTq6uYHj7VsdmRpU5HU8F5guw19TWvpy+VZRwtkjzlbFtNv0ZwpspWC+g0yhM65GQiXeWBHZlTqDLJIWnuqlevuIRsTpF8i6E4YUA6QI7NhJoolujNy7xma+6O5+LQqMW7ag7258UbU19sO5jk6YzEfDpQwNBreCA7yfr4aBwnwRJfojUGZl5LgUsjkxVn3Xb0LYSfXYm6DNEw7iwMKEx2F2zGIQp52wbnU8IzrBpLrdq7BsE54+pPhRp0+/2NDxNPzbeSAmarF6NKkulimAnWZvKbHIHrlC00MsnGdSujwl7FME3pBzdnqmepXToTcrbz9nTtI9H28NcMT00qLwTFo50JSMt6sonOvqAz06bP7mwqkGYHRkm2BAuNPDEMSFT6NTK1NSR2dRmVYrQzlPZz0AVjhW8YEnkkxjLEGWDpYTS7Zy6r5zbzD4VjkyyQoAXmylWYQk5DjxBKq31Ny4R15yMyvKkyrFvajuZIX2d+8znYPw4pkPsb8+sRX6UzLwzEi/DEWOnnCQSfERFm/GoqaXtK39tzLJU5ZLVRm2vK3X/KgW4kvCfCmxassjy573t+Pn3+ZLj0QYKZtxAPXMdYUyVctyRXnwfY4s+Crz7OujdrZL4rdWXvzvC2ot4NgZGR1PsV3vS/OLxwydduNlq6yeBetvCNuYkb3Snnfl8n2nL87btWdt+/f/chE72jqdXhVonuHTaBymg/uqRbF1PNzAnz5jBRyFhkLvknbskmXD7EnFPvo/Dlk/C0irUUUfriWly8NrdwEef1WYlWfE2IrJJ0dP8Q+QSvbnlUw2X0Ou8ZdzxMxkOeQEOZv9lhQsIEVrDPIKPJeU9MjZVfhU4BNEpeMcBn2TI8TYy0cwVTBlsXhZ1g6cCG6NemlcEwAq1fSY1LT9/v5psZTYm2axuK/jNKWhnl+7xfBTD6pKROpcr2qFAA17YOcRzMEoLm7gd2Ju3efvjw9udeBOpOYzcJ73rXKYsB5YdvhJbnvbPnUzctff/PvPGdVZ6Eff70sVs7/iKakk7FYYwX62C6UB0j8TTs3M4gyAKq85xgcVcRxbLFv7+cwN0GffnZ60brwq9v378zAHV0iSXKArdApLPVuywe+Ai535pPT2dQ2UPoRJKnrVd92CALAoeNPrYA4ZLUnRRhE2LVNchBCraUnaw3FUL00sQm6uSFKDIPMnIkgahKDqUkXjcf1QMcZtiDZff5IQ8OCcozH9TkgV6IS5+7VcuCSixeyCDIm2Hik43zvXZPJmay1nLPgNcNYVQUgsS97PJs6d24n2H6R55RutNgK2UponcqqC+wDZ3ktQl49Q0Mx+uxoa3fr6LzfgdGa9PanZow+vPOjLN/I59z+vFYZ6Qgc3U2RR5grcfPadso1yAo9L/VJDveTNKrIbIAnNoeBJVXJONvrSc3yW91mqqfmYgwyoPhB4IybEonqVjAn4oqUdjyc2qPVJA46FXx7DcoA3A+HZ1qjxGQmm2LlNS+rru69loX7lDBEhyfR42B/WgG06HBH1HKyByXNZ8kUuaHJsL15GoH/xjYzGeIuz9E0N9FG1s2OoX/HBnKUqZGZwIie/EprrIYigORC8+DzjTWA2uNsLF1RogPOuDnKF0hPCuxpdguCTe6Rzqo7jspC0aZL4IZPyefSq3cEEBWajYmO+n3Vem8ayFRw0SL2YOnPXYDWXVkVHe+nhps52kNie252PkNkqHOJrezwGeWnG5KOh/TawZo7fLJ5yti93rSWfMID5+hmxX5MUvXpQ9IBpI7yxdd6gtMBqbJPxVWAQkne/HqLGc3b4fAaBUsd1zQpUj1DPRXYTFJZYJXf9VqJnUjObMh+9Nwyroo/lBuexUuNqROXqTOnCkSK6QepY7lLpW2F0Kt1XXOoqxfFlXD5IntsMA8tLkYn8E/SDPvkrof6hmYOFgs+tMdFWSmyDxoO3ko1crR5GTGClrGYLs5itrOoNU4o+eQCoan8hwYlahsPuCabeN1YgJGM5Z4+tOAK2+mOEsv3TXN+riM2Swn+lyv4CVhwlAc4OrY5gJNHeSNMHLrkTJsjNdVuDJ5WmqYme6hzGPh/tKiyAMx40TKPehkdOsj7KJZ5+6qGW5r4Pfecmux7lagqHT3QNvqrEH75etHozewEmI5FXdLK98D1NqrH0/qE+wmPIHWP+n62Bsm1feSwC8FdLFLk8wQ3r1998O+OP773tftNYdQPxq7b99/+Pix1wyC0gOcDzyT/X/g9Qx2yUfP6wmLX4gCZcJT0d8OWrniXN857ftMl37pKuVUdxHuASSEZLSw5Tud5BVE1CG/2ie3UJBIJpPxUd+floGMwyKZ6nCSkqvKKVEeQDUdN/MI+WSc9z8jZg1H2FD36Quspv8IP6eal1uut4johqoYocJOTXN5jCr3q+e+ieCOwdx4eM3+cRCUiHko9OXTx0Rbpq9LltKp8aJ8Fzhv6jrL1a8LdE6R7MRy/GaZ2tyyLtdq82rAu97fw0a9812pUdfo2T7d1VvtA3/73t2ohX/GPvKuO9r1DzLdii6/M5kFz80+/WzQ7F4z/0UIPbHCq/1YunUt9zQJRo7IPOVNb9XLCkH98ss+2/7+fRejzt69fe9bpr2DbVoe+fvp8++udcHd/8gQkOhj0NHGrsXFuss1MX8cmnbl4qyNga5DqoVtITFS82L25tAoN+Zkw8HGnY05t4hf/lVV9XJhktWWRtXmaUQQQvhgmKRwNRoEuZpwWxTv+iQqYxjKjInuUV7ALp5ZHM6NVKCXDZli8ThVF7i2lJBkpxSYrwYm2HNjJqooDYKUU2Jlf1ojecKBbDIC/lSfJ0xhUZy5eD8w8yxans3jYsabHufrlfmB8eilhUvgiS9vtIjEOZUFCqE2pyXnohJaEmC1EUi144WEeI1rItFf+8GorOD0qoyjTqdbW9uJQFjx0bgTygJ+/TsWVBXO4PUOHduZcIbzqrZbnzmvFoGH0eTHtaZBki79lyn3LJYMskd5AXBRIBgNVi6YL8zESQsDije3XONjdS1QQQDapOgMlYX1grX6qshcLlUfkc758W1tNoGpP6WJzEy1dFGpDdDDqkQJCj1sBzvjVjakxoDVkolyxI7Ii1ReP0PXhDWV1+4QyOsFE9fZXkfy0Tkia6AFWijXpsIU9LTi+VzwZAHNFwLmnfbHAygvpWo0+Z3EsKY+Q48cxZYPbiEab4DXA8xrSvnYnvOUZq+DAYchQiLRJku/mTU6bj000KTc9XMT97aKzlYhyjP/xPaprq3p6lQYcT2JrKsYHkJ0WB3qpD1eG4vgWCHWoXKC4pORy0uHaqedrGuaMvM4hjeqmcY3zYmKKLC1YXwAO3BhVK9u3oW46gSXQw/bl+FjxVrWU4M4kTM/O3jcBt7WWyA2xykL4OkUi8hVIUwBY3kKR3hTIN5UbvTmxjo0HJesJk+IzJGxcfBKVSvW2AH+ca2x3zWeZucEKCW1hqwIm5qTDeKhWXXi6nfA+lIJiSGzaEuFiNIUUBjM6OT8ZBhZcJwaeY/h4O+6QAor4A+jacI6cikdUdk1fWayojrMlJejyZlAttLOX6F0LWFfIia9ixp0wOyCIFGwXffmiGri3n8nCyNtZTzhwmIJc7FO3vsittL5/OXjL+8//9wn6kqrlltfPvbVJr0o0PPN3G4x/+67z3/4/OVnPlpr9S1DvU1Dt7RIy0bzpk9PlXRaM94yPV4eBLzrEwV9I0BrIG+weWetvrfceN2h/8+KX7frvbDw9tPXd33j//tW/F8+tX77/v2HFoMtbrLV/y5Otwj1eoAHFRaJi6spY58TjMj1Y+YFZxmjZiF3rrpgISzKwqIywb1vpXeHFxhBa9mW3nCqIUmquv6em4EifwYmBkbvPLaSopE58Z6ELLT6gHD1KCIX6I2vXSMEQ7U1BDTK1jVuSiYPblwGi3qxOPNWJcZFclIzZcsXSNJkppZysxz6qSWdTjI8KiInmfaqkj0WY4UC+lWCK6mq7j/s/tRtXR+B7UG774X9+ql08SJ1jZT7K+I5KUWXjxK2sEYSXoagBadvSt14WO1dppSiZfGb9/24tXRH3E3q288t7+ec9XGvDHz99OHHX969j0swHtR2Q2rtFrYPyraVST9///Evv37+JchlT81yNmIJuZ9YTxukYljgDDpt/bTxGJloprS0D7/3KfXGtbq3W49u0ry4lcPeSfa1b8HIqYjeDKQb8uvCkt6gB7+kW0jTjXZxFYlJyrsGarvb8K2CP2OJXJiVAWY6efTmwyMpW3c+d6j1p6xHyihD4tv2GKh5VZ0GHGTAXPc4AkDED+h5Z9CBrn5Ezjuam7o4A2fkqEJfoFVfFLLAmFbNjiwW89HrJgpCWy3hTGajvp7q7IZzrUfNy3Gmz4S5vx+KEI6LQD92qq6bhrsMTW8DJxtNSbQ8r88KmMtbvC5IYpsEDkKP13Dn2Yvv+SUFzmxy+uC2q9IjUkGSGD4J6KNHplx7bkrVZwIZMwN7t2WVuFbt6iu/mq/6jI7f0ZwIsUgkO7vT7Gzoz46ifhjLB+uBT6LGCK25Sj2lpvNUSs/K+HZ2HbGTEdM0gQq/bso4blvPDHRmqt97AzYmZnOqlfqdzjQn9oDiw7MbF4EekIpjSdWm/inXcFoDrXoj98QmOfljOSevCWJ6/fS7d69OERRyeFTOfwHZNWF1Wne9BniySSNn4C1PD3Z131zJ8L1/dWSSpJ0PJQsKR2mGXfSaKdgnorPP0xVnq4Bq1kUJOZmUiheQCIVf49q6vt8EMqLkDsBVvTzefD4M1XOE7/28TB/F56Jm0TJumq8n0ovMQEfh0TRHEhptI3VfQMVgTkKLlcFq/fFyFBSVJ0JLBWRqn7EZ6TSEVa8lYXBtqzy6JGvQBk5cq5rInK6Bof4Ofi0VIU6cQhox3PjVTnSwFXTScy1OhUz71cmXvTZEuBLbatZD6zZPMR6qaRivNBNf1B/ZM/ZYXGP4g5wrjHU6DdC4tpsWqWK6ETuAERuR5BOyZ21KLwluvDY4zv1A3+VBoXPoIjuMQby0FuXt7k5jbpXTorBZJUaR9vcoT9NsuovDkGeZDmeXJ1dzhFMgXsMiOXrfNF48FgwMH5COfJ0rozO/50zV5wrh2x61mtuytZbnjLtBXacKKIldbeGTfHWsYuUGARQFJMRt/V1lQeG10LQgaT2/VogqWjK/6Z2H/WSld+Hs6W3vgPnh0+8D+uwtIm/6lxlb2PQmnL6N5+v3v/SvNr58//GjR4132dnzuIqx6I3Z37/74Tdf/vSXnsqXgIx///Hnj+/f9R1A3338+KXVWhe1WMS0NrOTWf/Lmx7pfn3z8VMfO+j8zZsPP6D+7r3/5tpbf9p8pcqX9z+8/9gdSbwsAYuKNyBbgTX+zECNGGv2jVQxWCYUIVHKlOv1xbOQb1l1K70EilEtnz/+9P3bPkh6K8USpucKFEVKjIa3Ps/sekGVmLaJakxmtUYtdDV28gRrdimr3J8rYdr+ZsWwdkWjuTR42oYUSncnaxQgaRri1I9c+wca3lTr9Hk9P0YecNB+WDe1RcnN4rZQ0QknfQWOK/frZrfinNqAnWtavnz+2GL76+ef/s2f/fnHurqXVMg/tJiMMXsiCS4DT7nkm9xCIVI6s7m8ydzrSFvAd9f3Yzc/v3z87s/+8t0/+5fd/A2+N/kEtsW01788wOnG4EcLJFcDufbx5z4cXFjefvr4i5z77ss/eP/LP/ztH959/fS+D7B3l9BdJj9LaTSNokUs4VtLVrvp/2K70PnYQTFjuoIPlrx9X670Stu/+fonf/Hxw6fvP3U9LoFyZ689QNxwEPT+hN2WYRNZZ/V6ebdIqNUbm/OX60kupbbW1BP9vXjKBM+uqpOTwBZERKP8nKkGskQ08jqrGTD7wzcWX1qc7Q9rUjKGciVBdaxRajVwXf7GuVpoy99zEAN2Z2xOZ0Jgn5qRHws721EAXGKbgrNVqhnzlvFtVuSrcTZ3s9qbCnc9cqHHc3YzYhujRnKzRnbL9sWCD6zMqzjFKtn4T3sfNGBpSKktO3qg2TTY/a3p8LtfNuNEk9dt828WOb2ossX7tnEPz+kFCeHnpOpF+7o8JtVTpEpkv6IQ4AOG29xZJ6322Z1Hneiz+fpYr2os7jgTv56f0Xiz+RJEd+f8eaofvfWMKk0328qDc32yuuv5w2N1Vg1XiH6dIWYvg45rpKe0YdceyKutYxWLAgB/q5lmw1dYUnjszcaWf1WeJ+ym1x7qY7PibDzOzsLVzYFJbXoQ2yaqNLdVoLeYKWdjbeC/CRgT/FbnsjvxhY8KvDNV+cblhYT4QGIbxK/ZxYhGqE2EYmGdWB2cs7z9+kU9mIgxt99FqOKqGZ0I7kfArPiI1jRVEtqzlonODkwj9I35JIC+zHQaqykEO75rlcSuz6yaCARniFXQX3z5OysYXXodOvtJ1SZ1ZlxA+zWCEejglcDm/70+S7zRHUcPfFJUzAwLPUIM7m4Pzjj630I92p0nTENJCAJYZVW2qPSz1cxyZJXnbkgc7zcdWox3gjZ781As1NZ+gpxo0wXJ9XfnD8GFEuzVX9AWCKGa/FmCdhGa/mN8VHomgsV1wmklO2S6I93U6OHJE+2HicP6P2F9Ptp32Fna56qeOMKMn7/FcJzB3yj4pr5+SNBlFVBy4hzWPGOhLYv65oW8OlUM3NXIVaNtlY//bCTBOTT2m7D+6nK7ijQEoYgc+U7WB9WtYUjDXSRvsCUyaRleMZUJV8kS6tXPwJRmaFYAUbkjNdudoj8XDIxhVn905OpDc8KukMKzZA5lK4isst7vBamSV6mjo46/LY0UXEMn3D/wqtx78NUv+QAAIABJREFU/huUvcf6w4fv/qS3DFl3tb5O1rdoffz5l3c/JPOle4C/9+XNn/5Viz2d48n9BkYX5zfvu8B+//d7av/my4fevtNT2C9fPvzWc08fANgnNX/6+e3XP/ytVD73tn5j0WcJGpRuEHrpPkO/vPmn/zxLvbO7e4UIuVp/+dx/+O7GpGccX//689e////+F7/7ze8+//zLp48/ddX/8vFjHRmTi3U4ohL5fnNwMRSOKi5eiOvpBW/FplNrkv6z0NePH7/+3X/vf+C3f+/vtqT7daWQj91AyVEdVRBNBx0EIVzHa6p5tNepAi0ZbOzJgLVujUlhCNWv8DQ+1ZqENjMVn4Mu8vJHBM4q73jSoarBOa17R0wHPzMe821Jcp/4nrJY+JQVY8qU9mVgAMe4UxneRm2OGPjJGkPVFpXa680S5M/+2T/7X/4P/+e9s6H3Xrqxu7fPp+dJ/3oAYep+5kdtgQz8VRMBITY99976r91tNlhLzfff//Lp/X////D+//pnvY/oixzxEV8fUQ7NF4aWx4C+f/u3PvRhktlIDw5nRKKU/uW//O/7+O//kx97RWn3f5EB0CWPNwEVmUrPIyguB9p+F41xTyDJI9/rUL0rbQQy9ONv3/0v/09/+d/9n/7zD7/7EPfetuaLsXOwVSaKmFjzYHOWxsoqdNXqNvzhL7rCe6KG+a5nhq7+vSiZeE7i6bu5OhW7NaIHEYdxFfsA6s2p19av0/abFYt3WcFp9avLhQYoFBbFMl+IU3uFp9Zuh1QKUjsv70CdhWqubWe7zD8Nq68cYnbaCxSuaJw+v/oxhV38NgIIj4YlhULQDdUEs0XXVpMXZMrPhAeoA6Y6W7TmLDc0JPycj7HFhHu5+vqXr+/ffvj7/14w+bYuMDgaAZ6wKJkPsrm5ohhI7jmweCzVGcv5QpiZeRtzgUlOhJdvIxK+WC7CJIaEWYXFnwbJdgXgCuruz7CZck2rigtpW3buZLw6Od81DUzrE1t137YaZ/TVK3ivRiQfK9+M5L5a5xftg6GzafOiNfUN0QXjZZUmLmkbgMn2c1WRFYrLePLEJi8uCkkmo78Ht/l6U0rxmOAO2uH/zS0NltRTriQL4M3QampqVOv6EXwdL98Osf1yra4+M0fmJXrHhI4R+jPjwRnMpPGonciYqOf34nAtkxvXWpKqSL2/iu3l6H6vtjgscBfS7JmYtqXLG2IP5thDXR0XbLePUZnZBdUBnaqvNybR2aoCL5n3Er+7b6aQgZj0BsAhwjjkszbBRX44VIyMfaSKrvw9+Yqig5qrY3yNy3NejhlxZoZvQgtexlTVP7BGqjuz12yD3kK3CWTj+yFkPOuvabFJEAWlmco6F0aoysfp86JT/ZEoiXXEkLAOk/i6cPovVD2a+hqy8y3rgqYxLIT2GEbNal1ORvYJq7jUsEiFJdp+XjSnVHvnRuw3kgs1MbqbMkwpUzWBuQ7VUlsxlghJ4srUr4lFhPktYMuayqEgQ5dnHQBVWv3DNSbAavMHg4J4ECz5qB3VJyWG0QX7hb6+eOLwzdQ1clTp9MMdaTO4nmChOlsCeLBb31e7pt388FmrA55tBWSIajb3TXEAldDXVztOXs4SuTytxMAyaUGQZyn3TLa6cifVxw6rM9b5PAEjri3oylih6mfBptjb5B/AM2dmdkXf7y5uvW/5+ze/fPr+d7/74T/+n/jwuXcrf+wret61Pv/c8/6i3er+1lKfPyrkX5dFrri2Krzpnc9v3nxKz7t93vZ87LO3/LQI6svQs98z0r/88x/+8f/nx89f3r+D1lLh3und9Tlbb768/fK/+T//9D/+3/z5b3r2/+WTf3jTawrvu9L1+D9nYvHlb/2uVwv+8b/6J/+kt/5nylXws5XbxvJCKpTrQ/lT3K7/F431jZA21z2BLI3jHvuevhaT73t0/Xf/3f/Qf+m/+d/cN9kEv6zvSvJm7+4wyeiNINJ6LrphX8CHuS6r6un+9Jek2qjoByUktShQ0UFOKmE0RBLVbFA1IU2ub5gvLk8VsUPfNZIwuFW9dgNhfZ0UnZZB83jYp9FYli/LBwXc2m+22iT4UCPhfPGVll2t0G7DynumPvVKT3d/77772D2kj3z06VihaGHoRRyeJzfbOCGm75BTq9Avjf6+fO4D7OB/6RWoH969/dBHv//6py9/+PShJ+/f1/vdCLx51ydWQmpt1njvc9zvP/zpn/ROsXeubd5zX2gWGI/5v3zXiwF///3Pf+83va5Vgl3E+jhLI/8+KMOuPi+M7tNc4w2ofEh95CiJYFs7PhcoZHvf/7vP/+D9H/7el1/+8K//onf5f//2x6C6HXLVoJuqfBBczq4QdiiMysoCvHBiwIEdc4+wWN3BLcqBLLSJ3Rx0MRx2HGVCGkVg8Zxh+IvyZhm42u/9A+qZ6E/aM/jyWXU2rnfU5/RtScQLtaXddl6Gi18Ii+RYiFbqs3BmjvV1TtEDDpLebJNeTbvhj+zKs0kYTcDrjUcOjrB0qMEUlz1Ci9FTLSg4arIXlTkiCEYaD7uVqOtrjp6lU7fKn7/77Yfv//6/T90enJjljdfZ8wgG5cINT1305pBJPNwlQZCvW8/dKCQ78wslpSlS3q0pMDTb4dhf2xmaqIr5onr2SBNtW9sfAR50jbR2knDFdjjPxCN+DXC0T+MkX148lQ/SptTH2W/yMJ3oIT092YfXcRgIRP3YiellrnaStN9FEpuHSFJV63J1Blc9cDRfEupndLpgVVTz6HYYcPtHpUMgie9XVxXi3SCc7HRPvdpHi9Ka7ZReCqMDbs0Pc/5t+CUIaVsCSQFCmEPfmmpf/DYvPJZe7Uun1K7DIG0MPLhpQPpmJsyie3mq3I/mlcYw/UXf7DNGz8jCgCxWL8E7QSrQYC/2h5rMhMMBCTUzIBsns1Bzx7RNmxBcoGlNTp+uTH1YRrgCpf6SDeG1KYqe9BrzhE4YaMVyzsXlrmQP3YgHKh8nTHAyTAeC4ErDRnAhabzHenYoP9PVuGyyJC0Y9G8LBBebi8dRrPnAa+DzpirT/2Rr2kyIhmu8el5Xsp+8Mp6drpeFLPjaD4QoVaxfphIuRGp4sfrTAc3lcV1gNI7G1c0on6plCdCatxvo2mrYNuOIUpnFp74Doqrj2QWz6VCF5sE/VlXQPva0dlZNBdbtRXlkINJ+TmrqZGFRkMRDw5vDwz0W8B4UiPCX0eefxKl6LVq3neMVwSaf2a3JHq8Y/OYj1XUKpXPtwOwf75ivE93xW6TYlu3BVpRMdwNTWbQ6HJjmVQxrgXqMxLl1rGdVlxyl6awtM2AGUeYWifwLPTnvWqjSO/Tbvv/4pncy/O79/7en+K1e5mJvcfgY5pfvvS+/t/hITQ/0+adzuiW9Cdj776p688MP3R70zL5n85ncPcQ+RRzO+x/2ioGJNQ+409DrZiBulofG1Z/+8stffvylN5T4uk//Rqn/1PS5m5PeBPSxte+XXz69/fz5/fcftl6i9rxYKQ/0xHqdowZ9dUJRiGvYqQqUz7qTtHYHpPDm7e+7NvvPY1+676A1RGsHyH510cUXa8lpS6D6hOfU9U/tuXlTai1BeGS+PrrhPADJsCSGPuFxgsmJAWbPRYetvq8IgbnDZJXV3jPD9QcxtPE1eQ2SWaLSqOrLLznigiUWddyIyLIH9oCSrsrkMoAthOZjp3j3ULioVcDvPGxJ/t3X3/U9PU3x7xH92ht2ag5BVR1DtPMB73HtGi+ICKdyi7We+DhzsfDkoy+OZfbNH77/8Tc/9Iy/pXUY0W+pvO/8T/LL59/++Lt3Poxbsr71wpAns1ByIey4tY774ftPHz///OWXn/uHXTKmzMuUD5fklY8Gt6VzPaBfvS+rlooidZ9G1rp5upfLq3/3m+6W8/qTb/zZPWsEiWa1EehrsWKwwVm3BLJgm+PZv3iU0DNQ2PSUXhRBrIQsBrqp0BUf1Z3UsLpwlMnOSIWqkA6xpO5sGo9UdbXuodp6B/i5zBASs/j01RnGSFBmg3Wnq8Nf9RO3XtfbRVW1hrXau9Kirq5G88jMLMHnb82PCgERWBQGD2GneK8MKptqj9xqh53GmvJ/nTmpB5HVeXK8ubBg0CFSmg+ooBXDqurCOnDx7EHAPrE0F1ieM7tlQqN+053ix++8EedISEJY8UCanZnSupML1kkNNumlSKN4IUwSPYo69UxjoNQR+p20f+q/Vc/9p/2af1U5YsdmIAczLDirs3eCvQ3rnecih5yCUJiEws6dPX+iLF5J5tokziW591K+Dh2IfpoRFm0Qj3gKZ6/aGcXucjqxGbowLxN1hETQMQ9OY5dV3IG2349mOUNqux2WAvhe4EmeU5RutUC+E37wMQGubWNjC13D6QFdlG7kx9pDgFoeeUL9MEdhU6wHUGpvmSLYA1oMDrX2BTWp2mj2t2Cms7cB9BK3cZO5tQdwATuQ9DejUmIYA3GoKEwr0kv6olXDWqupYpAEqXbSnwuvc7wmQSE/anuuhD1EBM6xRNo5tp0P1czGeLAPeUIMOE0QvoK5ZRCuIJqnm/m6fqoOFax9dOOctLLpHZxmx67y/Dg0gQS/56SMTqFD1QsFiPXIOYzNpAYkrpvSQGClcdw6H7HHZ126es7weeIqjwcjTtZw01BnE73jGmVVBsaIA4eytV79+9qqv8nsqJCe4JxavNYnKQyUzaie/oMSXXF4ucakdOx3URHbbehO91FXuUSodoEUJSF6cgURdEQQWkkBdtuY1QBiLwFpo/mE/0X/HqogrCsTqNttevJ6c8u+LXYtmJDH8TVqNkIXrqQDb5vNoMJ8+obvyzdN32yoNJK4gegtu6C8bhBGH54ALf0Ij9YTuSxqnqMVzrhvsKVRzFv+TIIFA2gCqGXTdplb9RLziZ925NlQTO3mKosRtm7lTr3fUY/y1y+//4u371sD/2V3vdn3uZq+YsgnCCYTWBOJLx3yFqA04+NnuZAJb9bd5/RY6MlZdw6fEnn34cOHPuLb1/P2LS7H6nij0RslPhe2L+9+89u3f/W+S+27H38oHd1tcJGtN71Bv7dtv/nY3UrfUFSS9LpBn0leSnZje08SgiwIm9/CE6b5mA0xKwxc5f3ZJl3EOjO6unr/4ePXd31nI9FbnSzHOxX9C5G8EVOmgIltAsW0Nw2B9ycnxGsZs8x7/lPrt85Yp8CITAj0sFwNgNUjXblVLKwsdacW5mJCZBOEbtLmStehRGnBl8bp5upuT8JBRoPYjfTeNu29OzXFWj/PXgYWq06u0wd/ZhO78DJukKFTn8gAN5U+nx1ad3BffCOQSCfFNAunwsgqGXoiWz9V9BeLrFIZjyAi6KHyUFT2WZReEvjwo/xLntrCw0bk3qXR61Yt2vEmMP4JWcZ5rNurE9/1SZcvf+gz7cWqt7uJzJdW/gNCOloemiGadr0L4/q9pKtPOquuL6n9+u7N24+9APbx+w8f+uYqb2Tr1YbeU9cLXSEXnD6xXr+VBsZuWj7GjLSQNLxiqBwovxVYu8pHToKccr51TeM2ESSnbm7udw+p1lbrvfay9MqaLGfjIpL6jHl8VVs9F481EZrOumhyOy8ys4eiPmC3Qh1TDSol0krxZE6YN5NnM1EzC+t4zQ6VK2vthJU9dZ1fNVY50nV/W4E0yPvqAO3ToEgoxeX1eBy1ZJCY1zkmFXjaZsCWYS4BTicVRGpigZG4pZOhZoE+RI5wbEqTj33OnPl+5TVYKYLZVg/uSXWicZTRJAw4ozIRKkw+3q8rjgAS6CxsSDFwh3FUBIJFfxsXB6xl0qzVf79uU2RYVd4YlNvwpWJ3Cmd24aCQ4EvvJP9YA0Tny+PsVYRR4UF/YZ7YpLUw9nCAdtI0tS3vjsvCMPFUcDyev9aQh7CjiG3DWuHmr6eWxwHUHXrzNUGcBuCo6pwHYAe1bZNVnpn2MIrgalgi9thULBwWGerIdObNKusmShVq609kz55zGXPiOyw7ApUptU5wcU3DvWfVKTADjyA5YmPjdNN6ZzXX7oj5zlOlnkzEpnKK7lizuDgYF4kzNAuHw0qyr8O58IBdde1Ae7CSgQ2zPSLHNVMtgoKdRKjj09mtrGvPmYRI5srs3DmNI6IWztHgA+GHlOFn7or0XFbPGu5jF6nNDZ70LEYTxGROqnL1GvHWGTkh/k0SI2YFN1Jn1kz0ohvaTQXHG9ARy96xuKwJTH9MipNCxTU+bLL4/yN+JjJL6OI15mqQesLxgkymOvwPdEeapp4ZreTMbl4MpxOM9f6Os7cSQXhTTk1kO6OAuuOl6HqEpavVUtkZrRqeVBkJ/fQSfaZ5yMl0PZMCtROZpZW0qWA5bc8ylVUwuMYEH59WveahTIC3tCcrdlW0K8A5LZQqvDHgAqi6v9dGVm4tTncY0oJ9DAdOXuC2nR+7tiztUTgC4z5BVXPDnk8v5QqP/FPtbDbcSSxGSFkTU5wHE8iHnEnSTjAFCMXVTcT8pE1NESjmZ3sJMImWWN4o1JoqdSuh3jd0ITN+M9zFbLBnupcOmvSwtzonLldxaPD0Jf4ejSZQ737pzSA9ik34Q98NkxyfrGK8ou7KnUPeDISyp7pvPmSwrgHR/3Fqla/3o9JVtrsLl3K6nfhXZX1Jke96f67/wANKoDkt+ga51LsgozdWOnKh5liUwm3f1b5M2yKsDK/dfdIUdggqZQ6gOr72IiD+Z8VbTtYminpq70guVCIii4KN3SIZyrZAlllq04aovrq1IOa0HWzfq5ORzXg5ZPKjwwCVZ7opdinsGnMNa5taDR1vGGy2F8oC2+caW6/20QD5tXxhDqgn8ItidtP1U3vs8tZD7iOWWnp1u9CXLsuK8KAwmZEnSiqQllEdFaWw5oTbqDwwrY8Bh5J/SZa7vROs95a1t5VIVSdzAapYeNLoPUBZgZORZV2f6ugLeSqGkpd9SsE9XtBdIvjP9EWzVv38QAIRjggA6+QXHCt7JxyAyu/6rxbSttvYT/6/hSDnwudiuuTkYy+y5XfmOFRcZlxqBOIdqH5XDX69VsgaVBtdSQcpIQWmfctVjlzEts6sGhl9U0wUrBdmb3B0obXTunxh1V+37DkTubRUtEuUAm7H6ybBZEQ0HGb64Q3IdNbbaGZUjZskHvUTdidgz4J8zREL6IcsaiGtrwY5aRWicw49eceHOZh9bGHtIpFkhoHOk4sQk1ufE7ap1kcVGfdpJx7GJLVFoMDV4lsQkKuyiUmydNbDjCM5Dpu+ijHBvtRMD0jr+diJUSLZQxZz8Xq86uSJ7yyQEiVDTQOgaiJT3SOoXIXMXA0pzQ/ktCZedZuWK/2K8MccnnaH/nSPg5OOulOUnVAi9ey17IzcQyFabdN86qZGZSDbzSWOTRiIiGTqhtdVD9Su02mdWwbgEcrIJBlnEnGCs3SIawChaRMliWc7u50bec8MpHPWqWK+8XWI48rQwxkH1upsVa9I5MYenFU7brsYlWJYUZ7lhiIrc2Jy14kMbT4gub+RubPZCKNfA47F/JRO5W+Xq7Cb57Fpew56p4pk4lLhkPClv1gdh1354hSukWxUSHqzJZMbwhP/5kEXCmi3odNjSS/uz07B5LJ5/8aw2S7cNQvBVOvGZC4i1z2VARC0mxwnWSVRxc5eTfElKxRPLDvb+URnW7eeE8nkVGO3tyOvRhwvDE37NxWjH4Lu6oKiNZmbXVHdlfR4nCbbSaNIc4wRZZQCZhVu7C84TUdVnHxjOkrmIx7W4MjDSXbQvqBVU5uQpz1101xnoyGZVgn6AjALpMkHqnbwnaXoAU3Rh5qBQ+Q2GOcTLQoaNduj1ymBKypnZ6TknrnzxQkKR9xzFVsWjKYFUHatgxkCiedK+aTr0zuc9gBqa1xI67lBx2liWiK34ZWIpd5xgDe2QxaVnR56QnRUTazMcLlKBq0zfc7eYlLEnlqo/HRktk2HgqfcsZ04+Rjp6ogQ7uJCbxbpmMWsmjZD6Ai9JE6HNblNdachaDXJNUNzXMsOsTE+2axBU3/yjY8T4xU/1r3Enfd0KoLWR669rX6aQ44Jvy61wrByixEtW3i992I0+DIaNSE2/nZ4hoFN1QLea2pBVBi9JA4LDevXce4Wg243CQDC3D9sHREBd8vXtbmfSfeWW3PNJkt+9QEANwBd8fu+GVfv5z5e4I0uNywjkCdzf2FYz62k12PYL9Ku1eaDdGK+CTFKmVnnmQ90fNJ0eZgQ2smLyJWSFbf25nQBGVuhafMy4yAcbMMR4BmBlDzE1wY1EOZGMcHv+4+RvezRJqBMxaJmuVzVNDs3iomInL7RcH06A1QtLgq7/u5L9PP6LNcfem+U5d8Q17Oko8xK+5sWK7RlX5WAetHKcZX2/S2+7PsdcO26KN8MQQgTzQDLnegAdWlo6Tx/+hWHtBbKKRLX8cu/xG9A3OPd56n9ckaSMR5Evo6JcpDt7QpasDp8VpNYCMmyb7+negp817PdemZY5iYhnBc6BmRtzHcRyNd1uXUsoO415omo9eO/4nF3Uwufd8Jx0AMXuqC8YaeKy8osX1qkfbFasOQxnXPqAgKR9u1BroeRoElDbP3oIX8gj8tO6qgncHmQq2JJIn3PUMYz9dwZSu8C0+j0qRhJrfILg3zJG9T9ZhLG6HSs8GQATAKAQJ/VDDZWdloF0tdxxb+NRuuQWVYsZZKoE4ZVN7vVmdh4Z2vZE3ia5cloOts7ylbrS65KoR51fKzX+29yZU63EN692CXQrWUR7MWlxXU2wxrEs7tgLh3OzhMzRi4rOti4sMDmbRAxMrivrUOODFfF0yXVRPlb7URFZBLDV3R+AbyW1Q1OL14HPhqkH0MmF8jPNlNO4S9O+DxQFcie9EuNF9pXe4QfCd7tB3lDZom4cLAmj9fDakBAuPA+J4QudInMCkPqpMcKDzX9v4AsERiVeIcqQclOYZzWrgrs/JsHncKvTrZQmLnpUq4hN67u6UKemRQ6nHnPwyqCGcVNsJQnIEvXmJACLH+z65hcaa+RQk0dv4XkVEkNr73jY1nlo1CNsdTsYdqchaRMJtKumfN8nv0b6DicrWHDYZvcpGpsQMzJjAx9CuyHsJc4jV8gBOjuz97Iffk9K5N6BGs9hsOLpvoMOG66pH+hx4nAtTFMJo9S5VrZ1CWn2cdd086Dytm0+gjZg5l4TS7DVblsCQnbof6KNRad3zL1smEkkrqJHhOahXnzyZk8egUgJgNEBJW44dtRWUjSPRH8OL3VVI0bkFXtDSEk9QLaxMgS1u36BOSrfil/zQsagUea7gSdwxSYwyDKAk+MUuCdTF7wQk1C/OhV7S3BsFTNCcqp4UGTAa6iXC3frhn4psdx17RrgA7IXKAEN2g4JmoWI1DYKixzAv7MLMJUXK/mTMIHgj6O4GaGsSpypvp6/emWcdVEbWxvOGA2I49e1hkCoeFlBNmq1sZQGwNdKgRmscfdiZ9Mb/Tl0UZTFcVp0RWoTi/QioLYHySU7XtDzpJtRg5sk5EU9zRTV3ljxdnLIG4CEEBcGIfETOBmAT8LfBw5R4fZMUFCYBZ/giP6zAKJhFXmJ5wIj6KYNIRYPhxrQwOPRcShEHhFpvfzGKmza3pIJuq1z2oY4ib3Z4m1mencwK/9MOfQ1A2TMXj6o4SZELV0tfIPoUe1Y+ucVmwEx12gCCaTdkWAtLePcI3WfLZI9FpHb7jcNIv++O/RfXi0kqEoNovDtLK2fmeVlp7pMJVMesbcG6rox+KI7YKQGMEaRqqDDhn3TSzs9bM1cMD98IXpvozJ+qIpqRuzXgMoj3Z7KDeMOsJGpkD01xMfl2Xe6IJ1O3DtHiEvQKJIpSQAcCM+7X7TnWgCj+McjeP8zeGFGvi8hnGi3eeRyqSh3ZIfuDRBy4ai2qtwxG5Lb2Csa6pDyJZn46rTGGd+EettQwHxrfPzORx9rc8HUX3XccMpA63OSq7uXGtuRei/UJXE7kl6g1r/uWIEhVBexiatfgLG4+wWeKnMRqbVZWbW53I+YWRny470I5LKoii7ddb4NtzpIi9kuv9OHwh2V3cSWoN64Ne70F+18cB0zThVHr5YtbXr95XJCXRnVs3atINpV83epTbpB2DeEhzstTCgU2koPbq5eeeTHqjH95RJtYtjjv4q9A3hWmsiPIWKRLnSkv2pnt0kNopJHuxifEyS8BmAPtXStxX4rIcZLn8/jW2XgFq7sbu3EKA7H5LaOqJT25LhoVmfmxTMyaWN1jksGnvWgC4Wq73edbKE3ZMrypNYJEcYNMOJPW1XrbZNP5ynv0qPKaSTYDVB6e8YMaKnWOER44nWB13CrvFktd24ojmoBcQYuO3Ro/U37jBe7UkZLLPPuFOaPV/QM/B3Ong8JrKqUe98D0SojOQjPq9IOA8e7xfSaq5+VdNjtbNfBYeY+ol09tpImXUX+s1oYvDYJ306syx6VR3G2rhwXbP6TqW0DEWjsNzrrIigBPq0Ge23XBKYVaZSmzOhr/GqX/bob0xXODmcUnFlJk/r0SFLvPMT1UHxAq6B6R3tOm0S3Gp/za4ju+Ghv5vYONIETs2o9rgI4NVf7bUcFVdUpvndZUoY5lSVdAR6tF0tzLBJnziCd5FrQhLKxTR1735wccKxREih+/pk13UbZ2R71jMR4WDcKXazSlFVlQ1hlbUN68WGdbVNS720mtEw8ALyINMbOPj+LvdnNZFgm9Utayl2WhySSG4oqfgJSsUuUIZSpf5Onaf+huCzHc8txDAoDjaRSrtmRnbYBK6f1y+LJ+2c8K2qzWdY3dRA5aQW9yyuqToW6pErrPG08BVcwTkn5uDc4B8HeIn2pI7T1k+pakV4c6e4kG4e1nL7rsnVJcWzq3qw6AAAITZp1K40VWDX2CFfOU4mkVSoNr9zWGmxr3VmRGP9n9l7I4ExmxAWwrNjxUIID4cuFMOuDHI+rHHMlhrOAAAgAElEQVQqw91HK+knUm2lLY7Jn059kqZq65FPvcTFWI1773M6Zzj7VGC6glmDJLP1k/31ZEjPxplZTX9z8DCPdkRq9ReEerLZ3vnqnwhxc92vd7LSmQTScfwXKFV6bh2gQr3LQaGTZlsHiJ2rbqT1Qo90NQNQ1fWAc090LspXMUYZ6Jh4xiq074DzTK0Q/95EfmRGkeKlBBcos7XovUrOtDEMqRPXm5cJr1KUarHpt/cPL3N83xFBvzq+rTkhydM32vcI+VkSaH9G9WOCkXDJv+tdL50KlXllsu1EKpk1OK2AEq9GqJRULLSZWi9ca/NTMe+j2p1+9fmKh5rn1BZEQtYf03OYq4py3LZw1imDdBraeZuSCeN8DKN41K3jAXUVqssCth/Y/FiIEumXqzB1kdltGdmKmdQt7ms2MwakS+yQrnlsQz6EGi4UYr0F92A3Mwc3/4js14F4hzHNi/E9uQLU60FlL06J+Ly85eGb732tUE0ytsT61FcRSQUfVOhaHmhvS6olLMBRcxhxUXGqEyMHxin0E+BOnjBKaBc+vROwiqGGsUigSpkP9J9OH9ZMpkGyjWQOfLOxHBmT7Nfc4D1nxML4XVu72IU3ywnqsdXob/URSxWHon9NiQ1d8wCQ7tfclW52RkfPpnsu1LK7LKynswRSBL1XQ4AmLbEW4kkuIEXqTIclTt3bSlt5w9IyqqxV95jTlRmqHdo5iOLZyGSteWii9cEAs3gWYug1tD74orl/8CwhDZLsgwOAYodAGauDRbOdSpSOQZCpXd5eW8spuSMVCZHP4KihTXPqULXLBttwHL85h0G1iwylk5rodNgdyTURfbLim+BUnt3Z2/6g/sg9jOaGFEHgELdCLSwInk7hZnSnD0ot5wGfH7G5IKbn3Tm4ED66yZp8UmWLF3LioC9NnagXcts4EKl5SjGp169xzcOZ7HbayD/EBRM7+ifUScVF13HCtUTa9NNGYIcU9QNx45dOzqDXfmEEvGSa1k6+cTqrAYnkGCARiITL2BimnRXNOBNwOjE01axlCO3mAw6azkdoJhmKxlYljiQ0nhUfcvC4MUw2mOF3BxS/oaPTtq5RYNS8YSa9JtYBcej826h+OpcOI49ipewSRZjZTM1nWYXmyd/MMLdyoCwqrXVTVp3vfQMQIHOk395osOma/8/25Z2Lj/kBwRONFxtpEBMZv/z1ZJYZ1FZ1LVwPnch23DXkiUUGMuhUboJovnH1SMAayHutFqhy3QymH+bjCwGH4QAkwJ2ZxLExYqbygB7DZPp5QcwDkBf3tXVR23OsILAMzoPHTXiOSLqlCGKkKW+MVqgU1ZorPdtZOlcHqF6CJKr0iBmExrJT9Ctv1nVAoZ+KVrxiXuTJnPiYFVlQ1QayEg3LnRtsKuXxFC9zSbXVmRc1ZK7b2Ks1uy68OtY2HmvoZM1bUU+A2fVNLfPBy9Ae7znNbhDXh0zMAw7Dvb+tlxKuOfVlX0emi0T85nGWuhHIg64yPYtyg6n/qvnS12jiu6gNRD/AWkJdPuh+/hmkoVYIKZpHmAM9a52vSY0Wz7V2UnP7udbxptlNtzDXhojwnxJ4l2XLgkjGPHaL5p5yuSZArkbw0+L54JGr8KylKl1nC5WYqX/MyDrV1PDFgzftdh1GbZHn7iQ650Ui3sLIpp8XFdNCv2gYe7MDQGFU5wx9pykqZBAd32TkXU0F9GvfQ+NGrFWKuab+Ajdb5WNnC1JjWg4nkFZcjn5ljtTwqoUgadP77t0vMymCN7shMEWzxHQGkLGRFA9L5sxbbHHPW1di22eu/bsHSH1CtWeZvQbQf3ADPBwxvG7GP+UFmafYwxHD2UZJFi5ur2CxvJ4YXJbrALEil9YiMHV6fuTGvFkzpphkTzfVMvXdsxk/WY+WBJMoJ4H3ooFZhQ4k4M3xYArlKBRw7/VvM4UccwbnhpoZ1zNtMLk8EiTomL89Di4dL9JFUDbywfvX5HBZ2Kx7XXmT0LnaRGSy2BBkKmHd2GHLyj3rWpSAqRWtzQlpStsImvMwm1x2u/D4cfERBi449OQC21UIRAFJZeY6m3riA0KAjpgsEhecqmaLGgRKFAr6XlCnkc6gahkAnXWG6D8kkZiuQbuUX0CFWBd1AuQQrthZ/AHMLmweqV5N0eoEqTFDgwRhA6+Tmpe4+uiAZmYqZJPZpDTchRTftGQUbWXzbdiXiOpZM6TvEv2lfx9y8kZzX3wra0xhTAl2hIY1Y3NdnjDuD8Wd2mXnkRINFBZFogtPlZM5JcIIapOWSe20KkAhqaWicdiKqqjKwNcZodUhpPaPNpL9/VH9k2Nk5sC4maS+ZcjZfOnMGRZYf22vrDmKY7JIKdUmiA+lauZouznEfM0vsBH7xo562437audwnuqETpzen3A9whLwj7gRTUb0ICU0vUd4gq86CIui3dFNluQRkAtOhrJLHksIqNT1j5XkDU1y18yhJG3fSJ+OnL6v9u5cM8sBdWaqZH5eV15/jI3po4e4leGpmsU9rOqCOppV33H8oBwSpanpEpozqZmxo9BUp1DFBNpX0fsb9+rFzP2R5fNIzg55+GTYO/BXDGbLFbNN00WFeyzw+YU1kcbccARg111SUXT9kztPUKlFd4+/qgNfedGqvLnj8gsha7i+1tCVZMNsVMJ6Lqdo2MKIdJeDDhsHY7eW6iOxCSlba8xKFO2pW0zPYwG8+cAkf4wdCGRI4wprepSFgZqlqHQ7RGIsauinQy9Kz16uHgY9GLep4+UqFx6hq67LvxInRqDHEsj9qhkCEN2TmJR2RqmjVdauuX2HN88otljtuFanCaY7pgW67Uj0AhHeOiLNCxIj+3AZUgzWXSbYeaRHSN6V0msNZRhOVzcQiAt1vTkAtkJJBtL1wphLBBUaFLEkq/x0B9wN8BniD6n5wxhncx7Ew2Gja6GsyqtR7I7AhBB/UgxYCOWwOhO1OFRbz88lTb5oM/UeFPUl5K5S6HnLvCQMrJIuD4elPqBQy80X4K8USZWiD5sMU05FIz9Gevw6J33pml9l8pL6kAyQyObXoY3uPNTd7ylHpd+ive8UIuq8v/YYsNoCp9ua+lTM6PS7O/fTpHQts7p2optbF7xAcr4fSzyA5AVS3dOktd+AV83I/BxHnFHr2ER7GI0sy2AYtbpchGvOIFWtAPeF9J/9o+KPX777y5/7zwY+C63/D6FMyVpuQV64UXMiALMDs2JQ5BYMLWlp6d+Plnfvfr9/0BAdmhHZ0+jkq6izKAFQmma7q+sof57a4uHLWlv7Q28h/NE9wNteScrQ174NdoL1brA4WNpcD6ECh1vZ8VueqSi2S/fO/LBWo0u10kghRqP2MAExNMFDWLPqjDbftn6G0AToCkeSJdN5r5CFmD2dKKNGVOBoNxUmFfsygiEZ4gVqQy7sS3qv/aJQR3p3ltc8OKnDOKksDzsu1QkmXbs5jkLBcTOl3POSdDbRleB9fS2AEqRroBw7ViglvXfB9GjXk+RrWSzHpN0zPYeARTsqOBlrq1J7nTmB6ieBVBW7mDCVBsXNBQRrftRfBYoidpYmAblIEzwpAbuW9lUaVhegTu6jdTdJBA7p5NOtlubgF63Ki6VgHJFiEL9JjkinVDj8XC9f9OqWal/8J5VYPER0qXSK9fWEFvD8KPq7WiFy9Ge78hOtUD30KF7ysS3A0om8HIITTC53Vs2XRl+zcf/dovnW15DJKdmW3pv+GWIJ92i5Gi+yo1L7qJ7hJk6xmD0mBambiV2+Mjg1u6TXnB9OIHUIiS4Ap3qrogkO78X/FLef0KoHy9qFIsHFlN9n9FrSCnLbKhb35gQuYBG/i8+oJdKmdrsnhuQObe07s+PaS37FZeepLnKKUsgWqaeTuJ+q+rQOY+WrofkoXHEYT3J4rnATwNGkrf1QAJgKH4TB2EHfMDfoOrWPW7+P8Gpe4pOef5W0kANiFLLWySpPYWEgFthd71+BQafhYKXZJmNGd2dBie5FuKn21xYTAOF2ddNFnq7SAaQ2wu0Oa5y2NIuCxENZ4zVvVg10HJdiFbetXammZ5FnqScukX4QQhLUfjiUnw2QzbzhhtMM+6ztmh7xTShNbkjo4wAzVH5oPegQJ97oc2yTwtNijuY3J5KAxXSVR8TC4qqbX1oRm6UgMZRsFHa2UF4fPBe+ybgNmOedFedZmh7TGdCYfEDp6lrl9Zi2M4MmY5TFfB1UACFEdQGzXrJyG2kRgDLhA0z/VK/AtUqT78I4WjRQkDSL+TAEX/hPDydaDxsUVHmXbWrrjhFCK5kqYxj/ZRYgqkeEYmJBBLIjTWX4l7OP58vfsoPphKCsReR2bTHWM7jLNgOLAplFOLzg+p56amFP1wm5QaofbH27WBBhhVMu/ZnVObu/ADG+D+vwxqrKIWt7xEdIroeiObhF/sDKfrlU4o/UhionZw7mSIzoy4bU/+N2xFRgK3jOuJC3roYyiwteiALh3Ssey9YrBrDUtlqKtp74ow1TA3xXONT7C9dHERcDNb03IW62c646uWxyFDGExicoJ36qVbd6tZusLZNDErJa2uZP10aJMva11rDnDtkaghdgm6WrzjgPb9txSDM9SwsDwpD7pbCQS+tL7bPC3jKC34N++mknVoW1mn0Koi4uhGIEorNota4+GlUuoNVa5A3NUYcnhyU+yfQesS9f/vCHn3/p/5q1uBPQud3R6mD9kk517bRJ5QgsmFLD5N05Dme78xhd3/QR89aTn9/95/7r/43dAgdzvsUchlyYXraeK7ssZCmYAYoXHz3UUMP6TFT/+bu+A4j4b//23yaCyaNEpOgmvXlN0AV71QcgAPthsSVXB7GRJEs+/o/FzM1fLFhAvWlF/JHzLtIkkUb9ybcCEt4ueSq1GRttzZU28T8KcNSFMA8XGiKdwe/dZGwyomJgYvdoT8eNTL1Q1TfJ7B0nmnTniasL5AzqDGPq63e/eff1Z1VvPrx/Fy3EdHqSRittpTRi6hJaHYNhHthRlQMn/Zg+Urmw2IcxIh1E6dyYlbvSX9Ly+ZzMvuwlN1dHf2oTeMBQmA62Gapsw+B04a0S6XVQNbzC4kTtUXtOedFAu/bdO6xF67FOduBoMataGHcO68QG+EfVbMzEjAkB3V9rFatMJoDzeaUgCE57yDCfYQjgaa3mKcVeKpD5/KV3Wn5997GPDb7tXx5G15u/fIw7E30P7OcfPvzwU1a6k5xhI5nRXZNhZ3D29/hqXb7ZMEvj2ADIyr2PWumykgrdJw6wb1uNWaWqsT3KT2OHif5aufAuTttlbZE/sXn7xOXQqn8A1iHHoqpjc50GY2GlSf56jYjy+rNyhU4f1cfIsp+B/Q195q4qYWPrKG5iqOZAE50gnHE5jBXvPK16bINMxYCWDOuOhuOvQygsIu1Gr/JOq0L6fFbTllEzC9GXVOWJ8wzCg1ZsEjmzQ6SwYCfx2laXyq4zqW/AXzBqop+SR2U5UwK1VmWYhWtOhfnnGeFia9rai5rHtj3rkTG/0RrGMzOrDxBpTwo1Je3YwQWKqRwWdycm1bbOnj1fJrY99/pzpWf01ViZCVqBTKTCuqcqmLxiZDJnZydXu3E3iURZ1ysO/WHWeSGsWFnDaWW9yXivzRpgq6VhrPRJ/d7N0nWmBwMeNwO8ToBvpENHRyRC3ziFwoAEWHsymSaJlfUNYuPQGWNrevakrkeXmqG4CtGE4zjtmWCb9nbDLX6SaaLVnqspRZBuf+PYORaPoW/ge5GU+TZ24lg+caSfFLtghHh8TqnTCgfVMeluCtKw3uw5cu8UrioJpo6lLgAzTdrXm7+eohrG1/dSrS7I3FnhFb264C6CNXArhqO0OFZ1zK8xTX775QF/1hzDvQ6OQDV6m9REn7mY+1Mf93A6ZucR0oJKFQzQ1z13TqgakE9oJrTadvcUiUAJCZbwGXAQ57HKQoVgi8GOJ1a5JGq/Dsl2A3unwhamBRCUYZxbrjPe+JPsm68fP3/0PtQf+jZHeTCVrWBSGyFPSENEQrYWNql4oKHP/P6l6lgzVJUQYBGk/mHf6dINUvELa/aEMpx5XgtLo4l6zNHIsvC1VXHIUxeZnpf5Gv02RrRv5DoJMw+aALsyrk+SfyssbYOrOkjy7PBtfrK0v3F6GiFnur8L77eY5lQhr8XQ0Dv961qIlWdnA+DYywmmku3nYjin3nz43d/+j/6X/4sff/6pyacXOSCJcYIRAbOdbkg7QxaGjKx+hmt5as8spg9C9HxQ9x/+h/8T5VpLCFh14yvkBSqgIjTEZ9rCHs/+iM8ZZKpZ/TyMe3W6MoH+RKjWWMbxblaokJkvYS8EeyroQ6GLmaaFpLCtmbHsFFPw4vXKN6fU2Ntw6CAgLORWpvvWZicbItC4xmma1vxVpbjqAjDXBLtm+pqDt18OO/SXHAck4bayVdGLtshXh5LjrA32AlVtaJsuhy0AdHwLqTdN7cWFErXR+PW7f/Sb7/7tH374/ae3Xz/8WJ81RFk5+7OyoQ2OFx78Hhrz1R65xewGxPgwR+zXbZw4+2i/eC8NBiJwk2+vwiH4ebKWVVRfI45reJQkgx+Lh+WDs6EttovUenshhXCdIZyqlp7kGfb3HB7CLGcOJ4ZJDNx+0kE0+4SSOSFJSLSSXsJcFWmnj8ThzBKS3zZFmunOxc0dLO7ijsklzThnhOsmHVM2Wfe7lubNZF9++v7LP//n//fvvvvQAO+FnmZfdwO+IzSl7/+qbxv8h//w/d/7u18+t7a4iHFH61BcotbLsGmIKbILxuQ236m8vw6TesLVVfH+uwL4DX3hC3MKIFPQ1qb+Tp215dIMGajfzidHdCLO+P+gYrHBswGofDVKbXTmJZWgi2iHOVULc9f+ogX88G+2qnlziSi8tqNy8ZhbzSDlNLX1NaMDmc20KNR6peN0tm94H7ZkOuT6usKYFlhWtRyA7OLPmM85xsi0TX+erOs2d18rJotYtk4h2QPCBwDzagC1I/2NhTTvJcNmxwHXHo9o5nUpR38zHVKgFuaLyEMtzWf2OwtV64OCVo403YEYjZoLyqNFVmw7TQ4d1PyoSkl6pRz1ZgeAml4Cc2Y6pOhqai41S+58Pj7A3NnsPwSeBGhXw4xBynRik+ighiAm20BUi0qbqpO51ofzFNZGMffu+khv8+xv3//m3/0Hf++vP3968/aHd+9+99EN00QY32BHo60xv5RxcPEIeOHY4Ruza3gYYCp1kE9cl9CyC/Cu0/OK4NqIDvCBXie90CZF3vYydPCrMia+oTzFhWfS16EYzYikmdaoZW6s8hlNLac5AhM8Xnp9N0WlYmn47u27P/uLP/zZX/zld73jpN6paYlnNAXJiwc5h5WlIGrg+0DD588/vH/7D//W775+1/dxS5NC7n2k0dgiXvjq43L04bTD/BnHIwUO3urPngDXj5mBs8jsnBES1YN0THeMuKagVoKv+Jwv8YxX4hu6NSBHavF6NAlM7A5nYWqJFZrNbinQw6pCu4Mfs1/JJSKWJ6vQps+evoKV4q6yPVx0B1WrF59b2Xfy6dPHvoriw7vv7+OcenUXT/3uDclduzr3mZIVDG6DVc/NiUUhBxfEEv5hjLCiblmMnSAlnB0bVKNchVBdMNRUbyUbYA3znPf6jVp/hebb2UlXGS37TThc0Fu81lWdgCNwuwqstM1cxTnTcQ0Dalfc4XNhPEBW4Y9CHE0r6fQRirJRmPspM5eJZwyDkEwojPNCTwBBaR2XRP8m6N0/+k/+Z+qU0puZV3hu8FO4P2jHU3wONNeJa8pEpc4GzMzWr9S/f6f363kfEk/UNaLenSdi5UdHiAuACfHVloJC5B8/cjGxeT9PppZe72u4WK7xKepIsgvkEAJkKg7kN31WE5dq7+rbqX6cWcNcLx6Rsm835S57eJ3cnnjVEEC1yXtBYO4Mha+CxIsc55FunEgBdzNyGUyi6u1f6TGcBWEJAWNzyCO3JOBqiHIGVf09S+vmy4JZyLC7kcbTPjQjMBTq+Upe0XJLUD9F9l27c/XiON5LjYRcFnl/vpxfmUlFsI3YzC9kIzKH59j59q1xXVAYxpvohZqPbYVovlY8vcxtljwv7dexT6iPZzLO/YzCBnM1Zp6FbKO0k3XAdccEZ7TE6Wh6WnI+LLJ+qusoxGzjtNK6yBvr5/L50HUf/TSJCCW9uXRV1O+UTGd/gxAndA+14i0169Ubs52q7fPBpHoqSKrfVWd2I2NDqNzqgX/54iuR//yv+yhwK/EW+f1XgMT6pxJp1dS6//3f881AKB6Rh31hPBtzsWQv4i+/x20ZkHDUjFw+tJHO5WVWqD1XKKik5rMjw/bJUehQc7843LaTb8bm2yRqLc9156PAqNPhP/sX1o2UwA+ItXmkd4dDEMB5vaDXQOoofeOyIXUmH4KRncmzddZZEttzbqRGofOr38Xlpfion9+dnPkVXrRewf6jwJy9qIjVDldOtF8Tk6H2bBVyBDJjnHK2KSxB8jNXCHTAUSilNBGrUOWCNVOG/s5dmWdkAlNknuhmoSNXyjrbSxem0duCrVlDUxY+E356YLYgm+Rnf2ZI2e6kwrw4r2qaVxJ/rySEiwrtOMWzIyHVNTQleBelPHX5OGKsUdJ/s3XNUFZ9tmuZWIc1LFLNKI8KXhoYS24xH5jdwYB1sdb68jX5lxQtK/ox3rggWfObH3yG9O33H95/+NBDPqqg7ofnyWy3mMzySB7y6BZxDkYFm8qAx1WDtv7Efe3gYlikdj6KK9V6GDytcXmU1KAgU39EnE3s6gXlnGd4ftFbAaEAHxOrEqWBQVfj46K2WF2A/qaxl+WOm8dJ5mQd3P9GyaJe52Xt6+XwM66uneqkbu37xG+XG99iE+n3/jcOx03DzWj4NLZhzEf/6tEbZEsfXTNMwt8i+pihQdeBLPvEmyZFIstoLigq2wqVHJ6vCYgn5f72mi2JJw7cdXrpo9o7QjZ1JU1njk2GHHunqtmj3wLsHmnwngT34IaUlcEQaqB312GFECZRbXZdIITDD0E/U9Rze8XZVcylsnlHxtT+6dMG7QlfMAl9pC/7DmiA3ilWZ1w/AEdUNxw3cEnPF4XH8Zae+yaNKOCSzjGjSuW0x7UAJdDq2hMrTdc4teKgAi16BPWF43ZzWuMxyP7kp+LCHWxhTLyNUWBq0QQ6eZQePoIg6qezOeZsLvjMHBaEsNKEcsoaRwMqM1cdiwRZptBx91jJ5HDfB+Opbk7uQwPrL1THyMhYme1tGdp8MqQHfvFmb3TmkQi1ZPjS/wHID19Bv6Cg0B0dZ+c26pk6VY/KB0XhjPFF0a2fsDjptZV1+CQuhuZ6o0r/YN5xERTlM6Ey2buFFP1Atl6StjWkOA+xTNS2QfIqipouqdGB+MM9wf0EevnIvN+g5kc6870TGLVFpVXcm14YWVDZI1RY5P3hJni+UTqKvGKCRPfGt9rO8+Y8l3N2ZxvJ9R6De2WSUfg4MRbMZMbUdNJTYSuIAFLY+6100iO+WHVWE0+SGe2T3hxZggcsL56OIz3iYlBRvJet38xez44OSldIWifOCPv9Cs6vPYHaAq/tW6RCRunV94p+F4wCtnjJuWoxYW9b52BmY9KHPXX11wS6VD7C2iDzt6qjk/dLzqHz/HqOw2dM2NoQAmND5rZLgsGtAqZVfBKEJWv1YJmdA4WW7fNF/Uu7mfhO6mKZjWwL/Z76R6mBbnbz/CVVT1YU3e6xgGyATypBIdVot5Jafs1kloC6MtgwRsQ+hhpWE3msq1SHyMrEtzBboXATWlP7pzzhV/Jv1E7mdq/Um8mqrq8zI+RGR2SQwshBuZPjUVFp1OKOU/6O+Roe8erBHEKlK1AGNj++JfNqruXysnARk0lKC0cGQ5tp/TeIzkzt40eeFjb0zqnOIZVZJuER5caExjlvBVu6mNjqzBfaAJc51OBwc623n4OTGrFaEzM5wvtjGH3eRltxEhDvd1VOvMfC2nQ+r1fFvOv7O5F4mcalfPSeS5Mlm5pYSKad4Hgvqm+2mdb4qO58jez+UQtubcu5kUeBi5sQaLR1eFl6rM0es533hmXJfxHQJ9scpsVgG0z8xha3VRtUmtBT93RnxSuNyrrx9AIhyvzuWNR6d7FrUQ52RegeZVgeeyYb+qcm1+J1b3pmresfPuKQQDXg0MvbzCqNNEMioFHlefboVVNLVa7RDmkzPamk96shvUlpfTCA+YP8xHaCKq+wNqfLZCaJvubDBQdc+Mv1OuE0p/2MIAbahumS1Ka5PhAZPwGcRYeXcYDzt9ER/D4np5Vr6ml+2+6Eg3+jtm5lh0oTnyzuf45+8pFkNxSUzu7ESnzwC9+xGB2Xr+XieooJJL/ZTkZdI3dBxgy3SSSouZNt9E77Nbfc6UJ6Hvwqv/w/BZfpByoimcvEgeoAqObLfsq1zuTSXDPf34deHm7icBekAUK/iSeEp4N3ARRgVdUl0Qy+u9NBiyPz1lxZ8dbj6l1WuntyFaKagNrBVGqN6gTYZPeAsdNOzusNj5WHDW/yQJ6S4Znw5C8EB8jG4WhmYttz1alGwDQQS3BWj0xn6bjOhtHEG1PHXXsoPSrzaYM933LEl/FRjcyL206GfmzCNxN0YtJHbJaLmSGafoZ3p+ZmSNuQBOlhllSbxdA46QIIV63w/AU2tBuIywKTShFHbd81UHtlPTkOHW/0PuvMNQ9OHF4OreMRVQfQz7ta1+nzbc4xvu0luJhMuvZrA4oMR/tJ8pxUrZvwm0ins9t51TK00F/NRBIrHIQhzX7HaEPt181ZbVSyUY0pIwceiiz5q+H8zI3k++W3jqnZro6rLrFJrzLuo1vN2eqQ0CV/TKd02hwUpa9vewrUs/j6wu/DIrToDWvH2XCKxIaUGuZnEIeZrv+LydoyWju8CPianeZUH53O+3WhxjkudGeWy8lP3atqxw0AACAASURBVAr/vJkFZGsTit4NUG48ki6mLwqvElZjZF5BUpqZMHbMWr4DUus/lUVtnqieg0lkyxRyIZ8jtQw40TbBPPD5MNNGjS5JrL+lzCOj7vJK4dqZd8IrrdWKi7oNb1Kpi5G+mKyhll2n4jNNDRZSdOfBRMiP38tAp1KhulW3n7N5qnbUSfTHW2LHCwXeEtz+OBtts5H6Bn1fgtdWxA5lKVfE66rdASTz9vuPvzTqm/S9dEgwRHGSYaLBH24MRPP9wUVI9XxMOmFnbaQi9tQg7xqzrcMFbhUzeQ3P/sT4t+0cek5m8Y+kH2+r0a8jXNVCtBMEbc/hFZ7xJBWsnT5YhNd3ExZgZ4d7EA/K4NI8X6tM7sV2bXkrYE0l1DlL82zNkSVEVRqmu15Mqwo9SOiM2ys79HNka5/EECrqHlhaj++DcQLE9cdRqGmYaqveYh9hKPWgbGdy3XV20gtXiM7Sy9ozjO8eCO1ZaNTi4aJ/02/GK19r9f0+Fxjj+B45LZTjcL5is8yqY6ZqF7CeUvJXWYZy5mRmofaLftafhJ3nU0xYIAoRDURAXTdqoiwVetBbvVKXWU8tA+PUITlifvaeOieTo6h08ks49eDavXLhITkH5tXssR66y1oDVGfswlKczQTPNOTf9vUWPv8GHGYKFdY3HdwAsjWL2lG9c65XHu3a5YnZMiUz7SHgHV5qNcEdi3OROY8/0sV4qJBtaEdxunivMShw84mg2eohmzPT2vsNAPtbYxAuI5Z0tgVItMnokImJ/bwZm6quegZT2npQ5GXmRFza47eKsTvfGF242R+krF2RFIuDXuQ5VXdkejS2vBhtxM9LNpWeqc7JmHbkQRtOszmLV+s5Zr+hgHmiG9vSd9CnJLaHoECDNpZgT28yz9NTiGyd9MTumixv1Gu/0TDlgjPfF6Z1/2HjnegDVjGWkmPkENrV++VfTPK4bQuXXYMu7jMZTPewT8/ds/1WLfh0RfL/h3YHAlu37OqP/21YdEa4bGdfQDqflx0WhIkMYNWYJ9nWIfnNdoo97boxAFC9WYEXCYov5NkyThRbkNwFdWEP0Gnc5MOMi0qxJaQ1jadBbW1NKk+wAEqpfvM+e3c6rxA2bwnrDDY6MzFywzs/FgLnti1clw54VnjWHYrZAllhiu0IrgHBhS8tbmuolPSEFjW6TJzcInRoSL1wDs7tRpAcm8q6J0U2xtQjIAOev+y9SI0RIRT0CoHOT+KcjP+GiOCI20yWr5dsjMyMK4RtrugF9v8oenDh2AcCBze7qK1+56pATW7RWyPLe1dMZ2ofSrQTX+dTiRXnfRojWp5jRYV0QvNrDO7BTg7X3VXL/RR3IzFvuUZFAiLVCdwXhuDXejwIQs8ajWoThDr3qtRU5bBgFJrUuZfEm771CUIODL2ElcedsBzKBVewcgDqkLXeWz6elyynVbv1dt30a9IGAjqD3efP7nQTUI/kbKWvF7ji5cHV2Vce+7logUKhdkdz2sp8RwxIuw3MmPMwSkkeoNsdqvvlTO3yiLKxDGIMKsrVQk61i9LQX3DUSCRMwLJ/YrczFJaZboeCSIi99gp2WD+81Di5amX+cuKg1RtUtZCBNdM7DLl4P+HSsAAQrFio9kJr48J//KpP62lvU2K7DwDkRY8avROTBbl3qDUPh1PDTDOlFX8lcJzxn9aOCww1Jo6xM950pDFfk73i2eMR26vkwINF4Tm5CFR/ouflxOwSq94W/I2Zl53Vcyc+h3tyJ19NMzYzD+4a7RAd6Tmc7kbieaAXMKiTDxTwYezA16tSunizRwtCRXykB7psP3LTK1pdkNYlh7PmFclff8FrezLwkhZVnBasa5+x9Fk9hrNud3KtzhGIGMTtK9SP40ZsnV/Vdd8GcFhPPM2xaZ7FFIcSm5uby6la8kUcNJkLF70F77iq7/fYHfB6pTFkBm078nxMd+enMK2pJxIxPl3XxNXPg4rjtDMERCx0+6S5eJvwad0kzFvTYOQr3jolPy8NhkDWNGljapXVEbGKFUD1/cUOr07msigfEV6HQ6KjOBJoswTuh42aV06rCueYV9ka0fftc66xXo23uDTCa5zEQXMDFRNyR4xrtZV/DpNeoetPzc9KJ1mcO0eXJAsHgkSbiZN6UPZcmhLJM7FGkmSoEAhJ7tN7/lZ1rUdLN2oFOMOjQXUzsqZ5JKwmafex5Nq2cqoLzLsFRxR3CZE3cz5u801UMR3X2EghsOvjzi9KePJLDHosJ5dFfswA9pOJYiZseBHs5+BAVu7vsTLezMSca9WvWxKndlWrp7PT9CXFZNdS7aPa6ZUsO0f/3o7jjNlpnQT9GeBQLr40O9GnfjTQQO9lqFO/fK7xaiu8y9iWug4X0LNmv85bfqeq9fljtzjBK73vf2J2H/vVV7jXsDdaIQLPnvwuYSzNHWj9Pc2TreXyTpvGTbcdJ6nipWyY6OPrTbK3IKpuoET57oTkeOe3aHB+n7qZf5vVlgLbmaq3emj8LNnCVhXOpcQQR9Q42e/B454lknwCXkGgRejR53twRsxIkzjRAl3u711g6nZ3WtrfbEsoNNrBBQYVdIVzsSKG+abHqhXJfqyRJiGlH34ObQ6PcgfCThWBa1ky7XT1azmVvQKAeehZvdAtW871cVWUJiPPXwqwO26+qpHhIEsaaclM5x03pBznxlxLVdsm1fbh9VvdQHbIUm/b+5bfCRVQ4SKWnvu2x7MnStNntD+AGLZbEKhX2pBWw7q8rozptTZpqp+j1ekx3BbNTS2NBX0yEu0ywAkpkNQz+axq0+/ifKMxM/OE5LTZQTEGsxgDQFCqqNrrDEvS5diFQVt/ONP2m2Rn/Fkx1U7WiWJXfUKcloRGFRdnWcs6lDvucDI+eQVYtQsek5VEelUMsYF1v8Ix6WdFq2dMnIkd3g2sJE+6Su8RdQJV5GeAUjUXC9qHPTvN4LVBLJG2GN4jkb1s52ZOY+MQJZHjvapROBKsMVP9LojOZiCtv7lNUs+fSoDziMJkmRGPqygsiVb1/Kgd3vGv2N3khJKazlqDGA5ZxB+EDqSWYVnoYaLlRhN54+YJGc22WjO8GR7qEDLNfz5eHe56HGEi3zg56WzdpkUojvh5lkvynDxyI8jDB3ZoNNpWtsvKrEeNQtu6ZaVfd5jE3Y/fCfLFmHnOO+g9mVBHUs30iLxUZEMzKTuCT79dpxDOV9XT1PptO+MPoPqlCS2sjIbrd76O/1ye/5IKTqRGh5LoZjtT1yHHcpJk5usRIv0QPZBRf0gCbWweYyzUT8M1hFWeqj6mU7N2WozwwHCSOZGhxEryBXET85lMRitmk0/KViwrVWU0zfYAqisx1fW3KBNOmbldfOjBU8fk/bKyllBqraVTkm2JsvDgHPvpbyZ3njBbwlnDVMkfX/mEDqia+j6NG8sLBAMGqh55ApPhRzkaQxFGDH71fy64WySp9ZorIT9T1m1pwLgrI4gmsb0tL4UyopWm951/edfbUHwY4HP/v7v1RpMVVt97h+2AwcDkxCh1GOcsLTCJlV6oiDxnqVISBE5oDUCXw3xkZ0bcHgms1pqZLaadCc2wFlyAuOwxVyRelExHiX2zFaYyC5WEau8qTzUGtYjlBqTWkdodBLjwnz4LYtp8AYabNKrjC5/vNnnS0Oq74usZuyX95utWTq+1E5sQYBSupCOE0y3wdmda7YZyHweYiVEVdjq4jIZaGCO0o95ATmCITNphs1ttY04AST9PP55gyFcDdS2ztP5yTjqTIz+zT4k2FQZUDcWZsgY3ArtQOE1m4aynjFjKfmX/jIzClhlAH7O1rXni40klsGaIIluB0xkyAA8zzRZIvSyQTPOTwozoZl0+lin2zfRqXq67Mbh41XObQAqewIpehU2xMRaG1O5yzHannnh4u4IX+uK3WT61TmrrvNLOikaIMI8qWfC2eDR02lfkSWHSC6N30jmcHFbj1Un3PuYd2kQWiatwEcqNftZ5mMRiPrBQZ46T+btCuzuIp46O0+bwotUvCVjLso4ZszpAZO7NDhKvaN2QZfyJltEQzyxLiHHBd6fjf07UFA9KncO/NjiEwYlWfDR/3wzVUVCrXJ0W5eSvaizXW4YC5WcMXDp3rsaeqrlmi2IMKLQK0tHp7FuXJp5YUnMxCgsUKxEXlERuKgJME/VhpxWqJ6OCwtAT85s6qxF7aneNrNSWCn7TeGr6j3oaLBjXXuM8mJT/Ez2U6TGO7WkCikxq/BPSa4/3iqsmIlL3fbswIcg6TpahXCwVn0+Jcn3+0GGoJPD4ogAVB7Q3CUhVdb71bIY7Y6byPIwznqqWILvA7JlXAoT0Ayw/8rAgPUS1Xv1qE0PlYYU8VN0wT5J5snNDaSGPsZ4RTs/8poE6RXGuPovzjmvAO82jDfQNhsgk5qJAdArTHxqFe/Q4tJpZMaMMdvtq7i65gi0LRUtMKsfiho36yip34dhJwZbN9I4b6VEHdB5cYNO7IEScW7DJHOC0HgOVV3rEjSB8er9/SG/7gG9rhbpEj1bjq/DWd971M4M3j49OUEY8uFg6lkweRujB88VxJj5fAJ0KMevp6Jgs6SXm+NBP27Sdq2JkgdCS8g63m6ETU3EhlmqNtDD8LICnFBCLI/UizfC2p0tQOAmw+OgTm0NCz5njeovYOlwDe4vFSZ/wBGp6BK4SmFDxh6N+NrAmfYl+eFXMJtOMdmrIqXv9xQsMrceNNSWqdjonnUX8vul9a3p0n4aCdoFKK2G1UrHjemzRDBz2mCdS3VxYTEimwjhz47ywUHI25WGpMPWwQqScr5v2oCqbFadSY+hmmFXICLkHST21l2AiwnCCmlaKxzTUz5cnCN/QL1AjiUmFmuqfc8L+MQDgtb3Q/+b5g489t0QuQXBh6PQ5OlMzk1vWGQPrsClrTiHwgG3uXyxlzKoHmVLaxs9iTZzWOkBWXhes224eBDlQA78Tj6lp4BiKX0V320D/ZhoErF2DbVBNZ7N2rgAIbBJm8tl4zl2DNVSbu4/yGFa5y0CmM4sIu6D66/d6V07GFe9qGSV5nxU1Y3c+WM1jU4XWhWv2xp8ywYfm1OYBZanjr4pOWhv0Fv7Mni23VKYrLo/CiHSqfeTAMt3mKb8LUjNqOhz2H5PO+OIwyd1U4bIfenwa3g6iMW8ETXWy60itc02Itt6Nwl6wLVVuss3kupL/fMjKxW4sTj+qm9HL812VquUPwtMdyRRHBjsoD0XOMlrKSuCuGZqfcMR0cpM9jYrrJGBPp9yV4vw6Qq43xJMJf2PcS8+FU2j6JjpJ5Q7NTXCKc+xgocbEUv1McGa2Etz1e51qBBqal+OBsoKC+D6LG9ZrEGGdWcOuq9k578fxzARGKrR9rIO9UU8EkUehNUHFBc/QqvaoLVy3fjLVSC5gJIRa5z4oeFz0O0ws+WShUVlVO/Gh8+yqabV7zqnWVUnA7qypg/tWxK+0h9oGexBJ2RY/wXDeX+3BkJ280yOiQ+imnHjFql9i1VFvW3CGv1PZt7qFO0Z9eImq3fCHI8HuVFMttc/qS8zcCE+Dg3CqOAYVKvmpHZCfARBGdyu/U8Hn1j58KYJ5HlSRjJ3beyN8BsAEENR8IHk5XPVsTI2JdUPHKlIOh9V+ICil0GAS4rF6UGiuct002ao4wXxvN5kiKZVg9HjdeVVYh1/q9lOZlbOWdIWRnujaTCVoGyUvQfbLFDdLN4dbXwW3ZDP7ay5X8Z6ge4iaZ9IQP1IGSMm3txDB76dtL4Q5zjzuFTrNE/bNTnOKBGl71isLwHPt0zRGMZjnG8yJnHs1hkJG8+JE/VDOeR9nZrmdC1e9c/RGi4of1lUsbHViwnxf/VL7LMyoThQoVkusX5uJmyq5l5GXVbxw7yU1ed62CTWSVHXHxDfHjQZCmKhO5CQObwE6jxfJmCyZL6q0LlggBeSJUx3qQgXXbw3zxIThO7NQZvLXdZkOEIFktb4kUtxZspNnZCWg4GdCjA2JOzlCBkl9FpQopbx5585B2Xgk6+3xnxGNCIA+lpNd6KYzsAVqgVwrV3aW2BVUhzFwB+iMrRe1nDV1WiZKJokCXAXPpyYqxNhtc1bDwvuA7oDw1NaFU7quQuHy/MiAAj60EQLdbEO9H9NJrbWzgS9EWts9vvxx1QD5scrh05L4dyGiCbtaTPq5GiQes6luwhOCVbLcvNie4SMcq3BfRB+xDqpuhGOwEL8KWzsykmJkZI10SMyaKg/38TPxjBhkTW3T2LkzZo8YUwVo+awS4DfUtKo7gMTm/QxCZnaA1SRCD2S9rKO34npwNbQ14hs1NhiLQD2Rd2rzeWl9Oy6LbFNrTVsYzNoFBvss+xXjQtIuwcsKYCPTaXb6DJjpgmRrjbj1LtFPH7/09D+U1qCchwYukAR8B42KqxPFITnH5ptkVrNzLi0ULhEtVoAs9uzXcBqn3RnoxSrOm1WmC/2a0uX2NxwYzpC7AsFONmQqztm4W4mZzuAXzY6CgrAoDZ6jixIDy5wqns4PkXiyZh6DprYUApQEOqa3RvWkedHmx+g0/QW5GVlumr/VS8crAEGyZO2Dvz6S3jt1Pasu/Dn10U5XjHW1N7OGeS6PIAyPAJFy55F1QUqNv95VsoQaE8bPqwVM/6rXLdXLuxEnk0/qnPP3Yrp2z6qkQiaiC0E0kurljRqmshhf9++/HJ+7UBYASgplhbrpc0khHkNT0lzfze11VE1Q6cDIzw3uWykfD15feJN01fny8VPvAEoQ4qaqh4QuqVKUZox1M4XzITwCxaXSsbyY4JQUSip08RyqpFDlQgtQ8B7TCBBWM94d6+uFMpm+vMbCLOUJNDp3BDhMwbv0Z1ZCz6mkjkPYyWK0/FfMt6WS+lCZ1mv+OKrHbcUhcAddMoFnkEy8FwNZWLBBwOkXB5mcnWBWH8AEhjoq547GScyjgWG3zXsDBHcgUCc8whZi6VXFSPXCjPdsjoR2t5OF5o3XKGcmQD3Lu1mhMVQYIG6ncPHQbf2Qz/GELzOefF7DRvHTnRO+nr7599cIMBDOy4uZrY5fcVrQJdMS4Dit5Vme4oNIe+mW/XVUglXvW/NxsRieF9VWrGwSz2Gsp9+uqJUsi0PVxsGp8PlbkamFZiP6yVo4j6zJTgcvSoLDuZsAozZBk1oQrBvOeBPgMzeyEBYiAz1zwiAIFyiQZz+ihf5ykWt0MJkrdQCdUEduMSLxhEKlooTbpPeyl4i3IN0sPNdRF/tDGtDydm7WxOIZvhnRyVJQpb6IxLzeWdLJszzwqc/2+gCnB+yQX3ut4B7dWJ9fz4hqbHvBcsQTXWOWyRyBx546P3elGZdaxCAVqdHxKta2hjA2luGexKYSPvij3oYcZUIV1rpLEakm3N7fn2NlVt+w1kusVXY+o1hufqkwmRs2Q2BvYITy1QJGlPtlBZ+jvAMhNaPtpEvlJJRHbxQJsG1L5m+gXN25wgyXHjuTvhZaeL3kpnWMIsDuw+ou3k8LrZfdMaK2LQv17lol7erwGr9Fna2tSlTd9jreWR7JBZXTRNy2k0Ed3Gt/keDExiJXZu6IV1Q9H+N1StcOk7T24duzQ+xqKl7lN/NHKZnq+13nn8ahbXowgdFrRK+tk/xJtcNz7SySnJRyTTUuBd8gB3sMEETJvr/RfUF1nmTkt+FDRoeZZr51XITWkZsKJ96Fp3e5JM3QGkmLODILPGM1b+kB1sD644049QG8mniEpOrKR0JVqW5xY+qQHBMgkoyHSC/4Ssy/4KpfFKvOSdN4ZPVVhQcCiRfeC5jhBZe1kaxmv5v+ZuOI22cjmX7j6LM8je6tqUIIEDxdY4/NpVHHywrxMvW7fzN/b25/Yr9ZfpOrlcie4rA2nzNkEdVcZM2BrwZtx7eqqPvTQMuyVq9qYMd+LOY8bydPK8PkNmFBXKgqTLXpa59cCjPjZ6ByZh7NClldGvQaNf9mSaXnyk5Qbuq61L7eyhyeNfIsUTdfU5x18AkeMbeiej3kOBDrUYlvyLPYAvzJshftTN0TtF2JU9u/Ua2l24HzBy32zuAYWBGVLpC8x7h3X6KYytbuazkfuY+D3Q72p8bE9Dl11c+o5g7OCRa/TPu0YSdlgbhs68GdBSwv4UjYwaw9H6t1PokZkAXlw5a96gm2eMfglgeBsFUE86Sd5GE2Kb26MT0ay1yMeyXad/9L2x5D7l+wkrYl7zV74OuSgcAbqaBFdJDz/HJpBsnM3rLqsfw4jdc6zU7eoMlY7QeN4EKgNR7yNMQMxkb0iFVB/rg81soUCps3xcnJjLV/riOzQmbWhoRBcXOAfrtRSL9lUdVphUxnkaii3CwLw3l5aNLZHBR4x05bbeuob2RZHedjFb8A1ET4fOosk5qVtGz/qlVTo7p+lXhX2U48Liqvqj86PyFh//r1nW8ZZcfQ4I8icwAGcuC3Z2KUZm2Wplvry5zitLUK7MlfbNeInDlhSOobDaxez+pYlnXAGJaTTa7jE5aot5kGAPQ33uuNzkLLXrFeE+jknzG5PiXYz9P/De+HbfYj0QzwDDvlJxLJbzjNoAh4qrAe5fQick6SZ9fAGk2pdLLlTVaxrQE2Fo8BGKdphG9qbzY03YqNu7TKXPZyvTteYNIQ94+fPkbu3R6QmTwmkmxXp0wBXGUHUGl0jqI4ROPiicw61ryzm0CCw6qQCl6PfpKrqnLjdN6QfrDOwgldryT+GMQA83I9Ksv3h8VdKBmBP24LlWKurIorDzovd/qQnNYF3QMdRkzmY8E3XB9RbPxsdM7QOInINVRij4VwWBkArPHHQSCrNZxX3ykjfnYZ3ZnTZtH6UuZVzGTh7WEQ/OgsKeqiS9Ju1rpwCnVQ9UKhODXTLkpHyvxObLz0M+lm+bxlFa9+SKysDpJDP0qV72QiVfol8Os2EXEoh9ZI1GU/kV0PxJpPTsW5phFga5VxfA2CnR+vUzi95FbYsdJOZmFsic5/qczjWS9kmUiUTJUktFa8v/PMfkFATVvHi5gSS1N5PFpreBJy/p4rE80NsafBTxNPxQeTlaXnerATAdbFmBF8ODmdUoXQMjLzc++b0YfmNaXAB9NYP+MOO0RWNIFiQPw3ZrX2m09jt8MonRTh8nVXdnJQ4ngJkSa8Zqv5XyuQ+BFS1puqpHxIyZ2ZyrV3cg5JTlDTxe8hRRMrSlBVt9mvyKM1qxgm8SorB1iBRd3V7y6PA5/05BLbeJrUUrJxcSzSOuOZMlzqx4ZNX2imlkgoWI3BOpKgZCA6qq+JNIreqBIrl/L2X3xZ+sdP7z41Tj72iuJaRKA/nrmoO3kiRuW8njEwdYqAcMdFscNDuzoRifCAOmQjWh55V0oV/BOhcXVWwS6bp+78csLxJEaoBag5GGjbRfpKSQ1GuhyYNLw1iZo2F6K2bMSIo2O5GlVhdhUbPyyKWNdL4Z6fWwH3uYku6Z8+fuxbVP37S32xw97FuQ5ciNrZFrZjGsaGZ6HrgwQZ+/TzLx8+vKtfuhBaNZcmyTzP9yN5CVahl4NHWUT72XeuCak+4o5df/He8uQgFsyLTySJ78J6KuI0tHqeFqf7GxjOuhXd9fCmDwttF3cfS6XRDy6vEs3UsyFRFy7CBsOkF+eLqTmhOoujLIjGk0cYL0LR/UwhI7MlNLVBfXot5DLaoO93YFb8H/Ox/0HTG/I//eUvP99/A5gkCoaVLkXU1WfdKqxBGZk3v8S/O1fy1eKpE9OVl+mf62AmLyGxnhf+gS+snfHKontWLI1C1bRfJPq7GCpnDGQW0apGpV5J5zW3VX3mrZgWDn5PrzD3TrSFZ8vDy2AEcKtlQMBs5OBOt6rS4q2vSZyDJUHw+eFa75+DNLIXub3tAM+2VQAKVyezci0Ji5KKeaNpYY8XKgtkHbFWvbk4GWMvhAXFyVAdp/itYnLt+uD4NZQcotrGUPY4nQ/pT3UzwFPGa3Pnse3EcEgtyUMAdo1H8VrFcPXt+56EJ64Dnd1e0ttF1qqj8VsklzJFwsBtq8Cy+AU/yv236kJz6RfbX/HFdJ20FRnKeRRDP3rQsDxyhotezl2dlFCCQUKeLNeMxypXa0CbPUVqTne6SFG7wLH3BG7TUUNFTdUVTnhWeJo/3MpEvU4xGbnBWBo9cfv83ds+qjEGmmVVzvfqaVPeb//0x7/9d//k6y8miQ0PFFmC4ANqz7xwddUmlrWZWpI+/oqh4dzUIY+w21YhJpdA9gXlPCEhpAFPGGybMp2BOOF4OiKp/hGphF81EScFZgB2xk+iLE0nwZvSEiKNzxoqNwXaz+pMnQQfoRI70SvZX4WOOM4pPxiDSUSAsu6SZJvbs7ha3Z3GnFq7lcCRepk9rRS/fvr5y89/+NwjFd5KKFv7ftXIu+Vqba83R8XK701QozC1aUx5WfxwH+A8Gty1PzZQHs0dn4BPQaQWnAn8UYj0P1oHqwSA+ENdje1qhzLxhee8GvuTag/pAQy80oOw0pFIZBITXSRnXt0Kmp/Cjld+8mXUKld5INszX6eaJNiXPi+sCgOgqFafEpp+c8E0OgN4ue+i/aCmFOwj3/EgZlk8U3YXB7Gk6ewkF2qz2Mw82LR3jsB13rVfPeQToR2RA6kR/YV7lkjdDFlpfdyU11tSMjf4U5NMU2vnoUQz7PDbgcr8KyoDbfhhYZYdyUUMh9IxwTQ2C45+YoJo8kz3yAPvJNrbJ5L8M4PV9Og5NAg3ly82YHDjLCPXUUNa+2wTWGypL8K4Jp0TFN2xjWV1APo9k98Mr/UIjtO3BmH+FtkF7lSrO+hxqxx0NvoKrz/5zdf/0H/o808fP3/34eu731jPimcwI8f5C3xErCoKnxZzU3tXnkFVprUwPoSbe3pimBni/RHsMnKWv7n0eMKc/hON9jvV/8oLzTCmRVIl83CfrZO8+hauR2DqJKRyGzoTcsbUwNVRPsPVXeDn5LO6aczInao8BHtHYAAAIABJREFUD2lR1Auw/Y/Z3oHwT//Zn378qx7wBV3HvvnQd1/31h5vgu065ysoEc68o4vCErJn1AG2Wv3phx/+xT/6t9/3X9jevu9dKwkl4Z8nmcVohlZ6xZ63GBdzjizeicb6FcxkzqsrpExyWc237nvoQax6kEr9rnEk4WoUGAGtHH6FVZyqSPngMk2pWjtDI0LjfhHrqhJ06ruY7hmP63ZBhCoSCq78Q3CacjodVcGupL5DFonv0raWYSUelmeL/fUPKT99evPu/Q8/vPvly8fvPv3yS18F9Hd++vrloydMlKzvC+8+AzFcylw5Q3OGxRlVu1lYa3UR5kl2n2GAl/VJcaiGW3rZgDFvJ9pJf3T9XMjuuOBWp5lnjJYwC+npgBtATcFK4EkT16mdMCapEKtRDZy2OFWhveC37bnww6pa9/8JAHlYLZNqSR+uj6O4Peobqhaddl4WM+whQ5AHapxW8Su46iguenMZv1hT3Jqggs+3rwLVyqIXyGHzYe/gCPt8HE0CZ4ztE38+BHwN9usbR784mU8HIhrhLDSbsR/2ZwHwmmYlsQcfPRGfszNDbpIrJLZssAh21yQexcbBJazeOQa3jlVvURZaH/dcSyopVtHf1mtsJwfDILiQ18lJmH24Vfc1/+xNm5kfV/qIetYO+PhzV4kUAQ4c/SforVSrDLe93/Lbaefm7uLnh/vbFtAXOOykOiApQvzdlJStVahshMit/gdN49M5C+MY/qfPn/7hP/q3/pP/qX/nl7/+eR01INMkp0D7ZQml6jo+m5KKO9p/azu5gkfj8jAIAolkFT2n5Mhgw49VruksEocySVRUUKe8xmmMx5FxTlAPXP9N/Wlk8KUYqh5xPsM8fliMQSo7ZmfHR2gGzrGrr9HoYnZAlR6iztMK9Kxee75kV7flmV3NJuhzShTIsz0r796/+3/83//p//5/+3/78YcfTeB/hF1P17EZD1gUQbz5/PWzqz67GL/gNoONu8pNAmNbRlwGngskolP+RWIc0EcwWqFnp+oqPEfh1qJySDP5sMfSdiNfpOeVWI9VHS7Jt7mKBPvs+c7w/h4JB+eZ/Db/OQ1toX+ROJlHlDhinHnogKUWiIYjU2XGF61vNrVOdopbuvPE2XRFYEhpyK/lEYXh0j3bVxqImrTsH6WKs6OS83azshNzzQQ1pNJfp6dxBayd2xwG1l55/qwtGQZWV0Wqku6pnMTTOpVkUWh/pM1wAOMA+SWTunnCNnt2emIhTXKNyxMRGaAHm8QlDtXH9NQfglo6b/XlnRjfevZM5f9WcvjvgoqNUbQRE+SmSjyyu9EF7axs1ITXuUiOEofKwiWhfkGTD/1KGM2JKj11SBptDZd59iwIJqHt6cNfQ5SZiEYziA6bzhVC4Ult73uG9ebjv+ff/u6/9V/91z9//3NPDz/82HqV74VSNNvYu+A6C+uqK2smipdacenyVMWpRjbdmjLdkSf+alai1smpVqFOY1pKFUQCeeKULm+czdfHuZ3PyYxQqnF1WG17ql0HYA4xyV1fJ4peLu7qdDozqX9yqMY01xfpVxbJYD5/9+7tu9/++MPf+x/+D374x//k3W/eLetq4uumQD3YAvT//a9//0vv9I5L6i08e0DsPy70FQpfP/78y/f/8D/y7r/93/nzn/76Xf8ZondY+i4FFJPHlgd5dz+Viw4TDnPAlIjheB95Krb5f/mw7imoFxkEB3/y65Bvqjyd5mI5zqizmkx2VhCw7GoRna2BuYfWpA/kG+q5wyxCs5iVmm8cq6RmNxEUrrC6RLlJpAzjrTHmNJ010jM8eujfCwJvf/+uf0v/S0uy7se+++5/9vGXfyyRDyBEqyjyS79sn/HVjx4mC9HGeJIqukh6OtrBvdOufGNrtjItJ5SBo0b5fMb2RgkRw/uJGwN6YlGjmUJQt04Ec2CQ2mKc7nhW0RdtW59b25hcalnb+fGUR2YhkSihAUx4psa2095hXnc0JlZ98Ri/OG+JaqlJB0T3vD5w+wg/dtE4YDn/dMq6bvHQ1N9TsTimsMr1aDp3Dpd/JKcyqYpzqrrHOSXRh0FhrwDciVP1ALadUzGf9F12d/IaCJ2I70M7KXFRcSSqOFM797TZazngT3SBp1FomeCMt/P1udYGbvFafTY8Xu0nUV/Atrm4hfq7UjMG0mr9Mde3Npt/0vOhLlRB6MSHY4ZoTjUxbcsElKIh14XJ9EAD4/HsUDySiWA38UvqsqiK8BpUsgxRItRGu1H6FAeTgaRZGWbSmyWRUU+nv479v7Gt/TtXvVybzqYxN+Tds7/t3Y0//f7jl75b5stHyItTu4q8eUITqG+RxWz+YrzM3GA+g/wuKLOP/kOFv/yD5dKc3Tk0Qdx6nXHNE2tHdGOKVlKne64NlQwXWXgmaeAlyPxWmV7aVE/I+USdBsK79iZ4lHCuivszSXiMHVTqqzVW1LbWK7hKzNS3lowlfJC8pKFiN2pPBccGgsMEjgi0pUqHmDlzyVpedbJjnnriUSa927/5QtlmujzP0uIdyssKrcksHquS9h6ecPLMI0R8+47SBco169kUesU8EolUJuNSuLBNcGB2Ulf7gjCQFyzlMOckP7kkk4KcD7d7jKL/VKz1YI/z4TzOTehEMwpcTX+l6Agjc5UlfUGMs/g/+IdLYECr1Z6UeC8ixItI1xIvLgFgYGN3WKtQ/2yPP85meZm/9rkyqYQ3He0ujPGFRb8+PNio7iwFMy1M2hZc3tT69OPVFtBH/TknET21c/kyrrNCxahGbcL9bBVLJP9I5DzaKYulZKJxookDnRAEQrvKwxho0GPrJBuZgPQtziO6EUrwj7aDGWbN29ZavXCyUdGZYr/LxNMigAqxbz7Fr1FunFONZoWyrrPO59CFtdhArVtqExg/oQXJlp12hXxueu24DD6phB/Fwz0ARGL4/fv5X1J5+bqmz2++vvvl8/e/fP/l7dv379788PbDD3uHzo0PQLM8i+x0JoZPapXZT25EyNbrf+3TyZ69NHUF8sMvxC8yJIKqI+jhorWqvHwK54Zsn9kHdfKaHiKPu9MDhaokvhEGmAmMRrojitPCRXVOQevg+wQBPPjoE2CtuluZFXAPv0P0jP/rz2+/+7vv33zwLgRDXbhaHzZLWdd0oelpSKpeq9L1LpQtUZf1vp4+2b7q830x+o3XC7LbYzLDJ9IXFATQaIcFjIFcuSoC/fJhxEncyZ2unFCgFjC7wOvGxKQNmzrxSlOpJgRBfCH+8XWNJD6M2BGGpbhK1aeoph+xWmQA71QfKPnxL3s3xwzrkXwmONouIR3lOSyLzIdWh6pMiQ+F9VeLf3EtFb9//+HTL7//qXcWvK97EjqLGY1O7w9yoyUZRlf3t3V/3T1x63uZfU4JUdOL1rzoWOs42PVbVOkuFvx0lZol3/6y7K8nL/t5wrrhZzW95IZxtjBIQEDGZsKCRzDDtR+C5kkk3rvPXHO5UgTrC2xl39FKZeSA6sayUSaYjWqJaGs0eo9l18M5F5W5VcUs49JWb3nvRluPZraNFpvjwH8Jz4t5P0Na9SCImC+3mKd2b1lKhdI5Bd524hr+eNvpy/8afQjYNuJBcifcas7EFVwunM+MqkpDii35qpB+jGrMhL/j5HSuh2C9DvvwE7mchC472rUyEu+kbh5qop1vA+sfr1c/PN+naKo6+4KkWveRCFDocXieyBBOyi3ZVHpS1b9b8qoec4gVzRvmxnppc5zmWzqjZAfz14hbTyQtdSqwna+1R3eOxoIvmKXYLkk6AnhcOwq/d82lcv6U3xX7LA64o9tLFlaO2teI3rAMuc+9auo+KaGtcxLZkm95LbSI1dVCNl5iDPgYL0gZKuHOGHa2s7TsM4jmEf4Lcq21bzi85JdIr2zdyCvcm36iajzHZCYl2hEQGr6I+AarYtsYZEg/rOLCy+QUjMYF5yR3onM4CPteQD8cFTPzwhIENiKTOYZXgx0+AwbVRnVwltBON+enYnIFo+v0cqVOJXRwxDT16YxEmk4MlYbRu1mstXIxqNEPoyOBbt2AGScfnHFFVv3T5ihqr5Adf64LDG1X0Ov4p2MpPL3hRo/ROD5mdjZQvDWuqZp+J8h2v1i0nejTJydRy4WeuPbRHxC96lavYhuux6Fj5SnFfPUn+hir6dEaZrKiBW+QosDWka604MHLXYRr2E9FOI/qrOv/zlW3lxAIVFeEmgaepOcLA4SAKdKrot8p6NElgFO1RN2COG13Fia+882EnfLomzQiKbEwK07X71BKrWFBPqUIyj6iMw1n4BzwKiTR9nu+ITGJY//KiJzcFEqsyn75ufBtZ0A8SrsVo2mT1E9ZxSpxMRtoSms81lAXJJ+/XJv0ipWcpT16ndAc1tTGJu8GlJgxVn+e6Yhx++IhRAanWIL+hjPlQ0zk8Jkg4ezsHKtHLWtcHo5I8GUavZkPwlxradrH0nqk4vqee96rsTWD14LveRXV9S2SD+TMOTNTT2AieGzIL9nGn2SYxFYaRc7SftG+frohvnAk2tFslPyiwGuuRPI6eLXE/IgW3yhBdi0exwUTcdehtgAoDHxaz0k1xwar24rP807UpHuanFnPOrqKi1Hv7SmPPNIrXrtgzfPW+S5vvaof9TKot/D4Ev/QF0z0gsUOvXYudrHv0v65t8F2J9ZcRz3YLEplNEkKwJjnBa4XH3mv2gXJMF9G106aVqy0alpIGkzcy8ZN07AuEwJajDS3oSgEjKt/7B2RVQBN+1ZaMxYUNlRFmllAo60SVg03gJALupDmJRk83f3sCc9ZgJ/SQU5cRTal6qakKttWgy6k6/Oi//nj5+/fB+gd2T/6d6SxWfDS6OjOjVHmRwZZ8YMSHUms3O/CucvkkSeOSE5RGk39UaWOWEgYDlcenMS9pBMq1QEMUWpsegZ968raE2J8LMQo+f5yu31yrC76WUiHrbZwcJmeqgu0lmdcyrNU41XNRdyiweKs75+aR25s0uQ8RR+wESXx8Hahwior5wuaspfRi2BiFMnp6v4k+3VwbUR3wxXR23bkaYXcEwFiTK/mdRyXTl5H2nSl31V/+dq3AFU+5WtWBgO/I+GyPlfm/JMpZ2dupEWRN6PxRLiqrNy9i+5bvII+0/M1pcz4jxPjWIc0oPO7WF7YxKN3AjXAx6UwZiWV5NuUsFrwEjg2OlL7mm7cttSq/zZlbOSnlP1EyqKh3EVlmHEIKZvos7QOwKhT/+h9/6l1aAuryXwGBWu85BU21rvjhkpzk8PYz+yyMq6IjN2+DywZICInC0qyqL/t9dIOfWxKtXfq65fkyiqfobozV0YRaHd7fQZkmAnfvCIMI5L4IhZiYuLoz35evIrqcq1HK9RIDnPmOzENKPdLspEiE9ombGKigVU/C9AzkmbwONUq1hMb1ogzt7yZ4ZHSHzMnrqAPG99jNhbXQFfvZfeFpEywv6pqPypqq/81z79RRgoXeVcGSCYXri6LUHYpWFeI7BpDtg4YnWKATpsb2G+WQdQOCjstUoUgHhKzf86tlbecIK5G83nafhsW6aEovzsjsC6oFL/edui/RvB6pCi0BTeHr9Lp1Xe8dS+IR5Iopt+kko31txmMoCSbAo8UZwzAAXONxck8VeuZl5naZoXGYxjEA3vg7Ax6cRv2NdD9ZvCM1yB6NTRgK3XON4Knw0gVfl5wVBbvy+mielQoTGYoWboj2EBEn9x6K7i5CN02gUWDSGevw/RO5o90Tgb+jGyKqoRyNYK6AjIV2L+SQ31s4yvB42heaTvceV5xusvee2MFiRNPMaEukxVKHpV2HeikEhlvohGPitUysDbWqVZFizTei0whSlZ23ob/UMkRhTUV7RCCadsQ5bafnZOqtsAYrC9aVR2P7JgTLwSLkiEwa5NlY15BYyM/TFjj3FTFI9vYmB6iqWZ7A7n/3tEzV0mFYrZ6J4vX8Hpk/e5jxPvixMTvId9AZrHZY+6r6WcDdoFJVvy28OUPW2PAwZOspm0wK2XWDKHCfvbEC6j1Uz9UTY/1oljMOU+94vyricOAlsRETljNoB+fZxvZTS57X3H29etiTRWAbWNtx/UBF+ISyw71j9Pz17Xs+97cXx/2Cb5mVsv+tn2tfKR30fDZ1pDXy7QZDUOAABU3173eCPTxyy+95eyjz08lvRfjEsoaD3B1rZhuB5kNN6vVs7mmokGo9SG/ZqCGEn3tlo0VRGbJtzlSP9J9yQC7TXertrJQnN487KSWc2M0YumF+aufjSrSYrqfb0APMjbraLjhdB7rNr0bQcoLT4WcaLge9hhl2ax9TdvTF6QR9J0sYVJpzV9OdltVDNt96sPS52yobRlZYeiFpi5yhRlM2g/IqE7a4NwFspFyJiT99Un1aYQk+4SkpvGWn/WvV4tqTn9/znKh8ryX4uUOiX6yvJ9EZ2ZqC0vnLcanuFugOtTLFK7L6Po4eiK3QU820K0ZTYOdx695xBCtoqAufWphYw60KnxzD6pFc52LI97dL1njJmpEqqN1OCGTka0d9kkM7f3K39Qw8ZjQk/HO9cPdzYztKYeH9B3Edr9M/9HGyp1qOA53/jwWftqXNpcLLwWdVSaMUioGc9xY+TYVUdZ3nBGdWbPnyZhXNAekxYec89qJl/qoGn/zJSOFSfIl4D8qFr0mAp1cw8KKgfCk6m9JEpPFYPA1Wrcdh2QxmBW9SKO6KHXwRN0LTeN9ZGVor4KhJTdnLL+s+Xy0r9KqNM4htBcyXrUNbNF4OiVJqX39OdTKC8DAWV0HXxpFJgPl5RJNGb0ylFlbaWGsrTkn4GbhOmPHEkasvEpW+zhJGDibT8xKe3ziwme61D1tYAt6kqYNpKDv7xRhLJJGrHAvPm6KxDUNcMq2zI2Y71nIcBM0YLNxZHwlXB9rZkbe73UcFLIXC4mWQMwQVDvvVBo8M6S7ifejp8uWBKu86M//zmPAQh1t1phf1eBZjZXxEnu5QjaNnuqtUHZgBmPRmbVdpSD1yTT+cYZIQmgcy4es7NiPVh1RfTbCSZaCViCQ1dRpHqvwzsyQ6xvoxwc3f9sWgA0F8YF5RMGFarCkPPHsqlr/MzRGHR6jsR+NIVZH5zkYHRRqGtRF/uqSewKemaM1LT49ZAYlwGpCGVYF0qpTuy6c6SrVaVuUnNtOfQCnutqZHCyRWg986p0uco+uFqamd3UROjZVHvfH9Em+OkZbvzslL84i8VKpyiS1cy3n904Xr8fkNxXnGl6DbeCjVeVSDNGTeXKQKzfWH/ovV8Ru0gXhKa0pDoJ6VTePBQl1eTp0AttGRqvwUEm7fPBevmcjcaQWoXmpv9XnuoTv5InmRlJNuXKXk61QQA9kmdkADD1i+dUQ5e/TvllBBpz09Spqq0kZFQMyu1O3bEcD1Sr7qx4tXUKJMG5m8DO05pG/JGF8AEuHI6IKWGLVOhkFADlrpvOY2sPphJKq2Rc0WFvUi58+fu59QHqvKeLM3TPNMiXUMHkNNWxm9ufZQFHPBL5nMGVEXvQ0olL8UnI1edqvOmOZi44Pvsp/s2E0nlwLp9b1sOseZ5jvZ6VhuDKzpkrcqGyrBFD9VfrcnUoIIuCrD70bo9edtdBt8urgiiUKFKnylsMtKlsLOcEkjC0A6cIUKbWCveNRx61fsWVU7HrzK2udFxS3ZZ/7ALAuCmAY5ynraarCCFVbHp3P6pe8enoWOqtEqV/XfNyC9VKiKGbAxQHtF92KhAS+SnpYOMx82Xk1qzteCTxxSS7lASenh03i7TScPsbqls36+tOoJvskTmJqBIaxi/ucPeiH0Y3azeVysW4sUUZ6YWNxXV0kWxH321qifwbw6V1Cxl0+yy28BChbj5ffHNOgmwru4j0q5X/qF5MFaOOFeQS4D/wS28Ib6uRdEFfwmsOtC3is2+uPurJXfvTqRXpdEJKJOb4qezEj0jgNaY/kMessvR6d9v/iZmxrEj1jCZObeyrwSEZBsmRHxcKrq48k/mKxfzwnqPpvLsTQQqF/pibns/UhdxJPonQttH2NQX4gyh5onZhzcw1Jr3Zay4YIWGMSMVh8ZjpbncrMShpPxvlVrKRlzQq2xNpNuLcoLO2kxVDO1CRekoRrxTUyfocXK/dTGqF1uoZRHXqndYjd2lBootj0Yd3ZJ845IY/kFRlhWARXauWUd6NadR9P0fH1MEk03P41Et2ojm81cqpUESOXCCOpDoA2jl6FXNQtRuuGoJImGUDJ1DeiBkz6UsgYCT0vN8ONYdJPsLIqGFMvc5nlPBq0xGv9IV2rf1bkmNRlWtJeqRZxSD93GC87lnEVc0KbTJ8mquxK0qrf9ia2hqowFa05rydKxf7evO0Ji3FgSBgY4qYH0vRtFjsfC4m9XML1y9f0uBFtyZUWnviiVdCeF+LDqUZDhqMgeAk2gsgWW3qQFApIGLY77Q7w+jfMzLtYrnNqDWi3/uks5Jt8T3G88NG57Penk5Lb1kHZLb9VwZytSvAe++o3j40U0RxP0rxBef0ZejBVxwktsLuwz6c0c1wkJRO7QM6tCFJQoymnMGsacF+aRh3cXVHCMy9UdZ9eMgikUh0BqwQ0nzBxspS+2YncwtYRPJs3FCUHF+xRgE3CbhaVacDSq5Hl695bNvFXE9OVoRyEBsqZBh8vXiI3UaePGYVVrvCIq6ud9qoTPyJnyJAVIlZLuzYWYMZKBxyWwxV3OOuEiqsm7wGmHNp1gy4UQuOJwMxQg+7kjNTITifzIzDyq2H71c1xAtLp1Nns/EFaqW7YaVpKuLNuKC0AagGOwrTh9UfhiUxnba5FzXZ38m0/TGanc5qZyMmHm0nIDxdprSde6oLf+B1JCXQopVpof0R/GYqSWWEwUvc2nDt7HtOImGEzfTbL+PLpNfRUr2m+jU/qVUXOpHe9NrephmynLwy3DGoavsxoAF2PCFYVIrk+e/azNM9rmGuyAWhwFc4+zC3gJv5y69xMdIUcGXYwbVsVqBfXbFWUrhuh5hjj7XltwNOj3lVMvWVBFivNjt0mgAqUE8hB7OC5kHZfQZwZdbmaQOcoLCqWZPO6qoGqvoBNjqXL2sPv/HLgkgE0szWKwDWd+8ZdbaNip1m0Zr3yoa7mUuZhcFmRO6e6/hdmE5nA3KaikoeYYVpszVPO8QeTY/PN5KuQlkRgIMr6cJyeC5frvwf/wSPslmDMXTWJcvNZoSjSzU7WeCYUT3aUafJBmNXZR2suztsTd88pRl2oUF58IC5u6goiq3OS2ZzqFxJ8ngR0epOuOEL4IMCX8XfxC974GMmZHUD1z6rYhYVPSxZzVZybxhHKoHAqJxQsV1drCYo6M/spX7KyuglBGMlWF76Oorcgf3njNa4Rd9UMYQ5PfPHTdxiaqXYh1h9mBwRIPFffBkNM9nJ0vB5DjB1UjywrUxFmAXP9Ax6lSJYGrYuMu/DpwG8TO4bVc7aKDb9EfJghlaq7nIrtVmiRK7aBJbz3mvTBXPnYrGjZ4RJCp7F33VFfBRIxPG/o8iuFWGav1wCROir440u+up58jq8vY/B28y8fW8TqwZoTFPiJd5/SE9uryEoDnQTMpox8SEw3cc+00Am3k0luYVN8NrKvDcphvWpeR1K1EnjHC4gXykmcVu1oavmjNpi4Ur6/E+KNPpPc9Af7pOllxsk9C+HlIYB0iO8Kvh4LNklb3r19/8P7D9/5r3S9/6WuasboxRaf9cmKrjRLRkcYKCEqflLW1pWqejXxa0Nan739+u5Drd1GFuJnuD+ck7dGrJ7CKrspm0vrg0xAez5/YXCIz4tzWlLL/aUXOHHM/j5owTg2SNepQSxi8qqWgVipJ/T2Td8itaclG8Pr5KTDBZevktqDqJh3msffvys6aAfDn9PrZdbwZs9rVIaV1169/tUJNqLRYAgO1dorGIr65AlMgrs/mDP7fDacOYw67gWRc9FI9HxZw73AoqdK3J50dehTywnAZCPpjDaRd4OV2dizG1OuEot+/9E4Z52cOYFab3KSu+t+WEfbF9uOwwbwIhHDaXVSiZtt5V3mkcl0uvpmGAVMOO7sqqrwErNJTJjqncB1QCyXYiYVoOOdarBc2Y6J/TGWK8qJlAM+cBWE/npJnjPFcw8vepMGlCphnaJCrFBfr82WTm6D3bamI2F4sQakowDXiuuiRNikojKpUYaguj/ePVtNbHQw4B4oGAlpK7ZiMFKgjvlQBG0i+Aan164C9oGqfk4KNBSqgK5Adep0T5Ynm2ZgSRAcYF/zkBcEGW6esBk5pdWNosd4+o9rBw7KD/EHbCZmP9m5PyRuiBzZB8VgEKBq00f1gehQoPspAUcXnW2cTGpyDAr6hRgKCN7tB0iyguvH7OlJxjhcYkWItvvKthMMpGpGnvNgF7sE0PtjSVeYnKeQgaRq5IkChJ2oH4PVKhETtJNtLIsSCDmRP2ZsP6D0hRHHUlmT3qov1aSQ8b+qGug85bHJ4n6CNhS9rVaxSgz2S/wpXXWnt9wmcxuNXayOcBrBnBKBbwig7wfNjG+u+OoLv/sA6ubKpaulrCnsAkJDEZOKeVbZfNThZqRMrbbe7OcJ81NzgUhgUSaPUroFsvl/Z9gUxsoQNJqD5cnag7/X15m/XF4D+4kIeiKOEm391rkNOp/rymQoPcXrqBxBlhFtxdV3HAgvxbStw/yMlqpK6QQzM/m2lma/teiDZBYND61bbPkvVFT0SBby6zXk1FguVG8qxqQvCv3c5wJNYuuMKPT9ILhcSDAFMyfQ6ZxnR79ieP13Rj8mj3ksEhjxnjTnOAHmrk0FbcJqyDDmOJkypCWACwagautHKCVATsvZXFgfd2aYrMxEkTGuglm+qqoM/8ZMSAIVHMGxYrRfapcmiWuuvkJTgqjgsaoTpOGyWx1uWZNXCiqMp4LeV4q0lCrF379v0XAQYPCD3WXXuuq8medVjvroOHmjSYmrAAAgAElEQVSmAB2TBlEcNacu4vDmrAee3NEaPEoPGE7dhhi+QVLR6LcMsnyrts8lzOe83ZSCX3OYmUEq6drOWt5bYVQjql8/FZYWaC6zgXsnfCnVu04KTN4W+Sjp43u7L28ww09nbq5l1dKJYnXm9VIRu9461Yqxf870vmep7z986F1VdcNEcuWXdbkFAMT9SYzzo4oiwYwn1BzZtkDNOAvLDBeR246WwA5P5fqSfFXjXnmb0D6RP+v7ZiKt/pJO41JD1TM/wAGmv2snOlPCntdnN9y76jSGhT27hbHo3hgvlaYn8R4whNK6HJUVoYFbCPq3ip9aqdZHLRrf7wvt+8DPx/7R91aFD4+375bBOnl+6dFCNu6lW/GDK9bGQkpmkF7aK7gf3r/70KeSovDu60eXWIYlQ/65eppe+ytD/t78EEh2xL3c8qqPLyRjNyNd4LLbp+MlYQCt+Xs2X/Z0zysAJgXwRnm0uslPQRD9yG/xajrb0kQMen7fJ3FKnXfv/IPJVt6llLGsA0R846l4hbaBtXQQreiM5MbZvkt1r3xUSTVPi0FqPOBsy9C9nhoP7aLEheDvMq7rGRGfLLmZFoiEl4Zoi901nlhjIt295nU9YKBQZt8BGAXOg9FH1Ui8FGcokY6mhJg0zDAYB7YpuHOt9pY6HQ+6rpBSNC8z2brOHUMs0NiWVJNChqvQM3Tr4j2NGKOkdC4ovJw9ntYVvoKpV/lGuJffpW4C/WRCLzxPTo63QbXZf/NEhECSF4D5mVzVEgzK5erDNYF0D9yR8uQSVygSTKJGFYhe5Nqpie6rOb7XnQcOrs3JmN9pZ4MIYCA1n7iz2RvBmVKRAdnMDoAnCme9ym2EVzjqtIZ2kOslEWlWn7Wx7zy/Bs1HLbYdzpIIKGlUXqmap3qnMoi2xcSOBYBKwmWSAVFb9ErSjTBjmuCkSL5wlYc4zhwQpQa9HL6JR1clomlaTtacEXYiWn3t0pfRqtu02BaTzqavnSudFJQSsctTZ8tHYDN/aqFcUoy52LmkpIVEopc/FZkSvoA8iy3bj8MmyQZNzROovvHwmJCYV+0AAe1+I2hbrtVLqtRuUIjK0hKNiLgUTJjVbwiPPj6USaDIRJRm4eKT3+lpEpuJXYpPZUouNzBa0T0EB7ooZ/LZZFMngtdhnCo8LgjfJDuOzJmL3fpCRpg8+zcLY+VykQKsOighBAbOwAHMfJWCCAfu6DFPm5wp5lGoZqY341WStKNkwWXGk2CE3flVQxGwWo4nDP42p84fIVLMEj6d2ldIQNs1Nd/mTRLNYcNaax1o6oAGcwacYzf8+MzWKIsMkTKq8+Fa9R37CLh6tCigK6pbJt4kP+GKAeR7ZyM4mp2UVvvqlgr19/uusvXFJ7FYC2r16QbDsRTzDGCd2TF02t+sAq/67FRAEqtqFusdaYZwSVFSD5kNSHYzAXS4WE8lLovM4YNgjcxEa7PUYP5gDqngeAk8EZ2zHpxGQpL3RBe1qoc0cw/sceHsVWxS23Rw0rM8vvNijk1SV0bXiNDR7z7+8rNHhcX3u7f9OzAOXZpOmSu47El5sXJ6Bq56vFDopZ9W93LXegObUoJbnZkzexuDdKPuWtuxXz1YlC2/+5cPMeKO9w5XZCp9l/qNWut6EkLpsyVbYX32bcS9yefnt9//q7Aj0r1MquncIrN/bpDtDKcrYd//0KPRvfXCk8rFHdvH2h7Ei7LgXwKMUyx7T1b/f6I8bI3n0XTcvBUyhC4Mn7/8LGbdJr+rqkM2976MTb5EZe3GUy4JSjeK3TtWmFdczFBdk9Gz37kq3HbcXtO1kyddDZnprOp28+l1zp27W46uEw3fcK+wGi7VvoirgPo0Ly2qM+wK481yi4GRX7g8Ky3I5/DCr6Np1I71ugCaBLk5XF/3xr63Lb9/+fz5N+8+9H1gbpLefyg+W5KFXD9//8uwsxPMg8lo6jr3Zh5nPUZOYh5k+0tef//+l744J/XvPnaL++bjz999/4em9r2hqEkgO1wq5T58+d27zz/ynYlW4cnsjq8blO8/lXTZqb/qYQG3mO6/8+bt2xaHH3uc8cMPnnD3gkPqDyMUx4XG5q1qdsPZpeu777opefOuhfn7j7xYVe3CbtD3IamSQ7atRy5DD08y7Z09jVsBlQPdJhfIJVDDuvL7Ta0F+5XjuUkUI4dZ0gFEZnT9tPZVhBLwRZMBueMsWelaReHQxXOYZ4pbTdWL02UlHQbSLb2NA2J1f3WjgAtKUwm85te+TmOCkro2REdlhSq4vv5jaSIETrREsqXt0TAzL3W8aljGTpzKeHilT4ss2u2bq3DPE7jcHdRu9PKn2mazrkZp5dUmTQHILzDBDa2CW76JZfwaTiOfcVv31Leo3SXp+kt4say6A4TEi122RU8XM0HAgoSNc2/xoENFJYj12g6YPRWVkHC24rXgHn6IQbAA52+CXPPhUj/4s/FH9piaLhorwTqBqjY9V3H418c16rQzR/hcrOIBeLQfkw6Xf0ZHWs2xC8fM5oFJn1C+PKBKr5lIh9VGuB2BCYkp6rpn1ShujLgu97oaeqHQU3ztQY0BnNLloPXXRB+wjcHTqYY2q4amM0Wj5JQnkHYd/Gs3pEKqv+k8DgxmaJUsnRKob9SQDnkQIRsJKhyUlj2VtDt/OdZJpwBUpi8f1t2dj3MJy1RT4wRlkbTsTL06bkRiJ1O1WwEybFkGNp0pcj9KLlcUc3Edi8Pkb41Jiyq+AGcLqz1bOA8Ocl4Jht8EZu58XP9mBEMop5bdRqD5NdzBraXWJth52HuSm6Av0cQIwNzhgQQ8uGYuWxJbW+Ob2GiQmzsJz3hC+yTcBE4sW00vvfq4zSJpUTz95n1GLClqFqTqTQsJ1bJ4MDFmnSeg4ZCJkkSNgBMtO1FeFI9XvlQYc3tikSLLf75TtLDrqC0R0cOhfVf3JlLRNAqca+nam6yxuav5eM3E4HNqNZbGITLbQikTZUPXzg6BSP3AQIa48pMGNR3fwDi+RlnkhL1QXZysFahjDc3RqmYxY1kRpkA8IFW5wrY9lUQ0hhQ+LT06+jq9wtY5T10C1zzzU6WSR60q+FdUOW+xwgbTXBSualF9jEHur7VBcY12c+l8TTqpFqflRRjjnuRdISzNfSSbl7R7sIVe/2rhy5eGW2syRtjKoCuuI494oRpsPwWxm4VhNEiy9Oa7Hl6Wv/WOUfN9S6Cak19fQSxuLM4lDerirWSV0xdvxRqt/PC8XyQIlWF7gSsX3OwXmMiKda9L1OYBvHXD1/7T9L/8/vO/aoh6Hv/5TSv1LPTVpn3PRun2+c2Pn79+ePPeuv/tj78tCpxYcOey3mxdb51gyI8q0sWvuBqDXfGz/O7Ht74NKGotBKoMSEA3J7W0/Niz3B8/fdcys365b7bVQeKYm71VZFOCgGaJ14avQp70mPP7XkV47nGe/svGekpA8GmLUXi/nqtbp9+wdJqM7vq2Pae+coTT7aafiJY4hZb/yZu9GRDpyRL4Fe0505JeYY9+gHVAUF8+/b/+j//Hn/7yp1Jjt3NyWZ/Cr1PHkaOXCQa5iATk8eqXf/P//fN/8fs//fzx53d7Faqbp63DGG8GQUkuRTKwdvPDHIhSxEnsYIDni5eZhKzfXmDIm5/7l3bf/fz+y6f37z/00kxDoK6r+euXvqE4qa8/vn/zt376f77//IMR6H1aXvEsHq3us19i/FbSb0jmuL6qOszeOReUrHnrifmbX37pH2w3mkuQhHT4VpGb9N70Tbt6ju93m/Q8w3r7Qy9RfPjwy+e//v7dDyWP0bfFYO7KLz0lADr+un7zYKuRLO4jFm6bfvPjD3stIn+NZM9L/Mf0Xvcwisw813P6H2LV+SCGdU6FVQqGlXiBzKJRJHdl8NNcJQfSpqgDH01CDBzeQ9opazYQC+WEEr7aMRHYemyeJgWJr+kczyseFLJD7bDpCcvUmVg9MexFR8sa54JmjSwfASZfFSjAqF+5rL7X+j59Mbu9efPzx599/s/i8ZSTCakR7nICA624HAZ8UfObPDf0SodFsFKbFloSLD3y0Fd7rWlpN9tlr3bVRK7LKnX6sAW3dvtartHJHLvKq2V44qxHYY4/UmejmrMNZYNp+p1ht8PDBIXVrnAts7Jq50x1XCQqVDybFZeWv2pXeuKVDn1Xc5VmpDUe3qQe6CcoE0VaW1GMtCvKtKkuzCMunlcP4dlGS/kUXmYeCXDwVg32tPTlFU2fgfMzmWHUqGz6OGltJddzvhLJRXo6u04LLgsee6RnCgF7Zi6WVZPiR01rOXKgJz+Ly2FJE/XDH4/ZT3+mk9+VlsHH8IQfewb77nKn9HB4Ou8sVxd4MNS08LqTStWAYTtrlsFjrKJNMo+ho9+Jbu8UpKBPHQhHUvM3Hwdc2Df6Zk7bpM4AQaJVV1Ewa1YktV9UHxHV9SUYQy3DONfO5rqiV6C/+/7HHgI0mb57b33zJG8YQ+x6vmlxLGtUWRkwtK3kyRpvq/82yVzAokjnZiwMkOviwdDZmAdPucoaZJ3DCJAc8WDm9eJPrFoVk35AOjwL7IhdHeKWwI7jfmu28QhiQFkN3c0ZoecYNI22Gwx3ZoW1m6hmrs/f/fjj5x6ceSG9V8x7YGKaSy5OLaiQ0+FNg00IBnJYT5yG6wtqepPwjz98+f0vPaXuZWcOra8FiqaTOTggDle9/jSESMEcNa9Z216sz9zO0xEMLeRTWDREdDWPCjwCdxr0Zpqn4tW959MyIGKRGY2HE93OR+g1B15H4C0sL3S2+bQ+ZBcUbm0Nz6eTJmA27cfzWecJpGmEPA5Pr+pxXz7U/Esk+l/NP7z79PbHrx997nguJ7ZZyD1GiX1gObrOeSIeREHv2li/fe5dMJ++/O4HKRBcC5JPbhWk6L1HzXtyMhyavspKzOvWjHz++Ob7D99/+PmXT39YQJJr3eihsIeaPPjYcuzd25/+tPdxtIL6+oeevrZu7nncLx8/11aC/f67v/rNm3cf+p/Tmfv69Yf3rbbFSWy/fPdT//b4zZu/+v13H2XbPbxvhWYlUxCtcKKFSr4v3tmtFNXU23nA/7l/mVyxV0is3mPVR34/9ZVgZoS+peov//rzn/30//w7P/wv9v623iLkm3FbCbfLDo83ZbNgkc/U+shiOcR3P/z4H/uv/Rff/fZPiid01xVd8GuWCM26c6r6I2go9vAUb/tWeJ2uuefWGixbsIDl9xLlToa/IslrqjQxailFLamlmdhUKlJ8/PT5n/2f/x9/9S/+5ft3fZi8NNpbUuZADtehPkIhJEh8+fypLnTyqdH87t0P3/3lL7/7H/2T3/+rv/rlXZ9G0SMypfzx8s7szZVbcunTDLPMk8a3hHdzHb6qdj3ib19nTtAT2s//mf/wv/Vf+Y//8Es9WQ5YjK2HSlwKvbW+aeJLb7CXl0B6f9jHMIP3qN/+uw9v+hayxFsOdtPSDV9nb99+eJ/4+7dv/6///NP/5P/yc8mS8LvuFUoumJ73byb87vufP3/8s7+MUf7Wye96UXPBk3dv3376uQ/OfHDPIaCu/kuE2jiRz53WE5XRr3r9YjgWrG7Bv777X/2T/8e//Ne/x/4G7YJiEOYt/evyVnXe1LKkbAAY5rtR4WRgt9wk3K3F7l6LLiOzGDl50IJYjSWMFM+cMZUTVTHUfm5QSlstiLCzNqyQpcVlU2UL3wgkm5c6Dr/2KnVQLj8401sArmJaN8WvIutNWMjRCSb9Rjf4ant8wOrwKznO6girR69QM94PPn7L7k//6f/ov+8f/f2/1T9QZGYyiFZkrHRa7lWOMNaEztdqNM4NAZzdYMcuBR/DugiV9E9mA1sYU6hwJ/oG1oVixSwstIufpjPZofwln3oipNpO5VskVyW7CtFwJ/iSFffKSbdXKRyvxsQHXPWKBw7k2RRpD/ipS+PRx2R6RfpI5+WkpsPqN1HV5f71RoqcqNOebfKnPI3Jjac+PINPIB9DnTFenl2PnOGlx4K15lEVKNu6rOPjv+trsRDaX6Pzje45ILdnYOG98A3rW0Bqhlf+mb6qvorYzRtNR+Joj8fsXVgfsA7HQtP5uf2FD2yePmOu4m2OosCLlW/wPa2GaPTrmIeiAEXFlLngB2rOUC2LH7ULx+iMUbPM48njG1Gzp2xjfz947EyvYouQFrUBOH8i4jSA9Vwl4rZv6MPFei3t94wS48qpdUgWung82d3s2JJgKO0QqLO/TVQ95dnU8aU3J3z55Zd//S//1V9+/eGnpst3718ISLCA8Y7H6vxaCKRPLbUntqmuwrhwrOpreUScDeLCw8M8eMXjZucBLrunyyt+kWXs0j48sTxVGhOaWGdVD4X5pNAh2c/IJu1Ey3gBam6iRVj/YD3N9vqeyBXWvZ2bCKtN7cun1jcf/vrjb687jfkuFlZgLmpsGgJt4AUL5MBZaevy/Pmnn/7q//JPP/30KctdX9HfpZYZbLPH8+dn6lAHDvXYIkp2fB/KPFqo+LQ6NW1LQ1Oj6YfEK8e1PZJMzspAX+obF4/VQxwR5Aa9gwsnpPWTdq1ELsAz0q46FVMkD6CaKRqrA1zUKj6ekNNdCXk+dZg04WRi7lkFROHnn/66D+f95Xff/f7f/au3v3FrJo5dNHs0W4hTsSLCsnj2ZNWaJo85Dar1q/78/utPH9/8r/7xb9++/03rIY/JWgG7UaunjNk+FftXP/2h9Xrae5Dqg8ctolrmt4T6+PH7v/O3v/wX/pNfP379yftyW3D3rVu9ncg7vXOhd9y/+S/8p37z6WNvwekSbk0TbMY78Wu1+Q+///7fimuZ1fsyYtg1YtQy3vj9/s//4st/73/0r37zQ//trCVZS5ie5ed+D3AX/689nPWcj0ubHyr0Qd5uRUwX/jHIl3/1hz/869//vuAM24Np9ye9mND/Dey/KX9++5/9N1/+43/39z/9/q+C7DbhXbNHH0L1Oc/o+wBkKN0bQfQNWe46CmN98an18vsf/8P/hf/El24AMpxA/dToWVecJ0K8VcZ6XAeLOh879nc1VTjR9Co8J/veNmGLhO771hyBbxpVLzdeePp4qUfcCmbWgD8FaWa6LNK66ZfPP//V++8+vFtNN0FW+bXsNZNnWd+y2y2Y7wQOtP6s+3/z4Td/+dMvf/j45veff9eLOS2v3adlxb/+KA/HosOW07JuPcRXjnLAY/tpjKLwRXbOtF7+9EFfffz3/PbH/8i/9cMvn37SyaWefK4zvYHdELkriwWY76sUHl4ZycZCHyVxV/NpSw8vWXSH0P+E9JWRn/sQfUhf/vlfv/nf/X8+fPB/43u54V1ZFqo4CV7s3n33Z//q6//rL2RfUfvy3bsPChXfvHv3y8fv/v6f/vAf/Ae/SbCZUcfSpTyhCsVBx91sFzOTm35wA5q7796//1/84//7P/+zvHNDlIMbqZfcxsvqQhSV9oJX0LbybBTGxyxcy1bEYulstzNEaawfspiia2R1z1bLekkvgDWwHB8XdtVfN6l7tgmm57h0X9st7MaNNWYhtbHOtOLzN4FNRnjyca0ETzzB06je5UsIsHIKzVB28to24IgF0BxzxoX63Xd/+MNf//bDd//Ov/0P/vrj74FrTC0Is1UFUDmKiYb+8Mmgt8aJZBHO0c5Z0+wQ0hbqMnpU80Iox1tFmgltjuq0Fjcy/dSUC8NyWMUKWYxPFlXJ70l+UwE58NlPZDG5Ggq1bzvoQBbLHY7UY5KJ07JfMtTy8uEpTOOqX2weicfKY26xNNJU51Z7vT4HH5H0IzHPKpK47VaUCT1yTyT04QCbFhbP0IpSVW2kV32GEnShK3VpFKlExNiI+BV242Izh+YTeVldKIJMuh9ULboXen1+bL950+mi8LQHtQq5cNFhFEgxQDh5ndQBM39tzUgezGtt0LFdqX16DO8+8tqlgFjMyEt9eqxQyU+x8So8FQlXdVfS4W400IMvLhM/UdWHoX22A5iso446FVLVqEwQx0mvIgZghkjIvNxuQo+wZgjtuW6QDN1gmwpqm3fo0xxaOG071f5HFo5OrtxoxaD2ILhsIjT+e723Ad2XPFT75rs//MVf/p/+J//rrvaffvjN17c/hFbc/Yfax0bq2fDDeEeUjweJtmwg8bAj2SbatCiLwx1qwn2sTq6W0yT+wNzjjQFBSZ7Z2s/smBwg9NAWvyEHJ9vTeTY9e/mPwTq9Vj4Uj9G0o3Gwo/PwwH5g7U95oikWnRZB73oT9sff/8kv/+bvvP3wtie2VgVS9JYHSDBiwYZ8p9ZLgvek/xZnf/2XP/3r//n//v3b99ZRQluC2hZ/Zi8OeIDAesgjNsnqjfGZ0bT2xWdh4xrf5zGI4RxKomZ528V3aUeA1sAmfSLXD5sDEjiCWR0AWYUZAj6k2GpADcQSR4Hc2T0bav6o36q81gPn8oUwtEfBnBn6rkwHLDLXYfVDd1KffvqLd59+/1f9V7A/+fD232lt5l3N2WmUBbeIjFBF8297RFksZwxVD0e7jv3+45d/8dcfWqq39Pf3pSe776kn/vbNLx/f/Is///lWc4vIFjBNk5ZVvb/7/b/7D7/7z/+nf/CorQxpNZ0eey1NvMeiO8C//Xc+Uu8/bHpft0h4piwAVUa21UfX4qobFu/o9ePhreeVb95+/Kf/7+9/+fK773rzR19K2d3Hu/5Xnee+3QAEk6k/+dM//dCaTWY2z1//3CsUlkTdYfzV93/x5197G1G2WlX2qYPeVuFxcm8Ef+u9Hbn19c2H79784rMM5XY3FHpLDPPmeiCOzdvY1ie9hiHdvvv6czHobqGHdjuXY3jvErTrhxgGU89lpBNuZk3dgKu6jrp8cKrUsW1nHbu/Yczstk5M4yQegZ2yPOvOHv1pnYUp6FOr+MUoue6BWrPmYPnw5WMB2qf7udL3IxF6MXBZ2tXKvdHeaV04vVoEo3XSuy/vf/z++z/pUxr1YVS9vyrteqGTZoQLTGUM4pnt86+FeRVSIKVKyHCvqaZ4f/zul7/6UOnTT9/98od3P/2bbgbqmYZ0CztuxgnJNtBZjm+JKZtkA0mRwKVpam73HqEv3bm+q4tIvvmQjsfi79///MNvv//wW5eeoMfBvrvwUuPtX737sff6vK8B3beNtF7iMGR/8+7dj7/5kFIfNS1H3FZ6DeGCnlAt6w1dXigaFD7aS9zbUaVXIn/6uz/9//6rP9S7hTQrZRkWi5UBwmj5LaLcTVtS5Z3o9pPMc0pGXOpAEVFcC2UB3szsNhyEKUDqTmxdUgXUq8EAepLVFsEMgVPsZOxOdmYSX5yr31JXJYiOMIbpNgPBq9psst0EiG22xhzfAbTLKABKCv3NOeJqcDKyIWnnV5W3fPv+8w892OhfppeKxz4lKVqCNR+S789sSO+C60bPJVXIsq4DDPwOR5GH08v6TJW8a5q34UGc9mJ1bfGLY2Uaxa+yqIpwv7OhYqMn3aRmHBYNTsKcl9VY0BLYxoxCEhU0dPL4EvOdP6JDIkr+tK5lzrGhbc6u4IQgRqj4O2UApNmhR4fw0Rzogx/vkVoGHUfi6J8HjzlgUE+NU9JssAx9M6y2DKhnGk7TCeZXW4subsAz0Y66P/Ny1f2ZufC5jRTeVWEw8Qpk/EkBCxDlWtEixAWe0bxK06QKeAfjbuKoVbUwDZOtWixQE5yGZ0ss0HuIsPIo16BytuAf+hwyptQwCXSFpcEIPmxlexuzE2u0bm5kbJp2hWYOMTOg2o7AwQrD42oWz9KDSvIiJpk1zm+xqXQWQj+0h4UT7VVjVabqn6s1xlWuJYAVJ218X5yZFrINpkR6d0FiBXUDe1eV1L2p9M3bH3rd9ru3P/QxMGsP9/Zne7EDb0TxaFSTiMYFoT3Rdh26DO7orD+veacwnVWdnLpOtw9R1DLhR/1al7oQd064whybzKuhYwbhH0X8fMji2WY4SKSqPL9Xns0XVPOdKW1yuEybbqXOXl2q2qXENTgyPQUsdL9L5Otf//L562+s+Tbv7K0lI3XTEOLFa90oajjaNmZaCbRm+/Cb6qRckuWHxbxJ3OlIoJLEBfjiBWQSNSg3ZKtwjbHWq5hwthyDPukcYH7ghzYLQj6Ji5NiitNuJtExgEb9OK13lmdPeJ5YDX+esj9DxXw2wmD3cI6ECGRpcUDTA8S2irrimQ2qF/+pD5OANs8+hcjFSQoT1DNHs55qqfCb6P/4/k9++OEn75zfIqqGtNPxPL6MgDnIHFyf4Gv+NI7W6hMAXz+//9Q7f1r3tyzuw40+Hum9AS2WegPQ+x8+9Hi3SF2QwnY/2JNVX7X39m/95v2Xr7+0NG9x0113uD7iP3e7nPVxy/4BRIvY1q/r/2r89EKB92a8ecdJPeiVB5G0XIyYuu8/fnjTivLz9795/+Pnsr4XJj58iJc3TpQFrbW6lrth+d3nnl3fTJBTjf/+T5r3brfSB/n1p5/fv/vtux5PFxmhiV3rnk8tYHue/93PH9+/3zp0o/nDe0/6Lc3MG9ZyPUhsycYHxEZvIF6uaEg8/xR0Y6HoBWopSzLVjqL8ragGo2qz/GpT2Lb6hNOteHN2ds3dOq/ASTroi1rlTijl1CrtZmwUrljapHd0hkp4aSV8Jo1ukt5/eNOb6VPvuYlbJbdvhvtF1brUi6kuG5WLfpmFSSF61z9Xeffd59/0YLxHBF63Ssn9WxjdsW1JI39pHcdmgk6ob59boel3Ne3zLS98ICO6LYd7Paen+G++9ibCbgB47h4GWP1iFWBeKDbLe8u7TuTu+l90gh2kcDWt1dTLkT7d9LXU7A09bjfefXrXq2C/600d0rrbogKWACZvvnv/268//q3hRzD2orv/xT0/u2d8//7rz96Sp5uyFadW+Bf0gWBbQ+V+EhFgL4O9fS/DFu/i9+7D+w9COox6n5UUa3YnMuxISJwt4tXP1SQaxKYAACAASURBVCesC57hb5u9AB5GI0OgJgwJ1Ld9doUkQ5XAjV4tYl+9aJqqq05ZVUJxn63Oty1RG1p1Mo3Gjngfycq5kM1+m9J0znKzjDoiknvbFg4uzIw8dcMRshhcdqxj8CSzaBagXd3OaGcmTO84xOHrL58a3l53DtH5fjOlIP/qe1NmRilV33R4HcBp9f2y55AhpSgngtOC2Twgirbn8LgsVNMXz1rTgNISJaOPjxyZXMqVFyt2k9yOxcaHEOixBI5VHTrE1+4sUWsDSgUy/GEBUGib+0Lw/7+JMemZq/AwftQeznHUhZMJg/Bhi8hLNOQ1TNhsk5BEetoJnriYPjT42QkwDMl8szIRiLqb7murtAvjYM7Va9z+IA5K8OplZl8WXyB3bE6qoXaJUeCqfYGcZX6vZnZW1+5S0fh8KF8PvbAfW6gf/JwMn5j36Td8Kr84Er+5tRmkzAz0YXG0j9vAR9GjmUFjLZN4GRV/TAhO9W6Xugl+AlpCsj5vyb24rvqVYnJxLZvOEjO22qZZg3Yu9fMCSnJsVUm8KdWI2xPMJQQn2Czg8BhKL+kRvMizNwEWSLBmUj7DzBrrNmbS3UvzLRQ+WToNag8Ar8V6qjzsR5aFMgFsTj8NeA9g4JetKDHftkM0zm8VGtec1rl4XJ2Cn1IigjH9hM0zXF6yzdyF4lSGx9BEhlrSmXgEoI3HjBwZ1B9GU1rnEB3/MJ55vxJ+k0m/4/A32u6VUNhaalqUCqZXlvaVGk13JnfPTCAIWFLhXanyQydQF/JVN83Fussg2F2NKxX9Vm/E26V/USoKN4bCFTXpryUyvNO9aM3ohW1ErrO0mI7oPR5SYZSaBanyoQzZRLSKDfepsbABPEvrlZRMx8OyW2iYmKHpa3V5Gxtcv9nF5jr9xGuicQJJuQzubKYWi1lm5wFB8a4HlYSMaUPE21J6g433MBTNFoc9le17bA5QiHtHcrqX2TMLGlyAEulM6MyqWz/3eL4lrvdSt7br4x57C01Lwjrr0+dfrLp7y/SWO4A2WX3fG3F8hrGFn6o337/vu2A8BGUkl/VShjbZxmYnLatqvBmiqCGcO628faP6OunTFtw6s0VQyzCfKm69+aa37eXm/4+rf/ndrev3vK611u+w1rrv59l716agqCLEWBIgpcGgKIgNYgghao/Y0cSOdvwHbNmQ2MPYMSY2bUjDaKIxHgJBIlGDioFKwMLSguJQVdSuw659ep7nvtf6Hdby/fqMea37gfm7fnOOOcb38PkexphjHq559eWAziL6ImghrTW9680C8+7VhG7Ka9Yn2Lj8qVg58fdnmG2m17lNgMWHX3swOFs6E3nXhcLlbl7xRqBuacxFIWZI0nP+UtvTU31H8/7+vpObKAVRZCQ4+ysuWQX8sAgfh6TxVCI7NPGiqmkRqqHlRIsnVfr2xKmjCWf/0LTWgqyt6KhvLcwqB0XyrLxK8FDb6YCw0bBJb1PhTulydmdk7SahB70INW0zb/vyNIdR2jhb4pR48x/ZQNWZcwB35ys7BdVcu+kxklnr+vcGQLlxahI//mXW/JaQ1G2OEXSqyzAvb9q1HWwyt9/XEpcEl1YAQRZxSWG3GLrYb8DKJXA18kzaeT4uHzmTEY9NwQW4hOuKeL99hjvGYONlytuXTvSeS3QvpuXjgTI135uD2zvz9uVJzQgWrCkXkmGMjCNKM4N6jjY69RfMXA38lC/Lho/P+8/ZjIhd+DJx9c6Y5Rcb48yzKS2UorYcYSBnUt+i17WOhSw9YVKzMmqAhHqUfiwUn35RFQ9kzjkOTSC8Q0a21Fs0JXenTp0rpkofnOJEXuNOF+kaX+qKUJDLDIZZpjoTqhJL1aKXzG9NGxoWX9wUL8MDFvpZz8DSBfIi08W/TmIbVQapr0mhNIAJF35HKCgnLIO7uFYKJHSqZ1a1MACbkWhTJe1iZ2L0uEkbZpsW3jrAxyO5UOAklv8VVCmHx9kR8EJ8OIk6Qo5itQvZgbHBiqpRhVgyDf0CGiw6a0d+WxZmqkX1xlqjnbn+eLR9FHEWySP/RrxYG71Vs/1mf9jRqGZhYKIhtz2jbM2y/UKDcboI2nIS5lBRzYPn7zRP0o36bKlTOmRjEB3Vpyls/xFDa4e9yGuLsX9bKaH+GEboHEDM5UclckGTmZZxWCfNoNmEZ7UJhGLRnj4ktVC2Ba6ru3FXS6uZQUHLNtAtv8ZH4k2OYuXhDww8x+5AVGkxKIxoupTGFNmRBrMqtRGCsAq9Y3/ttcXWPwUED8K2Y6k2qkOHEIluemwbikuKpupnzwBgw7gQNKpN+kgixKlfiAlq9RXqIuOdplZly2kUxlD7NKdor9mMDlIFCYlv6SvADgrt8dLwbIwwoyKf3nhZBBaN2A3L048HYbVrXs+4iOeGZeC5sLF9tBNhtElV7IecDOVVELZY3eRPYxTUxV57BEGmNHRcc2UWf6h3JBq4/HYOsMb6akrJiUdDpS0jPdiasO3sK8FrSE3DYwbM4L2E3XguOFtiaQHbkfUAOiLWIn/y+WKHKm/n98Zh+va+mfnWoXkFVpHXpkJQFafCapWG37PkoRqH+JgkWCO6WA4vdxiIGDdHnc3ccBv85sXRRDnfcit9ws8/FfskijOOs8HTnnOyvuYNt6TsIhKe+W0iQAJ1sk6R0hHVMEUJQ+I5ABrTlqTx6UA3JMcLP6muU9DMp11t71mGrtP2OMzQz+j5P7COchQ4kBPXkcEEY0WJqPZMkBw5+vpvk3mXsoyAWViMKvQVY6HqyZxkJaCvB1zzqPYcsLrY14X4zhQTvBxeZAuVM79ct/wTGRcf6CnBkmc1DMZL2IeurxQvd+ZH0rSEgmPi7usIETZtYxpXJSJIncCYwl8Oq9ZE6BoS23haSJ+piofjvHZjSDvGGPo0CLga8/LcFw/2iHWE8lbU5kWFhHeNv28jVH1w+2bnkTmviuPoeQR63BWscJz9QnObIJ32qkcy0umZPaf2zMEIWb5e0shO4BHMr0czp13GUnng87auhTy4Ve+/msJZlJxKkV5MKQ+NB9qbqMmhJlRo/Jvl5sK+Vp0fhPpkg/EhQvvOKiq3FXUs3LNRKrhd+bTezNLYfmIimWFoLtbCppMInUcA7MsibXviZqdaKFLNXoD7q4Y5JUyVhBJYUX2YLstHRv2hEYnE50LfBziHn8wgtr8j85KWlGRVxWpSkwJrO2wpiTbmbOzzXttoph0CbMwNFNbcK02cetHNTYemtK5rwR1DtZkht+ubOTzSUjXq052Cua+lzPQEtQSj2xq6N+dgqsAVLQFqW9sk0nicsNhVxwImt10A+QDGYFOzP4LrFcGZyOPEZcBckowFkY2RwK1bWJIUC1eVGHDOD7KihZumKnUjs1dlyklSGroqVB76opBEQoMIeZK5IM92/waeHRY9I9jw3amLd8lOzQ5biR6EzM+8C6WMuxB8w3HCnlY1ltiUktiboy5EKqWh5huFrpJCq5Y2y8z8qOaqXUokbh1miTvxJ//GF+V60aV80anu2gWqYh9V25w9tq1iqlBfZFcof01CRfYvh49tVAYhEfkT4EswGf2Pl3C786LCWVY6ypmIBpKqr1jfgKoeAYMnKcr5msK1VliQFtVDg2WClkBbqTpLSsjwf4k89UcTNw7HTbNusuUEdmtpuXy5mr5tZsC3YCaq3gjIpS3BdK5G4k80ifhmTwQJ81+V0tlw7miQnfpa1BwGLDGtMywWNWmVK9d4yzCasa17zwdkCasxB7jDR1ylWtKaUPu8wpJ5bZG/oCBMkebkDieRl6Rt2DPdU8LD7R8oBJM9z0ziFECCCFfKbnuqeBDki4Vs/xOwbSu7GKPHOlhTM9ffCKqfkoF1dFrH7hqU0adT7OQyuCG1wYuU4r4rVPTN2muQX88QiXgmdAR8H13/xynDQsbw0OyRAhoShjIcoT0DpQazDJ4ZRevjuMsb45x4bqclwlbWudCBI8Gd23AqGQ26+/3KdjiPVkwu39QWqlN1I49kAqNqdpe1pvs4pxOPlgMtWWzKeEorRXOS+xIyEGOdzCRvrjxZ6Bt5u/8PVbhNuRie3nxAlokEv1U8Fu7Qc9StDgDimTGrjhsUh5gjCLKbqDb9A1Xt+kViV3cZELxlnYMxAQOhI+FpJzCCccnmKlLCam4TXVogxjdb6O1/rlHCqsvVehpqSwoqXCUOgvZuKaSBgMOLlqwFgatiXDzQjybXDasHb0CLoR9YK687remAxwUtAA1ZzktKYiyXK0Zx6DqIHavG55J2+q2KVoFEmVSKRMl9gt7Zo/0ocmR1aHXG0DM5sUt8oKvFnbEMYmS7fZrf4AeuP6stkSX+qPd4+TQcp3eIlfJLyHoyUWPt2w/PpVazw6ma37TN1qNgalPWvM68qhJ19JrvN88aZxEvIGYMvQcJWY7sWZP5t0D0RQhPZeYoI2byy4LNgo412ZPbe1A9GbVIo9qvA0BWq2CiKALX32BwZzUuXp8wao7tcog9AWs9RvVdqV0k5rHJJGB5dgy78balk/PNgTTab3twJTap/o4GidZ7fbK42zSNBagarLpkGvsuJRdD2Ex3aHTjqaUHV3I+T5EoQrxHi6SA4ABmaRTRXBt9JAdM2dIbFrcZj1fkC0jxhSK9Q5/YGsSq/ZqHho84KtqYZmIloiPj4hVEAQmEJ520kYq0uTpci/GIhlM0q68zZx6BUWS1jpErqr58mfKZ1TbfJJ43OpO2J6eSAZbmqgBPPCRVZMJw714dFUxcjrtebcYqGrhzBFJXCfgaTL9g54/vyOWCECcXV0U7s7HNUR9zk2SQZmJBzZy+1w+KFWxwBqQaUgkgV54ecfygQ0Y212ieedW3NBKdNs0TcqRM0sDSFEs8YzDC5mk18M8ICjdKFjhj7qEn/gJeQe3ZTDv3JGdmuOO0aGarg7/HuTKgTOYIOtI9ZmPCsYXXVc7+ynAUTIlzq5y2BW8CiD4+ikbSD4/VdTzNh7FzzzbDm5LERMKN16Jw/uealeuS30xEvWQcVi0HMjGzBcaRO74gHuZa55RDvcoA295AHHZiZvUxfVKPBXPG5dKqzzL8E3K8xZCEzqFri0wLNTNlflkL3YMGdjtLxNFAcsTP2cf49f6ceMTc5AngJCP6tgTAACWDjhnBHiOdIzxcyzVcq291STm26PO7O3lVz6mxD/cAXD4SgklptcbsYRFXYBL0SMUN5QaBVFiqjrRCSeF4QoC6/jZa0ABX96xGfKCqPbssNPyE1VZ6H3iVK5wyYknXXrqiMf06+iunv+GklhReoyyG2UlEpIOTlm1jZN7Erf8cE+ptG+m5muzRyrmGqXnBcSWjMII1s+eadOQYg49rJhmr9cAdO5csnNVHCtNto6Zl41OyjpfUDGTbKGdohyfP55mgkIFiJofGQTEwgbccIycCJ/r4wtGy7sIICicAHQ16mgUxA4+reaK9oTGoKW6Zh1aBsI+DCkEjxz5wkA6RA0HteajlJiSOb/Sp1JjuGcyi7aE5ckm0N4HJ2l7r5BsHquiYwayyMNqjahoadM98B83aa4yPyzr+joY0CL9pnao5Y/k2fbQxpHVsOKvI/xkvg+XeAkjL/inzwJHdoK3fUNFym/xcOlfHoUWxqmGZbcg7TvNKpT7LYgraIeqboSd2efqqdgClZ1ejb3hEGqt8HIijBCHxeZfynR7YjSavhhtXht/opoJ+PtAYPoBWqoapR9I59NbK3Ue7tnipqiIZcYmGw1tPrfR12LyQT3lhck/HPZo6GNZRB2xjAmBLivgLJkfVF82zvL4x3zWvWMQiAxEnVdUVAujO6DFvITAXbMOidkutK3fa4SJhl1+t+pt1xOOJtqInh1AesZ6k6HXsrjl2tzhcQxjn/A9TorJPmNypOEeq1XVAlmReEonKAyy1k7ApdrdIgjRrel59rcMdAZL0R0thz7K/7Vdsu/7fb8QWeDMaaUx+V8QbttJP1KDsB6mya3OphZOV6COJDG5+QM8dbRfPmsCsed7VdEbzkc71I8AwLk8mx8S9ZBPP7UQvvBdR5SPrbDaJHSUb0VwCk4CVgZ6FarD0veoOO9lvav1cx3LJvce/PBiWZ1wgN696edMlZk/AsKBodaKQDW33tYwRsKVZsBs+0bTDJ+Zy/NJXiggaEhAiPaCOOfpU0CA1eSvUM1aERtDeGqMKYlTJHnm0lBmroz1+aPeyd+l1JMQjfsEv2kbOFrYsEkTZ466YhZI4ikq6L06J2jNyutJB0SQNnfygPLZAXBl7uhmyltBUoI6+U8fJlGJkAt6zjU7O5oUjFTc2HSdfJiUDBgd3jTsnqmJW5x8YLvdGd4bKORdCyowABZDUmdued7cOLeOhIdpZ6glLwwS/VTv2kMWM6ijVcKQlMXSrNZDRZmEMN5VpQ8wlW24EKBNaHd6biyFqP+MB0jo1iaviiKdtksJSeQ+bOLdBQFpchwAV2okjN0xkz60hnHQK+wxujLEcUATFSS4u1MvyKsglZzgLT7veOKq2nXWJU/SUjyOpoYUropzQUR6xN6z442U0LLbLFxjwXiggaR/1AQZ3xJSumjkzH9chnFS7IZ4zkLQ7UWfcOO5fIiPKsOPBkdF0rDyMRzJxlmuPPApW12qKVtVOYWFFhmUItx+yrblvfbDaq+mIOb5AQ//qjslpPrU/aRtJlAcOIBZ+WSHlZCgLqKW48PGNcBg1r5HgSmNYHx0TH1RofThXHNWhtT7+PfDAkLbDLj5LpqjYMgdXOHE7Bs3LKuhcCI7IzKBrnkLJG+omR+l0HiAJRkKnTf7eF+TOECa14dFPpWMLzxT3iYgxpo4Jt5lRFck8wgweqDHQcJbo54y0Uk/jCpPc7kSesIaIBPBGOUbIkR3mU6Dh+gAUCdZEHbcc3VrKpXOEDnTP8u3W/EQcr/Zjp+cK/YRhOIodfmfWfG8ccHDggtNuQ2UeOoqZtdwNZowDkGiHpWv/sAwkYszJi3DkUW2ANYRomZpJGYyVLrGnPKeMzogXD7rbwmVrm2OqJVEN9RTYA7T625DJi5OBsZJy/0ws29IB4UpRnut8HfF7QkLClDVugCbucEYcFyEh4YI2S6EkcNPqqaYleWOb7evhjGESIZUKIoIZsZoTnPEmeIqWJUaqtM0Xo5lNc8YgJHMXgSY90ilIzHU0XPJM3LJjIIlH7tNymcQzNA/N/EmWSQqykcK+ownKC2UNV0IRhGB2YXAg3x5+lup6F0KKyYoXxHknfhP1yuXmzp/zZvNRU4woioeYDWQ0x3lzcEKiPMhDMM9uj3NqcsinvtC00yqzmmgyZRkKwO76R7Xw7byaI4hddKNOArfAM+Fs9d/uqNRuFMJowEnNguUIyDNe29U6AH08TgSeqda+737masI3VpaaghFFXYpzBTFp23C1MuVV9IqavhREdPh31cOw4TrFyR1h3DwMvwv6D/eOs+9en3pVTN80aPZq1rrOf0iwZ1ovGJ3TcxUYEYCSYSCtm7QL4vGK2j7DGXP6x2ZtGZedA/tQr8XKb6LVmKoWFJfhvKsy0xDQngZKK08XNiztFO/1lsXriBlZc0f3OTT2lejE5fhjCJaSKyXcdexzitYF1VS6+XjXYzmvfTuk9+Tgy33pMsmp/VgpVtrw5wk5xtgrN6ob6CjY1A7UM2NOjFI39xljLk9cJ6yZLTGxsTwVDt/xl77spHJ3WI5DKi8MBRLnpYDY/uewqwAPhAdVlYYQu3HBh/qAT8dUryrppuzdMgiUs8dqc8JFj2cODhF9Iw6/4277ciIK/VuNU6yenTzecEWNS+gkrVUO4Nso41I6kAgeNuvmwKMeXKKTskzhCGIsbirIHMXknaFAQxR0GOjt8exk60QdDMDhlRa8Uapa0mBN1pLm+ItFbh+lCoqpY+QEzISbZVGkRbJxyRFcmdPVVKGWtUzA37/HzfgAVZj9OX21jmxjUi36JvED1/qYg4hyoi0SrzZD7HZXMePIv1ElpjJNWQ1WH2xDMdG56eJXveLBrFcgPUDkFNilQQLlWZsceTRyPtpuLR5pB1zx+rUF6dFGz9CQCJJlZsK1vflgaEcT+WmqnlDEETKscqWbkBk7UYDf2g/Lobmt+Uj9pK2E7XLnJXB87J1GNqbMzgSfjY4gXLXcRH8TfImt6ciVQhGjg5ofbM9Ag/iQTU7FS2D1louxTWKObtbi/0nhdm+VGo5GpS01XctK+sKhzp2K5lQUHzYDWJV1i2y/9QMip3AxugnkEj1OWJK6tBnhMbPK9ScmY5ff9eFVA4Fphqyj8Cm9S7YFuraj6RxfE3OYSKMG4FURSRiJh2P24r+aOhpPpFGupG65aY7yZDnGMUeYlEvOxoFw96naSUkN32BDq37EqTrLmKtjkKPKeE+TgSVhRnnfEWwnknWQITrQPA2UaRHeYAAMAFSpU4iJ+ayCp1yMmaTGtoGqiH5MYzt2HRzIaiXrmyfL8Q5b4jiRA+YwysJWZ0Bc02SgutWnHcWBBJ9nGib6cnNlrUTpWKzYbgLmhO3N1xPDdSNDiicUXflf0OYjjQnLjZWoNTpNQ6sWL67Dt5V2YFSoW1CutvgKT3WJJW2pn7qpH4SbXaScoBwVfD8rFgRUG9QPkfXE2m6H/gnNUWlcHsE47xb8pKAFQmmixzrMhJGwps042g+yRnD4K2/A41iaq9bkkB+PqLa5ITi6lgFsj3TERB3Mm9FMxHW4C8h1QERwljXRf2KPe/oFtFlpc9OUe4WfyVYHckBqWrwlX1RYhldbNYvmwrEOp52CuObjCudS7Uir05kY2keGRJaIuBKx+3wHUgJ4IBcTTRwgBivniG14fSEPTHSXQGqPb0bVjhwyB5kawpzyUN6mxOkJ8KkWlm5/mPMbbczLHJFr3GKYTFYBiwKrmB8SYir2DtD6e68sTb0jcowugifrff70AFA/C3zf11eay772EFA3Rs53LY0C4aqNW5vr9p2Jvobx6huNu2Xh5t484EpBMVG/BMwj886pSsqVW2sO4QhbZexJu0gqnhpmec6Po6tFdPFVNVakea3drImGay1KgjGe7WA82sio12/k6weSmrg2YD59efN417vSei+O9yVtLGd/Ms9zktX1Ov2NCr758fZtv6Nw1/egX79W8CyRV71CeAEViegLZpGyDmGr/jzEEjCTeWi3dyC2x9Sl3vJh7CpnkzbhJboqST2REgEJi1avGsnwTEPUp5Hxl484wV5Vsngtg1/DVF0jxmmb9L3BJZrNPZkHhWUM8yjV1QWNxNNeRbK+gRy0tWbqoeDmbr30pZ6SO8KQt8A3Bbp0O+tbsx+fXgZBaId+EqckBZdX16qMROUlr/INzlEwf4Uaw2pG7kQllj0OqKn/LqWZ2GfhdPTwRNDyR6Pk0EwEIfOV3+LwhWaH3bFzC+sSAAuJWpjczgK6rKg9MmghHetBEjFfauOQtuVDBHnLYCCtya+Y+xx1zrK5WIl+ER8B8cV5dCcols3FNRaxjSYjqWlXHdDsAAb6PlYdIFLJJck656IcCflwq04yM6a27XygMa7lSZSHpYDqz3gOteYM20xy8sZOPbOpOeUZzYSWNVyrESZsmaKuVl5b4WiqaXxGa83VkopQoWX17UNxag4/RqZh8lk8xmGPRSfUWuOLvfpDvAo7ZRg8h4J/LwW/VneryTQC00Maym0oZMNkH1phzmurVIMN2bRX31/h9dDYfIrSskHC+BKvRB7/Vof7EnI2qjgbU6YpDvzNAu1nYDnMOjAWCT2eQN0Q8kAOb3MNHHOKvAGw2vrYuhHCbJ0Us4lK/qeB9+sArbK2g9Alfdtodwaqu2BbD+ZI+NN5zu1PfwLvEtxmwDbvAW0YR3Act/40cS4oEgauMQxGaacUw1pO8XDm5HmihmH4STfl29OAf9bNynbbX1XQbenbdSFD5IKA+RvXsUSnnZBWLiBRsJwGSyGYNXGdr6zPjBElilWrIPXSrA2x1uEHtKo+xmS4gbqRzR3T3zk9wqMpeuiZusYZc8TMMieKV932s+5YVoerRZ6WGYvnwXiMyLYAkLPgbBJ0qeAGicCFsymI7aAWWnGcvTcksDJS7jQn0qpmn7AI7vo09WqTGsZoNh2axOq6hd6FQoKwjnSGaefAFiXMc0f7ugrP4vZvtQnfiFGPflts26W4cN6EsIgUoZ6rqEY8kEdm6/bXQP9S8VRN+6gbe3cyQ9LhWsrkC8aiXstKSKA46VZLjrsaIuSmc47RUf7EgqkT2zrCJY+DwkDPxQhy9BwAfgZ4lqJiA8LLnrZAv6YJmAYgSPTJ2ae0wsw8NTwK/QIJ88BTfiQKrgxhb0vkKx0Us5+WTvSkAT9alim2ZWnnlnrnArH2jLbE4IjKM7J4ot1pbDbukd0cdWJ5jS4hskSfGyztSEU3+no/UOLDZT9OZzKc4VJ2x3+kKvh9VhGU73mdwaz42veL+2Lrvgv9sd90Yugi0VfXe/GoLDzjQw2df4QwHa32dExTHxdqkwmW8Gx6lAOFgG/1nJMEwEwlEAv8GQ1m7OI1NqbBNTN2ApDQmgkcp81csjpqUipYG+f0SgKYaNvGBI5Ppggpu2vS2EXa795+/O0nkh8C9fVxXyPq+w0eP4LTrKqHo7p44lfiusia4YWq1wD5UvbT87O3g+7CxMxfaBu6eGlqDGPD0a/3ivqBDkA5DLUU6pH8Qc2MeWvYYEpEHw4o0AXpoI43AWrQzNmRqut/rhPfalouzw3F2hI4Foo4DZLI5hVtjp0OkGSTeYRKCf4R04Kuqx6yKxjtjSGQkUzzkasM2BhImPhq6d56xEPSZLlTzn1DdeK9xCaA89UICErRsdxriTg0YOupEyb+cKdpgGKuT0GEtQ43bbJho8jN+monWu6PEF2nxUfwgoIxKTE6xa3h7X3vjf3x7kc3LeLbm4X209G+Ue9y2cvrXW8W9lKBUkskEzogtKQmDyu94wAAIABJREFU5YnLPj5iZu1lxOC315ZOy7G70ERRw1ag5+3PLz/W2QMLUcbqsYS0wV2J9TtoysgJ45BpJ1uh/1V0FSBy/bJdtApknELsMnPNR9Qlsmbk/RsRIzpGTQKQAXSiQNRgt4Z+lFbU9AeFPMvB00neZKqfe+g40iNb5YXuQMR1ah2tGXbt4q58xCiNfsoqIUws/1lgawPSpJ9dqtd8KGr8NSNDfQ05G9Qw9s/PeL7xHbBU5aUsOC0zm9T2R2pFqcyQ3e2XPFWu1vaSOGQHNL2ndFpvZVsh4QDyjpOJuGQQtyVhEV9dP+WTA8RNW6BjFxMpMomcjDS5iTvE0zzMv+axGbCWZch2qdM9ea6l3aQSNHnbb2dy60+qtcxzR/zYcI5qYwsvFMekMJiJAFaMeYLzRqCrn2OrAnz2tEE8RdVNxFBh95meSbskFR2gL+FcMrXbt1PvQD5e0km13QIX9XYYPSUDfWg44bQdT4ws5HDfkkc4hg2l44MdSBO7+lipkWqWig0OAO/hpgalkcuP/jYbMQOpPBGt5I5FyGEFkPCJTQX11VI6Pi+mawyp+TJJhkBR3eAZoB32JkvjSlEr05uC/qkwReEb0ySQ1j83wAM8xXPhURzCChvtHRqPpCNkTqKC8IkmNQ0mAxFyKbdInBEUuW6xAtdCUuorpS2CZcxErX7G5aba82cTuV2/dTwV/q4MnUngmCE1/4KlQh81Q1Vhgl16EYi1JPK0HwbgEsAIuuI8MFS3sF8rMxylD3LOy5V2YagQtuNafKf2ZiQxZE5xZd7OqANGdftWoEqlsz/PYE2agZeSGTVJrcBRFQ9N7SfG/hSMNFFJJr3FkFA+eq8ek0z2sWwSPsThP0c90qZsplUmJZb8Z2f2rcKeWpvRbCITrkgo8Wx9LdoO1K2Dy9KdZwJAsprRHAdnrlEAJ17IrsFqILDoPM0oD8QpONS1rTcjbGp5emmiEtH/8FwxA7vL9wGdI5PY5F8U7M7fUx8w3wKocjnAlRxHNN49kNCkqioXtD3S0k+pve8XyHrGve8IR3nfTyJnTm/BaW7fHLgXolY9w5LR5LfHipr89//dh4+vHz4+oyMcwvkw9dwRqDRqPJ1MFSe12qJE8GoGPikOMCcxbuY0Hec30o+A0Wfgdi8+A84qUHJIOzVVuaIJvOYqzZJQ1y2dmjx+ePwX/s0f/s1/6/nDhw/eptQLV/sx3CaWvbevm00e+vdNc4+ZNzF+WH725ql+CKwvT9+/++Fzd2d6u6dZU11sQ1MajURxDSnQoe8coXM+cd6FN2FZixd5tmMPZHzncKhingeZWcZhaYFvsphXmb00yLFjbqPOUkLdUnUKfK03cvz7R5teaH20pQ8Ui32apkLb2U1ubTUsTKgQZCiT52WWqD/cc0GNNR3i+A20XJ0thcVcWk6vp2ejqesZIIn98nD33cf77/fFjFHAjA9JusFII522DJ23EFyYAxyT/TEwcOzTjvxyRLFP0LoN+EWiMwtnI4VNEwHy20haa98df/78+fPf/u7xn/gHv359fvD6LLfe2OknzXSGXlF299d//PIv/YWPX75/uO9UXfg6ge40Zx2S966hYirnTAEQ+QOMI9k1Y8SXfWqgGH8/PN2PiH/WuUXgm6M9CZCPz76jeGlM60weqY6VNJZmIx0OKucXpTVRkNkYviVUeoELQ6U1WJ9lDJCiP8xAJrTdQn1xXcCPFbMGpihk0GSy7tsyQVWLY0uhENkjP+GnVHhTWtsBoxUMDuOoACwdak0MiRdBcT5ldbTWeJRHWbTUWGGcJK2rGUOrKWxbM0Z9sL2mAG3lSp47AknBdNilfvbGUzIegjbaQeSP7YyhEoqfxNBG1hFXfXIqI7DhBnq3xwgzEY1q+PEC2y6VUACy5ktMxLhv1ZpUHJeErh2sTL157KoNyGk9KIiIcvwgHXcPgYgNJu0ERXaWihM/guEqvCdwCYK/Pywr20YkwFq3d/ovslNziIkiKUhhOnfssGLhmNGWgurOzprWRZSW9FuN5AotKPPIrNz4UKcT+okktOYdDiqR3Cda6+0Jkd2EjnQmBLAMqUb9apSnJ9rVa8O4Sr0Y2agrMCOyvMJx0sUAOMNo9efyZBG5RgwmHQvjMFABRSaujRAy9lRQCy4diEaxbZoaBavezXLimRiAtIzZIf5mRhwTMP7BJZfiOYh8WtaXqHCcOJiu9UEho1tat39J13LVr0jKOtURPY5Wl5eGKFRxw03pkckmwkVTOQpfGo0K8Xrw1aLVYJ59OwgYkZJhxmUb6w7/esXEV9+S96C23BRWKVLUgXWbuRCSb9GvS1cY0YJ/sc/iiUTLoVcKnXYa5m/TaMInaB4eBs0HyyAjOQnUhrA2ojiPJH7umsgxttuWiCgrBjXsQViXZ0qMiRjR6awVD0B8MU6OVEG4PwiJu7nHDaTcA7+nVJAdNwS2gidu+0tzgvujS6ZPyiQyIRArq1YSks3gYKdxS60I2wy78mooJNqadlI4moHTVNVQ0IxigCIoZ0J/SalWlMfL2oHlgUxrb0AOMdGFIYL1oamOzIw0Kk9DpQNIXa3L01PnZALC8UJzILYbXYSJO69sefx4/6//+x/+3f99vxIIUCp6jblTiPXbJrdPn3947sWXBOV4l//do7h7++nl5Yfnlz/220//w//yR6nujCDZobJOUKYZR7In5esLrOWuYTh5zSwEeQevCUpOXBaShHa/A8DPAWflNmI8NgXWM9B14+aRkbbbknuOWPOgqjZBP4xHOGO+fvnrf/jmL//+430Tf0oGI06jRec+bEhV7uoecb85EeAvPSYVsa4e1cu9n2fzUJXvW7Aq5mwgSQyOPpecoBKsTokckPOoAbjaPur99FiKImRUSjmGGce6CrO+JELJfnrm6FQ60eK7MdHUv5ECXUq+pXVklxMBPVoEt39YxmCD6zAfiUizxiBW85pgJnvUYE8O8zOHSDe1mLemkUW9L1O1w5opiEhpQ91gdnq5CxRzYHHom7N5OuG8QsegzP+mWBfqKpOZcdEjKYsrxrMoaLr0TMJG8KsHqu/v9M4lMV1L4OImpoTmzWknMFHGET+B1qT+w/t+UvvhpQS4f3l66czw7v3D0+fnuw/vnjoWfujHRHx/rKl5KQpPX5LdbbqiIkpSQy8glolRGI+yrH39IewutOyW5/y5VabDn+Az6R84LIlLwEAmcVhJjHatc/v6gxL1ixD2s2R8qk8m47pFmGi+mysB1XJFX338BF6bFef+I2HmkDDVtM5SZ4O90mHorhCt6SCeUF1uONszqC3K3xTRfDNuqlPwzYvAMP3QDGN6z0DKo5bUifVUob9ZgEvbqtZwShFAhP2MYT8xwDG7EnY4QycWpB51DK1VM9W1CDOCAwDlSA8PpqhwmMOv8pAf/pFXQaglsRE50zukZ11tUDcSm/KpjJzC9g7juK9V1QPT+mbhEGILB46Zd1KryqJyOopxPuZpmE8h+yYDV9YOGj8cSVfFeKQrfxGhizSeDyg89TdmOYoCDqs8v1nCFABbLrBwssTu/HB8oh8Ovlb0cUYwOhS40G97+dHmuESjpmG55E56HA3Khohr0KejqqO0VlzVXc0UXJUTSQG/0TJRCL7hCCRnsx812lohnxAteLluBDjPkQD5uleOXdNNbK4Wizg2lyUH9yIUz9G9GOZvykXrEn+B0AeqMdOdC3QIE7TDXoG52TvPnMxYIiJoofHoUWI6hopWm6JM1EjVnWAP6PZajd9oH+UOokfoxNR6DkNHyUk4LCnIng5kdJHeolbsrtRDcmIhIWM9SGjZlYR8tkO23Yk/cuaeASSt40m94vgdUQ5cDqeOxIStM0B/CeGqJAnv2RxzrFVac+emiFw+rUfQidsBDeNS5YgrvjFeQCdjjXCaRtBfLQ3BOJYqYm5v/5o5jQ2DCAkvS7nFS15r1jChrnBtxIpCj8NG70aKaMwIuSMG0mnvL7pr90AgU4+X3i2a132Fp2Nm9ZaKsPSXQU06SsMuKx4v4iHz8rFqnIgULnune5UH4by7kBVGmhdwtXCMC8BkKR8pHbI5Y7fQw+Set6RvydRQ/tQ1quGR2kA4Wwfz7I+s6/KeJT+ibzO9Unn5uRTaAdowuFwwC606aVGYxSc16U0LmiFQYPbLfO9N8vB6TqrZz9u9vDzf3999fn34W3/woUvaL8+fehVQr2E0v/1aazPen/3yl6+ff/wxmT3a0ETGazNf4+33RpR6/qUwUr4lhZ0fAODYwcNnIspG0d2opH6FsOaYwxuDjDgemR8I5XFfY1ZU/mmZ565KLbxLbs7AOI93/MCY1HadR7SXe4gJHOc0GX15/vjh4fHuB989fXj0008R1XdPasc6jqC97wdyZdjXr4/vE/Hl5SXf9dTQ03M/CtbPB/uuQotRZ53BjvOFY/MGkrpEnH74Taa4IN/cp7rmuwMMYPj4IpNz5DzgEEpqDYGZG2ptq2thZ/6v+UcbK88FnnKEwJyQWaPMIylAko7tVFbRPgCatsBRIS7KWlmk6IGJPCD2tkYV8ZorbrxIaR658RIPzE3FrcSqlnxB1GWRcKlWkVA+UzONgBFLUjV2ISvpSVdkCs/oEAbhEzl0czWiCwYhJHc2hnl3c8hSN6FGHGFXVc3MTHJ5lVxXHF6+dKE/fa9lgoTpIrpr791W6xmhJ4PUQwFsPOj88fTacIABQ9Skkn9Sl5ZZVQ3FLQYh3Szhh4sfJPGyLfjzEpm7qHnMjSCib95pL4hYZHY3CyrSPJO0offXMYu/7dXY6iyjq38ermCN/kiIF4OlTR9pfhYFPa1s2GrWXsSA1Mz7bOdS6mA59TcVmqpuV306D8CKeYZZQ8NfhZoIJW6Msb1r+alYM1H+KuWu8d/obNEy/tpWmI2DmuOxVSW1JlX7xYV7bMcwRYhGcZkQ88F2s5m5iFrmgVOciuptq5mqER70aklSteoVWrVsXyE/rHHVG0gG5iYhQqTVTclhGy3mXwdDD59iP17dN5lCN2bsDlCxRHKkRgkfhoVG6XSPCpdGW7wRiGqnxjwTVx+ubVdLf5J6ugZP6mx3vEfJ1F72wirnsiu6eVthJEN07AGoxeB6O/RERuZyeMnKNaqIXLEeu6stk4tb9VCnCNBR0YVrXeHYiEilasB20GIFhjYbMekZ66gkOqHj4qaThwD2Ryyd1no2wlBdnfOgXYQMbfTME8YS+i+x33onENWtLfkbeQgdrMMwBXrziJDXbm2lVxxb5sKoToiquzopqTCA3D/oQJm4ZIxAWxrqsR6vjvCsNgoeztroOvRKBPGASF7LN18jVsf4RZZaGmch2ddRoxLE8+FkRqCPD2MCZlY037J5E1uoSex/p9i0TB1Ma6F78vIQT4wiRyyKh3gkER+O9hRHULQI2XGDxGPhaabmZPXsGk79InqkbaElyF4gauiTXIz9646RjdCgWq32+eAWfwrVDtxuh5+9CeTzKyX5iehNTMsPzouyTfX0dQBrs0y1oWj1lXoUwxmTZkdIflrTOSQfB0DNHP2tHO9I1zlGu3Hnyz6NHUk940QZtefjH48iKuaVIUj0Qhn46if2bIbH/BgQpLVtiOA7JBtTUuZoJX578Lf9k0KnYwERHJInj5Mj3vnTnELjlppRISx7256Waa9STxSU5c4xtGKSe1NQEvR4E7gvfUG4+l7U2dVs7zT1yEpQkzai48xADXwye6tO6/XzftE4Vzz2M8Af+znhl/tmwvd3z099Dziirlu+9ubQn335/u3Lpx79h7qHf/aAQNKen959+vJDv0jbU9An2LVv/hFh6POK8EVZe4XBYe4cFG00LFjv31d956aq8h20mGv3wx63dMFdO1HzFZPO3hTyYhePF7uupzvJ0mGahQ8GXBK26l2azkedEkXQC48UeyHo+xeXRcwirlFDHuYJ+airhDbWnJOU3TBI3rv3nbHdu2mSgujc/wuUVab/JIrExEqHru52OoWAO/p5OQAHjWmzLZyQJxYDB+wp6hL79FODFnYe2SqV12nllUyDEKdTsvmM68iGs3Uwz3fCD6Fq/rIewYypYg43Bz4z7puy0WGYregq6le2lFCjS87qcWm6+SeDtnfA4NIW31EvX2JNnl8bzoZ17CbpeYkCw+eWk13YUzjN6cQ77c0oZrtRhSFTEDrMesG2M5fmFU7A6h95U/vRp7/MiQsz+aELTN+E92UIw/Kq7t8/+IpI54UPThdhMlxkRgXScqTvxHDuTA8IbEdRuhVk7Ll8gp1cnqhSj4Ko9cXi2cyEDZtKWGJBVt2oJgHblWCGFGmdToLJmlBVFcUtrUMI1tVVFEmqnvhyDEmVlF78t40YVk/2yO0fl0exUXJnPRQdEUfM8YjK2Eg4jTQMpu23llFcZhA++ozHdHBUN+8dSaueuojBGmiK56vDj3vLosnxozyROrpv3pqEydM6624qkkxui66KAaCLlk8up0/8sgzOIVjb4T2K5t7TBOgR0oYR04LzeOhEc8z0HSkj9FxadGM+BrU+uXbcMHiJLFGFf3gjWTlJqglk6AQegmlQvTaSLrMT8GsIwnXbk3q4xnSoK7ZfbRm1GYJyNetn01ZTad/oOzboJrC9wbU/+XXB4p+8cLBjtSAfndXUAWKPS/MUn6b0qTK0bAoXyyLXYL3oRZ0uDMTC3d6sVjOP1GYISAr1SBXO9lY9bIEc5yVOHaoJap3+Rg9T4LOAmQFHmYPLwMcCyDp7BGs/w4MWCM8h7FjJZZXiXBbSBya6W35vh8ZvmFfe/hQZMpIxPwgTlUYUQs82j7nju3oWD+FGo3AiPmrzaOXDL7CQ1nKWY/UBe7BeAkaxoR7hITtHBBGZBPnsyHpMQDJb8iTc7QOQB2ezMr5JY/xBVw+4fkyxhgzevfqK44+Bc7mNbChdZ16iSk6tSezibQ1C0xyVoXNRq1Tmxa3npViI4SmocB0cJeh0aiOqlEVrIWTbs6G1FiQ70URfsdWqLvJVVlsUElycrsMMriM/7LGc3nnwHDm0TNgQpWwM1QRtbStUnCd3VphFTIcESf/ADJNKXIw+YjX1d1rRJ1r6Hz8tBEAP3ZVrTXRjKaPMrfTS5GXPJXfECxGM+ktspHpGu+30m0vkLmVUW0AcvIEQSzizAcUhZFCiCcU35suSqT91URERbB0CdwvVbO6pcqQjn4BU+jtAtCDt//qtrmr4h5Q+aTZISThekepp0KGIENQWSffT6BH3auZkzJoA9fTCOfMnfcPZXa/A6ekW8/teABpVY43Eg9HTxVW+fn3u6eXkNPtNQJc+P3NaQ+oAMjsYMTEdKKraSakNn6i6YVCqTELOORScPGqrw74r60zVJYVRU0y4J7qW68/gzsRjqlwpU8bCa75fGmEpEY386bde9xXP7g708QB3/VMHjqvp7jy6VMsJKdNg1a/CZX1fGHCmZdz1LBo/BpKeqGjZpLOOmdHzC7PRpYrBfXGAq3qnE6kXuxLzIq0wSTP4qIei2lEfL+SR/uIavNgoiWD1XLnm43ZDxLKDMEpJywtceUxFrmcwAMQBiLhS9VYUbA6L/SjLNkcEn9w9fVGpSMF2Y6Fip8nA537UcbVB0yJbCKQYBECrw3qRHRwnvhhq28LN8U4K5ok6TSGAOs5AIvIH01g3pZiVI4MYm0YFxCIHmSXU/Mg9Le2HU1dIdVP9vjdj39LV/54C6jEmPA/eLVvG7SyWQ+RWY5zsmi6Tm2pLUjrOOvnECkcmqIdh9OmXvNVprlEE56R6Xt/sqSIVqG1iIX1yLzN4qpyduBmKul2rSP3FmfoQGmgCttcUk1Y5F5wLLcctQ3CBg4nc9S6GEDJpFTdxGYQzWjML+hhabutDfyxeQ8T1Tb5F4t/OyHFTcXGPSXvwR6tBJXetYlgvnqM3ES2TZn0JU5pTTjONFw3qysTOZ1py/ijUJ5XEa5P/zkHLqLNhcciOungmJp15FVe2XyBmHzL/09W25VuSHEpCRzOJicnAi7X6y+xR6HC0tJNMoYBo4rc+Dm1fkGf8RI5DhpcFWFO3zfxZ6WC/sdjliqNktPb7u5a5DBeq47+t589wXKynTVerdOIUmqVbso+zyt8Ze0RqixBm6jK1mpW2vhk7h6M6YQiXMnAbHJR0TlcjVQtsfQ0INgBNwXYv+Ff0q40+p8bsKDPl+9ZZmorDAU/RxFyysPTfZ5JNUG5LYua3WCndx/Fe1GrB03p7WDaQJqu60SOImu9iPw2Dj0BOtuauy29GR2YSle9mpjIxR2Ybw2f7k+DpnMkgdEAPXAMqsWY+xAgE5yluM+ehqcJoieKCzGei1sZi7IlNNBJRyXJtVh5acGJoLV3azoiDepovgjjQT4ruNnqbqmqQTYeCjHC5wCsnajg8LABuotnCsNSlL3Epd5ggDYS11MnOPpaK83cKD9zjn4FqiopA+xylNPqIr5zgjGqPG2ojeP/pno9mPa5TDZ/rdQeJ9Zr4O9l6xxHQhsqJMtqHrv8lfgTKpb+alSNsh4RzxL3tokvK+UN7zDlsi6igHghzIvZ2XTUm8LSykJwdmcgiKeSXYyddbywuzVA3ee35f67m8WmtRILubnLamLVHNviatOPjq7Mc4VHTyqqz4HKg5xbCYyRbZzpYdQTx1rrTj3gtJLElSh1+bMpku4TroJgkMZmmNnvGjbPnI7PFpMJOlE0tJygpYwTrHLs9Puw5p/bXPw7e6XZuRH1p6b2hTS5dtq/mXINc5NpJT1qY2VykpxR8U7GHWTr56t5CSdcQFg/7caS5QS1VMnWz//oGgVUzaGfJIPJjIrNJEiEgxCCa7Lb9A6ecYIW8vIFltdxz808VMiSStkgvAesrhMga0LhvD0vHO/L0bCAO7FEXSYTQuCPB4TX1gYtpnjff6U7Dd0bKqBGXB4jSwYm++/zaFyI2YvmCJ2ft4nyrZvWJnQeI7GmQ1j3bk/PmP5sKBU91JAVuspPuYrGBxgLNvFaJbf1z0UC0dWApJ9DWPntFJYJDHS1hXEJa/jmW20vuNEbShD8usZuYGKpsZcRAWfHIq/qgOVjE4wQDjptO1JmcrLzMB9M1OZwCkUV1H1Mh4dzuvLgcpg96Jk+ZvYhII12OtokhP9K3EF1MiazEDYhjcoTrQ4/lTNKJcUZxjM3ISI4rFEIRVJWUnm1le0szAEua7ibYnbVBpK3uKKnqOQYm3aeEckrU4z87tXK602euqa8s38fZ8QUYn4FPhxAtB/ht7mMYb4nxDE1FqNQIH6yBUBpODdvBNBfGJZyrHqn2E6dVzkuYZephQi7WPaI2HbVS1p9TIKPSKIeC5+LiqvBmR0bBORxW+Aw3lVffLrP3AZ7YtGPJE2yDklM2ybjVUQIXQ8dCtMC1xntgjJc4vUTbLNa+nbNe5TEWRbu3NZ6iubo2S/N2JireyVjrEX2KsqomiP2rrFnU2oB7Frm0ltbqIrBkQY4XyNM4InvH3ChIIehQS72TCSjPsl6O6qasrZwc4wE/lVthq18imYRtL8ekg0svySxe0Yq/wIgC3EoFaF9gqWFUx6MV+WApsobsoKI6Ei40Kx8afWNt01Yd2VOwgToOzMfD4bkNUuOZ7OsQcvyvP5BwSSSrXB8EuAA9WGTxaRppxZb0Uv3NanqvZGbXjblsVT6K4Ds2n8q5Ib3HUtISkk6C5fkCI4rzIikoL9ioRo94y7baD2yQ+0iZ0m4e5IQW1LUAtd3GjQvzEF6kw3gRYegfp/+bSTDCsD4548gd3Kk52crdXYo4VxHNmLdrjA1ZB+QUuTWJ7zQZth15iyoQeXv/5eJCHIDzeuXTpplbAGtB3Lq9aZ+NVZ+AHoqtqwLdjH5FMtbR4FhJw8VO9mjpqli5zxmUDWaJWs14UWhm0+kCB1tyD/e6xZhzQlXEteSBCHW4oNzwas7cMaqdRFUW3FooI6Xt4lp5/l/TT930nGGO/KKe0eNaxdjScpO5tJnwmKo04EGZov6Le4eCPYGeHQMC1EHTNobgbQqhoImMM/7OEqI2Gl8jHNXlbHt9WOBogE+fs7lgXzhXvyRJqPYlzuhj43Qplku6cNk01ZxAvKmYkQyBo31MudN+5aOUrSWk8PZ3W8RHPY0O1WTFslPlTT2QSuZ4DFEVRhDNUpz51HX0wwlCS01OckbPlWAIJSNIoGGEq+mntSZtuic1mgu1qarUt7uECmWNGUHAjrwuJxsKvZwn8oM1juo9Zt4MatNH36sKUicGgWk607cWU9LTKB4377L++/v7970M/97HvDfZewLARUuCmgMf0lv2CoS+Hqkpd7sq2CbtT3G77J0dTA6F24WIZxmX3BJi09DFcvbnsQVs/s0sW1Bbgcdn229HjWv8cWRu031RlhmtIqr0Qt2020xloBfn5S0JsRg1WFJY2dAjTuFEcKxlMPzzRCdAVEucUnOOP0GuLsKC4UxRaOrYcoI9vm+9UFazo2hkJ43hYxoZkbT2NxthWKH2LbRqjZp1+9RwaKhmYHGNihOIri06I1jV+yrCtOWM9RN9XpfSayKebKuz0NTf7Eo6f6ixyP+poHzJMDuG7grWqCM1RbRcvJNjP9oY2yqcbhZcfiDSPNjm0Iw4Z4dVpIXU/ShRbtUPO6+3OGUijW1SgUrYjrFZZ7wmULxJjzCyVNZdgRwe2XvlENdcBs+LO9NwRb7I9BWQ/upQdamHvhDSfrcB9Hsa0zOXxk9+Sqc4FYPdCsRpDzrX1A3mp4W1JsHf4HzhcuZcOjILKJ4KKHmxk6eSJCULdq0zZpCu2io9UCnnY58UFmttgUUL10w20p+WqqreesLHcHFtWNST7G9NfTsAtoxRGp2yjcW+NAoDL7fd7s0bCOgbG8CHvGa5rq/RFkl/o6QZx7c1ocFSdYSsTdmu/5rimvtu1aP5ifzXS0WKrOt/vX5ipp23agFnQK5djh7Hr2kaAdRi8BP5iciKF7BgAAAgAElEQVSBxdo+XC21v0Eczc0nI9kk6CeUA4HzG8sccFx72caAm1uO7SqmZx3kSAvCJVbhhoRcZRvtJ0nwLqO0THwEHH+oxhAp5+hyx7rl/0jWUau/Oe70jLgWu6kwF4m7kRbHzSkE719F5ENaeWrTpjAjsMSJuBhOyLrJTePRhALJbSHmtiTrm6jqjChtpO5V+iZ2Ck/1FA0vqm8OzQSG5LFrvJtNHJPQ48dQrjxV86SKHdY48huuarPoxpmc+aAtsEOinC522J667ToYhelYSdAWu0axMz6tKnWxNY3grkvykXOIgz3oWTXDUO1IJypJ6t8ISTc15++GK5mZdeEOQ2SB6nhs027k4cGDcetVz5REVtMR11zcAuGCYiexEai6qulZHhJ0k0I4tfkf0wSduNolv4XY/OxvpMkZ4SUFwWE8I/URT926AT8cOROnNgGz6RJ+hIF1WM+GLtBXTwFn9jmqCvxJQ0xHAH4S/yOiNzhthL44I2Fw8rqOc1yB78J4CjfEE5ZA3nHINMdR7G925ZP4qj8QGHw6Hrlza6uEyI5ZzSubMiWl+s2mlkDkHDRIpFT2ad7d8BRUt/6bJlO2ZK63XENNtUmgc0FymGBQOkFfQdvct0N8dNkw+Ai3TML2jqxZhYmHd87G8Hljwo/ZEaRrbIGZlZAwBx8vVGkWzDsBm1K2yHMU+6NmurRkdbtZfyrP+OmuJU0u+Tcl9fqTKipWR0qyPeIe22wWqppMbHs55ZvHpvv3TfftOhfot61eerW9U3iOuKJSw8IzyKQ2pzX0dr2TDUFuMDDZgn0Xxee5PaEQBSAjjNhZRLthQb4gs3Y0C2CN7Dv+iIz5EzxPZVC6Wk9nPiM3oDCQbkea7OHsasKjvt9ASuA5LcHq5Caq4+apB+dklk7dx26cadXkNKqc86WHlPStiF3lbyMe3JKHnAb1tn/q3KsBpMjzskHdUC0ROqZ1ClYne+hX2Lwf1o8M8AidVAkTSFWKt3TkgNVVX0WNVqBVnXIdOcxSZH+r5UNegugwhP+W3GkjsYD174Mv5KpSixeoFtpHc9SpDxEvrDrHL9eQxX9k4SVvAwyh5NhHQcD2o43oKFs+TEZtmLdCxzP2JkSBqFu0SahOxGOys4L9qFibutmkvV0drgJgy4y4ZbMTumBW5+aiuvZctEoKDUeFAYgLw9zSTqta/BDA26dPfS++UALbV+SrGetiApd7d8ApX1MXfulE4nIwn9Es5dtIFcldpXl3VfbWHsP+apqw9iRPZVHdZybMiONtpCcdZ5p+MWUEWjbmTrxqkjDg4pQIsnfqj+CRjFEJHto5jtP5nKvt19q/Vrbi3rKC1aJPIUJOP83oD5OaC0GVUh0tBsYDiGL7SqXzXFDjOGs7zfYssX1roO/UpysXaK+K4tNyUdqnQfsxtQpktSPRMPyksPcsV9V2LvbLRps+sI83IT8xseAskmdQpp9J80nbURyZdGoBbOScMFhzRQJUNwAJKIJTre7ogeFWahtNqTImtFJhAhZZXBNhjWl+WtyOCNxatkK5iGhzVrsrIBvltUyShgv4NwNZU+/LPT9hu4UbE0K3T4/hDZK3IU7DN7mJmJ+YaZRj12GZ2KA7asABXvEYofUFrKrp0mjZGrTjL+YgNQhsq4No4hP9GumYMIrJEaOJOE1ZvsMm/iPvsI2A/kBS2DLujjE0GqwIJ4P12Cc/9Qm/DhuCTgnFl+nIUE+afO/wkETs0ex++oZ23mYBarzn4JSBPNZA4sgYDIc5709wrRFJk8eNJK3vPK1QvVcOLG3FiMsTOkxJH/CzQ+wgbJw5tp1cErpzqjeYAUV4xZawdXmi4CSjOtBvCTu2my15rllA7BFbo5/1QyUwNUYMFUEVJC6J7UZK+MASi+zsjt5wNjmTSViWH0AJQkIcoFNplzEaqi4RRkKvEtIjiNKhOYoR95kojsB+CSG3ljabhg0M4HGfagQxnpCL1gGowjyytrVTTwNOV9hMSgS4mFHLGIjKB2/rQsXOi6d9xyrVVqd7l/XnMvE5kOCuteH/nHCUJ/2w0uZFaajzK7tC6riZ8IO0wqUENn2HPSneIjp4nT8AR/8WIByumVYzQFIlg/qsJvJex3Ia2HFExraITsPx3IGd1C6qw3CUcOdt5lDbUaS1T65onw3MqMo/tb4SoM6ODrX5RgI3Vg2iHyi8sFTf2fb6c4qcAcWZ8wSmxTqb1k/EaLpyXtxikFB+O3r3BIgJbB7wY2qbDHcroF+1LZ6uaSPsIZe66nqrbh9RwrojMBBnt9CEPeKo4k1Qz0KAcC4M0Cg5ukXQAxJejgIxX+xZ+wLMuhlotlQDEwYY6GNTr+/ZyBgjwTwWmWa6R8cNHrZuOW9Y56Ykai2+ejzpDZ3ZwP2MKKkZBVAXbM/ZQuTnOIHEHA1aaqLLVMQ96t50ftpzDmfVN9KSntcvXfvdaKS3ZJdvpjM37VHoEfaSYVjmx2adPGjEaelHwfYYd2Pqbh7NwsMOQ7uFtfUJCg2NYcOS0NXzJugw83J47fVP8alLr3I1M5WXEY2gDTcfltEjFKAE9UeSav6lYy3Exj5FeSn9/uSlhBm5zQXmImb8yXxQB4hn5p/c0Za86kVg4FhYZcRz9+VMzhdhyyRRo2rCyNDAcdUtiAw5fklc1f0Vu4kAlo6q1XPcEEz8bvxUV58KemHbcC2jyvh+B7pv0/cWqV6RVTL5te7ysZinjEOuswJ52BJ/deVD6XIsnHFLOhWppfcyCEU9rIFy1TOuEoyIa+283zN/axHU40cW5NAWxpB4uQkdHFOSHydltL6brjeokVyc0Y1+HZEMQ94emOucdcJmzeQgmEyuT9YgYL+0B8+z1VQiqEU2AY8Tx/ZuyCeE4NPMOJz9H/noLVj5RUmfo1j94Vc7NDFWOom+qgxqJGPn0hXDpeIIviCNm66f5B1dp53vxGa4IDlFlkET6ZIRN1hDCd1Zok77ZGs9UI0V0kYnxRZp/98Mv8KO/EirRU+4yRzDaTmVmH9SzIwYy/dorp0qiGdHesY7pkStmjFAaM8epkQ1hFUxQn117XGovSHWNKGncnIS4xpV9Ro103gQtjZGU1LDKCrdjp4Srk5Xel9e0QeZ0RBLP+wx2YGAZAkP19EPzK8lXY0NC2M67WdsjTgjBLZSa8vgrVQF4Oq2sb/dbePghLWO7GpWP89pQQlt5cM6H2Lbf7XX4DRRI5wrULd31lERMHNXUysVE2ooO985ioLXLw8o2+Ul1KrXyCsmDtUmn8+To22lA0Ed9TYGPwPSu74w11ONz296ekEYTOXS3Yg3dk/WvjRk9M3a3NxLsnu/uNLmbMmhNhbHiP6Ck/DGzGp01BkzOVMr2DBBOtCXUdSBlABtN/QQzN6ZQEzob/8xGL7j4LXjlGnHfZwdIgLwnPaLWW5U60refKDoOIC+9RxT1693cARmjZC0aqjZs9sF4JoenHYGTIIxdToxQHBqbXPVdkSpUvtDviSJ54iYezQeV1Rgp6m4sW+iR0jEIIXKZCO1nGHIn1jfhKY/yHddOO7SmJdN5PijvJY+k4CELcNLJAiZx53zQHW2Rtlp3Hwlx1KZuT2Dfm2fz5T9uGCe0570Dm9d0+6F26lE68c/L+tzxLMjql2mUrWD6BnpzTBq4Cg4j0YBrpoBM3mgJ7mWLLxf9xjH+HhviYCnD9tqHcGEN9HpNNdDIapbpm9FZtAbU1KxW2kn4nSTDTW15ouae21g7kxULpfpvl/YXkYVpmxI2tDw54EXlZljX0qNpbRLUs8ixF1XyiELjW1f4u1RoCgKaBfti4i4mbN/ee9k4hjETSKa1Lqv04NAmMYlZ4hS1LOf7XP5mc50ZN/BnTdmJZv1EspLtUCvPhObWjQndvnfSJ4FTV1kJ/XHY9OSeo2p4U1jGY/N7fOm/RY18YYxa5Le2ZvpYMeQVy7oy5gnE71iaiYl7W33QUoi1464K813vcAn07xqngGXx67zrl7sCAP/pysz2u0E4O7zj70XyS8mPD+/xJP0DJOBoRLFemDAxCbg1UBsZqZnnr+ZhGusOTnn9H3Hj+aNQp1Svnvzwo/8txrnXyS300UMzPlIF2hjrTE46ZNyAtQ6slwZuARFBscQ1Y9sG8xGU5v6WZEsmE8AuEUMj/T0JbPyEXjoAqmbL0VYLHjtiD2s/ddKfA7pGMEY7CBBE/uYLmEop/q4Sy6zRO8mRZIeWbC+/fKc/1fI+1KzKTiAlHmVT57tscZO2tgXdug4lenVBaLeFo0ySAhSn82cKMcZIe+1Ga/yZ0qql0Fu+7z263ENme97k+6TR+44rOnuu68vncDbj0dASJWy4Uny235DbnpqXlzo9WGOWDGiYji/nGt0ywJ1y7NZEnlW8WQFFhkPxNX+CTBfj3abaGUF4Ud8pcpL7XwGyAIXqEhRGVQixTElSScAP4WHH25F27mWb5MqEhV5kRh1hK5+7MpTmLLB4pNJw0eFQ3+BxSlPrNuZpK0NhqpzgUyzlxWHTM8VSHKEs9JBQezcSB7A+EZ20zamGlu4tE2SIjm0J2EYTPOEKI2ehP7JZZJS9VUK7CHWCCNKeXVpWDW+eDS1FgMCD3sbmaq96vgrUTVJbWv8BqHd9kYztacFiWUuO7SpijBRpFQ17HSuQMPkQFShP4kxwTeFVS41Jjh3UYqU+smuMF81JOg0Ki81Q1IFEzHuM4IljwPVCjjy1DAoT/blCB5ZDZmI2jNoI4K5jxFQBQWiUucEeTSyqgKLajw9Kbz2thxbDmnrGHPVDNrQNDOT5QR3BjOFptkOxHZGdvrpaVofXXoYdwBaTKL2hlV65r1QpQtE6BzSVjJQm6ZN01SAz8/R1GW5Yr1mNtWSQBPTS7dg0z2mBDI0/mvc0DTbdhQb6HWXg8kAwbwc0WtAnn6FqGcGhi/3VQ84qseXnor80ASjQ1vCvXSPaMMt5ee3SHXwdgyzabp8wP5ZlQ39XXYOtCa6RmHdPw9vwXSKfEXqMfiiOl15AdQGFTG8FqQdFFY9PsT2rBI23pP8q1zM+Cx7+mT09JGIQ5gu/9rOvcmangkcVaU5jMQDZpYlm7z5oDV/HsfIBYzhqa5piiaa2lze1XRAnM0UzIUDtNDNHTH5cwGLJItXWReDGXL/8N4X24Y8ml0XqmX68lzb7Kb8/KsfSqlcZQQ59Bg38HRByjbGNhT0fPWbN08vTz9E//KluU4wCN1kymH79e19d9U/fv+dK+F+h9USs3EuT2zASOQgJNz5Z8I5QqXEugVlg84A8B2oESYrZfWkUzePt2pJQy2CO2nk7dJYCrjA3xBM0uWU6KfgiMm8yT+TEoMeKDFGs6ZEqRSDpJgwnP5avdcz9kIqJsKarqadwZxh7NwwWofxnP7mvczdiRrE51C7eVrXIu86O/ny/LW3+oPk5kHjt1MBWDK8nwfobTi9yrwTddb1HyovNu9ZlvVHISttLrcxX4owrPbXd3ePCSlY7e0AnOgvLsTHoFtsNjbbkutcjhN6Satv1MZm9mzGOyNTbnfBOatOyY792G6LEjibChsQdYX2lxPp/PL0y18+//jD+XKvQ0GQKE9yW921SVtnRHeP71/ePjx/Nq1OaSrm7VYUhMT5e3Y6L5hb7L58ef7Fn/zuVz9/7/bHc3PHPDrV4ZBzh1NQOZos0/ba5nB+y0hN+ymG++6K5IlPbx8+d6rjNkqjZc4b5BFHng9jTgZTg2IW6m9TYRrmG/oTTucCFjXQGeV8r5b2Ecv6eQ5BpXkWbe4Lvj8YJ3TN3DJ2+mXhMlHNJB0RaYiFOiv+njdJTfdtjEeTKtrkR6l+UCqiXD259lodKhrMvQef8K5HgNTg9e7LD3/i/s37fqFuMu+7hl2aFzvvtT058e4PPr//nMtL0AIxPpLBqmf0lQG9KKttu14VRQeo5Oe08rKe0mWGEj6/RmTuU5QiWDc2+b/7o+eXj/efO5q9vKThKW8ntPbXN6894vVHGdXAVACdCjjG9Ck12/ZH33Rym12+rRW//QHhzPZiuYIjS44FGixR+59Q5fbkrzqdeXJ7eq2xIBL35MdxC6X0T/zREwfXTt/UX8CYT9q1a2hYpgXrKKQvgqM2F5W10W7/VLOffrZFdVpm1mQsZ+Lv7xAkPiCij/Gont8ooQakdIYpSw/iWlTVuqnS5ccRrSPmCsCNTAzxwT5Hj88IVIu1NtvVJDamBDNbgRiKkCdje2dQjf62YMjC4HUd4vARcDHShWKraEao91YxTttDPjJO+EknRoum/p2uoh4ea0ePoeK8kRyTrx2wL51jyQR+RHmEjD+Kaq70n6XV6M5RcaBMIbv1/BlvYT8XJ466yTy0l9xmUQcOl5I+DUoIAn6OYBdVilKVWJqmA+Eoa1DVdQYijjqzyCA0wTjBmA823ai7l+LG8Jsi4i6b6V1+HkvQrDEFU9U6Q8CYosi3cCDKgLCZPTnnSn1CDlC0xBzPHYYzpqs+eg8qKbCF3PEwOY8od5/Rsaa/ukYEQ3Mjj1O2di/wWIgP5Em5ST07l6vanPoDcoqXA2ykfW6neWnkuH7VC3sD3teXH/+Tf/fnD/dvPj3d95XCc53iODQUd3cvD4+vf+X37v/aL+6/Pj/fP/bIQbdGWzZAz6HNMwxJdDmvdPhcbuSoKg929Gfv9A+ewWyDeOwRo7FMPNMv/qoulsNHFz1bj3ts6jawT84cQzK57ZC+Ubytw6kpCzkj4akobnO+PKbDcNaA6+WJ+HY8ybaJP2qnIzU0LJGIXNyq4Qb7U8Xp46lwNFrTQlci5412Hau+YRvzScxS01FtluukMb378vihR5RfmpEk4fnpaU+zOn69e+hSbce6u8+f6qcVOrKahd4g8Eu5yzAAZ9GBuYPJ9Lca4Fov8/SPqgjxSMiXv/Pnv/gH/8zzH/6yU433rHrbr68yPvfVix4eX55fv/5rf/FXL29/IwFdL85DNTuMFoYWV2+dOnb24Ljvp67iTtJA8c/lQfprsUc5B0I1JO0KcN4YTVR1uNIIGWrKaqkQ0UrVrC9MFKmgHxmpZGOyJ2dH1ZCBjUp+3sREyaIa8vTmFU1yqLGadq1FFY0DGpM9q8xqSh/evn54+7ceXh/Fv57UhLSHcPo9Ir1Jit6/vvv49ocf3/4i23oehewujwclTx1E/YbV628+3H1oUtPT/2/ePfQoVsViTXEzhXkShFBzxmV/RpQSzX/+8G/+7uPLL14/99PAn+HWv7++e8iVIVqi7nDw9c3Dd3/st37227/Z9NZz8558XxiT24DFN7iZOue1UvYewFPiii0Hhloub0JeonQJNmlUT9Rf+vN//i/9G39ONKtYOo7TEM372KLuFuabp3ffv37qN746WmBdgGq3PR5nMj+UXXWYfPT07oe/9o/+/d//p/6eP/786fn106dmV3rXXEN08JcaZXCsk8g6xoSlmw+JKoQY+oHY7lQ81c/+X3/p5S/8fs7EQss42Jdv9FcZc2kgnJatCYa1EwcK1LZEXWky1g3okmBIWV4SpMqtlcSvDl/WU3GWKo480TGeqBaCjJ3mw1cFCFJlCzHCqRPKN+0mJhNMP+L0t67RwN7mCKnqKPg2fgHVwmAGDNJE1Zt8s73p7FOm/KN/9/2feLh7Oq9X7XTXU6f9CFcF7wF7/+4P/nd/7vWvvvbl9kRRWXOmljNLmN/4+P3f+bPfeH7pTg5XhmVJ056wPty9+6PPP/7lP/i9h3eP53aGyHV60VjfEU8iP779v/4HPfj2UA7dP/QUXX004aS7FfHlba/O/eINu/SmvUwrzqkpTQwTFUo9txdonjP5qP8iNt9UXia1u06lt0QRej4pL+M8Hxyh42StSbiEGiLDtCli1Xp1MUDnwsPl5mR59Y9O0ijTTV/4LFJnypCWjSQthPkxMDUmZ5kL8GJKdMsZ3SIfEDOymbm9CUFE6oRcNYiiCDoZ/dd8BshjTvshCuWWOLUTTOm4otN6JIzuEHMNumsvybPQ2JiYKSIpuw1haZmQOv5gXHwz7eCjr8Nf3Ed9oheBo2ICk8Bf08tN7Q/pKVUeB6hrmKKxj5ufDfW3ZSBZd9NAJBCoj6SbCpJoBajCNyEHOcHmki7H7FMPRlSCLW8mbhCO6mi4/IrKxM2UnLTPoZqSraY5Ice8cZfh1+iW0dUA/A3Z3EbsgXc0j2wt6OLyP1cOfvzGokt1HmGk5K97jrIWelJURoPOQ0e0Haxdf9jBUjUazj52RongmFwBh93L1YewzndgEact3QTMT+NnUDVHUBsM033hmFzJN63wxj2hl5NwGlD1egiB4oZLcGIoWBUEXbGQbgHrgJ4kWQwIR2Elfa5IgFjzgs9PPS7qeU11miOTKWSLoDludav88uZXv/zhv/1f+/v/8f/Cn/rxRxeSzRxid4NdEFL88buv/73/yf/3f/kv/uJnv/l9qpJQejUBCKNilzknzMh2TAucU/Q08Ga42DqvUIqLhJkSD4LwqE6OmOiOZFUHf6TjwDqrRq65zzSOpL3RLv2pZe5GC1zTi2NpVWFCCJ4S6gmcrxJzONAzI5NnRCSNrEldAxXVoFC4JKhpmTh+Rj6yCqiqICu33USqPCbVnu3LncMUaQxV4tJ69ir15MJLj3d3GS2THt79I//wn/r+u37t9XMvf/ny8vzh+w/RPhWY+tLdm3/nL/7hn/tzf/D+7oMQdcW5+SXQg/xrYmFdQzLpxNxKrGayh1KqKTOvuQ3yr58/Pf3pP/Pxn/mn/0svP3Y8jd7Zq4MXzwb7sbvkf+sPf/lf+e/881+/+82aZ21PoSSm2+sdOcXcpG+TdRJjTDsA/umafyq36BdyuFy93Mt/15I6Tsa2WoIWm1tFbSKwWvDm25nJsHEFcAdCiV6JhAUlxqDE2owvBcSmSGmXfKNGLz3alkeCuva67fxWa1zR+bKoVEtuP0X7+R/4+9/+Q3/f18+/+qVJxF3touM53qGf8R3Rmwv91qU2eNnZpc+6tucadlXy3S/vP3QhM3+/+3/+a5//vb/yXc/refprjj5A0seTUsm0PoNOat99ffgL/6d/4Q8+PmVY3b7L+htE95xWxjXToYu1v/rV05/6M3/vf+6f/MfefvxZMzeW9t8Y0JuI3PxBsz50kM6hnLoX89Oazg2CiVTNYdxyimJdVJlnkv38w+evn576im2OZ0Ws7mZsArJ5fFxf7r7ePzx+6nSolxtNilEroSViYnWXg2m62wF4X2KIt0R9/vJd7099//XDg44dw4lV3h2wK+GlS6jO3g5DDVBFaKNFeB6/3j32COX/+6/9ArxOScpsLnfHx6Epn8jLjJBqXcbOTATDqRvsnGdPIYHrGKv1aDyqjxnJCkWLvPQAy+xZRxbNY7BxOT3iOyeY3KS+3XJrzhnhcQ2Y/Y15hQmLmTdbZMJ2RpcAtGOhUGULN2fxGbOPEzmQ1yS5mlG68n7FW5RyThP9jiUemXp97OkbfdpUrFnmHPXl3s88vHx9+uKdVm+fadxi24fGxIQkD/J0GlsCXL8IeAp7arWWDn7yKn2lzPtObIPrbVidxfnBvCL1/O7NU+xvuhXm/U5+5a3h00ljXTK7O8+8JtOM0i1SRPU6fJRmIceDHM9PgEjx/qMaKV+VIqML/J7StFftBB3GOTSRJMydos7gRTRBDr80ZpbKZAcF6VG18akmvaD6HBEA0294+tuyckKiqUhbf8M9kZNU7dUFUqfjLYOODDAO5+xmYvsDTRp5lhp3epJ3EqBjBsbYd/BGVorFaPSXRRcE+YNimMSlxS754M5oA4VI6uzGXCdHMR2/62gZm9hRc4SmI2XaExKbdbVkGuFbt71A4TyL9hCsx68uisMinsgmeaVxXLvjGvSkMvQsQ5UWrqas5RJy5J6aVGTQMfwA4LwtGfAT55IjS9frHVEZcZl4TEsGo2AmiJCVGEsSfRRxeyDPCeVBO4xJHFs+pn6DWsTzNkEVfLiHDtJXPLtTt3po0liHPJlweSkMEpHj+wMVmPow/ha1A3gIkFda4qSplLqR0UvmIYdpuEsu8CZiAa69uqWMToil3emqH5uAUjAbVskg/Yj8pGwbxqkd4FQ6ep8ExMeKiC/uw0XgtwVmAVu0Ilxj5MaeOoIToN4Ujl9LynJuRbbNEg4c8kjCOjun9dKC80ToEq13xSJGTRzPi8JL3W5wpuvh6eV9HHcPiehQFm2X+d3Kfn1799QzQA2/oXp97orC3cOHtBlMn559lS6cjYxdbujxhMs1U71YXdgPph27D1RsAucvfMvCxVPkWak/a1mfa7/K1c/3l7jUcMq1iA66JOQXJHPaUXFotM8bpBy6Kkhf15zYkWRg2ywuOusGOQRPwRmOYwSA7VYfzcYXcE98pnD42QZMbW1nm80GwgtWTUBf+HGhBmJo7U6R1eU1sGr++qU31nVoK5vv7x4fvv9QbB9+9t3j432Xke872oX/69N3Hx+ak5SiPZ7en/nYcy97kQobPQdjuIukHVYcrAlYzvj+wAlJqE5lV5qkUt8K6QU0Lz/ePT+XNSVtz71kTOHLop7Q6IL221/90J37JHfM7RKbUX6OaNUAx0E8eACwfEEUFh6zNl9i444PJW2w09TfBI3sYkpM4pBujYRjj3tT115CGQnkYlxze9m0QnZGQZquWN2MHWlichpIFCwSER4z2aDajfrhDUBOCAzlfa82icuSfGvm6RqczlPsHh+ePvysH7C974eIegA50Wk7h7VcPgytmhI5FeOCuYEWPgtHAtdnH958fvty//D88fG9IbbkGSYk0cbXDHQn65LaaL2JaDOnry/f333+eP/m89NzT3Sls2fvuWzTsG41MGGXkF/uXj687ybFl6ZlDQRafLMExsqcNLcsW+di+5aSblArRuS/XSVcXM/3zcYSJD+6/aGi857Xuy7bni+MROf0IGX4EyArsvztY3OL1eebKy2gj/cj6msAACAASURBVMbj49Ev5pkjrmIidDnozZsPXYN+/fHd0x/43ucyFKL8honVG7LyHDgELjXa6A52iuDd535H9sPP7z/+RnPCsr6vLeSgB9PKoze2bDTmZoH7Bilucon2iD2HU0bxi0zKNSndxrxyY0oHQ1zXn/6fwIAFQkLUsyZB8sQqBIJ+uetcIztOUZmUa6lICtsIy2M5uc4zHJQdS9UfWEjzIrAJwX5xE3pqaou/dv3Mjpw25EFbekGeVZ4w45XYzPhlW2R9JcO49fDoNlkG9xPXrxvf/HwIn4AhHXkohe0MUvJ2el1DiiIo2A7x+jhg+d5X2DZWSp0AdBerOygHT/PUR2DLoN0j7bJFWMy/Xp9CnbyuhBuIElkm5XOOAcJmhsNVwQRCHFl7HXNz0Q2mLWSBzykbZ6siIJnY6TjYSUgSeyMkIUJ3nxS4bSyqeWHV7fRBYCM3cH+LFo8t/bBXtMjGkQtTEKaHWVC2kBOoiW/PDsljmSrf0CALBJhWBKkSx69W5U2j4PNidcgxheImU8jI2LK2SkcU1VcbnpMJt5p5PR1409THsw4DtDr1mUHtVpDVkF2ncAyuZqIjXgHTzAgVStUHRlxMo+pgumGt5qZ3xPjGghnoEZ7NZK9+K6w/EdspNFK4haYFgTZNo12vqjgnZ92cd6ABFk8SwD6iZy7Gix2evMJrOQOySW11+eHCOlCX/TUuGwMD2rguP+DGsW4K8TfAFy1vz6TEV0ZeTy5/KrVX+DZzUB5ivTh57Y0gjkVY38MykDv/quIb3ZVBNTLcYhtOSaak6ix8qpRBV4XRYmKr6IMz7MeOqQB7xFz2k4qLVBx0pwmWMxdpYmblUm4yD7hZJ3WPOankHvvJELrxbyM+skHNDJuOEBjbrpphD2BjaSdxyTRncCGpA1U8je2GHI6oCzZQCdEWzc1tXr/0AGQDQbPDpHSY6ljQoNDUpGlet0ib8N/ti3nc2ej47t5o5+gWMMOA4X3DAdfMWBENMm3alzrgM/pMQSWPMXtG1TI3Rx5BseXM1u1UkbvWHQjMKccDZ9PeNLY2jl15g0X9PjElo92brjgJT/d0ap86wCNyBcjhNVW8QSH1RJPBhUDNnxtaqqwir2tuW1utU9rWkYEqolWTMDgEjVTTUY3C9KKjYoXtICXdvZf7t69PzY4O3p6Avf/06fXrz3u8vu+G9lOvb378/Plzz7Q+9nXErw/3j93ZToypRyGr0NPi3s8TsJneVBFoei7wsU3XLBUKPuzycPeHHmTRBprwJCGFz6+vTfA8Mt7hySMonJosRvXqGO/VcHR+05sp3z18lzR6zyy2C7idMux2UrounlI3ou2FglPEjOe3q7Acazuy48ywyL6y/cqlAOvzbEpCf3OgvCPIsigfoYtSxRSdMItafWE//xnegUvCZJtHxO3getXPd1RxXAvuPYTjlMFxHn2fJurNdR6Lw10z/TblwEvfnf767jEHv3zuYqeLi82El9swZHvcPGYziEnXoZdOXXVA2v7L5+f7Dx8e7j+8fc5sV/JNSFt0/QmBi9GLZ7I6UwMO7LDVUXuDU20PoTtWmOaUhAd7IXv69NysTcd1H6l5cI8b1e5Mh08HepzUMngp0OZ8f2i1QkGd9fHmoso0XuqrDs+J7rmMrkz0V2Y1LnmoYWAdLGLOG/tawb0Htbk8GEsQPABOVIrPsKTrpRdFm8KZ5c3hFbqq8e6Nj6elBgGMLhvzdgKiBpuKuI2bdlPJaWGWZW3cJhFNPzT22ilLfcRMLuc0Fs3FZqcJJiow5x5WHssF8a6BerEaEd1VX/ffjOjDH2HVr66dl4QxlEbrLXg5gijjxtgP9NaCRCwHAND/zBM3KYF6pfj6bGA2qDc/RjsyQxxuon3SGAIyR0NDcamnuCwUpolGGvuEV3KBQdih5PyWSSiZCctnjSPtpLD49+XyvmAksh4WstnAzuUABCRBBzxmhzeI8i2nKxu6ApZbJUaHtvsdjuKJJirnfXGVTU3/DW8eOtphj4YGLZb3A3tiAZza1g20d+4wDHwapFytjEHVPvt8oi1pKsZ5CAqF6kjhQ6vYTg3zpAQ2dI13ZuROTuS6HNhJLy8uKkluYXM+VY4rFDcF1KxGLXntoErgytj3ST8NSSErroChvdoPfhKQZw83R9pqjOgTmO07Xi6+VSBDSA4beYBUMCjahnOiHc0Rj4G45GG224ngzm8rEzAC3Wi4J25kYyC1ZbVLlTBAUXdkNL3JTdUhBI3U9sI9PsN9ZKOawggSPb98g3gkTdGYSWkh4WxOwY6uqZnG45B2Ll0KF6uqkd2a8A7F6m9NhOzDGrxGoVnOAKE9tUeFPQGPSGkixw1NXEbKb46WoYfkiIX78EQ8g6vnS/9MMSatLHvwQsrdsjnW4TroWqeqPhZsaUIyLSJN2jfFjfQ7vXcpTbtBlEV61iqokf31xMaoywlBpzkxjBCrLXOW2sVoOhisbcSzLihVXkvEF4VOkFUUnDY0PxEqTzxJa0J22AMxxzD2ppoMbkzqxRexeN2QxMrKLLCJ8wJqOnt8cZDMG2u7lB3Jg5CwoZ39IpAQftFo5yyIzJMWCSodW5v8P/eH5827vhc3Umb0Fb9987eoDV/zjp5matLWu2Uaqrpe01Cqe84bRswZaDfm4Wki1R0EWbiQBadpEPRnunbzAVjV5aPMmzymMYPMS6yKysmwrn3/KbJtnec2HOVHgFLaIE9EZVeaeMFDDoc5aYOtfZ4/GNa4hsQSGjdC3PRKskGoLklzFsBnV6qim98nWUfQhqJC4u1dma1oaXuIEdQ4bA7DO1A0KjmuNdY6SI4hSHPg19ePHx/6VP/0uQeDeiLj4ecfP372bPO7Bw+2ckvHrC6/n8usj48d6RJsYnadSST5eGnwctW12wS9b5dWyb4Bb27b1bB+kSnAemESwuXbcw7BXOPxpKZw/NB1VReVTSmivI6/x5f4d/grFyaLUUXHer2e3+1tfQK+owKcAIVmW3yg2d8UBNMJ2JJkzubR+OI4Im8EiVmIHbQDiaSFIYJV/kqWqQ1arUOUDMqwLpQMj7SdogN+tOvGkwfrLj66qbdqF86j0n/MDzqq9wWbd6+f+0JOp1FcP48Mc2qiDU+bkJxG59nUTSX5wXrpW6hNi957LP71GQTH6iaL6MQpOtpNhooGAY2iumWJqEsmvK8P1LvbJg8dJJ33O02L+8EXftdCcZIStNiZoBLeGiaq26l0PCqFeQeE4zQE8Z66/F+uMCHWDhHv0iNjXXQNXkp8uiNcVpoKNtw4oWwGXI0rHa7bDtERTszBMaETGyQWOXk9+NqEMO8Y17Iq9VRyvj6R2Se+agf+uLGGhCKeldp0xqMolPmw74/uOw9gu8SdPhwplleGz7knR2Y4YRtPkhdpODqBLomrBsU5GdcXfrfQqCKvG2nsidWQMAl2UzgK4wIfLGFTYlCdfmtawUmtTX9R7uQB9sX0VotE2YZ4HCbnqyngRv4T0xortISresT0tw4JiMCgSda8uRK4tc0T+bn2V0eg3OT01d2SXFMKG1gKw7GNBMoMKS0Jz0xt1AdpeiqudZTuJaEoaRJTAJImrD0gtPNMvLRm3OYUI8onnaF0ePMoXWbshJGK7BPHwT4mpgn24RqMUttOSrIAPsY5QRStFI9XR0qwDQtm1kCPlQ/Qag37bKc5vRBcKisxdBJIm9WrQXGThio9kos/iOUGsi+yyah8KqKrQpPeMp7KGtWF/2Id0arm9MzMnhHGvGGHKSr4aUxKU6Z6bQqKAsS5q01OENuxxLo0UZ5LWh8IEYTQ55iGwpJg5jGzmEo/fjJYEca6VRF9kSNQR2Ib/7fWm1LJpe7wHKGEpYO4U40N7mPmaWH5ltVfFDc5QzIBh6T6/HDoD4ox/+S0A32+mWpALk+xC6CbsryU8afxhr62ihzQP034uYaQtBxtZ+8al1CuBSXZh+bIvSkf7doNJtVSQPwplW+JqGmV8v5IOWk+srxOOsAZsfZjyvYGs+ppFdLzJ1LHwrFVz1MbKLdN3tF45JE/B23IIeLsHhoc5NfJjL8LxME/izWCgadPhS1cfozE7x8dMWfvJ9LDPMTzTsRCcXgOL/8cE255RdtEWvlgqE7lpWU+0aLOcvrLRpb2osKjccfhPbpryGwi15l1xhpKdZj6UaNu38pqynwOgkl1pGnC53JIvzTU/p1hE6yclKyyxxWfbN6t4yaDTYaAoLBVm40264wd3XXV47IuAbmn3W4qbktwuWXMU0EDQwvH5XY1TLqWsji7psigU0qcgxA+kuoFyzfj1rj0iokkIEZUNByGS/JFIOIdLrR1sM0Y4NFe+gHZFAUBaVVUGEWrq3Q21rN8x9DJIHiFw1bx1HCoBjHEsgEwza5OnWevi8LjXT9YmbXh+9nP3//sN757+/Dm4ePD44f3nQZ8+vzU09EPj49Pz90s8GhKyJvK36CR+9o0MaHzqwDntxQHZYbKzXTvXoE0ySzTzuhne0QdT1m7S8nJaRTugd2eGDsSzXPkzRGYa3YW0N38ROwQczy73cFI8HzI9sE6PuWaIFbDJTa2lhM0pVsNbFADNfSYsBJ1BXkkt/BpLdSFcNVJ6sQmesZKps6OYpZIE7zYJtMEEQ3FXJoI8vWCZaOJRvZ22EXQPDVxrE6t/tTjM/uZXqdNexzEteLmcs3rmmd0RyTXikJ9CrRdEfV4VZyDmzyhWIRSnN7Y65RNg0WolyqGELhgQBIlR9T3GHCsc2PweKEL/kZMWRbA+Y0eZjW/5hzNNKwn8Bc7M8Q9n/RcS3UWa75YYTVdYL2ooMPKaxcZO+xWl4UQbgpuDAbekLSbHELDCu3r79lkX1ghNV530lmiNwQNPecTXXOF6gw+nWpQWGxGU1VvZZhjuGOG8WFDmCtQOM9fgtgA/KngSq4/0lnDiz0HGl+gA7G5L2OLzriXBM3kA3BNEdPD8fJkeeZiRWzKopZ6NjTXDXx20HZ1HnSJWmsaa2gRtaoH0xF3+Dg3MGepasMYc/xzECf+tBvWCRmHhhWqZOshC7Io1hTs5qYVU3yMLK5lIVh4W7bO4hx+3BuaCV3NSMAUbg687+aJpUcJ9y0WHjAtJ5Anj3Pom/xhmoNydD1X70qUn8O478p9nSZtolhMOpF1bjZtTiNfXrzgJ39WQ2XHw04nfUNHdoTM/MmhrxeD1i3rtW50yrq+9p2OWhItWWZFCJca6vqTqZQztnVVEnau4QcG1yxrh9BawuziJ54qDtIU1MYBPtXKTco4l7lo9QjyV1HdAjutlapUf9KVMAvOCQViNa3wk9rdy6SKoj0pDAvGQMyaacXhw6zkRWGlbhIrtz0JdQmcjsRyxVoxjcPGgtB/nDRVcew+TSNpxeV0xD0+1GvDehW3zzVocu1t/6fmi5htiJLgvyV8Q3AjhSYsPxGMakBlf2hgbmEORCgPzbdtu9kjalsac6I6f5cRuA7j9N1kHlATR/xhO0LaLxFLBUmBafI2nkXQ/oa5GxKyB06yJP2KZNU3zcynIpk8QMm1IqPiqSzKNX8by2uaMbBFss6e4nrRcpxLNLRJQj2njQkkPRJ+mJJO7dIohrwqlfrPMC6Ofjk4ZzgyqjuhjTOR7S9faBMM7UlsVU1li72rSfJHlCFDcqOYYVxT04hRWYizIVpOTz8KAzj6Sb9RfUtQWCLGc4NhbGHmnHLEp20aatnVwEvWCOGbeBTTmlUOH4lmkHGg3YoHWoBU1cKIXATwsdrwtOG64W79YQdNrjQAtnn7+P4x9ufPHmEti5ofkh9FS/qiONY2AcmwL90c3dVlMW/QkNsLeScUxU0aliVODwwoPV1QZWkRIrLC5jqo7cCsjp6SJo5RyKWKLJm75saUtBMfK1eaicsGlWLEMcdshHPUOe4dd0zO/MOoxY+fx3SCebHXdGonl0vbVzXFSpzaX0rwZ7H4mo5caa2fsKb/g6m171mP41RN6BE4yQTyBqLpX8Lt0fnmXNoiMwvy9bTc+2ie38Snr2u/79tsX1/ePf3Y0aqL/251fHjfF4J/1Yt4Hh7uC0o2dHB8enl+aL/zh2LSNcZkghnOxPJp996LRUsgBGpY5tLN6gMwUZLN7CT2pHRTqHsPIe9QmRvuUtQxVciRR1Xnf+1ukhmnmNcU575NyWSeTZ+YH3/x5vwGxJx6Bho4RDXIRI9xvKq3zEV02isa8NOgZ2jDTY2ozcSyrl5lMF2HwqBvtomgnLxKvpvrYjXk5F31hA7ispcOM9mmWj1D9/mTmy49yuJytZNttm8uS3U+605JEAgFlT+T9c2OCmdsV5fSZVZ07Z2hc8Q1uGzPJaZkrAK9f19xgir7sLKD/YntTP9cat9osj4Mcy51nm/o4JkNX/D5v/xLzs2dA7rV3DqfneDyW5qQ9mVOrp6IQLbDwInDqpDfX3ua3vdn370+e5Ft5CX1nsyJYAmatI4IogHOSYayLxkRM44yotst17KAWyNdigqtE6NOKLAgqgHH7I6PcOVK5mdHZrWUkUvyqk9uaLiqh2X0zf0LRCciZXsnAhE0JCfyXV+Hv/OGpgffIu9ZsGR2c80ICJcBeB4vUMwLxbKRwoQYd3fkzNrOoU9U/OgYor52I4Zn2K+ANfpj5PHA1IWf5/uvsg4YeiuZHr0VRQ5BqFpQFD0Dt21SD4P6eYMWRyMTRirngdqAoJ8uYhO4iHL3BvfqBHJHBJLoTHWWdZvpoZsgTR7sdIUoHhOGHUfA4S4AFliQiEpW+o2He5CHJ0twtLlXQDvKhKErKC++hcQRnjzk9npqJwXZ2nlUvbTrF2TFdre37va1YM9cpodbT3B2OpzsMwBEm/5UWNAF6HifV+M8N5jmDjXBdZdvyQkzZ8Wf6AJxxEjdqkt0+wJ0rFYX36m7OjTzDBl0aYuFJOaUOTkg0BV5cfgovulRb/+bYmPKiR5q5rZsQLrE2OfcPtpQJeEb/2oHEGGIWqE50TrkoWTsAMFcaoxwBkeMZ5SXJUjYlRRN1fY3HadyePLfRTFeO9j44gjDbHcWIe0DWbV8j8huy1GA4Dr8DFCUeC/b2sQ2DpWUj/sSj3fyW1FhjzjuVVEutkiaegDOMYM0Qfyjy4VXRX9x8lJ0UzpluFUVbUIrlDUTgW8Stxqbdokk9VchagmAPEEXhosb//UF1IMnOjnGp/uv3fh88NFNuJXp7rpnxLLK4eSYy8fyXEYasytEzaeTMmMSO8TWdapWcA0vsspGyimqMmvzCXsmjptatJ64wce81beOZRQEkYkY9QEwxsr9oVVJ9xonFq1+ajAnbOoJiewsU4aBlVXRQQY8liQetcGiYVVKh4yyiqflBvLAqBoNBASevcoE7dpZjblL69ClaF5x2LhZvV56dODCHENDZhdbXDPb3KWjb1dw3BDvwFSgKO1wBrfruxtOXHh6vevp245kz5T6QiZHRWT64i6Cwxlz05N+1+XePXTly9xHYMOJfMPcsd9bzPHzQJHtGBfn5okZkhnMv7KhMn8mRaYRo0FmYD+e3RruyYujj4y1sFWE2kvmqm6r9uCdnOoEziFo5mmZ+2it9E36Do4kVLvJcJS+f8RI0RhCQuKgHMREIbdwGxNWoe78B0LEcmjUiU2LiWTKX/xsTnQe0AX17Xff9QrEu6d+zqjfh3r2LqC7h4eP33385a9+0XyKjMUypb0QL7eFqW91NGy4BGY6ohv53md9tx9fmhsH9qRErl1frCefHMutyQpmtuRK3kyBH7Eq0KF6fjLONN1dDgWQ4a1cQdvh6ESFZ+iK8iZPmDhEk287nP25J9L24oRmLjueuhymRkVI+As6cbbCl9uuSACtdZTLHt01B9/3SncM/O6p7A6guaUap7K4mzwIXV0ke8EZHtKwFYy85E9MXI3sW9E9Df7du/fv795nvAmIy/IT7Qg9M/l0X22VzNUV5iTT2DKYkeX5ULR7JjGJT2Gui9J4vpYo4tHhWvXNWHeLnObbnTRF1Sy5lnhnYbsbz0KlkTYbGTxe3qs2vRxp4L2w5Qis1yBT2aLqlI4dqWwCpZGQyK/GcZV6ukqfZrlh5/kvTh8bgNx+yee+QTxvmdGAGEXji6Rud2YlV8NGAWgQiq1qivkBYSQbc5yVAhopp4B2rW4cKrH4YBn6RRrMuSb5UZEkR2hbscZGO+9LkPg9wVMH6/eY+17O67uvD1+/PmZTL8pFVl95cDPJOOuswNJktLGPrK7EbGx3RpgLu8FT0KWqPtSIzbS7973p16jw9sfm7dWQ4BCVilmw1K9fQ5cNCUXBO7n0BJgd18L64kCeP4bvJgPzIOLDucqmoAhLggGGmAZ8xPTHJ+1e+1olLCOBZD/2E1se7Gr7vV+urpfkgN7OlJyePWtOHmg5eMQNK0ZickoD9I4z8SSQD5hLl6RSu0ePc3uXJyTbrjslz8WULnFxkZdvzcM6wODpa2898tbR0VNJ9abivsyEehdiZvcGr0QUm5leetQOx0xv1TKXrCH9BVHGDGUNyGKgVkME/JdErKHFfRxdqYgUoCVIvXsP0rJvYmb6uOKt72T6rCV72SJ0i36Cj7Ycl2gqhgBUhW/rnG9/ILeu61FW6Hkycdr5fSIwV4HkmNKuihaaDR6Hovgr9T/LLpViPFb1SrHFzh1I2z9Qx1zjqm21HpRIpF2M44n56G7TIicjzHhsmVCWoFv12vEbVKcfoBDI1jV+s6Y9CnD69yGwai2I+5ftw66e2hP6CvIzkiZD/NVfsghBvZVWNbYwkDUgl9zqDUrEHGxz+EiP+Ti3HExH7CVxBp/VJaPm6ZF1CkyxuSXp4Lc/52m4bK8EAC4FzpLEjRtqjuoJjCY6KTOncT+X51gXNNcaNSKCFHkkql20mmxVPHiI62xGOYhmMIGbGNSs+iBKCHkJZRedRLjOoDSepUCllmhpPSDmADiri5j0ddqLajEk4PTmCpEcp8XBtvUTYikyrBSosGkTzPPHW9O6w9KN5qoaa9ati3BrPFNZw/RNUiLnQGIGYXZFfVTNkU1lNvgIgQ5vIB+apX8T+16vgLdnB9yeNt10E9srf3wLz1A4ncWjtGuqp9t6ysBxaDcBGpQ6XEeZbwlFlRPamlQlavIYbrTqiJZAPAneONUALGlcXFVbgHaoYwYWYZZcNd2cPN4cqxeH3fswkxlFH9FPXLKPOBRUsSIz+z+k1smNBV2fmq7MHQE3Hc411zS7o7l6HVnyovXhP/ryUrv9Vz8FcU66VUIn06CJxGpqyDi725zkbyLd9xRPiA9IScTT5f+uZ/bsd18ENEtp1tFXfu/uPrqw9frlUycGHz9+9/z0iY89PVRWHl/m3L67+/yuh4iamzmR4PxeX1hYHegSfbwV8CzYYM/2VKc+7oOTcZU6CGdoksuZ5jpVOWIV8sT2jcgOo5LA9LpDOjqHMCKm5fij2qUz93Mpp4xi20PNbhB4Vs4LJe4DFyN/k1qrHDYHQyLC/Z82fLMvhrHG4RsNUbvaXD5LXZMbB7tIJGb9pqKO0LcuJ23fgh3UnAZfU5dOZe7fE9LUOyonxo8ferng65fPxPuRKGQYjpD2Uy7fr4LwSDNuXrdePiIbXfmu1zDAyOivQXomb2bFe1w3C2Vhk5tNBVmvgWt4kUAet+X6hS/Rl3OqnZj4pwDZfFG3DPs5lAetVBl/OYHFotNdBwQsB5HTo5aIYVghV5J67S+m59H5xpVOI838XYoujocshDKvp9jk/oGnJoOW3qiYVAy67O6YBGlVNWy4SZO4tzCqT7lRxUaayHY4MfgN3ZoOc3TEzP9kIdmAzja5Q289bg5SljcbEVq7023U7E7Y56axbz88Pr6f4s6WW0qsrnyIYqc8WZXt1M2DLBchuSxGpVP/bRfDkhRpZxe1Pby7/1DKKde4dOB3Jejc0Gk/TDN7xq+xtssCqnilBQ4kmG8SVOtC0iMhjfLd8JOCyY0GYIq063G8Z9eSGDZAMh+5NKQf7cJGQxLvdIRwOJDJdmojhh0VXt72Wn4GdK+MAQkLbL5wNr2O4gSaSJeQjDSNYYXetY34+ymxt/eP1XQQ+trX43t31Uu/ZvlQh3x9efYIEIRGuBhd/6rnskplIWho7VsJu0TBuDRAxZQhgTLHRm2UmLlR3aYm6yjzB4pxRMeVEe0ywzy2KDF5QUuIYkRGAjvHreBl9FzN2e0TZIssR14qtqn6mLImR/zwok6mcipAOumkgiIiobPTPwurybXKmDEsBgeA/eoJVltoT6m99MSrsb/Tf4hAMHETOMuq81cDVNbjuinK58HSajkECrFBg0kxgmSDe0aqFaKTehQP4CoLwCJ8cB3R0agmaZRndXMH3glpi6CFLkztLVI3tqnCHaABO3r/Q/KOOUHXmw+DSMvr9tZ6YBC6KnUVNE4qAINxPHCcXQWK7GDZaFXdCG8I27ZwXhlHeyrEoYrjXaJVdJtKWFixCsLR2gqi1viz4aaDKuINqYuIHZXfFhxYotnAYZ//jsYxEziJbU+mAOYT26RP3dxH3eRDGZwZNHxTH152XVfIx56AiateD05x5FtmZtKSZ6A0EJzvw07dmKiAInwUKg44k46QdldH6SV1GqrN3pqOlraZjdJR2xH9YAkMQRHRMlcnOV0jnfrTopb+kKxvTb+9Yzw5s50isqHRjC+5hU6nMnj2TKTJtiG848lOTA0yI6/jd6i9vzf97Ery/XsIdmiLueh0ENhtWRdHgusill8v6ipJ4gOKxsScf/xabLMsdjb/a0SvlJqO5nc9l9LBoHG4sfkDqhlH2q1HGmCZYejgxZVbTSab4lotrxFASX0AbSzcp7QezuikxLJjJRFjbXUKVFWasyqQnYDCFcjteT47j41uhB0oCOTf0YYr3fH628GhAl+foBzvyzKmbklwkuyl6qoz62jplnX1haeDosv5GcULbRNgetTxPR35vDBG01eBSFMIwAAAIABJREFUv3x56XGDz5+eexzn9ctzT8I68r1+fbwvDH4j7LWfTc37ry8Pd/ef+6rAu8d5u6mTy/+gy09vuWDBcQVU7KdQYRsHh6Y4zT92ZPQwS99l7Zfj7jz64MhRTB+9pyT3Pby/exu2SW/jayQLDiVC1MKFkzwd89m34536Pkz2Ng++46uqzqq1jPZyDgduErDkc6t29bgdy9pB0Lhg1+blzVMG96y5OXrZfPphXNG9fdcEYLgKXH2j2DZb8MiDQh0gdmca3Tx5qHd4wiR+P85i+/T0lKcfM70nuDohKGhXl5V/7c3ShM28XzeIMw52bq8kr6My+YDMMX1eyIZ5QlVyrgOvHu7qaQGtkggawmxyop8z7dhZ+/Hhcj6+ne3Mhetj0aJPuQXkEVYGZ7wDuJSuEeotNMZptROAGgbiJhAtcLLqzOTJ7mmpdBSaJBforJ2XSJKRJoeYCCkCCzL7M3jmaDnLUEOTIL0NBe8zIRHxHzfOi+RVRwSG7RDDSaelohm6JADz0F6ZNKVJI5hDsmj32sSqc7YvX/7w6e1f+UWPxBXzr/d1xB4T0sFYWAKlr1PnENaDyr424YgV9oJl0O120nNT0b7fv4l+UX02C+6G3cuXbjH9lT/oyweebNmowehMqSxSObMNZRPIP0z1z9JWNbfXJ6JYskaum8fKJ4+tlS0NK1mvT/NhaYJUf14qcc4J7txJ75KHXBk1JGj5yIB1jh6NGE3MX3qR6t1r1wJ9VaQTi0FyhsP054e7L51VJzyH7PnBPFO5vtfJdHoeenV/l/JfnxttOo3oR56BrOYpd2dDNze/fn7uDskbN0mfu7/08GOvRyiYddY9Jfn16c2H9x3e8l45UjiM2lnUOzE6Khpbe8PBa2cLe+BK0HiNNacrCnP3xJ1r92IsN3Z4jq3iiAx9f0WCw8acZ/JrnEtKZBGOh/rlGaedhDrjKwmJIXnEtu1l7VyssYbyB1PiBbZCUluDWuOyau3rulXlpBrBQNYuusk6atYFwNTWelQo7fSpQ3a7AXSwq7kEVBMNSdVAcuRWcS3tM3uOOsxqxj7S2ugaLnorcQvuCrMVvX21SAdhZQq/NURrZ/jKLkzYxnEV7BBfk/xLVivxJVOTtVHJDlAjr8Ke5dooQXk0qMZxYK400mt0TcogX83fhByjohRbIWsdLkG47Cqe0wDwxviBqrHc0QDfAU6KIjdO2fiqo5sbcc66WlVW1VryAD7eyFZGgApRIxt419iCcHxWBz4mDHPqZCe2Px8+rqvVGey0EO8fwq1QnspDUXljN3ZHOgZWXDofro03eDAkhyfA3gq7lv1dNIMznyAfn5ZrWlJFy83c7UQ0O66jXgCjvxal9RQWGEQWKB1fQs1/UUNkWJZZkfOgG91z2sp5JQAile/OMKS4fEkiofMQq9qNehoOiB1IDd5yvIXlWVOCNISHAbSAGeXqtFpI69dVvEr+8bW3SPZymC4tvTw1XTOeN3Fsnv/w/uvjQ5zv7h8f45yP5lR9P5BBkHe8kYZklqe093ltsl/96/PTj429BprWIfe+mNF147uvQb70ovrvPvz86dOv7ntkwqMtDu07YF8eD+fSNwfwabtHwzJpewx0mBfnUXPCoYMmSGdcz7n2q+k/MIBytooZx4LitANBranzjPak24LPUuxtar9cS1qNpTWRVdJAQX8y3ViRMEFXmS9IjXRwTRSSSLXArLdfg26yusbO/KR1mCNVfvU9jaYNvbmpSWZPqzbN6Op7D+I//egnbpLmEPfy+vjw7m/+rT/6/V/+8PPvftbFNO+1eP7cWUCT9s+fPjdTb4Ib4R//2/9E8Dq2dUcHYlhKL7OUSmaL52BvBhlNZuSNMqtN2fT6+NGVs8f7h/veRB8wvx3x4B1+d/fPX56aATeLvrt/XPrnCgfyjSB59yR3WtIDdKYZ3IAwoW+Vxfzk+IoqRVvSvG2OZS6vDfN413T6Hu4pjvAWu5MnRbyLszH3WtV7T21kzpn8pAWIDuW997ZH0nNDp08uWIavL8cssgWoOweyJUc3O1MO5emvZ6bqe/avf/j5+68vPaxRA4DZeNKCm+WSrp8xcn5ZwV729B+BXjZ1XN/E56o9JGIgJZMocTKkHacpCfJsX0LnU4LkFg9mlxHFrRrRo2eZf4xbZRSTr41AnMMie9dSHWdNxkyg5rbAg2ytKuvSupViKwJ47ZRGaC6kl2DiiPmhHegiUCUdx9nocIkzuAVNCBwKEhuFKEeZ3+Ilyj615dyUbshK5kavyw4q5gxbhp0oXZar7MOokSWSTHhwfTO8VjXnobZ00Z2v7+/+/N94+2//zi+T8fX5c09PNjutm9V5uqBbb2lKWm/pfb2JlAvuQO06g2CmpNshr7/6xY+9R1cyhCyCAHBXZ5+89HT/4e7h/fB4s+XkBEtuzHTXzkEVPqDAGvRAKmTxBbbDUcONizJeuz/S3Nu3hXq3wEs/1QtBnXLfl7nvSSaOqsKlIAeVZLFhzl+mLy4E5ftapk2w21lqBiq+u7/yRy9di3jucS8H98YyT+w86JOdDn59efv9D12n6OgUTjcCFvNGF6Vg/m2/8eZP/+Znd53fdqcl3xaBrnlkvruTb15++K2fv374o0a/XtDao0X3Ty+vvTA3/UZrZ8rvfv+X/f5AGHc0Plb0QyoeGeo3uV++/Knvn/5kv9SdcXd74LX7ApzfXYTqSqSPv/r63X/wi64Z9o2BwrMvP/FDI0LZJlLi1qf/0rVcJbzmrpeUutkRHShH9TKUF4OHFVc+I7EPb3L1imS2qDoVZ3S8km+0raRRjPqJrp6kdmmdTFmBueUkx4KWPn3miEjf+iBZ6A51G0PebZmKsppcIG+UCY+brow0iBEQjsOpS205HMMYXXt9WmqNwsyl0qSoxzUzMOPMoqMVz3Ej3gGZIKxH5JGb+fP5pNXmz5DRpiXDFfXhimfEQXLGhQhG1QrBBKpg6TnEXwSRXY3wEXzkbsMnF29Soou3AnMvMgqrJCwoG9AmGAHra6nSGBiRETJe+sz3DA/KWUnCJbwqKubS+WzF2pFM72EbjkEe+fgPEWc0JSJnPEeK/L3U0zxEzQvKhilLMjAbwgNZDkKVDAkGWo1orFa13d0mPNW1sxGhHlXysH7pEM9iq1lEx0CtekxV0LGDytJIRGuoddQYI53mCnPrOM4sJ07MpCBsibmFEQvViZcqZlgZSOy30DMFBExqYipWnxscuk7I9JAcV+BaGrsbgXfdHNcldcf+a3dHnUAdRLzcALwrE1MIbI2EHvYSbdTHazNpsJvfP979//793/+N3/zyh7/vF09CUz51NIpy0L6+/+7d7/zNXzWk7iHxjDGUJ75LV8E3B2zcrcblrTddUtE2Qx1w33z9/OOP//Dfd/eP/2d/9uPTy93bn/UluMay0HRJ1DD99s3Hxy//8p/93f/j//337j78RicdruykicsZlQHHDnJ5hkk8ODurEsyaal6HDlUGjCeK8mHeH8BC0s+5Jw34+budukr2rg+3adKUvKNbhDWwBpNZuJSu9fR5Og1mpw/LvYQuWD/F7CRsnhglt+CyPlv5ONESMm1ZH9YkWnt0qkf+c7KLYbMJXM153rOpX970FE+z/3/+n/uL798/9uOsfcXw5dNT8wqPDPtpupe/+dd+55/4h37rv/8/+Lt++Qs3s50L8sBrLxHqclW/3tZvBvxbf+kP/tl/7t9+/I3/xLvHD0ntTT5NSkaWjDRnW0dbT8k2K5jRJruB7VplWfC7f/j6//izf7XfIujgmtbmNhnRs0jdZ+D+u69/4/d/ePP+424FzJdXXmYiDOVQLqFGCN3Gb08QWi0F857wctzIohSVOfKs8sgSQ5yxhnjD5ThGOXEbKfNjkgtzwqIsB59eHv/iX3h59+aDfNkDBR4XSGHPOXh3yPt/5w9/+QdPwW9WMqg9zb3MlA967Zff+b2/+flJHrX04IF4V/CFii5Nvt6///Lz3/o7CligmZL69fWGQ8kDMj/Hsp3EMP1kb7PBFJx8N7rts83YpH97WroK2fnh2y/rgRiWYvPGRDvYeLL+tlQaYDX0kheaPYSStKxpunWDNJpIWpaIIRQPeXEcTZoQHWjHDtSWcwegFmDJaHV6yuQHy3NRCzKxUZzJQa2WTRjU26cibuqUpnZYyPVfvqK7eMeBZ9WX0uPdyOcc3eksbVEa3jvJhXTnJVNF5GQG83TFtimOufhorWNCOC9Qb2cSGzZ++fqhe3EGqLcfDesxfnH6nqR3r+9efnzz23/bH//u/kNvwczMpa4W/qoHBf/uzR90Vk22vOu206IboJlVL/IC2JbSk4/rnWwITxSQHOgo1j5sgStDOgkxmiZPukTHWf4jJcN6FK4S9ZUFHaZzg7LEF4acwbjbQRO3wFfNerCRUW/JaAdKXkJWL/CQXcKA4sCHzrP/jb/1ndzsiKJLnCeqeqDOFYmm7W/ffPjNn9997Nu4vaHCPL3j00u/Q7l8+vHHz//xP/Hz/+Lf+8d+9Wkz6R2N6qndLujUPZoG/b/+Rz989zd+0e3IHGRa3zsuQtOZSy8devP6/ePjv/znfu/zj5mShqwo/dyY6DCYW3wJ4E98//U//Sfffn5t+u9mdUtfn7q7e9mZynPncL/36Tf+5g+d4z/pOPV8Jxp1x059P/XKhd4FEI45NSc1OOeRbr8G8vHuMQ2fXj4dd7eeF/kyNywE8l+oQoZoXUduVphv1fK8Og6tslw07FY5miuytZY9KBgfQwSbwYj/qqwFy3oJwVKtdokz7q1gLCHbv4ajvJ0rdWo57dogOttG/MwRerX44Yl5u91C8Z3sZneqhykXUDACqrZnd8WZcDQmZI1ovhFe2Y5a4/gjPxInoQbQRd61E3WS6iK+CVq3Q3TQNkSoobAKFtVjjtwj6+ijCNGkzebwRta6CC3RNnrOD9Ooj6QjsTmK7/lo7Ke5vnEZIjoz9PL8cejlyxEPD3wTd3wC0To33nWey9ZvUqM/Sgm/NA/6ZJ4KibiOPeOOlfIjWZecm0WX9lOfRKDJaDXAlJxYqk1SDQRNZuvRXqIBwJ/rYylvI6qASdO4K2IXDbVEH90ILrG1gErL5aJLy7Qv03Lzdib0kn2T39B7m9pPg2YownUUADDlttfC3sBcFRc4NTTInuiiWe+U8ROHxSJgU9FatzZIgjB1VixqZbltqyhK60sHy1pHUbUelzquae9nv/XH/qf/m999/l/81ea2M6NnTgxuZjKOD42Qb77/7uffff9bmwU6aRH+7Eyng9TO6ubOxaejfZdGxKCL0pulfv0H/p7v/5v/jT/95lNPfWTlnjXqKSAvGnKvu6eQ/ujHt//bf+nfvXvoYssHD6R8iwy0gVrQ59dVyL7tsdId6kxxzBC3lsyIDGMwoTzeIVSd+DNdLq5xlbOIr4k5akdLiF5JXkeMdXvXhdDD1TEKBmcSHEEoFUyYPpScA1zVzniI3MR/hIPYfNkN/M6IeudE7/TpjnN7/XKl/Xd3P/zyxx//6Ae/mrWjQjPRXSXc6YtnnptFf+lVdV2Q+rHLXB2vuwTWCdvLc8e5p+ef/Z2/9fCf/4f/5OdfpqFDZFw9g+DHooIT5p4y+pP/n+/+x//zf/u3H57eOMY+uMYWbXHOwCJsTsJ4puTpRMgcRkTz/c8//Ft/8/m/9U//uTfPzw893dDDtxnaRULOYHbJ2gzvuz/+HxMhTqlBWDrYNvcXhJDwCeHNJUa10DlS1BRL5DJWcetJTsPauXx41jgxyV8wwm0ychL2YhfJAx1fjU3T73/1w88KYM8PdHU/80s5EvqphCXD33r9+R9khEQcBMfWqD053LpZwB88/6IzgRP3DpKin+Znx5TC9+bNd65q9iV4p3cCXs7m+pSTmI0nE6QRe2PKJ7Ax/ZtV+d1T5ZGTfjMa2ao4bplpkKy2tbPzIwF94cqjhRQ9sY7mjjkdbEa1BkoKglSlP0FZs3lRpcWujQ4JaBYLDYjJD7jSllO89uslxxb2CdUAE60Yp86xHQzp3wSxLD6yFk0q2w1dvik8+mDUi/xJUo5DaqthgIbvigx3R9KivWFjfbKsayH8qJP5U9X+adHEu7GN9WiWlMcAuqIMzkCmBPGoaKqzfn333dfHOp5eVLo0urqb5M7svmPVc0H3H+8ePn7pJ8lSDzNGTu5B9o0uX3t+xdBZAp2pwfFGL1haLo02EKnWP2UmPGkMEyyMIq+hw6NorqHlgzWUpbMUfQU28GP8YKwjkKZCqHixBCZssnVad3hqHA9ZsE+YMJ13AZR+6S7vd1w6Zzn1ica9yMvTx8ePfZmJ18Km0/hJ4F6X25sLUlMm9xLqPNHI1vGpcxJ9yelHP6vXqw/e9hN1zbtNyLvK0ZjYL6L3krrsD/L9u+cvzz+8fv3Z+x6X7Kze04cpbaB87AHJt+8+9QPYuZ1HuiRRx2zQcv6nO5YZPYX1KQUvXqLWFZPPuwLTaf2Dh7f8JHa59OlzL2Tu3Mgxrxwzgrgbm/bC3u2dz93o7vJINxzLDtc8otuxIHt5kescZIqJmnY6hi6bBKORJt0uTqVR7XHTAhhEzj4fAeb5K3pL6wnEUKHGCGiTKFFntvE5i6m9FsTRprIeQlpycNM3ya1yUpk5vbXWeBEjW+Z8E5id1YFMGwTtpluPsQxQbaTb9a+17UCOKibbSUFyWNWMUK63nNoEkrSdDW+KVcxtKKuk7WKau84IgQ43WXAN0DefCdRe6OSq4ZGeyNiHeTytbq6CoP+rlQvp0L0KM0cwEqqa2iLPLUr0cg7uqAluFfHl0jZlzBmjqt2QNhKEmM72lCbwFI/oZLWbki0VV2L2T+N3CCi5POAwsQSJWP9BGVd8fRbc7c2GdeArmZjZGMcUSxyW3MBwKGqYT+LcTiR692VZLBCfAM8Z9GXPVJ8KsC0zbduV9eCDbhwDIFJHKW+kY3gk4uqPaEOrod61iOqDaqCocorpnD2cupqbXv21iyHHGwvTdQg4FiSKGRkzEYvSBuAjJJdOHFu64mHYKPM5KjBaeMSoc6xFNv24+aPW6qS6ehtctW41nSyoUIhP9Ynp8XVv8/nwW/fvexin25quxIlPJxptQNhgDH+QTIlIcWVnaslr6s2ARl1mBKBd/Rm2yBo2ewD9yw9vvCDepexehVd1RnkLc6PQ49d3P/QTRr2gOSOnW5J0SOB6znRMtJPiY11JOKsWoKQl7Bh4PHtZHHEIsN788K1bqen/OK7ClVLDz89HTcyyt2C0H7B+BTl83bk9g1VkDceop1bK8HFaTx+34YX4qCqytCbNIdChcFcc6Oxw8fCht/b30L7HbyLrdT1dnPIm6w4xDsE7BL59vedkTvcQTrIS1g7VHRCVOnJu3tqvN7vA9NQj/rvj3TOwjkhf33RBWq7EGGlxjP7+w+/+3uePH3/WgbHXL3YwlwH9JjRrTj8KI63FrxsDlVMdUfLjlp1v373/+R//2k/a6jNhK3l8AU8neO1qXZfgvGlKPFysTNJczICK7J3R6YvEbooRYVir+hpbn6yC59r9xnvEEC3MTIg+V6M8xCILBMnqHJkqQeGFto6uPbDTqqmGmYTzKAN2Tu1y7VOmmhZEngPj1Og4KAEfH7/vHGzAzXASPyf69eNum/iZ0dDoOHv2OeuLp8xCWmyHBl67xK6osJIC7LluBxDklbbhERYV0gBnHuVrDGVi7OmJuUVBJ66qSkeOSeAUhK371Nl8gUMftaA2GAgUanurSuevVY2ZmJHMaVFVgaP17QSAqglhvkit2VykvF63GcHsXhMhQXUdPCdIR97BSuxU2Ngb6dbtayKKiiS0z3WqdKkpQToxmo8ADQEZ57ouCnV0T+ikJuuix9B0NAfVqiwQbzrtBtfKzLVNnc25mENsZHWc6BsXpNnpswaBAJlJ4yrlCjgfxTNePf2yRgISn88QDwrvTH0rI+cGSN5a+0VEHMQ4+l/2YdvCBZOCeAfCpK+HHENkE09wFlOdR/DUAVXE+Dh6S3WtJ9lKolviqz5UxzndJETnTKzRar3B+6dLlizoWnsD3y5E+SbNQ+876tDxuWl3o0n3Rvuek/7U5Y6uGTTkDHQqq6NKFGNvFM2vL69d00DcJYr37wPRb5K/f3x06ePp+f2H949dstqo2OP+TOBBHbvNUKdKQ7Fyjezt2/fdGXB7wQ3axrmu5Qvclx5GehZqNybi5CcXWNz/6iQic3TQUPFTr2h2mC89uthmksFhNYjxwnuTwHvHkSfBePmgoqJW/2ITspXtV5BXo4y+z0J5mTOnT10rWqdwcsgSICrhE7FpP0plAq3Rto0IWf9MGttFTAwwpI9IwFeXA4rRZK+DXbYFDx0xRCAiswX6aVJuASDCsyFfVf/7oNjOTeukYFt9rkdB7k1bNlKbuAFIzFmOpOjyo8pIqLnyGM+qGTPbvvEBHsN6hsooBIJJ8c+ctkRWowotgjWuXpv6Va5wSnzFC7dGuyMNCzWVa55I1QVPbCodwpHeOGgnTXso0BnjM+ZbIE9WxO1ceGAjH+lMj6EoHM7EXGpLpp03TmoCp/T4ZBSXDcf0Yz7V3/Brb5ciqdUumOoqGI7Qrq7iT43zK8JDunUoJ+20KQrVzX90HzV1nFI9wbyIeF5pfTJDAz7qzhLNpXlcix9V32I+c9AeNEITJdnx6VahaEyZJVVKKpamZ4P+YZyTjwAdMSExCFHJgjWsLQeTTSPe9A3IVIvk6GeINKQI9+nVw2XfVLN8uX+/aYqOHMlUJ6wDjz5eydRgLmogG4Y2/GmsadMMJL5G8k4i3NwGJHUVXlz5KBmj6DlLD5S21wWOHjV5bvTcRa5i4zUNjntsI6pHZwmZ1+KKQu1sZfixv+3RP+uuOK0/sJYdlko41hWVlkg5XgZTQGiLdTV0MhiDFvzxaOKCXnivZdUDJFNaIjiSz2gyIVXHHfW8QfwiRbYDQew+3NHcsJniZvx5xq8sc52ZA8t6UmeGbBbh5XWmEMlwPtVlsqb7+cpN7+Tl0A6LPZPuZv2Hh7efn4JcenRtu3ODDoL3blDzUYewTmd6W0aHsK+fn/re8MPPfxaSl86Ac1Eqc5pnBJyu9E3fZNdbegnp/Oqi1Ap3ie9MoAtwObi7FhHznCNcoOYc6cGEmVt1g9ORoUFRREppWZ1h3LTVAiNy21/jidaiNBqqiN2WlNG2kpAADovaCltlFuv19vZb50uvy2+bFf3qcZcheqAt5i3LydJSAgxKtc0iMyF5OVyy5vMzS42MLfOc6HViIXObn+g+He6LezMC506DDYLFoTaMNFTFD2p3jMw0upjIPcFgE+I+7JrjUrmRoYuqubf6PI+uZSNM3EmNxFiyTsY1+yM8qhapNtVH/fzFlJkpRMcuuTdA26SqD0eM26acrY7ES1wKY0rqjeaKcxyHb0i1TwkHUraNOn8jFdMJsScZaecF3WUsNAzgMQswrp3VgjDM7CgAZ2AL5gVrBpM83IY+LokluJFsXanywa/AqXAycD1iXheDyxryghybMbrj6bGAGTjrIF0QNg7WhxoWNxoUu4KeI5ODu3UxlTyLJrir5HmRbgjaXGWRShPVc1v0aKOKfhsQvn3UMfas56fjan6SofgPR+s+7O3GRQZnzSRGGZ2myT0uST3SsXAYtnbJg3ZnfErKb3sfWSnqxllX9nuQTiDzyteHx/eOCT3X2GjoybwupbsLUOfZrbRUSe3u2nkGqZTrsZ93X99/fGxxnebr28+f+yJAJ1q998B30Zpq7yHFN83gg9MQueT41mEGMsVe+9kQ7FdN4qjck/om+13N6rcc7jrr8NLkrp0ELD9rDVPtDYO4HCBCGY8v4xhzPzUABz6ndJ2gHtoZSGKjCrQvDLTDlKqWQtrUyWTeO1uxnp85uuU4tm3h0MDLqsXDftSLxmGrSYc0NCsKMHrSFS0r1phS+dNnmg7H6oguiw39h54wbBtjVoXrJkq8r3JU9k46sy356QZ1uNrc4KxmgmtMQHTHCe1Q176+gaHPT1avCs2kdk4+nSP6CeAM3ortIz0mXEiPkMk+1sffH2I9IuOBqcwaKNZSAX/LrVRmbeFnYxbfj34uUMyGi0j8TGOEb/8MYBezmdtWpiKvPYm3j5z5yd/Ju1CguBxzSpPbaoYQDFw6qZ1pR6Lms8+vSZm5pC3qNc0XNSV/LMjHA+rUAs0pBjBq2E4SjTs21mbPZ+1ARaF5pYm+FKkcvrbE2G2TCpsrDc5+x+nZRajPydFBwIbvKFZw2WZHSe3krg8tSHaLTv39BvOwj+yGokF/BjOAbcdUDiaM24ZtOxor7BkV3dy4mgJmQ85mAqKac29pYUss1uX8t2BXl4hdNjg+AQJdatvOQ4Oy1vVm1IIy11Bb4DeiQlNXKU2buHdouu8hfBG8sjEIJjAOVQkApgGk9eWaU7jZ3/S9Wea+gNg8n6HNe4RcX0ynSyCm9Qb3buFW4+ftBSXFyW483dwxBaEa1mx2IGVWvJWi2/9Mg0eadUDaQYPpJwLhvXk1+jg4LySneX4myW0WGcCks9qOcsTKVCTWnpSoIzIdEAj2OSvrmhwGfn2Z11YRwW2bUPZFTk4fj4hmvRTp6MAqX99scWxyztExomIHuDB16AiIJwj6qrZDX6L6KnCzCNeSOuA1o/j03HP84tZV65cnQWlm+u7Nc+8i/NLNlrvHpvw7leT9joz3X/pKwOOH3lHeV4o/V9OhLIMSnt2dr+3FPn1joCMmfanNlk5YTPUKnKe56n99C/FxWVRU2VLkd+2sJ45SYxIsiNy2wxDT8+zN5beBA8WauLcoab/tn711Hg6cz5NiUtKqBa3xrcI3wUk4x8hLeTRslw4Vk21cNxguOxLUR4Ok4kFTPMfoqZuosVOTBP5oFtf1wdp1WdmSW88AEA0PH02gNa/ovCtSE/XEV8VTCsySj+qUOVzVAAAgAElEQVSvZbNIDjMrImWNaPvnvpKjHSWQIUifTndaZ8qI1x6JC8njZU1wRr3uPX9VO4tIn3l2j66bUiaDU+3ROtFGxP7w1zKubUlZb5q+tUb0azsrUzE7UjZxCPktHGi1X+KKFwQAIIF/R0fNWlqJ9jQcPK0R1yJr0U+iQjlwlqtqDMrFZ1zrce2FJAytwFz7kF36yif9nsDBkkDUHDfFfi3hqEWf+Q/B4Ozp2/wiCezQj+v8RdKZXNuDwrAaxc33in2KyDAqru2Ab/dbfYUZju4Gp6qK38ZA7TjwKFoyw+jPeXLKvuw/ssj035+6FVotx1RuGYE48V+mrvOYBR897pD1mIy+86Fv5nZ4aGR77R0+T02cG856GpInGsdc9U/vNRAr4Vo61IMbQN83vee35x7fD1fHtH4Yxa3Hrkv1GI5vMq+zCU9e7eTc+UAMjR7JSbqtIdXFGM9WUpptjZc9jelmbB29g1Wo+lWHd/32ylOGdPJWr87WWcQjC3CFMPiO3YeP7zvsdQoRlmDcwdkXpAzJXXVLE97Mxsmfx3PHfVm+GEooZJpPcZtVRu+Po4sOGJFuBLiE4TzcHWB2hLrkDGNCNS4cEzRiw+GkjvHomZKqD4hvaByP+I4ITRM3GoBoTsOsWKqtdOpGiw/16BIQBw1jVAlAy0mhmdnO6Gq6GM82bSNWeWyqUA2fKC0iUxCQHYVaH/FqW0an0LKm00puAg+RKl1TpBXRjdZOETz3A1HXjiSGRRHPluFAnVi5jZKY65AU1emTtd5kpDp1tSR35EfSykdmTZcR2Kd8VZdzp3qrqE7r9mI+HemmCZLDHvZFYvSEH+9GQJHWdZrIL/PbfJN5hsIx3aLLYqTtM5X044MqlbmDcO0nY6ZDK+L+XCdDe/Ctn9m7LQ1CZ8CmUXWb27ri2VuVFbS/RlCFmnKFiqiPplPWSPU+s732mEloW2RvKDqMQ3pJI6gF6SXVns8MidD0eprW/4/UmpcUGq6ecyMnLek/yWusmSFUbNxpu5oMiWkWAmeITmij3YEyXx8YJ5wmMZr9GRFtGmv7nKF6Ohsfh2hDKCAzfcZ3o6BPr6JvhOmK8LSntil2ZxVxoW1s7UGKBs9Pv+yqCB19RDUnHD/Mq9cMqiGoiFJSiahKFjtzQDVs13b1mHnsUKpNWiZ+Y4jp7LSZIKsJ2S6pp2G7Ij6Car05sYf0a9XzW7h63bk5lKtXGnziycEJynnWfN4/sa3YAUH01VxcAtKxJeImUbUWKBPlTgk6rHnLz+e+lptz241wXSAtHSXFxxkDUS6NdWe7Wyy82heCH977sjXVPRvriSIXsjtD6DeDX5+exRU+oYY2OpCdj8Hq5SJpNkUtb7zfxi2dTu+6mqUce1QXW3a0V7I5uDgWbEgT16WPGAsSLNzZJjKeOscqohJwPJjUFnGz4Y3xSIO5bE7LP8RxP3oN7fKm6tw3KZcEmg5RG3UDSzoUdsZUfe1JCXebVvHtA8ESIcu4uh6bjOYLO4PFf0loGwOgB/3AA3TFmzZLLu+5oFvKyNyLA6iLl5r+berD1V5Stz2GUFIS4DnY+b3ImeDzgW8dwkNlNSNjSlFqd0YnuCfGNc2MS1tsZK/PaShDpMpRAlLkCwBTB3ODuYY4R3DWFW9s3WEEE29rOI0Lp2rE5rUyxzjnf5UOZBUr63N4j3SUgyEWFY5WcqfhbKKukagaIFQ60RGUnxY8mlmz5fKXuuNgYvXNRXgw1g9VEr4lSFHrnusOVPMz1tZ50WCWCMkDSnXnWFXO1ToAUba11HXHvC4cVzFYhkMxNLDNkwV8YWgEIfx49fSFDT8R3TzHL3PwTU2wLMfeNs5hnbj6YzJrWku6LTBRyp6xzpzRrgETglrz5iV8PO1lkR43+xPg1WZoulCeFL5obHEhfSnckWJ53EQ8u/uCU0+RNVvv+9NF3uy5R+8TMhhGQnPyVs2o3768PBWXqJPWRRVnFC9PQY4xmp5H5LhuQSR538eYDH52E7NrJ92krtA1le4P9JCWg5bO0GOsbnD2vQPguxXgPCA1uaeH+l3cEMVILd3jztS9N7Xuw+ynrsH02E93AL54fxCZce61CPmq8weSeToXcijHC3F5XmH7BIvAonAsJ2Q9WdtCAg3ZMpF/xZyEaxXyDPUcL99flaMQ5jiqzI/7XsDFRta0JXAxOXDGrVsRrv0UBxDFtaR+2VMrgvlHYYvGsbNvSB0ZcUC99D22jC62If1GeyVeG+0puPROudpLUdWnROrBm03o08Za3JraHDyrG/FpSUIixiImrNAwsasdO+FShS0EHp/EJ4hAltPVnuZVgTwN03ViVYVj0OWrOcxeyw6jh+jAAokSEMhve+gZBgHLWWpnm+nfPsdGboBrG9VGrpW1SGcssiJz0icqGsa9HFQXxcqHZDQTPM4I3PbO2TczRp+2mxDdvj26aMJA6hSltL8+tLdNfQcr7lUPNJfEMFDQ1VYVKYRGMZIL8yqOMy6wWteIkkoqktNqKFxkwjWFp015YtsYeDkYrznQxDU6qd4gemQO6UQgTUA9tOuiUzP9hnYfGrYlM/8fwXrElnpfowcJB1By0zSIKOfhkdqbt1JC7HFnbOQfBav85qPcsZYoDOh4HDBP3XH2pWimRdAMbP6KMqTTOsd5cVwM3qXOhmg6eSCvIkFBaKB+1yVmB7QOARveHQmS2aDYCL+ZBWeu04Rn34VYWqTnUkVvS7jVqeSM1jEx+lQdH1LbJ/8cKzHy7baxDhdlAI81n0a9oWHBr0206iD1lUOxTMNgvO1OyoaR5afQU9W6xnw8+YDy6PYvfx+SqLpiwBcdaVwcq9QkPuy5LumdA5xk+UlAGbZ5m4MpiX5xNueZGrx027xb3wyu4XPPznrRpwk7GF+/dF7QtwJ++MXzh+cu+ztqvnkf9r4GUMj7el2v2utKVQ9jFZq3vXQvgdlx/77Xevrt5zqyZ257XuiaPLOOaXL4+gNj2jln5usO9Q+psVDlyJaCVxKMcrXY5rpTlxjPHvVliGXaZGpZ0BM42xM6L9I99dNsDIaCvBOICT5ZwS9RpVmOrz8Zbmm2DHI7tY3deFJ4agFvVFrSmkU1VTLlJvUY142OZtiLGdsilMllj/nJxOSMZv84j4aEutHTTALCqRhUPfrYwUwZfBAMP6HEzsTsNeDIi0NKFBvPcQAO/ZqHyJiOQ1jTRpAjpuYl/saDEo+KLYBfy1E86LTPFYMLOPx0CPXQTSPuY/C0Y5Mb1kcoFvGCEON83doevDgmjrp29n/mf6gnhT+15PG2HSduwqdnraMji4iIjjoKVp4oMsSSI25az/H7sIln6vXPujs3I8bT5yRSphkS22iZAcu3Y9XNbm39H8LWZxGlagvkyamFw6GAx8r5CrFEjtXOdgGaMjpZN29Pf/sYpCDJ/bF37rhUzpmRrKdEi+ogH8GSN5rpHOCwBTMVl5wqVxz5VTkGSPY/rI0Y+aSutNAbbJrERx7NU3PubhY6J46q+5i+GuA4Ck5CmmBXXX87d80IWm/gvq4xNMXohmYDn3OAXlT04AnT6uPF1PeMH7vs3juX9ouJFDbG9gUso4T7oN3+bMbrOZxePHrX85Ti26GoMwL3CJr2O8V4ePTK0+4tOH2vtdl790N5givCVvjTluvcIoBLWMLTQ0ifu4rjBKCzDl/Rzujs7KrMXWcRIis2RlTY2jWuMP1yHyFzBQ9XuCK1SlEIwtZYiGh7LZMTxz4Z6aP9kHEsbp+LhRqt1Z+WC0cbeKqLEO0kIuwTNRumc6rabSdisSZbhT8iSmktaxrdavNXMtSK7k1YlA1ihz85E7F24M4uHgKTnF/otUzDeh2qCKabtWchUrOOoWSxWfEAAXe8sdfAb4Bl0BET6c1to9Bu4eWDMaURaTyiN4mikpRWBDmMlUP2S4G2M3M+qpxWyi2jAChhIV6yVGdEcDI98290tseqbw5RIQrRtxzzeYXeg7LSZFcFVSl/UQ0+yJw15lYTTzdhRzgIt+a2cE2l7VUvnIOE52JFyhnmltU1yNVwgj1oWyVg2xBgm4yBSDQuHGQfhEdkQkdL+QVghKxcAW9Slf2nehtO4oog1b0DPzEIbk495LjQXV7hjI1apTjuMQxbyukXAap3TI93XqkBBO026coRKFu7KoLD31mOu1EfV114D8KbxoE62CpGiFuG2KT2wh05DGYGg3YVB2aQ0r0LIfjyrd4ycTc8CYj4SJu55q7dRNhTkUltkNwDnjTARvXJobfdqu3+auN8/8uOhtDTCw6icSx/Ol+Ic6jnCGnCggReJ3pnRIlCHetoOhZRqKKVDYffggnZrWpckZ4BuNrDx7hYRsZH2vPmuqTKxdZmMqHNzjrNljlLL3XzZHw1+AAESDmsReHsub7vxXGJkMgdmIrImHwVtSl43g2YaWRspCSvvd4f0gzVUcVR3+V/92zOM6tnrOlNlj/+8CT4X95+qvD13ceffcjh/arD/cceafWd376/2tcIHCZb2j52w9zHtzV8wc3ZWRqcznXhmzsCkL1z0aCs18xCtRA2XQlqCKNlKfstGRx8npzxi85x5rz9a5GJobRAvODPeSQoHCkTdWnV0pLO2qaUZyf5rKmuqqjkq4Fp7yTUsA12DYbvAxZVbm1vVbSKN/wEVcorJPFDNUMYqWCoHFn85SpU+jdkZbEZzSjOpGbZkMxoI+I7ppwFX5XVwJqW6aHqgFp6DWHS0zwtUHZGCeoBqwEcF3irxa4z4TtGyEiIB0tvBA9lMivuXwlIEFiM6LawZ62THsFPbdEbgBgWxcWdBNDsV99n3edwUdxip2I4Myq6I0BLXGtzyKx6XAr0HBFEo6tNAB1dr5pVXzBmIUfMfwfZcmMij/0dkYbmgjMpR2XtZ0la6IkJsCOCaAtYokGv3SK2czCkTK7+rBXHXUETyKevI1kdnoAwBQESNS6JpXXmTaedxWLiUVYIC7bzIWQBVlgMBCcu66oufQyd509rJmP3H8mmjiqClKVH+E1/DqulZbJizzR3IDvzTfEOq6b0O5HoKNOj+V22f+79nontmNutx4wyn/brJr7OREPXrZujJ6DfqemnvnbJvSdxyO2hfK+Z8Csk3YDuWwSxd9Xj/Ye+6nT39NS1jq8fvuum6Lv3XU7oJkPvBg1qmjLw7u65t3T2azXg9hqMfgJHU9fmG/GC9OwbVNmXQN/W7Y1DDZJdqXGtC9geOfJbbILdQJxvWhwpGl/71u/b7qI2fHdSkYSe43x96dpXdzxS1xnBp74E14tfe8gpr7hht1AHbU6dMInJy3NwNVTor7dYigUaGdxnQRRupFl0wrD1MvSwnTQSXVZXN9qIF7blwUmMn0QMxq0LCfo+JyUuGZd+YkxyEEAbppOiZh8n+w8DhH1U+v+G+Bvm9Zzqr/bVk3YIUre/a0NECtus1Gbb6YjhxoW5ujaCylPosa3FNqNGPVb7C2q0Gg2ZFVfdCg1nX0qjGIQFMgUD8VPl6CY9j1tQHA+sRPAJJQVpStcFLdLL9DP0rKtJYKAIcVSzd4vR6jUQahEyZxT2D7AF+ig41BOwFRLZsVPRSTl4yRnwbQ/XjJxMhFD0OUuJsMLW56B8tRzDQzAfAJSpkwxVIsroSbI+Rh7Os9/6GE9CyzCgn0LSyFA//x3Wy5vTtRoe/QYxlgTgpzFYZrNXNFd3aak8hCTMeSyojUf8zwH2E9UaCY3h3KgMGY5vDeQMJgohlwHXJIQUn3AwNKZRqGxJjFZ6EO5shVwDSXHeFOQ6eE3QUXudBMSycYaEyiRSrYPKsOaQzVD6VGk4YzSPJxon2vLj8CmERHdNeYNhU9CEekqky6GMaV4baTdFO6PofqzrLH4b1ZDXKz/7BUZzWO9cnz1nCnKGOc7rwHFZuxTiBvakjIIIytLjgwygbe2e5SCudovZcXvVRNEqY4KNzYwaRQM/ucxbC841MDYBDjk1JOiKRbRCOi60Xvjg6DE2HA4ksWAIFy8aK8486Zzc0RddtvcLaV2gYlSv/Wz23+GmO9jNxc+dagYAs8NWVKnqApfnkrIyNpHyheDt9TI9l/zf9WK9dx/eP9y/f4iPN3pVRofIr28+fP++x/13pSqIj91mYFUJ1PHvx191rOuSdIC+PPXlgT79Bma/Fqz9rkPse1+fy8q96Udo5jTJEUXmZuRcMIPt+Q/7AsrjFZnCm4sKw3LsnF2UriI3kdZnMsZhpXoZccqxSZDSLGrE8v9wLshgB0srvTqog1N76T1JrGzOsrp1sSlHIP+BNb1LrHxpW40uSeulSTmS/DhrXO63LHOilm1zwrGv+y5UDhCPnLCNOgxHI6SXhONJ6xZCI5Ly7YBciZOneC3tNHhN394tA+VExTY7WN9S0glZnDCM9YicD6xunG1bZv9hpHVg2gXzthzBICUP1tnQXl8wMivg0NkVA8VtqDySj4s0HBu5lODCcEhXP2Oqj0nYMpTIeYM8J1tjmv+KPF9HYreQLTCGjAJSHlXNck2lzSU12cOf0hpygicjq4mlgfGMJJeO9G1hS0u1E3UcLEUIh7SFzp5KNyC689SW1BjSseOyjNpBIiihjhUjDNNupQ6TJogE0a46+DQAsnBSeuk+osgb4VnPQ/ByhdBMOj8lqZA3i4Z+QpYJ9En0HZ1jWRONR1HVcGyJ3t21LRuciG9JQB3SxXnD0X1Xxrtb3PPzBqyT02klp9dP9+hh7/y57y0/fR/gYy7h/xq8VU3ullC9Sc21dW/aAn++7eLHx48f+iaTr9r0U2XffezCe88XNaLePXzH57us1Iw7jQHojchd9fjUazrvHhvryomEN/p1+T/CjGrE7CHIUtiPATfMe91X90dlRmcqfjWl49j7HNWDQA9G4f486NrVnN7iCmhurAM8v36OvBODvUVhNwh6srOX4L25+/TDJ9nSEXfxlgg3V+bkxe3yt9nBTDiHm2W7wPkX7T4nZ3KXPG/ZvkgoH3EGjLOM7+QoAdRb8sIKS7ICQ/qy5hZunTny8vS0FBsKYENy+Kz1lxLzgDr6dUlUA7ssTMaxarVRk7IqQv2vSyaPtgJHAVqkk4BlMm33P7YZoUIQsg6X0UDaYz0sawm1qsrYr1YeO1Qa29n+rFzaHxljuakCdfy0kdOyYKwyAapHUrHjyBlcUREDpWXqIqCyzYQf556BikykE1eDrc/CMAEz8YJwEzsxk5axVU5WlamYpKm2k0L8P5kiIYb9uADCaR28Q76eM9UJZlX/6ciBPuRduOBcmYIZfJyAqvqtN5RVweZlD43Mm++yffcSq+pvspYK8dtZRdRHXIWrfCCklTVJXViWs4fHSEgOEBTFdomzo0rGT9ha6l4AyRCDU8ZsAerErY3meZL7HPUbyITrBOoSz9D+BskINQAuMBKwtlM5JwjDcjgdExpnhBesGZv47RPBPRRSVYmBWaILqWywS15/hqnFe41qjvpa9VcH0pkbfZqYNGCwHCMdplsa3lsZSLvL29zrzZtPRqFmqc8UPDRCNqp3Laj33fUQdf7oEkzHiiasXXBuGPeCh97YkJZUTVkHbSMIb3ADvXxZBdv4aMWZMS8kJEzLLXaMYq2NHIFsmmagpbtbvx3fjaKHAdLJXCgkSvcKqjBv8eDm+NqHZaplzEFDwsRIha5keUJ8Taf2cjaVin2GEk1Lx4u3/RzV896h1HFgN5mZWvVgzvnLtg1/874jqffVkJhT6hF5dQfhJqC+wFake4rm2TOnfYmgH9V807y/S22dcfRFYLZ2dOPIL13U+vHT1593Na7vDu/coxvxfec3o+7u33eJrC8CfHUvoB8p6KjLtu63myZwGOdk+k/RCPOQF0P2ra1WgYyw5K0PxFjZRJrn5jzuq0CctomNIcKiJuxVjpQH2xNiSgNxMBA7RnUEWA6lw3q+mVJpNwgouK799YpoMZzuYYcUqm3ovC0pVDwKWJ7ktZcP0ikHrzfAvpYa4dj5MAWmLicLY/aD2amoC+auG4YYjoXTD0KgaURyCMPgs6mk0oETV8Qa5pe8yHt9zGRryOXVgXvoIRvtLDJAiQDHGmXWSuWh5iwLlnzYf8t6x0qtTlfFeVuoqrdn//rSsQA7+76h+EkKbXh3VdsW4LrCamNYDyA/qoRWSAz7SBwn3RFik25bTDy3jKJMNPbVe0sL1UfQkRDFJFadQF+3n9bVuUkXNf+BTwN+5QkjC6HwF2eLo2Gb2iNfH+AKVoyRjGE62AGTnimthQoxkCXKQyKg1M93xFS/5IAWmtUccXZXIosouZry07omLCGgxCy6HZRTgJdi6/mAZOy+Oqs7nXqH+41TayZUIk81hZeWJNTC7fQ1X26Ya78nfxqmXn/olLUnELPDZN41pNePZc27+sbT+7t+pv63ckpXy7u0Pl92fd30ufHLnPvd/cePDz8+f/H7W70x7UMP/Tzw8MPdxw/vf/zhx34v8bf/9r/j8y9+2THm/cfeyu93ELuh2YWuj+8//vD89IunVl8f3/mR4J7311u89wfOHqTsdkI/2NXJQrD6Yca+tduF+4bmzHT15LvHl6e3L+8duHJiNwoKf+YYZx3nuwHw/Pbz7zQE96WE7rx2p6PnghpzuwHeGzHefnn+9O75Dxuoz0E4lak1IF2hExA+a9TwxigHhFIj10mbQwSnZTlTy3a+rUa3w3CiC5wQXPEFMCvkw5JjYy3G5FIi7lpuIgMlYSPQonEEnboYXiZ2KYTC/1arP6Ru6U+yZJ7cSYNQvdXsloJ24p9t7aG+lppwa576q+GinZyDWcezuyxED/w3MeM9Wi93IKGmkW0mA+kweiqgwb6mCNMxPthWjdcodzotUadhYZlhSKdhKLDPzlRWkTHHqqMAZfQRXM2097k5okJdAdtVd8pECA7Vbaat9QrwwBiB5hKuLogfUmpw1Qer6jigwmfC1FZekCsbQVXclvq1F8l8UxCy8SM5o8mk41RYXanoFaPJierXZZ0ddGPCgmSgUd78W6vxOxnjGKwL5yUw6RPBbnYezybqSoxJyybm0zHqei+Ix3sHBFunhtUzEu03zEmrTAlAbf2PAWMIkEJZV6vtwosHi+ZlmWjeEOqTEO+4j2Zco7aH59qZjZe+qoK9nVMgoQUYjhC3Qn6prXrtRK8LBxBSFJXY2khsh9EGpdsOS6jq08Xi6EZRNiXddQyDbwA9iNndzt/4edehK3jBEF19bfYcBXpjdm9d+Hj/s+/fPn19+fD2+wTyj4NlJVrba8c6JQMwPEyoEBV0814lqOE6+xf00JVpxmoCztSMNxId0JREx5ogzfDJYZtMbVNrI69Tk+3PEXFRjt0qCSXRqeSp8xXPcc+haGfOQI9BXAPkWNmFtrJiCkLuCNIxzs3tBAYzeRMCbWHa1zaDSuuUw5GHXPMl8MStOddOAjtU90hqv7fgdRpPXYBK0ZdPHmXtodZdd+sw1B2Zhz/9d717fv2jru+7UdPjW71dL3vz1tcfXr58evvm/ZcvH00evvaFYmcXCeyeiEFCWszAcGw61XZxmItm+DWXrJ7PchS3asZSXYfKy5wZJRzLPha1o4xN0pwS+fK8mjzocGv2ku9y2dqIQ37UnDDl5nktXTSbPBjOInG3i+SULYhQ8OWURXDl49Edmpg3PxWhaKvHDLWAJWWJRES+IRFIbXF1IXKPEFc9STQyMhDNFaBvgnemHsDhPUnCz8gSq16gaeAHf8S120MSFdmHBiCnaeuO8VFZQzjYUHE+omF1wbsKbKl4bYKjR1rovuqn5TgOtVSNqMNKBKgP6ba+mDKJmXf4R3YyhxF8gHl/Fdhod2I0K52dTJrSun10iThRD0DZKSlODNS2o2dY54Nd+T1mC0dDYS0lWDN8l4Nz/ZSepJq2Y8hpqW0gQxEOARKLY8x2jhkbRAKWMNLDSC8EsTc36KNfEYZqQxWrV0W2udj5E90xiqO/tbHlAhpTzhiGrJRgm0IyG29Rj/DbWHjQjnznP2n/D51mzJi0XMw1c/tqW1O/DcldcfcLWN6eT/9QZi1yyyFl4gGnIgeLQ+L1NV+iwBdtA8wPn//rf+aHf+Tv/vyrT/fNkHvGpodyimQ/Stjlioe7p354+5/5v73+/qefPfpVyndPTy893uOJGt9t6srS3V//q3/l9bf/Rg/alA294rPxqu8y9SbQ11+9dEbw85en3/mju3/l33/z1G2G188fPriI34+Gda+g4fTT0w8/Pv/yv/qf+bv+mKspdz0W2cP9narr9Jnw2knJ23/vV5//hf/Vv/rhu+96h0LvJfUN4yfv8kxJo8in1+fOOH7rY0cv7wiKs3sXveCHeUF8ffv4+vv/1D/25X3D5tc6/9eu9DS470GiksHTnn/1D97+0/+HP3p9810u9RAt11C+5F1eFd0cWHgbJeAycJ3gCFAVC5dI4C38JYNEua6ecbxwJ1Ek1tk2OCUyDoFy5BG67criOojhq080gj/ZaTo1U6S/tZTjSKhY8/DI+GpsHHeL3M6l9ckLOXUHMJr+jvY0nSKbobqsqwwSM1piKXfaULtd1YjP3gRyo+b+SMK3dpXHxZODfa2Ejv9GqoLB02E9ikgwrP+MIYpqDmvlGW0Ted3/pj+KyQXSUWs6o9mVKa6rArBMOnRqyN1lAwULhzZZ0ML0g9SRTdsIWh3Dz96RRXR/jhRt6XCFBfBZU90ZKZYkxTPQo5ywSI6UJc3Bp2ICJ0F4553xUZ/dO6bx1VTGMJ/XhrLR8JKpfkL4tELUnHZULrxXlmrBTNyRP6PsQmJEDX6sUc05MUySvWZxmC2UHAk2Ko7atWS70OCfSSwjcnTbbKe6qmr0AjjuyZpY1mkO+nzYh2a2TgchsW3wm7xOnPuuYxTiKRrlQsodtY8TLsincqgjGZYYygJISaJd8xLjVrs8muYzEdEO7GkfyriBT4rwBxj5+lVEV7LYTkkcHDTDxs8AACAASURBVG4zHvZjidWDIxDEGvKOD3ZyeV+iev/+X/xXf+/P/+UfPn3moceHvtipS20Y6/HPXgL39t/9yz/0XApTzAT1OBEJB/ddiEE4MCb7eAycrBx1HKlm3FkujNoIaT3rhhLLZSVF/Seb6Snn1UtM+sPAmJyujbZWl4Ij9hv1sNIzgowwXsVqFUv/opwY6tgyiqg64vyyH/rt8fvHfknGM7Ed25on9Ax+96JjcKTyfk2ujb3PjnXbUkBY+DqsZkHX9vu+bi+a7gnaSt//1m/+K//W8z/13/2zPX3a++d6BDbP9yS/N1V01vXl/nd+9xf/5D/6J/7P/+x/7Xd/9w+62CWD6ioFwgW6Hhl67Yj5P/qf/dn/9f/lF9//dle50s4Xd37wd2Nde7OnNe9As8SJu8KwwctsJCFsb/6wqzaRUbRqfaQhjaZVFs3gI+uSPUmTpmLuJiJxeu9k5la97sRiFLULOUQ00X04Uw3nOeBrjinLPFwCmSu4DBjbhkz2RceW5RzjDBqFR/V6wY1CAoHIMgIpGq/p0x6FNi3w0lcJM4hlZvNaF2qTGJwKJLjeuKdHJuW4SyOpsQ5rjjWLOVCgm/IhjzeeC8vszz+mAzVo65+RxzH0oR7/MYohCJMw3SVo/qR2qus2TJyUy8kTgMUTEC1JWMtPGkmMah2ONkRnrThFkUgzABX7r8C5oeKXyFXJREiqFbpBPsYoR+WGC4LOt3331HdfBLYrsB0WdBvBPPhInCtmMQ0za3riHDKINAQdQXObkBst+qvfObpXbwBwjWtmNY3dKC8LQR48OXqinDJmTRqHzLBpM3VOUPJ1nNbgEeFK8ygOll8Tm88ysogc0rrsGgkdGvDjPZ2NLPVAbdGH0pAAAY4VnG+S7MXYu/tnSFyAYVxx0o6bRKHdM+ptqnk4CMwE9xFcSHh+8/Bbjy8//9nbfg2xS/gNTJ8/FRuXGp5eHmK5f/3h3bsfnp4eu/D++PihF/m8vvb0fD+ffNdZQLa+v//y8y8/fHI74OuHuw+F4OmHp8ePH0L49Vdfv3+8f/nDN7/zux++/76ad3/09OX5c+HqK7xvv/Sy5Pv7H57u/+T3j3/sfb+E/vDh40P3r7Pp4f2dFyhz5MunvrL7H/SkUA/q/NjJz9ceWgpVh7Fc1D2EnqN8//Lmj3fwKkDd/t5vKPruVvFPlO+6/ezj+/cf+yWVvVnh5XPfrypN+47D17v3r1+ffvPL5858+iExfd2UcXMjTkwBv8oKXpOWldeTjDbtHVcLrwNmDtA+D1dVAHY14cQwAaO+8RQYGULkImgHy0mbaTUoLeeSq2OVq5OPaoDKEPzTWCGPVNQSFt1K+C1DxG3Dd5kxcyUJGmxDjHR2qyCYiAMrCFXaWUtiGDzYZGy/NkPGEK28+lwmSfu/mpbh0zf831STPboZOm0YtxyZALAidcCRiSD5N7rtjWNgaRlFLGpjw7O22WF/lUy5KG+El78iPsuihX+qBeWSRfgNTEx2RG9cl9QjhCaONO4Mw0iVajAeOcIfc5IzCoL7WyocOkHh5QN3sNkgBbdzoq6VUv9GawVwowK3mF0EcUKhC11t0wjhza9UYSPCZ9l/HAFSoP3I7GmMVifa7AGeLWoufUeGWmrNGqDZnoSioD3N7G+HQLVTjULV9kb3LfSnI4znIj/8N9sxEmRszQADqTEWiJq4uytTemuVBPBL1HnTDo3OzdZtq7DMKdE0PTBJVXP6JJYLd5vZsQrF9WLc7BvRYT71wlxTWhjZmMK7leiPA9izG53pMqz7jLTrwiBIj64+N649fvev/8Uf/+xf+LxT966MdNXFVW9cll6M0AXodx8arieFExK5BJJg3EVnf2dEOdYPgvqqm4pcWUIox0Zt5I6/AdhYNDuOUWguT2iZlbl8mbeMPtQLzazLsw7s3aF2Kr7WCzsfDTScBiA7p4IZhFJ1BNagXwHBbiiiT7ZyF0c6DXj50Uxwr9shql+giSaKUsJDUycMBcys2MSGIPjJaqeN43WNXXJU7q/l/pevb//W3+xnfp97k0VHvOTdf+id/X1h47VnVH/4/H0Xpjogfv+zj7/RqVuX1ZpD7hHZfpK442tnDT/7vmtcvY3v9ctj06clqItV9Ve/bd+hLn20QzEordbdiml2qIxi4Sw7iwy/9AdrW0PRBCBrd7CdUzI04qoS8RO5vQIyAycgirlxaibqCEp3COYScidkBbqhmKYkkaJmHoviIp5qbcav6Dlt1FKrUhKtBGBoZo8iFuuWQpJ5da3yKFTu41e3C6ER+fNUdEnswbHm8xyGt0+IRgEp5aYTtU6fq0ItDcL5ydWNvgDpJ4qkklGcNk9Wdz6YyFYMRJajEloqHg0cVEV7hsGrsiPAnLNd8VsL3bHOta5UnPLxDHTz06QBMOhnA8RRezpMrZfM4hYn9ZJKhrCP4XMZ/ZUORM64lqtEC8soTuWJeajIxzr6gzrL+5673P+xB7+fGxf6mlNzsx5n6XGMHiVvAobeeEEhf7fvbzXCl7LVpEcB4tzdAyP9Eh8v90D3Q++srPXl7q7XayXByUa4sqtoWG/f1DHpxwopx4xLHdMv/G2WgAMwndBwPFADNEdWtg9ebQpHgiBud80U0t4SCepQxLDkrC77S0N5MzxKBIEMfzy5mK+rKYk0XQYxhsCJprsUOYpoGeultCh4sHDkjVLNnvvJvXz3xKIi0HWLJ8/UNzV//frZzbLe3O/tYx/7ga1uFue4RqP9EkpqepDOb072Y7p1qn6KTxC6yRmWvq77ocjqA+97Ur+q4vvlzXNnBd+5/fnSMc3PpjwVwE4q0vv85nPfS+s84wevJMrJXqjQDyV2yb+ZenH88OYlZUW9if95cGEHtAzNLZ3MOPubb7qLEabGyhxXp6tzf7zvRUM5usH269Nn500pDHMveH746PcJ7t996g75LzvvWlYIRRjacQv9OH15KPI10ZND+WzFzJtHbSJfdMVCa59v54kLf1wCVOLbkGMgMX7Knc01jjhpQIe/ajbqr7CqUOFNpLPdCZUTWbiJTUro0W5Vf6JHjVV9QX3iU7iMBUR9tDBTW9m9ENa2TsdaiMCUuJUidHXu1B6L7JxYYERwmNopP0Qkx1Ye6EguwRdxG8scHaPRDqL9g7OPXtUOrzkMniXSM5OEPU68aYmj/1WFbHAmbwEYZxSrSRBH6VVXTZxYWkghddlG+upy7zw9/tWNEqgbF9KBPXITAtEW+PY/4WxqqbWsJaam1re/akhybFF9IPBhkHv0ZwJrJqqqBbzyDGZ+fsguSaZS/XHeUZVkF9IHNYv//2T9269u+77ndY1T72OMOec67Sqo2lVApKxQgChRFBJuuECMF15JjNeaeEG80HhlQrzxjn9AE69REy6MlJJoDOAhaFBCQEoUioKiCqqo2lV7r73WmnOM0XsfY/h+fX7t6XOVtv701n6H7/fzPfy+v0M7PO0Jth15lNAbqpwRZVVVsIFL4Yg16lH/AJ7BS5q0/TtIAx0EFdTs026euWozcSUqNaK6kljSS17uAO4ISyLo7Q/AylY0oMm6rISTN0mlhit+LqLnfKNP+msPoAi44vK7tzfuPAdbruE2FGBPsIV8RM4iVJcaSTxWbuTKIp79bTnoZtcwj7WUw9XGJvTLttcDt5o7Ubk6hHtsqKF+lI3Yd2/LWPF4tr/fTN8Mxro+tN61bs/B6Eo9EE0WpS1EBY6AVEhch1m8XCVHiOA6frz2yajuIM1NdXs0ITJjjFcohQg1WjP4lSxXhJ3eN6AxVhIdhUpNpaHx/xrykickYdLO8YQOoY39DhOoYh6tr1qExRRhzuhtcXTa7DEN5vXGOErBnOJhYJw+VxREMIi4zxX8FLF+D6s3//Rl33e9VOP9N9+0cvCLAJq/R40+vXnqW3Ot48v3HYDehPHUFNdEXEg22brb3634p25U5/ieP/IIbrO2RX9/ZNLWoNrG8ss+mWlLxVgvo8eieTN4s0Dk4YUjoaW1E3ITCT8cG2MnCBmvaoO1PRzk+eeGUn6emH3SPtdRME3QFBdKpuarNi7LqptVxCSN7gtmu4jRA/Rv2KEOPctW1kHuSrOAkMMEuKvD5t4Ihay7PP2Qad/OaBb9/Pldj2n1Y3hG2dq0h6y8jdCCocvW9PZs1iJNEZ/1vFaron7X4cXjm5dvvutrjr1b8O033/dc157K7YWtR9HpmFLFDqsyRWqK0TEwUaWOu6l7GTQxcwJbyVS/pqWJFoOTYWM8ds/8ncRzaWVdbl9ZCAde7qBpQBc9CD/AKC76UWf3TbVnvQ7cstSBO/7ZByaQDApHk5hrCvCt7nsmo59m6lS4O26c2WXnu/d9z70kf9bFDl8srOQximZ4CacRU237WVxHePvw4nXPkTR+RdpLbHq8pLdcNgsyLfEiqDbXSzQ6Y9orVLoGTUUe9Am6jyTujQUrzP+BTRNnI4EdJwzqNPMid5qqirriImhSlawQNtFaPLx0lk271GWegSXWDtw6VRhN9ABXR3olOcsFH0F+Ec5Nc9xKQjuNI+RcFnK1QET7+JZtn6feixNYz/fXHn1i6LyJWnE89CaEntfvRQad175132Zzf8/JtBonFXwvAeIqDDAUNmZ99sOH/dJWunaa0BuNG7qiiEzfyzUx1U88SVQ/aoDrrKPfSPl8/01jZb8d7AWjlXRDrXN2Q3fmmqI2lQTadRlfCwOa9PzgvKhA7hZBrwxKhhbVfTG864Wj4SXp87u3bxteq8LeSQ7H9vvjzkjdFwiHOxYAJXdJYM+oZeEilLxMoEm022vRnI5by1W4uSEVuhtYRqvSkrICQsZOKmJ7zbqxbrmVdGnnjPoHFIi/2w5hGdpXCIZe/Q32HEc/BnRTVkX+smxfK3DZoWD5yDayADwMauXaMiH7rvmmYjXqeEL7T6r+pn9M4KqxchVqqdKULJPqg1Y89mRTSOnMUUGpQ85tIBDrc+NZpaIAPFpYQyCJq+q5hGZ9MCuKEg8i20jyxWGI7yKs6oIekQyTLtSo+rBVLWj/V7ZUffN5UX2rPA186JJ6HDSckpc6g8mQqinSsLlYksM+5SanaDsRNwu0RMJXDTfyWajjXya5f6TfIeOMA4W2gjJHARkkUUTeGXDllxOHGWv+pYzEsNgaDUbNffQ9OYPw4CCmf4RLWXNtYJSdAXLPlHBFdSIKmUHHeXxyUSVbxfCCjrUsgKvZpWTOIcCjSF2QlmTOYYdkuclXe8QS0PqNCOSxV2W+eJZUMfwYIq2hUiDPDPZwVCMeKaJ0hoAfV6TmXWPy8TCjkU7CUbdetTyegxIrsSNN3NHuaCjmDMdsnXv1pQaqBu3dB3/VO3+qAhBYis5gC64U2hjFORDYw/WkLn6OuJuDj/hLha2Jp9GsInv4xpLLCxPLBUfz9lOY7aNgNi10/STPUmVpunHEWln5tM+y+XGVigyqbaf1ZszRTxW95jAC5crk3qpsuBdUIr1RgxPGILbXDJ1MdRk8Og47u2rMzJUJxz4NNuzQwKdgIF2XMY/3VeyKuz5m6RJXc86emx5lC/y9nfpjX41D6Myy62JhdT+id/A3JXU17rXfZ0668WlNO6lTqcmtK9anh7NuraemjUaVKZ1uR8/VXS1DJRYHyqJ5EtX1wMh4j/ELjvQn/2ys7cPdSx7Rc4D2W/BEsLY67TNFYhYvNQLlBD5aAR/llmeABOZcOryZcgTTludiYtqG+RhmlN1xD0sMTbqk1JXlBVzWV3MJotqwi5xdMH755e3nN98UgH5UqKevvGLEK0PCbHVaQ7ReTbxps+DQqsdOp2l9x9Zz7Pff9k6VHn/4pre77kkE8jqpy9Ypm9Q+XH3OOFNDnJ2NnjdHDfp4tPrKhQ6/OfZfEUS8WC7fSN+Kr1rOmhDrNlrEPT50z7QZvVaZ+IFUdWr5WUn7aQEhiSS36TYWk9lzSjosVA5Voq/WzpthtPoK1jfluyDcie4L51qv7t65v9aXX1rqYda/ybcg62LExB38Sg2Wz7qlRu1XA9x//9gTMa95v1sB9Z8u3H7uzVmd3lnL1od7m65+7/m5rCk0Un5eNcHNf2cVxWx0rCuJLEUcVt4eX1CnVK2yo7G62NbaS6qAI05XjDhY2zwG+qxgwWuprcoyVwsftx4HiOw0VagJs7oxglgDJBMo0n/BeaIAPWntuUwT02bclv3QTQ8NU7F7h2azR6NPN2m+vnx6eOgrSl0s+vCx21q+GnzXdaNGGgvk3sQJuutJDRSd6fZushqNPQWSl0j4mZLPD31bNoa7Tj4756ZN1zfcRfX39t2bvgDw+PCYRS571F5d6ujln/1S731t1nUQX9LtjK5TgMa/9ouEFF1jFSJKLoeEbSB0xb+yTmj6snCnIencWPu6Z5UeHhp4+yGVKl/2EKUHNDnrxdtv7vzaSw8G9YJS5wHYeXg9MyM5vJaZj1c1F+/SmCDoIk7RjwuZUNVsHU6ICMScyznBIhP/h5QqeRQUVg3paKtAGwqCQ6vLTYiyAFGoialhssoVoNYGWNczD39ZwrOomslfeZiG2AlYaFQ/IVt2SeXAmpMttz49DQ/LoZ5o6piFjuY402SkFdFt+lLj5DhOa9KfBbQbb7Js6ygdp8/RKTLTwfM2KLx0vN1fAZQwbFOGIfxVOdZUolobadMl5ppkWQ1001DtoXGEp+TsS/LJ1G9H1jQdxUiOTxaxRrfBkp90YXqjOVq0ryNLVzkRUwR50GO7ND0Zkm/NSrOM0x/wruo6Kj94MzlwVEycOldC0Zar889GCY2N8UJEyL5QKoXFqZLCYvYvXcmPuuL3H9Ex5kd/RYVZpREBgW32o1pATMX8Vunp0VgQ7nr0syR8pA5wkAMDcw2BKbgtMkZc9ID3F6E4yaAwDlDkKztOqN+WOLYHsB6h9RcARV08uU8zHEmjmULRVmTCaZvwvEXRCdKCVJdp+KsfxnlcSrf+I51PmALhGELUb/WsS+V1l9PASsBuU+6vxUdfZiU88cKxU5qybAuNZENwZYnKFEaXlaFvTaS3EjsMBWk99iMG6AxatsrpeykRQgX1XWqd2KcIjIOOjrRTkkxnzfNNjGOIeog4JOZ2HkLFoafiAGXjzMZTCdRVtFM1BIbwxZQixIjaogxa7uAC28SeVrkGyg2X41Vtg2hiPbkpVKm5cAInM9rAc1LWpJy74rVABcS6Ae9OgKrTZ5Pr4nH32HOFdtFDc0rTkx5A67Z5VB+hQmW6aQ2qNbXFsXRRxcqqUyi2NGZnJdFUogNqXAjnHwCZB3SNPXeNtUq1/fXBu60kH6+Ym2e8Osm2pmz18j5jHtFRKMU1wdAEHyBYc+royx2AGwrwCRBdJTYlTolSofI0F/R/hhkpQQYbXY8glIr4qS9qvPh8//71+/d9q/B1v4/RsiR9dYLWRF3lbFFS+3gZbO8M6Spo7vJ99KpbZ/Qgg/szPUds9+Ljx9+87HuQr19/8LMOrUu9wLCHjbvZ403qudU65/JCjSsSWJZyLEzztYTUimldZTa4E59Wakx6p3xA80n5+R1XG6KTGmrJ3psyl2A8VTl65eWx3lw8zrLl7fzdwISVwmmFGRKKtsOBS4wHuAcn9Hzh1ghijOG4/PriZc+CdG339dv/z197/OHjk6eCnp46/+UdgNOsjp4ga5SOw5wQUk+rV0h0U0THH1qHhv/Xfv3qhy79v7nrvWatWSN02bmTgFLPlogwm33OrUFL7VtG2qZYTIE+pDdWVlN1IeFC2PjabUA8euKYJyJbfYLm0RxMKGOq0QfSwg6Z1GmIPORStUkCA5du+KgzV8ThEJ5FL8sh6qpKAsaji9H9wB4dlh57xVeP2sp2Mj0J1zJZNLkxoN+071XEn7tsb3jqVkqvy+lB/06jeqnPAr6Ib/UcXTL7ukAO8sqyh1f9ENj9+zdOFvJN38H91P2yLOjWWN8w6IaPp/BZUot41PJzeMm8f/v20w8fu9Lf+tGl+Z2L1Ltqvlq+/tbrR3OVFqmdKstR3cR2gaSO1+q+Y1IMhMf7hVmJOHQudgm7uu43b+8zs1ur/QpwzzMlMb26z/DolWsvek+zldoVUaeRtFQAVOZn3U+qqbSh4zZHGZ/VLQbm7bw4roJPeRUKlj4g7bW1SwIdTiCcA9jxOCx5HRMMs/OzjQv6heHLEHOsjmucwmJDU/nw4ziAaTBRaiclQ/SqcNUAybPMS11Qpaph3VR3HJ19BqxihqKsxCiLbVIPZZyDY3UVyUrQGXSeAarJiEEQsTEU+VQax0kSEdWBmqTpk4+N4WmsbVJ4uUSdbcuUCGejIhWk0XSlp5FE0d9KhALRQT1oh/0qVoVJFny5I/U0Nr5ItG8V4iqTi5Rqx0hTCezVF/D8bOxcq0aM3dg3vx041AhAdRw/ruWxTExUAZ+oO3ohFHH7dicAss5x+mgb21RIh0uKo+KNvjiiqJmNY9bhIahmwNkdzCM9yAk5CEhwUKG/UtqJIqdljJ+qVwN3njsMi+DpcRCg0He1WETATUzlSEcODT5pbvPrMHgBRLFjB6kAmqavuq1AVl/R4kPzBLWyQesYjUXacoUHgi2TXtlx5VxEB6PWEbgDTS4JwiF0gbK2rkqQKIhhS78xVuAYPkUsQghnFIbhaZ30mt83g2zGCcxQ6N775XpKRxZn1h1FA5o4NFp4DR0BJeuVSbhkSMQSlQ5PmYtIqNPF2kT1mu3sQZYyFiiNChkihg6t3Bl+Vv1MNFsT6IMbzpjmL4XpAzAOQKPgUWWz7RRdfCstvSwkBRDmh0HXFoKRnDAnDITmm74ld8xJR3AQ58kJysXDIduWz0wC7Oa2ClsTtqCJHVBtV0dXaN91yq0Zu4GZaqa6RoYTG+mg4/GX7aiDhQRo8UurO6naO1GkmiawMcpHkmyJNQPvb4AQPYCIvlGHUgFyGwRu8zejFIw/RUNJoNn/Ajl4gZVPH2pPDl5sZ51z4VY4jU6wTRYkK21ttNtXUxuaDQplQMnzwYmHa/iouE9+jswJF3plSfB2cg2gZ9eAr77+O//B57/x13/zzavXfS+jS5+rTHa/O9SPCiekAfrxD37zq37eod7hL3Nb3BhmPRfUCqOF4n3vIHn97l3fR3z/9t//yy9+eOwZrVd3b985l+ty5uxPiVTRUGsFbZziadWfOj44qlrwKO5TQYVnwmYkuvO5fIEXpejtQDtpxcsNZW8BKjvpp2aU8yLCIwmDmD2I85hdWm+QQMjn6jcMOD0tSI5NUdaF9JetyaYE3ljyYZfzW1F3Lbi1ek+Wd/3/z//el7/wex476TGPfvQpvnN2U6vzEN+0s4abTpo4qbNauuC/dOsactf9e6n8y3c9+u+xrtd+NTaBLU+7JRDtekKJDVXQGbzIVLlmDrri+FBz4tEgi6+RgfTJby0LYgja65TSaCquyuKMKypsV2bwA0ZW1QabRM1PginEuhDB6XmxzAEHlZRohIA2oOWcQUF1+1hMHEUotoqrMkduMqt0NSKspuhhqeXbRd1w8uZ1P1/y8VNL47zoR1G03eNTF/2JL9L7HZK+tNFTpV9ePnzud7u6oJ6HPLCT2kV6J8YZ0YX83ugToHdLe3wIdxrnj7d9J7jHg7zcQcG6VMU+9a5PHx/v398XRjUfIxVz0Qa1rUAaonqcZ6vZhNfJe9w/su5OIJyz+zJPGTcc6n87o+hs/u39fTDddugNRYVOUZOl6X3dVaAITzvBkOTm/rRKmRzLP8nmKDUpdtv05LO8riQy21XNuW0xGG5WV3qtSBb4WXg4Sm6ZrJgghE0J02PUOUPZPpqsTB8FdnVGYVXwcNohiqYk7U5ZxWioF5S6SI3c5VDM8lPNKgIWxdHBRF9RB+RHl6twwJVcCBKUHX2BMMwN6dQmilm0heUPDjoqHznS46symXPXATzIbLpELHWlI3lOkTWwSmYP9UhHxLxnST/yKNQU6g7Q1NPmLD8LBRWEzxikBNkfu6hLxnKjWU4BPXa0087XAvUAmE0xnf59ZtCEHiNmbdVsMCtE2NCRSVXXwSnXv3okkOTSnqmxnMNFMvdXrxqRT1Cwpj1T9qdJp0BxAgYHER2qqIYSmm4MVc3RAg/kHIHpgNEiwu3GcNjOnpWDpShl9JoZQdRJ3A44bBFu4sB6MzpZtsHd/LCi3NPIx56ic0iHjcpls6i66acx6/VIqbRCtP2zZGgd0Q7okKxmdfiOPxFfXJZ0W7nvHnMsZ+iYi5BVPyUGyqHjrPhALhrikgPKiUw9Z5QKdLCr382gS23x1AItHIoP4URYQOuapzjz57nltvysbbE5KXU4cJZAU6BDkAiOhrqH5mOGWbX8DGUnHjENm9A0GWcVYIYO9Qz0Uj4GP8tmAhqcijINyN71kzXFlAFKREwpwEyyjHWTV83VsCevmicislFHBUOGcjDaz5mXcodWUA6TCVeAVlP6bNJw+2u61JxMlUj7lFgfSh2t55sAUyzE6bJco/EmGg4KE3PPBQ1lIuLRaNQn9Ejm21PKTZcp6oym4UitnmnaB6fPnMs5EdwClpgqNaHCZcRDOsCO2OKGi6uMJqIORIxYQWL9S01DYRl1/9gRZlYMSKh+62oQcSI7xDeRKYfn8FY1WTeisukG/vnyCsLQ8UQ1H4RL5Z4HMGRZ0Efxh9+//dqXE78+3d+/eOinhmLrEZV+HrQnhPtSb5SvXv8nf/CrDw+eK65WG3753OMr3CggvbXwu59/8/b9T7uY2UX/Vi7dL7DyLJfbwmtNlDenySIyTKIXPtxahr20tdYoyTq2Xl5k3Ow4IEi2IS1xPC05rwxs9Yvf/Q7A+KM7QskbY7uAJ3MFpNSS1oe247aEn1WItV1PRc2yasOc0mc3ncjHXEayQzevYu65kX7Sor778KnVYMvKL70hy02UXuz+5pu8M3k5V2+nAwCtZB1YcjJPH9CIG8OPisYD3G865+qVMxLIugAAIABJREFUZ57p6KTL90f7GaraqFVfwRWIEZDGYfPm1M2vJ8x5nqBWplasl4lHwkjncr6Zavh+3G7ptRyrR0TGxgr9iFX0PoxyrJylHdYjkYkwNBt4mtGPM2hcwCDEzzVBd5U8OUNaoCwKpOCsTSdgl7VSxF/FgALoHPZVUW7ZzlpjTp748vQDL7oeD4TDUiXhfX+778pWErindKyk+x7t684fWnQCiEXzfG2Free4ZN/XeRPn3kFC3aTJzHIJ/9oZwt3Dx4+1fvqnoYv+DYk98L8bNp1yJLxe5JWgRdC+CEXvlvVBWNO7NVF09MU2jvHgl3PJJFbrp1J4KOVf9FajTsV7kdDnvfWrgWujbg8KUW9yfZegHy7wfFMaHu8VkXMzX2W0Gv+nhdeQ5RUlVzhlm7iL6tZAp8fHfgEs0IyCRhD0w0MlzCcPOsWNDoMtDAuBBcYifsXPKoUykAj0yYmu6OhTVhtCOEQLRukVaFiZ6aelVaxfpBoVlt+eCpeVsWz9wt6brrFtkFvzYwyWZBKOhlMMlODDNy3Kg4tmUiqGGFilpbhgaJRZDT6o88SEjFOj1P+l+2+o4WMWjamiPiX5iqwLCvpqDl2Vty3CaJ5lHi7j08WZnUlcg7dPzQv8gqNJxj+j6Xb8MAlcHnL5tfBvSVoFiFpvvOnVoFVoeMVKXDBUQKd4xxl6M6za/tiNKp71swkjkspxqh9hiBMpGKVXrf2j6M893DpapcFt3KAE8P4CcGxT0FhAmf4NtGoIUDkNjz5lo6jWghAKJyICVYFKNQcyVjgnplGquw6Hyl6j0/DYDOKc+iK2GTyhHBklC2MDK7jxNNZGQhFy+fRodRzDqpEebQ8kw2iD+qh8WwmdEqUBjvNiHyOLRj+H0nvFi4KDBLDtqLTMmtf5/1RUNB+JBwLKHhNpXf/fuRJA6l07DG4CYMjoo3swg+Q8pWtE7DSfQ4yhs2e2krM/oHRQB6tcK9qjVAf5Ko+cQ0YEGdN1R7mVHHps035GINRcA48qZ5XcBiepgyouJuxWEEdqU+kSRQL6Pmue1R29DthpoYt+RfPYrErEMTeGE1oVHJXC31k2MedzpI7hYgPEajPJ3GSvqPoOy9W3pOdu800dR6xuZquCfUiijauN+NBcfbY/Awo4A/PGw3VRKgWWH+a1E5kTC+nWpAOsIJqhH2Vks7ay1UQkPUsWFCmeCbyaIsQ6zgKyAKk7S8NBISd18OqL49QH7zNbKz00uq6gQ9E2YQuMk5mAmYD5UOSh9FkmRXTtRFwFLYy22Dvz0pQOzclxvcGiqavErX/uHlt8Mvd1bzz8ev/yQ/U95tPq9+nxZW8FqQVaZkTRUyUP91/uPqZ2YiswLEecvR7gqIe9ftnq3wvEe5xFF3Jh1GMOESUiWUnlsJSMbe649JX2zynZrQnWJ8I9tHNb6ZEgHUnZklx8tgOx3kvIbaNrZP0OhZKSFz0fLMf8tRxvnsqrfOQx8dBW/9Knp51W3NXGscSxpi/jDOmm4lqI2+vHnWydGznzfO9xr7U8kf+6Z0ru372jQrFirZO8aVlJrj4tmwuVQT7+V7mQKkuk67jOTLzEvSdR8vsefDxnLbjGXnwgD6YlQxHHORuQ19bP5ldxrJjzbjszxzVILtjmDobDI8HheSNwGt/CuMy0j2rTVBnSLygqVbIuC69EWR6A4nPSUyxIg4M7iVa84z0KX+InmLjjJjM0EJ1sb6ESvpzVdsKg+X6gnNNC/nPvAnVm9vGxx+Ji7TGfblHqvZ359pXhFtV9RWZfcmrp/vT19ceus4e806xIO1XwXE8cfRU4B3/tFwDWK3z5IO++/vTQOz17X5ObP6elKu8VyF6g/Pau5/Ba8afrw2OvTPZ6BC+6mQFzRCNJa/jc2FmHc/GYnAgUA04eTJgBd56QsM7g7/sGvDtChUn3iTLuxa9/87GTgr7wm6Bu0vUw0Q+fPiWiWx6eBiheO2m8tcwiLtlVnNYIqad2eZPjuU1V/4k+ifbGjuzeiwBgaUcDJ4qiS98OZ96vLbRhQCVsYBcBP85+zK7RsiGvEHoI00pTiw2p0keHCZxaKx/RylCTHwB6QXspDhHCsI4elSRvlNNIVbnYSEobrAcwnFOh7OokCAFFfUysClUnYNgALKQOyozKaeWSMgnSU1HJKoKs2rajHfrtywxpo2xuGg9ArPIcbLtZVPFUG9jCa9VgDughv4m4KscV0mkCJGvTQCZR8/ytmw5qCJ9yqHKPw466VOTTeRMENwAVIXvWplwKH3vHKGeLSmqHIzvUOWgE02+2XxTPKw5UF15CFgyX1rRKWtUbbY/HKIDFXwQDtx/x5YZUibUS9lA4oyflsg9TxaOuXmu028AgwCBP88NfD74YUiWEQ9/xtpFeGsik5rP8pQgqozZNSdLmYpv65XZihPcMi2FQaXkDc5nBKrkZrMzoafFXkhuUjJC0RLbOGciKZ/sxUnUbWFZxyMCucrW3gkNXhTaZA7VfOQwnQNlbv9ZEqYNzCslGY2QYMYdIAPepOQimuHBUsU5aSShVjKHyw7JzkOj2FRb1alZLIHUPcEg33UEoN6KhwdMSj0w0Ma86CuIP3KxUMnvRFIeBlBrbUsRxu+0ITwCCuZIirDr1DqoYGo3iicaJY15RMt+EPJwQhNk8RrcqHaTOvhx/KWTRwbrVCry1TcW3mgkbynqCQXRQM/2yOu9wU1Thcj+tphk5i/vm2VpAZpW0zaCjO5nXRuphVDUtlYTMksN0TLll5Cg0FbdQHv0pjshgBccWBtJrq3RCLkGjq8kKKhWqbttl2JTIb2Pg/1JCevCjwcQ/mbBb+ADYmQrp4QmncVB2qgzpQrTEgDXzL+GBW3EScJEeP2jfwTYd1yBNzWvS1um+cfHpy5uvj81LVuqubr5o2VLOIkSY6HTv+4UG3wmm7lweRUNCC9t4ejC6106+/Pr2/m3Llr4GSaf6UQNTy4sMe9mzEqeVjVSMpnnNeCnKAVOabiGv/JQEZIghlY1XNOHzf8rngfgBj+xCyM6VeHH6LgOEBX1IDqH6K6/YuH2EJDq0FQ5xTk5i8UiDATxTrD3LNajwLS5xOypOKqR6+qfXOrZUfNVXAKwyvULeD0z5hntX3RPltkHi3UNJkZJ6T346dlrpumEzM6YjvVankeJOSLiPbrKVKNA+92pJtrpQHFxr3ANFs6LhUg/GfC5OqAC1WkSSeAVijh7HKVoNNSscR8cpXUXGduKRN4oNLGM7cCVzUmEF3I2Qyat0ZCu9lUyDyjcWJGJSplKKFpmudtMpZ2t1rjlEHFUqsIqPEbpJZNnJu6JcjywgzlTremGkLz89fv32bU+ttfbooay8XYv11uJX3Rr7+gcfX/zq8e67u0fvSPvw5e5t1P0wSudwr3758KLfAH7Xk/8t3Gve/t1H+dpPivUkUc/K3Xux/+u+nvH2dT9E31NBTtBacfexdn/x5tefvu+C/9tXXx/4rP7UWrwFfL+F6B2kvnWQHX6E2KtiPdjD4hpbK3ezrV7US4NevnqbGd2y892dGC3ou0XhPaU90fSuH17pF836dYH33YoKJZzOgXy358WXj/evH4o2p+tcspN+7kwZXyLnu9S59Zycrk23yjEyrPk4EIsoKrGm1AC1wwaktY+K+E600h35AVszH7sqgaFDXm2IuY409lwhNwec2GsvcsOpcBuSBYYcInfBEIxXaBOtwog8C0TsMWWCrspcgFBIXRbRLcIVMi4Bdkc2BWaVUrIvgpgndKVGPTwIrsMUmkaHzRhJiP0Ol9AV3sowTyD5kcreuK4RpCx19I5jEIUOUYU3YhI0I8Kz/ZhanhpgTvGQKjmacXObRqyVsiwHkTF9sCidZuj4oSOFI62DPZNhoggwwzDA46Mjb+kYFqNO33eXtVInoJGwaqqc+AgJlIGRNvtUUOipiHLVMU7t9qc4+XSbL5aQuSGnK9tQUO9AhEPQ2TtiSyf76TDqQZyaKk5TyZ5tqIPllDMxR3SudOI/8AX5IFCmxVw7AJogY2xVNfbUGZmmn6uPaqlvQ73EQeafQeSszc/0PUQ7GwkP2Gyfk9UTxSMED225zYIV53mFnK9+7R3KoqMOoKjsMelSZSDhXUEBDt0EcXfyoap2E6BTjhBaAq2Nj1GHnk7RxFpYy+yfvMuu2bDxi3Lun/NRDNGyPzoNmGhIivP88XcFrOFgMSB9C9zNMkdE5VpvYPoWmDHGUa6sQSA1KBkdLoVnDq1+fquUABXmqwNAswlmP+RqIto2oEX9b5cextiiTtexKdM0PqycinYKZ/3crp620/QcVf9Wr5ah2/jWQGIwzYYTYn4Ye1ByVGZU/ReSK1bTQmgfFlpIh3CFi3xbVodE7enmeBOUlDE3926BxF0ah7FTjTozfA5A3MegVzjFQolJWWmXrchDFJ+xEyGp6Nqg+xBhZllh7bhqO8Vnm7GMxqsmqr59qEGLuSNiekQukIts+DE0TwCORFbpVnUwWGIgPJAEDvvAjfxq1JkNg8tPiHPA1JlVXZ/vsqPnEfpa4lsqRV3TtLSRpt+X/Vq2B5b7CLqpc5C32CT8s7eBZkAPJnRRsrePdJ30/KZbK5BzoY8JNCafAtDz7R7BkF1bHUvqHDpFVMhsvrBZ9Fgoz1s84H/6lWgQkNFuh6uM7cafDdop0ENSFbpAtWKN0e1iYOPYHucakWoXueBLgZXUWCvlxj3PtCagEg+xJgMwLsI639XiaehVjb7iniZbUzWA9bjIzgDguXLP5zjZWjIkiO4fhD7MKUYEGR2dJ4bfnzdAxlxVhvbV0mr2pkgl+RTEFad4JzFBmmSYOXfH1VWdhLNJHHmZdhWX4PKhoEoiCTaKltTCNnueWYa4+TZf8P6kRFsC1PZbAeXI44irEKUma2VMW+q1TYv5dgIVTVjl0ZaO8laSRBPa7ipbK3fPcZfhnz79wcObDy3gu1Dfy5Revv7h0+e7roy/fvnxQzfHXv/mxduff/vqH/zdzz1UdX//ulcDvb67+/Sp5+/T5OuHfkH33dt/79cenquf9JrdL59o3jr76UPnxDn17pdPT7/7zedv3rfIL/v68V7//dyrOTPj8+dvfvLmb/zyw+OHfhulB3so/OjnfjtbyISHb795+3u/3wu57pxL6hosWAudU79o/Er873//9G3MJT2Ix+Q7b03ox4y7Kfflz/+N13/yd/oeymMnBX0FuO/+9kCTXqVLP/3+h1f9Gpr35fUokcAS6knRqfNYYGVzpujna7U1hAbSJuq1x2GVyfzLO5pJlc/R2r0LYXZizZzQqeAiprYafNJ3vNru4IM49RL9XyQDHUkFojcwEpFUPO841ZSoagucDGfM4nOksZY7UlGpmxOYfBJVDpaVleJoOyIJOjkddj6aJhWvV6xybDhqQAfiDhui+KbC6Fc5v5kxadiWzKVx8bteS6dVV6W+sqMk4Cs55lkXCSMvSdNhuOuO+MY1einbKTz+kD9KrPbIUzXroxz01LkIY19Da5ELHoY0J7U1xJmAuNYQRqApeapUBrH9JMhpGuyniVg7nnSgxthWX7/iENX9X7KqvjY4MDuy8GwYKGqmQKBq0kZ0I6sEVXVqj1C0NjRngF0qEWNlDD3MXdIoAUj2gXRKa4eULcNgZzvVzDVYxqTgZI600kNoP3UoHvbZdoSdnkce3Lk67iLVSDp+hhwuHrlt5p62FLLFBweU3KaTuoaB7tiAc//RrCTS8thrZekRNqrMa+oqQHvo00FREb9nnxAnHdTurKKbAsnDuzX02lmnPmAY69vxXU5db4pWn9va6jiINwqKEZ1GusyaLknJqq0XYgSRoyhCFZG7lOKzSENxlFfhkil9ThddTYAndOOnPLmBTP5JTe526lhAFDWvmhIgVolzwaS2bZmRl6EcDdX1LxvQQVIwbAeFVc9w9BcY0qWXv/xH8oVWqjBO5JRYYpRHEO219lzQpa4UNeEFGFItf2zKnQcu3D7nTJeaJOc7Y2cwa+8l6adXrieLSRpubN2KNAEGaaRTIHmRnBHVSvLZRn47SiCcQ+eDoaEL9wQdAVRwnfK5B5SzwTgeI4fhFYkRK6zL06cMWSUjQZSWVpoZSU8YC8IqjvZK9slBc/04+QTIZTWWcqEcAAwzhSpccyommJVH6yrNei2VYzfxR7XLxl3xb73QWNPTwGs7jBsZujbdUqLzlS5pZicda5ldT05QEMVZiF2UsdJMeMST3cXZtGhV6zmGTDbf0ULtUZLKFSlfBet4byaxDgHnji5ZLZMBMLsjwEOr5AZRoi3eNt7bSL4SbwFCFRxyZRwVrRbS21fYTuGQV5Z0maMFwTW8T3FReEW6dkxOmTbwBFx4dMh3KEtibtHZz87myU6lRLnFaM93i7Afn1iNhX5H0w1ts9kINgUKHmJngTaQ8YQV5Xv0/zEp19XaVlpHp1XqIiBa1PVYFu3ZdUxkk0G6+j4pfNV7hGPOqSDqdqCq9mdXJbco7IA4SjvqRV5L6UTKfSRbT47F4vFiKA9m29SMNbbFzeQTNNGAJyKcS+qkX1O82VfHr67PrvvKKMxRw9/JHo85Ye1yfKH+3Tev/oW/+Iv/w1/+9u6udnBK2mM9vf2/hum1VQ/epPnhv/+PvPm7vrv71Ye+y/Fmt8fye3fN8srnb9+8/Dc/fPfP/Ns//+k38Xz59OFTP+L78Kn7Br0P1Nz1+x8//2N/8vF/9I+8+uX3nzwz2pM7VvY9keOGQI/4vH/z/s/+he//0scv753/+0XGfm64HxPOoz1N9OXz9x8+9pVk3+ru+xl1NZvGmD+5tC8WfPkrv/zN1g/51PM/NcfOH3r7px8w+2f+j6n58v2b7HqZgJzod5B1kb4H/PVTP1z84me9D7jXFqXZviG0qKyJdeY18mlvwagHHBVooOvPx2vG6mug6nk7NajpOo+4GFN5oe+2C0ToZdtp5DrEspihLJToqdmRdFwgaX0q2GvyDniAiC9tneRDJQWuoSwJVayLsSrKaipyyJQYDXPUTdoqiaso9TXdio4k5FIbAyZtHDNUB6iKUKCnD5U8m+A+kKNIgCsptqtNB42VWhcWjQCc/jC/ch2ClZ7jYeGhS4GDyhpU53DKljl0g6kZ+RsjUakytx/c8eJWM/ecB3YBH+uWOOzIjn1HbrAzTK3Be4dL8xMWlQGNYNuwKpi4yduZZr5Otbit3cQJL4Ae5eXyaR9K1kCbcteIM2xmO8c+DgowiFGx+9h3gmcVv+XzVVLpBHhZRgU3BdTiMPic+NZg9cW23fNRORUvr57V0PFdVUxoP52RZSABa4qTGNKl9qGfdH6Y33SmyWPI1LhEctqx12A0s2T7Y8nUdpQ7LTtVDgdvRcLD7bB3TPpKph7FI6rbnDZSneqRHr0q3XxiITgJC7Iz8k+NpMZ/BJDFbppwH81VsbSUrdJryEnSuZYQ/qqi8r2PDjjiJRpaGdpAHo5wi6eIb+a+KnmWsP59glh8pVwbg8gQGVWr6/8oxyOlNvlNVJdQAKUdRHQnDRelSQ/MDTAKgLaQFsxTZUSjbYcXYC6ZTdESgcfxZMaBUAL9jtnK8tFymdqkpNv+5I6HlBAVqRrwVe4MyLkO5SutZFjyWW1wnrBrr+5wTsKa81JUFeKJGfAcNKMKk4X8IalFOfVZVvpjTODkO7CjTYvwWnV8+6x0dMuPHmk+qIjvp/3qOWO5S5AORFdlEUM+PilV0Y04rEvyNIpwjjiZ1BAtIHRCHhsU3YEMm7JT9WZWBZdxcwlHs+aSq4qh1fU3C5YKK00aBXljtBEeZBzZYqJJhzbDDpL9YaQKzWmoazb1op3mFVYJjKOvQSm7mh0nmHqBxzWSzgHSr/mabk33XXSekp5U3qPQg9Hh9oaRmLaRP7PBjfMoGMRZQVA5GYmMfl491g4Az0UfmdUra9rZ0l3+ZKLqLfiziJiV03zpjvp3XkznsatRKUv8YoxHhg9hzPw7Ek6uiKwq6eEwiMpKBb010gHeNwc83ppBHsMgYcKOwg2ksFp2Tf141rpVdja9zlZRRLV4ZbpxahBLJAmWkE65NhzHsgiYJ6Sj4c66rZASq/S2ILpZUHbq7KC0qv6pg5TTzg4c/HKVrZHkRnTxUVE9yotudne6sou+6XIxpP3lTVEoSctW11ureUaKU4lpvxilxxEfXZS3THJQ5eZMrDTVYeshno9yK6b7SZ0P6BL9t5DpefiIP7/4tkxvyMyqrsw/Pr7288BfPr9643L9p09f/0ZX9HuOxuuauszfC9DySW171293vf369Zte6vnloa/PJL1f4k2hu57d/9yX5b9+19nGl6+/+fTwwYM9esnnp97Jb97KmA99xeDx6Zv7u+/7Obcw6z2dR7R0Fht+/b2m7wfTO1vZmrlwMwfmpfQXg6ng2wIeOoI92Bk+N4r8Tvi+vu87+X1lOTLu6OeN+zKAx6j6tkPuSODHhx/6IoMnjHwXGHQvML28KuQjtteMPG/1XpaDb5GxkBMCa3SRKcTlNp4rTfYqt+f8i2CDZu2+PBpyaOHv4qCVVlw5pFyYzSJZxJxyHWPqD+K0MVx3dUPnr+AGcwnTBhWUM16vcCtfqMfG4Rn5eDgoBldzRCZdtFZ7bJm2p3cqpiA/VWyHRtOBNmal2nCRXRA3WzSTSqS/Bf3sD3qvI0QGU8VAMqPyST4qnroqg4roqNGeXVeGhBErKKkY2CDtbhqoH/Ghm2z1jEyJeLBXXHJMM2fEZY9SIKqsUyVAJ9BTR03tkQHpPLT/GVdhyl5yaWUDdtKpl9EJhEO46vWPhEiHSb/SPJDAa0xVuuRoDHGRFAv93TbkGK+ikscv16xITniVjeZGOa54FE6l9vjUr9HaXXdqD8EhVD08jM86TOZq0J4axhQ/Z/hOX5ZXM4PIQelwa3H5OYAxz8glKK8NpporJSr3n2NcyVv0qz8IbgfO76IY6kUfv6ZCdMI2jYaWcheEJoysCpzjbmkxaIrgvmGLjA103HzEkFO9ikyf2EkjLl6NHv90SGdVSBWWoFxsZDc+pHm67AQXpB7NGuzcA5ySsU4jOBFUdG1T6Ch7g3NNDiKeSdQJpYvtjtMExBGzlquUyMqmDOwYZlkV62iVHEQIgS2cS6VRtD7UXGIq/5iVor4NxfbGPzCngMqXp0pcMCONeEGKP80PSjVXC690hMdFF4/D3DjDMC0kQhjfZdCMXnNo2nk2yjPLY4kJypgP2XRotKxM8xzp7ftUtqy2Pc3DZs5eBRBMF9HhOSEyUajYHYFxAgbpKxKzFTbGNhFeGBHC5UBEPxaL8Akefw8YnNkiomCPA9mE76YQFipPXg27irU7wgnMKhOywgi3qbhy+HOseDnVWwNNmpJrKRC3aWZMHY+1SV1/SP4kDelEMqzNj/XdzLcCaRO5JwyWrZD9Kbam7f4APIwirNeaFPRsjQWX7pbsA5VB0c306ubMnDXKUSicDkeTiKscz8irPIhDYUjqJYCSNw6yJ4DqbeUW+YdIzqYQX59URccXytBVeJXml2tb+a14zKLGdvw6/pDSV5CdChlDpjxEQaZFeWhUINLjmpFOY1NhCHGVrJ1j2j2WM/BFNZPVrp1icO7a4pIpXB97l/TXaSYwOlrYD1uTjJ0I/o/nxOMQTqXCeZ87L69JzCLc1+c47cquAY9HiDIwuhw9sTPPtQRbMo4VtF8J0fsfriHtx0bAJOfvWJE113wFipg1a6CRGly4NQypdgha2pZsUvPt4dbTX+7fvW2p3fX4XvfZgr5r4t0qend3//bNfeJ6b2Ze7Qu2b7sVYE3v/bk93NbP6NYoT/2M19foDfGd6N69/FhVS3kiX7169/ZNX6VvpZ/MfuONB3y7xjt8apXOE3rnTi/hL/OuZ3G81zM9m3A1Ul73/tYaFE1lM9DcwCZ36mp1X0GeLzqdyCE52jd8haRTxU2B7D9e6G6DHwJuOIuq5/57rMk5xn3vNqrMkr9HoWK1+r+8lR6pGlOa8d9cGKzqFEgpMat5rzBYA/H18hGtfUasJRCmv7g8URp76p1g0KrjDL/kGZAhx5Ng3lv8d9Y1ApZtwyR+LzXIIYMKK9vQfDy48Bjd6sNckJA7hRq7RKvKaZV6lB3c5QAHAsPun5T17Xa12wXdwZlSdVImeD6KPObN0gS0CUyyb8F8K1W8mnWa+n65OS+CU+WwbTrIoGmXsdEe/NEcwkuROfYSPsRTe2E9gx60eA59DD6TcAl1SK2z3Wo0gvL+tbbE1EO3oSPCSsuqEUXbGodKjdexSoAqb6QH7oBtP99COXgSbeEAuFWmAy2e0eYcGlLDUHc0nKBIpyo9K29QGWugo41cz4OGvU0ClLz9TZjyNv11hM9WjhIhwDgTZ8mzKVsdnBVXu9jLeEeyqie+VFzZdwEcrsDgYUYmZHAsexWXA8ZGJWc/JqiyR4jamxpTv6o+Rz2PcqwrrSA2Ucu8K0E30tNUr2kANPc0dFijdVrRDhPx7hUaPpxa0IaMHU6mNP3RkllNHIYd+HJoATiuUBccBo9VU/U6IGdVUpVeqDgEL02oOAoAeoytss1+0cRkuCgMAtunXOK0V2AyHDbpJ9GUHgr8YziTM6Lzu+TiqpjtyShlFAbPVe3JkNuGOphIJ2vFdv4VD22L9iTws+G8w1FmhGWiXtEg7Ri6PbrqSJlRHeXpsgMyyIflqAmufL4dNzopm5q06ghRps/aZQyrR6EdsOxghrsgyjvD7GqlahTDPBLLVzqWwFOz4n6WauE1cRl+rUPmETYcza7axDe1xcoibQOX0yZMmogjZpIrqpKa559V8SxOVhWB+srb10QKo5GYogDKmqcnFXF5odd+tPLTAi0FjkIBovW/GYiqjWjjhz69OnACAI2+rOXkSiI17bRH3HGfqyconKJxLUrnC2SHY4l1gcNI3xTV6+bW/NifK8vTeVImqN386FHX75cmAAAgAElEQVTjo5ZAl67grEEuEaM87rMfBGES2yGI6VazcBvoRQ72yEAYGx8foGHgv23HKtQHDvE1syt5hr1V65gHHT3sVPpbURdAlSml8AJTTz+KtB/EmeqVHfVQzywq9WnQ66xKBJw+dxoafT2HCs9mdq1xTiSBOBcpSpTdAIuhfOWKoOmhRo6OF4/6SZ0WRC0yD+AkhYeWWIYxR/I4SOXxw6lFqN4q6XDZL0UOzm0xzfwDXtVQRsKAMRD34xAEJXM3MgRR3Ym4y+TgTtTGCpogWp7eECDIWT86aozmQGFqhIE+VbSc71205vZ1ix4Kmfd64N6X1VsBtyp+c//qTb+o0Psz73pDU7+U1U2COALq7ZzhVZy6fjs3aPcoUif8VtKtrvvqb1fV+x68H//qXZ89ZRRF3/WO7K4bC58+xXX//q4vBlfa2t3z+Azq9OBlvzzQV4DTPIeUCDFmjZtN5VNwvs30UrP7mMsxm23jbcRp6yVFrfV9x3/fwu9U3ijfq//7NY9U7iTCDb1OAO461Ulvv93NVd5L1NlH9kwLPMQHvjzBRF7+X7DRY2TGh2slpklX3oHyPgPKUNjTHV+bduYBMTFC4KO+xcskUgNW2zioi8zWOdBBicAEHiUqKoxEtGxqyjfXWVJ1e/CmsIg7Z4Epnej+veZIXvHAOjyPIfNFUkKcNxLRADlVCDxSY2cF2+qyB25aqeh/+7PWmIsSw1FYMmF2HqBnMyZBBLSteSI6zXThHnUpPPSyJz2LLtet7iIZf6h6BpaLPqPzQJYd2uMCvl5qFqupsbi1VEXHfMbiYpYtAvXtSJFS2mHuKKE+1FlW8VpHMZj5Y7Ycb8yvzxaHh1VzDQH6leXAS/fIwSOyNaee8zH4U4tmLFs1c46aWaTw2JehhF0btao8ZYqHlIRcdvyo8lnAAZ52UUJPG/z4+lMwVyKp8PoPTrefHV2ZqHg+HMlYpA45WSeDOp40p7/CqcIfheyxcg5Te3iOIqcZp/XIEhjMaRWGEbB8ybNlhNJ12I5Dq9t1tcLwijOWI7HUAejgU9vXIUZDw7YtpohBcKRG0T1GaQF/Fkqqud7aV3ziPVqVmr50A98MhS3+mnynWRg3xW7JrKkCqVAbHDB4GySPQLKOm/KlAeu4s2Jss0AqbWhBbgDOdzAOtdy2Y5ZKTtdGxqcZMgky26bMxTIKmhHRbk67CNPm4Cw64rpJqjiGOXs6oWfNs4QxMmUXdabPmq4G0Eg+1y7WrX1ZQkJuVy870ENaSfjjAjBSDVNtEvLIxoHUVIMXRu1h3Z9T5ZjoF2+2AMjVUGbBakdgR4X+mB4tiVPkBKkOREO6PFtyiIY3jZFuNZ8rUYELOb4KmGibRqCOb569iJZQnDpjaUS4+q89kzMPDQMoy3HQKgEdT27uIe6wpAUcOpVCcrbyfDJGUmyVzbe0Gte8Uvr4Ng/yDBShGL5+NT1CQHtTfWgUtlUR08lZ2h2RjqufqutdYatrfw4xncZnzOVBSDd1iTdyjSGWlMI5kLmtrALaK83e+YQvplGla/HJGx+sU2mAYxJQ7GkCxK4CShyVFAz/vDiFmGWHdLQYF/q4560BX3oB56ETYgojOZ18qldSAQ1Mhx0lS3jCBGS5mG+tdewNK7U1juskWEbWfl3CyKTguC6JE+fUgtLHp+GvC/f94dTJcxGfE0ZkIcLUhuNi9EkOgguaof3C1WjJja4uubNVAOQgO/UHammt1B/EiMF1jJbCx1eU9yXbLItdfYdDFPMI2fxjgNXewKJtJrhquPN6UPewG5l5Ub1dI7g5qsJWssTcOkV1hybiDefR58DW+0jOeVTX1/2E9Vzfd2F70qbhqgv90XRF/3UP33vi6O5lP4udZ3ro/vHjo6/NevtnD+gntyX75y+dMnzptTpJ7+ZBF+Y7urfQAz1ff/jyudfqMytXPPWi0H5g7/FTr/jpPT6e6elMwhzb94n98rYX8eQQS2+GMTFbvb1nhvYjwYkWFeIqATX9HHb1Lua3RVUtTxhxWtvrE51OcG8nO/tBsEjZuPZ2K8IzPqKRzCbvGDRX56jukJQdcKWpXCb5ayvSJpOit8wS0estGqG/qhG2l5ArdqSH4ihX6F7mnOhQJlAyFrsktZRuvAl9FRXCyY0HJpcC8pV684uzu1PCuYlkTBz9b5/YYVZ5aVRiqcI3GmSyukXH8p3u0Qw3Exc+VckypfIYUm3aVpTny+bFeS+MkQIZy0UGfdaunkjKR6WH4D7I1UKgyPiriwB5bRdy+RUplhrAEbQ9aYdn5Ic6OFYczWk/2xQiJRrx/jsoG8iOcTFw42FsQooZbP2R82YjHBTF1VSNCPVRiBFts6KiBSdhMxCCbn4IQi+gp8UIIqG89K1dFk7Onnvib6qwq+qjykI5/abskTTDksffuXsmn0EdLo+cJjgqaZoVUik/naCZ+HEmqgwv2GJerE58cP3FZqx+2U8/niG3wfuQchtrsZWgdUk61J0br9U0a/B623rnaNdoCsuZJhjHvjYDapcEKmyX2IbLNOai9Walqn7c4lpUdUzUMIKIgR5t7TncEh+MzMJHvRFDQSOzr3UTbgkwjWY2CIwDisIUWC6AUXdc7aTV72qe/HgsATKlp8EKeWqVk3CAj6yEAZ+cxedig+o8vfBZnaGDO4g9gkrNagXSHoLyErSGfR0y4Vd8kgCwupSYUjrmUcWJhgqGrEniRDUDdZHagfMIPZgL+jPejPJgch5WVBf7wSi34kkZzLhgkUEfLb9tQT4/HhdVCEtmdGfHlUDz1BSbWY144d2ApsY1FbBzOOKQLvJZVi+v4crOrkqtTfaHKKXICNEsxEGYosrJAEpw80yuPtpjzQGnHQsn7fRufSGSIGZNAFdXhXSKSFWY10cXu1vJ60aUgWmIPzhlSyiGJSFabLo0T1ztpqQKhLctLZi37rzydjk/qlhtzbsLF0TlyC0xcae1qJnEKnMP+RVHMiPHzx3W6Exuy4jTiS5NHFQMlG9LUGgdP1RSfUDD01rzzaWHMn7fKL4WmYFXk2gWgjsqiZVdRCin8eatyauI+AttDMRplsajyUSRR0JCSjIOR9rMzeUqWpkWmx3qeSnyPh2rRneywNir3W5lHfHOpXhUrgjBydEMUTtYqodJ1goGOYo8Hl1/QxkxNyA72NM49sPJmKUST6d25pjq81i2rXcSeKRGZe6dUw5Ny9Qctlr4l5AFRU9DtF6sJJDON2rwKIptWch6Gz9a780fNyUJm4bF2UTfgOdZNTS9TC8xJZ+lE0Pqjh14BAvQA5h9N0TGU6F9h91EGisF6ICHqiVK8st6mgMJKxpaJQqGtn6YqZo0yaw8+NdKYZ7O7GrE5BQ9GV+VzmY9isyuqC8TUCW9NLNV85uul1s9+wLwS8v+nhRyX6AL6RsOF8A9hVM/FL7H693v7eX/ZTuhazHvK69rIidp/Tz220B7389bP7SVJKcftVC3F3o7zy5dc4MFPsXad0Zwx0hNiL5bE5vHObZaJ4S8ibjyzPQj01m6kKJ9yqXafj0gAwRE9PjcH/AgVDcaOpfprl52+hHpTn88/JNXxk2bWqBFFC/1X/n2i3VtRbtTeGUqSQa1cpdArzGyhf4I7TaAHk6ZWjgLVo/6RnNsu6adAAhiWsRkrLmNrNFjcQfHci+3522i8mJL/mzOLVqISW/e5IGqhJh9mK0jgZ7iCaeKz4Ls1hZkihmmpEb9bKEs4I5C05di023qsotpC7qqttAJCDrPbB9DGWAl5grKkB2VYJiEMp00ojh88UxXag4GRgyZd7ms0m2001xV0pRKMPooORyUNGTcbMaIhi37XPmVVpPNM+1AiCr81zBTTeVkdQwFUf+K5vVsEhmDHGvMM3bo2Mou3ATfWFnmv+G7IglphRKr2xi6ksuVEy1mtW5bA1SeAc0BHTZKOIVWkqBTGe1N/ZugSZtbs5N6gcaz8WZNOkRlbaCDFClHvVM6FtYMgETV05wCp+JqKFO7qqOHZNuoKuG6E6+zbKZVNwZjBTp4l2daexu293cgoNLyEO4SQuf8s+wiU1n+GKJM+8LsiLVUPlj6OEtXMzTpYSzbZtCq+owa3CG32AhgwkNNFSMn1+sm5Rj+HMI3TTc1UMhoS3pdKWr+WstyxeWzY/cRcLwRap8TFfr0DJh3aRGMMcTLDe0j3Z59zAg1BQ2/PP98MkFVoKT76GAg+QXCxk0Dy5QdDKjsQeeQzYDXwQ8A36zyUDFvEi4MlVfXNhZcUAMrAwt/QjgVMWUqjr36FVzlo4O+mpuMeUQpTqbEJNcuFPysJffsKzpSxjNvKZn1454XckxUoPS+YqKBuFpT1YIu75foKakeyWo2dMP5XBOLLyqSOwx1hyOgYmADqtj4KqtH6h/kKZkNK6fzUIwfIWJCZURtu6Inqk1WB4pd2uxEMFglVHHof9d2pW1Va7EYStCSIxZc0iWeteX1KMqPY6EUyVFwKq0GW1gH357WF1EQ5VP+xF3FwrMtBW7qTUtFlSwcETACLzfI4KLPRp4hVBTW6CpPgxs06QEUeRMrtGuDIURVrf9MPsisY8FEakWXLspOm9nOHkTJTkRLpasRuPus1vIaDwwojUZ8SmYB3ahkK0HUlQsXdDk6E3lVoOwLgzP9xoVKfx3ToSOp7WBcrGycCqfu7Itq7P7R9ye41B3yU7pR6ph7nH4008nG57jGoQJnzO2CP69VV72/+Q9h4ibxxqZ5T4uNOA2qtj1fUrLiVnepmzvKGUROk6Mle8DROCbv8m7EE0fyEshtcl2PeqaelnJFBh0uM5CWPTLZ0rbIYUVEbDM5xzdRVKNsRBtAozpFQc7BAPm57AnFqkutNAraQj4lHUWWXnaVpEqX0jM+Da2EOxlw4aFlYqPS0+P9XW/sibzh6TzQ9rIf4Xr77v6xl9l2H0ArNA249t6AlSDWmJ+IrKqlfYtuvxf29NjK228wd0bw9NgjQA113QNg49acLUrv3vu15qdPfb3Yg0K5rWGxtaVfGjZzM6WO1oNEDw9+rDf2jLD45M98UBtl2KaZFvhfP7ee9yBl1QuIMzBGePr5FAw3ptbGRYMpY25ck/BISw93YWPh4zVA4qomqgioWEOVZ/qmnPk60jV5ACMCXCKKRgiNM/e0C2YZDbJgcIgA6WnEm4yygflbS3H7if7pxpaqu3y6oJZTm5ws87qy5BSaveHII1edZXGvG27TnDqkRk+JaXfJquxwVhv48YSyQCKpq7GaS0OHEHPH5aZqDj02HgsTxIBLBLlq17sy6Dg1Z5i3DsMlU6a/DpfGhw8URDhK5uGrBG5bJEexky5zrjhNLtJtvDjaaafxyqWD4/DJeN5KX3wr0umVKJtGjicNokXTcVxFN5hj3pjUjfoy7UeMUkFCNELUQoLv+B1Q5RtJOiaDfKRxUF9j3bZCSjGibXMhvWIKBv+t/GYKYubo+6cOTR3nmVLp9D7Qk0DRCbqRxVK+uqEI//iR8in/yl3EjoLcl/oFwCoIHRddK3dt4ZKalY0t1KhkMxb0MO2NRev0FRzOHWbyaIYy66fFpu9AqtNbMp6cROdHpcPQKyurFPwS23cJZL2AItOnBIoUx973mg1Bz405z1aRhQa5I+DwcYr/lCZIM06fwBqLIjUG9KlL7walPbcAmadwlz29ocLdfeCIjCDXWJn6lcwsB+w+i7EkHO8ZD8I6F01KmQUUZRj9yOOqcrtNO00ZXOnR4QyPnQJFco28cRVO7Drs5JJOvNFKUv2KYqus/eyqlCiG9JlZ80/ZBCLK5N+K+Ux9Nu1CGGm6xzeGQfHGSBWRDJwOV8WhPtrR8xCxnxfcf5qyZWqfDT/wzKkDRHZTTzxyDokav4oQnWl1KPT8/OW6OAb9oM7XNNa0WrHJd9OtnpH+4uls4Mi6So5XwjxGThp4cVZ7gU4lCxVqLqLZDGMeTG7JhUoiXBl8NkH8xZU256Lf5E78nIG/ao6bOh3XeoFdRQQlkjq8UnrOIZfNI5sq1IxnUZIv3aA7GAyN9ExoQ7UDpWJh5nqkDBeAKOMTTSWK+6fpmm45xLaLMYJRI8+AXKQ76b7PCk7iyOecjD78N73B9hEDNxcE+f+zTduVXWoFaOg7RfEuhMqJFvuj14GGriieNdhBrzSi/o+tXH2G0nn1qixwDrV8bwwJXARGgkvV7AY8H7E6KxyGj2GbXEQqlDjaeFpBHyX9a3Totqie3bUUkV0g3ogaFU22O/IGhX/Mg8wtlRYUG6gPdUi4zLNCbE2P+AzDV8PVuaKCq1kpQhhqLuHfXcVEQG0Ee93GWBSinivGdqOp0OA+BUc0LSlcWYcrtda6TEd7TRCVGFKL2sh5Ke/2V9aUUiXajhk7Xzfi8lJFk1hC32GNSMNRDS4eoW97WYfZFGFAuz5V8Ub4/Si1JXAjTmNQl2H0/C4/VFvWt2T7zYQvX1t5t5Tv9kDKHcrNFkGzYCNFb8jxM1udV67Hzha9lwpv393pSpH2/k03B3ov0H6yNy0q6ue9umLvgaEuxHtMReO1wt/av5sQjY+p3i2Hx36Oe/Cdr/QWoRb62rC3EgVRQ0xY42c2TJyrcECVz7kavtOGtVnDoncK8V3X7I6fDkIltlgyYh5sMM4tWe/nBFaV4oXcplS8xiXTZ24roriZ14eyYxVBzTGl1jYnVgtpHFro2jEjZTO/qrSbPJcPkzeUsLSn8lHCzfzO204sxrdIaTxvtsw5mhJcz2vtxsjYtHYeBz/l0rxQK0nRCvO9JFuS23SfEEsKrozUjJTb9x1r2hxiBhq7FNhL8EVAzJ3KyhSektEd18VxmJAtdRiinjLT6rniIpp7Mjflj0PHSImjw82pZmDKTCuxuXXHbCxziiv7bdSr8AyawEOgLruCT+Kh1ghsbCcIt9ctOGPmHZaTzqFXGQ0B+R+QoE8IZyjwKSdzpEVPzjmwF5SyRA0iTc0iFxepMQtHZVgtk7xsLFbsmFH1v6TEaibWq3+HNYKKsg5PCNNuWArqcBda/GOFiusgTLl1jlOSK09U8dmhm11gFWwb09S7gfFo+oTp39+hFbTaSJMroZ6SAnzqXDqlDh6MZwulT+5OuBrVuWoUKRZkBVq942Vz/m6tF+4YAaM6aiA2zWSUKx+n2Ly0cgbWe6wwK0nQGqwqQ72nGad/BsR4NNGJx5u5WPREcnuGMQG2Xf7I7OiWP2cILiEagSoskkIwRuU7+fY0Jya8/jPAEWASFKxw37Oq46eUkXfwzDBRaEhqjNUwHNEu1pA4+NhmRGC3stWkDRfxAPvlptDUiBlfwKslpfQl+cwvmBAgU7P6UjmIe9Ae6HENDuHJtT/htiY7DX3M4BGtkCsYZlNxTME2Ri1/FFQyHefjxU/Sp9aYBzF1NmxV44XU9Bg+EPMtoQtpzazJ1ljTjjajrjG8QG8SR5udh+zo2LyVVqa+jR0TET3wBcP0WSN0Na15vKpZG8FMDbmNOwUMi/O7pwQnfV5XVwPFqj9JH8c8M9JcuMMk+GwiekG4ssTuoQ1EoQRmsp5luNLQdtow12pN+ck6p/fyNuOrmmW0+1GoVEDhCOdSmU9XZKePJiWbPGtTd4BQzVjGBU1hCOkLtPT+86yOWHa9bOI1/miOJlNCA0S6znE4J/B07GdZ+JirbtJpG8o0nnRpVesr0oxqzxVUqW4FilCyZQzPOChg93/RTpORZ8ncgCfGVmoghqFtlW08qHSWXHSjWpqVbUcohpv4uI8qq0vIAkqZivbkpkO9u9aPkSf5K3/0f85+JCJRX/iSurh2IFX52tcZsRxiRFW3Q1HhSZXJgsNzyYE9B0wf9lV/VjdrQi+QUUTZysddVs7fcX65xvEWeac11G/xcaS2D2H6nyT26umKdLUVwVQUEWI8w0d4ZpRqNnOM67CO62ITV5sFaB73BMxAje3aOMi8NxlseXYMgTTgvkb3msDilwoN5S7Ue8SzS/53XbD3nI9hr2f9H7/2eh6/lODZ/6enHpJJ4xi6V9DzQeEYeouaddcNFZ3YRV9r+/JAGJF+eHzsxTv9Bka9sO8QW8ObEEnpNUKp9Ob+dacZBrSWloG1qN3U5LSkl34Klb4T3KmIIKpdS3fxZBXZ3Rd5o69lBVdnIybITga4KPINoPFYALmClsJrcX5Nff7or5isdFfJ+hm/Xub15cWnfjCvExPAV1cKzZaxc+TwLdVB5Wr5RV/HUyTuKslZofSFiUW3Fqq6dDpqdi0+FlOvwCpb+TpF+foMm3PCpJxGi59eMRAFEOZgd/+4qfmLXx/z1eqnzmrXQv3ORvDttVYt55ZAfOuZYl+w5OrFTN6sM8j1HY+ig6pp1wfLRnJhW2nq1RRVrE+vmjlmQWpNtVk4WypfKaOX0gBH7PGD5pgWVdTdLuXgkcFftpIh5wFH0oCdthy8yqnEXTx9lSI254VA+viWg5S2jK9p7CtWYH+O6DhhbVE5mLXJIVxjUmlla55nCNJGPz1LHdWv0pmhNUmYYMSDKpF4YVLtiYSqRngAl8O50o7O1cuw3kewCpOaKOyaZPX6iifuIgPPub/tafNFXYnXGiY4qc9oh8kFxln4VVBOZh1ywstU6rQxEBKUTiHyZFhbAa5TPoK1WaWZntLpgDjSFjxGHBz6OGH+9ScgJYkYUDWz6FLqGLai0Ux+vH0MXId3QpaEO/TtQI0GdJmM9s0kaNlnqXWkLjJ5lIoNgm5y9kylFyrrVIc5tg3LVlQ5JrgAKTGZJ92AkBmBY3EcXWMWeRHXIBsdGqyiOCaCv9Ts4CLvts0o8anT9qdcE/XpX2DIqDIWu6Gb+NRN5fRrWCaq4b8LKWT0idsvr2sMejQ0ajytDL7k4Oi8/5RmaFvQkZzWJXz1FfHYiYj4S0BbRJSDt/9DvuCn9rwSQMTdHJgny1zy48qw6UsppUDnqoOGk2ntucV2LjVf7aSm4qSsfUre9JzSdm3aYlYMdJil9FMVnEP/3b3jciqJnFwuNqwyPn951IbnGpbzBC3nhKFuSahWcL5QiwxPZPRRdyVTg5wJutx1Dpw3Peda+mybI+gOqELtT88ZekjIHcGgJ1B2nJTSqxfsIOemS0Gw/NXhVOX2uQM97GlUwC6pTX4sDbQ4qkTcpU8cjGLFtZXo7AT32h8GRRAEwwUltOZOqA4TxY6QEnv1/NiJFbRtc9zY5NcV9ABCZn4lZuiXvSG8liSjLdDJPTlGz/CbKtVXvaXHKaqp9/pQTLEOZW3WvJm1CRL2fDQg+Kj6E4hTix1tYw2iz/xYGFEievoarQ9jyeO7Yaqk0nHFAd87w8dFFj78JTnjFtYKz0YyhCNr6dVBfqbRMH5DrRVGOKzAZoSadjcTwfAZMBpHLFAuGJVUOaaUvihLLWSq/61Be2yDOJ646XKOnJbVFJFIE71OiFY0NShyBfMIZS6TbsdDN3oK8Dsdp+9cKqUfzYfqBBedKM844lfeoYZjdOXtgFwQJVMxMkNAtVQ/rYgWZMd1JNbMB5cVZQZyuxMYawWM5EVV4R7aEJelvnXEZgrfABbiyFpbV9GsJtRffXpk7WPLyNb/nR70A3ku1Ff29vHzp/tmi04LylXiOlUAziq6ItSs1xM/H7Pv1dseJ3rq5wNa9kfhOwet/N98bz354v7r5998evragz6dAzQYPrmHkHPAcXS3B3peqLmHC1Op/s+sLSn6GkDHcgFycRY6r8hgw0jSmi/bNvCx3rA7t8CuwAlDP/71ufnruF6j8UiCnUo89PMFa6bIndKE56TBNGgwn4ZGG15ODd6uVGZFi+8zyY9CpSqE6+0dotbERpatx4inWR92TssDWHLsfDKa2svEEflhsOzsr2Va73Lq2xos+Np7l168dpk/0/tuQ5ydMn10xvb05v5tpFG5KNIdnuRnXBRRM4Vii0SYJY/0hHWCVCic1UAOyV/ZkVEmt0KAemuLIGzGr1u+47x2ajjihlpx9qKTmIFT5VqdIfTflrXFm/LagZ6K91Ed/hr9FAy0sudt7bNcBLVt9koEkBEBlx0125Ftdzus3aAde9KTIrJrAiiTVVEVutFiw22Wm6qDvNgnqILZRbH9zxRVuOeJU3JZP/12SqWh5dDgZUv3724xNVUuEbM6HY8QTUBqWZcgIQAqy52ndse1JtMEWn8GEm7HTZ0pOBUnRwjQO1IKtefcvCCnYoqOQJ2JLa1HJrvaudJuSIMCYhNpBhAA4V2FlSwcTvYQcrc+lQrknh1PSa+kIuc0q6+ADseY+WHzMZKpvqp4cRrojAE2enDOTYBH2LdMMIBo/wj62tKe5a5n+CNJJHj2lkw3Qy8xN/07isrgj93toycNZhKsGK0N2WhMcsO0CzTpvPGbOjB3jLfPsTwC4/2pAPlMNMvKwY8omnAN948/fOxrXXsT9Cvvdw6TtIz+2tWEfpT94dtv33XhRmCYLfJHmnLJkbJ4kAxu8sBPn12AUHOZzUBsEQjINEnDePDmx0wFYp9qg7spLScqsR6aw1Ya91V43H5lFG+jVomJAV895cc3XRSUvzUy29gxZWM+iq5xRpTaOHjDfBFObslZ/C5Tz1lpJeB7MPb7X/36V15KoRs2i3rfRdbWBl1s+fjp8Q9+9cBdTYqG4Ck3D5SZ7Ik25IInZyuEMChKlRGkJ69H5F8OVv8KxPL0Uby6WRdBhjbNtlNd886vghpj1ZtcT1qZmSAkxk5W/pmQCbLaeWaomCJxoFi7BWNgqWBRvYpJmt4TMpboxQamS415W2zLHwVQnFwliT/xT0Mz+xwoWl2XVJ/iE7tMBalPQJYOhaij6TPQTWeyCWA1r8Wylhk/4CTOv9PoqNEp9kXMIRFUXONLTJkpDDXhHSrnd2r7b5ObdctMuFSEc4K6eG7tJBeQ2urRDeFkzo8GqRniPBsBsUg7cqx6isz1euelETIVM+NQmTBuUFO/ekD8o7xPvh6RU7H+Z6vMxZwAACAASURBVLaa0CYL/TH+1M2oCIIQYWubgU38pR0ZO20uMa0csST6kHQsVfPPMeHZwBrtJGqGyLMoHuUUZ4L9MlXrviuqNFUWTKoDHte8DGdGz+mnHApQtAOYNTLDP8LJvsL4lJbnc0tOYq18SesA3yyzg53m2fi/EmR65+qxmuZnRrGXfiawGptGVGi13ijfpfcewvEN4LKtzz2T8+Jv/yP3v/PNy12af9swte/0WqTH3Ez89tWXLuJ/crJnMWLx0WX3LHUanyh3VP7UTz++vn9957LSZ2QZ0+X0nkR5/fTD4+ffuf/8Nz/0eE+vAX1Mhb5dDOmNq/bdhHj6/Ob3fvXpl58uT4fZuravH6xNXXV6enj6pvWsi9IMb7RKVkNlP0nQw0KV/ebT5x8+feqMotp8a8WcXjyS+o23j1/+xM8f/uj7r499qYDgwrNm6J1EYq1vyT48fvlz/9GLLDQGLJJcWdDOgdjftlI3f6JDwfupcMq315vm+o03ugq1FwUW8yfkIDUDuIejXrNdJMtLW/IQDFtEjkq79u9qQkUtCMT15xff//W/kt3lck+eaobJb59+/YdPv/7Vq7ffZqOXMQ1mUTihaWV5HXA1IqV9gQP964vavltGwfXr3S/v3r/6yc/Wg/SAvNe5ASI3Oig220LhkFhgRFd6naOinG7kX3yiQsZ9BGNiLvIK40uhRm0byH0GR1Al207Uk3GgMNtwTPyQT5mwISYoxJOFFF3lWBAYM44qcsow3PZLrV+lxqmY6kfuKVsFmZdVs4eVnNt28a1PX4EmFFXNh3PKpj7rIy7R144GHUZTnn+26d14RjECJhVkMOhwzQ9B4S2KDjV2nHKk+y95ywQf5eb3qyoCHJaeSsZ3XB8sBa6WHg7CiVYTW8oMObWK1asWH6G8I2pDi6zMekhHtpPjs82gnk3R2PHMGuyoXUFdToBNVgcOggrjBiFxMOcB1IluE83HBEwry4N1zih0tD7Bew6+TZuE0jBnEHU/88Xf/Mt3v/6DF2/fZnfXQOq5nQY0fvZVnPrnmm0Y3ESzWUDShFdv6HOmNPvbU0+37DcZv3759MOL3/37X/6RP/XlZV3YiHD4HA9AUi943kzj7eepOWVWEzAr2te+bgd9/fzQ6v8nd4//zX/86y9+cvfixf2c2MmMS+SPT73mrV+E/PThw4d/+d9++OHVT4ON+YCTSJYRLWVLTR9eGskMj8DnCseTwy4gjhNZszPEeYafna3O9qW5YUZOgl3a1zSnbCgJ0OoBddiWOglZH4hSUnBtIzXK6RVG2Hl+kk69WnGITS+w0pvfWDF63j+YleRHypQoU6NF4v8E9BH58cPH3/3uV/+tf+KP/vDw8ObN2/wTaVExzhe9SO/Dr3/2X/h7ft7P03OTYqcJIQLWVPNMwlk4zQhb/M/KiT6WU/w0RZzLzL1TB2Ij8Iw9DoRSfaBHbc5ccp5YM4i2ZKqoM7aQvvySkF3NzvyKLpqBCwZ6V9ZkZMHEhonZiKJlIlC8JfKWc+SDnluT1XaFdOYc+00g8TYmLTooevRtv6l+bNEejcmcGlGN0/HInrDEWZSu7fIdlUemUmZdNqLuQrZCQtcGUnUMgqb/rj2yT912rkhKtJHXdqTPy0vSzztLygRXizeJojwqcG9Vyw2j3BpNa1bMSR0J61/7IQ2nzwmT8pNJBWG0IGoZtvyaQYi1TeGhxIEdnvz42bzcRYcDm3gnWftma0w2KggQFfJXFB7tELOPvc/a4T/4CYfVRg1YYDquOJqTXZEKPoV0CRrdyGf/jZxMUnPRzbqw0c3WhKx7KLmkhQfyuV5mtTsyYNgTS/rNZ1VHB7mdYfWwiZhZEN0m0lHUlv1py7NFTMdsrIS+Zfszw9BcVjEfUEz2lJ3DyR+oG3tlSRwiF6jcHNBy0O2aLg031zS+NzXVhz97/qdJ4E/98Rf/6J9+9/1vWhu/+fKioSgde3dnz+K4Kfnq5ds/+P1f373uK71+A1ivN8jrGs1+v3l4/Mmbj//dP/Pp6cvHAjvWVtS9YfPNnWmtV/9/e//6L/zN9//sv/3yFz+9fwmvM40v79/fe89nwfjl5YePn/78X/1PfvP9bxZ2bx6ennx71XjOB70j4Wf3P/1P/+LvdontRGXOqONkXm8V7brK6zdPnz99//CwdpjfubTNMsau7yP/bT99+BM/f/3pU4/IrKoTmx4P8lRrJF86B+q9oZ+C3cI2CgCC5/RPzZPn1gQL1zXQaTqt4KNyow/JC9E1ZeXJALByFkkhwFQjXbyGdGtkL2DS27hSilWNqi3INydk8GzS43Y57svrN3/4H/67f+1f/Rfv3v9M65z3mTa5962J7gw03limw7KoFhm3WEoBElJhykRCRQGU6Crtc9Hnxzc//52f/2f/4cImtd0i6u6NC4SmKbqxBNOO4DnDyLPCS6SDQrKmgAFltqAagpoyQr/8DZA2YV97rCRENaVxrrNRZ5vKmyoLoHGqjaOdanJKLHkTf2M7wm6lsKwvHIYaiB4bwhgUl2h38dGPhsM+HlhHJJHgER/qaRFtFXUc71ld4/6o1oU9vY9JQ10crI9eM9PBDp7kMSWH0nmmxh/VxcmQ5LqHU4kP9OR2mG+PrebGyDLmXEWYsxQo1eQbxbpXXq5p8jBN8eHyyfxBgJGYU9o4jjeco7i4TSrXrfKQoKIjXNKxFf7sKn+r6XgpSu+VHurDO8BTfCTTg6DTCGRmQ73tWfNxTALtAqzR64MxNEBsvUyOSw+p485YT2yj0mTdfPurf+HrX/kPGvIi7Qp6DmmZ556A5yrJftbxpJQY4XJHGCDyDEsua6qoPAQ+6pdZ3vzRP11n7owjtVcTaYkqbV0FcNuBugbGiVj34zI5Zoc80MS5TCAEfNGn//tXD//t/9rf+bt/7NuXX+7TuV+C6U6w2T2WV3cvnh7/6l/5/X/x3/gLn7+8ffP2m67BNHsQPlAiUyhl96swBsBUyzebNsjcSLJw4gPKn5WDqgUT7raj3ijMGnM7D8RKhAHlYkaTYZhWsnaQW/6ies4n5VZTlQatAB7VT3Bqw2ujfqabqG8Nlyd3zycGQplY6OkxBWcFyzfEs4ATgsh3NFuE9RKLL3/HH3//3/vv/MO9Xxu5J0gNnll0Omn3viv50JUaEgRCtRC6sFYR63tWNlrNVt2MGO1xSPm0DpqGHHnzCixabKNvIdIBMUMq6Jge+JGq3sQewyHSPbIPbtUcRjhELYqeWP9qrmzp/sw4+AZ8iKILIcoGD9vEbuw7oOjbSIlqsYvmxpXEzUoQKtsHWH+8dW0JiHcC2k8cG8cUMmOUm1+JeEaqPKIInkkpeyJjMR5n3kCWHlC4c2IL0HE3GCxupwkrch0FQIJIqJVZ7rarmDJhDnJE1KFE25IXESfMqI5wD9mIhnvUOnJO5QFIDOkxnxMAUomHf1RfajuFV81VPz3BEcrD03nEoVLjxO9QaXi8wIA1oga8EHkCIzMgzkLKLBnWkhOgNjL9Hdn6043O0Yb9oJwWjp98IDslq1b6+Nm+fx2uj/JJH4SePCC6V6Gm/8hQnrPNG/3p1Ks98Bl3JoeYbCf+tTTPzWmzgBcmZLJutOInG/PqHDfhqOayqnzaEpUQOdlspOcBUknWKqtZEjnmxT6mY1eP0FTUcNLF4m7p3vUTWH0neM/hfWnp+7orQb/8VU/83L34+PmsirvhG32DjiBPgzffdD/746eHHuHxSooWz29ePX7qlkJXpRqw+4Gv7hDD98TIGRo/uwz/5dW7r49fHnq65P59U/7D09e7t3ctST89ec9PU1f63929aubpzCN1vZ+zcn5wotL1/RzVI+wacBuPJPTpUz9UVoKC2WawjNDdpk1dulXFmsGg9ioD7x6e3uzuSkID0Ye7gdDvHrhUYYnOv7Uyn202zenN9tl/GgDkaYLM0zy1hePRSqNQNflWNty+ppoCdmsWEByaMGFxTRQV4t65xphcO0l5Wni+ySjUNffuSdSPG1kzxyzS6Vv2FkXdCPn05u592ZYcvVqpL2EkKFDnAwEdYwPJo1NbHRXZzPApm+6Ox416korqX730nYwxHtLaUkMvxmZKXjgj7oUEeWjQ9QX6pzXvaKMpwmQNRGh80nTpwNGxKT9DtYScLbhxxHMQZsOSFWDTXzhzFB3S1XYQjr0RUXVUl00XDar+q/wtkAgrhngSwBk1w2rDJJBtdrqQS5QhOYEHSadRK6AG52zz+HzQFzgh/NQFtE1UIE8bjQsntbOxz+54cRftaqLT95fXfUokMe7+ZBBN10UjA4yK/K55aBG8S23TTyv96G0UP7JF0CcFT1dAf7ZA0yvgsogovWaVvhxAIT44VbSYcgOoBoOos0Dm8PZtJWyn88Baub0uG88lZ6YYK2KJrN0k5Y4IaLvIiprlRAQQcYakVh6sSPff751MZ/lcHF4IvS54mlwgGxmC1KRfXr99aGkcWtdaXDb24gF8+YPs8fEAbSe3fT08DbYh8kCkyoSJACV16s/dk124QTnO8Y2qYdSCDbEbIJCPu51gy9rjWD0aMUdBnrgu908y9V6++eGxly7cJ/TL05MxtfX/WsJ54ou3v/nwupG4CwGf3zTgv5nKKZk8K6QhVzZDc39fGaDP8a7+TvdL8w6rmv+oMo1ZtXaSY8wuhADkBQqC67MYhXVaMdxZVkk0x7qoFFe+Qog2ktCEncvWltKr058u5NFtuV/ZxqGdIpovpnKwrCaAVtAQpM48RUhnVB5f0/+iSdbrF666Pf3wEGET16N75yek+u2dBCfmU8/+1Ny7LT8umgKfkGlZlrAaVs9Y4M0a5XrFGhs5BzDViaBCBLxhN+LKxXPFmaUmdabI7JKvELHG5f1jK0rlTKuKbi0EeELBtUWwphF/N6lVTRpaupQLfIlFkPJnciJQtXH/OJD7126YqWfwPMqMPqAoCrYSBy9OGgigU4ItxtlzFJmhEx5G+rLjUBWDdSttzReX+nEHNuX461DSbLzQZ/LMq/iZUU2b8vhGs7gmMZZKbmBHiUu5MU1K1dPlQolhrrkRHIHhaAhyftx+TPsSMPgJ+1HgRX7aQahk9c0JmA92bJcRB/qiEM6kbouZU0IwnircqLja6GnMfgbpHYzcYZkhkFf9qihRS2GCOMZbOgpUk5FmF86Ju0tRFNtUzithaDzBmcbZ67Ew3GvJii7tL64TahyG344SA9gxc06YipDpWa05pFoarYGmBfx1z6EMHpGP+v7NwfNw+CsISj00O3viGdDWTNP37OvetZSHNlsqx330C3PgqI32l3n5soUg44MwvrqMlI6vX/aTvy0SE5KIu7seqfFKYr/51SDZN2s9Xm4p+eb+rkV83wHgPt8MQN/CdJp5T3+gcdRiXZA/j6T3JtCtPr++efves0YvvvT9gC609y6DL51j9NPCs6dnV/oWQdOqLwr37HrfCghU+7hYctfqvId2Xrx4983bzka6fZGIx8/dWJfLypbaZltjQcNDXk+t05KmepMjnzUem1jrA0g2YFfX+UNXya2wc4ufDXNr4jRrCqQYM/lxDcVj8dYK+ZzLT1OtKD20i3T+L12/gITo6lEVWI8pOTCrujKjWyig398xJO1qrUHF1VnTTslqEZ0oLZLSSRRb3t7rLl0svHubNUT5tePXvsxdkyd9lvkSwEZ1J0nUnE7VEVeYip4Ko86a1p+Z3hfXEnT/7k4ZTwm5GIq7zlKEZES7qCXR3+k6Kz/m5YZyl2UocI84YctAqIABGnhsOyz6BdkNYCjH1WsPMR7G1TQQbB7ecodatnZvuyqWDgucfiQvm4C5PaBDOUC7qw2l0HDVNtKnFuNSs7AYFsmMCe4CxaP3XWZUPKM3BQyP5GiPiGjT4FDAOroSeZMsHchl0cFdWUWBdtI3yhlyhqlIFwCozpbC+lgN/lwwB7DyyLy5BMXsnD3rmabQRaVz70uNG0x6CUrGFpUHiooprDCZlDnGFMMylDjGjy3bzxy0JhkbcBT915/1dT9Hzo8k+E/aQeaCM/YeQ8gqtXaN5ITDNORzVtD4ipLSJ8gbuIwKHi3UJzTvMbR9AdqDjF15SCrJPaLzpveodQreYHR/H2R3zHoGr/HnkQwC1lUTPnV7CDO40qHzRotDYOt3Ba2+d9pFP2xp/vHrozMKN/Ra6KdTQ+TX813jqqna4OZa/hyZfieIM5J6ZB7nz7t7zj9xjcR9FdVvpL9uwK9Zu7eQuKceXoqju7dfXrx9f//w4elrpwXv+lX4+97s9vH0tRCzMtuASxB1XCy5dafWqiW0UbGszTBUiH5abd4HxQsAKodp3N45aOWNBoxA3/94ywI8aPGUaud4to4D2uESthoE/sczVPlmhsDKxnRR/5iaQpXHdq4DrZNTtBZDrR3zuolDtFeTP3Jk0eGrdN1LicxQ2yUyb9T0No0G8T1Yu9XRvmxNA4DNnCbXQPIHhdKoGwqTUUZJ8JqbCh2P60pmPgbumo2M9F8HgV3N1VWGWcUKox/5WI+ZaUASuEoDoMxBu0oJohrZc9skHKkVackq/deNi6h0Qz7vlCDg6t5lWGGrwni0qpGvDukBvtQNfApPJEXzoUkwJ9tWgoUKudJ/XSMdIgos5moHOYZlL+/lUwgGj9irKYzr1W3tavxVI8CZ7XWTqdJhWFEd5QZE0Q35N0beagPYdHWuTmDhQtucSnOpshr92saDwqdNc8xCBaQNh4EaWVSsCOlhkIqoK4c0nCV10dlI4EEY8WTHNURckuoP4yXfgYgJ3HoqLbK3UnBmX5lFKgEVYamK0EnMvkGqODwXK6Egjoy8VvqUIJw6ZS+3MYEaSuxkDiulT9GAgKhJftRXrsCsSJ9TKVpOzTjbrXSYzxjx6s5z+sHBMlA0F8cENawc3sjPWG81sqUKsWTVNejQYm7RUes1Uuw9YBMIekKYXbuy6WyLjq6yhNhgSZsYkObgrTOC1Zkq9U1P7BWY7YrpvrGb4Jha/lrdN/q3UOprwT1ns4VxI5W1XZec+mWAx8fHV50VNCw9djG/pUXdiWnXKt+1IrKfmjC6B/Cm9Xq3iz+H7Apxz/Hfue3w+fGhcbCo6LmR+7fNNHefHh+rb0R8+vj4uvOOu74b0E+ChdSLJovjAB86QXjbneivLztRCP7xocdqTW5NJW/fdKXK25SbtHq0pxk4LWrJDbbSFnaZrTNQQ+AF3gxpXm+N5AJ2/dPo3JlOy1l0Uc7nM6k8ffwvCgPk0VwdkUCCr2jlYzwZBTkqQYm4Na0WSJsYLhBEBxL1GnBsV2QTsd5M1YmK3dI/os6GdPFe5vPGfQbWiI6Z012dxqryrQra2NVJnUavhE/mml7weZ5eKEe29QaDMs0j/wlEaC4J/PXrztVa3OTufs3NqaGFTgQ9BlCLpxS/CoqcEpsNaxpB4TDYNOcXJDlVW2kencCSFcGIiSZ3zjxuPR0OSSnQGbxWIG2E/Fo9icetiFnjHPcIPSRRkzL+8Rw5Q4sOxknfkBWhUb4umBJAa1jNBsrJxsSql+o/TQ7WMhqTQxJr01RUzQxxiXtSWJc/xjvqiwWZEWL6Hf2XZllVay8Y1ycAxtMgjs0Ux4/ThSxAq9Ey0VVWIiTFV2Nxg4mv1qNWtTQfwcUP3B8+Naf+anQMg7usGyegFR4cwxBkdxPVJHkLhw75hg1Hb9QTwNzoUaosQfk03RaEjzTPHqwlTh782NtrwYttIGSHk5cNbmWSvztoGbXB2TBLrfrcgruRp/VwPaPXlL363JOPL17e391ZoPdmtdevH1pBPzQMNuJ5/GqLbldHIHuCbq+CYR0l7MWQhyk94Zj2hpw0idrVkMa4xqvemFYn3shb+KSdL/+ImdbtXZ3Xo9ORkWtLPUWC9A483PhvYOAkl2gqidW72zp5aIUaYL28Zevnr2/fbWh0KejL/d09DfW+0KCCXdvpwc0HLDDR1LEbrojMvWlWOf0aIAyH10ahKmBphMBoR0JGswC/9jHGlZu08aoa90FKEFP4VNttyKkmktPQ5LSdCEd4ckqg5AvUpQwRN1yBVRG5VUMeRGUUXLNEnMMi2HjM2WzAFEtymtWkauwzhLM+Fpfpmlgf87OnKM9g3vjJs/m8ykb1XVLJdEGXEh64v2kWz9Sdrgo5fMqao9BdzZ+ih4dH0u2yYKWHCC9N+S71Y601w2CszxbUSjTC8e8RDdj/el+AUBjXHorPCk43roi8FW9OnQCoZtuZsx3M2NgCz/4cVkABPia4AnDhiA/JopEbhtCYNxfMrkQ3w9CIhjCXbjcBdFuSyvUMdBOx6oXmbt2NaeIvFbO2TkMJtmGZEhcbzAXt4NtF0Ef7R06E3SU4Vkb1mSo55Rg2rOOEeMfD4YmLeIBiej5Sur9DvtErcRfCkUiEbcPARB0fnmJ7/yTtMI+Vn8ev2tKjaUcH6Y1RkvPBdFOlB8wFVSGjn+3GdYp5/BI4xy99/DbqqTMDr+xQbqKj5o7f2g7Wyis9FhxvHbmrCa/PTZEyVDguBbYul9LCwbYy6mYCXxieUqOUmtvGfv8I/JM9hpVEOfp2BNmtxZSijm9gVkNlldCx5i1ikKdMeXMPvIv8ZnwUC/iI6l4jADAYOUHjcCK82VZJs8V81/Kx1b9rSlY0sF2RN+YR1lDnVKEXgJ5VT6yLTs8bkNUAdT430WVD9hPCe5inM4EK8t2uqLsQwu54u27fkvGODg8fu8fMJr2vq2h9EeG+J/lDgdQPkHVW4DcDmML39/dv3r1r3W/OqzDdUgG3Z1GaQNOYxIpw+HCQKdNYYUHUsNzWKNzc2ElOglzuMosY2hsuohxrOx2WzrAd4yllOz5FHEX5LBZWC62rGkqe6O+QIA3I/HChYDwaDgPBwUjsSqIDws1zUfp1j6LlvLe4dsm/JUXY+Usj9yUNW9RJ7LJ/51RP7+9efPuOpzuXagbubn+frhp2cbLzhrtWMjWFr0I7mQi0R3y6rNhrUGPpB+FeP355+fB01zXCHpHq3n9Dots/HnrOHeespHZyHsVoLmAae6u35dZFMe8t9ubDuQkxfzhlYyZPzd7tgZ0hbEBadYCjKMVDmCBcbKMwb23KRb3Qr36UCii+/bU7nCpuxCcZNvDLDrLT/2hwCT1aHTDwUrrJDC9Toyd2Jl3tbbo6dOdw+lglTFD1vI39YAop2Jdt8yxsBUcf6Lf0DK0lcyk2dG2Xt8Ec8xUC7v8iKUPhU+6A+Gxp13ZjPFhnr5yc2pWdpezKXM47eVS3LZIa5zi3NDNUTYl2G2Yr/1H45fKrM186sWvctzxB2+aH9YVS62cLOgLnDNpeUjfYBn9r54NAEyYQ0HQN1LRNQ4OaR+ueQoq4Txc4qmzIqT9G068QFsv1vrf3jaFfvzx86upCjd7Crgvs/cy4XtlzMZ008PYXD+BbESeSMg1Iudqljrp2Bi+O654GNHdiu5/TGF3P3R1A1489YvTYWBfiW2/9NTgYKS2rtIIhjS1ZuRDjBSWsdmEjWK1Rxyxt1EC1dU1Cs6Ur2Pff/+bh42++fvwNu7vWkIHr9q616FxxT4BA7xNA3rKO1FmMKSmdyLNbsBydeD2KIMhP06jyMooKLm3ZW23VkYweVFiYBjluHOVQ4G4nrXBsjiNun8jVVLkP2JOeyOOfw7nennobhXg04ClXgre4p5joT5REV6LQ6OCaVuW7BOOczpnPvMF3TTf0OZ1mHSW0cGuDzghfNxf3aGy3x/NvTbpxkehz6abzjSayIicGXdzEzyJb6Uxp1yZAb+WXM5dt1+fQmXyZ7p9FOEiSWZkZRzRXL0oM3tLDDwdN5p6junzJnaiK2HPJ8RAfpaSTKbwP0fYDnRFV3PSPYHLGYnfyVR+dA9mWbZfBLGg7pEw5PHrXmm3nrTML8JSWiDug8ZWdAbN+/Mco1WXLyNuQ1ahjG+RK4aQ12YfsmFB6yPx3pQjmBWT9DzfWnK3mlB2eG0eFyRMMyvEdGbg3RrGSUbZTcBxT0RE0nsO1SEfI9t9SYiXKDxn9+ov9lFzoMjGuqYZ+04bxR7UxXPBaCscFMy8chBsefmpcDhHaIw4LyU6n6YGqz9huMuUndyKo61PDDEHjVtEWt1CVVMJDi+ty9Iupkv6PP442B6xyFVFhvLl4BapWKKGLG6zaDg4JK7lljd2nMhiQkQaqLz9vN//xhvoIpuHoE54E5YZgAHroeGXZ0jAusWBHsIF1hVXsz84jT55MRdFg3XMdzUJd4jWmPXi/Pp+4APRQzYvHhxDNcO2Sc2RyustF2nOBbaTvur7JsK8O92TQnhrpUlbjVfNBPyLc23fitbzWLK4i9RRQJff3913SOvr30gxTrA5H68d+h8Ac9vqhLxUEvnfY1wtS9+7+3neUv764e3PXbwz7yTC3Vl0B8zaj6RaCJZfrLA3KW+9D7s/pR8leepe4Y4NengCyNY+Ff+nYz8mVJ6HivFXnIO3GUbb2yWCXljJjaLZVhbZHUKo69Wi1Eim11LLtljhQuWbD7sUxyKTjAZ5L8TZLPDz1LCl97bc48do+Oqe574r1NNOXh17c2slSVww7DfAocop3E7AJpvWImNT4WdZSwE2Q1ku5xhvpapSuOHae0DSj3E87t3drIVt7Fih/x18Y9ttssy23skkXbkFzRWdzh4ErV62AVyLKEu3A9y1/0+9MZcq7XX4I1jmO4XFlgjOnea96zpkLOWV+aXe2E/VXepXqD0fZUuuuBgStPUIOJOIc0JA06tEzuYSpXIWOsITSLFw7Mojpz6yTevSYFILbUPeJHGUic+bCb8pklpipFWntczRMs5Ngygmh1Z/dvB4ByP4vFsLGJboSOqtuGmqmKQ7vSKLNvPBccOqKEKhKD62OsTCHaNxLAIsGgAy94ol1nKcvAtpcKg5vdAGRPX0JaRv3BqfEVaO4IMr9C9ny0QOqPY4kiRDI0TKTW3rbCnZoxAAAIABJREFUCFU62wwkg1b0XFuj2o529i4pkGadp580trzpdui+qClOXacNaZdvG/D8ZOG79+8aUj73frP4jJjuxeWtywod0zjWpsd5sGNK5J8rAlvnV9il5ZprbAuKLGJOvdHXsdgbf7cYrEP1T+HTVYynR8/ttFasX6U/O21SuaRiYRdqHC0uk+0ZIqcB7QRlI9WuMtG9O35Pr77/VXcY7j9+SJ++luWXGSPaRJHrMMA2sibW6Hi8vzZyqsN9a4ur28AtP0bWbIGb4AAE1CIyjNSkDu2ZsUa5AuaSeUMJa59DhLZ/XA1Sp+bwH0UTSVM1XDHcKTjSnS3hH0UhVjI/I6OTD2wr87SqGUdqHmHKfFGDl/W2hS/evZb+vYU5puY0vGvU5JK5C1gdezqsFmnqdPO8IbY7RSnb65mdQtSrEfv+iDtAPJynKp79Bt1c1mebGDjDxlq7MhoyeNQbFddH51rtFUf/VKObWGTk8qc516SAZmRmhTjQ2QB5DQ7gSFEypSYXY7qS71PNWKKdL/Ec4VfehZDIIqrg5vES9CxLO6Xtp6iaPLFCjCQd6AOPbtPQSG7zUJk0FEezBJ+rhcPlKAVwtjMAiIAy8qUCzYk+AUUf0EoxtkGPnGbt+etoOSpVNdfUgTjAdhp5Ei+kYRD6Wxuueq6Sg7XaSVE04t2rfB7AF6AxFCYboY+2EfPy0IkLYY64RdHq7FZzM3nKjk7N/jHPEgWLj6PxylFcruCe6XrYjpz5TMGxCOn5XEeRsNCHHRVngvR/3FLgqJC/JCFjjeMlUsmV34FNgMYKbMnRZOlVt7n3AjjCYEj1oc7kHmUORCUaYCqOqrAO9CboUgH+hQFkUje6DB2z7o4ryuXGUaqp4eQHwAaN2t+NXYsOO+/mAwLVX1BUkRUFDWiW8S9ffnrobnLjbx0/hg49I+6ZQ68GEiH2nRIURE1gLiAjaYHdqy3OJHE8cqSGLOL9PlffSe15136R98XLjx+ffvj+Uy/V7MpYD4k0srU5ryhl0enae6v/qZFS4feV4HfxGuZcXXOTwEyZyBavb1vot+Z89fDYjwu4Qx1Omr669xxtX2Xe3J8asRhvydpVEzOraIFTulsB1ssNs+5Tc1L/9OEEw3cU7WoPjAzjfMOi0OP8a8Q8h9j34ew1nsmA966sA+drFaP1+mNNQYCctpFuO7v2J1s3J73Zo/qR1LVjiisnfvnqJ9tcV6xZugwZf2nfne6sxrcmaKtpBZWrUC33TVqbb6BYKSXZd0jS2Eh5tEnBkqKia4BcEnBvYl2o5P1k7iGHviD4+OlBc/KDATVnxeUEY1DsAUkW20cjOQcpVr//mSm1yAsqrrl9HmEw8Ap3TQ2ZDdAtPcIVXXUzTgumHx3GEAyG5Zi+gXTS6KgT2WKJe+qYGaZWxVcbyNLIBmFwEQcjO4uuaiTP0ocz8Yc9CVEfxYrfSx6WsIQaOSfbftkUnKdGc+0i03Kop9mNQnNMNVqOaxqu6IImfArVCxATygrIl5W/JY4rLqK5FP0o56uTwlbhcSszRjTbTktLnq2jJp04vbCt3ahUyd9IK47w+OqoikxrjW12Ti7IY9HaEnymFsLzkBxQbldBdPaGE/OQVJbDYzSgw6rweEyxsaYe5CdErALf9jS8l3s22jDly9eW/o+94eBDP3pYnzSgNSjVfVqMu4GpQ7Wu0yWjpoKuNZkJPD11Gq2TV75B8GhRdXcp97RPq3YPjn/uBMPX/b/0IGBD5OcGxV58XO8zQlzDGkcukOfZbLGkvCKpdX9DHhFst6Y3OnBQ6vUTgpuAH/si85cXP/35t3f9UGMu9xvsLujAGJCrSCFsLSwqkq3VctdaxSinTUiIReLytGIMBUQlR6zBGds2Ywrdb4D85XNGQIA+1a+zkkljB/IW/fKHEJnK/7+t6jZKwsp1F8/JHxzDPcGJrxm64KHtXMVPO60c186IasMGzL4epS0rMXbGNecYq5vMqmstz5AQOnBYr+NLhXLdH3r7si/Y9S2L+/souhbW/PW5C3JOz5ox3f/Bs0eICplMd/lFM/bE2Bo6ecJrfs+uvMHC4xMtsO3Iz0fUSLjWPP+K9v/MWkXno2sjwVH5QcklOZ7vB9HhtAwBoWlpa3u9j2KBrmVHj1Q99TBuqq6w5DW9DU6B7q7GbuIltkGNQOMcmkrJS5L8ga9sVFN64uSvusXawbOfeVVPXSE+MWc/2UuO3lA05yVpoyLoqufGlD6UUzqgMVe9C70XyJyY5uBGZ1VGeFkhdpw8DcASeNEe2y7xwpX9q4Qz+PYpYYgB3xbVSd2MqnsftdSqOvIqOwBKqji4ZJfVSkdOWUw3eDzctv0qCiaFor+wLOirGgXlq2izH7CSI0AxFD2Vd6dY7POKyvFItEUoO6KVK4Cj+LlmBCvdTu0xHPfRWVmFbBsYRSEM9BRtb3RZVOh4RfZh6KBC78FxSVmT3LL0uohTcBPgsbhOuli5xBe8NQtZVLiQptugwUdCfxSLt9l8PHFYcIYwHw5qDk25KzwD2RjbEN5vcBVou1LUUNUTHeuSEzz1Wvo1W/jW7ydPnRbmjVhGbEfXQCz4auPGPAMBL7as7kTBCym6idwUKAj9+i1Jr4v+Jg8vkDFspWKWNJD5IaqeQ/HqvDzZmnLT0s40mOSHwlrL6hoZ1dUtdxhevnnr9rhx03xssd6+a2/YO9cIMeq+G/iqx4TmME3Eixo9bxCvkwJIycbP6ZN1ArcR67ZMqYDgthrLXZPxzKkxn1a/pgd1RGw/YbfUrZS4NcTpAukSNWUSkqNOUERkxRBprr7Gs+lgTLDhaImdZ3J9zdDZmtnBY1Hu2UzJbMsnfWG6GeP1k+9XRJn3mimqMC3lsH3PwryjJez6m38WUHxathWPNl8Iu1Vy2t93Oz499hVHr3pqTd4Tz/uOQasei4hpn3bO3EDmoYtPt8lojuCqRf7l4amwYpfNVFeCMJsxnZkgLK7B3744Oty16npT8HDPtsoVrCimiIeofoFAL8GwGT4qtaNAuZnwBndQ8UuRiny5RbPC/iuqLLOHemgrrXlzvR5z9L1gANy2jB0ah21MydIKynLDnDARcjODCnTI26eNJn1KDFNzhsBHXAm3Sm0zsRSiH+x2NtoUieQf6ElQR5cdadN2zXC4cZ1xoRSoskgGnhBCx0Weuil9ig4p4MMlRdjUklq+o4BeTfp3vqrXDnYd9xAO4QAkyTqVoDmRu9i9y/Awo/WfnOdwPC2KMqZoHCekxAK6YO56QxchsqAn+406j+fJwwV9Y1QD3qOvyfqGzeNDT9/VM4LygmXxcDwfaCfJk02HPHa5tIrWjVpzqlyqpeN1F+CxU/3uoNbRXvdDfp4+dp7dVwi6TXccH7uRzCMoXRAxMh8bkgDV+sKI6xzgWQoFC8tugbbMa533uVVqRLsF2BlCGN3969davO+hoaKHJt+87mcBskZH75Nt5BhUGpGpO89pZk5X2ui24A8U5bGXCpxsGuGItXXclRj2FJ4RGk3VhbifLZ9zDp+258dEEIlzntOkhV0FJ0qWIbiS6OEhNUfiw1pxBhlCVrOgiYAEhqDB2Zcuyq4rNLn0OKVRFUdNHEDqGfFcrS/8Qu/LIanAGtdnaqVit3Fyo2Ejdg9v1XOas9K0CfX1fV8gsdQuUGvlLru97FtzGtdpW40TcfdXU7N3VAfqMpa7Btqyob35dqoGb3yfm499qXKqWDAPM1MdtbXSPHNaq7KICVvtyNuNkvF8dlCMK9oo17Zld5tobgtwosvFEFu0c5TRlgNPNRmHGsthVBK7qJkc/EAvHRcUZas9zKuI9QgWKZVTagXtxjvwS1plCRuAxBwu3KbUuMiX3XnUYhLd2AY0FtmbFlLCv29OCvGaAP3AidAYE0U3fiC1wwbHRMWilO6ZHQ2T89KhOrzoCa9mxwOh5AYHnGZRnmjnwsk5wuGOvp2fal1oYrpBj0zmR7LBH4ERSqQeR6Xq/hJYsFELt5nQWUcpbjv0c1TVhwL2rDv5AVbzW9v64U0FMktfEvCWkfuRgdfKrb22l+EDKhifIp7Tsf3IOqcvr7GiKT2FYcyNM0ODYrraBWH5SqI++xVMTWxLADsNGPJp8BFPc1AEaX8Pb7eJj0v4xb/Wn6ARVK+idJ15inJ/yNO9XY0JJRqfuP23HldusUftEg09LtV4GqSlf2XlWoM3hFah51sdutHY7Pb1Zb9JYpHZF4TjcqW5CaCKHv5Os2gnnO5rb1eeGrdcsuhVny3+UvdV75C+a8xrajpU3DZZVt2eOw/Pk0KNQXE1tHWxox8Ou7t77Bp/g2MoRBrU0tVD+kH1vtHM8+hqI66JddflLAu6DZBejYZgu42QsCgNP/Uy6uqlgTX0eicOvZNrJO3S+ds3G6er9Yhtvqq+a21xrT1P1IbGl/G1X8ORJJuSZBGFQ5sQfurY3T+vnUoUgx3zYklUaNuu7ve/kdVocTpzZGOpqZrv+hJ2U0vvTv3ydP8qBzd795cocnNSUDWpiV3z9m+Q54UNTV8sTUJDfiYY6uNMJ/DTOeOK/XzHaaKvT67uJDUFHz+lRG3QWcfWGxYVhz9J63iRN5kVZpt1IOWMyz+OxzezT0UyIm6GO/6ZsQyeWrSV6Dj/HSunz9W9VlkBlvEEdpVVVOFx5LgrZ+C2iSO/nHSJNDn1O5jrKjweOHpc7oE1KWv46XqJ52p49Dkb6JVFqwQQ7pO+6U0IoxwsliJJqahm/o4rudixHQiJg+cAmsHV1cc0oKa/kSahQeGy9TCij9hHeQTGllJYZ3tp5qyNnqVTtqi7miwBqcpVxOq3mKfW1K94yincAIiAicTiuwQGShiY/UvOTkVDoBF6DMouCCiGsCJ9lOs7sQZIq8I6yGfwEW2Cryo76b36G1WXNSLfQqhZZDoH1brfd+Z/2Y+M9N2bfr/k6aEbA/2A4Jb6rcM++R3CDHz68NpXkz61Jii2u2Af+HGJCfIoRf9S3OhYt7oCUUFZp7RzR3tWfX3ZG8/6htSnp8d+oEtvbFXY40A9BTSXZrwhjWd2rREaIFEwLzB6gOvRmzNiCLe/GLtFW/1oG/U9e9katBOCd28/fni46ztXnf/3OKjLCBb2r76YvTROYrrq04q2iy9Z5xMKRYAz5TTYKMudGrrhJj3zxihQo8ZnyS8C0dNe4VgncGtQuivb6FEqh2Xr2EdcbaVDoxHyo5XUAZtfImmsFLDKXWG6yMIizbiXQZDA9EvxLz4/uAzfn+tmNK2C09dOEuHnjq57WRrCMBJ2KtWSvfvhvT+26/t7L1CtlpC6zMvKm/s6V2gd2bSZLlkpzDrt8jW8biLF+OXlnXMHD329ftfVMem+blK8thWL2UGJeYPxqZZw0b8gYPCxvqM/fabCYJjdmkEoIOb2XJvBZVG2YuEaUI5O+k6jdAgFrDgEFS2TcwoVyMO+D5LsyLRwtpVTw1q2EmZeD3RsYEtHU7ltOFe+Q81zrDu1v1U/JS8dwQ2ZYoO6YgHQeBwEIslKTv25IOIs1Xil3KdEIO1bepDflic7rnyihEVE1sRXXIw1NlTo200WQSC50K3+44CoSixudTAqqUm/I3m1xKXXVW9JGVf1CuIthQ235HVQ9mZ2SdmqnFAqjfLsVjfJVUSjbQY7ERwU9FExhhnPt7a1XBkqp1I6ckZSuBCb4oN1zQIYaTxOEL+9wW7Dch0WaNPqFI6C4+mWX6fIZFxMG0wm5JJ0PKXphDzWWVnwitrUmKpS4pVyQudUTQlhrpgx09o1T34ocyxRH+x0GeMJPhxXhznDSvitbcFFvL8S02FRyKKcf/SeniVlg0E+PS5ZRcfBiY6UiJLRp9CuFYiG3HOGj9/3znsN0kBW5Bo0PFbSkx4PDx8/P33Tr32drtUiuGmn6G7ui/+1L4gGI+pFba1rAb7+bqapoqh9cddVqtbovTSmr5P26zGf+81dFylan7979+aXTy8/ff7y8c098a6sGQt7NoWGAX79/PHrqw99V7VCYWY44NpesVcv+dQpyasPf/SbT3014clVlG4hfOjLqe9efbJ47udrvj79jRcvvzcUujo3xwUcjg7S0WU5BedJpH4FwYmHIXTLVUPecSc7M3MAc5/IyqDZqS4wBGbEBd7VKnPy6ZgjmtD5vaaoJbjuiDBYj5pA7XVEr5cvLjcsBr8JamGguAey9r3tTz80APRDv00TD90pfnz8+urty/tvXrx++/3j57uvPUzVTLGwzacioBsEljNGOuUJV2vkErUUM8m3rRNkE+Ua6WtiZ6s+nx4/f3f/9N393aPvUN8nou+OFELR8efXL/1C3N4g8tQzWb3P2hCVsVkwrHLH/PUcRl//FTP+iFS4+ZxHrgwGXjuerpDWDj4zxYB8OtLzGHDw5mxKwMd3QREWZ8aO4gISALljuHYnAibu9LeR46PNdCqhjQ78PFn1j5uGmxSF1TwzsdLA2m5ekSJ8ml5KTuVZTR4Nhh3RNc51JLlyho2G2sRUqkT60j/C4+gqr4aZEmgWspMkueYgolPJYA444Mk4WpU7Kglsak01g86Sk/9bzp2SgCKb8jP64A02WuSXiIOx6sBNhkfIEVp5WiapsSHP5EieaT0vEYRhqB4vRTUu4IpZLcnVKzBv6sRINymvJVtMDbDlV2e7De2t/2Nzn827zby4+H2CPXL/4q5rDu/fve2ruP1Y7psXHx+//+HpY9dCDD91Gu1j9KmNu/K7SCF5nr6USlY0U2TjT/f4jIa0zcRU7aU9XQZ+89AS7dMPf6K7Ae9+8utPP3gwaDHTyq9bD32XKwOo2AVpxsQ4J85QpzqnPRNaSWp177eRszGinyhrRHlsBdLXsh6+e//2XT+I4l1ErTt7tdrDu65Gb33YC51/8v7x/m0jicecuHVa1gxX8xCy1W8XIFaazUe+PckUY9u0KHvKtYeyqtZWitfDxmJCNjTVmKJnvuGviV/uKluoXgZSb+DMjvWExsSmrRXaEZ3gONb2FZScLC2ys4tzWsOhXfd/qgGenn718NDL6/J0Q2JNyxQY6SzkhFtNofT6b3IVeL1J78OHfsrtd3q89WvnhxV2mtClLI2eS0Xhkzsp9+9/9vO+vGXGevW6r2L1xqnXd02WjRN97fz1T372zUNXfxIptnspd7NAg3CTaVDsqssKujRaBDGK5443pu3s5Gm+OroyJY+7ANXmChb/DwcVs7x4YlCANYRW0gyaprrMJqWKgI0oXU2b8yt+7atruV2tyslu4iiCqZoLWJs3aU3cdVy63dEUt5oAV3CUPZ6mQ8CcSTdybhXNfuk0e7RJ26YsKi/PAqc06VB+QqI5KkzXg8a2WAEfPk2g+bNctFHAYdQaIdL2lB39aFT7+FMlgJpMJcrBsNkvNT+uAbgt0TxYjWlLQhpl6QKo+j4RKpmW5U/9j4euvWLCkRKjhdN/ZcfRVbehOttJ8dA4qa4Wy6k6Be0hzbIoJgBqxckZi7ZTdUKBxra1/cCoNMKhlBr+oYpN1YqO2Fhviaqm/OA1BFf44w52TdD4pQWAzeqS2bQV/wxcmSFt5VEvdRQ6YNNBPAG+lBO5vwVs4C875KReStNEod5V6kYw51hS02s40RO4gJwIcJGf7eqcAxjITAx8+OeS67m4heW0SE3QCu/L12/evvyH/o7fbTDyQH+jPOV0PNN239atRT5//Tf/Xx89xtha+Y03Rb5qjuv7oHnT+x4//52/+DbdGql8k4zK6Zpd9YQvb+5f/od/+OKv/7Wf+OpTb8F7fLx7f9+LO708ohX805fvn1798e/+8J/83b/WS2VyQxffGya8M6NfrXrz1uXqx0//5f/idw+f37eeDII6jZLpl4SvL95++fJv/ewX/8Ivvn3TTVMFPePS3bf7r3eFEqV6M+hPG0H/8m/SVMG4DPfG2jmvFW/fZO0mgO6ZlZ0P+VJAXyxwC7Yiz7rYUpn7FekpxsR8XSzIH7eGlY7L577m+DV4BBqlqmiND6ivg2HhyhIgmeJpdlqw7HrKodHi7lq4gdEjpInuFOfzl1/9e3+uN0W0KO9XZHrxSA8Wd/PlY5b0BPKHr//YP/DtP/1P/d2//P1zpb/rULOBJKpkZZ6YfQLd4FNkbSTZEJjgtJqZIsMF0ui91dWDpi/e3b34f//lhz/7//hX7t+34nndeUePRPSia7dLfC3j8w8fPr36o3/smz/9D7RSSjJgg0aebMbomMjLAzpBiIIyKm3BDVwYSZn5vMyyseYYIcoza+hDgvRsG8nWOCua3NuIi6Iqg5zExWNNIFNWSRyQ88pIR0esunbaguza+cwy9IV3kWwaXPOCaYOS60RddSs8WPIjIBcbrfOBQfKoSOTZUBLe3/QwDFTEl+Uxbntmo2SZI2C687cNh89glCFyAJaeeUMdbuUnOaKF500UzmrbI2lDbeuggWpoIWWCyk9rf1RjCBkPiUfHy4pTzSbyR7LAWGyCyyYb9hHxhkg5DKlGCdh47ZfnNPSnm61qnjl07RdiRS5Fp5OitRhIFyCcwi5RS9LvrrcX/+bXH/6lf/5n3/lyVG9t8TaCj49vv3nf+u7ph4+Fxj/1X//Tf+Yn3/3m142oro/odZy6XsfJ62Dz+AaAHKZrVxPhVN1jHC7PG/d24cKT4h8+9oKErz/7+ct/7v/67/xv/nf/7k9+8b4RutMRXwloFZ+aDWSdefSI4D/4j794/10uL/zrmiYLlhpm9EM9utHUs4Qt1zm1tWOOavHYcvPFd//D/9lf+O4bz5p0EadvXQXSvlsf89LXjx9/+OHFL7rwbOl6HN0CNv41OKVzYU91Jovy4Cs6zSAcdpVamChaQLRbC+b56ML04TPN178mKZMA7GUtTkuU1ySq0aPVvEhth70EtklbyYkA3aCsVskF16gzJNKP0NhA57NAp22ufvz48Z/6b/z9/+g/+LM//P0uUvXwzvHtxOw3efKSFp8VtJErwmp9NR8/PP7df/y7nubS3N4e2/NC/R5OtvQF6wZ3v4P5e3/4+Z/+n/7LfZ8r17//5u0vf/XQXNbt1q5QddrVdf9/79//1dtv3+fips+u8dBQWyct/7CL20WUaJvpc8CPnkLDbGa1Q8IXi1HRwAUV3VZlbF/RoTWiIbALqboYmLpCLSg1GQc51dCW2YE8Yydef6Da5WUNFDtPHWJSL85aUb8oyqAPgx7DimwFkC7d6SMLM7bFm+ytnEBiWR1L5/mDHcOcNlpGRDDCQU2bxT2LMVIZaGrXIa54J5vqR4XZpKguFS+Tq1SK7FJgMiqi0yrPPDQM1Kl36PNC9owzGLHWRs1T7xhE8XZYARIXPwjE+w6ARNtl9mh4oO3sHafqImo6qWTpiCbxUCsh1kLwlKBbexqlJ3bOVsv6SrigkXCaK14CziV92g9ulSeFpcBdyUW3dIEa54baowobEIRmBJfKO6PqUOitrOITfwnrU2hh678V4qKC8nUya8dJvkBLn79KSZio7Q5uCPS8wBIx79xMUL6Qi2QeW34a3CJjXkgjGGKkXfsFx3SsROW26pGoLPoMJVd5h6mzcflqmTTpOc43r37y028abrp7zT+97WFL0ALxcy/7f/X60/e//v77p/fv7j62fG/ceeq9Ot5K1kQTugcRddD8qPnSowHDt4Q7y+6bqV9f/Obz+7/0++9d/fKk4puXv+rCiRuVZV69ePP91/vvXn7/d/3O932LrWtI3Yjgv319rUskXdN68S139bRJRjdy6PbqrdEbIX/69PD1p49/9ruv977MvPcO8U7JHnZvMH3x0GDrJaSNfebssEJjvsbULkTQs0t0GwO7bp4R6WYWy9akaPAcmmhuFhfWCIA0HZjq7I/r84KkThdxybOhfqbVgocJ6RqGMlLRYxlCDKeFtekFYPhcEnFjzNPXT3/4+35A7a4fL3M75+37Lj1+2m8sfP7w6elv+3v/2H/pz/zs937TW7ubDjyBZQAMgQnk9b+hvohPcOBTaYnifc8uZ2unbNOfe0s0DLx66EsZd0/393/4v/iX/uLP37/62DvDX9z1QNLeDdJpgHs+rebv3rwz/hgLeWri4zd/20Ii8Bh1cxcyclY8H8wtOl7+Px2FDmeMuQzSQLCq2G4DCisvDxOT6rbjz2lwnFkZJU89DPo4aPOVbpgIi1bjKaFmSyZeIQb2xGCaqpVX2sdhvfFwYz4Gjgkjonb5RKJku1WSpPbsE0RSMEcbpcfI0aiJ9kfGYR3W9g0qM8xQByK6cI7uVCaa7P1XBW0sdRjcrvtJCG5UlVogQAuL1Ip02GPHtCFkNeOk/LXx2sXGIsKiJGjbCuTSoJr8WQvXG4urci2YrGtS5OAdwthrsmCtgdJtlQaoo52KU7SWhBxSrDQ5VJNXz8qEBEDHatFmkVZtY4kvuhTmRqIvHz68+f3/6M1DL/r/2v3DHvDpeZ/H/TJGY2vvAfrP/Zk/8/f9sd88/MAv9dcdpoRdYwxLiKaXYYppdKBU9fWcSe/6ShrtOe/uwlizv338+viz91//V/+Xv/nxr//63m9x3Tee44sxGOb4feL8UHL72sUM5fZFjg96pdlKSF8hzh0xeFNN/fulNwS8ePV/+n8+1KG64tw5fU8e4WwWjKI7Hp4LfX9+irGOFnCCnSqwh8irZTZcC36NBSDCcrM0kuyan+NDFDeA5G3E1pjzyBiGzMArWCpcLY6TToVJv/FQ6yLi3oSn1pHa4aoaMdVMLxuTkp77FvtJWHigTbQWZKhHZHpi9D/1J3/+D/29f7zfo7H41mBRGaQnI7AfoWdvLmCniozoosinz58+PnTmUGh3RQy2oaZQ6c0ZKH/1w6f/5f/+L/70votUj99899ZjV08veh32Q5H2upsvr75531eFvy0+cny/J9BNYBdfekmrc26az6lzzpSZWYmZhtzY2IykAtJZiJgvsge1vILjDZl18A4V0bGY7+YAAAAgAElEQVT/euUqyrRVNiZc499xAWIiqIwL1ozRVQIE37i0wcVOF7rlrNXfiC78I7u6qXkiBjK7kU4LcMX3Bi5SYWNEcUYWpfufPSeNaGVGj2NQ9leyLoovJjYTVaZPZZq37SaiZDiVrw1Q6j0FDldoGHZdthyNVzOOC0VH4O6V4Z+rQArBCyCBx0uTDmmqHh5aRV6hTQpMwbEir/GYDpguumjAP/PIbotgzcy+WY0h/gu7Pj+Iq3QAs7HTlFNBZMVOqjTabNkxd+wih/pD0wEsyqPJ9sc/A6myoj6/tR1AGhUCMR7mWmVgFK2ENzHmyiPqSBjJBXDqq0V62TSfH3nYxguicpOOxd4YVMbFugr67K+iXBfUpQTxUV3oo9tcWmrFJByWjivCSx3IVVa8aJMaFIdelOeI+AJb6GEdyAoRT+VXH3x5yAM4HNOzpD3N0bjShWTXl7se1et8XL3tVKHGrDzO5pkMi633k0XTV0vDok69LBGmErcyu55x19d0zUqG4XCcBPQ0aXg9Nvvw9JPeJ/fi1Qc/6dvNhV4NlGDduLvsgZiEe6ScJ9wSTUASIdPAKkMPePjSz4K1Gq02jZ1VewqlVN9uafbz82DZvbeaOcmgXGNQVlCUh5ohXVMPOqFeutfA2rceGmY7d+irdSxa5fxXViCMHrfkIkeoUK+ytdPi+9QpnajR56pl2bU2w5HN3FeInOhsb/Lfn8Zj/mTtIt7hbNru94FevPRYVSZ1ElMXasTuJsCLx48p/7VXJQX6q+9f9YSUZ5S5LlnRElbYbiXBw5O19bS44PvsqemZkruFkml/oZ6L+yrIy8+v7t9/2/nwq3fdce4ywkNPI7kJ/vrNnR+GeIDeYqLG9l0Rd3wXuYVLaqTiUaHj3GFy1l8IT1CeOM4pV9OSPy9TJfXTQ2+aQqtqVzmd06BjFDy62ZRtWsf/fFg7eVwimoq4Pmnq1e7s4SJMCmGrWfqWu0JABdUA2Y1yqQoNzuNsnys0LZPl+gjXWIyLKUnOINobR7T2eKM5KBIprEcc0rFM8AGIA+JN4uBOEXcd7fFQ83zMCidS515YqbVa/juFlxpYeFU2CIpMmBbTG2W0TBgDlw5DBY1RbLiaabNIMFFYFftrKVMAIWy4NnzLYyxw5IOutn9nBLEfcM5dPKg02ByaTf3wtSPVtASmIYgfAcM9tJ85snWtGCLqomrbRghf6ExC0Vu1Vlrj9cxh6/xeTdDWK497GiSdYoy/0aPfMvzN9x8/fmzpXov7UvAurx/pkaVPD1mkAXcerUktQytAngLXYzKL5T2CmZ11qO6y+Q5vo1wy3t93c7Q3jOqwFKTeY2coqaGj9a7enibvYkZiWAWck3gif+SZI76LOfE6xepazBtf6ek7Qt99934v/I08eXmrHlIPhdI3pTxpbqbgET5gjchPAi/QugbKNP43O9yauFx1WTZt0ijRKFkquAz4I6mNYh2GkkVVw3sKJAqotiRIqsLzWdEKM/iQZfjI4/qRfqcEZ3yZquOzy/ds8Fn1zCFhrdLR2Zl3TH/42NuRasbHr58+rOVD902MyaBa/EdH6bbZFYpA6vNk6dx1xcTlwgbxrqPUwOQ2kaX6l49/+8++e333vhs773/ytkb0cuceuHRnusBs69Z91876ItuasxliXxNOtwRw5JHrqOBSRmIWprRBT/9LJtpw9NraWqPsL0cI6RmFpO2oPx8x1pxrjV265ou++kMewJXukJnHsSDUnzIjMCoxdCAzbSfIUaRWPM1Ox/v6MFVs9DrtS2IFa56cVrH6MEcymdknFDiVxqqNGjTA3VGfwIQuSgSAjuERRX24qh7d4A6YOowb+C/1AG7TzyactuYltG0bWy4SgFvIK17ZiBrzqTZddGDDRFkUczRqypziUwFg+g/nULOysmrKp35Vq/XLsSNWtBJYJ8EVpQDw2SmFUlE727MlaEc6ajXBXTAIFRi8zAgMOm6tmNNkskYv4KF2lZfRPAcDyUgHdSl6wWMa0GEjijLzi/JyfFj+4B9VLyCUN9NO0SSu9Fi3gT6EK0YRTXCc9d0zhC1yJ/PmB70zUy4VbwqOd56eNZMi5JBd/7Hs4sM1i/E8Bh5rzNAzt+Hqr00YnBABMcg68CZwbQuH52/0g1Nbn+X71DSYWfFX1Km8sbwvsXmvRWvJBhtPsPaNtn7GvEvILfpbFp8GPFcdmgLSuRVrpxCtpZOUiFINQK1IXU/36Ky1eLEfuxfXuMTeeNEi1wyb/q0RX/ay5J4aanG5VV+zm28nGwiO/WXpW7nnH5tuGzW7CLMGzAEFTzLaTKVYchUzYz9X3vZ4TvwR6lSc7L68gS2Qhk9fnEro15cffVGvF4rmy+5zlOa8hWy+EldUSmmm7lOplKZCVmuVm+cVbNsBVOFkgEJ+YrqEtN0ZdPGX69xDW0G273AwTges0pxLXib4cc4e//GNshcu8/suWNxdwUleZvbTZg98Xu+bIeI27U0c6eksJxlN5zPDlU2BMHvOwkv0d2LIyyHUEFA0e5eupqpvCX7+8pACEeXDblL3/eDOOlpE9H0AYs1YlD1NkiQGMTDsdhqNt4wPU+O4QR/iQw6a/dtnsga+CM8hdYJcv+AWqSMj3vmOwHnyyhMPeNJy1LIx4UOH7NSWjfmSj14NB5fURgWm2bvyKmL0X1mnnofpqCJuwlC78pHJ0iLmgK6pa0iwgyEq8gEj/JF/KBS8XIMQKW5107fmWXkqg6MJX980l9024alQs0dWB4Yhbx/s7FJEhR2wjTT5awteqei0lFYjUdENA8dpl4pVkDW40hw5ABA3k2bHTLys7MXETgRs8XBYe1DKjuiEHsyjrSnzVIwrS66OW/XgY84jyXQVFlaDgovi2TaSegrVBFeWTJa1dyfaU+D4ElIv/QxdLxQRX54+fXz51Gj26u3btz98/8u6gyflk7Nh0A2GJBjP1zJ0mVNWILw1QL3Z12nyU7oYNNace3vvYw86dk2l+buatNuP/3nnb928dyR3objYyZxafANW/u1R/rX/rU95SpFzyJ4mjSKfSxTJlfpN8cTWoXOHEwnqGSFdFQp4CqWSewwciCeKDTxV689wcxrHlwiIJ404x6Hxjbc6cCPR/Xn6tpVZDolIbEvrUTVaapSwBhO/TFQ3WJikjvcwV7dCBzprPU4Y13GF+kvSitnadGPi2MyU+UYeuLnioUnq9ZfH7z98/vibvibdY/lVNQtlbicGYBk2mXHpCf3VuthXgyZKDwL1xipXsEbMQz2Y5Wcmuob29Or93f27xy+v+za5+7E9B7p30dZeNYBnttbHWG/a3nlqMMlK05qk3VFl7e9ai4J0iEQi2jyxxiC9+nHzEgplZ4uBRbj6H1VtwB3c5O+2xZNFIZ+/iA/8or0nWVd7kZPPH5Tllp1r3AR2zPEV7+reFWkDrpC9CKiTIPxlF58pg2sVV11VkU3oRb4MczNFOuvOHLLszBp2FY0NODG2Y3oNOvjxHbJCsTqBWR7Rgqw3deESZnhv/IFCHSCjM8rgVunKKI92mEvlwWb029Q3XzEROVL9fWKrqYiguI3l898RvT3yw9W1OywX20mpvGAPtT2WzOEf+2240CqxS4O5fDau7lTz0sbhC+KqGtbBgFCA0J/1U+jHw7BveCCr9z/e03AVlvhbaJ6rI55Dn2Fn/vinN6D6JuGcP5SJOHhKNkYINY7oUFNu8irEFYnQLXrpPPUO67M+NYOVrKrZl/pHDp8ea6SMMkfL+X/ezqMnckoIriNtvlJ1VZ6l4Lyvo82WDsYhspJP4NndbMzYLki1pMsUlxx6CpQGMCnR1tWg9i21y1kZ9OUztRsArey/NNptGWpozI5NhrtihXGLe/yNSIZE16Tc2dw9VmvPLvS7RW20NFa4RTBfJ45XqKAurc1qC/RK80o8bGdoX8VNjUgbFbc0aDSMLTLzZVRJcOluPbCKud/lChDcwzbea10bQ5iAuxSTKhmY3xKxKTG9R5ceGZLe8/YUtZvCHSI3vs+Hh4LO18qLlRDZljT/8W2211PZRpmL4kI5WEBGg6Oicaoqcr88dVrVCrwGda2xV/jl0C4RCs9qe2Cfp/iLLnNBp165JfoagldQUDK0KNfGTgoXPfjSqR5qyMtrngbgGvryeqd0zuva3niDxeNHL2eC39tHi/zipy+ZCAFq1xR0OE3urGzTU2Bpwd3EU/a0VSnbLC+t/uZVwoc4vx27DvmFgnwBVczxKRv2z4MH9+xPZlewrgIts02wRpxqiRrOxcqE5AijCzSqAdE+V7mNVb2iQbBdE2ygP4Rgp+SkUQ3NERhhzRd4NHn8KHPUmBzY2JtLa/e0HFIYOuEFQbHSYCdwjm0n8FvFaYJtkU20IRjNpOHzP9mazp/NANO+zDPpfBEXhS6ijefN2ZGiVMeHWAYPoBIdEtctOldsFqwjFCOriZe8YRAdWvGaUTqi7iN2gMWgdiLazQDgvA6EmmtZo0kIhqXqrLQIRNpBN4ARUZ/6gCvrrt270L9XoPUQfEHvTceeim8scBmjjvTZ9+9rjd6scScqujXa/bCPP3zf3c53d73QfRobM8PP8qTZFkBa4JZrTJ72Dc6t8rugOzccnY/3AvK8SbcAJ6XvIe+dy3zANX3lJlCILr5w4+UGfqqJhGZyN/CwOSP4jw391yCPnzxMkndaTurIxWKryi68bMBwAaae203GhshAcG9/dmULpDMlMnJ1ou0EB+OPozVbyf6OrpUObeqEqRU2KEV1yJIzX6wpx3xCaIKrOYDRoCJ3NClkuwKoQp4/MgHKrFIDXXSH+pRWtHK5aHOv0VWnayEeTN1zJ4yNhN1yFWmuVS3shp45a4zplKQaqLujPSgLzlSirXpe0hTaLZ0a7NXTQy8XcrLkKtybb59ev+0iTxdRzq9fbu7MgE71euDH+JCzF1Qgs6JRvTjkaJn1czUnxk57kJWOz46KLgEz++JaK+hQXE6YRYwmMUdtF3XRIozi1kKXAAWkcdatvZKVhAKMYoWV9QQKn+QWx4jPVnoix05Pnu+jy4xrYCXzWA7slksSr3P2gxLxFHAM/qyJXHAcWruEzrRUNtCUTQwpmdDGa20VzCcXDCgA7F9jTv2oLsNH/mM7BMm8/pNwG2sBz1nbsY1cIueBQ63LHmGjXmCUuo4a5tqOdtS7hmUeudVP68GWqpWuFqmkIE3lJLtKpVX14vLMHtgUunlhsqrmozlmSidxhlH9SEQSox2rBh8eKeXa3JO6VSqKQcFVu2RUlVqM5xDk5UBN+k05Ko5VMQcTIGkHt88l58JYXztcx/YZAqNCYxWGsgSxIIM6XG1GkUU+7DjsN7pNYH6dWQ5XJaHTIkIKhd1BW52K0ZPm3yGSVW78GrnSgfCPzPRaJkVbQrm1V6eptoCrur5Bk8aSCdJZhCm+LR/QRM2fonX9vkQQOmNLui5lmK56Dqcv4Lbdfe5V1o1zOw3wDbF6j5/0bW6zEKTdEH80plQ3KHuQcdf4za85kV36aYPjvjDQO2qcbLjYXHU3uH2hrNnFMyHdSi0QX/frmmuGfNyjtqwntTGtgTV13JdIEU/hmthckmKP8dGXUIM1q1ff69K6oJWsmCjgOrmnlSrQGQCnWZdfXALPmi7PcbTxudm+oQ0no8QCaxnTrjlwFSXXRpVyhYOhLbeTeT6kkeXYaJ69tNE4WmfdUDaGBFfUVUjga1XtWZENSk891QTpcbxPs8IwH9DPZfnA/f4oXQQo97A8rRvsynpJyYaQ4r06b35ijS9zYAktb+HFQJ/4qc6cyhQLlZSuZ7z27tUzKXTqFWu/B7CfW3Bq1NWanN8z0V6KKFpq4K1iaii6ZAnTDfppvm+QayIdjk6JXvFGJvcjIrMa5qTMmasjT3y5kz0WVIhZ72RT8RBnbJXy6fgnZO3pwtgSx+BeUhFVDkpdlMixH99ceVpOxeEdTU7BXES8FcA8Jn4IhTDyteXFuArV/cOkyK1ssNqZ+486HaJgUxqB4KNxsGxFFdYOA0vgIekouQNTAK5E4iCpnbOSrooyVdVwp6I6nEoL1NpI2n9mLtJpPVpqCOzjAeEzUk05rehH00mOZ7k1awS6gK3k0FdZep+pveQWoJflfJBCC0JP/9m4Jalxz45ZVFbxoSa+HtYCvrCM4Xgve/Xr+BuX6kc5Ou/P//qK8UE8N+b0ei2LvEi0RutuGvSN3x6zaeB6+uGpgfTF2wapRqQG1M/v3r5611fkPzQaPaTBVvMsmbkCbakcWdtVNpetGWvonZ3k5666pHIWaRzv1+qLWCzKSm+fqaZN07mVF0kBvNM7tpXtkBDDfAyRUcOJAWHUCGkNmYsAWZ91xd+zPX601khYOcqeEdKLO0eIfw9kclQwfovg6nVhsCixcA37G7fm0mDyalXTJpdKXSpET52QlaSiUURa5goOoW6jTtV6Q5m8VFSMWp1/gxSNKULgTC0NYBCpTNy8MX1VrlmrxxWzQB/rSFPhaJ5GGSW4E1RVso1NL/ttyk4ECypXpwxA9F6vlTCsh8oQPFU7UdwUsKeAtHAUfQWYtO7cCq7+OMzk2LfgKu29Q/Swds2hvempNsp07yDia+3n+hepnBfG1QdnHt/SelvV0SxL1dpdHOGS4Y0kLBORT3AIK7pccZmjKMEWGRhtPD+gka9oVOlzXNphZ4OI2rKms0suQMYIhxTQFik57Yw3U2M12PJCHLxR+U1fFdHR5LR85IM9xYMknAQ8Ec/sM6ypTpuFSRTTYEojBJRAjS3EeEl7HkXV9um0ZpBIBGlbYmbaZB1wwOsvI8lzjG/EMCumTt6wxTDZMIUbD5O6iuGSeG3V5YkVjIYuo2HMWGKjwgn6SiqW36tbtPUa7waY4PQYHMnPCPS2CR2a3OLrlPLbystehNxLzLbi6yghVxLRBX+JUEjcSm/2KjlkmXTqz3GmHXo8FIZzwxwfwGdEMbP6XF7pqTthsOycQqkSddI2jXdYZnO5os5iWDGCCSlJcsR6psRtm4hTMNgBjunScqQVJKoICAXZM0QWlYuJJtSZcowoVC5nUXTigrpSFIhhJCOLuZIGy/Fxk3CB2aBT2DWSVNeYUxg2oDSstI4vKHvj29fXPQwUmSwxeAMHb8ypt8KxGNtyjAP2omKDIcMbjM213pLxudvgXQlulZ4cQ10Pnbxrwdog1zUlBvKAEFkzmf+ObUwheqcNjZRNrg057j7XBZsCw+iHgDM+K7oyRrU81TOUfUXB1RE6c2+vsuscoHmNLMqb76O0GTo3x5uWvGg50XN9dYyutIE4J82xJ451khmZytWLP67ip6i4qf8yObjBQsgB2zYyxOqvMo1T9mI6xKue9LRJqaYNFfm6IShyilABHd9n0/jbXS0/bVQcp2xSgLTqyZ6hG4tCnPijZWLoemwXH91vVpSTnVi5DuWaVGdZXQtsGd8Lw3tL3TsIvjeSTmn5UGnzWRI7B1gDTcuuLqo+1msjel9TjOlVUCTYHKkqqTxa8LiAlFLtcCflKBiQ0Xj+jGoNTAMYp0WWiODgXjF26LniMM+ZlMI1XyTm1CkDC3HEqG6b7lTxmntgh+SwVnMpqW2eR554J+mCT9ohJJaAVZaQqWbtKMPuSCWRoZhS6JfKmXlbk0Q6F293NfiAY9LBY8E1IojDvYrORE/WFeaVm5lRYZMcruMwhjY3HKwFzBkqErU+nY/m+dpq0UqnlCUhGDh04IdM0tyTdlqWwEMyLbhgWzSna9F+qrUXMBee+GmUsihOTN28PuRqqxNTE2tMG2lOxzGqND61YA+FjsV57/b50nLr6d3926eHj3n3/u39p35xKS199ebz+4bMN28a3DpV6E5co0p9o2sXHz8+fPj19y//9sacDZNnrXL00pcmMY33rEiqXeboGXp63/nNDefyREyZ4Gu+dTRv+kHTp4Eq5U8HacDMuZan9RddyEgpIpRmr9CxXOajYPTk4HePQzNrBv16bVJ7ufOgNMTTaMmPNX0MPtZXW0hph8Ufe6Y5x2lPWGfuWPtohigZTXdNjWhBRLFlK4bXJ9nLQBrdpGzhVUXUlksoFim8yairf1FqeEMh8KYmuTPVkDMnopPSwVBqBgpjgl7CkRKjmAHGlNU0tjd5+TVGU0wB0+TktLBjF6X4s5aMz7RivdRWu5gBvcYzF+bPBWuDpuda06V5xhTsS8bF1344Yl9Iw9Pyw7NnrhRlP6dl8VGvefao1p73dkk8UiTamZHZYqNGhVRhJOs1zMbNYuKYzOZDvCbgruOK8aOBcWgqGib7tQ1DQ41gdGB4YoJowZuYJ2kk8XP3RTgGcrCAYgRuFSU0dRP6pQmF/U8HPKXThDlGwfFQYMExoEmmgj8oMWvzEqekUmkS+pdb1Q2sHnVuG1IIR8d128lKkiCaOmLp+gZylAVNTThx2OBf205iKaBNVG2/euQ0YGDHbRJVdlhdZZxz4OI9SQw4KXMhdIwIyoXQHYDyOG7QiPOvPeob/smiygpVdsCpepivOF5tAGUvBQ74BYkTwzEeXindBc5qDtwMQqYaknaNZqIvwqTI0p+i07p8ZdQuO8xGKlSi7fCXo1xbRIpGttq63GjDjGTDjeojmBzBd2And537gkrRYdgH0idcnBMxO+irdjJSi5DVTlsan0+ISMZ7HLC+cgWTIXwUc8pJxnDa+Yht2MmUYxq7ceia1wJ5+ZbL3hzv+0P9GnCaNOhzst+s6UXT+9HCHjLcS54bvATu1IsuUdAb87LHojS+Ut47kQyP76+sPtj1eg/9u4P5Zc+sekLWOcU8l4Ob16qhYn6OKx0aE5tEW5ybtgysvWPbnYKIukPad+mY7EpMP0HTTYu+bOAOtRsZLsakSn1xg2NTvFdW8nlQRk5TKqens0GxpWbKlaw04Y3l7Xqm6NyQdcbBLXVnPNm/OTH6VpHabhHJF1qKP9L/eJollukCAdlIyexP08S8sKpqbU56iZzSBXW6TGWoK+8YhIrhj2Xtq1FqDddrWd74ctV1v42HKdU2fedhhOWiLhSsFUINU0s2qcwwMqZcStDEZ40/pE666MD62qY5r0ksgr6M6KceOnnyC2EeUODiPOwSoHeDNq1F5kn9c7ObT7ljwi/z8vY8GFGxypP45np+SFAz52i4OmHHwTWjE8I5dx4DNy2TGAwg26zJPzMvbUjos5LLxFRak49nIjD7D8qaBw7WI2c6VlOuktxZNFXnGHoV57NjZW1pc+jt4d42aboyC0m7DFqt3CSU37R2xB17b/TRxDkJtSuJU2IKH5jlJ/4oEqe/tC1/M0DXqbE3g6ZCbTThU/VID/HSi3IUcxxYmXmbowGPcBaLs9GI4ek0QpwX2TSJCwaZh79S8NyGzhql4cWjZQsDaLx0PHYGHYLWJQJLkkoCL7Fg16cbZiyfotxKqTGn1x3EChFTQ9ldX7H98vn71lqe+OhUt1dtGS5efPjQ1dde+tOr8XsZaDHtkkI/dfj01rTnLWhuN/aVgLunvh368aEnahp6PEqktw5+gbBdAZdSrQQpPt0QZKimbrB4+bp3v2x9HEFNU4DRobYJSsudLYeYjLPJo0eGmAzvk907D+CJ+FdkrVqiJZQnMXQsPs4x63RgXcs0EVRBtD+3Ry7leXOiHVTiGJWzBfRURxUqTf2PhEJ03ug5mDVNdDFeg2K1G1LYGGndypAz1UIMPXVFOH8N3HQEhhV6729tQ1j5pUt12DbwXftY6BZiDVHFUZQABugM3HCGhVjTsxh07YnNh6FrW08PLqI1OqGPLEw+0Cz9awcKKnc9KAPLmG6yKBFc4tzTJboSfXHKQNdcyf/NoY2pxdiuQbk0sjONnnypIXtulk2AbMzgpXY0V6Rk5fTZZCaxsjxHKRYeD6TniI6m8R5Ux5ws8ESowrRUJHHQyLmoVZY0GffXPsJSuwaW2wi9vAwA++Kej6cNVDVy0+eW3BCrOCWKcJcrKdFSYZHCiVOBtyl4wcQwrE27FcdyrDiaR8mSaXtqtQ61n1ErVp3eWyLJTdsBxH+CIekLOITJrjK+JNlK0ajPamZ0BSOJWFjTHeNva8J9fFVhu4toGYXqQEzqgCsiUTxUv04zl0TNgIuDoCN5IcbMI/foJyZC2+7wTHc+aZsi7U5mVEuOfLqWPZ9jV1osFo+UAQ4HFLCOiwcpqu9wA5i4ldjVTkdWaYRl2p9Eh+fqY9yQVI5gTsJ9lUhccVehZSx3cWn/orQjBN5xPDgK0JzDxtubRiuX0VkKBQKWOwhlNvyyVk8aCp8sxo9d8RQJ4wNkOxFRbpipFJ9yoAjnwqMtoVl5ND8T5MJvFkWPczZd42mirOES6Sm6XhzRUyF9/fdNU1oXG7I6+D1iU0eLOVmuMc2a6BsFq54SmeMBWUvbnQN0P9y9hFThui7Su57REO8KhxnN14inj4dnZ4FxMlubuuYe3yfu3mia0aFtF4lTtgU8LzYT9RPsO8tpyDQQHC9mkHOccxms7y2kZdX06EH4z83IX772kwGZT3o4n13M1gYYZ4WejN7XWXtUoMvbpFvpdsy/xpr1sKjYdrvuMv+oq3ITaqnG56M9COygtQGzlkDPBbxQivDqbe2PZ/BhNSNnDl2dMQ2AinPfuvuGAe5gMi46xWjaJg0gwhSU04BBjY6iWVIDx3hVq2Ex59c8plx3avyW/cuX981PnZVpCGvvHrj61BWtelDvIF3Tv+htFQXBl8/9QupTt2jqmkntxDJIgWNrZbKOkGVcIIJOWFGXCUrpyxMJLSj08QU55cpFAandsWlJ6QLtuSqCqM8utLwwtueyZKzJJnClh7X8aRfwE3EE3bBuVEfoqHkQgpbSAEEPYha348WjTOSnDdXzcjVxrP7048r6/Ci6qkNWGe8Ej9OGjySFjDup46HDpmLmjHGs5Ud/JOOVP36niryYQnT5GdFvbdHf0KdEVUeZSq3FiwEAACAASURBVPsIc6pR7AjDW0ozUgf9AKQKBgesM6V6Sow3BGM7h21MOfiHgXKzzRoRbCynfUtiZ8IpWiXQBiqXaS23arGu2huXTnNwUoPI576t1M+SGFYMhv04bq+22k96bWz88vb9+xcvelPml77b1LuAnj72gvau+/uBp74BU2gW+Z7c6JsDYTTNdgpQdLtnlfi55AzoHFAVlixJ3QU4N1gkaoFFTfmA6stsSMeoL0o2zM46WeUsGvwxG3Dknah30rSV9M2nlZ5baItNTsHBHwltoI84tefj0nOyAZmXGwW7QTLy2KiTqlK8tURadDRSBxGzqUajaz40VLZpTQggKiQF/eqUUuq03UFEPHK8qLgHWZkEBnPKN/utZqkjj4i5BsctuSoVirhuqMtOEfLbDDyFTKd60zTibutsVHJi9KpfQjhdOztTgo9Sx4gV9Hw5vSqViXFmFGewj9RaNvSmLg7gsb408vbpy4fO5Xpcs/sEnYEGKZbAu9D29NTvD+dX5waLFYGeolb5PDqZk1Du8qqm6uPJslm8IYkep2Fwdqlm/jyCxp9/OgbJU6QgEDBLXyKIbrNDf3hGOU0qoWfxlYYIocy5JxN2xRNQcW5kyHDSd/Jgcut4d0FJChPVQrtNzRVXmlGVquysdJ4e6TXWE1p+/7zDB4NHBOziXvpIvZm7SYTyR33WEWSTVs7HZq6reOWrIgNyi5RDHfRl0oFHMBrK1c7tiTm2g9t/TH1qexJwkKkRKxlgBdHa0M9LJ1Wn3CCx4n5Xbg5AcmQMt3SYBwfXTcwgZ/RSRNz+x35yILalkdSi4uBNaGVrjWpm6KHfEG/1O8whtJuLdxwiVc620LjhHJ7B1g0nljeOFNx5g2d+tKVU7XQpuNBx7S9KozTXIj35iI4dF/sNVuFlaSLoRVIaK9TAAzjFhgIKAKbggSpEVC+4b8QT7tIoDJDGBQoFaMZKS3004zT5uI52qzGgkhNzvm2xOmmjWzBONcg4W8lZcfbjXr02uAe2dzLYFYXqA0mBWiOpcW8SqefmsWCGypYuxrci3CjW9Fg4unxNZJkugb3d9+R6YXx3F9zPrO5VP2L/tW/ONahF3HebDGMuLNGp+caVlWy1MhzSZiwt01p1900DennXNw0a9hog+3awubylJ53YvfET69o2mB7E7eJeX4s9T7Am2KP4HvjOjZ8+PgUS26OfrW2a3+uJOhkMcqeEAQU8XaIyjYkafjitMCedrje9k3vawTXByDYgTbccutYagkzBWYg0eZyYiHG8GpXUNcDq2EI0zSs1ZTKOLsdHOx/ATAUE/Fl1tlqek7NFe6gJcQEJfA1Z25dzt5nXVWepQUW4Hm1rGP45PFHUOXotRey9/a7JqneP926K+vEPj/0yqbVDz0C3noouncNx8fL1m4fPnzrV28rGqC4UG5AJWWSVXmSJ8ilBP/pEyk3lQmPInHi6eEoZ7ZJUSHS02sRB3X04aw2mlDrgM/QMOohZxduHpwS+tQrAsSk6eDnrYKxqZajb1pnIWKZdWlZFzdL+lZ1/4k7xmG9ksysiLkIxQ2dWbMQypgTm1YmABcSAV1GqKUcXKJEBRy2s+aaImOA5eJhjPMpDJjKPxHWsnCJGHxZw3fQXhANKYvQKS4gpmf4IPn9H2ygK3a6uTD4Bh4mcFZHNIp6YqQZOvi46aLQtFQRyiswoay8nktVV2jZjb1ndsbrDXIgUHic2Wj7V+HTNTc7p++bT3dvHLjS87NetuujRSb91nWsf1nqv3/aLJW/fvn589dR7tbrDlcavP9W1ekKw1+w89lRjr97qR0waOfuB85ZURdTHT0+uFTT0vXj7Bx9ef/z08PXFrxvtDNd08mRRCpqaMuYYxYp4tBR/pUS18dDzpee+c0Vfeep1QLuNxqATxVHzXO7S6qyOJ19nGq84P1c7N4UpdHg31DJps3WRLr4+MbmUSC3zSHcS3Pkw4Ng0kv7k6kq6ldQaMgTHtg3smqN86TRPscugRpuNiUk8w5mm2nQaJbtJiw3uCaKBXvxXH7nVJbXa+XTMZXLqcWFAlOHG6pagVF5Tsm1jQykYDCi+sK+VhNbEoCxxReaRmP+8XaE20VmKqV7h87W313nqEXl402wQCgKDm3rJYlvbVOskVILnQpPsdFFP3ZleZZ+amvtRsL5isSstvWWo2+AaoF+u7P6TZ4+Kin702Y3RZrR1ID0lLHrMI5wzH0+73FCTKBNUHa5YDJdW2ji6E53h8g5vSBmluXsUqLKzXVSMBIVypAgPGTqF29MgaNfQRyaGtpE3UTXRKbl8rhT6qg8GHS5Mq5e57RhIhaknsMPepHUk6PP0iPVQcBXs6cznHOt6wHyodNT2cU7KEjFUxFSKVUn1K8OcqxgaVjwHSkFo48StZ/CathrxpIy/7qxTqYqgSiJXkCj2Yi+ZUaedM39BteqjzSioE00c9tuGtJKB9OjaiiEVgkdrMrRt/T6NlR32+kY1FIBOu2MOePmw0YYutnIkmojgkcJXcy+as60cQRupS64RS5u3Rgo6WSFgpCtFoN/4p040z0WnYnKOtKPesXFsR4f2C2u4gzvF82uWK9NsKyX4iFw0reVn9GXA0ZCOiblpNNb8gSafAMvPER3sY7cBmZArSjkeP6qotYRjtLaTNCyDWo/S/CPhOkPJ7XMmGnrbkNDt3PYt00/eGkN6Y2Or9GaYCP1ufK3UdNZ0mPy+Cdys19UtUHFC18gV+NptX0zqXf+tAGnFhMRQ0vWhl0/e8v/1j3zzw10/M+ymeOvujsa3rj5k1Ncvn+56bUzvUYu7/zqgZ8q30GqCd8fg5afM7In/pO+xnB4x6rJ9v0HTKUD35v/Kq2/2AHqPSmrhE7epuHU1Hbpg/emnr+5f91O1yejOQ88h+Z3FfpSs99Q8vfrJl7sX97/80ITWPdee8+1MYJ7aIYlszDa75vAObG9vVcNQjWrJnJbt9CK1i6ZKc8tKE31KYxjb1RgwxplMbgeix8Vack0aBSIVJZKbBqKl6hWgrkRVLFeva70ftwbFd5orQSl3uqCpytWkF58fPr359NAPSZLZoGmZxcRZgzVv0LDWWZA2dtcQvffuTfdIHj71FpIPf9vv9A6SV794eWfFMg+3lPIAseb8+PqbTqQ6dXvTlxeh5sbe31r7n8VMGobL2Uw6qjJsHz95T88UyhzDuS+7OTs0jmA4Lor6eERhSHNNaXDATupiiDQ/b64+NWS1nT0lkiF3A0J/hvmrfEA/0pPnP6nC77SUDM8d4A0VhAz3KHJQKjqmT7xmpHD0TBr7jW0mrnWQLBTR2TSZI42vjf5jv/wKzTYxEd4cMzoLo5prxdEzgoRn6gOG1QLQQhMSxMkY9JWdzacNRkOlqPNgkWRlwj2VsRMsizcmITtADidtH+F2Ez20YgFJrINGy9fhpdkgDuJFpV3SuUWaNT9T8UfXQFO49yT/hxeffvjhg/7ZI0DIXBzo7QdPndJ++v4v/Sefv/lpX719fNkXAXoq/6GXbHpc8r7o/vbNw9PT3/MnX//s/bsCMrhYP33ft3Rp1Jnxh8fHHq/88AffPPaT2BlSq/HE5BtmikO+jHqL5LQUe5nFrwbIul0SUz5hFSa2k/UgMqqBmGmnk3NUlfp7Jy6Nn1UeKzXq3MbgTm5Qqk5mFBsQEqddr7BLcv6Khy4WInP2RsIVrHGqjnWOLIF32kx5nXXnKQEERcdSG5hScs0xDpVVi2FNeUtTT1tYj/fSufgGwy0qOrQ5RjKph+DUVKImQgAX6ZUkb4IPzSqP5tkVT27tL3V+RCDpmS4YHs9V0ZTR4k+fvv/w0M/Q99tvDz3w/0CjouzmDCxHxBrvNASaBjyDvc6UCDKN3LV4N09dhKo/9uj/l/tv7n71634/4sl3gJMuAirunnUIydtkbaELcu2tGxDP+HZr7gri6r9KKqgNKcrbHDa7hn2xz1TaNyMIvjFDATvnlg6BmAMeLRkBL2AUXxuJKq8WKjqm1kRk9BBO3Y2jY6WLTaAB0hhydP6IodQ21ZWwf6qtkIV8UY8DULfm5csRg9wig5QIVSCnEz55mU3ulRA59GHL8eWKn9XAc5121KLro1FjPJqxAUrZKGEeUWiSlIesfpSWWMOM/FKIxKxelFY+33S8mjQDT8NNwNDbiShz3Y8qXgrRoaStKfWY0/44Wba0XVu6JYvzt82EUpfPlIKiP/qLqqQmZje7gJxKe1bDapeCJzE5z9zDCyGKgUdTf1Gt5MZR5qbNTcHqjC8jOvoc/hyQVJwmohuK7PThO6n+xz3KigDVJQd3qpEcRTaghakEZFTcPJ1uHKpsmiA4pDSRQB53h9J5lwZat21LuAVeoOYqb8YMoRx5ZrFYBE8oR/OhRDOVu6BsaDllxX2RH0id7hiUSI1JaD9def/6D3798K/8+f+4Fxjsqf0v+63fpx76b6GciKenx9/9nV/84t13n+jazcdmhF5U0CPyIWTYm64R/bk/7DISxbRYizNbC3xiPjy8/FPf/uF/9U/8sunVjYLuGzdmNZf0xQJOy11Rffr0wBSLx5zl98iagPWFjP58/9P/+6+62Hb3tpIuj6TV69fOSd70M/Wu0//+u/dOAPwsohUnrSJp/qkvlmpU/vn7L/+Vv++HnNJsr3+hbX2cBi4Ivnv78c/91V//m3/5/pv3jckeUOmGgS8xt0LkvX0LL12pOqduF8I1DwviDd4JzEMaZYQiQYudkjm92PQ40SGojWBugj1tVUTo1jkvwlJbcZ/Hk9ITYy642LSngImzUmGUXdpkQmvv0VYmuWoEbWPKNA2Uf/PTD5/+6F/7/T+mQZ1mZYVhfYDCKBG40qmLm6dHlj7N/+LVf/x7v/nF7/76n/0f/7Gnfgf4cy/9eXsU73KnE7mXb7777tW//m/9+n/wP/mzP/m2RhSh2sgqpKb2mJm86AHetkVOgblgFyBPn3/yzbu/9z/fXYdMyeg5VHeZYvF2hkbLDRAlZnHqH9ccF0VwfD5PzO9sOggsBSq858jyklSVuGoiQ9iWCw+EFokC2UFb8dBWfKo16Gg2PkC2aUZ4x9ALk1LKAOaQTs4unLFMDm+lW3WxTjX0Z1iJih505kH0hMGQBXtJP3gWo5PIa8AmH2mn+UcNsvr0V51uPexTBiQJBIGtEWtgZdyjrF0oGmbFqOhKWbGHdYRQnBtcqo762h2lNDd38LN5IEqKO54PNXSNaVhGMXPXWoOaE7RE7/BJgQK4r6brxHd3/+t/7f/8m49/+Grf4UxGd7e87rPhpR6Sqi9f/XP/6sd+aKvJuasZ4vXr17f9oGHob17/9T/49E/+Ez//5//n/5nH3/v15y/3Jr3uTHSLs/vqtqdv3t39a//i23/9X/kjb7+t5sGYkgO6CJLH3U7wMKL4cEq71jDyBa2H8l2/8/rml7/4+d8Iq26TPkV7odE60fDY3/Fu5scWJqsVAaFAQofHfpDzGSpNDsrwtUKTRoX0w83nG47Ulqw7Vyxuq0/ZRr8oleA5Hre35DR1A5r7qx7PJl4ej2aEU0ga15Skc8nGn8TgE1ssm9fodZpfAYxTKyijWhmd1cosGCeJAYqOJoeLrQrnuJ3tNPQAZTeR6XKCbqxXyXxrxdjk0gzT7PH+9f/2X/qL/7d/4z/+/vsfPn14eCyo2FMYaM7wN5gTHrzoJWNrlM1TGcqolEjs5J89qtCNxLnz9fv3fzzyDEak27pM1lf3NmSCniHqCW9HRcbcHGNwR6Nxoj6Zqlc/c7U4mzFGWEYlxIgpF+fmF9WgaF53iCg3pd2CKbuLFIU3svidxAZ4lIMdERlhXEky2vSBUqdux9LEnfKTAH20wyUeNfTAIx39VAtKxaBTH/iVc2w7KqGa2ZHMhPkEw02NWTDFpA5eYkrOlql+dgKnkZM2BrQQNpFjGdwQKbl2JCJhayr6w4aj9tjDnGdqqezdiI2nj9ohH+vjX4nygEaZ50YH+NrQTEBlc6wf+1B3mKXVnCJ60+rWAiuu6tCO8MBeLKM7vCs/NlVJOR45yUlL0npCmSPmmI/vZkqazVnTYE6ZYlQ8GgwQx/NmEZh+ISTtaHqGxPI3Ky7iA0ErvWz1DE+YUdP2/yXrT2J+7fc9r2s1d7PW8zx7n7PrVEOVDUXQAtFIJAUmCkRmGGJ05gSNDkwcMXBgnDjSRIIjxyYmRieE6ICBTXCAiV0ZIQRQAwGsBk5RnFN1mr33s9Z936vx/fr8rv96dul1/+/r+jXf/vv9Ndfv6qopTNA6smFX1ZpnwRtS5bcw0+PsuuvKDzp4UrQHfEuNDPCI4xeVI5zIABkgKpMA8MAq1QQHEtggbxQJBWHcQMsmZ+U/lZ4C7aKBZffPRasH3XajdqHV3Lvvudp/ab2+p4LrYV7d9+axptq6LsEa5S5/9poDxtxUv5dddDN+FXtvZh2eGT4z1tu/7mtaDag9B9c1cuttTYE1EXqahxN5naKbe8zXaT+LdM/ORurec9x9kHcGNbr13007+azhPj4eNw3Oi0U9Gzq9X/dJ2qN4+16Fz8Jdwc8oMe70JNE8ruAaeSsoH5+fWoTrZiSvQnIdQvgEO251cF3MD84JQ2N1KVdFZt96lGhy03xCvOMUfT9pga2nCwLFahGYhuLqKoY3bzOo5CDWebESQ2Lix/umALAbBoI+RFJ3PaFsptmXkoLcaNvD3Zk12vtRLiqpkAGk06v31zW96c4saz1mI5N1jSbmBVCDzaXHkTrmA2w19O7T/fvX3798/vD563fNZDwesDue69u9m7XV0JePP7x7e9ci2ZdnD2906SBinT/sBU1duM5HMS/OnGgxQWb2oGRMMkWMnO9O/dTWxErPUrdEcKmto1AH6CQE36x0mTTZAZUDBJaxKTt6ohDyKsagJABbx7khM6cC+KyWoRIHBry5blCR7McXE4xLlB9aoM//8u2I9a1Qgo5RdSrbLxpVg5gg0lJ2p+ms+Db8pkTwYxZVEibJUBP4SJLwoSispsGvfoAAQ1odjaZQu4JsqqG/4tAcI3HlwfZf0Tio+AnC2DrvBRJ8DFHjmMP+UkOcY4AQY6G2QES39IiunHK3kCh5FjjjMFwRY10B5GQqPblFEN7bCb3JlC+7htXdiN1evVN/UVgH+KYFCKL0aoF6tt6P0HO/9Q7aQd8HJEEfxu09Z71Q+P7xy8O7PrL38eOvXn//4I392Ts71EGW6vzh9cfnP/706e94eP3u1UtPyEQpOcyOLW0vuov+aE+FdiHGGZMOtVtfHXj9XEmidmZ+1Cn0UsZscsFSaerl7TXSuRDcSFQjkhjklIRFTb1RnJm7ingtGtju6D5r6VQwMnDntwuMFS+7YoEDmVk8qqcS7FhzNeD+JwGlsr9lj7Wk0Macl/vXOYE4NNewFcIdORVUmd6X3DiJ4Lrzxn4u5mi79q3DGjkwYZO0PiSOBsBCWINmonlHWVvZZFkLRyiEbybgioAzTneCPbz7937v6S//9Q/Ebmh8cz/uez3aVEaFhchNzBSpSITowcuM8ZDwUW8/GVru6nny3vd091hxF0zv9T8HZQTphss4RHSypz2PYDkyl/WpIFldYIfLqRKth0rljenMEP4lBgGJFAxpQ3Hw46cS02BJuxuhaK4pQ8tdY1Ei6iMRFvoXj6G1g6GIXh2wm8ZYHtsphRnV1BuJJD6lkwt5knLqAZ1VyqyQUAHsMEI4TV+Jy0PcpVLRwEM927yJAHEGUc2kLcufFTcLKeqEsjwRR6eakT10LzGTbVNGUAjYVxZaBNouTK1iYh6ewQ2h3cSbptI/bUyDHlEBD74SQkR9IkV8DJtgHU5qSQwDYkjjfLWbG/VrhEJy8t0AkamwbYjtIsUiU6jcmsINYMABbEw9eLEMuN4G1yk13DCORDiOejQdp9+SyX2RmIcy1tC/SXOAJjjNzsY3MwBa0PsVnnL0L4ZWdIIhJJapWgNKxtWtDx0KtBvPPKiPvWC+HbR7sKMOnLZlz36JIh8UYhyxlEOUj4ILe3kCnhauBswBUFXkeSRIII1CRUrnxropbGOyEaMuJkzL5fU1VotYp/tbv8E3N66r9ouIqW+I7BgAnq3yNqcmjQlUdMwCR6QsYZviATQ4mUSH3yyxOeDpB1ou6O7beFr06ZxiK2NEbDTr7tMuFMTRm5E9ids08a6xtlWWxpDIRbDV+l01a1msW0MMrIaWAPsuezcxpVH1vg8QxbS2NOHWpgxTjo714DU4ePV8qZDF0okJ224OSOxbi77pfsbQo6guM0XRTu7288QELBUR5UvFeHI0VIBJYAkOH9jwcD0oBENtfhuR8IN0IpILlu5UzWgUBT+NbXEwfqyuOVWfhhMAd6pml/odYm+XKJbRF7Zuad2jI+wj0omZBzKsR3vbMge/dBm6e7D62mgIL32XoSn8GdaZyy3aAbx989AE6eWP3vscqisCnWj5yINPOHeakrszoS8YxdJ6aDp1ujj1K3Bi2TxsZ2rxdW38uNKQnQQT5TJ3gOmZvv3NjfNvWqeFog23V/Ne2UyUA5gtrmUZb8BsmBAVr8rxp5Q5ovBYvzX/3CBThBvRGEGp1MNgll35iH6DqugUiB/bJcJogBryquxu0prWaGYCd8E7pmVZ0N+1HRcmwzHDgrPaUZ9UFLlMdAn6TQCqFD2zZ3LoGHHTMGBc4kT6kpXx9454mlRGcnDR6X/mHMWyLRvezHtIqRjdQSRCxSI2i6KjTZ3fRkdGmSxi1ziRCLHQvxUliVizF32gBMTIoV/lPp7qUmcrEw+PLz218uqzmwPrker2ut8sknVZdT199fzl826z7oaf4tt3A5qJPdRfuHTAIEXsQ3fC5Yuvb991/1tx36lyfWkv6W/mbprbozC9Hf7Vx9cvGUcv2MTfDDgTTKP2RA4yTTqjMBaTmPpVaUla8Hpprlb3LczO5YRg4fByXd9wQ8sa/fIBdyC5VhW5+oTBJ/1xcTLpV44g81ew5UJj3M3H24fFI7P22GkF4R3/68778dWYyqni6NEOrxLSRaqONiMIJSh5bLYAJz/xkhsvohEiI2Q8wFkZC2jC5MhqkFrvAftiNHYg2hYlQvjIhcllEakQkoWkWA2/Q3kMJlPZ0SnMgAy9UGl5qGfY7t+3PtVW9+i7aUYZfk6QEQ+VhxLXXgwUN2u65WbThrAkYEE8YVacyIa94Dc+Zf/51vKTU8si9DT2qMVnVprNEN2m9NKmsnS8RFdOYY1h1hVmlBpCgKNFd6Riyq9Jl1opUOZoNuqo9nckyPmxuG0Ag8kSEzyoeCxQb9ChEfSGTkQDFgIDgfG30ZOpROWkglm2PJmPBhQZVkAIHpQBrQ9bfQjA+i0VWCg0rFh0FWOkJ29WBjf98S2DcqXuywhsUO2UHrnAnIJUkj5V02kEMvuaJQ4D3SFp83mwAR67kGK/SicZfa/YCOUiO9Grni3Qr+r8TmYF0Tkb+m0DkUZmD35KDOjIsGwk9ze4YvOyJmL9j3BVdJyYJBFV5UqNmEQgh98NcjqPAjDoOUDEQzlUD0nkbtuELnMmCXHAZzYNQ9sN04bdlbwhz0JHrokya4LKwAPFd4hLsH95WPJJSNlD5BRvBpBsl3JB31ixoWnkRW5YeZusuU5ttMKk9vKJ0EwMBYHXH5YOWGppqF0MMhKJdeDwFW9j1/qfsv7hVhdsXAEyzxkHndpnuJETgyMRORSPd838NVlNoNm2aTlqNvu6olpC/PRxaAZWT1QJgCqvNiZqoskvu8PMHR8RSiSp+uqa2mIlmO60iWSAl6J6gRbuiwY9aVPPxs80aULpvdrZoy9LOVkhp06zheP7cMuVMWNpc3kiybrYkMTPidHTAb3Oz0WNWBt5wm0pussCPQ9A1DruXuOdo3o2INyKuqDQQL5F/5k8EdOyiSRVGePoyHbJTwF6nHHI+4Iy9bUBLMPjK0nKVEwWRfMIZACHRRmhMoNgCXmHw3azrOoVQzM7hzwrTqposn9169gyFqmTNHsF3FMZXm+CXWZgxly5TDQy2FGPN3exYRHAIDzdZsaemaX9l+iCgnfWZfjR6x7l6SUCexNoz7C50tUZBgJTWTg4c6wmMTKaW1ljl8rmOn3QuPA7snUq22MjE2zxVYrFrzZFVIpPEBVSNZLZrORRKHiSCPSbqUqsZyf/7EifERKzl2U72BCPYEYN4CoLNsGHMkcAyM+32uFciDdAwEdSVKQN6uHtvKg89riMWfLQEutvqckH7ggLcH8EpDv+6wonsEKlgeyaW/VZRrxiMdIEacI6zqudyBPYCeFiZjQOLYzJFcLhzIal6HIrQly7NIbiL5tMMtPtxmFuAlDNWIEe6EhRFS+Hip3aoFpMLEv6Vay3EjnrYMADPobjbzz7R0Vn0a/Jt15LzHN1b1fsBQW97LO+C6Mi8s3dy/Pz27vHbrEIsS6jDqfPG3aN8aHLmE3RIeqkrH7kwbtOAdwM3h3/OLnU+RK3XoHV+XGy9YR9bTSM+phavkliAQ2XVA1oup/aZb1OUmUQvS5HhVM722S+0jXzm63ApQ3nRSa09ayZrB5LM41ymWNdWs8ytSln8Bo09WesWNAGuUix4zHtkHJFOBEqt1miyabCGfngVwKT5jO+3DJxScUMkWLGd9pWs2azwF+BErFA3gkR5Mar+oEYVV7WoB8fgkJCp/KREvOH7ky3MYeAmE0dB/L309hSXeoCKbn6jZwTcfQoLIEMiBhH7lAcswQmVXS6ClTkfOq1T/m9IWMRkZmHckQlaIR0PqQKJpoTG+3Rq3zd7GAKiTb+NzgGeTxE5MIsbGR06tlpQcsWbccg0iQVMFEooAMMJZPb6URTS6QGJOTVuKJLacJM7dCToqQcK6xxZKZ4O1cFKV1tO5mINWIj0G8FBoRxEcRHqh1Cu9kiGvAnCNQ1Cs64gR9KE/KUTuAZ9EgmjwBGR/IjUiWYHzoqiQySf9m+xwAAIABJREFUlqftwwIy+Q/W5J0Zbvm0Uk+OioS0prPshbzi0bILBpj9+LEBIdb7KJ4J1jbLiYQVEezIN0FDmWex0P6KXKAoIYRRlhOAUwuRw1uiZLuCfJfEIkDaGWliQTsbncDq0m5piKWDURKTb1v5cvOkaUUSXWyLMIPrYA8QqshMkor2w0KfNxHVnfaPyyifXaY9PNNf+W8IgOpMOzmkf0O2YOVRvTSArcVPiYiCPnuwo5wEAn/5I+Rx3UigBufUShwVK6X+EUXyBsOBg5qFL7RLmOCulUNmiGzNMC56OiyHcQRB8IQECofkxG63dlRRZiwH9TIXEux2jAtrGcqTFZWSJHWmsAVdPrwFYxFdm8ziprzYrIVEIusY+nrhTtD1ImSojQ94SF5OrJ07Jeo/PZrcR6o1CmMaAp3f1K6tcUWgkkRzsw7XmOBPpsjqzALs3aGpEZlGsgRhnepi0NIvuRpuHyJcZ1A35BsANyk/d0mdipmlUwX27jaTvknchLLXdLTvKwKYaUf+9aQ9zCACXP7ohiMPP+sbQs04jTlNY2c37W+UJQwfCeTeqNlf3yrGvq3KTwqImAR0fjStgO0y0enw0uhqZ2vINEUpivXHaYAqaXkHr6GXcGwi0emQlcgKgOKzOvkklLsINO3oJYWW2esS+jUbaWw484mJHwfUU6y/6NCxLAOE0OgwL2zo1Oi1TItHubUrAT2UoWuOehP88CqiavzuOuPq02D5zu3DzZ4qz49UnArsaF6upL07sPrk3EtvUMkts83EgRP+lInu+qokPBoSM2Q+kypNg2lResZZJyAg1G07B5XR1aGWRPY4oAyZRCHCaYoiL6OXrdPcAZVDSTmYW0FZNphgQzqAOByMkWJEMJcLJ25SwIzFT5BVXJqsrBpb6ahcgozygsp5s9rDgbxwD9EjioLJy8aRHjyKoeToszR9kRipVc189ALZxoNLH3ZX+UjS0l8NeWEsfYAZDXzi1gYoUibARTGZjoQrpF4c2l/hfeqBRCX7dBuaPqMcqh10KWo16bLqmDH8KiasRY2AJ6zoNWuuv6uLS9Ld66cn+9xdQY+PkcoUdYct5D90j2Qs6m76DLA+u/jEqR7kuW7l01lu74ODdK637DJBbF76jsrdQ7cn1jXkVqv7a1n6kARaA7ykJl0KtbBB4SkyQzVzPsejBzU0jEVmzE5f7X65DF8wsWfU634XvKXoxUDkLRmuznEFYTFX/5nnsGHxmgNqWW3Jqtlr6rJzGp7mMFSkGZ+RlzwkyRgRRXp+UaEWikgcKqond8kxGM0Ne8KN4gU9e7PuaoCIwJ1WXMKpzB7BH1hijafDlZwISNPIPPioRirSsJawHNrZEao6o0IGAbR/+gbQAgfDifJzQkUW3E7cTd3EucJvTYZqdERtxyjWfaLLhP0HoONtCDBUxrFq4wHOAYrvypNTwXCm6dJARmOdNF3gD/SgjtFl2tIrxDCa3Irk2eqjsZk95/MR1vUzJ9Hn4mUTeUj6ywQtcyjxEHUIrCTqO0TgqLwyu7wpgKutAoe26Jw/np4mF5FZhW6DvwTGdowFPKesM6CPwRyLageCW8CMfYoJHLWASIp9qmF4lI3gtR2OUCuajKcC5g1mFJZZvKyKoAPg4lOXgGMmak9Je1CUI9DBGLjs0E+ONXCH3zxJcNx0VO7vHNVRoxz0QxWlileCkGzPdcb1WxED1PedkmrOGRCqA7+QR4RBZzi9xrYb2NFu+gIw68Ap6ZQtR9MJm0YqUZp0JLGwERyT30hf0ANWd/EGZ6bGoOhsyYLYKH7DqZKOZFiLWO0EOSF6OAfAIQsAdNuQRlbphKlpjhJWiu3IIti3ndJUK7GYdpwkhCRDddMq0o0hdC0/AREAUcktUTbfEFt5YU2n9ZO/AbFOpoZysA7s9mRGLmwDRGNDGyPIVZWAa15TQLdipJvZ3ca/WnsTOxQgmPEnyPFdjaRBtBExAs0Ed3XbCyK7MwX/HuFtlgqZzdYSdWUx8hhp81wgA61Qrwm4mbmL8ff3++B9w5AzijRvYtlSWoNtt/73up4mv1tM+dob5pEf3aANDaoS3yvsklqALe5agf705Fb/6B1tPAbYEp3+e5YNMI0SPZsn6UYvabpMbW4qJiyksVPgNOvHzCuhbdsBCCR4cCuqmKzt9jswpVe7CsYZRSLw9bZj7KGGo6+uzvsfBEPwh8B1FHlCplJjSENwdHYCAHVTfy/xnODN98zFmANUKCUIq4NltCY9saBgguAbAIo3lhma5avSkDbwBfL2la8+N4RVlSgFVfBNvzq76xrTw30uQDWfNuOsUourLkfpuJPSq2Tzsis+zaICFGBpW2UU81cUSvLUkRanqm7Z2aRKfEM4RqTGcdSB08/z5wCqTN2peaAPqSqhKWKBkRQrc08ojmMCPVhjO2B47asTYCV/s6c/8QBtBNJCCTo24iwEV1lB2OODg9hF2sRKcTgLYBBzYAXM4iIMy1T7jSz/ZX4FMWaMYCdCYBFV9I1MicEFhcBvWGZughx8UOOCOf1lD4PZsiQ5WWWAKPLAIJlqyIsTy55BroQzx8BEQd+ZSaAiTdAcIN5kNm3obHiGKMICPA6dNOxDxMoge+zkIrY5e8w6j24RA5f49xZHkRpSWTe59ZxlM/g+HVIX1GsPXHn0puAv3Tr0qeePXDzQe+sO16d1op24X+4e37jhv7uFyhW8+WP7hGb+puC6BLccUmvGyUrrTpIy9u7xmKOStn5vN2Fyap7VUHfGctQJnD9xiEdvhbfOItW5CuT6biDcl7zOxAPKfIWCKwUpTfwUzjKXmQRB8CzHlMz3bVdi8PObDMPalRLnIKNOpZLVnAZR9fC4ceX2mtEMAIkgHUkRMImXLcEuKkGdLQV0IDxpG80A3ZEjy9XTayrBnRATmRkqQXFw+GA6EGyrZTaNTCLcg3dQiNMW9R1dSpIMIe5HGhVjUsmUGhEAKFVbIcEu8lM3lI4FJ8L5SjiVzIpWuSo6soYHVRMYk4GWEvxHo8sBDoowATq1YB2B6EZIA1NuuzIO+PBdbmEIBPo5m7Adhy05nzRWj5GQPDIROfBEJpD47rgmNcniu4F2KgYy4hCqEHAEbT+Lo5m9FB+JZobgLpVIRmlouESDqFoYdyg8/+0vnMCrAE+uqxaP4aM1WzNCPztghw3SksnEYCoPv8kdHFmwdhxL9ImhCyhVeWLNryRDXuFFDL7a4VYZnViNJLMjMHpxX+JoO3Bi0UYAcuZAO1SqgmhLobbUZVjssUsfL9YrEUrHE/URygNTJsmivSQggkKLOmMeSeiDD5ZtAUMe0VMwut9gkTmwGE4ysBUtfcItoEPuAq1aKtIE3b7UijjlEiAIpMjheNsmkMxhLESDG9QBm+CX9Df0slXyxaVyCBdjUh+TRMZsZiqvHo7WQ1QEtJ6BlsSRy0tUKsADqheZDGYKOh5/aGpvKjDdRp4yNc6BzJwBRGz4N7CLXYcg1kNFxw/++NfzTyf0h6qGmkNZK9w40si8cvP58Ktf+wQIQWcRiyZxDgYnS2MjaW5GtwDPcevNUDySa/GN6ybGvhBgXhNsXD0e0AZIv9WfrwjDbL27xXxLzT2X11XXBuns3Pv777tAMasaUJs4dn9LQ9CeV2jIbNjujCIirVe/dF2iiaUSGhwtWhU0VkajryInbecTn93Fm3anJ4+JEUEXHkYJNW4AmB3Kh+2OYzRnaTuqr54FsLKHv9TquU3pJkBo+58Zebmun4WQ96dBpmXWLddBo0TQX264Eaws+TSI+T600/FXn0GSvEGyRO9LajZeYZq3b8OrnzziTFKASpMhseaONM3dPbbB8rQ2lcFQdfk813RdaX+BuZHKPM21AnEej97D0rs9u5W1mi9dfHzd21YIsEj9+vnhoRlPsPn2sSmKa0FuGDOW1GS8m6Xqz92cnYqZaL3kEX5GiFSC0+VSrYhN1HlAQ+yPOm3Rm9QzaOQjp/jgntT2M/OMEsDwFY8HH+3uDuKNBdLzzgEgUqjjdwiv/oACGU9l2Y4nyTbw+YDxmWyClRzyBby2VyXrJ87gAJJwTnPml5VAxCftztp+ZtY7XWyu6ppr9tyZeuTHjpJnu4kpx5RVHwWOOJpO20ShUuzGMQ5HqMooAWvDF+Z0pZB+AEXAQAZRO7uIhnm2YxSEBo3jrFEcpmKxZPzDXLVKB8DnTKhASpaXz60VFHW9Vr+4bG2iJYWuCdTmE6jT6W7z7yaeYvhtX+3V2r/2nbu6DOehLVd073/y9nqwiNYWp2rG3DlHXVO8C/XM+CkyboWoXRaoPcOpLgZ6td4dlJik85GQkEdFx1FJlPJOhqjvoUxlZ9fUsHMG8y31iunprjsODk1R883CsTPnLmZqdD0w89IuiRov3I/kgZz7CaAzjL7ZeWs2GSMrjWrsjlrOr2yzY8QThzA4+1H+lGhma1d6oWEEy+yLMnpEOWmog3YUme6KltFcFYoRFgVZg8XAmQ+a8ZCjw/ACZIT2k+DqyK/ebrRIoD1dGEiPaQfbYCCzZrnJdgQsO+nhE8d21cQyB897k0gNkCkXkdgdA1TURSVrqIcIMVChFiIVe3xJIK5DpDSFGn7U16MoHhXitWi1vrTnqTqtE87IRcbGRAjm/VtXqBQ1Wo7wN1IQcgbMGBH4yDORQmlbLEdQ1WorjYOBYhvKkSjq612mMHsOtfqgUnKRVIbnBN/p9aM3A8Q4ItwcZUGYhksToN7AAp7qgXSgByii7nAwjZLRmagBkIukU2y80awwvLNlKPINSHk4p+SSHo9qr/+qSKlg4h4PLT+QQYOZ8uVCgIHdjRFbTJthYH2JPPbtblgQD8ykujF2FrvmPvUiHPFIjk92ogCsWSgPUXAFLPYb20Q9ikENbUL+ZJl0aAFkdLTkA7rFCeKUJdDccHwd7OjEXMTXQlG1O0pU5o5T+QGWRSU6uExoeWQAHHIkV72YKIHp6i+8USLELdpCALAilWy7o0K4F/3KDl3V29TRZEAOR5SDPsZrqySqjYRytesJNEPchJkhJwia/VNO8op11us3r01vpBbY4DCobYAwmWIe140hTOm/TazKKkSOwMGE2T4kEg4JIRCjWGEg9ESawj+VqwvOZNKCmNGmtly9DtF+NMlAxOQtivUBpg1RbTa2iTISg9AnrY7BmhQXi1F2N4iXaZ6zlWtukWWT2+Tba0B7+VAEzFPmhBbPvrw0SMbEM6bXeFKfh2zjLrmwbGHYPbeuA6RC88RG5Hq/JrTqI2a6mAQkmT8Ka7df6YB2xlBlXXDDYbdvZvUe3UqeXfDYmVXnGVs0ax6QWcxdxX8yzsAslkT9oUV2XihN7tlfux8IyEr8mPVgRYuZd8c75NU3QCazSZhtpVcMHX8eQubASPWXYsM8OTcanxMsdbPBoRL8CgJuxl/05Zukpm/PKHLkbhheT84zkFNV2Fu+Yr+rKQuBVHb/1057CuQjavT0+BoJ+gF4pcnmOrk4ClhSf7dlmUY1VH16m8QCMLFTPALZxJp+wTg5TJbMtyZOo66YshVf7uNK/2QNk6Dik2StN+XFUJIsz0U9hMtxK1ShEIHjEKr0t9pE5eHbhh/AgzCIU3UVTqCoVIgWgcrE/cZiFctUPvkvWoPAd9yy+iln3wOeiRJ7tecYxkow03b6S2HMxXRIJRmTtVh6ohxx8kjlpLrxy1oBLNKSGlP0gN1II9k2nVkY24RFv2MlucakW0mJRIv25aAJE8oKL9QqUTgCUIu5LmMfmVWvIskSJMjlvhUTE43pcjqYaOZw9uhcfyE0e+T3tcmioq6obWdAh6B16Wpr9kE1qb9/6J087l0MsHf8t7YfcJMss/ZCWXkh9cmJU9GoPRTrncjWkl7Vd5HuS/f59JGvrMFTblPsk3haBFG7W6jnjlQFSY4knJ04NxvMU8ftxx7ZczdFTs6N8WdtpWaaIKm6t2P11WF+2yxy3aSJoRhyUTVePXwQQt3kPN2VNT1lZ86vnl88GjUJ6i90nsKy1RDvVLsELKEtsn9S0GyuoKsYoYmNvB2YPPiS32pKHsQDlJsCAYmWSGmwScZondJZZbB8OVD0dA8dIcFdLEIolQ8v2ciTFkgRe1Um3lyzGFO7mglKyyPJskfkeGY8jkEdw/6jFfD4V2AcIUNc5UBCwBSNfLCjGJGHXu2CAAwwxCGLEu2orjLRBtggwMZqVgIKh2Cwbauc+6Wstki0lSBjxKJ4Rp+EPhjpDJDuSIcMf9IlDf+oQmT/E4qYeKONikwcFK9U/HUaWpqtaLTha5V0KnEAh59oRTwRMKfeEaF97LftGJ2ORo4B3rilScTGd7AYMuqp3+GIxpxUSZxJPmZjF15V0eHeNcnmByvDTjd2sQgF/qwDgtSsRsUOpyerjCDsXDcyE5DnqJnsN6VGRwyqghSF7DR0XfZMugXNSc4ttimAafgne0kSmfmqZVNfESf/WtBlkFAg1ZqKkBuxkbjscUiHM8jDiqWidPaKtIAjyCSc2vE5hSvK2JMtQt+4TL1ZYjTakZTWFzHFSg6qzEVS6rYdgGFUDb//b95n4wsWoRH7TUwFQQzkVELf8FZZvygl+1Vf1fl9Q7j0HclTxe8NHkGKOK4ehcP05qYbv5twdN52C4PDOorbyNQ/UuWXybazabIdi6rZVBjGyLXrd0hnGKIqr8GstZdipjw/s+hGAoARTuVkJR92B09SBFer8DBKKNPOQHRJkSalSW/E9ECNef34IeJra5X6bOzm+jdIbIPZ5N9w6S4RM7pQGhUt4BZjmpzlnKh0f0h8wmmep09LqlpnjO563vf+s/fAtIrfc8BvnqwFf+pM4dXrhwbHRtjWuGoKL63W9cWeu699jcpXN2um2NGwPS0SqC36ZO2bKk35zfKZvcZy3oEDPrVdQOjJvC7u18v13zg6O1C5hEVsNrClHEeqgRs7/8nP2llpxqXaKk/ZLXOgFyMgIiCdA7W/4aA5Mu1hlR6dcnNpWfGyVocpBx9X03czc34/xNqjF5xrGt3J8Pi1vYmb38bg+t26qqQwdh12sLmvIrzZ9MRl9R7yIBLOIa2l3GfiYI2CletsCdkJXl5wI5ePf4mueH556eWxzUVm5pfO8vYduRIhNY9bV9ekLsatUOZQrD/HqnO03i1aQY6IrQDD39zOUC/QnB3unIHu+SqKTSCIEmUbsU//tMwZW00xBIRKZuzQjjzUuDYl/m/baRkH4Fg4BNn25QNNRh7YhlTxfdFLytVGUMmATlXIJcYZ7sRtv0L7o8VFs9pJeuRcNGyYG9EbZa2gyEI1NI3smx6Js+IE1nsgR3QunQJDqSwbk/EIi4b/dTsVljI1qgz5n/4F0FUEfkzHTUZN//jlzxjaTFdXE8CoXuKFUNZvBfjDP9aekYtO1IoorRKRLHX1iMnmeYaaLn6J2q1nPa0LSGMHXY/lkZTpXsfSS3+MFlikl9sZ09Xn7J51YoVZPUxrNNEKscd8XRB40rH1fFGoXUEQ2a/6Rphz7DTspv+W4ZOo2BTWmOsTeSa99IgGqOOjfNG9PoAShT3pEhWInTdrp7NYXU1qxcfNS61/eAKBF2sU+pKMpZOLcjLvfL1G9PbLp7r3vtj96ccPXfjolCSD9V1jWElWu9JoqMaKbSXWLiRn4cKWE0l3a1IDUzKR4ZXSUQ790NEY5r8R58qw0h8IJofVeCx5dhFkFsVcD2peD7n0SJAW48UhGwHpfzTD6QcHaka5yGXZEPo7dbkU3GCHMuLhrFwFigGbwSW7s8fRMtIZIbdNDlT1QqxItJmrMudgnBkBlNpVSO7I8Xs/TGG02YMMBoix3Y4cCjaOIjoO0TpmRLlIGdIIjWy1I7eSY/eEgUmKsTrOKIdnbIK/FQW19JEICnbjNNSSSbGWhdzsPOGHV4nIXo+Cgv+2EYlWMhRN1L8hivRYsslQD9v2Mw/8YzP59BzFKVaWdc4Gq43kSA9NPkkiH94AB3XoRufCgXeSMfpWxqSzzYFTXnbVsdAzraWdIm5V3/8gliq37Qg9bkzLCGM4iWCVHem6ihq2cD5qBXB8omRKfCN4UaDsIXOLyL9Nq4En69GKZOOD38U8Bp4BOCISfkBV4u23pi9uxihSNZxUudQMfoDsgSJWR8cocE9lhQtKhzQRBqCicvDjf6lRMRlF25BWGfNZ7xIKTNtAiHtDRW2F2eJwO7JUzmEgT722U3Z6YLPaU7/CVU7l4VywiTnnZAIyb0Y7kpNhuiDWFvNpljkag7H2p+hiPCkrMRBdW1Y5vSzzHGdejYTlj7RxreW4vyX6wmRGasc6iB08us/mh/iSShTPb8oJtS5GR7hheLXjVet2/QlszwB7nnbQIbXGavmGa1t5KuGtGtGtjVlam6BZyf0ErULd9W3hlsx2DhCPxiZjX5NDb9OPhDWFZtivGpPcUtMImgIe5jXsvXr+8vXh9as+I9uX0HWuLXoZ0onei3+8Q7K7UXr5pBloA9maIC5+ScRNu5TlvveHvhrWG/96h5BJQNDJaz2vD9W+azmvm4I+9b7lpridcXx+Ej/NWbOMPn+0ZuyS69o6hL0168rTNPgBVFGaNSbHgmmWBxVjzYRN8xeXbYPdVvbgrl1kfKEy5hik0eARy4Zn/MlobWMWMt5gipBIVKyOGN3w8/Loxp1SzWgKnpzWNQEcs7+HN/TnY7OuUmjJk0cQeMh/z4GzfFslYuYcm3w3B/n06XP3Uri/q/OnZkoNh4mRW9+8ebnfKPjd48NLNyUkbapZd3x+0xSkb4/1iPmiqvJN6QOYXvnctZi33W/9XULqYIRkdw95KH3DWc9ZFpxv3z60FJs8ppXHiDnupNJgVg1bkzUfoRdWuGQdFmJ8KcZaRjq8n7IsCWhmUmvDJBB1F1ZJPy7YeHmqgPpXuhLxWYIUUKudr8YQ5EX2gi1/Axt0eEzP1mx1CY4U3exhFIIa5vlTRp/BSl2bVChHjny12CFLJhoVbAZrH5h2eezG2IM6AINqd0wW8kGTZbN+2CvMCuAOzxKCLSjBLjZujhvAkBCj8nSqeq4XC+I0g47wqGi1PfGvhnSBugjZRT6TXUv73uNz//b56enxu8caeoWPjz/r7QC9vfPh7d2n57632lUsklDfLPrl4cEdQZ2Zui2/a5afv/aIb82kGL/30vfHT09f7x6+/PLDh26xeXXfmcFuHyyk3755efPh9ePT1zc/FKVFuh5Jz8EmzFJ/Py0ZoNaaCU63O+MJFoZpBKknereWWj7E9AvNSXESdsddcn149er7WlFfVH/zpi8f3j28ro344ErLJ69efx/cx1/1pqPXD/H53McfX4LrTqeu0bVP3Zr3LDmt4zk+gv345hQPIrENG3OqYoNAe+qUO1VcGdikFZ9pKlQvorzGZ7ST2P/FIQJ+Fc2t6woFCDEO/i0B8CAbNZM495z4whlCAq2bysmBaKr4ASUq2wXQ/mCpUc+1eSMSgYEd8pjBi47fKF1Xu5dOmQ31iTWqHp2qOd18jBEFvm3or4dQTF5Y1TtbJNlUWE0FDFCt08sbMD2cpwa3qwklFk5Xo+xA5CuoJDXV2RTn82OGFGJvvLGcijPn4V0Ru3hRhhDxeB/DHxowhpTAcBkukmqXPU681Kzq1lVNLgYDBWcPjfC4khMXlTUobUJEcgwm/Ri2q/A4AUf/uQV/Ti2rMDmPfWTgcVs2j1wlWEl23O8YYzVErXIWRG1VgSGbK9QlDu+Rg/jK1Koi1sUkxKmktN/S6W2LxK3vPtLChz7kMa1ggCkxEwhHJBxRXuCqGV+iRHUboMlyZanN+KNPg4l4AVdqSgSDLmAGVxpEWBPwQqlnNIRNFSKXHtiIHozRUYoeSaMQDUSLSgwqM9AMUSO8rDl2ZYvrA0McnDZfUlsx9JMk7VXwzasgUL8BBfCt+zjYdJ9MF9AME8nkuSkqlclMjOBLtR1l1FWaEW+FyKkbxFFzdfSio4pD5yZKNFBTdeyImD+/saIDojZhgsgBD2FDG279C4WqfvJpORVtpaymnjx6Bh6laBm8azB1IOkIqLA0+AJot1xe2UStt71//vrrp+em9N6J55YhozRigBMnJ42Be4FcN9dwX/UFqFZ8v3z48vk//O7LL7+8Y+gAvr5+vH/9/PKxgbqtCXlfx+x1eb//ctfrNbxv7+vbPvPVjbnNH5v2v314vP9y91fu3/76/ad7ferrh3dvnlrKuvvaaycT8alP7dxbgDbI7O7KadZSnZt62CL9fvnh3e89Efd1IvXKSjPTo2xEXr+/++6PP/WxlRmGe2GlWcZfLxWXzDJnzHyszUorPYHMBLLbrtRgS2cb+6pLFTrUXLwMfuPLUHN1KMV6wFEjSA5IjIiigUMbo7N+JaeGoPsREiO4De9Q8eutn+9effkzn7/8EtdOpDopitZuR25d/f4BtS6DnKgeBRGAXwSzpm8fjapub4nVdbqX8t137CtJzsOei4y8ZmHSFIid+/TXw2MzjFf/kT/b8Z2bqkw57pxlCRpx0sz+08vrX3fnNIWKQt98YzH/bz6+fHr3+tPDrxO+ZwWckr049eqMpLQTDRdHTfLuw7nZgejOCknLTMrTvcOV3dlVrGIvJM27bDAY1aZ7Zdj6j8BQINAAUl9bCqByRftfclwqEDgMynFY9xf/A//NnMfMUxS5qIyGvgiiEaag6GQV/baOkRpYwsx6he9hf0jLDRr+Otk3hTVglrjopxadUjatKTa2wGq5B4YAfkQ/DFdQMOA7rJWjCr14KzmBMygI1MIf6RGqKBPMJ0mGbFAgmMZ+HOABXL2d6nb8M96BskxlmeUYSj0tephIcffwFImuDblWCfTp848f/7ib4J8+fnz58umH77/78ccfW/9GtNXv55cf3j+//u2+4OTZmNCa9ad3cbER9tXPvnv407/4k+bL1g40iBCfn/owSc8UfXn74dP337/79MszmEs2AAAgAElEQVTvvvjU+bMW0Cmv89KehGki/nL38Pm5CHWjIrOwUjpYsZiS65Q7XZ5DKXI0CzBFdyoSwa4o/PkvXz9acXD7fiJmZA/RlOizKL/4/uNf/LN/9Ke/f/2uj/lRqrbw9flz8/uU+/T8+vGXv/wbnfGnUuHy1IWBd9+5JNcdkLWcl5e3f/I/+uX9z4+2IkN/cNxAzhr4JUyunshVHn8dDxqd58okVyKMFmE5RZHYs+Oc5KouJdutv2ELKp+Nc+EqmBA7BB/QCkap81qDEKcr5vIt67BdxcKOGsE69gvCkJQei8mSE8lMs7Lr5skRhB+MhQd+HnkCrgkGG8HeLZ3VlXiIKqr1qS/1Z72WYl3ObkCNDEXIpwt1yCgTL+JreDFXModjS2A9UgKQDoUZDdYKERk4un7LXj1XSCrnIZRZGIHEu069Bt+uchRjN/1K47afghwytQeoVO5wCrMCjJKgilgcPPXqSHCRwpzZlWgz9qnN54NUOUkOlpiAAKjxKZggsRh0hQuaDmbN4zRBqgAR1nAOPDrDkK1qQh7auZSO1YYH6yQcx+xGGTnYbWABS4Q8mcvoQP2C0zyu+hkG/5vqk4swfihMJohthfEMkiqnADoewAZxFR9Zy0Rh3d6BENmJQj+A/e8HaAXtD86RCIwa9SfEjkRR8CReho3SkIc964Q5+lAgb5M6EpdC7vZ/AxpbFqspJeOlvloIc3SV0b4AL64gAyBCqMMf6cvaV92U+SYW7tCuY1FzMalE2bEmoMtzVyk+q+84ZOyOnYiBvW5M24E83miFU7rEJpcstlrFhyDZV0i3Q3yqKAc7yDI/+W6D2EUVtwweCauzFdLmBAm2wuqSXF2Ai2dEsxiDjof8cmeIUbofQValtj5s9KsqQdPlg9Fl6CgRbYLXuPXh6eXHpz9cWfiGkYxTK53+32TgNNPOnN7LNBqndJTPP37+9PFP/9av795/6pM7piuvWvj93NV4C+w0+OHh/b/+qy//3L/99YfG717gH/vu0+2DXy+9RTtmPQ7w4bv/9M8//qnH+6enh1dv3jfKuYjAzgVtM/qnHh4IqTtfk7U5xrruemNq1Jk/PLz/vecf/q+/++bh3edOAFr5tnyuK/EFAgPml/vHFgatbsQvCfuX3Plf436+rnBWPY7LjlGvLF15suPiPCSFyaAeRoSqRLDC8+8E6apDFImxm/UshYBnXMYXc7YTyOiv27zIkVLdGE2QsvrYs1W5+O8+mk9ffvH0XHmXOlz3IE+vTXU95cvz85fnl19/+foj04moOLpDPzVKEk9JlfhQLwVd6Wl9kRotqP7RH/6pP/rj3yaY2m7UKgxOhFT29kN2/tnf/J/9j37++am7gZqO9lLWe0uPbmDg69Yffvl7H//Nf+Wvd11rL71Yo6vK/dBv3t3d//6Pr//p/92/+D4HNWMJQcTNgm7X/vK5V7b/1m//9p//i43Bc5T7OsgY/WxYqnhdM2YZLklIg8uMJJduyQ4y0SlBW5a2V3vsoiLlKzuKytmAjCjSt60qPxAHelPkw3xERuhAD40TwZ4WXfKwOpRP1YEeFKFiPENUGR/CV0rRG8sKEnUKBDPNhRbcvFqnT88hrCGHV+9Zb3NRGE60Y3MBInbknsq3uQeZvwUt5AKDUOMYs6zOZCcby6DHmw6T9RD9DbMeVDZYMNdIVEJzkEiB7uIrIUh1CFg0/W3q7+zMmqULXl8/P949/vJv/Qf/j3/tX2qB3wv+O9f01jswT88vd/d3v//LH//b//jv/MN/4ftf/XHUTLa7vOhmoGzVC0Bfvf7Vr371n/0n/ws//zPff/7YB8abNmetL08fOmGtf/v8+P7t3/zLr/83/+zLL37+p+q+3McTke6J69x6jejL3dPrV49373tjTDFd55QKmndD49r+6QH0Fzhnns5t9zBYzii5KVwXYH/hTqROUFyu58Cmn80u3tw9/PHT3d/5Jz/8N/+hv+XVB2lwroHU8/Yc89uHV68e/9bL3f/0L/1LGSZ9Ip0Ubswzc02/r18+fnzz936+/7v/gT6veE52JxXPzLzrTNrNpew/50YrVsd9Nzd2TDWepV0JwdJxyMJo9dQ/mGAra7/2s4TKdYC4S+4fq0NSdW4Vu5POqUAc+mbDQ4WhsDlMEVTCyfMRaojSftOi2s6mWtj26Ia3C6RaJZpAdOrCwLqztEOLHbfbw0yVLkdmw5661gt9ffrlL+sP487BdL26Y0RqYpcMk+0Yon18SKfuaLpMFdPalFainBif2FOQelMO3CCMNvFeGmAQm8EuEazgKuB3QBEE1cjVXpcQgO78/C7GGfa0vBOYgQiQI+5UwlARH5zy4ZNgHEIwVygzQHaXGpuxZiiSX4IuVgZwoE7PLR4Xk+jEDA4SWvxt2wpOdSrrwcZntQu+lL1tt9Q4kzlSeTq0MlxHyKYpHVEbCzLPGdOEyfK/wsltj/qK0OnXgWLhH/7rZNVtO2jjCQwgpNGNq3XjrCbQh1Iq/4gVATZIJcmBDXGmFCKwVzTpL3Y74APjho/o4aq6W4SPhh1PjSPlvyGMxwSSGqkgu6Vg+5Q/tGETqar0qvUNNGL9Lf5S5NKXn0gbjOqzwVwBg1d7CF0sBwYeyLUb2jCo1t+sEekqjhORwOiS6gxw+KzVgKpofhqtscT68DmPIhlKrNy00Hhkal4c4EgriT5Xk2miqQB4CbYytZPjosA4uM8MJYbf8ebPBQ+QZA0mbiHQPuJn7yrjSDApkccA2RgZkpUXexOvXfXuFmUikuhJFZLf6QAK/dbGG0a8ak3TC6yVNG1RAGJizd9U3rVyjeYIFQEqdOoyE2Pqtthu1H/+2Fcw339+0+TbZ3e6seft/btuBm/dtg63z3R9/PLp8c3z97vLpPt5rHJ1L77PeH32Xr7nrga8fHx4+NCV/Dd3v67HTbirlSSf9/83nh1FSJZeid7MPR1bmH71YjrQ9f2GO2N6c9ZuWKGmh+bq8TVnQ2s6ZqDkZpv0yxybyTKjwuOR2TwzJmcrPtUx4eWUbBscb5yiFa+dsloEBnhE5Z3y2/BkXl7guIhMqHEpo3UGImL5JCmb1F+YSrfeiXjsBfOh21w/MhZU8mUm7TEAzoxGZsx1SDXn7hzrk3vuuTxrZoeNgKWFCoq0ia6CbEuAihQycVHw+e7V5x4wIF0U/Tn9y+ZGyG42fsfmf+PV3bvHnkNA6PWj0Vf8JMant1/f/cGPv+jczjcl4O0aiZs3umGrVxe+72FgDwc3efvUEwO9ILZxN0V631CTvDd3j31sNdmM2KZtXePgv0yU0ILzKJKC1GC1o5G01pZEXDHII35JlqTjsWTOgHchnnSVa8KnvVIa9Qtw0KUNraeV4qW+mgtfCgNhEDKe8Yl3NlYjrfWdzCgGHOxlfHhDy2+nAvKQCtxhBhyHKT4yZTJQLUsRMcLDk4wEKXWEC41Mk49sg7Ub3I4VggitrIqJ3IFMYyrFE6eK2HhMnMrLFGhjDP8MbyKGbIonOiUFP7rpid/FASn0J9swVNQJNZNrHg4HkQLh6fn5rhvHXncXUFf+7p+f90HrIque5NWX7953avr1x1/3yO5jr9Bpc69/tyPevekLFs+9GOzu3adff/j0R80An7toGbUuc9aPNW+Mx5fPP768+jse3vzpNx+fejVVK9PZvhAshjU+tzd+//Vtc/fsELv+pgGFNLQyCZld/Ce9puf/bOwFwBRFrxtIrcp7SE0rW3duPt/9b1/fPv765eXuTTfKMcDrPjxAAB1Dmjx++vDD28+/+2vf57h/eJ8g3ShUhHRfZufnvQHw7rmLtU/ZJt3HFxm+4kbizYf6mf4Slugg+x0bV5iPlGy3GnggqTWyQ+WwciMrsa5K2ThGlRku9tqBGKE2PngOTmhPvpOACpJR8ITvUrS+OQaErKeKsrkKYg7BTZQA+9hzT3gACinb3s661mEUfUi4+J1onQ5wukUhIwyvmD2Q/3SfDNCUmGfJOgCiHm4ac9BkDIctvu0vKhVOjnUCBJxciuAZGCKZO1IVdeg0WXZtpoJT5RLUAIKZ5daRZBMQ/WZrJu5vhisxmQl7cKZM5BUYlA5pvC7DoiENfrjw/Co78qlLhZDnlsqz2pEw5GoXACVs8hEizTx7FWNharHqKo0x2E3fkmfjnzEWQ5ifo8NRCOHa3oGpfqXVVQSzanIuGcXRBd12lIzd2YgfFdykSsyfZTiRcHjabuWjNm3QgHvsOaCCdQYmLy39kBRGA5i5EGSsiY/yVXopUMFIR7gSEQse3xWjXQJ2UYH4dDhglXZCzboMdwgfzle95gQ3Woj4k4n4oU+2MJeRbrvwWb//VVdfprrEq2jwcmPd/oRico7EIC8qCI4fo5QipYLD8dpDV/Ntu6rRBzsphgeism8hNrkRVF5NkpSIHmo01+xmmoHIkAYGSQ4mRcvvdxUhhnO9DR9PjgEpr2Y0ZtlMFE4B5kQsATYLJeKBqxAwHEHIlWU22RoZPHA6fJfBVR00oBBkgSpiD9YUKWVrF3oy1BnmRm5GqGhLV3QNqgmzTuSiR0iSKRDHreDWdTGWOdw8TbNqWrVp6Tlg+jUL6ZZ7l3GbKj4ts5WW3lbRDbUf798ZqnuWrjODxuJ7Hep43t81l2+5xgJZE9rmMU0f1+/HQATUxFs2awXOFYjex9cqXOKS0qlKXw3rXRhryI3+DcfNhJpT1pP0/o/msl1DaP2mft/0khWWbiCpy2kYmM7kyELJN1MxHkD/N8MxVLWVhbg5YpUrnJkQ7n97iAZpBchH/dqsXVWuICw1komxWXvOT1ASqI96zdpA1S4DJK2LIb0bSN0h6sX8Hu3NEjOJG3CaKiVh86DXnaBlofXGjBWNXJUxoxkEscuRzTRkQ2LZ8iY12AWg88tu7dEPWGzxd/a8f/PgTZ9dEcqWDbDIdYWnNc2Xrr3klA8fejpgQ3aTmmZg/U+zN93O/eXNy8enpm9xeuk1Jkl719eD75rG9WgJUql+37Kouz7YORGSg8ucURAIQ3KtcJ1opfQkcnImpSA+ULRUAmAulQ1ZueKZYR6JNdhbkTTAoCRXwWxXqQMhTjbHRmueSw5o7bTIQ2KiIaMAysEdR3Imt2tFF6/VZm6+90yrljHco9Y42o1SJsKpXP9gyYTQjQ+/0W+SiB85woJlqXIi08ScfPuHE8Rs2G6CIhiR7TE02z1cLqJQERi34BY2BxUaRDKvLY55pTofbdQ1AS4uplorCM4zLc3anVb2Zp5NAHsG3SflNG09HJtrAA8PXXoqDHUXFdURBNcpcR1BEdRZZ2cA8dX8uqjYSUJPmLRM/uxRYDehdQuNp15qM9X0DPxD3+O6++Jtof066V1f8aXTjZpb3dyxdqVN3FN1bYQL9n9aqDBOK9IV5rnRiipRNWzK9pfNpIvhGkc5vW2n3+zXysbdUzcZ3T0360+jHmZ+iFffL3juk2R90+ztu4euQRT0b3ueIdZWdsJ76JJqzwI8vH3f/Znl+8eFsU5+4cENuJ+OM0mBroBTN0sGDmIhRqKq25O/YeUq1jLXk6OX3JCHgJ5tCirhcFzxWmeU/ogqOlvFp0OaWHgFkATxyvOd04RYDChiPGddUALTqR3TGyAKoh6kuHvb1aEwOgXsjihjh6UjHzR0SUf/X+WnvvhA6yFXEZWAMmkOf+nWrwWqBpBSWbBIogY3kv6SfypUT94dJnhyMSPxhrIUE+IgJlbOMsm/fq2WF2hZkRHMNF1/j4jwWGCgQeDjJsId+juIN2IFIF93wl8A4CNL7pFCBty4RrFSVbIA0M1GTLzhcOG86kBkpsBI0qHCEYKNCf9swxbHMlSbwvPbMAAeZaT6Q4VcttrRSZykTPUXhVXBYImDeGqhHDzEhH3mhaX0klR9/4l9lR9IahcY3y59AMqi8Iax1MUF07DKodlypbXG4IQV+I1AUoGQkEFnVBOwU27PCyNeYTg1rSiUznMMGCIgNG6yK7y2yU+EyyFqKG1zNXhZzMvOt0fkA/ATHWoT/RIQ7mHcfj45NOfIcC8Ol/qFaYhM9hNB7JLNPmAnh2e7BC/7TYU4/FS35MRdA4nVAW1P/wG2T6b+8eVdAg1scQaGZIBP5OniKknFaXii4QLRW+EBVnV/CVsLqq+4NEB+1EBdqfHE4Tb+JYeO4eJL8zqhfNlOD4kLcE0TN36rxDzyTM9DPn1uGH4GI0CgDy651kFEG6mbeKVvJUOlQZX9my4JDGSKqS15QKyrFGLnrnVKTuWWnQITtMcUU6d087i6yLrMXkoRwc+9Aq/LpoEmsFkX/qVb44trN2s0HgbeXw/l3TW4nmvnn969e3jdM3a9uf/1m+fWp81pBHmL/1ocGt4CxApMaYptyJp0bFSCdbm+A6puK2mRG9rdY4tnPdf36b7XEJksdLvsfcvQs5+lw/Asr3S60m1FpawwI2lIjh6eAoprMKkmVNtm8eu0yJi7JkVwJ0WWmUtBdAxIJfk2W2YS/dKhS60g6h909nQbJI01zeYHFcxjZGjia0X3CJFohWMzG1n/BjsGB+fGmDL39+7N2mS72uzM82naC07MDYzSk2PcvHBwYtr7pUc/a4lEO7URNS3DzsiZ8GVoo1pMOvEA3eO+ncA1ON6Zebje0/1gHz40lW38fW5G36sYG2RbXevur7WyTy8f+wpYDD89d/eF04vupm5dtvuOMkWTv8xe5BSMPRm8hjXtN+NnuHRJPzoQu7H8aruVbWAuMFXlYj4veXrVfLHy7flb4Hc8/6f0BhHZzBKj1I5j2rfhDGeBkjlLKVay1IAm2ExFOPwL1VVz/nF8qIKDmMfEAZE17wQ6MsQKYTlcaNNh3Eou3AgYFeeaJaWPjFUbkE7+opYMLURw9cQ+klVAS/Dt6ZlbI5IomyxBGMvoJ0t25pkOo51I6g8D9UBraGSm8SkIpqqJtwJQxY/6NfsDhunuildbZb2CeXUxqV+qKdW6i+6e62/623nB3YPA+PjcgsOnd+97DP2p54HrcZ4+PHmstlt6otarxcLtXcPd0fF49/bx7sOPz6nYubHX+0Sw2Gv2X1j2NoGHPlCIi5V4BGL88qlXkc33GSdlTxRwk5BLzlpIV+0yrZvrTFfS0IpjfkkHXqkAcDbIIWdtpMlzZyJVsPSAZrUaSDztQ+5Oo/vPrV/0eE0v+aknCCObnWsUdW2dQn/s5OBjzwp3WtjZTo8ufO2cO4t1Av7ubc9HPPcgQFIla2crmdrdm5dl423gYl+Oyf06RwdSK13YGW+0J74c5py7zNosuJWT/2ijecTRfIDmIGiaSv7aTsigO3MWKYuEgOgnEF2/WDCJ1Cg4wNY+DKq2QiUx4E7YMSJcv070snfRvMgJMUa41AW99K2H4w09a1atB1tqkxd9RA+RuX3KnwYURxaxaY71plpbLGOAp9n15K9I/dpOh4Us+cAT0bjfARGc21FMK6gou0RfkeW1Q2o9F5BvUGGWEUkz3GgNgIiz4YhO1LLRTdckmAU4orRRDxU2KbVeY7hr+6VUTDF+xwmHqEycEAkLaMfLMJckOKQCR62dkABbiq58hEaPLKNd+yMiLIwrPhbHllZGsdkIkYvU8SgxQQ0rfKhH0lOW2sl1qK7VyuMQq+AIi8LUXKr0xXzgstOPnUIdbmGdrJJHqRLLgEVMtmrU/Ugw4xRMV6daPJiMVDeKaME75mTZWXcFiwQ2HNGVT8dG88OFMpcsSNpG7qKp9pwy3woO18lJIWK2XflxLn1+3yqGO5BS+WSKI13ZVFA4OkO9kior7B/qYCWFXMfVxv9CuxIBT8nZJLC2Q2Zws9BFfTUKDg/eP9LjN19tFzrbXVIMhk1j3LQmVjll7RhAiNsfnmCBOYz7N1lAbsNqQHYTlDMGPRFEfM1ZQFePEqLUCn4dTcVsgMPazEDr+1GruAhxnHKADsPI6aaCqUR/2XYkR54E4SBsm7NgXDImmA4mPH7U5FEx1hnUCdJujZHyBi2TxfCbTdbhJkw9e3PqJqJVGxBNPXbWO87Gzsi+fv308uX+XX142E24dbO9mbvAr/P//GHPELeGF4r7xTsdMHdPDSt0ddAVeLGHzgrVBGi2+uZrM/u3vRGe8p1+JAUN0vW+m0nq61sne/X6/v5Bz23srDL0pIsQbbmgp/VaSQsplWkW8ZSa4rMEA968qTNZB7lxX7L/MEze+W/GZuRkBKmBbwUcV900wu4uRZFTA4sdIweuIUdJ7RzRY7WnYTSZeE69TS/0NbbQ3RnUUuTLu8fHTPHSOwq7099t+jnk6/1DL0x15pDFsnEYPcK48BEGPKLZWU6QD2itYHTPKDOPDnHWiN0ytIUZxZTLHlOVT7IqdI90Z1b0kySrdKnFyNzN2E2L9D19gTV79HWHgqAZ/Kd3Lap+ffWxk4Tk8h3gV3cPoXWhpnu4CzK+LiR6ZoSdu+6UL5u6JQh38D7GebI4uevW6IlFoBlZbobmFI6Ug5jkOvWp7Oh/sEubWGuYCyfwqKWXDbP9B395cQVIVHL2CNvaK1jmN0JJ6ZpaCSA5aIiH0HAUU0NmAi9/lQGvavVBzBfj9xOSKOEq/j9ydBjFb6IxicFUyAfczxQOXRqXTa4rdQn2Uw7xyXV0u7KHUTUQsVU+aoEhyNDKVDNASXBtJ71Mqk0zGQbVMJUcj+18tuKmuff1EybH5v4Wc+t+7lsFf/fYAkJPAbx/6B6Pr7/+5cfHx/v33z92/vnhqV7FlYLohaIJRNp03lv8tYNut3tsSmQiGOe6r4zQI+26bCe5sarnyapagBPQtfKKm3PXRqcJoDmXzDywSJr+4dY9upKRAowZnYTWqFgho5v9BKpQUU+8+tBXc/z6N8siTvE7/62V56xmc+tyeyWQFcqKuuqZeE7/69N352rXzpjIze/UimV/mGN39gkRs36Tfx3SRpSJDCTQ7Usn8WnWXKJutlB+KZ8mZ3i5vDvsDXvjEBReA8aWbc4OiRol9UtUWtdsfYNssJJriR1F0aT/STxxYpZfl8unVh9RyaTZjMu4ykXtPibTnak9/DEj1+kE0pmAsdOoZrGhLWfX4rsr1UAUQT3e4pCzquN/zJNEYFY7f04s7cYfnsQsET5pJKaJmuGvEADl/AFdcMRvlQogFpxaOgqTZ8RiU5GCsUEo+UKtmSB3iKYZ+dQG2a7e2pJKIqM4ZT0tI6ADO7Aloq3X42ipZIzPMtQijdy1DR6XSY9QuDMWjMl59IjqoTGLBZiCLDhi4QedjvbJynECqm1dcke2ZQT6VapqQg3lmPEq6TCAND2VyvPsUWUEmylUV23/hDfIVMKfymOEF0mqPTvgECI960kgH8wJ5RMZZBtfFNtuSNccbVOuIC7kAYC7gZ2CSzqksUw6izD7kdOvclUOk9NR7E6mYyboB6TeAzDcoayi3WXMCpVMhoQ/OaBSM/fMM/wb7AU2WYCBzjDRGd3tRyGx2PLQkik+tKa2M7eaRAr3W0U7At3+L+MEkDDrlIHihT0l2vBmgjYOQ3v4OQvKVX4doA4QrvXj5hmgo0fYTFouSbf6fPGC2nbxOxTgILXcjd/pK6YykZM+chMNz1gU2cLmqHVItGe9urF2vCsU0yHXgztEKJaiJ66rQl3RiokQcJuUY7sYNwObfHMCcpXrYXUrM9KifEQMQ4dA/eJoUKmZ1+kOzuvztKJ9YrNgszyVlI2gDBjt+twSjXa9esYKSzO7Ct2M4mq2T2/WEntgoNyHHw2d6ZyCva6imRxC9eQJFRlvsc9QDW9BNBAGG40zRCZa6/0VpUeD650GMJW463PPvH7uqv5db/LbCqXVxCYKDQFVNot8sQKU+iWRNl3fuQ4GlGaKhWaaTnKFOlZdw7aQ1sOxZf82yaoDyB7A+kdo1dehMvbl+0KrwuYgrTSmrHOnbi/Ijq1E6ilalQQRzcpyV3cC92q/+xalurPfLNnq2NdX75zyfOnFhl366LwsmzSbwaSIz5cLfQNhpKKUYQNKyJY1d15AijphS2jX+JeIzjzjB5dvRQDb95c/wq/c9OuQtJQcQDJ3N8LTS7dfu3GrE5QXRs3mXsvoo8Bm6s1HMkz3WOTHThDcMsQGb3oz49PHTgqaynd16eVL14r6nIGTmV7c+KZE1mgKU6l7mnsgL/GdGvUrnpLWkTyEK5MyxbyJW+RTPDYVl1tPqogn5gtYbLBaZtumuZ3tdEth76+yNZygabxuRWgfIcKZVeKKwY2EakJgOKYQy421KSO/BDwhXE9bbBCFbDoAlCY9/rfEZCH2xbwUGSsOdmIPPVwKRmc8FtiIoTmpGCsUzV3xMgkY8kCGC/RG1/IzWeFTbInV4neJdxQaLajspZJ5Lt5LiPRa0jFA9QXnwknUmRTSDUjr1hbuH+6TsvCi58vTc0sJ3dfRCX/3uAnU2lE3+Tx/6jLfy8du5+j1na8+/PgxRR4eH+4fe4Yk2fV4tZkPHz76gFevF/v41OWperHnp8+vu4++GHDXWevBXYMipEZl0M5roo4hayIJtQgQcgVf/cEx+THfLKON050t6hJKlY9gyGtEmhef07TKdQK6dveWkKCrdajV0s5J9hrweugZWRTl00BKRJmB69+8OrT+TQuvsdYAu+VFT1mbq+F0jcKzVPMHR6Re4sSFcJVO/EmI4PnvsA1Dbtc7tx3XrLsBuZLFzUCifLrsyn9a6g9HHl3N5tBXdvspZ4tLEPIN3qH/Y9GBZHVAi0UqzLg7YZuYGV9gT7d6nTPrOtcBYp9t5j6Xy7I/y/ggYaeR+spo6ufC1Qb5N40JPfuscGLNwUc8dpOafirJu9g9EiT69BU7l04Ce9vR0J66RDqmGRyITuXBZpckOH/aJzihpJhhkzJmNh0fWrsrFu6KXFhe+cjPNsHQsvA7iB3xoCyGx9xgAooaKFaY6NutZMah8XxQESrZsHkA8rOA6viKHZaISFhZ42oeuh8AACAASURBVBBgkygzgC7CL1FVjyuw/HnlFEV+NlGDBJZZowPc236CBDx9DBeTjSBBkAsAzucgTmf7C3DoNbKaN4CpPhYYzk7DS1Bil14zPrRVJ88CaOwO66keKRIDZIeFyaFO5UsmtSc9V6I/QxKbHUUp4ePK2IdYAdA2CbaTU0T43QK01CmcfAMeEtCAk1uXFvbBO6W5jWSzAaupHuhwjP0nricXTzDqxCXGBOoQFIAit90qVJ7y7Vd5yr7tkW67qhxOyUQoqdOTBjM5LjZMc+Q8vgogg+lpBRKbg17ILI8EIoS7jF15G6VH6ABM9gHCv4VhVhvzga75DfOGyiCoTqgxPtWzwhTCa1FBxolYweHL0GKsNs8DojGUysoFkXrLjbjIGDPUDqPxQKt8XQb5o4hguxqFoM3neKHnQGXYSkg3Suh1EknDdZJp2dqbqu7gzqZN2G/LtL0Dprv7W6mrV9WPhmS+2K233R3S7bgEsMbWcm9D+Hd3re02H2wBv0beYBX8rrwH0CDoJTCRT8IJPOFLNeKGVVkzzk5Rvnxt/a6pgYltdxLdN6f8/BAjw2D3vdx1KbyhaiP1zEdsho1Qs8q60aP+jDE7VHWUTZpZgqbgOzCI1DrcY6NgZrrKZ8/AaoxjoJ+O7q72VTw1BnalINK8c5sWJ4uovfa7q/juU+3x2AzjtRXp9vm+W2rWheY2p0QRS5zm2S1kWkRv/AtMWFrvwqy0USG7kDtO7fRz1hBX1k5vmsmb89xkY+1AW3Zc50TXEN1FwQTZl+Gj0p/TOlI0b3vuBrFof/6YN93x49LMY1P6BAiveZWFfRHVdaGPDbBv3jykGbk6O+umsHtXiMxV+kZcLnn30LtiP3eiA7+rOk/R7zTJuVB/1nGtfXrRUIm1bZenslgONo3TELTkZI9HKkxVIU+7bZfTAshEaXmZ7NSlabbJJhFhjpGJIlpMGc6CYJPWqxNPt2NDEGVk4QE8OCseldXR3lY9AcfzSDenEMtfkiB40VCwHAHbzoFp246aET9bELEAx1mjkpkIYECsgOIHazJG6+QY6ZgvpEUTSsaGI8vkmVaT8AgRidDoVHRwNIYiFlF/R2kFNCNWpUdhBKfJTgegJ4KFe4IXZgj3//rNy3MviX3z+O5985uXl+fm8fd97bsPe3x47rUN779713L4588vtYjaRGebL3uUpJcS12Aqev7YCWj3D/XZ7BaDawhN+C2WR6dnmHqbQLc5FonPn7tFTXDrcZuXdz7bbTT3njgy0nuhrlNc69XnI+VZxnq85ZvOdxnZGavHsaf7DFShjlxHPJtkr5wiMOlbZ7VIKRNAhLPNRqhjGnYXfPMTG6N7goyjnMh3eWOdTVndw5kVo2NpgZmTp+IKeABBFi/UcL7cgb7uUBa3MQyVIZS1OxJI7r88AdAa2QympUuDGCXVg8eV8EHjvhgJKjaryIjoVLyo0OtUWRdgu3DZ2UkjgjkgTW+cxIfLwClcBwMx2BCjmUifWjY5GjRi1df0Zk+viDhUcn2VbIZYsdfrpNKi+0ubN+f0quubshNRTWwnTwd6KitUpSYVy17iqZrk2OgRJkIZOk6adRN0I2bgR6CRQN5fDWCeL58Dg4U5xgiNRZ6NfR1nEjIwOraRbYgrDNM38FTe+c8QGzp5AXehEXzoM8lhPBK5ojZotCUOQUtOagjDqpK9K55sKA66SC49zBEntDokiK3TEnzrZq8wIvpMs+4gmwRu/pl6+M5upGQLZKpheEmEE0BLl1SkicJZ5aBHpLrxmMnXAhE/KAQ72Mm2bvMqP3InLtchQ1stmUqrhFjR0JPOILfcJCAEx9kO4JIoLT8RFzbHyxruYIdCJX7fPwoUuFiVFSKXFKMeWK1k1EIM1MOnOEST+Ns6nNSEP/RXBKCyVAg5Yze8lz0MjpsOAHVu4keVbCARDf7QPgBMVX5kNPKR+wZ2IC+u32SLnC3Qb6SmpLLDJIC63A0hg630NJXNXI7i4aMwOodifAq4GQzWkTTxkv4nkx6sfDzcUx7I4ncuB34qiYMImUbsZA7iQFYQLg3hqdqOApNfhdnfSPJExKoJaILIT+VZTjFSK5ltvvXYEyMiK8ClbesiWCY/hY7giySFyER+vuFcIlS08NHjWS/vzy0Ylfdfa6xZo2JtqT4yZq2aaZQ9qdnr4RsRu07eUBc/D9g1/3657w0w9bZVvf7y+N37jz8+vfs+jbs7tw/+WoNpcbh5fMNeM8Y6Xhzrznq9fHf5mPgaa+tlTZT7kkAP9ZbS2yUx7k5iaNGSeo8WvO0e3+ab06s3YNaDVcRtDd/do5IqEDdQ6WFMfhkmm9q4CKn27HXZPA9o+rNfe8sb/mYssPs/+xE73VAQBeM6uQhErYKYJexMyP4lm+fqZb1v7uWlsa33J4W+pxATT7+dHT42lRnfxryM+frT03M2OHcFRPnF6ni2nEwLJeFqW6jYx8kCk/UtJBcC+Tdqk/DIxyCiLfP3fGSAvWUphmw4vaLztlf1vH3IsU4Jo9b5SFHQfOrVS9jsZjwUbmMvsUGsRwS6TaE5kTdsBFQsmPW8vY9W54Tp99xpQO9rdZdY15B8bswH5jzA3efigm/Lu15/sVlB0qVp7vc2ostfLXlWnYWTJPBb8VXGQUrzSXsOnYjp62/pbARtdsR0lqtSh2xeovKKlzAOhL56FBFhdrRWW4U0ejsEFafZPikq3lbqJgHZRMwY5ooSbZBwhjE6p7+tGOeKDvVVXRCVKWSrDpG5oKJZhRZApItqYn2jXDy06CxMYRCFNUsBOTiTB1mx0q4YOviFLVgxn60GTJtqD78DCGXSUavaCz0g67FTGtlOVLXizJ0KnwqGZmNfnN53athHAusQRFCX9F46k3zz6Lpcqwz80Aeo6z0+9Rh6U6IuPN51+krW8WqXj56fPlZg8lDsCMci2SppAWmq/3Bfu3NRKzY1z946lGqpkq4tGDfexqb1iXzd305Rkth4P+kFltOWcyOW5VB2gt88eqFbrjhdAEbTtTZidy7PJCVXk5g1qLZOQW7uWWDPoDyTKqwnSCegPjG7L7LddRTEKIObq+riJ2F5drDTxd2yuqZvW8XC5ADNeFcmCqWOC50YDEvTr7zetJ6ZPJxcIp21XLX9JW4picQGPZLMeUPZcTAKUUK16k1yZu0e4WaZQqyrKJYg8Aqq4866aFSX3//m8Lmr/ulL52XPL9Ypws0hhVOPlcf55ePnLhdnq64xNTTkxCj37cK6qW4vxJ8UqOtX0mepGYCYRWms04Z/U2vyVkH6yigwfUdhUoqCVRG7WiAHfiaBc7bVDX9dTtl+giyL5nKsDoNaQk+N9MqFddiCj4yzj+vHC8VAN1qI9RODOwbWpdlBH7YUIVehXSx1qIudIHFlhClzVMqVt7JJAs92M8HOaCNNwaMV1Q4xLrhsdIiN7jTKVzvNXvkMwyUz8XCPDJSM6wFSX/4YVprBzhHz6UQLGDJtq91B33DAVxPAzbAG8RhffIbN6lpzmsbv1IwwAYiQWqNKiPFlflGPjOantYIAR+SLdbZWhGRlETsZ0qxiSmHg7+JYmUgare1JZBuVKyntBCCiyhGW2SFRIo4kxjbKj/zFo3J9OpxvW1XDPgVoXhprBXi0FTXzAK2v2quuLgrD21ZqWPgoHad2N4hTv9yqsL5kG1BxIOpO2cGLw6IDQzQPXkdhTdWF5BKLk2SNufrpDmwyy7PHRUAnvWnkT0WUSJ4JDoohZGqetfGZCZGDQEhLGjcPDDn7nIuyIZETDgq49l+8XNJv/KmAphMrMNPE4Siuva56NAZ3SCSRgD1yIss4Wj0H4YThKNpVb3qowAcCytZhKEycDY2aZvet1NO4PN65vyvLdROp5u0z3bkRZOsrsfXWfzPyh26xTTpnAH1Y58lw3pRbk4iilbZeaf3l1TszTVxopesm9XRsmGcIvVbb3iKTddWun2i+vDl0Cx27P9Z9O4ntOdieHO30w+i/0SOMbBGTjGHyyaPpwSRmokwZSM6TnkrHalXYVGpxWYjF5l57pRFxRJAbFgjRrVY2g8IeJ8aVdqi4Kc4s0YlOT6Z9eejNSF++PvU9hL7q+eBFOknWvODzS6+h2DzB6yx09o18GTLJW0LHfcw5tyht3KKPNAFiE0R0u3l+guS+lGCvXV5wI1e2Z7QzFBAZRmccju3Ty6Sk0afLKQh2R4+H4yiaNZyk5NRun71/U1QkdK8eSULLklsjDSnT7bLNplwedtisrM+UejZY7CRvH4brFDB8M7kUvNtC3YKrk7tjNqHXxyGafjnh6b2HPhAWbsu6Kc2m3QquYbvlwzg2/VOvmnmEGxlqZhH+rHQ8GJn0oPXyqlZzDKDVoKF3g5PJR2PA7KAQqG22OcRXEENDasZadY5zKQahM2vD9nBLsBjfchESRu0RBT0mqCie9KM4mcb9aHbl4QV4pCpaNCM6ljR/nZ5HZjML9Bae4wbpyNQRkWl/qirQFgYBr/yEnvRpycZxRn+qTGrKRzB5kQ0BB5gL01nCsmSz7oINOo5+a58M5UEXDof/5rG3/eTlFiI6b7YO2dy9nGXOzhxpohOoJXh01iq+s8ruMisYal6alsbSfUT1NoXwuolg6yFq4i4exikaooi9ot1NifSeOVXUgzW69uYxvdVUNAett0m8qEaqZKroSuumtAIGSfcTmNkgQflPkCuOsyl0ss4+8NuOceu00mjhpznCYYrZcBYJB5W9WmsQsxRbLqjjEr30JAOE8Z2ly908tLONRUnAgXHTtYVQEzDpF8kIjEjJFNYJLKByySbOpKnktpWJnOGFSzFnG4wzFLOWOmKSqKz2ZlQLEiepMyul9QbMCKCBvSJpXUDdVN5vVIHeo0c9JvTpWcfe/s3ba0no9Zunl54oe1cI9NzR3aO1pmoZJkkagTasFRm5O9aYbPKt0cTrsDzccaZKO0ImFGkoERRTUEAJGIVsePjgteoQUwlqvDmXSoNcdVgF5c52QkikQZKz0WDh3RcvX768PB05x9xITYi7d76ekSO+dJ5DRJMTFCLvCb3s3H9yJy1ZqVYYztVHOiz3ox/dbALgWKGC0se1pyxonKf1aLYLdoHPCFcMITNNAZJh/q4fR16dtiYxwS5TDYdEg1er5Ah19lfRVbEyuMdkE6Sq0A/rlWtKGeYYlDfzOWmrHCbsK03nb/gZAesT5fPXINeGuJt1Kwnk9oM+oqOycrT7n3ylEiuiO8U9aIYORejlK+YbCnkv6VCvgiwzjKYjvVwXP8cz+ZRc5epOfYdTdlBRVbOQHNBqkT8uSIjSQdhffBwOghRVfqoDeTaKR/syF/7IHDWgrR0Ndey/CXYxubhC+lY1WW/CFLYFD5sD0b9HcSxjE1dwKutHAtOFxqfU6i6hHY7992DQCM1ykzrsa4vLaaaDR9Y2bqf3nNDTbeKp5SMSfPNfNbdfpQsbJcd2g8b1DDmHHvgNvCmGLr5zl94RxuVlcNXkE1Y9BqxoApy6kwF2DNXxGC/tJ2CjWk9uttLfwPry3KNplbt5pzfgNbH+1Cv5unP984/PH/t412PP23n3zl2gr3ugk22JGeoP7x+eP3z+48bm+94l38J2Z/9do3/9ucvxLaK9+vpct3v3/a/evPPka1IJV7e9r+vE9b6nWFqSaen69f1LAyub7AzLFPPzvQeDHz++6bYZc6qoJ3HP8CVtM9smkV3nL11lM139IPtXsLZp/YacrHlpHXFjiAOwVKm2GcCxnSBfOzhGL3pAVqfaELEWX1Ip229qcGifstKJbd6PZuNPMlmOavZ8n+g9ptbo0Cs9ew9O2G/7otqXT3/Yzc5Pn3uuMWop5fwqf2fkt69+3WMPzZmy0+ueCS44Km7Y6kXmBjPOn4STbAHAz/5PkHnbYZOVT8/dEVHiTMwj0FtW0lwvOGtluiEJnW5yeHl5aSZgMf71fYLd9dzFu7fPzx9z7ut3Tg17jlHr6hb/r8+dC2SJHPj4YOHHqn6v+qyqm/sZ5tVjYfM1Ofp4QI9wNFV73YtLepVLH2nq5ow+59QtQvf3P3t++TFp0isiPQ6RDfJrYcl3JlKugRgwTAK6S0qICK81guMi+0CvZsKIce//OHp1fETTjimwPZiMZTsHjilE+9/vnGNdw+cNuJpRmZWHegKB8aEf1iqwq02hJd4uRsdBCgLGJpQONJUPalosqULJ2UVZOoQioSmArIL+K1t/V7AVtQo2RRr+4nwQlwhoALqyepKSh5VIUcGa2fsmzzHMQYn6iKNBBYhHcIZrw/VwJl+ZcSh+a/chm3bHwiT60+t3XTdk5ibuXT/qbZePXgDQavyrux9qNX/r7d/68eVPvH9Xw9cJtvpfD0DJwuHVrzwE/Prx7s2vu5ZVw3j15tPTy8N7q7w9KtRU8enHp+/e9arZD55b6a7CwEVXwIVf39nu1QU1wS9dierNViYkFpSTeE/dFubPnY5amj4DYAxY1kQ5eXehsucQWnkm2UygD2J7Kqf6roSt601dKjN0I9mxmNwQ22cA8XAYMGEhVYcXjRMSaQt7XqgPYbCy2oHTD29bW3vmezIQQtffRrB2Az/SKai6ihEf+HwdVq5pP/lKVH/VEm7/qts41LHCHSudVdpVlOWQuKqgkCfw0zyIw+NXOURGGdFZaXNDISYYnczGOr1GKMJ9CqaXC0fszfOn7hD7o7rDBojnMl0X+vr13fffdz/Y88enBojH931P7YcYNcPOIN0G1lOTkeDm+rCy14geA3ER3Ly0yakuaGafPQTB3EC5aMwSvDPjhk5d+meVWXs2WO2KpgyLsdvZIAw+R6vArFS5yKSur+A8f/jxD+v/6ltTDS4CRkrnt09/1Bj4/offstT/tvvYNIJ60ehKELv/88e6Ja/tFgm3Ajqd+mkAkSihwh5eI1bxdlSfgCRvCy5TSHMkRLGyRlKWzNU555rgQdd/u9JWar8ao0iPTw7KrunND6O3ua6qiUdxDMh2C8AxHPuIEWF4YEocDlUMbQCnsDxg9QqiLvqWUdB2gMEhlVjsIkluh2FMiRFbaf2HcXv4dFhTTOCDRYgbOWTazn6EA1o+8w1cNTHsWL7CS1xuGOakb0bFJPsPekwUDRdiKYWzQTLdeorB6j/0OUeOocxfVR4DHAOFf0hcc56RpHul6Fc7HaNWiW7ywlC8+htB2RUN7dSJ+tEJuFTVp1IgybY7hKvRbWCM8JFwNKwNSByBDhHxfgPRtK1xomU7JIpm3GAWjyWqn+wX1HjPQsf6sA7tnwBQW/GilpxJfQM6QlU/4QJMTGVH2sC0gmTAXd1o5Vv9ZwUINX2gCMHBQpYrtHYMKp4Kp6LEWExTrSeEYqDJsu5rIwJdRqlbUVpBef7P/4P/sa61V9q8sLXqN/c9tvvSKnWKdDP3hz/41f/53/z9963OtcDW60HfeWt2wzMdv3z95dOrP/Onfvnf/cd+/+nHh9bpBH9T3E4e6rmaz3399NgK2rsPz79uKmcqoYPu41JNR5+/9Enhn3/++lf/4Lt/5fd+8fX9Y9+Z/dQtMD3n10jMMVmhDu3l8Q8/f/2d3/JWjsjnRSvQPgiQAD0O2CnEv//x6Y8/9CUdLbiBn/qlW200FpxtJmKmTF2aLfdXJqIVltvgrpK9lbNvdLR8VqVu1bnmbB1jM3NXOc9m3rpdIw0vG/ybwj58fvXj7/47TWw60Uo4fdzbrnW4yyr2Ldj/XX/uuz/7/t3Pv+sM6+2HLpt0H0LL9U+4/frT93/uT/7QLUBNflscvVpz/M0GdEhUIaXc6VK527uDXMMx3Xn99Wd//ueE2cNCG0ob462B5cMhsxUDVNIo6uafZuY5Y/doFQxf3/zh7/6+Czup9vVtHx3yLkX3DjVje/PluzfPX/pE2F1h4zsNT8+9ubxrBZ/6bkMTrsc3X57vf+v7H7tZrfPBePTW7j5a+u5da7RdO/rsza7fv/69v/XXP/fqqK4NWOkvBjz8vZOhXu79dPc7f+frh+8ypnV/fjAhyE8mao7kLxVGBukvY4Bq03COGytlJKYCMATYa09c7S+kWbR0FjpUVlO68WylFwrCoDEf2SUOd2PbqgdUZlOayAeD7hyUsNj3g04U2Urh9itKdgxXqaJSQxjotftJLfDm1R38m1w7ycavv+BGYSfJTOA/8BoiSsgUP01NZUt3SigkvuEBKoi0Ji0oDgaWaYTWyI0F0lcNnCoiyXRB1wPlRJM67dNnw7+8/vDq67/y1//de3cFfunZ/r5q9VhX0PQ92brb56XCX/3X/zM/C7PgyPMfXINqXmd5wnMjX7/+hb/7Z9//hx7vfzvpuxf8zY8fPj48kq/z6+dPL7/49LM/+N03b//we28I6FvCPU0Q8tY7Eqh7x3/1/Pjy89f1b+/ef9/bigvTZMwNgovhOi9J35LFXOegWkoWEIG1j742dv/q6Xd/9bprn+f8lLWzHytoc2tZmcD4lCHm1SCiATDps0Ys4EDRR7bxpd+KVnEolo/Isfqionw0IFfMC/7hHXIxRaIDVtWWl2gLHnLztLE6RCWDUNUxWSbmwk50IEXs1U9ASSWuXoz5IGLTgsyJxkNwLA+jMac6maKpKYe8pG5qklcQxXD1wwHp0uoX69OyF1PXw9RBdFHot9/9+D/5p37RSdzHD1s9Kib6wPO7zvQ6Cfz67t2r3//12//h//Lff3n9g3WGh8euXRdJrSh4/dKXrx9+1XcsG272LBYmRPFL0aP/Ef1mRz3+/EU0kCw/IbcP70YCseplV5QiVM/8nJRq7W23arCIQ9r1JL768cPTX/y7vvz3/sm/52/+4dfnFtAKzT1N1slsIdmz7u8ePv+r//Yf/o//F7/79We/0+hqstAg8aV3aWUuToja/Bm3BCaDTnHmvsorkh3vqbeTyiP86sAf6ZPI4l20CuQj/7ECuI0QNdtUaNsoCoSmsZ1ew0nhBSRZ+i/OzkCkPPhwVBybtWS16XTY/QaxUMAhCcl8eFBuU91DpcLpMy1m0wkV2S38CKk0KfZTOGlYBte2GYWwOSoTN+JNnjAUHhAsj3zjg+ipuNBHs+lUJ2VmC1pD1xdh2UXoRmDGk+3v0gV8cJifqD+MuqJ+8BEAsmY8W++r8BE59Td8bI9Bx/ZEs+RB75BbyrHEoXmrADNaR1CWmOaVrXgkYjNKDsLfkUyDYM+Ti8XVoiORjIPDsg76wI70LLJ2AVFRv0gdsqdsWcVH88tfB+gyaYAVH70u1EM5GYkU6rHy5JjVvzFy10hAB237DVIiBck4jMBY3HYMc9yzbixeuEwPxaSi9aRqOGHv/pEKMIYeJBlSFRDPP2ZjR5dKMQnboFRyZKo5dXPhMmDWsmPcHyFgHkqHtNsCiLD5QRBm0hV9ffV9a+zvLdu2GPbiazm9W+N7twf1kdj7t//u33r9V/+9P/yhj1AmRAi9aPnjy8NDC7gxedvw+Rd++w/+0T/zV3/5q++a2Ld6Oy3ckYi/aV/r+81E1yF0whHX5sIt+jcD+Pq2lb/6qH/tw596qBt+1STeBLQnmlr2txROJa/GvPvBG3IsFNBgZwe7RSSr9Njqf/Dx1ccmCi7m7lo/JLJFgV2zdVjkSaD5pUFkhQNQqJTFkoXYzN4/d1VXAZCZsklnFiirwHgebNTGJYBi5vyMUvNYkA+f3/wHf+2vdMtyk98M0RWLPlz0pVlwN1Ih8fJf/kd++z/x59+3wt44VENvihxUn9nq/+3j69/62ePHluR3uZl1m0p0HaALJou97aIkuG8yNzSeybFA6ObRv/e/+o89fv/kEklS1yBFK+ztsk0FfoYdqjS0nPuSy725++7ur/+lf/df/l/90bvf+vOt7+81rk2hNkHPBV9ePb96+dM//Hv/wF/80JlX9N2tUVDj8t3rLt18/vz9x+f//j/e634+9SRnruvx4E5+iqJOjmL02z9//Bf+jT/4n/9f/trPv+vE43Wfbk2/LusTKCfVSHpm+ud/rlcGcRkfEFesZ1l2r6Au5nhBdYYyGZl7YOR/Wmcc6ZEoOeOF34+fGEbh8Wsk+fdsgBRwc3sQFY0D3quVBTS0xNaXHIjIjkzCIykkcIIJo582otxIBERVQYbiDWLsAl33FPLF9MiBPs1uhWNHmA3jaUa5UTuBeia2EauUDB1WD2bSgj3WoquNzAQdQo4tva4mRACzsgbWNBetgQ+4wlOJkz/z3+b1LpFh0ee27j59/vgv/j//UjOyaL5/fHx6+tR7fZrb1chbc/ibf/TyT/5D3/93/ovvfv8PBt6JZS9+6cTAy/w/9SL8rw93v/Wf+rNv/9TPuqHny8sHzffm6p0hfHn76d2/8M++fvf6t/redBLUDOvTWuDo7aLduvZHf/RHf+4/9/N/4n/wD3/45R+3/pESnQGcvlrnTD0tOlmzQiVrHZnKX1fyXt37SPf/4Z/5518+fH5396DZ5bqdd81cLJTGhfTMN49FM19P/ZEvKQLRV8oHlWcqjpYvM/SgFswHpEbwLV7HgObhBg3dEaVhoqhGYNKCiUClDiJVjv0YB2Y7JeFNrPCKGPduopfzR21xO4BEv7ZpEEnUL/uVxoJMmKEkkuTPVr1ezaq1MrSmd8PTMWB11506IUrPDvm3Puv7d/d//9/9230LrtUG52BZu+hq7lVf3hcMP3/+d/76HzRlfX6qA2x1qH7TKJho3SyWhZM3vVKyfsaM2bZqTTBZMxepLlkXXrObRloln53WMCVlgv8N7ab5IUo91pw1rvKRmFEpG7rFpxE9OqbFn/jZ49/3d/2i71R7rn1v0lgrS4WuUrVU5BrB27f/flZxc2Y36Dop7gL+69b0KBCgYTBRZ9RSiRp1IZwo8UsrggdhMC519C1xNnUXTra6MnlXK66t8NsxHMlHGTmpa3cIHI4rvaqPQJWgTtbTMOTbYLF+idgTf2CnoFLFpxrfCrhz6KS3vQAAIABJREFUStJbVqDPHfNSIEOav/J5BmRtz9bVtGq4xvW2aB11cTC4TLkIQodwOMn6OxWOm16RkqbTc8RuXNEG1v80nd5EHsdjncEgXCAk9KqGc8gdlMl3QdLMt3YyzxmgAEIjxiF0JTcMnvDsnoSDzk5RGDputrPXL0wHLvU/Wh3E5y13HcepNAwjGXKJBewSQj7rzDarCfSSYJaqSlYhrmXiKSIO0Dfmq2kYHGB1oR0+qM0RfFVMKq5M/UBG//LPaAKBGr9vsqxETIFWNYp4yo6eUuSJmjritfSgzSnVVHQoH7TwSHv6EZBgLuoOWp2SS/G1r9Lroy+8xBifCXSMj33cMrVRQaY/lGNdaBOkYplTxpyyZ+MHXW65GkldxoaFNO8VLnWCTYube9e/tWAS+b6y+V0frM96tf6WT7otp6sDTdG8h+7Tz33Ds3WURtPvmvq96qncxG4mp4OwoFhZPe0iQJPrPR2d1Mc+aTrWhff+jdfvPj3vXSAfvSfnc6ciLR91otBUFDWrDaSKbneHVPPU08B770d26L7IeNTfpc5iLAQeYHUjzby8mQmxFK6hzqTbCYtmoirknahwLMgTgpN1eRCjkE+5tT+z3Zkznqy+iZwEXMTaKtzN/d1w5VX6Amdribmnz1j2hETf0foxtvcvHz+2QNXLj1ruDLM77J9/fPryXctd7141xThey1mkpReVyW1LZicniUfeumb7BOzaeKb7+vm5CZO5vX4FcvBOAclYyWhlYIXNXzoo1Qs83X36+PHhzffJ1Te8qN/NQTXnRqMk+fTl8e7916dHT5HvunMu7pUUsEnnee6uFzy1Kts6hVeav33yNPib53jV0t68+ePnrwXd23ffGVGNhN3jf1nf4omn+jrpyapNEKnRqUnRxNRH1aypnj/W2Vcz3scOXHi8U/5s82Dwc2iWVsGIM8ugZlwko3shLSHCRu/YvJzTt8GpYEViFKeHnmA5bKriLmYem1Fd6OQK/UZBMepzzOTxPpugvxlyWg2IYyG5Y10TOiqQhEDXP2byV8G4bzxkj5mPHaLDbiRnThiSv3EkwpE2zeNxyCMM7dvoCORbHRSTqmTDKXrrpAI3wcIjDs1S4uiWsS4QPn7/6eWpj0Xk+vydo83Ou0/sy9ff+e5dF7h/7w/f/PJLq/pFdScA0S1yOnN4/eu+M/3j18fnN78oJp86BSVYYdjFhE307567b/rXz+/vf7v7Fruu2FVIHw/pClzydQnh+et39w8/e9+qcN8Xy6Z922IGT77apotRyRJJnjCTSOWIpFE0nON1x+PXLx/Typ19FapIxLr00I5FTtDY52YmhN422ErR0XfNLyraFjcdDOlcrEtCVYPMBVptE1z2jlSilgeEZNmROOTKGI65YeJpcTnAX/BwS4XVLhW/bas51REcutrRgHYKx61cdlntIOVGlclOxVgJlkjEZp3S2JavBwmBTGoFyqaTS1/0Ew4yJfVKzOAurdQVB2S6//B89/7xwRdRTX67ClxtnUUvrvCMkid+e2/sc6VWl2pqlqBIgqPWx4L1O8S4trKUjNXhvqhYbYVJXM1lb+nZs6KMXq7YWILhwq9SMxuOaog0QrkgA6WVpFfr9c/eiVy64a+o6JbRt1+fu87ap3daXvGqvc3l62J2z5lv4mSVp6dQdcd6526xrf90MiBW5M32JoRcqUJw/U12KDdZJveRky6Lljl25qDwoZTUGX39ACMwyDQ7yUaH6QNpVRJtdGUt2qcptZmo8rlgIDOaSQ9oKEMCXSZXKS1ygK361IyPEngd8Jg3cAFK9Kygr5rN0apcK2oikQFMs7eoeCGCq9EPfjIcbu0JFY3pPXrpeHgy2dlAYFyOgJE/VZXfthFZ+cxfscqEan+MMlyURwM9fNALCuekl6k+GFtfCa/4wF3qTyY0tv0EGza6K0B6AtaBaXnjAV7pcC9vHHBWHNn4shaImwSwmIMDb6WT+UgOtDrxJjXa0qVG5ZC5qIM4Ukr4P4aObtmrR4ZxKttXfwRbGt1Tq3DJEwEEyH8Hob2qASd1pE9ytVWUVXDoHnJXYcWhioNtqKQIPDUyErqrTfVGQQdzo6ehw5ggcwVLHapDJQ5sfd4Ny5xnPELVDhAbxxDPUDCSkyRkQukfR096dDSGocnVSdQPtkDSY5a9mSWhwutr6sbI81qxehRM113qIJuZueLer3fppVbGSZCmqlFrEaD38JtodgnAy8hQM11M0lZWRJrw8d/DAn2+t8f2OsGoz+1coxXx7lNHKizrFo2mjR/1Y3rqRN0LQ7fw0+kHzhu/q+1mxx6rDStJGPrEkyl3KWNwijNjBdWq1s/uNj1ZKpwB9lSyVBJTjJ3sCV5JapQ5Y4akHOOu5YQjrupK6h885JrYD92OiXyoFhURA62fD5K5HnprYR/5bEGqOzX6tlm+6I76p+7af/vlsZvlA7xvVOvVOv2iaDq8Di2JWnoZT1amFYlJZFd8BKnAMrllNXL5yEA3X+ULd7hWshUPazd0ZKmImO+XyHFNz8X4Tqt8YtWN/68+1tOYdWY0isW7lbZ2u7hZUFr4TNgG1/yTN/n43AzVzagELn52apkdsNTv9IxHc7PYWU0a74yc0SPnVLMDl505bppk0sQkrDlWcIlyKT4PV9JGfY3Ecc4CPTtQ17bKkzoBwEjlg0ZuIKv+lqqWyPQe5KhDKTFMRGcZCkSIcKtpz14yakSDnnBMhnmlkRrKmbNNoEuJW1XgNwE5eZmFFWZzarYf18MbfDVjYFdITBRlM03HsUgyTWT0wxmUgB6tSmuPnXvlJQQpGrW8QgI2M+5rsrLQdxyDUotH5blb/OfVkOolekokRk1Gmtm4XvamF7k8Pb571/Od1XQ7XM+T9A3p16++bw6ki9gUTh/jVh/vIEuMAi1q5kYaRasRRdLLRnDxfH/38NK1OIuVL70y7e6hi2u9R/j5/t3983O3BDlpdcrxubfadkJQd5NroHcPXd/gSBVx2OPynXfWcPg/jQRhuiR7F+sO8FfXrnTNjHfzroyovnSHy2sd2AtUEJE8dp+zTjWQuTRBUi9IdtzOcYGGKhmYVJ/GElqGH/91QKX/uetk0m7F5a5t0Vg6wNs2AtFZaUZFbP/K6H5i6sh92t/FThG92iz6ZJB6GO6+5CLwTSbaUD6wuiel8EJxiIU3PGbQYJKguLW4X2WLU3UcFaVyunQGWVS4oBijVio+1RHfP5YxdnztpRTdJep9QPUHu7kLE0Y4kzyKoHm8cCk3GYmQHMyehnHeKW2QzCKQzxZQJHat98hz4C8VqqRODormUMpDiDo6LNQh+UlhXA8j1To4VStqN5ZsDKS4Jlgw92aObpasd+9Nys1jI2+uz0Q9V7XJflT51TlEvE5EXiKfuEqgzJ7RJMiTQHPrzbWVRPCIOhiaTlLRFOHZZcRnpAVIIMjcNJ2OaLdVmPBeWF9tyIBOvYwfKSiOAghG6VBZtFWgIY1cINtOZogIrzzNrS6NjDLyCjKUZeBGb6wcl0BtMox5Dm0UC25DjIrVoeqnhiwJef4BkKzftK+0n/SE+oZ39YVkq2PYsIvayMUF/rWFTKDhfzuQ/JRoCqdepZnmEfAwROMwvoqPyKe4CuaciAm9WephizrEm41PZpRuFSdDfiU/bVOXtdCtWJ5RZAZaxJ7y9tPtkJiNJvqg2l2EKXKSsylciOoVj4qidY+D1QdWdUw4m65+RVm6uD9GGxV0MMgAx0Ri68Z8Uid+8CqVX3YFXnOeYhWT4/A7UXXSa3KBQDxsor3eYaxKCYObnMTBatArHOFJubIpa4f3REm+G+BgVZ2CxSBSeGwaMZOho5e9CctohlFCmr8ljelS/YhLqLpSWlbl7cJmUrLumKxLar21m3N2zlGJjqBm7Sn0zItIt+4Iqa1IeH99vaXlKv26Z5i67SM6M20R4RpuIPUNn9ziEtv6GGav00yAtgb5zka8bigZaWkqj3pVoCsAWF9v+YMOM1X8IlPuspma/lgRcTUgN+U81lOotLgEBK/fSi6axmL+PmTA7zwH8KK1ivCrr2N16hLEOh7qgmkUu6+n7hELzz/lgKb4dcHNcb70+vO+A9DzXK12fteM5MvLQ7cXJEhP3Xo3SXbKEcRpWB23ZJQgJEPkytWXoFNBrb/LiiE2bOA+M81qs2wncy0i3lzFKUE0p7JA1ky92y/4uLOOpEjKTkHExvmiWV5h/CZPmxJZQmne2YS8LTLusIbISQkYvlf+90GADGHg7gazztuavXnUuMfB3NYVxZZ/3/a4RC+N2rX47vGNHfUSfsN99kTPhKCK06mn7ols93wxRkF8XAkYYvvOdCcHa/k/DhUNA50F5/VqmhwM8Vst4DZB0U7j/raRZjKt5Bu1I2amFVmC46o+rMM4OOLJCDNHnbqMLQTbhzQ8UT+py2NnN9hbKQliIe6qIPqRAzYqGFypg8iWFZ3mQdmDOVcpHQ7QyXAsmCejDK0ARm9c7ScO9pJV4NWvki2sjWoqQarlmryNMP8F25Ss5l3wFfMFXt5utzWBj08f43T3aHpeJKREcWydIYGa5nsYqTsVea4uxRPynqnfjSKTz5OdBX/LGfVJTZgi3TLH40Nch1Gg+sh0kbTANxbXxrp2RW5a4OLxCHei1aacnNC9V2FpX3U1G042MS0jaATiOsjwZwNHHg5xVrpMlYUCP3G0M6zLY8zKkyzYf5uSpTsGL5c2/MzYI+sq7OTU0S6SUMhGnHW28IzLwaOgs+V66JWmS/Bn9Jn/bnDmz6FVD6a/IY1AImQM7ABMkUBiCVQqqFgPokSZsRboRNhfThoU7gqPSqiwM+q0WLPdrHMT9tS/ViiUOf3vErSOdGE/sepFtKC6sbqYxqnFVhZqfFvXhLSTNDpnOdZIEMZLekwjlTRLUx4xrp+Q14IS0Q6s4tRKlpEtPV2LMOGNuMZ7zFKNk774xoGDoGTlgQxIWaIrZJ3+t29sO3IetnWbO4XeSN25lXEhfUkCJXIkivZuqNIdYzOFCJ1K0yUiqTONjB5gNh/FcnDt5vLk5Af1BMiUuKAiwzyKJIcWcgk2PEa8jsrUdw3G4QDZQz8lyyB7WVstJttKXjFc6a3wKjn4Y3zqJEsp13jXYhCe5IfNT5TZjfRjNNC55OKrtzjGwbSfSIruoX1kQ/GqPHyrPB5QUVWVlWwP8VK4qpvqqjjeHuwwsAB7k02OrKf0JFbWbq/Om0yIkLBfybiv9JYj6rFkYAO6BCPd8WwaB4083uigxIpS7Su+dFmBorXTKkR7wMPa7hI37NHBTCp8NfP1oUiW36BK9oOxBN4I37aL2MlmMSGjduVleLN2QRP2b4Z46N/wXLu9kftJ2IvAFeHmUYf56GfU8cfqMIqj9KG5uvgGlIpr46RTCWNKx4mhDoSXPaqOS9AHHdxSl5wkwcLp/uELsBSKFwoubRG9WRSNy+5VROrSo+PJr7JdebAmfgTugnvdQUNizaQbJR8fu3uyT1CR4ZpDtsxmkm0xrbvTs3vzNW2qPqiziYbOiBlYk7eR2tXYilsjNi00env8FSNLFN0fZIGnmjrxPc7U93E3Q/j8tZfJuIjJj2nqrtUu5yembrHM5OFSHXO30zeZTmaGMhXY+JwFQg2FJH7bjkfXIrW9IJgVkO2Cimuh0/7YmaUjXeWx6eETYy01D1Yn6sEj0H/DCqMoazLNAgtE8vJ4WngroaUXjSp6+ms0Eh5MMulkSldHpc5tWlM/lcaaWK+zCCQ00UMNCFSy79d0phHiel9mzun8yNlXC2XEZMQNlCH3Rh+snJUZXSchmg2Q+jpnbU4Cuu0CkaKxF+69bv21swdg3N3pmRey+wgAg7stiCPWIfBZgdQpTCx7F1DO7jmTrkUUSF1HimvG5KnpleQ+1DTb7iQjllbucjDPb5954pgkx0vH7O1FwzFA1Sy54FfBePNyh9MIQQauTsUoOh4XMUh/smucQJvOFtfJF3FWPiDsj8zsPiS4Q03CsStXHq2JNa4j0I7WTRxHlehS9odDziAloUZz+/LRXRWKI338TiY1dBoVnhg0wNEe/fDTougjO0gbmgVWYLP9KKm9iUOEkWEr8CFs+gDSBjDW8V52LaRJl5bpulBkx7XW1dq+uwp1ODX8gpIr37z5+PG5buT9+8df/7ogedM3BIP7+OPzZ3du1zPVPorVnjLZI5DeQuysoK8CC8dep7v3l7V4nxqFULf7dF1KP1JP0msEeqeZmxddySocuw7AAOZOfZrjuc4pZxW7It1Z6mSlcABsprGnd0KcExjGSttOe9lFN6fajCoLHluomfl4sBg7cbKAYqAccHXTRQAmuEYhi6kEsoBfuIENZJY9u4gGruVuCrepXzDaHE6pc2IHp+t/hwKhPG3DTCvkjVe0AQl4agdH3wr8qdx+zSFJ0EdwfUCkhljBjhMh3IjqC7WdmKwNoc4qbCKOqxvj6E6WSrQwQGs/s8qE22CuQs+7GXAgFcaittyqQTfP5IeMls9zaZDeQc3OKbT+R1+3KwUiQkeKWUkKtyMmIWYh5tMolB0zVcVQQdJFonp/gznmC2aFK2KwA1mZ/kZvrSAk+DNaJppN88gxCK5iU/85cjhxBClLFuppESmPq9SbN5j6RktmuJ5tYKPYeEiMESbqYknPw2GK+o8e89HDr5IYJnjiJKw0nrNHxMopMDuIShJ66fMsBqwCMjrfYm4c0mFBH8WZaEUjOT0idrMjrgYjQozLOF3+UFRFGzFXf+Bis7LfsPIFBHgbF96SsC/ujtxeARfcYBwPAn3G7FTFlcdoQc9jim/cgwE90BMeG2EsK6wYg1Ipe6SPyyKIbcUAaY6QGEhVwrBwZpXJ2+4EwOqrANb/oApR9MFwDUbfdDhAEUR79FUu+lAYGUdlt8PFaSYGqbxheBBMgO8Bh1+eqlIgLzVPSWAZZdWrm8ADZZ+EUnvhfZNuFcBVROcivBI7CBWHjfWkpN5EuhmRy04VWxJs/ydRcB/KoZQYBRAHsuwNdhRkbDOrxGF09BxEvOkyrOo13NObjBBRax2JoyvZNlDcjiqQK68+/x1COrkJNmku4kDmDfrfSI2gjr+Cygca0gnty1CH6wxSFUz8NP90HeTWX9/2GsqmIz1q5A0wFlEea/GBNaelg5eL9WbuZno9GdwCrmsFDbH1Q11jrTPSqupkn5uxNvfszvPWmF187fHNbuy9e2h5t0Vd1zDre1IwamN0vMhILus7H2hiwF4qgJKHyFd71csbu6uf3LouHVb8k3M2mIcR+GaBkhmYXfkJXNRCktOoU3PlQV0pFcpOgOgDERj5YSs//Iapxv/IT9KKD80OBo/MaOrv5n8D3qnVz6cZdev29exFbHP13JQxAQFO3XMFBMV+7BfMCJPhaHcQJnHLPy4Na/i2mSILr/93YtBjTPXZ/ddOsnWzngmwbnsoW/xs6jZn5ODdwdOMJ3+2sjYVzMrcZWt8aJ12V/uNrN2JEV5kN3Xf61YaFwq2r/mxJ0caw/JUVJI0QokZAdcQXKvw/py82i3ceXn9I0GtHNOzkGMRnjbUmMiskqPiEMtC0HLtMW/FbBPGfHzMJFOxwm1QgbfpWB20sqXajYBc4+XQSp1qlay24qrAHFKjB3yQlUPZIQDtz8YkkwEB3laYsquQvrgdMrBHosMZuSPFEokwCSYnGSdExEavbPiN6FMZeZOLMW836X8CHQ8KHZWWhX+ixyy5qFQZSpWnKxnhq6iDXmXzy8NqXfyNRrjJJwZ3nixsAk+IM4c+04eYfO3+nNb+Y1jAuKK4bgTZpO+ReWfQXCt6IxLZdWYd6hCIVy+0yY8XCTBPd0ob8JsmFpYBiOZmSBEpvIvtlj0mlWgU6ICD7ie84PVm4zq+5pFNIvtTsFPqzsxLaEjMnQAxS7K22g7RmHPl55ik/NspbXUldTw8GqOZ5ea9YOY/wkNwoO4hhdZCPvQrLBIaXA5AiFkRRvvswq1i/Q75dkK2wCElIKRD376sjL5pRK7Kq+4iWU3NLa7BVsMAmjlK/dudJBIKBrei5VY/ivUjVWYCbFA9YVZWOxylscgp+qrWIHr/ZbIVFU4xLvYNQBYX7t++/64BrO+Nu3HU3T/VRwNtFg0xn9c/sVXb1TSyFk2oMG22W+BThVWOaWaUWK5soPPNEYI95zeMDoVLaVRnyypWA+IiS0GswxVu4A6/yvtl4UvUcuK/G+GOeXsYBipRdo09xHQwEBfNRSWy5+ewIIrSSjQyIVCuDZXrgBjt8PyGq27WYsjJdyEmaYzUjVaIqx/ijXgZI1U/2A4jYYdHKFP4zGwALRVcjXDbLHPS7aFcxVdmTCs6xTPd5EXqoME5//Gcet9IX3S/5S/bH/UvmlX6aT+2KK3nE+yornIVA5E/DfXoBSnMk4Fewf6RqXQijcoUWSc4JojjG3SpbScRfaLAbhNhXQEdyoE60JVcfK5wKq/slA5f5iSQLLQNDmOHNfrVonZklARYvvi6KjrkKGgDjFf10ZhuGAxJ4sTjVJ/S4C72UiVPY7kFRCUzwQiPTrQKpaPORKkU50gf87YfH0wk2CuIzl0k+g1ABfFELk8FXGupqL/iWCn0jQISP21A6i4HgRQyp2kjEhOdaRKNZpXb4juYSV7Zeuz1Gt/MrV+OGoLZYFKWCHC5CJRrKheF6q79YqCqsb1ik+z0jN85XwNtuxmu5OZNHaduyAVcKye61MeUrwnrIVu1b1SrHwkuk5/nMPHWRTVGmqa3gIZGBMw0W2PpVpXSb96+b6nUy69eeulNt2N6WC35TWC9153xdxu6cbUXxnuvX/L1fdhnF9Z7raR3jOm/jKoMMJFD3IqVS/YtdqTntFzvM/EK3qSNV6vcajsLwZXpZWNR6hzR1SutfD1XaixMOC+obN0QAZryB3u6KmpjtRlapFTPJaY+6lqEal9tXDpmlk6aVImL0Fis6pSA1TtONSXtxRYTUpbtekpPAjfRmMUUSo3k7DnGOJeAS730CcBMRuxa9EJy8xhXyvNSAK5vjkwzFJchejOKDrp6vLu6MmoiKF1MuT730uzoDqmHkrvuE1wTcQ6KXIgp0ItLjU2uBZEkvq0PsQzxK83lPakbtSimPPWLuSTK2cpnlj2a8LqXUHVW0QWoJv1FVpDNvFhz949FgsbpgIswNdFJ1miaSDDEBHBkyZloydUca4FL1wV8WrAjpKXExswKPooZiVkJP5BFzTTDiYWHvd1sp4S8VdlW/e1wiSQvNqsUgFx7zAa6oqtPDZ1URPI3pxyaZGSBo7Kybdp9xWoWjrADTZyQj2bg1nvnGcplBqBmQrXFUTS7PuLPzuiJkDatuKpCkNPwB7m5JgFDglfFjOtkd2Xu1idavUQPL/ruePe8VVT4tJmxvO61Y85XXz51X9ybJ1+L+PL+3WPEnp8+fWzVc68ji1WdRl1Ar/HpJbmCw4lw1HW9Tpub4vcpse78cSnz1Usx1nlmz/02x/fO+LP831NDX7p00F0immsXprrJrq5LQ+ghqGb93YSUgjOdFfYosR1m5pzMMWXTSJtih7ZFUwbI2tSu8TEbu4dSD6+dh7hxpX2WOjaexeaSBTWcqNT+Oom+MtwzGmrOHxPLwc6MJSRDypnr7vVdlQCKq7iIcBzmpZE5rZ7gA8Sj6tLhDHNyJ0PkT8tdHBGvjfuPAO1bgS6TCMqYsaEjv8ggtWPCkTkxyo4CALEWrTVjkAnBum3R/xbDYhVe5q4nuVgYI1zTWR/kvkP9TOHyVC+2Tqeeo7OAOpHOA7oq1FXHLFqUoZaME2PMSjMP/gp3HL9TwHZOma6N6Q/cBF2buVTKEgef2kshQ+92abvjRab67ElP1PS3acc+Oa5Nyj5bdjYLU/ZrD+x1/mI7ateDHtHTbK5Px4YNCyy9QKJxnabUQ9LfjWf0mIc1D200x3mCgdZZZ6240kBmUgE6gAypL2irMjAqlx2zy6YbcLzfI/WVH+yzl0P8iHYqcTkC69In8iAWXBf2xChdRaDjNtpLHWpO7NILsas7k9w6E1WK/XDxXjubWKhRZMYCXO5INhURn1H4mIRH3cFliPIT3dgeYD1JxkFxyEoSCIo/xR3Vr11HWNUEwiZInY48s14cAZFppgYmMZo/9Sagf9omMy6niJFGQlES4q5OhxW1lKDC4jTxbPhvfAU6VABkBXsgIlCqfcdsoD9pG1nSDAyjgZ2qVQYSaKjDPiSAfVNhibPDXuQiRiJgkh1PD4LikVBZIDe2JDqBMHit4Xig4E/chAhgP+Th9o+Ag21kfyqYIigeYQAMCmKgbciN5CFFsgpHHOvBDHQCceCNQHhyWNNlTqkgk+qBJ9ENu2M1N9z4QQhigZ0jo3KUCgbOwggEeo1k5w9c2bpI1+L1pyWePvbIm9u7K3nbmv1ZLRaMbubAp6vrn/rUVx1T9816iQdNGnGbHjak7l6TGkHf6rrrAyxCtAuXQZEil7fgFgl33CZOd473cKpupjKvAG/aV//lZW2WfWtEjesmpVY1Ji3+2d/MIt8KYg+BGW30n5rdevdGPOCXhUpB/8lFR2Z2uxxy0WceVjx/SwuYmS3xNbShVDTqh/6hXcEIMi6qYMKwlZxr5ePAlkptvBwHPlPmQAijVADJUS4LkPRE1pl0HMDBmwcP2azrEMlVR4DcaNLehGZSdQWmayluyO/ajesypvPNkFr2vO89T82UcqFCnyduYtbpW6cvdd9nuY0ZnB92TxGReC1PpUySUbI5ZKG0ZkXYwE0qm2/tbqK1t8qLnPYNV10iSlMGSNpZpOsDTf2nm6XVhQFXrJ9ev7N7mFgj+xhS8ltx16iHYMatBnzUMtzNC+FLVjxHhCaTgKw08tkYVjniXGacp5A64OqNsmEDRKoDKcDsH5fY0v3gsAV4io42odbDBneQRn/QyewYrBopAdDuUgpDxf5RXTFoCP1599dOAAAgAElEQVRBjr7a6sK1nUx7Mqi8wID4kWNMpEYWxlUVkRrYovXEI1lYCPCEoU8bEHQO4pHpwAiYSyZ2dfq6RnqNwPUd3mMokLqx8LlILFLzReHVVPzDr3/sfV8tdLZ20JO92E7EYqMJdp1E83eFVTvD5ZyzXs8rTjvu6926KyQsDWpXr5y45sfdvtjFhJ3DOBNqDkqPYjp2Jkbss/iic+kJbtpFCED2hVxczcZWcKwbsyHD36kQy6A3VAYtVf7YRSYywVwlN3MlDrsCbHecREKtwQtXwJMhgJ3dH+MiVHn7HUvoexUmlkopWVqhrQTQ6hyZSo86TUvSQs81BcJwDgMVjbCXcI4hwMsKkFRg55BntzhiwsiSNll9dX+HcOxRLDe1VK1bnKgcEU/nn3FZBAZei3fDYI2/V0Hk3VKNJpv9d4qoa+jJj75Z2HXBpEq42apid6xGf4NIRkmo/GRLLR1lMrSbeUqmL5lI5zeRz564FDlSy4EoS8xTPMNNa2VnY8PTWZVCEEKHOEw1I+lozEIkIla69HZ/DwSU7nsr6deDLjrYumcDcOewmdy0ng8ybnCpPVGPE1Fl3bFMiGWxJeCkuiQBSE+2ATyQ4dXiLkUy54UW9NE2DEVVnIY5WyTDTfUQ4rKcXWDjMiTWhlwxoAU50LGf0yfQSB4Sv0ELEMRrC730BqIBTdUDcZm+IW3M2nGtugl2cVPCB+g4OR3AkWWlyueqgdz4Hnssd1P0YFakDpWsd/SLE6DKqk2cqlYfpPSoHIsfvgMMp7IBKB1QRHeDxASLTYDmDtWhdx2WCf5k7RfsOBFqvd4hAAiROf5QiBZRmUSBTBS0pqGcIiSRX/VEnspB7VgvscobRqgbdB2JM2VG+Ceq0/UIkkyTC9jOxc/gHWZdpx6dZPjXk+WadeWBoj5VMNHGcZXoLoWUCbjmdFAvdKUDC9StDJfqEUZpqHYpSy/akWhJRbgcjUoQayWwCYcmAUqMR/D54RhfcVtAlo0dpzKWOPdDTMWRdPlRradNj3bor9Zod8sdC+nNZpnInR5iknRXht60GfTH/vtIyroZa2Y5x9v0WrH70kc3e8DT7D7hE+D2i0tvwe4s/f2aQusvIdUsjIgN550DRKV5fivArJzg2XP9UbQacbsHOKgvn5/qw70CqNoY9b4PC3r0OCY+w5Y7dudb7lz/mMIcmZyDq1/qbiTsY9TAbEWz9AzGJ5ne1MsEpLQVKkwWlgoyDpfYykpdPg2pgtGJfyPNhko25KPwmT9GgnB8dLxENYJag5o8HM9KY1UnfYYjdZ10xUxHMDUABtXfoisx03C9KV62Oafj6Z8qvGQeV2Tin9DmP66CeG8EN2TX+4f3eoZ0X0AxQAaJOlKK4LppoiONcHIFgWrz3G7u97Xn3n/uTeo8VmXB1y3XKePK85qPLtM0jklbjkvabh9r9GIFHKs2bAv/rgx0XknntYTmNcSJbfiNYjvfKID6cgTBjrJuBApVSGPL/vEZt/LVTZNZ5tgc8SEf8YIZlIYc8hkik+yQh5/gR/xRGlfe7S+rzManjOH6i0sCKJpKWZSz8GZVsvkRtPJTPFi72T2gjgMLqAS41GCgDmqrbKNzhHDdpvTIHxTU8kWdQ35ZE7gCquqpkGYAJxfafDRyzTNMsMpmiTmSa4kyjSXyCzlzTICJMvFVA9KT9KZCJ44rQPW6w6tQ1JdW5cpRDWYL9K+enp56IqQ5HD+6JGg+/en508O7Xgj6+tNT14i6DuY1O83ru/OhHqk4LPe5S06Ttmiqh+lyU5+Li1SaZYFmgZvsr+34+pc14KTutT/dWlRkOSnuwufM1QeTMO7yYxc+CzJ6mb4wRP0QnXNmusxUkv2dxtdM0syy9pDBQkgOjRx8TlICODzh5MCcdVkayqpRnRFn9QEmCbvqPQKhzhoig1Zs1hGJdI8IzIDO7NR9d3vWOfoTN4wkACTlMLmFVspVVt02ACcJb3qEVZluWyUqQG44JEioROsfnWQRY7Xfo2/OtLFY+/6Ttn32qFHrFjojiwaISRGRY6vZmIpI5gbkqjOOkKHy5BB9zu5MhdmqTJ+x79GS3hndOn+O3umQp8eLvrc+oajTb5houHEHF5Iad8dMlQXRpMhRkufaJt2AAljlkZVMN88iQQ3A+x2JqUXszJES0lVO7MswQqSy04BY+ZQfyuy4Ox7r5YLrw8X1uJ3i9mmcu7vHrmHFXu+0QOoKx3M33eYQD7sIcl3vrhGcTgAfzDV6CoQ6N0sXMRm7RBsxB/BTauLBHoimFedZKhjApNAVb0Pm2KEKRsWhAn6+nfaF0Tabr2MpnbRB0X8EB36RAXyIOvSvYV7SniMO6G87MCNwgGBJJXlvBhNQYW00nBiY0nkwl1GW5rU0WxXhDodwoJ0gxBCm3Srm5ePqWOqQFR/gUgvgqlOdDViR4keL449RuwRHHtcb55I2DsBx/x2ilA7tOwHA4ZLmJpPsRXA8B7rKtf9Dqhoa6vAEvepTcUOtBMiIDxatlaTjKSVBm1LQ6K2IYhceSXb9BUBlXH5gmerYeBpfhMArB3zIT5N1q8puW4KBi57jKdW24qavzI26HCIFNZYzIgpjJ3yAX6glLto0PvIz8Uyzusr0JrM3qiMcbNBDgI44gu2CHEEMriCvvMJKkRFqgzsYqK0Y/IE6OtkDD6DYOaod8kpKQRxKO+KCm0zGEQ0H7lpAnPgbNae2veru89uXBr8maF0X75XtFtd6gtRcvEHldW+rbPL9+Pjc7bgtuPR12hp9BKraiN8Tdr9+Ww/V53B6o2WTvZjV0frO4l1vBO1FHF5l86b7grpR5JLJANqQ2920X149/mA1po82NivwjcPGtiQsnqdZWnRvUezSIrF7FaVevfd1OyPZp0BfvXr32OvCWyd8+fqQGWh5poWFxTSn6+zMQCy1EcWYNJutPzq2S/bBHNOz6kwe45Mst5lKkkYQ1CIBzQrKdMx16kboOCYuVmjQEjwtVg5dF14JmBDZjXjHVyMS9SFVE6sgthcg+M3Fh8D0xMUGZ4lmRaXyxKdXnx5++L5v9b556NzMjTamNqb6QiWjrsXopUmvkF5Tp/2bu5+/q+LD01PDj9ivzr1dr149BW2Me3r6+NBT3XT71auv72LRsMRSVMpXd6+7nacgMJ1T2uAdh1zNTV2vvnvbc56/rtxUzPuCguk7E722uxu0hdKn3s5+19nL85cPoiDmDeleAlOUpMGbL3flnoROuWPJM0OaQWeoY2PqlXXms7lL9Sl6cILYGBEMq1KQFbZztK0ilDFRIBnUKR/EkvNkZlRSJZ9kY6zOfygxO3wGc6AugCJprGZqvhmRmziYVp+YORf7SEUpsIhvPUPjniEOHaY4k4axh4o7+BITIuTyqEavczTtDYCBnHrIX6YNJl0Cs8KI6WkS4F3SmyijH14OQbOrT0XR23fNsbu3p0fA6xmai9eM27oUlSYfXnpAvDd9NjHsitNLV6J6prOPjXSXcxcd+3Icf3Vu0bcxnPx3wvmlb4G/cenw7sOvPnRu2Kv8P718zARdtPzU9+Z6UVnn/y+f799189ljtyM++Gj1fS9V752eXYMqYqxzvLr7+PTjU2+jenjXCe3rvnVS206s4nq97NyUjsbXY7SpzyKUL7Z7jumxVxi/nDsoE0DfRu3ZeUbVYwPnM+n6u3IMHLTE6obC9sNZ7kCFO3oGkLace7w2ocLtj6x1gdVaCNboB1rwiGpuRKoonCjzH+4rpGlbMPNotNfKgRulzRKHXraCZpceu46eDrSNcAie7JF++/pn9wRGj8TMV9M96ubMMBanYnajESss9ixqH0YHAQF1rHq06MpwWWdr3XzY+yoKgtY53nz08ehOArujy/LCa1eTG9we33Zu1+lBAfHYJWmfBfhUfd1FEtFyjdM6zFZC0o2JqXYUZEQW3k4xa7DJEgOaVkyYiNDSjhdhVDCC9ie5vvPYWg3NVqXZT8UQO7Jp1b560UuwHt9rPYWrCU02S8IQnY1/enh89f13PRjz3IPtyZrFCdfUPPs34rodqCLajpMwnryV6j8mFNa49U8kXeS15YNJLoCnWDJWRsYwq/IPT97hcviN2ACOtS7Ag6rzAo6KxNmWPHlCDhn/fsdQpFAzZ0ThCPebGBehFV0i3exa8BL8kjfA6ol2iIxPENk2uxRhANP1OKLMtG02c53yrLodYaKC9sJa+U2v2E2GaIXd72olwh/FiVDZFsOgGdEuX8w/3+Q91set7VLiqAd894FdiAfkUgqLtu3JJxMCahe2Q/TIc5KXWBMQQlVBVCsuLlgISspP3tG9RgT+0f9kk6v+G1rxWhrRWWrUBnMkGn2VI1uiX1u0TqK06VGZmXHmnlBHsyNOyHkigODA6spL3/Sd5UNyofmbNy6Co48ZAaZ/HZXpBpXsv9kiBW+9Z4RV0OjwrGII4xiedj35tUEEUa5A2XA0p7rcw7ZCpBIPKNrrHddYpoYgJjgTI1H9gRtiu+rHgRI4dfzWziHMdkG1tXrbu/BaNnjzf/xLv/vgaTv35zRTU+ee2dZfv/7h08s/+uee/6m/v4vxfxi5phhuuSBLfFqZNWu6u3/5m7/3GJ+65IYh7/d48/Chk4K+4NtFhbc/++f+zZ/1KZ9uBkk6o0JTYN55/fz164fPT7/42fc//M77lv5c+WgxpxpL5O5BryBrNAH8d/oSeq/7s3pNeHrSrbkiywXZbb6ZzeSxirp/LVddoGGgA6d8VfwJl4n0AMpG86RBlQpIYdDVI7sfGgoPzIjCSvnMbKJi0AwGkw2940XofoYIDcNQ3G70Az1CXvuVD2YFUTkAEz38uN0Q8a1Sr2Eys3LadeJlrdRTtX1J4O3dL/7a/+nfevtzlq2ryUKNDdTQtyXRLq6c9rpgi98mKfQPuBWml89//Pf8E3/2+cemYy21mbt/enl+++Y7rFp5ffP26ffv/q2//M5njX2xIe30aNk0bXv7+rvv/sY/+I88OUV0IrS7cmlQtDUVfOxLN/+VP/Hpd3741auXH/NDA3VrtInm/lUh2gnMw//t9/7GH/+VP2jtuIG8krf3PeRncHOG0Fdw3v/24+/8nd0oZcaZOrE1Uzlmuyw2E81pc0XsuWcuZsNkZb55OjzJWwehgrEq4s9SXBeLg1HdSYimgdlXBKH/itEb+HwZ/Hx/gGuOAAehq/Fr8A+95Ebt1Z4OLfeMrmpYKE3wRfKRuwpFqiMaLT2E2PjGyOTYrOtGZGDBwyk22I1s2WR93yQaPexPQ0EaH6FGlJg0gS/yXRDKNl3T66g5f+364d0f/PL3//Jf+8s/PL5/bpJttaqTxqdIBfb8qen6l//aP/Tbf+dvEai39vRS3L4E/PLci8Lo1/Hv/U/+1p/++37RKUEe7zJf3m/qky+KFQZ//Sf+5t/84S//71uy8IBBMfD5+dO7n/Va0E4e9P6f3rz5nb//z3QpoQ4pUYsPlF1q6H0Fr3748LP3P3z3l/+3/2ZnlFSt5VCBwTJ/sFpGVDYpWnvZWS0C2f/tq3cPX983O9MUqkiHGbBqRCqFexyiqJJ2Z3ZxyscsnDXfUFyb5NQx2DyQQ2BVMlodqlcmkKpxdvzdD+6p9FERF1fO7GqVF9x0gDQpJhtxVow4SU+U3CY/wo+kWmAjQi2qoGlROiGMATXGOtz6+hHUYN2OH711LfpwuqdXR6aBFp947DN57DBLdQyUbui2I0kdSKIuts+SLQB0ZpBBZHvZ+4fXf/DrL/+tf+bf6J73aD/2lfEPTz3Jfd8Kwkcvres5kJaueqNFF6HKdr1J2GwUO+cnOsAkDXldcx1iLTSBNXa9CFsl2nFJahCMNJf4Jf0lM1ccNSl0TM3cSNgup2WjQxLKIXdzduyKPk0oHFoW4++/v/9X/+rLf+Of/n/3XEzW7FpXHD0W1YUPt87VB756fPv07mc/bwQiGebJRoH+snFWbR8P8hEmVRNi1J1KCXjxZ79fCQPepY6yqbFoCIpmSJBvQqIsfagTvR+jTNHpKz16VEXwZEI/iBMHnz1mFPuhoxMiTo7+occKxLJXcQdkpwkY9KkBQWCXONkBorDgGtyhNHGhXVQcWHJsxfKRATDyBD/CoEhb+WCOgGzMGUoP4uisjUVgLl7I3VBIt/4mSpeMGMHKeYv7krYKIS11QDsB+InLYH5zR676PGj+DhGhbjvKHHvdOAcZ0LhPfBg3a6lYexniyNH4EK2K/oQaxVJGELa+AEZ2IozoEYkchx205Y6gYR2xlcGaZGAEq91FF0c+OIcRCRFuEEQBOF3G0Tm0sS2rgkHr9PVJSvxjHDUy4R0axz4X0XwlNa7cPEKVjHnmxm4IcUaifA07HGRvG+p4wDuqjGAFBtPRP0Taj9xsicnF6MTXLnKk5RDUwY/lTb5a4OkCFNSlQHYdvl92gHD/9PH156cG75ZGzuy/SwN1DeaRL5/fff/lw/3bz3fvHt1y2JysG1718hbkPTpnnt/nx1v1bcGlSngtK7dK1/cXey/f6zePv3r57sem6U/6sDNIldj8/u3Lqx8evr77vsW6LqC7g5MeSdqleZO9ElaTm3Em+es+ZmswKbAaIbDcQ4HTtUntOsBQ50S6njkJtY/RQmSkOGxIWuHaBoxjtLOPbRryTlREgTkUNL1R3G/+Xhs221SQQapnekxWdPzQaEMjpVSLki6NBQ2w/nSSxeOmXDNLEDx0YhHIeuwFySFzImJkrsCqXG/fHy7hQGOSZka/9y//FQuxnd1FM/4m4U0D9ThgbRMal2bd6bde03zHMyE/+7sff/sf+OHpl099sIzZfQ3gERVD5OeH7x7+yv/97R/9W++806klqmZdOqSMEvWM9e7T64/ff3/3qbfVuakikrsPzHjiTKHzwj/3d7z5j//iyZ3a3bTt3KW1w14q2mN7Ln4Xd//K7/6t3/33f+zOjVCaa3VRv5vTUrXXkRZGI+t8tYBJJ00q1WdfVphB5o/KGT1LL4iYOwD9ANMdu8kMKn9yr3ACxVI8nfn0PMf+NxRHlr9t4zqKLCmSrIKHVFfMLQMHjNuVCWY58WYjaWIxkszAKhMr2vDZokx0433b9gL0JIdDKsLLoK9LrqSAXueM7HnEKACqtjv8xOGhcIScBaYLgllB1JyRCb15M5KMM/EyVnNEr2F5+/Hp6cPHP/z66UMkK2ypoeCuvX9sHtNtG6+//iP/0d9606dOfRhQ55wYfeMoeT06/Pnjn/3Tv3j3Z757U28jYL/s6ZW7riy6j//V8+PPvvx//vmHP/z37u7fu9hVTIqPP9z9byY/d08vH/7Cf+lPvn7ovQQRdIqy7qvb4tqi9vrpr3/8t//X/6+Hh/dFljWMuLAhWbWAWb7CDEIw/zNU0+F6odevP75++eH7H7rBjmz1Uszrn1eQsWeR/sVIKnAXkJIq+O2AgK52h4outKtuInFABAoCFNI1GrqaLXl092SqZfFOkyof0TE4XEZ2POdRhas4IpzIqscgQxVExOul1lLo6uMuphRK04FV5opfwIchimtQ3yijfnU0A2luyQEJWKTBq03RRdj0S8FZQxRcxif3zVIRI1ReboG/ipZ9+jD9v/M33hdtLXnnkB4jr2PqfKAzusLp+bMH0ZpG3z22PtEbQrt8qfurGyFXhHfrPG2DmywktuXqFbc7BQTDPdhk1hCvqggTUPAHGVEXeY7BuPFsFMqK1URggCMbKWWRHbomsgGjEbgTls5c7v/ox1d/6V//7My0q1evk7/XLrs/qzZUIPSxu1dfv/v5z9+xWwIhYFyfauX77drcGLfTA9myt2ApiOb5xDgSJ6bmPNPwzmTVmKNIwl2/OipQhmtDiC/5ry1rZJ3TEdC5kFxNFEIHrRurTHG5dgMnw2WhCpVVe8ie8AygMoIuJLAGfwihJsNDZ9sofnkG4rDb42jLNvAJ/xsbR8UXn3bcXIk8jJJpSublDyW5lQxReIzgGVpoW+Xw21VJq2+iVltR+UPwm+y4kRg0bAESGjKHYPWjlH16Hbua/z/cMEkEsPpj8lkp0JG1p+WojjK2A4F2S06K0VFC4mQb2SwyShRChDJBUE/RRQOX6k9felGfaD8xKGWD0/+hLid9dD4d00oWaxf9GI5UQNh20ACmdhUBNShV3H8hnQl0vwXxkQzD1S573LBoUDjFWK5ghb8iAcEnGtIkKlkdIY7Gwc9ZB7/SY3yJiuYkNCG1qzCAk5EnN5nHQk3iQyoPvxK9A16bRWEWyuJYOwakxlgVMgImHmmMZf8wxzhisGrXyvo0b0TftLbbOkqJulKP1TVevnpX/949QfW0d/efnprO18/6Cs/uM4y09/cnl2lb7KPexKI7f1yJbMUl1NaLvz7e9WBxJV1wqGM2E01sTwa7+tVGwq4jdPWg0cYiTXO5KHlNfEpV3NTA6yPpjdMsZrGvi1+xa6Sml0anB4ckKbR3SPO0UsNegQvF/AiJxf3DTIiDD2rmjm6g16ZoJAI8bC5jZskQ+uMLE6Nsi0sli76ox2pxPERwZqHRXWFknThNiAiD7k9f038cN7vCncRtJCfK/iuN51jDPFKQeMZJAfOwxybfqVR98+0GbBMFt8pWwAjw7IRIKkhknhX05MdDHD796vm1U8QNL1mJr3ffcRq2nux9Tq3ONvZ2+tDkoCZm/bdbcoNrEvbcTdsunVp4RqOThPv7nYF+7otjTx8///jy9YcHARCBHvvWupxKNL1vZv+5GWPCVNI0K9aJupOXjDxbm9UZF5M+K3JGv2TIBfFkkmOpqTR1WZI96AgRmMOBnL2ZPnxrnidOVgsoFbAY2mCOl5a/DFnJIYvzmEG6SaJALhLJVkokHH9ezqiMLDSdCmXHpGMb5NsWyIDptmKWmYlGsiKiBnPoIzlXk0GSCIkql8j6iTWCSb84XRQiUhO6yRnBwQbQgJ4fw8/eEs7Ya+LdqtM7Ge+13i6aO1XsPp7uIQysWVqdRguZtZS4vX7/rvBoaeAuxC4RRCGh9D81/6Zpn948vbR429y+d/zrFJw8WPzsDVaFVH3RU8+N3z02TS38+nbY46fuC/nycvf+oTX+4ul9FyifnvoO2N3r+xazUb4XKF20qCtpfbvk4w/flREzU4TXqDIDaN3Sm8UsfexWWc0oNb92MuwMjy91vLbL4DCvNK0YG3LC2801lx02PB7cg7NzRoNNoP3NX9WovKXZfWQZI5slQEGfiSZGbSMlxqSUINMd65mwbrOHZ8dzQczBpw0RNOo69wWpgz6t6fV6h9lKUPpHKiE6n0cocRsnavgjr0plMKwKmkZxidyRYVKQ5IxqI1BuVB37j2L7S2BdZ5IgVXdTr/D+e4sRnQN05fp9fOpFmiBnpy+Pff48pkkpzBs9enxW+2A4EVgdpW3rL+JCTrQL+Nk9eUlAACXtr45zilzF0ocQYD0g6S+0I/pFdOKsCq39Tx1ubRTIwHGAa4Au3VWx1++7Oa1+cF85qOpdALmmYNtlz0ZfJwPJzD3nkQLmYc2CO3305uH5jws3nP4JSrbJBpTudyQNeQLOEqwZWWqdfCQMlhdIpJ19ziaBjIZ+l04jcvaH3nrkbwV4j2Qlflhcgk0cRTfgc0ztoawv4qObSCNvR0P6wpVZ9krJrX6FTLITHaxVtSHIchsUtOgz/kdqEDmoKvAaxgAHqmRGRmImveB1mZhPsQFNfqzSBCUMVdy27Ayl7RSLTr5f2Qw0pba7fOAKwDT8icocfWhcxBcHhwgRw08qsl7dWppRiGbffFf64nMcHwQsFJUfdrJr6Jc3gqnkhNeJqpms0kPLHuj8U+aUll+w73hRZ7ygyEkuToUXAj+saMjHjCpu432kDmVQVchJREdk1M3Yj5qjOPhpG85BX2G6X3pXaHY05JWGpgujcr+VtwMzcQsgk0BoE/e0vxw/qSoN6RiPfLZ0rTIK16EStg7wsLjBZYvLEdWArv6kore55KFA9CMBGFBkOuC1+ebS3W5bhaWs3rqoe/SdLwqLCwLmvZbx4tE9slGupJWJL90I8oxeXczmD42mu8HLnNJEoJpO+3ezj4lmod5HX3s12VMLu51kPPZcQZtZZIuA9y3XNIdbryKUlHYIhCHN+DufKMeQJv3VldUt6bnKhNGq8yxdZVJ3kgKcwtusVJ9UIdlfwq39rQsAxbCDr6Qj4Nm1OsW23CxRtJ1b2cIy2uEG9QRZyKTR80b02C9SozCzE2ThGFgyliPvJQE2ozURaHeVKFVxgAcUksg7pMlBBrRWFjg7ArrOo3JUca+nqPuuWqsxS2UH52z0tl6LE0ZbW2relbLrqDJ4EdNa4Hhdto5B6nv6IwdYms3VYx2NRIkMYl2Oz5NOSs3oFHc2ScACwGMgPVvcPUdUKc4KtEY1yIVZp3zNC990jRvezvwa57yrNGD3mfQMy3PXrHqOoGg758a7slSstQxKVwKRIq7+CqPLZsq0z5uVZQfGktGniK2sUEOlv6twSh5NiQyVXiW2276GgI4qfmnTx5Zl7AtrWZh+STKwErLXoZRe5NSQ5yan8DkCAV58TubYXizpgNZ64AGBY4BpvY6TLCQFCb3f8dzRB61aYUwjJBYoQ1cYgFNJ/ACJTq7x8GXn7xZpGbegylHrNVteePvmxb1bO3ls+t4zAG/f/PCdz3WJwe4G6oaNXvHZx8L6ZlNWT94vW0LoGaHPn9zhc9djkJXrZTolEATuG+ra5S4f+CRSJwM9PNDlgrTMwUHGXfT7AIWPUXStwaRwuiRCC6i9edb9/MFvQWI+0so3z2BcembsFC7EC3nKU1/wqAi3ouKymJx1iH7s1ByD9q3XwkFkdp7F2lU63y5QFhfHqnEPkE8YQToWYTPair45oNJDI6Cm8Jm8vcnhEOlJJDBic1IU0dDXdfHblBk4uPKrXTEh4khbpkyZuBvYwiabJjUZxy8B4x+JtnBQIu8s2AoAACAASURBVIbhGgllIwWpXHW0gh+AcQdqMIQ7CTaoNMIXbAV5IMh1/a7hNGh1UtLrxbojtcCLTRNi696fzZ2d7dGU9v27bpCPYh2FieUKQB3QBIXMKvGcoO2St1xmPe0jA1eSANsHf7aj9dKTP3LBz9sKKzuaX8nhRyGBcNQjp1TilNtUm83U06WgT8U0beXGeWg9JNsUqr55MiLpNTNR0bZGm6DukyxrMSZqxzuH42E9ocY17vPIFEOTI0f7dogAk03KqmdBwl+q04SeQdBgJ47EPD+1c/cxq+KbDQ8A7IqIuQS8MQuMv8XBqeCSoLYLZMmAldxYsEoY+79qhlDJOhU1On/OPgxB4XLa1oijuXoQUdzYOG6DbVc9my0lc0gY1FE6Fe1Fd3wq1YCIpWRY8kvlsFOXZTVY0G2rpuLkZM7SMxJRQZV3AjAypTPS1Zygn23okqdeasLx4TSbNEQM4AaVB49pV4TxJDocLyupOgKNcZlLwDWt0rrHG8wSl9oH8NSd8m9gKPwGEpWn/DdlM1+a1w1943YxGQlGmbWHhRC501S5303LU4G4QNZUL3rzEa42xwowKz07ldkcKJyhIVjzRWjwJ79Yr2KlGCMLStscb+Abnc6yy7RGIfzRWrzDQLWjXyQO84q2VjAsEEmwm3Yibim5w9gxX9LpzpIk/J05oFJPYhReRSBfen5KD9R8rKHYl3YMZl31thpbvcH466uH+tLwPr9skO6O7KZtAnZS5pQgmSrcZm9T1HDVhfnC25NbPSTQQ8at/XsFUL2sXrvhxcXZhtVOSFrnJ1zCWsGpNzfa6h7nvyQrmyKNJ3NrF3nrftbZsfC0PcIgOxvYs/2hq8076dE52wCVisVATsxz7KjAmn4J1DZYfkBYbMfPmqcj+Ug6G6h1mjBApaNXPUbxGCWkAyBfRCaD2egKjzxVH/H4nMIIDCcLXHzxiND0kDj/6TeK9KyySzENk6SgzWGKQMkQM2++qpYlbjyJKQJXWjDkvc+7emuAr9Dge7Q38nTO2bTbGVzMIkLMyHvyO9DXL72ipecs3aLl/CEj9bL/xmxTtHSKkxOBXi3bStadCczt/LZOyFWABvFdsM863vjSyWCTs6Za7r9odjhZd7f3VGDgXWKq9TVYz2QkJjC3JZl+KfkiX1kiTmi1245/qjGzq5SMDNOv7QKrZClUJdLhSpY75jwVqwMUy0y3SQ5KgXFHhKN/mR/qxW9ES0+Y39DiwsQD5dGJssQldzncxAi6k/ObFVAHt8nWaFwD/QQ8/BVrxsUiJjceFddGO42bxO2LKJfkOvcz3Qy0MNy9PXVATYb7FvXrLw89wOtcck3X5GW3DH5+6YmjcHvtWHPvDz8237/rUU2SL7xacOjsLU9HNIZPPdbpwRW3f/WEQPOfnUB2O8dLTwv3YHCr+p0quv/l7d2TLwwUXD6TlMRdgEiS1C2ThKI0wc/5wD5q3RTRrCDqLieULrB0pVlKGylKSWUC0LkFJbMHSwizliaCPN5OiPNgKVPMHdkph88DV0AzfRZFPBLrgxYHh6YqbNeJDGbMUhsLrDW03RIZjYlxEMawaA/EH568TIhDslRpfcvizR7+DYJIYcgKSA6eqviiQWqKDwhW4pxl5ll4PMY6yKFcMOSZwcg+GeSzhXnsyjSaEZ/lC57PFpNPGZw4U4j0ZXiuYxn615GkUmEeAUFpo3TFxsAiLlY7HTgFoRN7NKNQzEKgWxiTE+ME60A8fFAd3xG+cFdI7HCNAtgeIUvcxFUNcLVnfyqVxgAobmupsVhRFD05TXES+QtMEE2otC2R2DgHU8V4ROYIkU3M2xAWZbORyoX1OIY5YTseMkSzld/PvD3SR6uKGFEVfh2xBD7BoFGgwwolVA1cyFPAdkor8HdklYpYdTy4HvkieoAvJHbRTUd2LC+Fw0vNb5QAc9lhhYAq28G/xLgQ2Hai4Y5KxwOuoL9TtBjAb0Fz1K6u/EHDkTZ079eG8Oxh7iRzClXPf2NzgZ7q6TC0lGStgx/iwT1kb+It9/+TOYBdJVcO6VJI+rCa1t/qV8bBpzrJDIba/7oEA6KNLUeB1ae7wChzKw/nQA5srKOZR0sGyiqWTAa0Dm2MR/swaB8sOWzjFasFzRE2YiVINRNHN/oLAvX9H4n/NilQwnm0US03XUEllSzlQlYnDPBYU1pIKTgbr+A9lTHTJ8qiMDSyTKqIJeshSjTValY+sy6nbNVjEHhWbxBEUkXd8wmm4BCYVLlnvA+9vFPuMBqEYv/1DEvlzDCGPokR2dCc4QCmkbtf/JVr5IuiKXq5nGaamNZGWp1jyQC7ItCbfBp6OwdwnmnqYK6uq2m+ntylmv6xSx63ZDsrh9q0KjJVM5kV+lblGrkX6lZtdo+mJ0FD1lvfuQs4Dm/u96Bg5piFqWxI7xQiQOYiRX9GgJLG6cSJLZmIrT+p2IAVJOdA2bYOLLm4VnkCLgySgPzUD46JHapEt2Mls1njkxOi/WAbVRcmIIyagj9U01zo/RxUKp5G46BRhE+PIBVtA9RGkapMVkKqMHNqHWiBNRSMVnu/iuyZCjckGMIyOITOrHq5ynCVxM+YAGWtnyVmjTBnESCpsFPTzg19ltfka2Ik84Q+DW3SW/9smocfzNlw54/mYSmxb0KP48ySBGcS0Fmi2VY4zemS5GsPgjTVo3Q2bf5HhJSi/c4eAvJqqe58zbthdy4KoPli4TFHRNq7AOk651ziiMGiAV7sxMUMRU0SR2Qb45UVH8ftWWpb5bMbqCDoOIQqS6AMda5RPwMtOgErUBUIJ6VaiQpGMULLLwcEoJIF3mqj3TGfJbkJk9pL/opqcE1SUZsImEgwYnphGEJ/41IGeQxW43C2ICqNzMg3ZUeOJ0/vFJI+gSNK5FerB2gi20x7M+iKOC2kvNHVpCD3icHeFSyWC5Pm3y+9GKD1g/ueFund/11gqj31Jh1fl2juff/o1V6B1eB9LyL2rh9U4/xz/UxrBb3np6n/iguM2t2brjK5JXqvmoq3wmbnya7LePtZ/LcO0dUJFzNFaKLNIkXtmypSJnu5IhrLZo9BMLsGPUuwZpBpzFDHaPFLKwIEWCCTJ0wdST5GQpQigxNTd5SWOCTsV7+CPBDbY9OBgcoPZ6pKgIXqGiK5dLxxQF3dDklwtZmV3OKC2JWfVjbm0UrCcLlRkuKMUEZb1JwrmTcFgS5648Okp6V16CiwDJkRWHKNVYe82baiCE6aJCQsuYdT8bEoJSjQkpCmh5K4E8DZI1VFVCV6JHBE1CVqS6S0Kw45XX9C0wpvvKLEMbMl9CiNOlGYfNnKiRMhfIeKdv88UgOfmcrH/CIFf4qEJCiWcZRY3GSfQyoaIZU+yo0ubJ0dYQJcLfL7Hf0xS5r5uorhA4lDAHPoMcIAp8qxBpEzJFJ6gnqI9c/z0rADWKBGjZ2mE3DxOZPjjAt7LOKrLXMxCq58Tp4KlukG2B4BjAXySJdfgu5oVdgej6OOkfXAhEjtqlgwgnw5z900KXfEqKCxhgGGSxhDhO5x9HeYJlKT41JoJGHtRtXwD4VBjd4FPTKRW/WCJ5wh3wDwojUShwO5w7AxzjrrvKue9kd4mqdziroLQfWhsh4bFGo2KS2ABBSM+g63+hAnT6SL3CGMD1zA56ioDXeHcVvy4jP+FY/2gTrsDn77pDhpGPM7QofsIXLRrhgd/0vS/1QxQWUjoyQbOByjSITzG9lKLsSfjisaAcQOrUspQGLfgY30uSv6DTIlx2Y81yon5IrVQEDuEK8EDwXzQeU8Qc5vBrgcPxkuAxU/Ecq72x9h0TnEYYrtspeZDpdjrsrY6IBrH8y+kklCs/DioEFcRQ6HVcFcA+g2iHZmy4leiTHJYujaEdrVqA2uEG1Xtb6uIaBx8rQeEroBwyehVJvau3G0ie9ZZ5uljfJqw244ap2+MbzRcxdjm+/1Pk/X9DXsYrMhVyDPeE0RTONLN5h3oSFLmEjkvenqHs4Eb824Kw+92W3PEphWmErMsqcvCrp3UATIhDPN8b++5DjjdH8ZqHrtcbvACf2baAzaNgDqSmUCHirxzeYSgSUvCBuJI3V8rhhCLpPcthRVg1fFd0lCPQPsXDlulahAFjho2ykNkxiK6VCpPvpAE3o1yG+Ey+Rmg6EiyrYjVvqSfOQjwOk4xi8n5MWmYr0Qtm8vZetWTF1JbwDJtwNDq5gMtnuvzQlItIA5TTnrGyHb8qbrSl/v3xUOIsyd3ALz9HbTAul1AgYOURa1Xke7Gb05XtWRTZAij7LZghG+fPr43MyvhVpe7I6vqIo6zxtsbAmkp1g0suCLSRHCzoSd3Zm7DGUIkhk7oE83yTJA5ka2tqmQSpJhl4axzKqRRzBU3hmPBOh44BUeEql9IOYfREFEOJEPRNY2y1Rs297uooZmFFbbTg0qGzQv6LJhKz39xyJg9gsB/uAm88TLj2Um4K2eNCJ7CBN+8pjOQg4Wg0nRQW9y10Uen9DtNSzvev2OVu7X/X6CBds8mo37debfr+oicEv8Kru7cA/8fHnpPQGeMs9vobuOiGUColfm9eNDrxHN75YmijFr4s2PitqnrmHWDQbaLWTdTHReliKMW3TozqKCIYmL7c/1Lb2IYH2afs1DMT0b3J0VdXGLF0qZMsW4+M0anQdkzLA6Zyl13NWtGVkiuWh43iCU/sezTHQMF567khhtDpk2MZhRyiSAPmGxw0QR84OMbqlOR8BVwpKrUT6XhsGTyXUu0s5Uo40//CB3uEQoe1JxNKKhh20bZUsSZa0FrdJqzn656r+RANG2WmDl9BInQcKTIiqYwS0RSzIfwnmvwIkp5amOzMTvRHP05wQwBLpC78braAfRjC5S9WZCqxhMk/EYPRMu3mrHJYFSNG7lxAKOdFCkf1kCCnmmCsU3t1CodMJJozBUWBpBtSLm6BP1VbpHJ7pjMw1RwGjVlkYg2gh09RAjHCKEGR4ryQVOahAE/9OVuhxbh6q8qAIWtGeftShUVnSKy43WWJL7FJQlYjCXpMeJxyNgxdrMrd8oy4QdYqyy/5Ff7qQuOjP5zDK4UzqeNBj8yg71USqvArdJU6ajIv7qGO9lYRvhcsURtP0hBnjb8KDA02FfNSNeCaAb8I4IBVbx6kbkBnLpPDEuvMNuUBfzDhESB7ZxFByyyqrDgkOXcsoqf0BO8eouFS/Fg7kMHI3KklCjWwtA+bALcbiH2JGg9HAP70EY6aIG1EHZZFo4XFiHW1VrFFt6Q+lv26q98K7gXS1R6oBt7PhNj4FW4LfD8cWl1ilfRwxxihQ7S+JyuXiDyQk6QJSIXzvHSM2Y08OoAMmmEuSy7a44oDmpziZXflnmlTkCXBaqoLwBcrUMQ/j+OqAenBY37WqLZrsjMzqMPgbKSmX3xe5yKIY9gG9eqIDUNdGRDuUS1VysYStxYqDri5IuzqSqAtIEUP+6LiA5p3rF63S23mMAZLQR7aygcU9vOMGM4WaBZoMGqQDdyeO9fS3c9XrIj7tKX+Q2bevBOzO/CIXA8U4NUO1Sfr3blouszTWrb8TtOgBqRq50aiSNaQq02OF84Ivbhi3j9c2e4UTI5tRua43kGXUL0yyvx6sQe8ZcHfVZQOkMcSKEX0IJ5AAEDJyoBzFL73dKh61yVoGYlCgMr9rDYE4tN+PNr6OpgeWbOHH6xQB2uUUvB01MQIHtcAKgPbipdobCVV8dBQuQguAHd+qTcnSiemTj0EwLbAWnqy56N0k7iiw+Jw9uAgXNM+syqHZp5swHE3s+Y9pgiuwoN49rBtbNHJ2V9RTB+Qanu7Fft56/U4qY53lflW4N1mz9klIiDYGGLNiQXT0DNW4F2ESxEv7uJrRuEupR0u4taRG5mSf8mY9WPWNin8X77ZNThWAA1Oa3QutMAJBauYCtThaVb8a8LCivdjUa10BJlEAKs9u3bdgr5qzLiLfJFWPxeOwOw8mp7LCXmFAsM0ok7G8GcNCJJCQxyZrkBxIwOIeO+wUzbai9xKG+pcSE3rnoitQjEHbHxA59fyuDrhztUiZtRJDYIjmshZaHs30kREPOxJ367Tzs7UOXD0m8YDOw5+teS8sTuaLmXON29SKpCxx9z2WdLz56VCg25+8Gns4EhEJm/fzl44fe2t/1IvcHPjlb6CmAQovHoxqKy5LdQPTwYNbjmdS6n24/i1H/QjVmPcGUUlh0gZM2TQnX1dQoiuOXz32S/LkLlImclLNgYKHXKS3Q5oYr1sRugDNLToJ0C6qY6H6zd0zn6fVax5zsfjmRYQLiCnRY3SFtKFGd+gsckOjblIv3JOcYbbxtJSdRBuQIh4TcJCfW9DqVG9mxpOmFPsdDLZJhrvMfQIUGhcAPio5IZrAOR9TNuId54AwzsT0ypuvhRvrSxVN8GXv4ZjTszJwTlVAw+u/MbBxmKKywToB1W8vndTme7VfkpEAWyhE52qqC4aqszgE/1o+AviY8XBHEUSte/4vZxUqTD3GQB7yc2ok3s0Vowg8ScBxWP5qhL3JiNi4bCfEFcutR8luVnEcqBp9+Xd1h+XU75/SzE78jc2zEP06jxNgSeg7aVq6utZWI0tsvcyZkW/1ieKvYUfWVmFFKBx9lhVmFSUufvx3azUpjGuxYj+BY4Dz0UXC73cQZTbvpedxxDEOySTBBZqmJPWBmOqFBr0k1ac4yG9nJgsXA2XIKOEz/SRG7Qu43twrYfBuxQwzoZkomOOKjvPIIHqFXfnIrALkJ17QAvNhHbUbDJalG+nBET2H/EisM/OQrgacr/WYF3PpDxC1Ax5MKh3olanWhDHRk0Sl3MYE7DjTNpfjW0RJy8uqhx6LdqFYf1MyJysSH5LcCsX5SFUeVVFXgORIXFjL+AFW7qmXaXUKFcjIqL8CRumXi+FMFgBvQ0DI+QxwFajZHjICmme4M47Rctwml3masD+iInfUMpWhVsVL78kwTmZsMAwC2BNow4DBXYE2J56Nj3cAui8+c1WMynQ+J8FloBMk/N4Ka3HqKurC3XVVv8KpJGmX0n/VtzX+6Lhi19XHY4H/aH3REMAMQKg3m9GmClX63eVtPy7VYl6Ldc9vbf3oKxkJxb+RIjbU+Fut/J3l1qkpLR7aUztaMjIEbOTU707/Gfov8De6E70RgFyM6r2jtogmdpWfPIseepobshvA6fY95RTFqaUjPUnpFa1UsJa9jiqfSJNE/bWym3noTcCEwAL/BYY7+Q2inhjGWkgBvP7+F4nSLfoGAb4/eMpdn1wEdNyo+/8OK0mmIi7dDGTVbHEYKTWXTYDXjN0EqPhLFcPCdPG18Wj+8WtKEFQkRIXZWvNLux1j29Lw0a/xIpCDOfGXtJf8xYxhM3FjJo14BxQvuoGhmV0WR77SLPcWbj+wUCfjAy1m5qKsIWESC6zJPP2SLCyPtIiFRq0vkLt6eWUTnf+ZiwcUkNt29UUlEYufFMknbN4cb24ujl2Z+1S6Cq3bvWTPPYMMzURMBnW40U0zJJDd9vJl6bg2U/xmfMh3kGa1jEBL+bTsu1ECUY/YTGAcsXrgcV1YkFMsD5g3AdqMadTEhO3ipKvtTCA+LpU7khgY2sGRGSU6D5ibEAHSYDjfQwAPMGHWCGucheENIGihlk6796JCB1d35oujUZ7usZ8jPqOnsGlNdS7zXVPNzd/G9+mwGX+LFA0JNnrN1r4V1k4/Li93eU1H3/fv8VkEQBeL5MgVXd29QIRXlB6/v7wXC5v2zWzAw3GxTNNQd9WmnPfIWg/u3D9Ho0lVRcPem1wB1T1FhsHm6p4x8mqBIEIVldR9V1qd08aiT1TpMHUPCpbtOBUM9WoIJQEbpprQNITPRkTRSmYUFoAjYTn10icGLKBPdYZbur9+sxj3Ir5M6PQHV5znUwcaO/WcZ2f5jBQqdyis7jFRe5xmCvoYxmaBQclSZTxIJ8PvpsCUWqQjqKBsFuCtUYrSxyMTtGG5lGYqqlK+GUCmqs9aUtYviKOCcVHuW49wODDkC9pIjXboj4jsEV7wx3qk/kOUVDKuAjDjxJn3MzVKY+WiQ5OJTEZTIhN1f1qrTmU+nXWhrmaGFGCzDhIDSSdhjLDwuZqrDGwDd/YEZhwl5iRkEqSJQg4v6LAU62aBPMIdFoobWH0LsmqhAIOFxRMcj5jil0k8SUaZxvmUVlpusYQTnfybn0F0CjVvC1H6KlwkXpeTHnbw8hG9oXVK9LCwfTPYh2slMR2pMSM7ZFkkh2RbBrLOFGk5YRClNW2Y5+KElHvpqphtKSVZ+vJzQVK6KCGqn95J4LN9+YJQAErTD+F0gStA55Re7lFws3RDyDRZgcIv+CZbSIa73Zc7KL9o/0ZsIQ704BIHANmlbVYlxxEZiRQT7ljmFK6Ln+ByJjqkPYBIkD2oHZixnoig1zK2CpEDYTwJwB5EFXzVueIU1EqguFsorP7VKj8qqEXFYMmxwP9UCJZzmPuhxxjJa44fo+JwsgsoHd3heNAZ/cTkYF2sMoJ3QvkS7pFq5WoL1x4NjMGnqe49Vg6CTwqhNriPvei8Fqx7meNvpH8YZfS1kgoSuZuak5UgTAPSIS4ReJBt54smAaGiraES6lroKhOqtbu1mvCFnQD08yaBM5iMG9Oj028qu2pbIusbdOG89ICvU2j+5N1D/bN7NCIpzdaOCvkx/Q0i9A0ZdJsSyadXu3mkipZdiymiYtb/qzZ+FkuG0vjfhustDlx9Q1JvGuUk7bRdOrN4UgehbbuybsS3IPdZVMEBvfXEJvlQKJmocsO8c4JyvNYQ2dgfXWF3tIpeGQ600TqaF68GnC4sIuPPHNGFTlZ0o6c+vqmRU1v98Q46zDQq8wCyzMfUggWafXGW4zcw7M95EVHgBj1XH7Y84UEM7vErJZDDXaNWwKqrIYgb1wCI0qh2HXpZMctx2RAauNBr2oqCj8acM1RhknR2qGbxbppuuNEeqiqf6C55HFpdzRIXBwM1/RDKOFVNZv0syuVIMrcVEI2E0L3d85RHOSpmmBGH07upexVix2Pvcx+rF+3OfDONoXqZtkeRzd4nUOaHhagodK1Tvs2HN4OJQ71YwNcs5t3l3saGPvj33hsdmmhT3qHoyF7yhFR+PXWQwP+2J8z7607HTgExiLribzljyGpLpM87sdm3HPsdLM+fKFzk1J3eKhPFNTGLP7CiFFJzRts9VoYs5zAXb6ht+IoBbe2MdyfXRHZWlQaXOWRKyf14cSEQQsjmRwumQgTcugCcw4geyGlC8iR9WS5wYig49+rvUQTZID9zWA3QTRc0d84Pq8l135pExCJP+2Zuneti6GXuA953Gm/d/eU67/NEHSn944MCIabi9/bPb+Xvceyz1ekVVp4w9HcxGtffcuA/yFoqfev1rjwZ8ef71y+tHDw+0SNBiV9999XHoTv/c4d+JR6eCVjweXr/pceG7t31F+Eswyd49O2zofLA+sHuEWs7oFqAeCeiBYR+RnUWt6msRn78WoiJ6rZNV06EXIVj8oDQbdlyaqWe7TNO3zB7f+QwiY+lRzxxmnQX4WkrKVbNes+MotBu1mLBF1BIVTdZWlUgzcNlQ/DtE0CTPD7QocxHGWe6B16a3aePDOgRQH+0RO9JrLivrHKIWguThW3G4tS4dwoswGdFCE8WNWfgSk7QH9UgtbKNCmtWdA0l+4l5NBeWFNtsnCI0DGipzhKdXHCUVIMvgnRCV0L8eaeoed0wBEUR/feWRraieKEnZny6STDNOiRWOMO1v+gUSTXhSJVzBhjdKDlHBL/4AR2XV06sKBiMfVf0fSw19nR2l5Q6DM1sY1XZeNLQmfq1fBlrsN8YmyBFirFpgIcOMdPGiz/+XrD/79bXd97yuOedoZvOsdu/F3rU3VNWmkEABooXEUoJgTIyEEzkwNonEEw/8F/wnMMZDz008IbGLZxygKQ4UkVBCSRUFGymq2d3aa63nmXOMMRvfr891j/msCvcYv7u5rm/z+TZXcze/+4eK+Zo3ZwxCDoNxaOYY2bFza6Vb8g875q4FZCBWjTdyHQ8ZFDiUAse2SquazZVUKyJtp36OnIfwqe1PHCaIbponPy+D8eysaeF5RMShtNs+STZb5gk+U0NUpWf027FVJTutqq5D4BEG4yxE05M7L8HqoyIKe/acXezjyj8sIXBnFYexooqNTCyKtFVEhzKNay5q2p8Y0kPuNnj6ygQSFUQzB+M9qs9a5tjbkVXDKtOjinkur5DKYxGbysfnYFEL0sBDOMoTLweYxDkLfCLYnk3/iywq0ltr7qxC9mubuZGWLVfF88FVOv/GyOyrTUwOsjWgEFbb0eE/ShKasSO51kfcaWyjCX1Yodp/O4VEYi1C7N9S+UyKZ5ae8gxk/syOlHoLW0Zvb84hRSc9ZWxANPI0XR1mpNNa9fEcsZLuUHNZtNmzYadCQlWaJzC0gEY8IcOSvxvMKuvq0+YSqfz89vbVD7pyJsBeute691vIhB63NU17ed/X8EzRTV8B7glpQHbnNVyfvvzh+xfvu87f73YNgKd5/MyWl9u1/+2n228/33z3oWt46/Pdkw9AxpejDfNlrFkj8KF2fbAOy0HnIeVHlwS/M7tHXY1nt4XboGO21CVmP3juLaNdQmyn54nb+fwQALY3F3Fd6dxCSSUrpQenrKvU4xGreEv5OqdxHseGrqr504gZ7dwg7DBbAaYZy608wpyDdbWtdKiTi1jdqVi2GDQ7TI4ecLGcbPupYHU7fXBdlMnon7ahlrAWzTQMCquM++iZPRUdvWZKFxhoySB5ImIJ/zmuvGlc+08vfthV+S7wmNB1CtKYO1uGLtbCmiIzGLd7OEqSRtLU4sXTt08339y/++ZH7z9/F2vFzTa63Ath08Hm5fevP999eegXwfq5zWLaMNEsLSOaML58+f7T4+te0N7DO77y3rywtsjP5aMEapJ5cajm+gAAIABJREFU15SuAbbzQOcj6RYWBvGmHO3HyD5/evj8+W1TtQo6ETVjbM5Zgt48fHx6d//i9cubp5ib0TXtS0/AwvnQOyd7reTr3RXzvqCe9Za2S5aMPe7fmp8XnFwsmiccnOs/NPssHoFA0HpOPDHKG/jBbu/ivuYiiiq5okJUxxZNn5AIRG3cI9SrJg0BZYSS6Xi7lB9kbcVKVZKUwbyd9vkusQM0IVYzSngOA17Q0nk0SsJpYXV1HQ6jQo3R+Unha89vsSaxn+j9Ve8b9Nsgfa/nqR9e7YSz9/PcfPTNj/ef7x6+fHx90yy56wifezjoqSQrlMkrET5+qvt6/ZOfvn376cOHz58fvLsnpZ061EvVizy86vd633361f2X9999fNHPiTRz99OD3T7s4aA6vDe93/Pt/ecfd//g5s2rMvC+L7OUGaViXeXHD59f39++++Hrp2/7FWvngnm0N0NqQ51Q9m3jzl97nuwnbzt3qX35vnstUNfL9xlfnuTHeSA4YXNpBcIaRw561Y+d3z39cenfD5n0xeUs3k0uN0akxi5cRF94S/bYjMW6meoWqLMjLBVwCuKI5EBnR0mIWFcGwmgq2n+bgfXV+zB66j1KrWrwCVj4Ueuj5T1I2JG2uEjTpeQNDvJPEi6fnIfmhabTMdSoXc5ZywiFlsMSaeISQcs5aGt8acgpsFRYxxdxpQQMYXuOrNwytm2vxhJCz2/tOK5gV7kC6ohzx8jeynHSn9RMNuKUDqw4xjFbNySfK9S1ts2QARv1CA+UiIeX5P7kOfRkc8lFtJ0NvOjJkCht46UeFkm5gypIGasqgeygFtmRLnhD9hRItsg1wjNnF7AUR5Qv8zmWnZNPFeXq+1S+A9TJX7bOgzJmaVSf5wUek6Hvml24MBpe41kbfzaBqqRlPGVTHQTq1grGedQfXJyQ1V9PJ5SevxSsEx9KYZgvUvfZxZ3qEltRRs4zR/JoJmC2VSOR1R1MV/3ZtC4CGzNrqqMa1AvpGKnwgYnGo4v3LB0HuLqFEJ7BRNae2CMB0D6ui3EsE1AjHYXsXMzwJrVDgx2RjqtTYpclbI+R2vbtqSZBTbvwbjP6r2qRo1NgJ2He7t3/BBK9apskfl0jPZJUr/+9CIfrSNOayE8In/hsehOJ/JIploif19AmeWmywlkRAeYLqqKxHITkq7sKL7I2lR7bvjrolEV7vD3AQWGW1vQsAuCl4dlhkKQCHzi9WZlOKRsIo77tYG+gHO0RuHH7GHqRYbhSahhnG2stM5hM/wf/LAscvKkCYu16fdziTIyBZK0CpZ4eA1pCTNzWMDoujSo/NqVOt6Lnq2g3ARq7/swPvnncxc7ed+FSaNfh9pisx21uvvzkmy8//qZmXs1pdc0Jzbz6McUm3t3C/n/+5w/ffmc41IiGO0bt6sWL+9tX/8Ev3v31/1cnAuFxtS+MTa+6zimLjn3VzOd7ojc9DElz/H2BuK7t881b15MafT+6peBycgOtWeyr3hH/J7/88Lf/3ofu78dWlDr76NmgrCkEnbd02pFz3WjW1I+Xc/k8fSUA5+tDLIWGf+bMeS2IDiuEqwXTihwTSXT7MTKDIfKnA2VoCRPd7eJeqE9VurO1Qjyq+mxduWMHpK7ikjtJyp7Jl3Ej5/WxgChjkwoKOVYdRpxS3jGIhKU91qdiiR6aps2j6gzs6enx5vEv/y/+la6Gv/hQ4Wy8IJGI6xJW9JvULNdEeecFTjWamHfL5vHt7/5OSeHujWv9unxmf/7cExj/2L/w6v0/8QsvZfU49pfbN+4AtC1RCvbDz9/8+//2hx7YyDgzr0hKpLsuxublW894v/yjt2//bhdsTVRCcPw+c9Pz7ePjv/JPfvPf/8cDmnI298S5S/yfmgV++eHbuz/85dP/5t/6v7/px85u7ps2PjnxiLhp4mM+7NcrXv7gB+/+7D+dnewnfuPbukBllXJ5XpzvbRs5kyES2TmugPCTscaYjHpeqFR8l1BLlMXKJJCEpNbjsCT2/vKXCGLpUyn3d9iTVZpzh3otmgJKSf4NRfdVmlKfPq+iaFs6tLPY1xqbOzkqWFocncsbJhFhGY5B7YD0CkZJyjy7wpCsv4QTjsQNMZ1SS2bGSPt+Q/A/+bv/yb/5n/7VN2/e1Xc8fuqBe0991bQDfXd/+0ffPfz3/tK7//X/9O5P//hXnip8ddu7nuoLOleoE3n76sWHp4//pb/0w3e/9aOupfcFo573KT2ePrg8H8T7N1/+4Pe/+b/9n3707u5nqa2/YtlM0wN9uXn/7fs/89/6M3/xX/rJwy+++/yyL4ncJ79ucLcuX7y5fffpw/u3v/ujn97/Zue++akJf08H5ZHb2/v6w8x+dX/zj/6L/7j+LXn5xP3FxeD0DpzADZcLD1Wz5hj7okmzq5ubf+Nf+z++/MOnb1697kcF+DmaGgkOAZ2AlUu/DtMTURUtFPJnVUbXjUUCI24Vy6F8ad8qIOugx3oYu7/36cub5nGdb9Qm1tGl5DlZLn1LjXGpIjkLWSmi9oEMXFrhokxCMCH9hYRJcubkaJdhWKZUBm0SWQlzWBKdXulQyJ4EVhRh9Ef7cYyTSSOdyoFKwQFCQ+KzPx6aIXK4vakaGCcmGyqYtZZs0s0yCJ2QNFJm/fBPeQIDHA0bWARTnDZkoFTRvr6izWRVMGk5NtpSf6hUJ8OmzzjbqwDCLaf2ANglJpXpHEEwtOK6ilSpBYbIABI2eKlzJ5OggqHvcYHt8qWubBZUZ65p/1CWmu2xcm4YxJVEkijdyQgTBwXauYY/l2VqI62S0Da4ZyT+eXlj50ag6i690W6JssArNOkiCY0Sq0Q+Cx3NIWHq6hcNpqGtLldsu0qMiftaiVf1cH8t1/CQBH8aWm/5te0zEjiZ+UznuCM6LzhH/QVobLxyITg0EzG/1lp2bhcdGlIm/KiPOkU6WUKpRWFPl9p2ZKpGdfqJ+UXNCfuzxnFdJwC0XFmR6TNhsuIa+eQiSC2lU7B10aZ4uKZcciRsoPXyW0RMmcMhP6Wk/30lHUwlpETEcQzExAAMKBJM5koUVWaxi5ImnKcNqy5f1ayfHDZHSNNDUE/58v/cewmiB25ELXIiwqwVmFWgVtSHsjlhnRc8tf9DvPrpGo4L7MA8Sz9ypsCuhcVXSJK8cCaDxvpOMyE08dspBnoBIYzkMK7pNHGb3ys8c4kGrVoWpOYuvNVIe6Yl7gV/7GGPrkR1Ib2qBifvxuvCFnOb1Xg3SvTmyF1BbQBrNt+Eu4r1Qa6KJb6n8btS8tE1rXA9fbn59vMPNm/xWj92uQuxPrBeC/RwbGCqF5NgQU78PF99NLru7rmHyPsBvWKIma34tMu1vcdFR9i3SF2kvnl4bLrjGYN1IY21Zj9cWJDiaeK4Px5lF4+2g2YyedC+kC6saw30Vbh8xlfl6K9y+6Ix/ARM2ihUlHpUHx6n9Udl8iLVe5+2EeOkbHZJHLrTGAfmOsyta6ISWliPx1TOgLYxKhzmA4V/ZuwzMgbPbF4MGl3mx0eGhzg+fb67v+/d6eVJD2a4UbivjJPSPE5sqeR6ykq3Yia+yeGHourJmf3g0su3/YbDx6fHotd7Npt/90xGF3jzyv3LN1/e/fLzDz7ev+gNLa5XBeXNm65KVJ30h2ZaDw+/0fd/n9wECClg3r8eRb/7++m2r5VkXJHnyhAI0e5y7GttfQX0H/xx9xS67NtTHhKp7PXYUdO4JnqvHn7+vkdOPt/0vniPnXROeffYA0h+hJg9UrsXzZfqvU7+uLQbR3JlRs/aMIHNGx1nc53OJgIrU5NNQ5Vp/LW5wIiFKEMmONskBhJ3r2oSieySd9TJmBCaqEl3IpE6kDttSqVRrUA8Ipq/qvR73IGqbZ5kMVlIBEEo8R/ZlaX3qItf3+Jm4SlxhDA4eSBJiefPQen41MWcjWuzLnrzeQ4riaqoocbLppqqN3aC3m3Jnch9fKzww+OHLr2nqLM1t/cKRWcFTfXuf9DPAvRA0Msu0X/+/O7trW/x9sXuovr2Xb/xXP596fpFnvYl4Dg6Qfh8e/f+xZt+NeAn/ZbgRw8EFc5i/aJv6R5Mr7+87vbTw4cPPeFTh5YRnnbrsZzb+84Wvnx86NT3/tX9mzff6Cah7U1ECeCB8/Qs7+XLPU4jsF1uOKdMx3v5DhevuXU6j/K4DudVP3Hx0B3LYPeDis568kv/GiKhSeDMbLI9YpJEuwTYcm3RXFVHtGYQm3JinBrHhnGZQpjE0fMr6sjeduNY+BRHMRlx0uTA1KNmrueKYWoPm9I6AK1wFsecHfqdhKuMu19i3pXOaAxZg0zUBDOo4ok4jururcbWX96KSnbKs+XNZc3aVpgmQ9shRjiGCqbtci4J/SXO+NOGVRPfY4TO1FsPepjpRR1fSRemNNcjMGX92wRNJMVLfqpmazLMy0lIppbGXt0X7Y2VwxEBaVUbiKuSU3HoOMGS0bNWbXZoZ3V1k4U6FkStr7J2Y0SKoyV6ZVqrNYlBdMwlWCfsOGL7E4tRF68LxjJlhzqhsO/MiNAEMT1ocxeBkwbBJYuxkLbElsRCKcEO9umKOs/pIznaqUfkCOIMrzU3sYgCCbiDCSWdLiEin+qKhkSdACgYxyF1vGU1dI/pOlIT8fo1glV+L3igKp2uqYpfdJ7x8rbun0prloI/SUfcsJEaX9zRZDqihEeXB4JyGOAmLJZoWyA5x0u6ytcwYhgBJAf+EvZZ06TFTcM2IBNWkac+LM9JfESsfhTTNoPiJoKftnMELMC5A4D9T0UCB3WocI951k7WVEaxLb6zaGUKF+JjenVXe1hzuWAWtK8+wfr3HWARtrazg+7jpvbstoYOSdvTSlBPSjm/MVpQxm9LxGqx8EDU6K0ctwclUPKYFcVp9TFklgye5WmeDRNwSVkNTINErt0LYTu5V7+ZMToPAvjiYAjByQjHgwYdApDIOpv4K6084c/5RlGgWntoZ4NYratxuedge1ACKWXkN6fvYg5ZbqCXsQ2TzQvrJHrcug618TNNe66jFmqKX0vtolzN+bqdXctPZhawq76F3oSvD/zSvYZEuy9fQqffY4vqGg87I9GjeyZcUdMGMzjQds/dyJnPu3hZJ1QoCWjvZLgi3m50e5X0ONgTTUi5BgLUM3PWzWbTl5MnlZ3i+c5+qmiQUJVRyPHz6zx9hfASjYP3vh5e4yxQuUG38X36ISYURzhO8uaMQhlR/7vnXQWd8mCLTQzfLyRUuDJERPpb6Vkdyy9CNrREIkHT1otZ83ohL3wFuDnKyzefn74rPs3NhDhnuqq0xiWb6o9zS4d6vhhXwUu+WMm73rpSQItuoRWRztAeH5vHN+EuuJ+6ZNt17Ah7xuOp+zle15OkyL48PPVL9s3ZfBP0CtTmkWWg1z96frzTwxcvksPuZKY++3b1W1Z4MMSPehXTnOY7JPKoXwgrj7rE+/htj5HUC3Z/6eb1a4mSt5uKvmhW6qudt2/fZrLcD3YQtWyeOp5N5wyfW/N1bssJGwQWo+P2UeNIRL45J3hhWAm7SV9CtE7n0SXBqzhyhOXcPFgO026xCdEVwvRmJJerC2YhOADnOdTJlA/NZZrtYMxPFM2cIh5KaNcmmrIkOAHaFznrCWhsMrt2xALpT9tyKpJcHcXu0VW8ZmTebb5vsuuunHPyynpK51Nzd5L75a9y69XN65rpYz/+F96u5H++r9E3eX+6e1Oke4mAyVFT8X4UpJtDMiKEPZJPeD8P96LfCukKvSlXcd9NpPoq9xQ8GN1xv0W4BxkLvacHc09mNKkqJV14C9d+hDiEvumbJz56Eiicnf7pMvzGsJZhiChL8o5OL7qISsd5dI7c4yasly6RCauR4bPvNqxHyo5y3y+OlXxlZYgJmo/n0VYlixnbvJuIlgU19YWI9NN5jGDer2jxsi5y+j1U8ZEijFJjXMW20hyFgeoINM/IRr1YPwe8yp1Zm/Wkt6MaDDQdLu4Jyo4lRppkow64dnp1yd1wkzt9bHDyzEpqDrDF0cfUR4iHQ2PS2iCu1PNRx+iO45ioduJsdHBDENXgTLvmSgXJCdhfrs/iLmHVlAwFEDX4qeeDZUdFFOV73hk2llpcZiCguvIItvxmUMIAc5Y3ErZXKd80Y59pI6mEMYnh9VDU2SRxPi1fq2y3viE0uzB2tIZqV8y4bEmSVAkXPYPrn0s2LjTnSNzOsIaaaWvBxxa2Bp1L4M67oyK348UsGayPnlmJ1JctR/hhlmxnrsMW7woiQm1RzEOrS2ouB6PqIZ6bLj4M1V5819HRwvkURhmi0S+tpiEZYNm3+rq3wqwCKm2SoQWVw5GL3wzBFQn1MUxG62seO6Ga7aGOih9KWN1ITiEKUyXHwanQ+E8A6ZfUrZFHRxe+GGXIdBNR8ZFkZ0QgC8VhhpkPRnVRlpzLg2qomarqWbVsjWyHCp4ZI5qQOeNZzmRH00XiaxlLcPkq3IUw0HPNlDmYUiuOJS7UR4t9u4y1dxU/b5Wo+AoBzcgONLVGjrlr3HPgJSu27YWKXsT92XZMSrVblNGiZA4lpb9TfhRiqYHNOwtNzRfbmBLkf9xaq1h3QEubhY4GKtDFk4g5YWt7/CbOkYBA8Nnr6NjRWv/ImtNR11M3lpiWEG0VJdk7MBiuKbIZSWrbuvAZoP4j3QitTzE0T/uR0HoyWNQt3ppmql0Er6KUnbzKiH25SX8TOxMgd7obN3vA9fPTo3GwDqchsxlbXWedjNda13N68MKO8dClwh4e2jjYaFD/4nFdDtxgs+7TMKJED3JiybQ+n3sWmHuCwijfCm34/fzl3st+ugSzlscJ6BuDqXd20FvB+aseMIVNMcJp7P/qxax2EOIgzqfUUYSLFyJWsy5Pc1pwqkQ8aAo79L+9IFaVsWpRn+wq4plQ2RqiwCdewbVUjj0O/gWipcJR6Zh3WFEU/FMPooceBGuA0iW47VeXk3r2vd0cquRoJOcccVDUIo4x6nT1rIKxI3kZXHXk1AFLsT4uOsqS0y8qmA3rZnq5StF47Lux9AXFfNTbzeX70OXGZmHGjUDq/iSJfJOQ0XsREGwRNA1qwueE0zysrHFTSFI0FRuOJDXhb3hscliEwzyZOtHM5L2WIHuLUGiHd5jjLlylcDNEDxUt7l0JbmbhBLUk+NK7ffp6aO9q/PjwsV+UAs9PwSZSEt68vnn97vXjky8vNrNsFtqF405I9uWAEl6XX2kam1RyRB5cW5/Zx+Xq10QXr+r5koP5ihMkL6eOp+N0McZ0x7nNkUi2SGLIkHXHG1rLsppWnh1F25oDxSNsLWuSl5tttbY0kt7acyybamd07Ww9bg1fyxgGGWBJr4hUqGRWcv5wn/UsCOpGPg+0zMD0uUFYFJoQ087qtHRAnKNkwuamTU/c9E7+fWH39W2e7wX85cP9256yD2wvB+oHHp66AVhh+RBjP9/7wx+/fXt78/79h7ev70L20Fd3P368b+bjto4fAnOXsLx66LvCbmYmvylRNyedSegi+gXyz93Q8lPDuirfF69X66wilzkVyIFB+rRz3ZevPvT14a5u1CZK2S6L9EBb3yCve3p9v06PAzpsBn85rIRMQCaXtWInetl8AuByiSzPhTavSq6id3vrFLW3F+n1yrEy4JBzmCzha42/dcIkn/BOemUF1pJPnb2iEK9oSsJw8Nu400gc2sQPF9H16rDoK7h9r/U5Cq3FMY8krvqy84Ah5TTGow2c6pfv1RzICOQiLAXF6VMDr5K8WXPsgdCyncYsgjLyIloUE0baOMefqHyc+DFXlDaOqK/ykgrvjTotTgjJ5BsYZe8htunw8sxJdv6da44LO6BfG58PB6GrYcznT9DnzHiAw5tUeQ5avGsP1HcwZx+3ICsbp/urL9m04DEeWqnR6qAk9UirhFL+XW5kRDu1DuqRRDjnh7MUEEKugZVIOBRxnzS0V3lLLRXZSDsEr2lR9eJSUKphaMrbLj3YyzNVoVIb41YEDklVgtEgVR14Ohe2ACQazowEZfCIqxjE44s2SS+Tr7Q+EMY+0KyPB8O0R4wDGy1HBeaEki1q1rgORfujl8OkO+Yx/xqbEUupyjj489JUmUVlzPijWBwmi0Kyt4kI7/If3diqE2NJNqpVwM+q1nYdyE54joboBxggnTgp5Pk7AaxZRa6gBYitHWz/7FR6REaQjO9pvJsvdQxFOa22faaRKaspbGdwkRJDcEE8jEkJnka8gAIj1yTK2Du2tH/xXocTHyFv5x6GXzUKYSOIqDhP1clrB2RnPIPUj5jOZ8hH33LhyojExTAfsy+CS0U827PKvgk/8kje4STDgxM6uFh9dE/9Ru/sIPmAhkvHsaNBS/iEWLGrGp1eTE5MUlBZeVhIINwfDXhXoaTe9Dnmkxl6kgb+ymBdDpwFjvF1lsdWjOTJpiQVVK/hjrApW2XGv708u8ugFTWaRV+10YWqPRJUCf76iiVTmDvuElzfsdsTzFKkb+JmWf3z7qhETGliEA/i0ilc8XJnkw6X10rP4PnWW1S7pcs5ivLtHhzxswGf+gWxxuVG7kZ6WA5E0Wg002NGvNFzV+PWDTFtKChDECODCGjpBi/1W6A5Hl9VNJbYN5MJcJ7DJQatfMDtYB3DqCvseJxHQQcjncHrJCm/aNpsBK+y2Ht6YnVTn7iqr92lSXULJqVTdlU6SAmntm12nAY2XQCUrwze8kvvWJBzeUoX0na8Bqf5k+lTb4p1lRSB2UnKCuZJGn1s7HnatDjonXp5b48nyty9mc7EPz083L997ZTy4akLtFU2pej3XE0KS0nXwHzRzG9+CVyXhN0dKgOb0QU3EK7zG9j2CFKOqCnNSk0k2NUYpcXdd3WT650yRDafy9qIyijmcWxTfuCS3P0rc8VXX+57w+Tdi9ev7r/78KkbE+bFNYQqsuXp6fYHe/gnvfn8nE7l2gBpRYmkIDiaUTnfbqLXz2s2m4GtLH7q4dG2CVuIjIYFbamoiOMypav4ZvnJb2W2f9vjE1555Atw8W+qF98upacuiiTiDoZL05vSTRxqkFxxz0/up0V4/hPTnLZ/LS0BgZNQS5nG6uTL+dkEcPuDl/p2kHd4Zg0Sb/3DyDUPXjqqcUmJV/v2RViaBHj+x6+Z3/d8zbueQmdoRjZV3HX+z/0oWA/qvPAoYtf1X378rjf29JXx+8eHx54t7Nq5LxP3baU80HX9Zo7pTV94dzE+7cns7LJ06BUB3vmqTwjW54fHJ1/56GSgFi9Z4+GSUrnnzeoDo/PO0ASWdetD9WY7dZ2E5mZNO5OX7Ga0praz8wBIzZy2VmK/1pHvnU32IqOdFaS68wRkyciJrRIQu3+XPUqsThWk1zkRm6Pj51sL31vAGtfpelbGC5UtPJNHSrxULPfO3kiicsUkt4drgIvCmprMnvwJC2Kx5ZEw4T/c7Ul4pdZno0doWTdIpJ6jFjLpLCX2IOqgpAtcXYK+JeJLUCTpGGi7+yf1aJOHA+MuU3lVxA0DvaBJGseFdFjb8GXHDld6iSWJJVUva6uFZERtAnwkHd5SdilCiJZPCAQTngozI/25cYd+4Yhmb69gU8d6qCnUl3IA0s3oQ5FwfuS5gzVq9HGZGSg8VrWdw9mljETSHQVhJfPj6OBE0DJzyVxJgvUIygeu0gQIQUtEHoQrJfrTpztzRpESQKtvs26hKIMhyCKo2wAv8BL7ZNCMJTTNU1olyDMqVUqfjQNulsHxdYFqyFjcspUiqBxXYA54dNivqAqiE/drXjjc0Z96hy1cmigLeuJIdGw+Nhfh+CpSzeV7ZNs1FiZ3fry4xxDpsW/y1KCZl4jhADWgVvVsm6pon9FPbHTLqqMSKcGHU+tS/vXTYeaTzZxrOTRf1xOwOwBDTr0FkD7z3uStyJWphLXP3L+PwMH4Dr/1cQlyR/jazkbHKzrbykmjj8aRon0mycSlFQGKj2ChNwINpJPTDPh16Q6Oyqmtu0jy0bEKPhHoOpJ2l7WKyF8uxJtUldSDP+k0XkrbYth6OrDI+KUPi9pFMq3W+ix4d/O8ZFVHhM/AnT1HWmWgCCQABtEAOCu2GRlpzIoTSnvXiVy7deMGNjhImSo7TFTStAUeA2+F9VwboV0n2zUh5TV8/s/bTQTzSGqaS7k8YFrWM7i9KKhL8PVi/QW56WYoKmyS5b6Sy1nxNA6TATIXzJYDKGdXG05e1321cBRTXBrzGHizu84x1t10Qfl50mrcZZpReI7TLSWs727yGqxeBNlsHaQUUA83vwaWXOgoSvaCvQId2zzEp02EOjp87fRv4S+wyWlJRAEy4LmTzNF4NitU1WGfYURWhbEi1M8LKELceugIbJdk4lrwnA73kh+q/sr78UXvfxsI5upr5ECXjOkj93jL3uwCh6v61yXNU91VcNbXoPrqqQfjd/n9iIzOYxx+bIG156ull6yNF7tCGCi53+AXzCjdFOqnVUsvsS26jfbB2BhkfnzThEciSCEXCD3S4xGchHwJwMfHpk1zBY9HlNlgR13UaMpDLpeVZJ0olJ8Vs0VECryzOgHx39I73fuW54tX96/dqqiJR9/vDnSW8cXPCfdQtpeGpub1a5Ab13B3lXS3d9LXdC6F4Wx4x8/dy/tNA+wCDuT1f+WzGlmzOIlSkIfIZhnDoErD2Qy5WXqWockMaZ/Fua52Gm8lG4f1KtFARAZBa6YTUcpz0nGUWnm7bq2L/4kN11oJv2R412Rb5/g5tMPAxl7tTg2ml4rhgPcSeAEuFNftm/SYjUObkASXM+v+0uJvqZZni3AxL9xNkZv09n3wvhbSr3dnQZnz8uF9l8TFvRPCKh8eP968uX/9pjd9lYDdk3nVeUKGu37dX1fgm1IHsseCPvjOgG8MZ6Bw7IVkxa93DD09nVsBHjXcj3ZF07mE36jmi9JHfhfY151YNMffgyvXYwE1AAAgAElEQVSbgmVmDwVxRs8xZtduYeXFk28zWTK4kct1UXZ1Qqjy4S4RU3i6sZziSkc16NK5zjK70WYKzycY+AraSQzPB4FcBEeF6GhUreFC4VhA47LB5TgiMjQzE952iDgRVCppi5dU73R8gR+jXK4NR9qHdly6UP9UDoJssIcdAcKUKEGjGpRKkxcn7pSWgvktpLmqou9lcZCqwzZgaxoEdDTTskOCraE5h2GV20DFLul0newJLST0+1ixhPxVJELNDAT82pE2w3lOgiGeiHVjIdA+nsW1u6vabd3I1LZUrnrbMTcgcob9/LxYp44/5r7d+6lf4h2UyWzjvUZRhBdV6SOCPkrFs1L0V2JVCOcK5+pTwNeVEhV1aQVJu/yQKHEzjOZPhUvJnrfTLfYEZ2/Tcq5O57DAlhLjS36PC+fCPUFfEYnnEY8+2WyuloPSnn6pDqwVg9jlUL9hWe0ol04Le3uzkOX9s93WDhGp4AqDGtv0CyxdJh1ahM3pS5O26FdArEt780kUUx9rtTUlR5RU3/r8b5/KFgrzACh9+KmKU+VY0Tlkf7CiSl3qw+VoxhAEs5aRyriCt1lNZWT3AQjLMoxhSivApqqaip4/qvf5fge9llzFwWfbROoIVnaqrC1fiUJ89ucSds+SOf2wHZYwPe9wyiVnyKgFFsEa36/Jh7zDevLLU5RHpxDbOeRGljqSLJcqh9DJYaRpiDD3IjxFR8LwRKkFLqNHipxBc6vmYe9iHX8aW5z1c3K1C5GDi3Lt60QdFgviVBPTivRxxtC/51Erk8nfEyStgwK+pojw6wIhnRacmFi4g1ZodaMVpYXdCdtSZrE3Ev80tDZRJYiZjuKTAPLOtbxnHWPSR39+4X0/ETUM9yBF4+luhve+jsJoRtK9XPtGFjNuAtfi2iEecvOAE0mtrjFbZ1Ilc1lCK9isyNp1vqlbRUUJWFC/9NBvFye64pfQXaq7Zlq19HOVYrSxZdDpZueCnS7SVnWI2iDggvaZvOEq0nYDlLuXJh2u75iTou2frzrkuEjWcuNhjKvN8FMIxZY4RLs/3U3y81CjBQmtKIR1ApbasbdoH5CtYp0F/hFQPehqBVManmVCEaaOl1mShIwbXNionRkU6LNC63sU4SuCZl6mUDG/6p2cIf78gNWc11XBuk2dfiaVo80SygZ7m3CXQUZh9gxWcgLu+aweyu9hiTpc53NygSl6y6Ls6efdxkl/T/0Hp+lXg15ndyzr/Ta9sWev6d+D++JXeXBjTTJnJ7o9+xI/seVBFysauaR+L3Ts2+hZGxy52bNDTPUrcg1xfRH59tWb3v1Y9m7Yvr/v9fCvbu/uH/umaW/O8cBbufup+wq7luzeAlV5xawzTxyfMraKuXpXzebl1IaPxeVTGZ+PWrJ+EeMp3nWaFGvzQ7TSEZ0i9sjOESgR+MUoC0aQ6HlkNYlzUNFhn4x1J9w6XvE63c58NrZwN+ld615rnFGAJmuwmgYDqdMK5Tkp5274px5Mva9BHuil5mGPRAeCuTA1o+hrvKWbifWXvqrb175F5OPH8szdvA/vHz2edd+V/n4F7FNn8O97u/6Hp6bIr9+98QO77zs7e/H6rXs39Uu+Quu9Pt0j6h6BV+7rBRLt6TLOV943kXqlwStfWJJgTRW7xVRI+nmKOpKUS5DbL151q6nGctyoRciyblP0fqD8prVyQole00muhDY/1s6qiSGdMDBeeojc537e4ATTxLqT52iT2PdXEtS3Yno3qd8f8JRZOMhHsDab8By7UC2X5KL4gtKGs1HYsasV0Bi70B1RDkgLUxmoGcaDwNwCoBcP79NBaoSmB3mo7WjOXHOChDei9k/n3nEHegXKLcmVMB2T3KfE2aamMZkC0lcdwM5TGstQ1pZCo+BYxKdLP8wKSZzixHqABF3NQAefuqKbhCx0809T1TQ4Hye4Y56jDqwL8akTrAkf5QTzMlc4GIK22mQCeXjBvQBWxgfx+vD0kedwODl6NaCvbMd2T3Phap4lKdCD2S5Uwaq5YdtJUkGsyIrVtOWySig97pnWwbSykJFoF+J09nWAzNjgO+dUhaKkZUL6YvB9u5dfevlDTet13W+3ru7uY5y/QVwqcSUOukmP8VlbAIVXS1ilCo0RJ2OzAfLYJqrtFtSNKa77qa1ec2LpRQ07+CywplFl/ueFlR1XxM2j039c0C7qeXVJPV5CEjExi+LIFBx6beJQpBdhy4SCzoHZcpFe8qQNM0hYY56gjOgyKdZrxaQdoCZZlMikBFmNs3i16+DwUTi7Tr49A4oJN8+iBEfJDjsQrLngyFGCBAdlYzun3wqflzjIncDLmaOe/iP6amLRTLxsPlqZ3WiivpZ0JC5luKsCfxfYSyPKqrJLnX/L7MHytWTkee5rpI8JI4539k/GSU1OOagvCSyRJ+f0fbkwo7eXItT8E9BlptZwhLeG5KT0gC0YxjUARTNddmckzeN95j+SwUAzYWnYRI+nl8EkoafcXgLaNpWBZ8hOpiM5umyJ7Kg9B9hoONqBqit0rjtEnguY9ELle5OW5mj1bY1MDXsurTXD810rYiSKGbj+YYuhKyf4utq6ChcA1i/WUGvyjJvIxhRsc0X1enc9j15Zn7Xu/SvEUIdu7SxFA3poC+i+aBWLjiBM9VbN58xXwrdhmGE3pVpqDb5Kd2ktak0zQRnR3zzIihR8RTAbk+AvBwtu/gCh/z6TpopV8RKSqP6Pk9XHp6qRZ1TrnzvGpO6sbERnc+IpaTa5L3TygqXtuOgJ+NZ5Y1xJMQWQasNaJeL11VEnDzcADnyYYGdlER/hhvdRbOAfvogK22IYVVOSdC+gC1nPRDcOmYJLAFNAyeP0RLiSujG7UuEZIPKnPDACrytIRhFzDTbHB67cKN02GrVTtKh3DuDSa5JQJqMgf+y3wHpCugcyLvP6Smg2dVU+C+cKTuhP5Iz6JQx9WpNLyB01dfcdlcq4Kf3OAfhqoKWCp4/CFF1vlOnnI5rTde23y/6REpfXAUwlvW50ZapMS+gkLsuoNXnMiHO/YZGD0UyTD8wp0hRFsgYgDvsWEdxsZiZ0j60oZGIp3U5S6Epim0xy5Zwjw4U3H0fVZXtfsZjfKxzDJTgVNXxnd4TszHqHi03S8tzSxdrITEX6duamiKxOkMpBsJkeU2zby5ROBZs+ByDHzBCCwSOuvUwIWGnjxKY3//iVvhpyDjYLzqJ+wrur8l111/X0lQBPpKatS/KtP3b22LX8uqZ6rM5D78vGl5++++7hXS/wn9eS2+M0nVP0uFrhTeRd93a6d9TZnduZzWfaprwXEngCrUd7EtzUu2ljDxLK3dBK1U5LHnvXcL5KfxlRcTt5rKhWyYwQZE8uazYkuzLw+ITN8mWNVMrY4/J5M84IJEnHyeYcacGP9b318mEq4AlRG/wElDFBW98cCZDk1Y203wE4Skltp39JtkKg0M7/VUZaeVppPIVRp7az2c49avh57bFzsAz3Wv+8OXyRr+HQejRNHYfSOkihaXdC2ylta460qywpQWunKnk1wAGrboKL3OmlU8wzCKY6Nrby05p3QiyKksNlpSrU4W/ru18PLkg99f1+P/p+WiEnzfS2Uw1+rRkme1bVBDi40aQMi94lE0oJULc6o9boZxmymWZ1UUybbiNLcqVcOBFTjzX53DDzFSRjmltxmJJCGPW1KtEciDgwA9z6cLWTlc8uzZvYESOw1YtW6n+IljhUJQfACkPAjBIlOWUeRoW9gLkf5njqHlinAu8/97KGDbkxLLZY4qAuZO53DeZwHwWz/TgIID3jgE/tPMfgY//BHNVx0gwBO45V4bRThVyznTt6RNJhVeuf1wyrPR4hawI6njuOYRf7ET1BzBCoqUhW7Mc5cuEg3HohrCSda2ZDhTP23FnxNMc+ItbBduKHJYIDdykGwdFwio8hBYFfMJ+xIqZjvbFnAxkxyMhLPTUUtVN7njfGc5mNezBGG98olI53dZXVRRL16wthLVPAN4Uau37t8goR5MnnJcbazfFkHeXx2iVgsiaS6ksTZn8rP5WXMUw6y6rp/FqUf9Xmp+PIQyf/L1oFevBLevIZsf4d53ExJw7b2tUlPiTtraTYDIuCKds6mSeUZJ9PSRlXR6egdrpOuyMqJ9G+4fwyYQCWLJXDg7eVBdQOW4tmVf3pT0la1KxHPdEko5ovntmFiRRay0y1yfPnEqX85Cx9S5sN44XVvelm1K6q1g0wSYrpIuqCfAdgw1QTuv7qZB8blDuj7TY6VIa9qLpy5krPQDskMhn64sqszmSGjawDBhDHG0kzFHh1RsOKNzXzMHwBJcyX9mYNpi7b1j/tvnxlZUP9gJG73YQHvr34GDIfTmuAeGL8RjEwDjVvrJha47EIwqKTI9JBBBvI2NKhUmx8cPZyF9qgKpyqEcY9ASM7kqILALYKJ5vD+cSx2kKUNKEQHUINtOJG/BpdxzvBi830Q8BNRJMHKtV9MFiSji61lCTBJoLO/W76MuLp1SvSsoRcJ9TErhl4s5LzdP3hxX9yx2kki5HmLhKPzs3muCIbBKG6c9uHKaLEvVnYTn5SyKIJ9qiG20zN2ipw88HXVTWhwMumlEkQPuKoklaE49+8a1h3Tlj6qNq6X/2VVRKuh0PWQfD1uRTd5D5xfqe2M2BPMTWPMGGlhwramg7KQ6+AnJWs5ViDmy0EyzQH+3A8d/NBFvY5Zi6S1VW7/iLi7F28Z6M7AQtRsW905VWZjJ+uI39bzm9y3yYszhWQRiMi+JortZefTTObXQfFnCmZXbRO0BpkmmvGJa72ABXIRESQ3KbrHVfiVClBFWVO1jshOvY5JanTuC9VZMoq9uUTwvalfL/UiyWMYRL0eHxdpMf6m0w316+yUDehzpy+ptwL/Zlcgjzty+Be+uMFQnfvv3t694PXZcbjQ79WPstNlqUGaHUIC4vDm7t2Z665je5g9jsl+NJ3i33HNwWeB7POB3xYvpyziOOW7B7cwuvcok6Hr+VG1tOXG7Imn6Y9PHnI7H4ZcpwpKDx4LoGrWHPgYx6Yc4tG+9yfgGxLghToRFBAFxPN+0jl1C2JeC7iNmUhmcB2UA3ZlANRaIhb2PI8JBFliec4u8T7vq+Fl3dCJEUTyDDWBIw8QkBb1FdY9QBybSRrpMN23La4kBWRfJspE6Ggomzu+9jahcaZuVrIzrFdrZZs6dpy8VcSjemQctROKistjR7qOO5cpg7M1R8kFtkREW7eWf+I73iqwhk01TuY2fkzhwvIOZw6kuKaq88MZzIya4yI4Y2vdf7AdC2p7riSZwe2u1ELDyeO+jlzCHD6N2wLhehf4s5mfIbnERGSB4eAuPi5m/sWoqHQSUetqm1AStXrqETLqkRMWqHoPpuLBSV85J2E14KJwnhMkJC+GzD0bQKoEw3crKRqsmg4e9KR61YARxXFLgGV9Uf8FFRxeAJYKIuVelV4edLqeJuyZ89UNE8ibEHnf4yniNzvU6oyomilb5SId3Aqq1nHoPowt+GBQ3U8feBi0EgPIUwdhO70O6OvLhdURFpLth/DDsT2dSEkLFkkAIRRbVuKSpmpmLyl8OzDdYSgbu/rgYoD9xR9X0FwSxDPl4Appvto347VKcrffH5IDsYEQ5/ASr+KVdSxFn35AhxCxjubziHEymOOwnhjtMryuUXxQjOKZxhKL2GzG6aOscTPX0ksGb/Sa3PSYkxW6gcI4rxJ2czip9Vzl36jDhj59ylFjowUI0M9wknbJimFFuRBaH0cMCkVPy/DSzDVLau66s/+5VOajkAsvJXO6tpfKL7m7fSpY0h15u/68abLVTXOzJI51lOx5PpH1fbz576c5juWfRuvN2N41KeR/rbLbU12en4ieZ0gdk3NyO2V/16hMjyNfL4X0s36+1fvuwa39zk27pal5hknnNyaqcZokXHY8Q7aSY6ZEbsbu4FlJgecjZ3MMTb0cu1DWxOqtARrzDaHrM1EcsLkilzPGdR58tPOmuewSjvkFRpm/mIc19Vrqh86piGCbbsdilTu5WEVTSpSXP8oYaNh0FmIvuwb6QQhGZWar/nGwMqvdBm69itdhzMDNhATGSkr6S4IfQpA8Z5gKSzwU3uhINnQsAneajaWrkHRVJVpQCzJyFV4m/wQz0elQc9E9yrGfNvM99PD7dubL2/a61ahWVc5o8HG4wSMTk5ma/jZPWTGrUaUZnh9p/Lx20epV8BKpPyXFldii3RkvZElOd6+IseCnUSuDp1MevXi/uPjl9cpTHrrfgzOe2zWZfTkd49QvHy4KyopK+ELyiY3J6XXxnokqGvEvdKquxC+YOn1I73/v1+L6GmjZN68/LbEMRR1pvHlZV85+NSvgZlY9F6rx85/Pr745vbNh48f9CXNADm77A6p3dkfttxnGrv4ZGcEMy+be1x8p0gZl7kcl7Zsm9fykXARU5uRodYGYK1sdz/OqRCdRuhIl8VNg+akZtieH8mBxHoopXZBE/L8cdOXrfO0C+S4s3IyApiEvq9dIO6aKxc2c/GQ6OMwBi+acmDPwcdXef9UtMiZUmZx3xlSN2vY0R25GmbL8syc+UsT99fd4ok8vib0d729J5cUj6a7N2/rQvL/69s7l/h7N9TLnuzpJ0RueyNTuh57JKtHEV7WxcBUUnz47qFbNR7K8izPmw8PH6J9df+Us9xPiorHP3VhuBsTt2/6qd0mk/3Y8+1j23V0uaPnjPbck0l/Jkuncz21OwOP5ydQ2J/FuxUgEzsV3YSn6OzHCHlIWzB371G3zgqK3UmNZcP8DHAM5ba2xlucpBHVpItL30F/LYcFM0J9GlElVz24RDExo52/kSxTqvad2fGcEMgiJ3jLnrJNZLG0tE5UxjQQbGwoOyucETcvCsaXz3ff/nHfSo72Q11tTZzhkjt58lqnJCdY18G2KqNog4rlw2a6cxRH7NQ7u9Ec0hS3a8npO79/8fLp/f3jL8rFc04SL6cKNf8USmEI/rE1mYE7rtuVqZu7+27L3Xz3i3ud/osH921cVuhZp5lRrl9w2tuSatACMHdyWBpgZMB2qmZyPXHb9o/dCmdIjMcHqymISAa8+ljIyVIK8cz+S4Y6BOvqjluVJAGa1qoPrd3LeSEen4oRoBm4nC2Xdoz6WeOYYyLgFB4Bh3uuONlxLOntubmLzwXZ03gaRL1hT0J+c/f5hzeP80zyMrNewtnPRoHkNRQ6syykYr0/Nl/62pCUTEZfRjL0srVIl/qw0Bvfqph5nI5diK56glB9f/hsnxLGTIycTelxTDwWMqym+IJH8MrPJt4Oy4yAKqZmLj88WB1nUKMuzLrLEX6196Sr1ji5MFVELpWEUcITk7ajChzgOSmH0EjXcnGNvCPOOCpJvJSsYOoS03LttqF+S5vLhnN8lasNXq87GNwlwdF7ZIyb1US1QPNrNZOp4vKjWtUGt4uwQyV/P1MFXMAJuL8HE1kFeGfbszp5o0WN+DBs93upz4I4Zw4KR8FpmkSLxolbzdlxoy7QHakkUjXFKwlvpS6HKxyToqhclPEc5VFikr/irahZFFeG5BkyF55erRLL6VUlabRSww7t8ct4ao9Tqd1YoOsur40MRSycYLMNGgE02q90nU8xWN89GDVOXW7yXTypxUbY8FffkX++/OLh25tv3e4LYgJ6sUZqHh7eh6FhMg33Hz7+STOiXufSL/Xc9rs7vdflY2cCrst6guPV3/3lw0OX73YT9kXj9PCneXsMOI5YJILhmq5pbnQWtju6ZhMLUcZWzaqNXWELVO65XLpkGEtF9cAf/YBoFNnlTMZUynyWD2k3DPX3rHFB5i6wTuFQfQ2gEJzadCZqU1XzF0JcmTyxEbl9L5BPv1+kQUetIJj8Vpdye2DCzahTjOFwjQ07CZEONu46B2cA4jpsTURNMFEhbQlX3XbTFGxTUvlRlxqKGjn5MwcdbOWanchLq+knLEK9j4KaQLOsV3/w7//nL970rPDmJEydObGK4hHdPi9vDr6S0TYL6QLum9+8/Z2/+LN+TMADwPqwZV9Ddao7Aufm3Y9/4iJ7U/BPn968fd2JaPPIZqZ9Q/jx4dXtb7748rjZQFHoN4GTIHc/9/XQ6J4e7r771TsjSZPNHs/w9c3QdyO7mZRL0d/8oFtWkqm5Wtl278nzmxff9LsBzdy+vHj36b/6D3/w8JvAvuq3q72hNDnF+sXnfgfq5x++/Zt/8//z+aUL1fUbNZIzCRYbkbfd5/gC2+Ki/1Ady+N36cmf+4w8FwpSdaBmeMCS0uEC5XeyyOz3lz/+yZ98BzGqnEygkGkaDUWbJO2q9kINDKlE5VgvUH3x/uGXvTj/lxVNXTH1KF3506nS58+/+nD37cOfxLYGsY6IpoBfYEry2lcELrUGdgMk/cMQlIcen2JAYKVXTg9je3Cm/enmFx/+MKz1GIHqOf4mbaaZafBCns+/+e67/+4/dtdDPoX24bGc8sLVQv/+oSn95/ePL37rZ29+/Ge+uflVYj+/ftfXM5563ssZQu/z7Gcsf3rzq587F/jwbU9xda6XIbq7Mq3aIP/iuxc3P/NIc1e6JcQazv03r32joCTstPb1/dsfvf3sWyefe3yol8kIX7Zq4P33G3F1hjd9Pby+th+kywcliF8k6PTo7tUv/vjTz//Od10HqfGZHWQYZ2X+AluyJyXFOy8VJE/Ge/4pL3eK8vH2dXv1s6KprIg5K5v3ErEEOi2lvMoHUkVx7lsMhnFpIQ0r9ckFy5ECIBXarIDLn3N2Sfr06dU/88Nv/+Xf+ncfflW6+FmG8LfX6YPzSPLYkULJTTBAbX3aqzgSKakvkY8O85p6EWYqWdyxysjiKf++efuyn/vrh2T+nX/vV7//h48NMHXdd/c3zoH2sN8IKYOdgNpzz7nl4331Ii90I+jTi3/y3S/+xb/wH33+9imA/YK40QsdV6WwIyhDaNjhuHwzt7JlKlgJ9rVpV8kWxXjP8YxXzlJW5Bf+Vc4PHVaAZ8JaBakqx0uKS4OSsocT2yOGnJZaH5+3T6HPtUYc7trzihAPDGB9sEzC6AbhmFDVV0ia5hEY/JMWRyvXyI9B6gE77cdo2gNaXZnp8bzfu33TT6lkwa42sTtZgtLuBiSdwewGJW/NgAA6PPaF8kK0ndkc1RUB9hxfYRfXSSP/ID5yqrk8duLIOYkVHkjSVbu/mOYZUnOaChyJ9mdL4YTY2D9LzKBxaeudKiIe16FYJe52WqF2RCzJa5wrZP7q1OTijFI9XJddWsbhx9vekYVkPnBepcLhtQlSSd3QabZzSgseJ3S4oD7jWEE1qb0IL1GOLaGctL4EnPvoUkrQdpYs7cHaf45VcWTEyiXoVorswOiQwhzTuHa5LcBLvPkd6eGaE4hYOx3bs58TXcW6YLQ0XS6LWM6AwquVf+8jbSxFKGsnZTMxYH29UvssJApyE8ToPuGVyuug6DWY0Tr3H64TnenMHNiScHBMEpEpO+UCsnqik/Lsiq9CL0uriwcropQukCcSCqtixmnrCrqTHLrEfGXjDIRhGtycMPgMU9aTOjlj168o6hNrzoGrTePU3/vFH/+dX/xxMwynS9p1zujnfx9t9dnNRbpIFLSG3U+deyjtYptHtfmoq1bx8v3j2t5GjeYdtcTcZBKUphT7gNp2SDfxqeRkToV67sgyl/fYzPY+brhf8cAdKRdMXvxM3EYBzqNw2EY+luhJ68+0CQ0ZvFgo6Zxi3XpqFdQgSvkuP1bgV8+gqbhSvJM0iAHLxiU4KeSKo23L2JgdB5Stth6lSoeJa0PEdI6IMaw5Y9jhnYiKsrgpyORfaiaaKP5qOX3NiU8FzXqUtgT1UshxlqLo1CLOg73BP9sNka6RN7+5v3nzH/7r/7YeLNN7DiIJaQLujCLAm7gcufl21hwo6X368PEn/8iP/+xf/Nnjh297paPHW5qF7xuQ51bDrPzyg5/+LDwiEhapk0PKsa4Rf/rVL9//1u/dd+G4xzaajDXpz7y69Shcn371+fGPn17c/IMv7n7QhVato6a07jFEs+u73/zxdz/8QQPb2vfOaZ0taeddR37x+vX7f/Wff/fl0T2PRrhNU9Pr5KwXAvUuoL/y157+7f/gb7x93Y+N6WDK1Lk5VnnAEQu3/ePGuZa/2qnaSTIohTNC+0VeHWeKA++ZlkQjZrLiyysXZHF8cN61TnUepiSpcGDV3zjO5qEh2h//VewUKITNKZeWmGkHR/Ra+5W0X373R8MGBSgdDEZQx55kRU5CWqDCmLPopG0HbVMDqSWELB2ob7+bPIpbzhXup5v7PPz52+8ef+/Pvfyf/OW3f/qrmnlvG+jJgy66m7s3G+8EsGd+/sl/7s/83j/zuz2k3nX93c88agDqqveb+3f/xv/+559+9UPfKO7FX09PCepB/mbqPVv08OH93Z//5qf/ld/4/G1Xt1PYj1q7kxmWnnrpvaoP3358+9Mf/Oin725+6Cm4fCUG5j+uX8/kFx/f//zj+6zUy51bnUaLrtb3VeSXt3/nr//hX/0//I3Xd2+6vSRz8wCncNI1p5rT58oFPMcFY42uk7FPty9++qOfvnzTTx90Mns4nbclwn2MTMynQnnCJrJa6KViQUzpeqStr9jN9UiP64vHOvvSjxNOXAn5/OI37x7/8u8+/eJPPnQHISImLyOpiT0zJBtRyaoBNEpkZsUBWpatYgTyIEKg2iwXdM7Daj3nrAtmzW13ZW7evv78d37w3d98+njfV404zU26SDrbzB2drwtKLT3VYtLdaJmho2iS+qq7i59/6+3jP/fnH3/5Jw/8uhd8daMSjCvphuUgOuYcOEOIqh2ni0x6PnSOWEXHlwfQdJzuUxxh4kX6YlF3SFQgWvzRa6GjiuZw20nbxVzZ2srkl3IV7+R4ArUw3JN6VgkeDFryikYFxbAJQ2cAACAASURBVHNORD2FrDxqpnXaxP5Ko6kHrYrJhRMEJIEuyJ33d8reQPO2B/nm/dlUKPI/tnLJ/GXasRxZ+qbzjaBJTyBbZZGECHDitZO0nRXNKxsOpCqQDm978e//qE1EBP3NQsQAR5ForWpyk1CzWT5e6TuGEZdjue1goQnyrEh6kyCMeohLAwaQjw0XLuQrEYqUt38Zs4oMjjwpszxcwCGE7avPadqnQgsQZ5s0QierkkpXcZFcWNTP2LlPGiT6CK/mEnY2k/ZcRYWF0ZdEXwM9lJeqsM6ldQdMeyZNKin59ZwvhOT47uAT3UR+/TBYNh/LOtCR4cktXEa2ww0UiCGSPNNyBCnaMk3RRLS1HjDa4dxq4tTrhIRco47WNCVPmeqZNJT/e9REbmE5ljZMLpuntGI9/zBeEvh4aEWSrw+KY/F1kMp11AcjkGeRPhPjDu0MPskQG1NI3E6dHnPElKOPq7A4wIjtsBwE0j3Ry3EpR1aL5tmw3d3ww2HUnkyBPLtdG2sqR1gjVCdIpT2bk1azz1nxd7UskftGfg7Lp8PkWjif+j1fz2asQZudOxkg3B8JMYgEcYZ5V7fKmQiYwxRRR4MWaAfuXJN4vNK6JQK3tqMmUshaqsKEK/g5V5WCLae5rihQmELFPRZ62rUWFCXbQnUW4mJLwQBXD+/V/03c96Z6ZDxBx/QTuzqObJ3YdLXjX4cJQetETeDRf45SN1itSlFXDA9CfstNHR15NoO7CCv9ulQsEYxJ7UzVVZc6Rg8MJ55MORSoF6qDZmGrKCmmIEbial99eu23Wvd4TO9KSfgAXVCiTn4+4LVW3H3dZGgG0wXa2/t37755+tzVWRfgl3iZK55eBbMc6TXtbgSEhmu6fJfevNl7IT91P+ruxasPDw+1dqPyHibvdLbHR7oB1TGmPe3w+fN7+dCSBe7fL8NqTsLR62Sa2e0CcEh5M7CdPxgOnz7f/vwXDXM6CvP+J79eXNKbJb64eUju48fbN3em0YtH4HUXHnUzbegkhMObDrQRBb6IJrXZGWa9gv9UNSZwXhwjqjQqeBafCtf611OJugbIisLBrBVVQpfOxP/CetjTqRUfSolTfQ/kN6GKIUnjsdO9hWC0U9wo6HmYZsJM0FJZZ7JFW4+VePZvabBZyZxb1bVloODP8MrWwQ8z2SetG2zTtId9hbQLB3zcuZRHbj6/68r5zadffdeDV2+cFt51Ad4dh76o0dP57z92XvbSrwF0sf6h5xB6Guiji+O7oHF7f9fPhj1+/O7u5bv7vl7cdXm/9sXb0HdXsPcF3fsRwRzx4q7r/yHsMn23moTSizi7s7EeqqdwUrq4zbgm6DsRbB7AVK1/ge1gA8pC4iy5frSTxW/u3uyubE9TchoqTplbloZiNQcXIc10fWzuuH35RhsU65K51K+z6wpDHvDOIk6sNoFDkYQNDwCdf3xVddTeEunsWgvAuKFBU9bkf1ngYKEqvnLxxWN35zwTZdjrZFEHEMnG0TW6Ikk8FNX68YakF9WwLc2AxNDJE7DVmMJ2yA9L0kgno6pTULfSW5juO2qAyNeJdvuhcyi3DXu1076qQUdq992ShqROCQJyfnw+70qn2tSLF/0yW88y+emSopMT9URTE5ZhBy4NuT79IfNxTLr1ysXl6vRPGXNJqmfgTYWHg6RkaNsrrDSa+UeqcWmcyHMQOIvPtAqMYiR2BnMUHelDeMhVmJaOVKd8lKeQFPJCNUGzYFWXRsFWw6ajsgPC+zt3sydTY1CWuDSpszN71/d1PfBz51eGlJ7ScwfVEJDZO1dKw0UPHdSYz2dOGfShvzRDl/SpLOKV5iluiJIwScPNEzy4XB4dxUha2FW90w5bK9v81M4gHFwzvSpeGhHmltkaaTXp3c4KK99IlLWZp12PfC4a/zk+DGd/BAB2OFlDyJYDLJHP2mYALy3P5uFhAS9umWRLik1bZ+vjnhbhuZb8b3k+jvwwTMWQzoeVylu1PNNnRyNfYSu1U9sYvX6/gkvukByjMucSU5e4rm+cuVUk08KIFRnJJiEj1jewJiGUP9s33QIWo9n4kc3ioPV/BER19kc+fqsqLQt9W4dHOGrHlSRZDEttvq7vagSvl8iw9UgpGszuVII6xZgHaRKzV/mmtiZiSaWI0JEnE/gMwjcBbbew9UC5zL2KwUmbrqi9sU3j8Vxa26lcReWMsHNId4TixD2H9Ve9Isq3tyQPFXas1XrHRrww79HKrO/q1TFhGxdRT59lLHKJsXHJ6Fj3mRi07eYMaZvGBFwuSNDUglBvCVBa4Lu8QUL5m0VBHSlMybJZHKt1wIvt8OfQKjhsM7uDwz0h6tqpJj3P+c/oVCdGwAawiV9cNKCfO8HgjcV8KKc+uv6c9mRdoYFXrhzQdshIaOscwy1J2dAtmQaVtNRXSIrZnvAoJNwWFxTbbb0yEpcPEw5wJfBweJq4NMNW1sFqiLSIUzaOh30pj/zUtp3EDOKYiI5amxRfnaz9MAkZTfmgrr5xuEnOiKyofnV/772cNQPHFUyR+AeOykmnIcaODUglxFQ5ZwtkN/Xn0sR4pQ+yZhhz8tg79si+C/knjt1P8gS5r5sHqZG/k4HEGF2x7tXvHe4RvurTxUpOAKJsPV7CanedzLwhQOr6nyyTvaj6EgAZSWeDl4funaNlWLj7QbC++5ZfdCY9oVJWlXGd7m4GP0HJK4My2rwKRi5MC/9vPydsl+aTtkHL4bIeKUiVx3la3iAScar4PKsUoMYCjd6Le+mTJqMnJOLRrbZ5RCRBydjmKkmJ8JLGmR0018r6nn5JWEQFnXe0q/TzWTMzOmfgYqQuJJyRHeURC9dwIKuOG2MEMJHSDPxKUfeYjZuC3rtZpHNal8B5YN84L9Zds3dlPSR+UVrrrKfq6aBmxPE3Q23W7vxw3vF4mglfwjz45rJ/1kbQI/p3r3wngF8yp+uRqQK1889M89SrKb5+MrBw+3f/KGM52eX/gPGZ8wS9BM+Xzp03VMjrjC+lMSQk5qasE5M5/EDO6U50WLFXmrkp55z2sHrUJlkok9cZcpLjv3tdm0iGjim8KMWEUlhXONXJQTA75+hzcBFXnJRCZUlHrLEzXNMKTfFJfTnx6nOPdT587HkPw3J6eKQ/amPitQrVdeyD4AA75fbHJn08JQ7NoKqoyDBFCvXLpLzRz0be9otsjM+zDOqKSh7uDvTcGlZnIRwU+iKNuV+Tc1u7d4Llu4TvpKCn7B4fe5rN3LVimREaiPJ60NuBuR1hCES7cgZJRiWYOQCWZrxld5828zFPZMkxO0+WjwSPKgF56LlPXXGBmQfWfWYxOp6g43hqrO0Ct/IqRCR2WFLUo2I2U4K6Baqzmb9bETdya6KEh8wQaIa16Mrlq+1ujWBwpJuzwwGUTm3+X7LX1rrJ309t5HVOrtVxWHgiK2PKm4odwaStJpaTWpG5wgS3E4ghoOK0iCResjAfC7g28VnkAkvbyH9tUTWxE6nisCpbBV19CJnA4HpogWGHgMrYbJYAErDq6km4EKHok4x6iEnD8LzgVXrxXNEZMnxcQJu+TofzazbEVXmqmEbkCe0YYpIt1UJhtIOig63PaljU4vxqYkeHNKLt6GmwHblMv5bv955LvqfsttqpXm89687xELV7gBxYKZ/1sicop+rQtL9DpskVTj1lokok4/uAcLnwMDje3mqsSBrdc8VRUeEpXe0QPRNOgzzX4svG4G2wq8Gvqa4VJzgDpCQVV+TbAdhaeYRVdLAjVlLRBygu3SHrZuKEHH/zDbJDs93t57FBrfyIsPMsLZFxB3yYFOshXY3xaBY++vhutndYWQdm5LMF+ZZ4Ax21IbCD5mq++YeS010cq1s0wYpvN0M0hNR22KhkHVfqNO+60FqP+cBRG6vhMeV8gFAXa3e2bVaGND9ublHd6C4BCZ19RmtzLkZFzdPcDR4ACWQvM875CMJID6XtNYwdVGNxDQtJ9rZjmOBKgg7Og7VXFU4j/P4CR2PMM2OWbXBI0nQwdUkenUGlUvPUYY1/slEM28BP2jrxKq++aHQQ5Jhsol2oJ6VSSFY4reGJQKnryj01zJCLlIxqdVlpZBpnVcZXMSw/EHdgBUJrWdMfsVjSpRQzosWwQ//hUMCJHXOflzP2avUmSb6i1/VybE4Hkkdg6pdaZLfTumRqTN7sdrP8nuGo9DZBfW3TyUCMXQM+s8rFqglRM6y4BOCKWcpB5FOXJGfNQtLj/b2yZPOH0IUfvLrp9Aa6HncD7Q6BydY+Rytj83sopeHluAj0Cq5tbNK2xMl274h8aiay2MgDlpUoLV0mTkrNalJ6Zrq5jq+BdlrULLXHvLUnru9uSs8vpEkex3i0wtr+ziJ4UTFoll4XX4nwlSqI1GgvopIzGDO6hjVxhUpWNZmLaCCzOa7ohN3CA1zu9I6bOzDj5zDYXvY1CFkLfKVeCOlwX9RO6wCZpUeUgM0Ug0iZ7oDW9B3/J3KInYHvLCIlyHBnArpKctMupt80w9sUAkSzP09tn06wN4706Mf7vjXes17ZXcrGclzTM0I95O1FndnmRbEJ/HQbq18dvEU3cWWpa9Q7SWnVDL5IcgkXQjLvplOfFrjqY+1GCZxpQhoartSl8KDbFu1nS6XVJa4HjepQ/aDEZVffmOqGla7bw2lRS9IJPWLzrI6dfEnUwQCZcBYKuDIsyfW67a9FVGwog1di+LeCoV2lVRmxHKzeHN1+5Ro7YtQk9Clm8qmYIIAnu32562Pfzs4014HkO0SsHCMZWLbIOAKXu8M0rBHmJohGNyibhI8Xpq4fk7bW1EEhBLzpdlvkXOq3Hcw7XUhINleUVWKNxsN0EW+Gr+GWaSW2r+XV8D5+qC3OWfqZ6AUrPAvU4Z+QY0jW56MYZso8dpIWlNXk8zwxp1LKjKr65GAFZW+Hiw+rVR7WbbWFCbzkL4wTE9caChMLxerBCPpVsUImZGGkl2DKKdz2KsuFc2fO4qICsA2ZoB3c9kO/OFRIo6xHDGSV/FCs0jc03ZnBznpLwEQjAUUeU24/O+REOI8eHNMFyairOoGPlQra20LGdOeI+Fvqvjll5pyyZzMveNtw0NcF1OPxwFDEjoLGNaSfaqrsjXpl6avEsU+Ke5CBhJEZ5jU21oxgfBBdx5SwvwXZcr39WT+B4cCYuFnqkOlTecll55VawZs/5vo5N9rhG8vUCFz8/h1vaT8pAQ/AiVrFi/AQXXiZWi3l9A/DJQBWdcT6DsBIOwZnsp9b+SXq64awEZGA7flwgg8usCb7II5jhM9gxkiO4qMNGABJOxCOmhFVvKqD7nvGCZi/hzi/mZscAXX/Mrw5hzaUpWXq9Hq2Mr9VMkIMmbopTi8KWad05UxJyz1xnSgPXZwpGyw2gntyFziVR8uqLrrsOsY81yX0eDqCGRvnghukSWYY/1VqpB8GqrTAynQULtMgGl8gqK/kiEuInGY3Y3u3jy/MxegNG7tDmkMTG0d0iYnhyup2kzkxoDQawGh2xaEsMZA++w5rbliP2PMi5MBp1Sbt7hjWsKeud7RxOX9RR3yEAzBqhvKDPuU4gqojq/LnJW5zFCJjHhg0ESTKbwC3gaqS089WoFk/exF6yxVO6I/0mZ700V7pPyDyCP+uSV9tnoeCt9HpPLikm4x8imYCQCvixuhzVIh9gWDaRWdmiPRcJn6Z0RVCJDRkSgdcRpiZ7qvzOpFYWZmyajvoTz4wJDrHpE8TkkOEKtEKxGCS7cMhO7jO1LLjlOffc4m0KUxXfzwwxrNzDNn8RGXTInlRQnaQURPBAs+FdXXXXbSGZ+R977aColdZeuJtZsYvHnjoK6J+MPjpUxORGF0RDgXXN054NCkRPRvQswKd1ebsfgFqNnd+cnzr97skj0lUJdxalnQ/wVRjzplLArg5JQ/NgVle6IqlqXHnwbehfXx66vGSXNC+M2Gu/HLf78WmrSlUQF1KK+E7vIOPleaLdSRFawjscQEr0w+suVHnPglLYrLE6URJtQ5FWfVn8I2uh1aauu/JpaQvdnNKVRZR2yX0thUREY7ZSaIGQElqMlGg26nJQLUGOLeMp4wAFnPKe+emnO8LtQnhyTj7B0GHtHlzPjsJPCRFAT6CmxnJkk/N93I2gJX6yzPdVKk0OR+fHvv2Z7CLdp20htSzL9PRpUYz+oo8BN8z3iLkAiQvO42h99jBBZzmNKybCh4UyYx9yWRmBjwLmt0uGbOMURnQl0kWlZ5C8QPAM54oV10CF1RXpfPBNGZ/SZSsSrLq08dyY2cpfhWuk4BPT5X1EoLeRKXLm7EeWsls/ieuLY+KT+Ynp34HeDZlqG+1OFN1t3YelO01gng0Kk2ajMSTZznRYHz7HEq23EK8NDo9aRLiOdTxam3d77m53bsLqkJVNgfgqZaVc3rSo346a/X8NiGYvq4QbUnIpR3zkJzyhHUEwVDBC0qAWF3TGM55Z420N86VJ13kyAnOmYp/lwak84Zh3iZy+Gd1sayb6bq/zCG3lrZXOfXjX7XD173Nqh8v3Gt8j6eOLrDmJkByI6HrzNaBJVk41n6ig3XKtgv7VaJ1C0Um2wNtXZ5qQq1hOgYrRIx0WgnCI0IKt8S0iMGj+NRJALIuoNWc/usIgC86klPQVuacBKboiLK1e6TT23LpR7V+Wpa0Py+oTqk2J+eO5BjMdQvENG4dFLdFGd9QBgx4IU8HyEdmjtcXsG/mOhuf+tnOVXw3TzpAxFozDDJrwTkB1br9IYe1hSFElpjHdGqvhVUWpKdIw0ULDiirOwQMi2ratYODooIB4ocj4qpIQJiSkZTJO6lPZiKOYFMSexEtdsgpaZ0h05Eph/1Q8MkCCAkp0hD7RMLXIos7Xj26FS35Vo4EXOwK7NhvOUodVfiVeMcTo7DKXpYWcSSHPsLvaUnhxRMZIo9p+C6pdp5VXsArEkFBJ6CP5cSvsqXF8fThzOwzVkU8c6doYhEcAd8nEKe2VNz/cc/XAo+yZEoeAbvdcVu3u5YFST1Mwaq0a+RubZmT1NOZXYWuQmgjXLqDQJO1CGue/g5SCRPFVrG1VMDw/k4nECPtHV8OP/IUzEt4GDIGRENO6D6z/yqakDIGfVC0kYo6uCQD0iCpCRvuN7ExsMTR4OA+e/R1sp69zjrXUOOoZmtX5PIMd5DsD5oTsU2U2eHxf8YBrBsYmNpeLNmbY2dLfPWruwrm2JlM0kTeX0+dVcqGtQxRIs2CXSlqlBOvbmKUhA9eZH2ueBxI8XHROVgbCU9HEx4yWwmRZPyD4kDJOBPeQJVnooR1wnBkQLOHtqWEY8jSVhDqpTrmMKi2SQrGGRtLYog/TNGY7ZRsY55yjhjBheQcEJ+azQajEJbOARINgnJwGBnKuSVqD2oOMzNpPYoRtlsZaQrXWU55+BHOSbUKcrOEIZWZzHVoJr80OD51RbU9xpPU5mQQMXzKcmGC0Llqb3Rp26yv70x2Rl6L69KuCUaEVevKNdmm2128K2dcG0rvebxXFm+GXT/VrYOu9vXlk6TxtnfFhG8ScmoimjWRetSzWIIiHZaNaGux+bBkDDBzoQyIXHGCoqFoC11VrIk0twijDqJ7AlnNfd43WXHzSHEJWNe1nRmwxWRms6Y0JD5yM+VpmX/C1jxy6ueusHFkYE7WcOAFJFt8D6/rzKf9Y1IXgpN4wrT9E68M6TD2RU1WJZW8NDaZTSk4OyIpn2AO7DoqB0nAFE/jnXOnZtB+BQJAXq0cPRBN2HcqUBG39oC9Oa/oB2Iuwz2WynKMPqB57ZqLkz+neIX9s98GdkrVSWA6+/HfXsLTu0vfNBfU33b647Rq37tOUJ1z0+2EmYwHJNF1JiHxBtHC0qF8ENJyrJszfmOh3BDV7j3q53u2oZ7QV5AjbndV6S+A6QMq5J18OaGIvLfUzjpmF2WnxRpEjhPfstlJRs7h59Z4NYcGk2P+uS2Rw3JHduQ7agI0f/a4hbPM/DzfGIrL4OPuNfSEbKEsqY5WAr2zM6XH4lUQ6h+tdWpGvuKcL4FTx01VT2LrtrwUyIhPC8qMzB+7VhXDkRqTro9Qqb9llrSXGOVzg50kpy8hTJrcIYooB2l0PfN03xumJXhJtNi06ke4nwwNmuEyF9rUn64wwfN8PDK3oOyXm+dzfevoGLIJCNQHFQjb5Tj4wUxS+x0dN6UHMlUYRXBWzENaRhgr4Q3GtTisTMI4Hn3bDF4Ta5eAqg4sfP7QIb6qxjudCgiC5+hAyvkDiWds1TpJhHa+O1yV8oBVdEZqwg4wI3j7Vq7Z2BPe9A2UgQyvc2An/Q74x1lw/XZvvaoPZEf0hGDEOTyQOiZs6+2vSzs98qVrMVlLOHyjZR2u9KV3MiOfBy70OQPeIz3KQLG67IKE7IkDyN4MbgeRdrgZy6CivTQlEOng25ukdo5diikVV7vo5rCy1u7FXM1Se7UdhDCP8cURSaglAzMP1lVA2Fg+Idca/WZTOFhEBwcilWXzLFkgEjRt/HKO8SyTqz8eYakPloPtHNFwLYGvjTsBICeQp3wKwB2/Kgutzzvthik9/QPXRrq0TMcA5L81dJ1HFZdTttuKMuIPA84dM2ih5f1jmbqWZLa+EP463IMWwWk0h1rfReeZYFSmXfhVGtVleJKMfs2W68G7sNQ76nrhXy+QKMDrdmoGrsdMofht5wrsoAz6BahKPkgqFKfGDnaw6awO+2LZuvijV30Z1qE/o/CKHZGK7ippd/tt8zfKDZKI/Btcz2BcZdOsfun+XEltwOo1z42QOqaucnZNca04rhyUdf0dG/nt9M8QM6Cjet7NpOJlURVZ0WYrKKtY6usjTZN4EHBJwSnJPpMSe4pOsyGcPYd4FQmq9BSo47XWA9nxadOSttAOMnIVwhaldlZjm6wTC9iO2+d/6LVhIqZHdZ1jh/MqMHlgvi1pEpv5aZAkUwXP3J11JcmOGkfyKHCRzqCT+kfPnHBqqFkGkJ8Y69jGNbgKUoYasFS2e3m9kku+x0siwjyGybGXfM4ZwEzEzq5jAyPCFV+uI15VyOv0icKU9ZQ6RtHV1s1uGqs7Bh7npl78EZnntvmyyqVI64qNq+ibqXWVtPc2QtFUh6Je40NImk0lQ9NT/mXKl1vv86ahohpel9+ba5kE+DWKfA9ytiGxu9mi54AbBNLcOv8v29nrue2SsVNQlxfnHhYxdx648LEVu1tVUfltO/U9Q9D9hJveS5LMuuXMQ2XASURPoXiAeqUxpjgWX3Kmcs7jxAbZ9fGZbFq6h6LDcaUn03nIrUqu13D47Ype8a2yuDTy9nbJ5E12/LO9TTtJLjUBa1SKnpVGxKJmbkWc+AfvU2f9BZNj4oovd5e8nd70hdgm351q8Q6XJgJG2ZXPWzxy0cp8oFlvAem7EEkH2eiYWpcNevIlRwRKZuoc0BBqsivjgGuqbtIvXfodwXaKje/s9iXUfmu01OK+F2/6vrWX+RTrL90H6AkRnWUGJ29JtDAux4Y5o6LgTaDn5yjpXI7sySI+FqaKc6icqL26YRwXu6ru7EB2EsJJLAS6IErwzkudKmgNbit5bfo5Qa2/iyTPZUbPbGZV9KXcObGIM6OKHZd3J0g3uKkAsPKz1pFXu6NAbgr5Jpx8pPE5zEgW77+6M62NlHeLTBuOjw3pIsaMMTCs0gJPdmQ79RReFLPVrTb2dRqSm32PejXhIxJd207JheaAATDXdYzCDskpPCYgmjoI7D8fPu/H5PGPnqbr5LaTqx80JJevZZufspYGnSqWFe6Wdss6rXUXOs01OGeALxvWeo/FYzcEq9QitJtG66e+tRPojvNtO9w+VFxoL5Np79PuGoRDdihQM3TsSe8pPvRjSh83A1PpNNvj/mMdV1S7dC2NkF967Wgdk0xNfdlCSHFcehwR7Z8sSk9at3v6+KMB/0FgJ5tcxctBY4zJssC0ydYJJy6eSvyJNS0rXeREMgod7xh0FPxMJvjtd4uomZIXrcpLkobze7NHySKgoB9QIYt6kIk6pdaKEOaUQetgjU7VaompciijRgulJUKy5G3ytaoJgqpjxNAsM8ofZa20k1WeLd7iwQxCWWy3RMzbTYir0SscSQVHfZQ171ryweFoxTGqgo/UdqC7okAE2awl7deWuQCqZzEDYpDT9yYl9FqayR6BVCOnypbEwpFY1LRfylY7tUGjsHpB277jLQcO2r0m4SrNkuc0j5fOZ/JZtoPpPsXV1tmiouDQcn1g1psr4RtQ284/HEGEz6pTeaChuDRkfLXKE2zwuWRPXJZcx6hHVlcQ8VePULoE7ipOPYG7wOvoGvEa8LpYdBjj8bRoQ/SXvv10RgA1pcca75GY59IxjsQOtuPTgitmqlqwbK/12TmWrRi8a4fbj618sdLjXxXHuApp6W8dw+gqG1+02pUDTkU0/yYqv3UxJ2zZ9PLlg3fzZwvhOnmXLHsRnoQiq1zrymVcpjGmDSs9GL6O44Os34C+/6OTYm5y7CqBY1dqtci1F4CMsetZdMX8M6p2PfjZpt5S8614gslqF1j5k6QrqKcdK8WGpsXDXbZXsukFEz+W3YGf0CgOeUfSNF3DROVXpRM7cquI+sAV6bFrpg9V5RTB0LVoPn3RFavekg6IvJmN7FRAwDAedaB3eP6/aqczjw3d5rcdpj9rkwLNAdUuUatZ8NkqYOzRYUW4SBv+8I0/ELhaDqDw2Dl4BkZuTEiJQBmNKLpemzkRZmNfVQQqlMatI0PoKY4pGO0kqLkhVEg2BWsIB0QVSSWmjiKRfQF088PE9lSP9364QE1gZw3ooSSrdO0Jiy7lNgw9BSMNva5kD4J3IEnqbXpjYHKaxmop4CxCzfWkaAOZisSGjNa8NDI2HuJjeEedbNDSONCMOUhNIZban3ou2Y+VzXJPUBisOjnpDTuuq0POZxpQGrK1CdOucQewZ/pGCgAAIABJREFUqTCMLv3OQGrFLdv0lBzIRwNlzn069EhzvAl3s8POoPp5DkpmnbBw1fTmLG0l9iZSpyZfVaul55PkpQ1Gyr7kTBP/5nD6AlQV9qRNttg11MHj3MAzfXmuevOprpAkvWgALy6wmL637Fmpg6b7M3ZMa3uhC8PNtDtHyFdgm7H4HbcJLo5d7vfKpZvXPc+/5EIDT3qLuMeDMF22Ul0WgSCfOJ3xvjRYJnTEXPkvg5xD+Ytu/N7zHxSOEqJowyUEve0kaLK7wirzQAZjU8ILQDQjmAUwrDwbu9oRe8VsLEzZVWUdqd9I2WNJnVPxv/kT7Wte/Nzeua/WwyulRt+3aHwClLM1b2IT1odMNWFuZjngrdtSVT9PEnhngfscgrKMSabsir4KXwbRgvxwStlRhuHfGknGHiu3O1HCBgSxLC++UwLeVOycZOk1utFHZ0GyBe9w2UlDxV5z1G20x48PvX83iEugwhEYt2+8LUDzD1GfIhKALuY6P/XlqJ4XKhF4ZNMz743ltw5qNoqmEPR1rAU19ZuhEoQvGNBd3rMv1SDjt+1ejp0f0U4sOdpSFHPH0ZBuZY1nk5Kgg+GIJ3177SxqUZufZG1xlmzl0XJuQaKXguHYHN8ut6dRYbzlZD7LOjXR5qZ6gaNkBWyvJSOJJiqJ3S4Psj8x05H67FGeVRECFMjwcVhdXW3ZcacoOxFTO59ip+RacQb5CZ5GNZWkrC6Bjf2tE0B3sqz6MwFAmY7xfxXbYRCO9GuWGRX18Sdk5DgdEQpMUrbVC4jSlc3kADcmwyQ+wuaEC95VVpHYqK860gHeYRET5kJ7tc4jh3R6L7+zmQsmdnw5l5ShaxMUBsxP05SONLks097so5iXI0NqObtpKRwskA9xP0/mDt2hTRqG1iNx8F9Y5sMp8DzGdqKZCYkiIHt0VReA+RW2FeGY+GdwKmbGqRmACT2mzyWXSqKnQn2+qG5Fz6sdTQDhfWBQOIu2rmDah6G6zU3acP0AnBz0pb1Od7tVX//AUXWuu+jSawTrYOqXg5wL82nf2NMY966PinQ6gVsjXrhS13+ljZ6CpPHSddowX42ggpAdbCJ5Lad1894cUWkkW9Y+gVDQBg2F56+djg/3lV9y5CTQtuiwnUTQoCQi/wSjGUAvMLy9u+uten7kpZ6xCyXrNMaSUtcgL6e5eH+BUMv4GaJzjgQfscne4DRs+8LQ2MCuxZ3+7Kvp8lhPtdTGfdJ78MaBAPqDh1r7ymCzc1VdroCD4QksoIEZ1FN5iGGe1IlsLzK7eVHHmVWM0IZ0vhfSNuwjYbqVR9VUwiwzEY1KjfLM0CZcmvW8ystX3z54jBmK5DmZPFqTdtl4wW9jkVbJnpWRzK1RHiuVGx7OOLXetnEwuVVjOZ9oghoVfPTMupMo/ZzuqKnKgKsWZQVcMeozfPALv2XnKYbYECA/zFeyp2s/HT8+vK+59C2PUiiZGQ6nC/NhLA6uIAe7tlPIcoqBSc66PNqXr9eK4uxubOIl24lcTIvAnAZdRyk3NgWLlja3PaDcD381Paq9eSI/C5pcJj6y7v6bxrZsqps8pUHdkGVsSYSL00lvrnrOR1M0BdLCP/VdBemsuacPPnxspp+A1HcW2V4XrXu5Y5cPKu5dlKS/7Ie0ktEjQI+Z0HG09PK2VsOt/NFsq+MOcg01A3PMF8oDwvXnnMkXfUbKEYn90jd0myI/PjUGl4emzNS0K4jdgMmLS82U0YiH3EA42/ATS3V3zabjNCWKyPO7MqxTqgj5MpJoxQ30zaxmQ70mCte3RVzX0cVhJtBER9Wd/rRTUcUH4HZTFVT1lqrSWL5WAOEn93k8BybZMoXfyrQPT75Pm8VRBq+nDuq6u2D/5WN3FxJgehZdMc8bcyZnxVxxGOFKl+evlpm1mnZNAroZ8+rh8dNdwXTu8bHT9WLd5FFCFstWMSaDWXZwHY+mhtNZsnDqKHlSmevzmdGNY5eXXIzutMaPmdVjbMpDarkHWkg80zKfBRTSbPcKIKmWkV7VkKfzIXvCjCTHZWClHa2gEmnC4e3tPCEonM//C00V8w0RJEisSuYjkg47/ULRUhyc2b58DKMH7LKXcJ7Y8syBVTaTMWjaAT+VNe1VBGniL6x2EwDCINkyApn0SV2nSX39ODmfPneL0FsoysiCBEI06wTdSes8Nkkxx6ot+a5DrpK+vQvYK6G6jfKh3+vuVbA8uNOEuELWGY6UiTWNuipSRtCOgDDFP3kO0iwG1KSERQUQbbtbXyY4AOqIjpd5W+nicu9KDpG7XonYwcScoAVsf9EfHOSRMRUTPolUcACQtMyYUbrmUdnFUqvXRhIKCVIo7NaFb5LFEwf/aGc8mQnRtAMSzu6vOCjWL3vEMcs66pcVu8blnVeRzrZoiyDhjFXG4pbtI3tewmskqDUGpoOWNoxvH1zHCnVmrZ85UR/nnxLOYk5GEDUJa/zrjDgJK3jtt4N4DLo8rhtB6pKzOcDX0FbFZ6OREsmo6CyriBU/th0nNqgne3Q/1VFO4XDprb6KGFDZfgURvCjDNnPJPcITcYStPpTCcFC0sTcLCS4q9W/KOmLkwdLeqNoy4qo+vIN7ShCd5RmkBw8DdLE70ECfcXXwa3pQZvPHpe3EjG4ajwD5dIGD5NI/OzObj4acy+tEl0TR0dLK5tcDsENVhwu3/uM0iMXxYkRgIJjGiyGTjAEvv3l6+cOuTPVEIY8uSvVmDYNPpfvnm12M/JO77n6u8S+iQ5QP2g75VIrY7KFqiBhRlxEcMNQFgfZW2eRgDG0zdFCrtOWKaKwv7mXzkcwFc6PxvQMeaSiLXsPTNy05jtcqzqzERxxpYJJaVSRdRmmEefnlH/iNb/70t3/49v51jLNIE9JXkvs1EXVjFdT9MrTaNke/tJ417FUmjGehylRCpwaHtIlfelThuJLhmuNnTfirWVfNqF9fEp0YMrWw07YJOf7a0HH0K2D4bDgSYouu/SE4WNS3jJSYHVTIhxNUwbq/QH8lDfF0RrC3/gXIBLEJoXRa5tdBumrY0P/dw/3v/NbPpvn0ibEeD+XPI4heZSkdc8croUTbFWUIfY4/hVMexs9/J9/V7rEAJe02xYF5NmPtX8fTH0dMQ41lUzwHfRQy+NqdaGz+58+2XJ3SYr+rtn0h89WnN3/+Xa/kv/Nbqc48cov+PK+0AC/Rlk4r6uHpBJo5GYU//OnDC+9iv/d13pi73Npj3DF1VfL1rWv7rhlnbP9dpKceUGtXOcoSX+T/5ua29ntzn/J0Nje8u3VBVwrH+/T24cv9JmYdeTiKo5eCztcTdPtgwBJVaPlC9vEHV8XQV3pPf6t6zzWZ9PvVgt4t8839i9d3T/e3r7v+uG8MxdFUs3cmcppJ5tCnYLINE83OJFnZ4pJ35zDaRzcYvGumBxFFgSb8AWhnkUlO1mjA2bim2klA5zy9B3+tOQUXZhSgL3jMIUXrlqoMyhFOv9ppYnXljdE9fWn5aFDMCLNSKDrFccoHYoHz2Dw9OoDC26V5P0YGs7CWUDoGkuJEVtlrYYi3elJaqkExEvpxS5Oe82reoiloUJ+/fPjy4x+/+/Fv/fDltzWvMXFd8fEzWJV89+bj/bu7nsgChHHppDWk/UvFGRyczIwvp/d8yKXctNxvBv/gZ6/7JelUftOXtp0LhjQJcN796ru+b+BctkF6iBeRzhp8PYwh/b/+Jjipzb6M79pziZyhmXTT5ZUfv/vRn/1R6WE+tlc/FYBA5l93G/IBT+wMlN/m5Co7v/X38cvdl09/8vjqycn0JqnGJj0qMOnnuK0yrzBXoURsZrgnnK+i4I0wcu2y8gxaL6pYSuQXe3Y3Xih8+u7x04cPn7/79qFvufR8VBr2+slkiDl3Jx8nxaKcBcqXI0HMWAFZOMhflNqBqiqnj7QuaqOWd6QVkhdfXn9386HWyR7uK9s1Fd7zzGVBmRRicXXgvw8FdR7S2H9vAXp6fHCuS0WkZ7wcedIwzG7JMwEzYkVpECukF86RzMURMO7UjmQ00G9ncu1d6DqmOOCH7nQ0wrKwT3XouEgUsGf4+NttmdMqa3tUIDl7qwL2mQEynjxyoOes0YtNFduvvGKBgGOJvxpimL4USRaPtAYqq0uRflPPXeDb2x/+xv1938kxfdKrd9rIBG0gdy81CC4KkLTbf/44tl8gqIfm+IVaxNmegHj8493/xXIqYxjP2gMZQwkoYdiQkx19JgRdbk+cagSl6kjnAOTxRN2Cj/4D/ci271Mgy8S4HR2bkE8jO46KCIgTsrQ4SlhGLaNIDw2nHt0JmDS188UqJ3KyMbQDD8x0KGKpBSwe03Guda70q6ABjjSKEQO/XSZeCif/CB1RxV2iUzvfTxP1BES2HTZvVngQuMh4VWQMJx0nzDKiy8qxYiO2oo5XNPloBprao+hQsZi/T3E1Va8nS0YUiWXRwbi6ytM9NDl4fJOELFTuzHaP+e3nd3/xdl+8M642dq+rl6AFp8Hvyy9ffPfHj6/MMEhPTMhbU5egS75th5TNKEYrWwmy0R6ilbcCextWRThUKo8M6K/EqcrUCrVVy7yqmAxJ7e0MPZXAtv7BXBZXXxAMvKdCm6VVK/CLXx8+fv5v//N/6b/zzyMHvJBoIV/1dJCoOCaxPVZDpmDbrZfU1V7wDstknrLZysaLgB8PDNISelocYEQF49Kykovp4hjrM0KeOzmxvDxuGbK1rcOZ4iE7sCK/ziwV0tTaam0DLkdp2WpNShgOIb2Ksr+A8AY4Qxt5l/lkzelhtAS3Vj49ve+XqlZet5h74+a50x8fl8TD63NWbJQr6oxi4yEscbAO23holqUXTqyqSN93ALJ5MuaMhXQXm/Q+VaSCnOXIQk4DEebNG8cVoJj81sfL7cwz+eDVy2+/ff/4+sO/8D/7H7z48r677JOQEZ0F0XF6SLpyikcYUt3ROFMxXa679ZO6n96/vHt387pdT/u86kdbTTJZGPnTn/6hr9jW/GqenuLOsdepgq7u1at/6r/+55uXBGxJUUxOBpfzt6++ef23/h//2Z98+und7RsXVDMih8XNiGbv3errd2j/43zhyZfrBCqbVYf6PMTS8xeD0zyz75i60tUrHWtSZoGfv/zuj1/8z/8bb7pF2PyoC9c1uDD21c1ONpqkJvYf+OkPN89y9bd4lgHJ75NLeq/RT3/rzV/4Cz/ut8waS+EbQK7nOKi4MWcCJApaRz7e7K1bDb/65Ye/+u/97Z36OLHKdlk0QslAzrZzvHqW9Q9E/VlvR/yNn/3oJz9548WmtZglbxznOXiPPN3d/EN/6S80+f34vuvy4SmfPTtEbpcD3775a//uf/bX/sp/+Bs/+IFcbcQPdOwFu5OLHjL88vQ7v/uT3/jpfc9xpXwzBE/CcPCAFcqu7fNKx/D235jRTw0G3Yudfvbbb3/3974x2Y8GhQxf/GpMGmIXb3qUUd+9SzjJIXmN6XiR4/qfX5wvakGuaiWlt0N24vYX/5t/9tOf9pNu7oC4m3NuEBVF42w/g/Wh73V4UlInUOScC52ZKDNefrr/yW/slagGoATMLm7g6M8ff+8v//D3/tl/tEyQT52oGGIi2lkeR2vWwGDcbkfnonZ3M24+93u4/+b/6v/68Lce3rx97Q1X5V8su53D28vTeCeCT2mdtIqyeARtVi7LV8DbnHio44ppzcJ5YcSFtiCU0ff3t//f//TD//b//KvYujviQXxGNUZSUzhax2hX5rB5dg/FCqrjkJZVCaO0lMWLSB4E2/WSVYXUAFVBE5kewO136HqFz5t3/RIbyOPq8TOy83UWJKXImX6mBm43iWSGVhP+f//3P/xr/7vvbmusL7ou6eHSFEYy2zcrvSIrFLo/TcSoWvDZt26U3vIP+h2jiYSsbaqeF2KxA5XjlQ1rXME5VElpz3HLUnqYkM+j8+oqiZg3UB65z/KTcUhar6ZV4vG2oWgjwfiOb500dViEDxL5thLCn3mfQXUsKyYK1K7va5BMo3mNrTPgz09/+vD+f/mv/hP/+G/cfyhAR95OXQ13QdPTDqc1v15BnwPpOFYAlrKZH5Ug8HDyyqsLJWkJc58YLWyY54jpYFcFqz0+vKxJrg6gKt3TM0mEBKRsEHGcKlgmhDe1oVlORCpTMadArBfXGqZsmJ8Zoz2FKyAQfZaUsBOtKP3DLa07qtzCirVSLvieGHe1cShESw7X+DtLaDr3SofGGN0pdz65vFAUk3V+mDBilv6OFE3sttudkD0ClCwRuTRPdweZsFlQNdOy6laMIc52dVsfgxeBSVo+pPagG1pH28F/qTtIBmoYVRDcwsb2dAOlDAaFlT67OcwX6eAPTgX6+ga7vkGoO66n29BS96pn6A6+icA6aleMuo14+/Ltq+4B9Iq3V/3kp6ShFu7+DqgZrfBYnrolzDAxiWXHMTPQ4fy3TFd0pe8hnSFnRZATYrnmb9f42bi/GaydJU3zYjiTVOaWk4bmkRPD96Z3SeEEXZ42VZfpa1bldy7JZDMJ9/tdMIkmYUnmyWOfie0xgr8kW1nQ20AivODMmuVLmsIfs4bEtqocxIOago62X509SsRwPQCsZ8FY+QUhKv1xVXXzi8MFiObAwXRJPeyhQE0571weGy2nVDy/jYZJka+xDnZKSwN8ca7q2md/cps0RK9zaXLRtTxfskhe7vSqkK4K8y6AoEY+CwHEO4mzYSalfM0//TBsuUxI8+hmt56kHVp8+g8Jjg5Zw5JZ8wy57Y4JGY8BLuJ1P3iv1CBiJK37E3mMG+aP8GqrS4o3qNz19MSHp9dv9CO1GyO36cNCkEfAdLUc8FjwNW5zADzNyppJNRl6un/1hn41j674Scb8dqbknjfnlpwNzy4GVuRF70nt1UEZcn6ogmt8Lfg8FzCdT0l99fLdlxducAVImMrw0v5lXyfdEyPNpEINU7dN/OrrTfckTivxtvmPb+9718tNT/h0/bHOoTeAJsn8YoPT3YuXP33jKsm+j6ytZWC/VRqWvsXarYh/+HffrIEUp65qa1amj32HNSAfP//4t17/7DffPn2833mXKGSpEGWKjyDUVZUIXMBDkn9oPeD0w7d3f/DTP+zCdT+cirh5Wy7ibh6u+4r56M1IkBfDqsJeST+W+7OfvPvpz36wx6KwdFuD/s4Anj69eXP//svHH//g7sXtxy/vRNP3p/HtgZlsuL/9s//A/bc/fPXmm8pzsPtOSZFDHsboK9Evf/vdl598o0UIb54xPiXCQzjaP8OC2COIup52Jct+wpXTPj69vWub1i6J5xXpo//JwKx02UDr6mj5QW1LoSuropJhK0p7wesEq+h47maFeaJuPkvf/+rbL489r9UXO5LmMk/iXD92yqO38v5L8pwTpPfkivzl0KQ8lVaSUFgmY03yRIri8NZUwPQcXGBTnPFC09ADTJ+2we3EIEOFcJW9dJaXqq6l1DknjJ64q5btYA1hIpKgvR18S6DwVJ71o4wTfYGvUEkH85Y9DQso+ZHETlFKl48vnnpC5PblD58+fscfqpOGNSMwZEzH7du5euuEr/LIVx80ug9g3CsaH8q9ACp/YGScbUec1ilTMetnm3swywk2UfmazfaPJIU5hPi4A5gL4SqNuj9WY3ydTKHkHaD7aCkHyMGnI+9/2rngHGpHfIpmXMDPdrqoRTfJK+WIhChBmEd0oQOzimqOxI5CI4Em6GLKTeUIyYefCmKGap5SRXIyK98eUvbvGHlL1lPL69V2Zm6bSwWmDyH+UBNSeYeIJ6v6wyg/ielTv5Xna7h8UXLqof3LzK53LPGGilSZoioDj4Kjh1r8+eS5nDdAIFNEAyIPooTLBiwAlURjWR2uLDtw4MXcNontIZ3Yw9WugslCeSRhqviibHdOqBTtNsDgtfYvPMWUK5SejJ6UkbRH6SWyo5iwgbWqU6fRUepzWAYaDQx68Pb575gMCxi42rXML+M/Cgby1LCi0GwDqtLTy8yoeFfECIIOhrGeFWUzDsAWv6KyonrranRgSshH10BXViA5y1E8nhUQN9jyegInXEcn/f3BwOZVtCL5Uq52pzArFZflHPIji/o1m/En6HuRupBLupYwYHN8nFk/WZV3UaPuxnd/AanTIXFp1fmUfj2ZZhu9q6TRYmADkYEdtABbHmzfkIacRKvZUi+Qe57tW+AOVvVEI1sJSyqs0SjDbxBQB2ybhA/NHKlguqpLQ40c6torKrTr4Mhyrz+7jmeINP8pk+skvvSgAkif+hKPR2B3hccY4wsQXecKNl6jUa09lQ3wDa7Vn/xh7kEYBIhiOK7VzXTQ/DeWvsrpkkCMhIBA/kWf4Ilo9FOTNzeshos6RCT27zRN+rkbzJ8M6uSFsRaGHGLeh5wmRO2dbXt8YwlIwe24klzmHMnlL5bucvL6OOWT6RkDTKjlxMCl2YvY55gmvjkrjY2afjKiqXGfHgb4+Pi+R1i7FnWf9CTn/V1AGahJO9iSyPoAZ70fF4s6YdSdtHDEhZbj/7xRreO4knosmzntywLGyhg0s6NYcG5mOE58u6cyGq1QUWXYFxcCeEVpenQkUGAP5f3L+5dv0tLo3FwNwpgKeBx5Q4KFomdauKvoNbsrpQ6aEQPXZSS52WSr9+cIGM7i7pnjpntdVC/aObfLft4H6e3v+66ioDe8Z1BvoVhISmD5YZKtQeDmw1vDVhI97ZIrFoPk71QlO9KZ+ic75fgcQgwZPWvh+f3eOdM5yN6H02NdXQHXvRIuEGF386M0CErJXs71ve/lLYGJfXjf1f0uH3jUXjZ1HdL3lXNVXz76/Pa9by3H6a3zc6uLn7mXJApyl+GU34e/klh7MspXj28/fNd7lHznxCzRrHoTt/VNMXbhEx7DpJNQcpfP7TSfk4pC8/LpwSPmwi7BRVwj7/U7H7x88+Of/uL2m899QbgvfTjXLaa7CP7qtsdTPn765be9XuXl7eN6JycJcqT+ZXcAUt1j9X2RM0J5DWE4N82e54ORlc0usqiIpbsztn4HrJsvAeqxjTc/ui85dlUCtEaNQrzUTGHnBQnjUjTM6+PUq303T3Kbviu6KMDiPD3ZMliy1Ds66l1H8kof5ayjM0BigxOyRaD84Xf3iWAhbacIcmcnRjvzGZZKYokeitTtOyd8rUUMgXOM4t2tD2Sj1zB14uavkAo3Ai/F9QvJJ/zSvIwrW7pRMbADeVaRHLB2eCIQpyimYw0X6TqrQUtEZq0OjWSRQmlri6qdTH31pF1+7nZ4nZrvgp1RF5hIJrTd0oeoSePyU0HGBK2cYduxtsi4NsfgmLhL+2+HL3gslTedZXdmbhST353faTo5AZBcKodSGXx6C2lPsVlI6iy88EdmHKujoksqJNGBCgsDArPmMTdvn4FzEKDjHD4RWpPEOE9HmIJUJsZa21W5EqUtx/gKy0nkjI1SZTzz9faSSOhhOdt1ZUvfr+X1rKTOHoX6ewXz9yUznARdH6TFVdEBNsVZPG0rIocQRZHh59vUCDZ6E4HFpK6l87GGvfqW3F7vUOSMYQuI3M+9JF0majJTqIyOKgBzzmva0THJpzLnKykQs6s6aJZwR+Dsin9gcRMFwJGNWmlK01WGnHxg+Ok8UnAMHb3Yq5oUknzUHKlH2A7ZZweuJGVhR/4izb5SEHF/UoTFWyoYYJIDgHhRmEOOmkvrFKej7QnUpRvnRLRm2Vou3ev/4Kn2oBjH5CBsZ0TDOIc3IHSd7hh7ag/zuKnBcPhS5inRDuoO7Ks5K5sKHAyQii3ZfAour3xPN5ZJ4IWOoCZ8m5jj6Jii4xPyJMRlmRrkWPvThFEcJutVPLcSB8jazkklgeSvUBsv+q7xdFHPFUuvWRMtnYg5X5dZJrsQb2RtaFrXhI/CRPGIh2E3HVbLQaIuZ43zbXimYNeHNSYqiUaW7xkJhozrQkkyB0TIf8IceILY3LbeuR35NJOpGZ2WMqZxLD/XyPF/bTNQHd401MMfXVd9jM1dNnGaaRNc/zoyKX5unLI8a8KHL0zgBjYAGxaVN8LzI9Zzp1/f0MlVw2pv7tu1MPX8NFcGfA5NLzumYYPkjEkdkSnNxOPUJVcTsnTCKlBt89onL3kDcLmFBXeKeH7BmK65OA6XqruFuX4gWyI2IuiUk8Zey2nPLE5GVZtCGVQOOdHFMk/FFWBB89Ya89BWvoD6+k0/d9sTDiBsYE2k3NK/xZ3WdZe4+XXRXaiosxOdqlYwyzDGthvrSk45Uf6XUeijamZz0mnpU9XhVUnI+oFE+a8oRWWYEVeGRgH0JKK3MwWt8lldfm2mpyM+vn7d5fHOC7pR9rFp+HrgguLZmAWaW/ajXIxrdpdeCxkwX2NwMyrjOqOGrN0IvPnFXMOFV+e4Q+G7bZ2ONQ3vlLyRyGVCL5d0gbIA7UG9aDaLDqyHLtwdqKnOj+GJppN90kIhP8teiZwP0k58AJPXQV9t7summUJEbswnvhZa6u3MsChm3kaSjY+B7JZCRT1t3Nr9n7teZmLu2/nM3VM9RqZLH7o32OlJnj6khPfCInKiwdb2QjhibW3tRmCbDQSgADUT6jmipx5upi2TfMNhALSL8gSWhEkEZ521wIQwryA75TWZc+WjxpP/Ujds4ZDEnfxoD8moglMyltDWOrTqPjih6wu6jx/v3u7ehhaUQu29SVpmO+fJgU89V0OUMyAz3fLkpAqpX60sSMU6tkBGXxetz4tDx+E1Tec7S1VlKvdoViWr6zS8prlWLq+kMLAcpa8KswZYHnQ4089g0C0AP9ScAx70sEt5L6LNaTsfCYGgJz+nU0FvVh4tyxDNsU+OqKK2UEKyEaUoM+ip00svrxyuRPVAUbu+wx1jPQZ+NxdWmmtuNtntFkrR78mfbj/ViexXhBeA4yAg81TMjHcgzJQ+H8Na0dww5NrevGMKjWUS0n5mNTL0aSpKAAAgAElEQVTe+dicaJ6Sq+RCBua63hhBeB9BtNN1JCUcYDu1uYBvJDdNOWKuSuSonLsN+GEaBG6bEmdbVfKCdtQeN9aCXFtpt0YdQ4EJ/LQs58OuO02j1JQxy/C1pOhjq7iupAB0IJtEFN62rSHJR8HMfsUMWhoP+o7buy6wQUz0vAcOFociYa+iMxtQukFu7hzPlG0vTYHhoXHY5DgG5PWV8uZVR001MyZLhTSyQI6EvCold8CTNGGqam/2R0WbWUwm476sBm3wRDJB80N8zzvc0v6UzcAkGI+lhbt0LjekeZcfcxEZqVwDFzuq95cAUZ+G4bNivdw6nV09SodrNmVeSgedNe2BmSA24fM/3GiWYae2tRIqLUOPK91sqMS3rk417xOumNfG2UYbafCFvtKQfF0IqujQkhLvdZwS4tYNzYYFhDn7MKjdZwGXxuXYs7xL7KSmceITjnTohn5Q6F9F4Qe2A7ITcNkdD1ijq5goHABuKUydDpGMMLLlxAn9CCqiM7hj+foIEBGGoyPobGihWRh2klVET15OIaLkjIjII3+lNKv6Wlwbr49l0zF/tAGZYcw5clZ7Ovgj9yp/ro9+7khJf+MD24EA7eZ72aBvu/GqgfqHvkDm2l2DY++1YOHLF3eukNVh1KlUXbpzSRFbv6YHcUVYNxGoq+OQZ7uFW7O4kOnnUQxTtpVam2Ed/65uMUwHoIRDP4Ywn0YjtCFHcNWcna2rPDlaWOrHdXC+PLeZ6jwQq4tFTlQa+HrmaeO+jr1LmXWsjfx1kb1MkCMCQD//Zfg1WTGUn+toTNnD2Wr1IgWqnZTVwnRcEdSrsmLtjVU663WsleTsioQhvx01qdQdp5Ej5/p29AVIlkmqY6jUwLvnT/NF+zFOVvBonJdjtCVjTiOh1OZgJS1zeFugFK9jKGkDle8AMVUiMLZDsq4pjXrZ2clyLkaWe/YgWZM3zlgUehpkOwZyXq7ODPUgjOIMJoOTQHFL+wDKtCDMcK5K3WUS9Okz+cmk8K+6+gkwGis91iVKDs7NEbNFKla/UOlrqSHyYBrvCLTCop2A1UbJdfpoUVtkiApmP6xsnn0FpLyoozBFK/1EbC9tiSOWSSAgDcNiHJKrrT1a6uzBtNugv6tGhun++0KoifiBHRmfsr1Gqhl5H8+rXuHSw1nNmWQ4yKa5xzYB7SJVfb4ChoAPBH+UwwIS/CYUThcKpBN/4enSudlGjxg15XjyMEwTu0+PLHEml7M3O4RG5+C7N6bQTeKSyvR6h55+Mdvu+vfNq7ep607GncvKvXkMS7ydV3s0vNaqpQ2CdjWICGX7IpUWHUCGVytfm2sKke4yK/qb5WI72yPXe7RfUdUhFk0NM7HrWMhTFUEeL4FLJ1PeXRjKr4KFWAdYR5nResYFJ2XO1lK5T6Z1GXAeDQ7VccbrOfYA8HdSnanR3pLCxE14Wi6b+KNJsDa9M8F401wg2jiPkK8tWRAn1VJpRVHMU0Tp1WtwsJfwa84HBE8AtgxqFTinMN226jRSw2yS3bt6uhNz00ucnjsFSoeqrqvF70/BmxxBYHhwB+tELX/6GTo3CGqXzoKCNh84uYtNRLR1Xz4e3GNVayITLYMKb3qMT5FoIyVWmdD5WJffy/l8FFVVWZ6Ja0BaRf4QkPlFKjh2eLy0nWA6k6toddw7r8TDNcdFlRRwpKMakLCYRqcanjHPmZtud/isQ79wkpEs/DP5HJB/TYXQVz20OEqX5g8a6spqLMoW9p6/PcmTg3J7xqe5KWbtpcRYp62inZBWNUc25NUS6VjXut5Lh1l2lfaBPB3s7NeOQJ34WI4Lgy7IOoiLSj6rjLglAUa8RFV8mXzc3yECYlQtUA1lsStUTGT7IngVXRVjGasYtfDG+W/vTKFFZmixc/25PZhxDlpWbH8E9F/Fi3AHx9ip3+0nyfs81bgETBIJaEuYhTxXHn/rDLK5pNRptI4wijVS8ilsdfzAiqGau1xMnGmtTrEWckX92FCvdhJzpq9sKqQWuSA+L0TEnXOSUo0MMiSuQDFXhewiyoNg4grdNriCMEOjn87jybGuCPfI5pYOKqikzbA7OkvAa9vbP8FY+++YriQk8kqV3KUTrP2u7lnmER3eyodQY4UKf0VTOMcuh1QedUQjiV7vc6m0BSmiamd9JatGYc/BcdN1lF0qhpjV3QE4EFgMQrImgQNWsMx+lj5X4oJr69RfNk4XkQPPoNOgElrp4rJ+aPpjDxkYbSZBWzMgzoVATsChSOiwPKPjFt46hZVKMwcFoIMzAo2VsnVberebm7u+61ZcvIpCP9wA7hpg6d29Q21Yf+LHAeqv9gUCSd/7QBIt8WqcB2oNA9L0RcdBDgaCUXAwhmn9gTDqHTru0H/zo+PIlfEnsFWlpU38tNW59FFqDlTL9B60hqHNkJdhh6fpVRdqx9AVEU+3ckROWMvSu1OwHi/xJiU1a/PKpnn1has7CjfpaUQz/vR4rrmUWuBy1H7OB/2aNn0U6U7hHJZWhSB1FXVtq1INorpkVFTvzcRfj75J8qmtnC8TsdEnwsbHGlP9iwncc2MeRb7oLWfCZuKcgHHmnQTkuhOJvGJkOZGj9QDdHqfqUNIWf9DaO75lzEK7oShRCuLx11Vn0XXYpMp0sH3t3VSodDLZ7ail6pxI6AmZcb6XxwRHDyv4cwK3oVEUEja2moQRkBwxk+QnIjij2oh7BVjZ+WuPZQZSe8T7Vxwymle+tANCqrn6ppRsL0msFX+5f9Nlyd5R+MqD1X1jtIg09G4mPp9CGo4mlJ6loULC9p8z2g/rYOxEIi9HnipXl0daiyvJm1w3RWt0xwoA4Lucl6QI+oW+Tj1wNi9ucu1nrbyWv+maxO2hoTIj7vhzK7el48gp7fpPcZ6sPAUGxPDWUrh+QivJ2E7czzeCgyPtzeectzU5Dl0H8TUh6QGhRNe4Om5OyUk8UHWnMu0Pfnu+LM4vnWncdM2YH/z1hMKhCKhomY9vPuigfz5MvZSE2BM5ihen2Beg4yRRCv/EFD39CK9eABZlljvlyi9UJ4XpG0CaZeriNPtYusxX71d/suDNjSdUMiwdOWJJxyuimJxlxzMcTbvs0Z3WRWYgU7MLbinnkEPtfXJRpoZWv2rp6eJ9I9wkOEV6vBbNd//PJaTQdgGMBN3kZh4Ts79uop4yEElJLwF9SiUiLf3aS7drSuYeztEERyPQuVzGbKLY/DtLOl8t14U98vxUBHO1i9vRZUC5uDls53x1QbvoLXLFF5T+3U4QEL0nhLxBlsY37Hm0fNEYXamhvKym5GQwZoQznEWEFVHhWBrPJfmUs1BFcFKgLI3o5HfFKZFQYaJOWIxiCrgk7vCVFjXr+BffUkY6+aME+mkAIhVHW/KHiEi7xPWxZSEiBislpO0MP7q7YrKikqXBoJNrYiOLRDNr113XYF7FIVKTZ7ivo+S1CTUT2q/DxeVoEnKiNruelxnPLgIQHFyMcQDKWaZ59RzGsB1I76oY5vhwkjJPtDPH6qpGwmzG7gPcWCeKguMIpAkjNngzYocJkVyTri57bead4+9LEKKDstr5LDFL0simciauRZm3BDIps4NAqmcOd0WuwnXN+Vj0d6lUZbmfwzPx4Bh1wsKclJJHrswzqOpJRzbiU4xQN9NCZaTBra1AcNx0iBFElePq8or76U0piW6iEHSgZP6Yo45TwL4Qcr5kmDdsJ7WdUHBNAvQ/FU9vDmpU20LE5e55kFtOzdCfXYLyfNJO3mhoqqO86BPzjDN5lYLznE1H6Skn8CjAOaOPrLlG+obxyM5jtQbfhVtHtVjGS/wJ37OkqJiY2LmEimdc1z6BWy787ZvNtEAK7zHgIA6VSJF30VDactzduijovZ5rj8PDmyTtjvaWmSRq/UWreeCpUqxW3+FJwBWcPIsDJRZ4LnHLHiXH2PgraTgrzVz+34SR5E0f/LZ8bvTqvV73ljW9VbwG0fMwVJfXXgBya56Q3qrrd5pVGHYdrUVRm25SqHJYR6n7nmWlarXHIVWt0PFx5FpgDiyYsQkzMw5nKhlB9qQ+y5BTpkDV2KWwTXnLWcZO96A7fTHdz9EmLDWXmqyGFqdekoYz/HTQaU5f1rvAa9PJ6THl9WuVkkmBQfAklPaZS9NcAsyzrCWcdwVXZxNTBMzy7ooydkdZMcj18sMee2gKn4tibeOOZ6LQJTj+dG1QMCesbpLr1dXXy2TX5xcuz/nWWmoWBGC1arGr69EXiWFNxTeWzVQ7YXANSeZUD3scgaC8D8VBTLN5RsMmC6Lsoehqh7I2px22nClCDE0WK1qDNOUpETZ4JtjEwdQRwoDwH+3H5CzsLeGSrZGWg6CJ7vh46o7b7DJtngECaB6cae2nRO/DaimMclSVJNLxdLKUEcFfGCoPYsGKqQoCn9nsgLq/2I06wevVn43NPfnz+eHzi3eNtWarbNaFim0LljZFhbbUecJGKFLmLfGmFiIKRy6IN6fXDPmqmW/TDkEw+YAh6U3uTWfr7XrBTtK5oQTz5ch+gctT6bVYpwfNtZxH9v88ztcchNNFGVB2/WqTNZGtpHDkNLMNbatbN5UvWppz9vcVBca3uOAtQdoE3my+Frd7PTujWltIgwz3qEXJf5vYfPIkT4+6HrkLeSeApHBt9u1jD+wDKQTR8FDz00MjFI7XKptYH2NyahGP8OKN4ByilncxG6sJXkw4Dgm/Ul1mS29Cgn2kxJGcOTKQFcMqN8ao7nLEkTBRbIkfRN0j0eRGvMSaDUmomPLlAxBnWOYK3xZooxNS0d2hNsTJWN1BImiYdBbVxumYdsUQOGLPkSGz9WGGBMP5fNY6CF2QbNT0VH31XSeYQZ2uasdlUR3OOQsDgS5QeyyF4YWT8vDkpgralRbONI69nTqau+++zGzgAco7ydkNnyi7MbTWGpRgz8xwG6oEzaUCvghcpwGxLzpzgVM0pnBIYDCByBPzrqNT35p06075oBsxHIR3tL0zYULWEsy5UaN09iUHW66qpd6OlleFNxgTdZhXlT8VHopB4upJ1j8u/g2zBUULXlD26wuR6iWTkd6Q3dzfJ2XZEhQjS151lhgF4TYQn00DTU7Tt9dw6ib6afENADKt+3L6JRiNAuC181wyZFWmPy1zSfuWkvc6+42W72hVrKL/S8I8NkCzOWODPQl08s+EhzMhJzgzHvQjMpL21Y4mFdNP8PGwikN+9KyaWFYk5Xhi0pReKXDJTxq1g2Elao7Cb3UkDub8vao1rfEcKJEVivxo0HUntvPcMrHnEOEGAsK1Tck1R0pKfoInQ1hgn5g4pHRQjgkVrUdDebnlq73MI8gWovNxcASugn2hrzfkQo0eTtLOsgayAahjmCZmdZN/sABogRXgE5AVnUkRl/mjasVpiHBKVwA+AGlvU1G0GBymVjXyufNZQFsFF9gF4lThqm6rqmMG/PtlLCuKZGQopo7x6zDPRtkGRP5ZbCG4pGE+QkE9IEnx+GtL2CodCAXbqSSBSUIxN60zdBiAFGtKzxYd2SSfZfqOA6EFrQpxA7L9i9Le/qs9PPgnvB4Xqrjm5CMZ9zNpNh5PAFGEukSyifN+RbyH0ut5egZ007Y6/X4s/KOv0/WSv12K6b7/XoLqq24vbrqq19zf9RiX7uogGi0Yfb5AkMZAL1maLnRUfJd7PBm8Bhmd3uxi6FwXpNzP5PIfUk2lOn4+NkMfdzRMrNis3jDUuoKER5niqOupW5JSk6xMj+EvwXWWEYSuMrj99FejkvSOy+2ODTNQkRYXfPZOjwkjW1LQkKQW5lYSPCQ65SQEaSDV758AMoy6jNfPh6QTDzg6rhrYlkB21GI4PIYhVUFLF2WJufDU+9uN+gzASat2vEbpOaEjoo6sM21IXqCNNVbGV6DirYQWyAJIXaZRzraqQrG0qWAWVrJZEe+NP4v6olkLZwpXFB6pauZaWeOVB8fNHOEhxZhKmH0TK/8YA+2GRrPD2/uwhSENJ7xcPt5pNFvLgEgG3FZ95tfS7Z6C6ZiWExwTgRjdPdnSxLbp02JHztFxeXcAr9USTLCx429C0Jsfmo7nmV6U09WhwK1y6cMvvEtgKpt1ry5nuOB65iDf5wt3N+PB0RNEPTAt1psTnDTViHcx0DX1ftynV+w3J8jhL+7ueo1N0+puP/RKfAi4swoX+BJzfD7PdhyIOSZIuzOz6+tZcxbeRNJWosMkTN1JMJNwDoBAXjCIgdQtnaKBf1kR6c6EGJ6XnGhWEe/OlHf9dW2BsNl4MqFDWcp7weelTjr7kh1bWnMA+Azozxl+WgDd1MxZS/WbkqxTkYOVURsPXdA/C3CbWKcwElQQLexZyvBnDkdBEknjefvf16EfXHkxYSjbixvIhNNwNlWENcIB0egnmLjRxsVKisDeyX2nSB2UYNMJbDtL3Bl/hBNZo5vSg5wPi3uTZued7QiIMzjwdA/JWX/VU1sd5F7NNM1NZry2dV/3SJUiTADUhne+2tS9sDQOSKA8q6foLl9aNPCiDcdlx/SUNk77tcoc0K2D3ZLa3DTuzVP4ZEvnyRszZ+eCxp2+o/Dy3ldbQu9fpgWu54EYU2mZYmJ7/IMiaScGUXa+rGrGi14cEFJYOQdgldUWkdwOIzKw81Po+4novJk0LlSuo8sJkR++2MOKV0vvoOxy1P5yPJk7GhaUPGIRviC3EOBWm7TS2+dyr2Xqrlq54rWwIkkb6WCMBfSWhHQYsLjT2D6Fcs7lL1efEviYAefxsGDSh3UpMDZAiI83GfXnHaRME27HqFT9JI9CJKBnCFtLl8HrAF8B3w4YMc1afJcITMrGTHDL1SYq58J4vvdveR8J2+Ir2NsvdBUpv6KaCHkOB90coJOdXQMT5EbiQYguXhjUiNJxWmUdK1TXlpNsK99ejSpv9LhnD2h2CZRTG2fFpnPp9QnrmWsOYoyLDPJy4P5y2QyOOJNLsmsGFTXLRlqIT8ecbfwn04EIXmsWr8/atmNaLk0DTZ/Wa+4zg5UeNO1daKo/1kX8vCQqHSBXSMW2oB/Fs2K9ycSO83h78gHxR8PUO6Zw6C/C5dKpUDvc9POSj5BVMQw5irjU8pmEVi3KW6Zf9Y5K9XFST9YOWBD1DBuMyyKVdmWUv4xtvfzqkMaKJnaPMw8oUc87hE72UFN2qohbHRl2YAWlBcuR7Ejt0tPBKgtZLX/2PrN8rTv2PFPGPeFTfhQM+nyRXYPzFW4SXYrzwpa1fMbmq/rx5HWL1QVq9rtYm4T1eMMqQ3v9RZmqqXSC0HvvQtgUxl1+96Li//Tw9PDmZlcpIqsTKqtxfMWa8shk47WAl8FpEtPtrSaTTixO5ajavYoTebkUAg7QavOg+cx8oKtq+Gr4a7juAlFdZkbev77r6ocxK2BRl0Le9Lfr/HUmnADbhEgEO+Eq9yPef417Q00gu9ApSQxHQhVpJBxeP1AydSgO0In7tkkcoopMWWWdTkNM1rZ9Q2ENbQwmW+1gLTQRkDhOigZnTmpvGaDPUbPW0UPMfKPg67gGw2ZkR2yTqnXoR9RknExa7oHQZShypi1pepCco+FBU30lGd7kDFGDeOqkDMOgzuVQX3euIfZUw8KYzIyfHBgniLfTsr48EZPpS67uNQklvUudBZ2hl+XtXXGnQ3bkpuVIngYUFlWHIYUUdVDKtGNPvfU8YEV7xpC13QMxgko2yUJRYKrtcTmnjolrqF7T8Sr84wbh1Z1AOvnbnzO7fVKVyqoaI1zefdGPMRlBwu/9OLAtJc4F1BAlrSRwdR6UmrHzMa6oy+vZiCQO816SWOXMMBvwVFDj1DE8B6QKKLpq6RHqfyQfq8rOE0OzgrXMgujMbcnva5wYnf/nHRdl4ypZSg0OcHYnRxqCcy95ETVty1VV9+VQoTedY8cQsleMNkitOQ5Hc8nuNLjJdM6ayl4XRgEVtorbsC39+a/5fwlVGw6HCG4dp+sc02iaeNpk2JhvjgYrFptLk13yg35ao4MYMsbC3+1rJfP1JRyLBbOgMgqhRbOZSTQiSAXfTsxKIi4fxDZNk5FXr1BPSLT97/aaGTYRg0R8FQde2ZRHi+Y2U6yWgPKmmPFw0da1vOhBmij5U5r5/m8wu/xfcys6Lv+EuhOM+TciJ7q9Frb38dw2SjT/Z7AuU5pxUbtOxY7CwJcYnJCHT2Moa+c96FqkiOixv6MWHptLmJMDJzcyjcscq1bWtlTsq96GHN14jFWUP7qeXDIuQrbspkJCOzwarKekleCegFWZssRUN0OkchJrTSffZl9P0318evWp61znp6PFSbg6WylYJ9prRpxwwgPOem1S5c0xNMU7mjpF17GMhntJMEjsqg9mYaI/drJj3rpbYeuHLjMEKgNizZv0nILc2PBXGOoKnJk1Sa0oRDUYJ+AHFYEpq6heQgiYA4TluQVcgKtLQBrUilvIxPLYMPRcp2Ad12I6m9DXME4NkI4PX8KOlEQBwogDgE3tKY3+Iq86ECtO/2pBgeuKQrQnN+SW8iOHYH8VbUlokjSXU8ajQqEzHJ395LYZz8jav+o0qVhc1eqrU19e3vcTYP0o3vKww3XtObQn91z+UELavDVL6sMrUciRIWJ53YqjHQajuvmiPY45y4FFFAJWr0P4Ki18MwjoqCJHuQZyCbBRSlJZfg7g2N5Vy3Sf8S/uxzGq0c3E4CJbKCNMgqkKsOPumAVNfFzrZJ9FpdKJJmp6FK56SoHBvTqpqQ6UdtbO1eXkIxGII1Tx0IQslqt+bNSv8pCyn76tD6TJTMugpIteRm853wFIwIEVjGMRBDjaglGTO3w7YiSBIzUs5h80ttM+5OQvPyBjafWtZ4e6HZGtdFv7WypY/E6aGFE3VyTHv7a9veqDUT9AKKV1InruHjb1da1XTyYgH+/vdQH11LK35wvjNtZ4N2YDws1T3xUT3OQabXV7zEhO/c/Tp86Be16oVFFepSs2xX7X+kBfTCVnH6A5xT5PJJY9W0G+gxTllutI6UIWaY2kxrfaQ0kO56XO4FePF7AmVc1RuoRR8/QGDkr3Narb170KvWHJidAZRjim8FSiUYPWwomWDgw/PJ3oQbU9YFljfpNDlvSzLqKlAUz8nhBCFV/IqXA5Ts9H6spTlCvXdcQIUSKnCJ6OKsoK4uLTwyZ9mA/gyq/FZZLhn/YLLccc0HHyDwdWdBZWJq4yF1nEwwVDSZKgsuKwmiZEWWB1nbA78QgYRNXlaljjkSgqu/KWYiHvHIvUA82wxLwDsFGqR9jzv3FXRpGssvcm+S5PRita6JtLXoyOqQvL2QSBa8yN8gtXB7+HkQiYsWt2Ryep/L18hhnc1ivqIMkudqtBdMWJXMCGwFTq5s2Xu0+3PZ7RBfib1/df3jQC4IMEqLSI0fJYRzhBJ5W8E9ZFuexqclMKNX3u17Vub5vIbh7m/pCznlrQBv6y2MS5uwO9pN9s7Pbp6aFJkZ1egdlPBr97A16XCb2D5ab8d3JP/stX39z1ptvCJFabQzg9W2NJbEibDzbFUxvMxs9jeC066qrtdM+hxwQ1/UTm27oMQekOeM5iK8IMrmXZzwUmtbqgqJwwvHoXbLGIKdLNMe2beHJrP1f0savRdU4TkgrNTq9mphFhiRt18hIBohhOKxozyvqn69U1osSG2M4aLfLYx5kJ6+bmBFEqqlnPTovjTAD0cJZBHV5CDvnkkdmO0ys51xIWhJEnckUKskD4O54Q9eRVw/8S1HQ8igrrb6qpaM3PecEsd75HkhoeaU/LuLJETYpatq7+ajYdE3raZlnX0+TaogIhJKP3RWrQb1/31ZydQ2RQV4R0n0LDvpuPH887TL2ys3TVlvqVB3FLfvuivv4ivdpoWaQuzjqQPRpRvxGpazDY4y+M7rqGjmfszAExbZAPGBNLiLsX/QLFIyF9l0knXUsRvzpwzpkz0R7Tueh4Yu44HiG8clWLmDS6coj3FxwR1HqVE5anZ5tOLqc5Y+nbcTsbLlalaUQSRlxEQ1iGpwP5pPWIg4BNnvX+tcQ1hFR2jsUBFzSCqmn01RusNXb6XmGNqedyOW1hNoIf8zh5uotAYuse7OQBbXDBK/iafUh6iVJ3LMOQ+YM6l5xmD+ecGDMBW6F0EL+kvMxT2yL4/HgkSdIlKtWeCphHjhQwWGkjNFphZCRXGD8L+l9ohGiQbBfK0qtob3Q4MqLcmJzc9TTEEUbmERraFNEV8wQPppxTVsnoh9IpU6ok4dIDxjgREHBqjGYdKkcYmh6RSEmZUDt5KD9ERHH1pYakqd/M2wmAMnEZevlq2o8yEtubctoYsAClLzkQDMbZEjpkVpyTQfMJOqaqHw/6cXakAIoV4UR1atv+uoircgBGcyhHjSM8lPBFJhX+7NMKc9IRf9BJ7sDr1qa+FaKvYhxWJrlm0XjBu2CNafuirjilVK/ZDAhxM5eLovmaGdXGM9xLDpCZHwANUZBJlLveObHDkyMLBBTHJ9EcT227991MskxZ1wD1QZc/ltOOFa7TvnqHA+eI5SdYg2OL9NqCOigj5CxkFi583qvssFXeDv9WgGX5rk9bM3ym+urcZSPjYyO6VVcF6sr7gZ9dorn5ePPp7z55jEBQug3btZe11YbwLz0E1M8xPr78c12O6Yc+PZWYxe30UG+5UOLfp/f9Z6+PqPfZxLpGsG+6Q5gJMycv1Ynq8QpkIBbTs82KpS/tbGPW7I48+goXOK5fXcRJWFas4EhZwE3lSUhLRAPT/Ys/+Ht//KOf/RiqftVdzSU0LbkCFnmdn1qqvhDrGoxM9eOF/MTORbIWGDMtQBHMafEnZ64O5eANKzBsjQzgzXxoUSkaZFDKBh0XSPa3SrwQROF4chJ3WOaN+QfpcuEiiiIp40LsU9dkCu7oIhpuwFgSrtNp0qSwZWrr0eCsSCskYN0+H4211TNBnHgO/PUNQkj+1XCPAykp5YoAACAASURBVEZOo53NVJqo3v3pn3zXnC8tnQ90Kbx605Ip7ioLbY7mE16CZJXsmWM6zr2O6BSK6Crh30ovlO2WuwNZCp8uE0LGLBbt1Hzr13XhqyCJxMTuoic3hiBIfS0mEYGr9he///NPf+ehH32dhyNpBuCam0SkrpneyRKX9QY+dE04NsX9/OWbP/fNT3/3J09P3zXJiGtu0V5CldpOpG/evGEEWLVCv6Xa1J9zO816/aYW9Qd/+4/MnODpLMRbFUs1D+j1cMgPb7/9k1+ycJK5I59cw14ExeXVi7c3t286CXnVLY3qw9iTRZ6W/vjR9eIfvPjtvnvQCbXmsJzcjabAiUmv+f/uqQbvEphaU6JgGp/cwNj3kpfJrjj0QtjUCycXh2LueNWl3c+3XTPzNc8X/SLvSptkpi9vexuqlDHa7D/u+SOfCK1wRMD7V9RAS0cIFnAJMHAVR7pFsnJp/8TNPbhn0TkkD3mmkGRn/zZ91MSYE9yoUqAzWPHWsnZuJ8TkwK290K7LkFNOXgD/fPPN/f2bsinXxUE2/5VrLmV8uXvd0flqzeyZjOcz+WEv1gzBlyl6MudRSa+MFKOSbm9mZooZjefp/VjDly+PH59+9Ye/+vxt0+xOo7KksD12byBuAfr06Zsf37374Ztyq/QsnC6apMv7BXbOW6Z++K5n0gq1DCEywzs17UTgc6dl373/9LEENBPNPZ1Z9BWXuUsj64GiDsxcQwl3H45x7UE439y8fN0NatFryYjqO8tlya5W8efAZPx2DyGPrzgjzFLyvtBCZ81rCNvjt8pSLBRBkjEbCdXHcPv4s9/59r/8X3v68ICiKLnmJZ0yRxvPmc0AKUgWoS02fESCcloiKKg21UrIkUFTpZOiSPPCKycXfPjptnbY67d64uTnf/TlF3/7qZ9SmcfcI5QpLOzfjRYSpVr+V1Ebq9j5ZVn76uO7bx5+788VyH6oMEfUb6VZM2yZMyCC/EAjYIE6rz/nrJPco6FIq509NFadCUngt9NeAEv2BEJpCSlKh+0aDEXzKlk538xnCZEJ1A5ZHCcsFR2O1qjTgs7RkX70YqOGVAFi5IGIHGAFAIYb/2iryarKTaQsq0HDqEOTnt4hiL0T0K5YPD2++PTgUsePmgT9qu9A1U6dmnba1hyqLOWnKdAVDVWH3E/BVnaSR1k7NV99wtqHzqP9LduG4VBV/OzeoQNPGVJSztae84i58aqo6hTPwwPHQAzCivccHsdMli7lArIcQ1wROX2W92NETNIlDg8tQxPp2ZmqIq/yCDo7iwQxPpfyCDqynrUXR0XpbG2BAMf+T9FSkinrpkR0jITSGDoNZavEcv2z4Gk6gp8jAkkl15eAx9ixXuzZ1CEhmEjSKdgRCiIvEypbAYbRR80Nv7b8GisDnpfn7MuHivGH6lkGF4/imfyo7+jZVLu6Krzr2IS4w7rC1n1X8OWv7h7+HV8Cc2lw5259KWAvmk/jq8fHD2//6Y/f/LOfHt+nt2TfxTn3djzcWeL3FPSn//jpxc/rOm96p6aerfEmkI2a053eZxsM+4Ctos3oVNfERVlNOOfhYwFKQTgGM2URjMiOJlNVbHLChRkdUbv+ElhDvL+7///9jb/9n//+3725ufe93joA0zNXa0nqwJprDQ68q+AkCSWz57mFnRBwH7Ao+9Ndc+WBRoA46cUTNDKDClGwsoeYdo46c6Atq4JIl6LaZzWzpv0DlwAqyewTw/Cv2pmPaeKG1Sh4teWQjuLAU3Ck89bQsCXSokbv+qF2wJEtkbQzndovZj7L/Ru7RwhIlNUd4mcXdXzEtD4uUXIgJL5Xxb+6K0xlZ5PRUtSF0dZmF4jCxYGuooIG9sWcvtwQzYYzlP6PknCAQjMB41RpQVcdYRsrWTLO1V7oyZ26CqXtETVn0vn0+OjdsXc9+vb6r//rf+XFQ7OfJuuFpu4/Ycdh2aJZ7RELb2+QeE0Xjymesnj5+OHhz/xzf+5n/+OfPv7qT2O6ub33DhZJ3C/MuNrYoHL3rp+hIjS9fYfRlac7t2TgMrV7/Qe//x/2jQtiGducLy1aRhdNn/7g4f0ffRc91V4WlJdH5EEvSZqff/qP/PbbH316YYaT6hrGmZxk9OntvvxD/9RvNRkx/NX8k2MK2J+suL19/Qd//W89/YrGnWZ2ESAlt70OaFZ4JO/f/au//6KvS5RZrpr5QbEmNh2E5PHpy2N3MH73t6EB2y2HXCiHzXR6/uL1+7/7R9/9wS9evbo/EU23MZo/NIP2jMln4C6sYXJYPyC3uIy3g1Sp/SvGHTOhIv9nW51UwJ2YfXIvHp41pND13JkmSLPf0u4EHfEJWaOuKCGxTGmCj6Y2CmJ0dffTq0+/8xd/5+51t12H/JBBVCC4WA6VKHm1xnEis94bUC3TONI+E7aa2VrLufNWddhz9ad8nZzuIN3ffX4w1998+sun7z78rf/3f9RdiObd5+J9px2SdG9k6t7Pb/+Fn/3oh2+bhu+7BvAwLChdFKL59tOvftEktL1a7ElUEcoFpcK7N3/vr/7B3/y//I3Xb/o1aC9e44V0S9fWehsnq0Kgw3QhYAEVs3Pa8uLTD9/94OV97E5aKOrswE/mkYRvGSdAyV7Z4jotlRBEPNqqBxzVgjAPViltkiR3+HOHHoLvx1s+Pv6Ff+zxX/qXn/7kj5o+9ycC7i3q+yZQeE+yKaHQwM7/tE15W/8OtdK1f+EPTPU7ta22RFnYAKkK8oawm9dv/spfuf+3/jN3CN2smdS1c6KJrV+JtqZVwJOt8/eOel/5/fz49HTzO3/25n/0P3z6+c/dR+JfSVU706c9I449dCld498BuGAo7TPw4iRi1KpTVQ27KrIJcruAH2wX4aqsiumYxxDR4Z2CsS6hkXREDCes9plrKonnxiE462zVDk51LGe5wHQQ1UxEM8STexIQVSTbUCrGjC+uHbXxj72N3vPLU3OJDx++/fbbcuT2Rz9+fP1vffz4186EJ1CoX37pXmwJLVHGBwIlaqeOuPkIjTKrvKPnWIyeGUAhZSRButiRr2xch//QtCZ4QJQ8n84Gqrkz/ckYDBLIrggIkDL9eZm0Z48GSebnvPkxmg4r5JmpSuVVx2OTV8XxwDroZ7GgaTNRcRZunNtBg3n8oYlwKMZbacRK4z1UCgZBPqg8drXLRP8Ea507tNkHLq40lh4N/PW9qgv4Zd8utgVlysdPzAWfyO81Y7xQJG1wXCaYlksBl2yAeFaXSXi+LpM4767ITHuiJnAe5eiV0YzIamyLoRJYw7hu2WEsUWDS7tuYJXhWp/GnXw2sv6j7qOfguS4PNfjs5SSxhf/L+4fHDy/7LZuGoX7zqNd71/OX3+fnKp+85635Rz9X7iZtYzhLeyrOk6Nnot0xzNkNFf3XApUgrclhC8ZB2pz6hAi9ssOqxTqtnQMMNgRcbMvOEQY5y7to+eU2GObTn3pd+mPM9ZLBSGDjV1nE9YsyDPEvsZLZaHsyimp+q1MfOvoIh2o8R3tXQD0fQQRoq4ZfWVOuem67egTKI1NOxkwYoxHeAB1JcyGoIjlp0Hokm5VPSc64oFJI63ERNI3BUUuaYW21Zs9JQz3XhW2JpYEFJI5qocxBxwrqjzneJDE0+tiK157WE7HwKBn/xEOqGOVWkB4lRz+b8kRFxtMGxCu/N4cIQ1qbVESSpJyXt8k1P+Aizq1CeUPYUTs1cfk3rkWecfIkynOa/czo3Ok4PxDwzHcQg9s2GXHNuwHwEyBUD9SRWonn50mJODyfP93f3nUpviupGtfn67XBiQJ3gWrSvIlRP6fFCOrkc5HqRtzru1e3n54eurC/GWZBb5rfSUOK6nlKmabuXf7LHs+dxg2ejqsJlnE8i1738h8mNLAbhjoTjizeXH13/7ofqe3C7U1vC83jzeqC0hkJe3OliwI9y9oP/JavwPZEU5e38lJX4JM1/HFkQmqbQ3hqp0n6DEl1M/kCZ1x89eLpqYh22pJQTbTvSTar7IulwcqGR/1GD5Z8vn9zn7zHD586E9CSmgy+ufvSjwX3lNDuK27tqbzYP33uxkq/JCCUNQsnTUnu6u8d87oTzzFDxqelynn6vzLW9VFdfVYvI5Y5ycqbyvlKhmBW2NKBXobpiTs5pq6PzEzqaZsdZ2gFHUup9tTbJi6yDssxshWuPuxIMr9jOjuDir1fdOsJgs3PxHHEqIhNSNO66PXOK6iL1THgH02VJp3k7u/suZpTCjYRLOz998jgi7tOL3nZHYb+Oqd76pTv9tX967dP7x9KjVpMFt/r5E0hC1ZDRJL6JTO6Ggz6Grq7c3mI/zZiZEB5CGclTjV6dN/TavzqimkDxMtOa4XKm6niy0g+5mC29pAHp5WA17WPhpBZlLZ+a/nON3DzwyIVS/oaZlxqrT/iFI5IwibuaSF5Pv/qJFrERk8yr7drns+txdAKmxjJhp47evGya1lZ3rGvPX/88NoZtcvzptENJ5vezQNyMGtMVkSVm0I4MB0JyhrjqlSHGLocfWgJqZLtkWd44gYzHT18p2n1NZ7SJHtrQUHr3DhfRJzHnJIL8S6XcLtHQ3WqfUtPSkWsNdY/9T3qflZZTraib0BzR3gqpTT1Aph7jXGoEFa4cB0yYJdpNmp3xB5hqKDPYjJ2OpI0584uGvgrrsXtKw8lOXe19WwnN1C3DFlBnYa8ZByF4Whb9QGTrVpuQwaqZ97T1isoxECQQ7kROgVH0myd9iVTe8UZqCqg4OF2yhs/z3Lz5U35547Kd722oZu0hPTRrUaWzwoEECyHtg9JE3bUrslWZpkCOd+etOTzXWmdhAjAUHkAOupDwioqJ3wOZmaEPDyqU4EVaeX2drTATh14lxcpnusmDIelFIHEYawX6chKx+u48otiLWkSU1E137TCeUKXbPstFI8L+fkgGymOaQX3LFIg50Ro0uAfUTG32aFkPlqPkkW4ymovmkniXvNI8H5tOXTHq7RUnbjuAJx9up+pR9rBqZm8uVV5n8tdx52NiNhGCr0d/QBcygeSvvaz5XIPqlVWjPDIOOtETNqstksjOSfpD/UEHCksUWVEcGnNXOC4ToffqwN7Un4SN2JVCdLSEV4wEg+Ywb49HXJDvZ6iEOv6+hV5jyk36tQ5mXJadGF9WSrl5y/9kR5NGZSoJEv3y+ioT2FYiZAv4auaoMoIJe6yfymoIuv7dckwVglS404vnNCl7rKkDqnipCdokrRUADOy3jFEB+CAbAUp8ZEgpLJyuGDsYI2GrBpsj0axajKscGaVkEQmBBc/nJGNpAyIdkTP9qlJfv4lI94665yJece0pjz2CaUnyVNjNbIoQokQzjFeCsmk+eqkxtxbZcgr3geOfeQbjLlTtR5tdINf7aQrYXKK6hU3zC3glZIWWdq/1+V44MWHCmI5aOLaROvxFcnlMnkwBq154Pw0piMYMeN2pKXVNaerT7JwbcjpANVUVSjeg5XmjjBEb9X+DAx9vfZx8KV+GpKBO1KdevP0yMzK8zOoTZHC3tVPTzh32twEIZkkHQ2h6XsOdKWX59aQ2nM5sydnngiSbR12bbVH1wjo3n8PRzFgF383PZKR/S5oXy4zG98l2jCbOdPvob7pYFdTrd4mZPRv1AtHyjYRZHmtshm/3HZqKhzmbOsQZ6kv/BBRicXaqVTn/wa/EjTVLkZmezc94n356qnHdDon2cP1+UQ/0NErb0nyIELcncMkSD7055keqri1f7/K0Wy1J6Bqpl6C5KKDS9I1ALk3Jg0KW0KOD6WdSNMnojIwgkpkw1miNheg2kSJ57nCanvJio/kDhXyVIuNEmkyrVrZaPhJbQfByCuVo2m3pbkitgrWjHdgmhF5FOmZXKxY9k3nOtvSqBlehoSeGPQa8ZpAge3Zy0U2e9c6s5i4SCdwCgmufMk3L3VypBpFSxJe3Ye5iPQCtJevvG9Hec9/Nr/sDDNHJZ4LO+29venH5Uzu6x2du5Za4alvl/Koim9iU1AGN1ebmjmy0kVM9mcY24tIBAHYD6SYt4e1xJOZrq1tJjy/yCVz117XwBnV8aSTC9f+Gd0mXQ3JTjCm0Cx9DlhwMeWV42wQxGOZpvQInH8FhHfKlkWHsnYWMDNWsvtDFZTe9NuJ0tPHBrk5haj8lfyjj6h4T/DxJnlI537HQrnCqHLLcJp/FJGhR02KL1OwlLE3X17njqqdO4lmZz1DHSYWZlFI04V3S7S2bcqXQVq+dB/j6eXTy36wGikjZaeocMrzDsaJgz5fQBOmjCokIZoic+iTAh1ywKydZfyYaPTp2ELBJcsJUU4IcBIO6kgyB6Gu6OxYx9Wg/BXX4pDk426moZ2iBI7vOLt1wqdwwqY9wranR9MxaEO4Zzx3zU7Al6zUHpm5u32CKpDvzNpMrjjU9QlHIfr82nUaV0sR95eCbIxLQ0h+TQDyNJBl28ZyuUn6r2oVnBPVFVi+GppoK15Xw8lHGkhV+LOctUJFqFrbEPg9wWiRV3eW6hE5bBsWekCKZK2dV4t/tdCNjYmjVK6ItnQHUtdXmlTAha2WblOhelqEvJpxwpeEwYmHeMq3KJxSpGpajabNAB2cKlDM+DFnxii3WblD4EmxrD7azX24aQoSmq3RDAFvVL47ADSNJ4L+EE5O9ejHcGB35OKCCu64ZEVyGC7pVZYXuSO6SPhOSLZzysaZNyu6lrN3JLY2SSOh+mPiRXgk4pnArIgGfWSuF9JTQUVS80y0wylfk5XJ/UW77iyUEfXc50EZyDqmvZTjSJXdjbhNXJqrGsHiLwUkvwB1qOUDWpdW8fFbx9ORcIKR1V7aPENvq9jErv9QRreRF6V/nt2QwMwIF5ENBtrOPjE2Yp1zgKT1JoVJrd9OooGb45oeZKpIwbJcs1cd9smeGca1cr1oLKtl9n6QI57GhLUZV1uGDKQzEF+dId7VSDdO5qdQNNi1k0sw+HOQ0nqW0yWeoC0NRWsBPatgkNCSYAGdbc/ZsMN8puHGaHm2rSO1X8syh9YlArIJbJNJMXeEYfTpOXKcMpU1UqH6Numwx7bwlwAlz5gN2CJTsCe6VcoGmM8rXr9SxPJdk8WkNOHIP2YY7jtAU+K0NfIGxO5ASVK1YZRhJB9LO2Br85ZRLpjJzSI5Jo5VNK4Gcc6erVUimcZtky51GFmhP7OrzkuS0l5PZjdNl84vewpI4jeXOpNdqBKn3w9Azu1yqIbR/Djlu6xDJnh+zefhoW9YNsFqRp7FPaCRXhf8qOoa/MVTzvYaEor60nGwnIQkonmJr+uYNfFKs5Snx5vX3Wbw7s5MyuLI2KIZ8XaeaQZmQqPgxR7Fydm13y4Oopwn5ZPASsPaYJPyIlLue/lXr2eNfRcZ/c5XLDHG1ddKu6yQF3e/4rZ7Dr1rtwvcPNeVAv6ucokSrBxkJpgcgjuJ8i2i3NrNr84Edt4rYj00UsBEbnEOcTySjNaki7TeIenHfxKn2itRIhND9XzBmx0IRP/RiY7xagSt2mG3StO7s6Sd6ZHrK1LroyM45qBOa/XtxISXqnkw7UoijcGTM0HnyIKDg1WJj5YPmxQvn6BJvS9cLeVMArUBp1d9uarJBtVTEJhJMKckX6nXx/CCJrg+uSy6Kz5d2XbW+tGP/lI0N/W0ZwufxFkbdPPn8+PDU78pUYbs9kuS6DAt9gsV0Ma6/rJTNs9lKawp5ITmbcKx+0WcJlVPa+tbJe7q7WyDdc3yM6ika3Lf2XFnvX1BZHeE0uoehxOLBCVj+Gpx9Q/dtHDLSQgBZkX/IjgvH8eAs0gcoxYIDcBh1GfrYAUKJ04gKiknaibSTh9SXNprupfWR/fEuG79Rs0uw2PW6cMp0sm3BwCZIm+/WygidQHg0IznquqPbvTqy7WatlvAOe6V71H0rR9PivkNqS6PlD5dYVMMdlkJcbuyuMTcyXalIeiMr28td8EuOXUs5eRyz1SVTrdr4o/VCVZlYWHXICVUE1q5zM1OpiHso7JG3VpjBNruTmysjQ1oKs9226VLcjo8CSsIVxUUHZ2TIbTcMjoCIDzbyCE+EkNCqURYC4NLs+zIqcNswDafH+LolpXVJuqsZp+eI1aQTk30TO+TiAzTjvQuNT/dQnsxuCdWJGqaXfrsvLiMydcbFXGEZgqDSfycVpkYHAe2gXKyDmC7M3VW6yMwzBblluOWQ7eCygtAxi/7rqLVM2ByaekD85ZnQ39NytFzKKyHsg0ZYkzxOok8dPaPr6pdgVBOxgzIwqmLFO5yvARr/7Ibrquq0qFU2d6zZ6tFsNVyo116lMjRS1qG08ONBKn+ujrMWx/vHO7MQIJyTM/P/5xIVFW5RCJ5gaO1YGp2acoJjAszItC4P0p7JNcGJ594rBZO1KWcqh3pt6iiZPSt2n8W+ZWVCAwTc6Q/F41c+RA866VFR5C6I3IFfDbZa5cJnMtytxbcuU20M0A7T56jjVFagGEJ2qK4WVaYZ7yOZo4gw5ymLqu7CrvzW1swIJ7w6Gi6zDgt0Fy9zxwUEgZM0jywI8hB4VD1qI7buUBzrwZRNcMUDVeuxS0dgs/lBQ5z5UREkjUEnuIjPFX96VUkeORtozHkaL/2fWiejxCh6mNvh4HQ+c6rp3bexlrmRHbh1TlcyBvueG9QFrFAAJQgjYWo1Lc3eXDQILJjmpTqQcB2KKEajeKhRbBu0fHwJecknqqJt/bQhKnsMfUoiiBv80AdnxQ45CFr6PJNUcvcq4L44LUdJjO+aSgzgjxdSHBQZ1N5f+5dG2DLENvGWIqbDdNpcDG1olTH78GAKaGyLnsxFtzk7gGPQYI/HFw1DDEjTdE1BVCnqnraxp/xuGT8nksh89ABmAlzqIwTmXkh2yzhOO7oZ5E0lzgbHBJ393ovvizpSPXrXtKKPi/k7ueQvfmzn9zoZ5JvutP/+KXHms2DetLXgzOJ6kuafl6h8wcTpzzSfYcwsq4EX+a20/zAFNs0Om9FDY+p5ClBf4VPJEAnWiiyy/MMbGtmQ0JjGOlqcl8N24QCvYlQLNjarbl3ryZq7bxzmhxbKG/vxERo2dX5cfufPvX2ULmR7pBxpPO6E5pdCk160x2tNRM5K0gnaQc7eO7UxmIa3L/wmotOCnQrbC0up3SRXHDEripsMW6z0Nu/Oo9YYj0Ei/Ss3PGSQFqmJdEcRQeJdnYoQdUUcYpOWTS5OHD+sF2qd3DYU5C0PHWRzHADjHusebhvmXeJIhJfAnVzxXlbrNDxtqjkq0ryaeITXYAqL/CjEifz7AnJhrJ/c2h51KObiIpvmeXCfFkzC4krTEWdcJOdEqxRotoEJ9EvAGAt/0icKiETXcVNmj+4Stpcflb08xR9v7xbWW4fzUFdh+mGc6b0iJGkkZ085GTgsfMTpnQogWsLJXZ4eu7UG3ia9fYizrIhEufJRTx/pHYl8tMeGFTlEI5RlqJ2qNcBIpwrI7FwdpUy9HiYZ1aIwY5+opMSaHv1b9nuVD37Ny7M+txD0lGclqN1ws0RM3BmLXjxFYQrbpGsX7c+QyzKRtvYduFAU+fKBTkcnujRziuDXwyKePKHX0PNDOE9BPpNjjpPM97X4WpWWDV+5dzV0TbzElWTrVVq2iFzdtdO9hHY/9HMy+coHudD/J6QiJOCAQwSZsARz35GHOXMXe88AGPRp646IypIW0hh7shll6nh4orBgesrVUfONDiVbwQ87+RF+2BNkvUsD6SO5SxkKW59UocJINUekpAu/eVKNB6thHA3o2CTLYeDuugAZd48npYICqYEtr9Nq2jOfwLq4yXS4CXzmWhiHEhQEPsHg5aWI6oaDfHXeEYXKOyjmS0dVDKkk3NW13rGqvU/GJPPk8tifH2yRMbLM+qnYR4A57+wwHxxV3ccNR0dfcXV3hFE5FkYG32k/UEG1A6iOd0ywsPQGgmeC+KBdVSMr9WMwrNgHYWjwz59rY7IQx1uF7G2LE/bhwiSWEaE/hRXBGQpKvRpa22oORLbP5ns+EJy5JBFAtLQk32MjaVCSXxE6YpO1MmPioLK9BJKTouwFbA2RE3d6k+MlBU7qiyjuHaOGjpVlPUKzo9rZD2hyCsURYN2o3/TA43BE8l10thcoVmAMJQn0XryiFrNjc1LyFpOKI4rkplhFRha8M3gjNWkopfbqTl5RJbOXJtuZWzigCibBHlitT1N1vi6wazrm2coxMOblztdl6U4JRTusTBidsxSWLDsA3SGr7wijl3SwFCFIgoD0QofUjy4YJszqO8OvDqemeT5BtOoUXAMCoQR1dcYhQ5HRMsvtdEdD406c7BO9riTQuRBgGTZNTgdzbDRPa+y4vQry6SLpAFg53SIpuCc0nYkQZ4tpIg9xJYT4UJ/OA4s2PhmPOK3Z82RZ13HfYk2B3JTs6BGlKR0QXgpn19FWRLIk+TVH5dq9rxe5nS5uSWDY2gMNJsycQ4BKG3tou+Q0xzyxlrCpk0IN+tB4zmEUaHRyydOzveinDh6Zq7Ho5vDvGrGU4FnEjSKErVal9l6ihrh0ZA7mGiV7zLxrgeHmnA38X98zGjvV1mK9wXNLinF7kFeE5Iu8xcSnHxo3u1crZI8klS5X3EP/Dx+7NuY3Y7oa4ulfROvhLPOOcUeIIaEd2LgRWcTc6l4ENKnxWPEbgaYdVbmXDr5nYfEm9NNSrooGTJT0v71SELW3Yw6gFD1dEmvx+j3BKP88nq3RyCdH0hsihlRG0qKgYSzWbYI7XGZS5xFECQBTELuzOaQo2+/2aGZVoxOUS+yqpcgFZMoxmf19XClKycsszaZk8cpy9jsiSPmkydjb7fSTcUi473EjQMUjVcCxiKLk6gW+2ROV3skkGzqcqyNarGNB2W+MUXx1SyOEtdKI+2682SlhB8qq3VViVrrqVKpSCRPGIvdJlldOwYqF+l3ayrAOJdoHtMyf3ZNvdiB14Nn14GP7wAAIABJREFU3UES6+75fDRZjN9Dn+sVKKdP+qaoi0dZ0gsrN/MzL09+lEW3M9sejO4ctofTmrn36rUT5abz0Zck64udTrAw8LHms8K7vK5N9T34qnY9u5tA2d0lCmiHmdXxFfUKeEOxLXe20DbbWssXyZfDmjpGgfZaqhkxCIdwFazNyG1GrtnJkoYQp2K8rpHjTW28FcTTvgC136CopJqJIm1k81988pivjt78O7ZDn8x52DYhWekwihqNLq3rIDlGc6qLq1OSJknP9AU6msbaijrTxgRhB50w5FWXqqOLJqGWy7yl5ByZJMk42NzVx9ESbb5jCPb6M26bcG53EE4g2vocDXDP7SgO1SjJOQC290zMffJz2T95aU+h1K6ibT2SBKSZo0ihrT8OdSuZ3JZnI/PCKZoAhFNCUUHs71Bnw7H1QODVJJA8oi5jwniGhwj7045TnVpJcKYX/DoxNcMYWsMvWy+HXJCxVb5BkoaM2nnB2PO2yFsck+nI5ySOeIyfstgTqrIdHqjQrro07LA9YJQ67oMm8OsGGPIsIrzy81n8syjc4/iqLgdgS7BItCH+aFFuGcWpiftZw5TN99wGbmFoLBC4HU/QZMaz6kFXMu2t+d6+/0vtsWpWmo0uYxEY7Noe+mQQs2ObpEMwsatSEohFrPWp7z052z18x4XPciZA47twrDyJGYVZqRxR3MHZ2j2+mQeWeNVMMO2o9AnxtsiRw7f1KVzN0VApngvWoTzVFHLhgTP5zxDikFc65v5qbTp58p61dtRiOGxH9Hh9MY2qPbOjnTsbybWFur869zmC09tZg7E1GFVPk65/TeIcyr+4GnA8S5qm3SM2gtmFp45GdlRfiWHF08LGw12bLBF2UVQvY9bPHN1X6ZS0yiCq3+6soxiqW+cmJJL+Wo7hKGk87oy4nR1WreIKx5xaTeIyilOiXPNvXoSmffDtYdfHXEmYEGnZsQG8DZkrwIDF31gR2Ndx8Ekseu3n6pVeYOMFZmwXzGyrKKbDUW3RZvCzHemNDY8NnVlCFw7JFAsa9PNUg7ZUqp4zl27TiKi/5QBnnBw5wp5Fw56QgcKaFC3+0KZKcvTFWb+2t25+6TNXJto16KLZXKJuCdA0egLT72JqG00hZkhTC/OHEoy3Q0Q+FyRiIVpyDG30l5GgRAtCzmCvs1lzqcqNlIceQM5KPOkytnwzptIlp52ZxqRwyRtnkycP9gDc/XsznmoMriVlpCBU08T99ZtuEwWiR2FS6+VCFaYpFGSl2hfpCU9J2IwTtQPXoyqXXpQ3PXEJVscNUOFC1aMVhDYLiywFGeHJmxKq5yjScdpGpx7cxtuVZHYPSDXh9E2eYxI/EcgJ/hHBNQ/skOUeWuq86OnJS/2D2vMiO+lnyP4KJkULZ1vmVDGsJiuRtUquvANuiGgVSq4V+9NVtZsvCKnsIIqR7Q7zL8dLhGkGXTUj4CJ5i0Y2wxQgxasvOQwzOs+weZXXrqi3IN9KYI8cL5dmxlXvdAAVn6KNLytGgO7YpaawLY6VFJ+aU77VqIDtUuOsFQ6msSmMM3UU8UvZwtvS3qymaaT0uizQ7PTOJLg3/OAecDjrUheUfJt3/Y7il5LwY2cBvW2zzrbTuKjNZnwzX/uIdYdr1LIwTD5yosq7bmG1tNdDcTe+NPzl5ePDx/vbXvPFjUXl44eHctR+pwcffSmcWLeV+tq3J9w8itT+Y8/CJbkWVzJeTuys4lxsDlUp1IIi83PS4kIL5WLdf9GwY3ebtCYKEAK2vmJ3sdjs3wqtJ7PomT85XrXoHG67KyJwMNnu/0IQeVm1ksmLpge5lgh5XEgh4VKZMy/yJGlwNnWfsEvA2k1V+SeXseTrokmuz4i+Pe0czPK5psdXIi1O8wB87ST9XK3hQP0FEsh1x+kYvOoSkFjNY2avgdUE5xQ+tgw7KXPSkQPgLNjWisj0jijaWV9fujwaDy+d89UjaX48GjBmWFDFIBmMmerKTgImby7LocomIpIjZDmidAKUUt/KM8xtL6oThgWECrGZ1ZOmTXNnWNB1ahCIo/tAG3G1zrqXGdpkchwAOW91UOGW0xdSfdpRkArWMv9KrTginpCwLohcfBZbKiE0HkQrJbX/KbBiZ5+ZGBR/3DTxR86oVFEUR6Vwivphl2z2WzgdTYQye7urw19WqtredoRqIrfu6ChY3WCMmK5RAvmsNCmXzjYS2MIZNj7HgoFVVUFmX6dSm6isFC35kxaLs2G5fMpXg040n42hCxct3urRsrjxAUwDcTKu3SKIgV9x2VnTYMhObFQKvG0rqXCU85hSPiEbc5u4RztZKEXuYjmMg8r7hyleDNRY88wJ5VU90wLwjPToxHwxTGrSdAeHGyKg4kJzSAtCB4PXnjQtRRqP6sg+7YLofoSoRNwExdcjSWzO04Uk9xM/ftkjAQljrZvFqfANHdMFvyigAEtTdzrVNADpzWiLoIpGhSZhkLPR9baqunK5JqDk/8/Vv/xqtq15fldErEvE3vuckycrs6qSKleVq0zZlg2yBeYiQHQQPRCi4Y47tOnxB9CH/4I2NCxoWCBZIGFEA5Vkl2yXjbGxyMoLWZX3c87eEbHWigi+n9+Yb+xj5lrvnOPy3J9nXOaY452vznHdcomLRjbRGV6jRVQZiXSJIUfFeMQtdU/LwD+SQA7vgQCvhjkgkasUQjcfJYC6SVMNk+FwyUSJgeO4/4M4hyKja5l10GA81iRZxZQCUtkEQIEVUHRKhEO1XJ4ZAZe6a0JcUKUiAzRa3F1rCE2BU1WrRJr5pg0x+m/LeeBIsetEJd5mnuAIeUQ7YlL/4rra8YO9u6St9aDj3SAG2ii1yzxIE4j5Ym0r+cxHxQFji7g2RpxhubuDQqsaAq7ni14r3rHV4ghzE2COuLxUcZIx5MKZ3JJ73BCOZxCmvxnuYE956dx4zG/YZDyONypWaqQo+rq0p6ep1bn35cekTs/ZLXONW8ZrqT3pe02OtfgoLZg01WhuwM0B6Wp//cIgRokwsVmVKk2kzvYN7avpW3u67f+Jni8SpFKPR8Y/YxwB2LGJYFzcTTCo+VpHjSVbxOhMI/KFmVa/DzIVWadPNCqMV1RGkKwbq1g3FWqHdQTtkH1uEtmXAALflGEej3MF2TUt4tKB8SJqYx/nEi+w6akRRb5PwsSlc66uE+gSIAmBs4RrloGr+bp2EGkOVkm1qSBYIKTOGhPD3IpcD/fOLBxcAiAWCUyCqAkcDjMD7Gp5KpPEwoyAoic/XLKqINxpwAhcn2qmh3maO+WtXOQvamV9xIY0puaOQuBYX9jstoM9LHjo/Qi+aWtkrZ2g2LKxt3g2r1e2INRamuATXfvpTVOEpkJfl9IS65j9Ka13DdiUkDnW4LYJYpKtRdZYWLr73iJ/MWG7TjeftebuBApJRKNem7IDslSEfeHYl9iTqO09C0Ls9nCqBLCkd2vpbqG7I5uGCM4mXUeDmvNVRRVUOpsfA4d5gBQC3LX+J39VEv0VCof+kXQnXQ3TXrc6pXcg5eDG/BQ39shG3E6hilANccfcZpSOMKuPLqCpNueClJ2ruEkk7NkL+ISLRSDr0NbqyvcgQgsfc67zj8dZehrG7JbBa/71aWxoPmQhIMA+ES7JHtrWvFyWsQeci9dUQFVp7nc6vlw81SMCtTG8MJjxVzKtI1Stk1QUx4d1fBhqDTb81XT1D56WxJmteEa5IAiVxLqXhLH6d9FPPn3vYXX0GWS0ijO95mFL4dL69FMQzaSnnSOBSgRRdebKZTgArdyAx0KLuyhmfKhoBxGPbpMDx0EDJg0XnV8gRSKyu5OSgrIrJpVOKu6/NFrtMUfEru4inPPPNJN50k67TtGYrDmnlaSR1/bcflxw8I+KpywY+ihL8GHsXNmRD8BSFY9NVmCXCmNwYKrKDkMvGS/nYi74ggd04NSa7JUemxKXS4czQb6yHOW0PkfFmXNwJdFh28k93YJWvr8wBoOZUiwuMkpuSWWMcois9GtdGlbN6+PiUh7V8xYgrHzgj8PyaKwroZKjahaAxysX7ILyKlc1MoCylxWW/ncEguzwlElfeQQvuNFPhxOu3ABox4BDCjkomi4jj2oxNQ8B0DryNzWLmsOGQOUHc0iZw5+o4NSRpZkNDwH0ovG8ZN7T2z56sBxZP98+r1u0x2RjfDN205JTc+bTSVP8iClR01PvkGmWJKHGq24nwoYe6ySdV+Z3WDCf9HAzf5YZpG49NqYyxyIClA1Gl6oFZdB4aJTESwxa0U3zdZFh3iEjXjscv8sSGlr4eJgmdj0CYXOIl4+G8pDDis2mVuXOkTk0SWzIhNPxSddJg8KkWZ1HGQfoiAwI4XOqjtwdp4lOjk4orGJSTBvWGLjcogJWQjhJrXAFJeV5aOXrqyQben59lF1DV3JknL1uWkUtuVBBedYv3aF4/t6lGuMZ6K5182kp0RxayHo+NEva29BXGO0uaKWQdqYaYtDuhs2Vp7Aghz+9nYR1MCKteDFP0qFRm1ZHvlIN/YMm2bTZfCw00ifShDXjZgRPwFoULbK5eV3peTRPPz4ND5nUao5/M0IkZsC1PpsvRLYx3Sa29a4jndLtqCm0HL6FnwbGLhN2zISrky8CN8VqUBajZZkr3rTy5KRE3xxV0kyAwbpd1g6Ilz7NCCNfI3vVTL+iY0LRjjPo8zQh9PitY6AS/ExV08xiNgUleXJ0D99mJttIvGumr0AkLe+ZkiVSMhHLCEKBKGj4mbIEitV2yi1Yz14acm9hXMcRTtB6njOy6lsoZL8VYWAPT1xPwNMqVNzyYxYWOviz2TxVhuOnljNUJWJkyOrGYEDR4Y2qCL1OpNoAKVTi1FZe2EU/KtNK9mvnCj6K0RuRQxwuxl0DnZUuSRPq6Fg1yZyipRSFY0Wztoy9OFivKk73i1wAWkev9siTQwsLwrtVMDW00D5a+CLbS28IQIUpkWp1mfzTqY0/fSFXs+XCaoqFWT8ugtneoawBJxr9RlJvoYl8twe1mkK52TxL0d32mtht53ok2vR/15cBErzZnsbR13KSKKyeEia+EazGqw1qZqmTHSQj1T97XOdSZJvlVgasg0VvYEtCQQYmy8em5PFOa1tTcNQHtxqgK9J/8Fom6oTzoa7yEL8Eyg7Q42Ki4S/TFn+h8+B8fknlxnz3PJMBSaQmGRlxQgnBvDGmhChd2cQtkcPLs3WuSYtccAS9MKo55NcDJsQCCuEAjGlokfJwIi6JxxtXUq+K/AI70VZwMKpKMPPeyRfr/CY0U7RMpIAfhMihdI7VdepfbQwH3/Jh4L/GXuBUu7kAzLTtSI6LGu2Idh1idxxXrnDkcJjgoU0YLJIxo6RTJBhxD2qOSIxWQRmhraNsNOm3GRWGn3qjUtqAwARxWidAkqvgZqloD7po4+CqUcAW09u1ig4AscQgTgHwFw8FDO3if4DxHU2S1uI3s60qfM3k2B6PuOGKXFkGk0B8JZ2ijRSZDslVDyxRVKtRmMZKkG20UNgJhV1O9aizEdSDNfjhD2PDw9bw0b1AOIH/yTJR0IlssU7D9LkgV7yiIMpEonBYwaQMmTmOZIdpcOqPJpkgpJ2+6mWzo4Mak+d2Vbj0NKyaNCscrzLVXseRafAaT6XT40Rd2R8hvyJMARwvqpEIZ8qwwldRyhicb4egPzaK6lWOVGUEOkIFcZbQhwVqFoAKq4IQCpUsle0dYaBS30OO+veOWmCFe2j78vjube/v0zeHDK1vsenpWpT0lrkv9iUjEydvCq8nyHn2DZeK7Nt+ULhrwlMHTxoqiOvW+Iva9hPjWoWexPwds1cv+4IZrTeYxwiOh8dRWEM+gOGR4TQhWiTozCE1SrMXkj6EdV1h14F+9YEYQmP6DuHy/q1I/xqFjAlR05XLJMedVc7MyTQqY4bhBCPRDK3XLLrrgRLbwi3zCXgAzDW8SUfQTDrDjTrnoAcysE11r2REh5o9oz0rTNnjgiO3UkyDQOJ4QmqTJsyi6YiCwKBImARLCIskh21iCJSBmqmPYNnct5HMpCXyqgQbaerWgbUtsIFLx92xAZ5KBVPeb3yspi9TPL28vH1uKupdGc0OYGRu7JGdPLBP7nLYLEO1o5v+I1LAQ+eW48thHbfRr8Iz2YvTloFuYfj6+fn9fY72HYbBpVlX+51I30veLcMRIknM0XmjIyk/vX7/q/d76cq7D68/NJ9urbQ92U199hXgeBpjkqqV/pRbUJExaSLT5EtNuyyypD43WEBnEpY5stb957dP75/fv3/69l12okQNNklsDCmoPrdlv5995SK3CwnVXQcXxYIP+rst7fKDQpZAAEiYTfju3vRDBOneKvNeZ+Rbo+sian21QyvDCVYK3RwdnSRvetfTnoqSGuGdUdaEVoJjE5dMe//Y22biydHUgi8AU+ehHxU4qgspspUTgPPXpIzYKKrYsar4XXg08enfm3oY51Qli7iXPQSiqz5bx4s2hwKmxBtrgjEhSvjCQHJ5AYL8KQssVXYGmBdPCyFvuMHqYjPDkWrQownA5OQAJg7eccg2Kio+3WNWLga///j9p+8LjCprLv3g85a0CoMepX549eanTcF7s9OH1MrYfY2kWzj4lHjz1FdKuhPVG3TypC6Fsj6O5bsT6G0zPBismCeUTGkNu+//Fm3ff//hbV929+USv5BahIcY/QIiSMF9/+ZDP1nFcpnSO0n74+v8+Orzu1f9TnJmEkxpabjLWFwT/Mx7jEL3a+6gshp9UwSDZyB/jF2atZRVw7YrPm4RchOr2kBH3hV0n3lrOKPSKaaIYHI7T//oH9oSqlaLyZkehTYPh5mSUTkCo3L6PNJNtFyRGJM7GtUXXPq3SXiAECMQKLGfh+pFY9tfNUJLiyQtIOUneqoe4V3EKFHcgZBtIhM+vau4kIMJnQQViXZ9EbxgSiiYeUUCIhVm7UP5XMkTOvqDX2p65XmTiLGsNGRMUEWlkzMTjfbK3Swhk4rBJ0M4RYEOcayP5NEJvWLkXJGAVlxfKV0t0bXRaqMh5lTiR9VaJ1dFtsAEp6o4L4K9aklgAtcVnvZ/yav0R8HHbupPozGDaF5FPp6brAeNLJeoJWbQamk3Gx61QFANYP8csDxyh8CPVAiozD+saQdqOJWy/oglZKDYBCMgMEgztLBRQVEUOCpqq1LKi6puY3/J/uLCEiVc8ewsR5ql+OxKua4icTINimBPfVTwz+aMvLIgwiYRQYgc+pFpZ6dbw/lKSHdyhN4lJRcwMG/S1XNJguqza8kdF2Zp0PH9L9RexYzJFswCaza4Xcg6zipocssNdM3rYM8u5Eh0hp8wh+ZBYQOVC42RPMbGuIYRIgblxpIgM4hBQ+TFmZq6imNReFFrAWZdx6xsWImHENq0+1Nvl7vvV1Cffu8P/z91zw3HtW1vc2u5sQG+1dFPr+5/dn/3z/da895D12CWgferA/d742ENpR/rquYP3n5+qr3ZCZQMdV9amO5+s6Sf/cbrt9+0gJlCPYDLz58/eqXxHmffPb3+8ifv/+xdO617v3ii1XW1f2MrUukDxYm+x/KZ4szCGJNMNFqtNG/MbmJ/XlNVT2AE4BPnOSE4XW0YW/GqtBKBOpJIb5ESDqyIdfUAtSuOVzzLwR1hSjPvPtl6B7wd/ILHwl7nRFCFyvo7miyg9YbZupLdcwRbesd4Te59jzYpVqJuhBmZXnGP6mn06m4pC3kkPp37sHW3E40AJlFUpaDAcTUqn7KdD0NqcQQ1A+pVOMWe9LgzpG/3RuDtt69+66/35Y/mGnX10Uz11+4GY/rp0307lZ8Ls2wQJcEMP+IDTU4yTTw6RDYmwbKMTqpue6ITJj+jEiLzQQVaPoZBd0pyhSLjsfDuBeHdfLz6q//y72xTQ+OAdcp+ctWCpQmQVbd+wfbtX/mpCDLDRsHwl3GsHfVaz5d3v/XNL//Jn38qpFuK9y5R8lvi1CqL/36G6FeZqelWLYI5tQsmi1rJL68eHt4+Zp8jcUJos22/Y+CmX1/+2t//7u/8C98RQOza8yHqszb6rfs+3b37gzZ+m3xapKXkTXl9wnQPsMOWZVQHkJdri23h+LM///hH//gvfvZN313wVIRdI7Ndem79n91pJLT7JqPtLFjScwl+IUeX/iLHR2f01ANU0Szw/a8+/eqf/vLhXTua6lRev3x4iQnZwb/qNaqxTeiInAF6DSAVkjSgHYSa6UWGwpmCrrPSxPsa6ysKpmt4g/aASR6ZTpHCukPwTPgkYKmqJ4sAGiRuSIQLfUgrusrh5GlIEYiEqdFMBGlqHiTcY7tK8Rh4HK5jvCpCSxTbl6FtWd2/+/Qv/Q9+5/s//xh5U+puovYVqvrZTSNevfRjW/dfHh/f5ZF+mPi+l4Tuh4Cp5W4hZ775/i8+Nmt321NrqOJNbxQ9b2gVzW9/9k3E2vbmkV1tMUf0U2JdisO7X/2Vv/Xzf/F/8s/vhWgz3ZpKd7rZhcn6Dbq//PD0Z9+7j02rHvi8fO63LgoGet99uX/38Ef/yV+8/MWnXrzbDUBbBLUCQTZdgykVIYp3U8AgkiWWZjY9RRfmOTEPiXqrWvufF6zm5teH3ZxEUFxeZ9PBrZlFKAYCtb/jc/cYhxnO6jTNmN4KFwsyNFp/hwjlD1ulpY5agLMpiaWSk+g6yXMcuZ2BDLGMA3gSLJDIUX5R2vUMYBudDhLEPp2S4oZFoNFYFbQUBOlcRYmFHzBo/Veh+Z1BK7D+2WyqF6UcM1YRKqV2jI/zQl5bjTYnXKw4N492Tgz1amRHtBzj5JuZhO9pp2sHcrV9Yk7g43EwI0AXcndM0osnAlfZIEsfCs0i+JFwLtCvS9lFXfBkrbVREBkSws72tMZZlz1BfwTBDgCi5HFJmVvWQBZu2NkAW4lUuAU9xKlRWdUqoz2w+UxWASsdmcAghFKegUDLDnCjkR7Um6uUQQRe+K3HqSyqSiaTbBkjBMKylMgFSwZqnCT0qZ+djohIwCb9WJ/zlEEqYtKkGcJgUCMeNrBHY2RCUG7k0JVm+sbsruCEU1nQVleWys7lSekjhSOmg1jNKg6UgY0TOtIFzoU07GCAnSj4KvGhheh0YChw/kYIU2ULk8uXRzeAla/Nd0Z6WejHXxBn1Ek8zlJ9FoNYIO4isDPAmE7uhZj642t1Rx7EARo76ujH1DCJWQfix0LsWjC3N/g8k7+7//L+h6env3h68/bh05un+q76aWuxbNFiz5eHd5//yt+u326O5okAfg1y7Z343Np9K7wvdx/fPP2RR8kJR1qLk2k1xp1D+ul3dz//aXMKQz6ybTg6LV0gfnn69Cd/8kf3H+uIpmK9kQkc05ownihyzheQFxN6R3FCaUp2VutaIRZB14SNpPM50kmHDo8MjoTw8AhTDSsdQFT97XqK5uBARmV98wGuYEWwkbzgCDzsw7ty//EeVcA4mzIMKbFL7YOew0LdhIWGC4QloEr0KZQo3R+kacE4yrqCqZRxKmGRIYZeFnTYKxwiWFKDxeIC+5oOdvQqqMqtBGtT04Q0Et289QOxlVw3D/289JuHb1/9s3+7oTtu3YBW1+aEJsqFkKH9zeuPf/j/8doQX7ndTagJEHQTkYqu/ueSZvxZgmgsF8XOndiqEFufT10KJtGcwjqihU2YtGvzmNCaFNx9+uv/wu/cP/Qbu73f0O+CNdHXCrqV7fL508Nv3P/mf/lv9IZ+S+m7U7FPOh1TeKP0px8+/ul/+ruPjz9JlH4XLKXqcD1Y68bJWuCbX/3pL3unUG9DTFtC2inUXLgpFCPWcH7yXd+fISiCDTVtzVtbyle1mJ/+5v3P//p2eqRjMtd26tDtDqZes70ffu/xy8d+J7sp3bEFMqZ61YoAXmK3EjNb3QPTnUj48uXP//L9H/3Rrz58N40DtIqeblZ560kyAU8ZICu3gfY0yrLkXQtOrHPPhRXrdjC+25vXr97/6mPz1/uHzS97sejHvF8f43WWMXrqwSPwvjzK25OTe/nIacfcfVKV9L82XZCIAXoesCTSocQzoxKgj454ZIpAASBmjAe6js6A6RUF+nXgNbw6ND6hpxo2wKmzwT1hM668E6cvEbfIxrLu1VHhQdc6ojeZKiyp1h6L8Mkc/OUgiydKCXyfQn/97797/PavVCB4K+v31kIjhkHx5Rev/+nv/uqu79Wfp0OxuXvczdjWcd7cPX3/ix5xtRU2p9oyNr0JsrvPfhTi548P/Yabb+/0KtutFwExTLx5+eHDb/zOb/2X/uXf6UaXHsyUmJf5iP/mzfvf+5OPf/B4/+7b5E7xqgVOcZ+4xemrV7/3n/1ZdwU1+BpM1iwwdyuNSNWV0btM3mPGY3+MFsIzLFvNPiUcyYHUIsYMhgVHZQJcwZ1TFGo6hScvcahlnXzRwRLHuxQSqhQQE/qcExPgHCJLCSkgdiqpTFFHJXo4dGakpI8cOTE7RZ2lpuLQktb8e/jcaZpJmS7kGSaEYY1utewTHxqBzQhDGljAFSJIVxcKhl4mNCHLqBlEuIEVQiOqhx7w0CiTBp3Cp++ozXKiGBEgKx1UJ7Yfcg0zWuEqGIgkGn3AHKmCWBh3D0Jd1ceaUPrgchBHBF8cMwuyR6wBsGg1NY0hzPBUQSfAUOqIJDqnPwO1Myx791efjrtj0BVxxFTpitdEO5QvqEqwR/QSdaxIPeEqJNCyO5/qShwhZkgW0c7pIndcg6ywGtQN/yh8gdJ1BxzhzGtDu0UcLQ8E3qdKvtSEmbWgrSRrVV56zoV7MEYkPedlwbT/E6Sz0SxyZFnVCVcyHwWiypB065/JqBr1SpJ4ShPrxHmXwYEY0c4Awyo7kaIySs6+trFpJr2CFLsicFPMr4QOs/ayYLg7HQxvx9E5FoJCe0rLvEBs4dvhJAhIQr4BkQHT4iSqpCu3wUFqgPRFSB4eqquKVBXcXh0Es2qpAAAgAElEQVQLsMPBGjKFw93/ksHYioDGJEAf7iF/sMnQytDzGuVYsmk20R1bV4SrZ9FdlYv+5EGjunW6PTmux2gSZm7xpTckWq6zCvj67u2jrwj77fJGh37OKDu3I7pHBDOMmXiPfMsVP9k/IVo6tTeg6Z29ED0fbtJQpvsNE6O2HARyfjImybc9vNZIOOIJx66pfNrslJrAGeEosGgNTICIsBrpsWQm1QVUjMisxkWrLj+UmwWYvf/AU6BEp2OPg7z0nJUlsV2aK9gsfnx4rDhkNo6TMv+Yo4iH7C5IoC5YyF7Nmgd9OqrT3cDpw4HB3LrgQ/QGiTYCm18BXsG4oI9c/kZUm6hlgwe0v6LBZvkKGaeT5lMB6HIryS5dzXFHfXKTq79L3yP/Ak1Flh+JSAaTIpuemlXnU3vGNu5qp2d3bKpwtqfV1LTgHhJmvcGwnlwPjGoFTB2Qs/G6RqgXEnCT+YIKQCNs6DlyHDGLkFgySf8d06vo9YJDj7mm3acPHx56ELZvOjYKFu5Nd4rwQjcOnz9+efr+iae6JZkHvJbnRTOZEJ/7Yvzbx2/OLUF7qz/V5tLRxH5Bvd9h3aLSZGDuI0+3B2bYceg3COjVFyS0voy1bjedNdyHT++fP3/oOUIO0e5qbNnL7DBNX796+uGDACXKtDzhGqvkrUDsst68uiQzMkXFLNVvffXgb7YPyQ0LcExMynMDGro6qcrnpIzcwc/gW+wfj5KnqQQdf8bFtmvT/SoTyXMNrySNuCmv72OQTbvV9MeBGKAXaU4EdonQNM3NI3fUWlU0Opz1ABedGxLRo3h0EJprvAEmiCnXkfFAhypc6FPB4Vi+FUAPQtbIE2mPRGLGCOl/hO+28OCteNIHcRTAmwQjjzbqWiaB6/2S+dAaazP1bh8jLhRefXn/4dXDO/dYQXdL1iJ62Fp2Wn16/uFTsuUwt+ApT6W8V2AVO/W9tnW1zywMXbAHAvElTuJG4t6jsOfdknloU/Ee+EXHCNIdyJe+6fLD8/wUg1TQebmz3aS6+9jP379079l7bI99xD6QhAnqTa8M6mYoPwvQPUGOCC4EjB1HszNDIixwGaGiTKehl5LjemarNNcBHsZBkYmsjodeWtVpLxVjcDkK44NZES5qo3BImRRjFn4hj5lGRHIDP2lAdj3HMgrSVWVgR/ZBEzhiNFkkg0MOu1xR2aVlZJAsFwDD5BWwtI3tGFycQ8y3So4MFAhIFCGAeEgxibY4rxQX1D25tmXXwF2AtO5hCObCBKl/PmttOQ135sju+kKcp7bSeGfYDjdUMVdAm8QokhIj5yynoZx9agFXIp9jVHrCmXwI5/+mHAkTdqgYC6tKS7EWGPKzDPOiNb6YloQ2+p1mfmIVqbMlUOqdcamIJG+SjtgI9XXHuvDunxj1EI+xoKXy7JDBRlh5ICQCOSHGXOrgRySWqw1sZieCz1UoNwPRish9gqs4VCny4oFDtYMKl3iHbS0qGhBPEUCwo2W4wI7EoxGOriqAJIjYQVSKMkhVo3yMhNSyIEfl4lOmAgghhn6CFPqtMMBg8IBCjBN3Yw7oAuZNVdNNmZwyMGMgusbmdPqBjJTuQgrMxNBSJu54Yn/5exhOiPuclbbEK6Zn4osODR2HTkKf5jZBdrqsAg5o/BcUiXu0ZBSpKg5ENEZzMztWkCU2AOfygGN0cBhi5RfI+vsL/qJ8KCgj50biMmONBotEbALFUcp4pK3pOnWHHtOuVYyI1q8P1x6tytT125rBgMlSk787r/UJmEHqXXzR0TuC9rITS6Bp3bL+VhHaSpFjpkTFmacZzHYgrvQMUV96IqyTimurvH2ZKaob2ozA3Wm8aejo7ezJJNSnkM6A3bAi9Y7CojQQDmBFGZruv5BSFZ5s9XSUm61GN32YSEsBWX12q6Abm7gbPIx5B1H3mdgjcwM3zuqeCIS2uenoYLfhTG51iXf4H176uIkSGgKMnd0i3EGS0iQDNbXZa8mZAvCCh6kVV9llZZpPiQm1RnEVky+6WATaCcZJTu5lqt04TKNTEFRWxY5qh5exHKFKA/QvAOUPJFU2KDTVa3o3Ljm375WaAzTLdRtrQ3ADZbequS0ahqJ2jGmStD9bA3h16sVZc6Utt0rAqTJoejVg6N3KqJ6c6gREgIqiKzWsytIqgWeOEUaykn1LgYTt5unuNiF7e0qvMYxEq9V+x6u74nSmafYQyNFocOzhQDsl2iT93E+IiR7lGOwWmpTpaTsrcD0HGRWdoU5Tt80C6egmUivu9GqUXqYK1ogf4wc+3nqAdUPlPvX7X/3Z+JBsBmA2oTpZIxWlaBRB9X3RYICVHNIsG3P+ipbtfxmve5xr1l9z6NvPLNP9TIg16/Uo5Ym7oCt51Do+SQR7uYRNjk8oiqTz6UgVZ4u7x/unp2ddQ5DUdat07rVIg9JMJhHKMRw1cOrIZCafMoeCKj3XUWdMsZoNpmkYJJZWwfF9HDvz0kjTbPY4kaOvTbLzHFKXF1oU6kDdtJJDUM1+Kqb4aJJ0BcoOmzQVIW7slJQSCOqiczTrUtXoHlJXtQ43QuVMu0Rdd6riIX/aEZQxUEEn61kOLtl+G3fglbS2HyOWn2cjxCkhMH6kBRbieE5wz+XyvcibkfON6Paqn9PXkjKg8NopB7e3w2nZ7jTKNZvshrJb7KKhnw+ugeRC2/x6AjYLMvGkwDS2rBhI7FZN/oV4Zzwm2YQMNHhFJQroU3dZ52hXYfKsOTLDIKKwI21s66N6EURnvTL02UxFSTj5fFJILyjAMCKnpfFwjngEItbMMTtOukMLZW7ZDddhhBKtYzl1L/ZRqIQFCJDBy58gmkxlQEz5JUYgCHDnAy5mzYrOUWWD/sRmshY1Wr1rbot0Cw3TkwqCRy8yg+pHTJMEBzPgMKdgwtWKo7DgxTpy0VYBp79qU8LKieCBLo96paFFmDAxWlglK5DmEjDry0hQCpOyh6iJ3awNdHJAqkQ8VhJKZPwXl/wzEoMZIQPQSJI/sUzwiYPuwryygnXxdwIkNLMYBqTg2NKGbQAmV7KVCz/KoSf6AcQc2qSYPQhCamSkVk3yiAV1yiqv5hCNxQrTKKzpw6dLxJ3xp24Cp/LYHuKHNktEICK+ab8yBFfIRNhEv6LTChL+AptkqAMYD5aCGPNsx3DxvOJilONPU9U5NDfW2RvBRp90Xw8KTIbqrupTPxNMYbpeIbbLdNdbVXosNQzYR+JSBI1uYgWSImeUGwt1APqC3y0fkDIiE2KfAwXyyAflkqyE8tW5hnRYgriyyCEb1NH7FPDLeFWh0qmiCbs03gMlu0rGOu1SKg+v4eASIM26jj8baS8LGRX7N19FZspl7NGMrekGxUamyxHMLdzE1iLaHtp3fv22UcP1l1dP7fxp5/ZjfvZMOI9GLibeIy044uPu/k1V1vfr+DXgQqNJHj4aSdk6m7hpo+IjF2We9Cva+DKmBWjfE20sCrJxy0ODet4or1kFSwB9zTFVyqXxqKULE9Gyyk1y9emzdHkxoLlc1mB0pE7PthrxPPNVfHEBjCjxkrZOUh0XJjJTqcSiyv4jUEHWH50yywFAqAOHCp2DIdEVwleikhOuJdYNT4ODNlFv9ShHY2AxJza65WNBAFW7EAtsKqCpnMWP4q5UGyH1B0ZHMX3DU6f0+OuoMDoDZyfVY5FA67KJoDDlbJ5ZR9PsZJMG67v5Jue2q6wtZN5xmQ0Sqa+eNO1r2019ynllXtOFjRm2KCQOkVBNRdGblnGlwHrvpDzVk1xNfAk9GJVbrE+jwC+pmTB3amsl0PKt1kQtRLNiYMXwXZuf3/o6bF8DuHvbfet937n0ANHvGLFP8vaxzfr5OT40bQ+Px2YaSVPFqtvOtIBZ92xoLZAW/Rt8sUtOQpKi9MlxKfVqmLWFaUOfOHiGV4G9EqJgHbi2YYgKx6jKANuDt0BClNtrV5n/sDExUH5iptp+SWCmaf6d8foWJ7oRSt6gEs+duRvjSGeoOoRYZwKXDUKp3JrzsXxlhOss4BZRQuGAEp0o9Q4PvZa0qeCn+zIb7OPQl1a7y2pXmFlDbMhNOzSFGDKkTjj+LOF/XR0W/Z964h8RAk6JIAwKVS+WjiECGAoliTy6V0AEyUPVTweo/a2ku5bg4XA4AesqWQLMrDXC5IwmuyombglBCi4JDvhQqlttcITocGcnPW/r1BPDEIDdyNgTV9iQKON7mVLL1Db+HA21NQQs9PYlgF6lG+AhFuOkktYJTzOiF7SxSbk80HOI4mlyEkMY9wMvoSxcI1CaBRghFhCbZ2cfS8s9J4hADb2mXWPptr7vA7QCf6KXWXsIsRtp+pA3xW7mZwfqkq//Muw1Roa8KSE3qcZcalgQBwlsFHbOC9Aq6BRDbZy5Fz+Hf5mkMKx2DNe1MjryDfhTt/oJNofOCtVhsmgfp/ltOmUNg18IWONG9I6RuOiOOo/chMSMb1iAAFCz36rH9pKxy8hxOeXWwbHXELTek6z5HcZIFaxR1aD7nfKn9iiSJh/k9vMIL0Fi7gA4E4A4gOTpr4uRYrY9piFuZXqiMCntrO85YiNWIRwvEF/LmWpFShWIiFWNPABEYlAZtEtxqfKd+p/RXLBxQJts+IzgLHFMUyWIlFhsTa1E9fC7wg5dP1Z1975q406gjucwmRA9Yh0XQvVUWB9gas4q6w4m0TracZ+cITBV3GoIJJ0mRHdUnLrn2cgoEnAapR9mmtmwNoangGOWigJQ+Rly3ulU0TEQdic2YgTrGM350FnpqRihZmeoObTGwDIBv6CXH7t7CODwnEtIomgcSww9qVZU8elMICiKK7Un8VFR/xRt4ld/DDcGo8URywVy/aNyiFV0Mhc5JDDKmJS7ZKng5r9TXZXDbhYRgpoj8DLH0JNoMheMh84xGM84Yk2w4Z6S8K/KkeuUGKN4mAR7AJ1HbJWHxkAiTQMljulQHkedwqXOpKoo0MpAV8ID0D3kRSGnLdT8RqA6ZgUKQ5ueV0xzuLs2LzQloqG2tcO29PTSv7YPb5vy2aJjtO7Lf9FoldYSZt273yFcbFjOaX/wtqLWrDXwSKI56tuZdTWlxKxZvTLXnwZeH9GXPp8+tWbafDEhI9XrSzTkRA/IEwgKRDJTkDYVeI/BGKiDjVQEUS3F+Lej6q6nW4ezOM66gagXHhaHwGCWZF2HCXnYBJG4Io6pJlhgh7t6zRSRkhVP6zJjcjiB9dcNze2oYfNOh7pQO8quB6NeTG+HQCSBokCC1YXVeCrHF1t4oNa/KjlFm5jAQ5iDQQ1nkyoVOw5/BGRn0KPLzvFLLyaesjeenFqUMRHE3ZfrOgIepeBaQS/NsF18kzV6Hz88tb24iX1v/GksaiJgG5gN5r1+Zy8gQQ6RvGGHS5ruhwBMmModWbmYA5lvSh2dkzQ1mWKFDK4hLCCMgUnhPBVqEZvhBVspd7hRTVA3wHr3fUPRQyr3D7ZE+za8r/meH95iksCb9Cqd2ydiJW1kN7tN8fzc5oFJ0Cs+N/tnDzXJo4spYOCydKbP8+n8aAD0s03NnDDgtLNKVzpzGcRawLPrp2E7FMssi50sZt6mMfjNVYZg+v4WccfB8hkB1YVgi1ubsAWd2s3MkqV3s2aduoromsltlzD0/Y9XIYXwRkKWiFyxQ2CdEdbrXIZR+Rl5V6720+sXG55f9btRfQ3gTMhRmEf7SkhzxNLbOZY448rX+Tdh8xN+2HSjcDovjs2SahZ24QjOcBLzkBVMpcPs1NgrdtUljqZvmK5fU72KTcGykxBSi3YM8Cg/QgrywxjMwkzCtEEIs4tSGSN89hiZM9hGBsWNs8jMNHFb8boUCMu5H47NJoXNtos43zi33JKubEeAxEz4zjaPTdoClVqRMdbiR6p07Sa8fZtYsRFnxECgeWbjlqyW2jJ+XznWEMKNIL7tx6sh9FSMcsq77WQdmSRZSAcQWN9kf+nHsz997g2yvTEisIQtkl7aGxQRTaZWH/u481vtP/G6p2G4o7QaFopBX0MT0pRiMtzpEga+V7IYLw3pnGY5PRIxU62KkR+JgQG8AWPPOsUOY2maShRF97JfWDgS4cgRfPWTuJLRyBt60AEVqbif+IFREtj+pqgsCjif0iHGF5HQ0580cV7FxfpoCajSg7H4iozWEMsLkLjy4qw+QI/I75PKq24yWeGbeSqViPD6BCsIbgeqGIsRTKBjkQmkcUXnilcq9AmOkYgxGcEwlpK1zpk2iBjvjnbiTT3wxhEouIbXWsPJ0MbtpKYG6gilVB6Ho6GSHRWdVpaUwhwZ3gg2l8zms0twVSnXNcQ+lgk3u0BDljDrm8s0xJaBdR2AQ2dXkrDIsAIpFS/9XhROJ08LRxIA5o/AqarrXykTqg8K7HjaU32KlUzhsID8yI1ccohdSdfkyRBk+4opecvoA0VekIsdyAtfVrqAQq6jmRURpk5gCXcgdEtjjVkxBq3PThVJnCAhx2owWTmwA1KMlh7NDApgBRUuzVZHMbKucjF+9EILpPEu48x4yPZXsSZYZaCR7+KnR24wF3UYAIaPweFyyK1m4qgnyCQI5oBzR0l1V8UkPekbpXEMSNWEJtJAhnlDnMCVxx/Gj6xxrbC/aueK1ZpfsFcOgLReqziSWGsb8e7raXziYJyOtpcAJ2MYMJY3gaj7XgM2J2e7eoi2MnttS9O0N6/uX/x0b5Tr32srM1XddyX9d3flweqCMaZu7k+71034JEZnstarRr5Xl/eAWNfEP02xPj9HSmvhh2ZMdqmaiKxbOx6eFaidNbOSbh/N9KHokrMu7SNzDDkYXfEIz17VshhyB4sNkomRybbYEdAsPPoz/0x4GCIaZw5BlpcmwpE+QqqSoFOfw0SU46qkw5mQV5IeF8YpvyKHrWkvnNe1zaE4wG4AxxqqUxLLnZFoLBKjCjiTk24HHrMTUBABDDKiC9XZdnwP6RUTMQpNzo+kSIQdbSM6Y3QUDP2MqJ0iFv4JY+t/PWXzSz1uBExyizm0vN+8CasQmeSpYS5S/9jKIdrND67NDwmoXWRrFEaZVAy9VjInBFPtSAElEFvNzvoaUXE8Fu9T00wmXwtpD6AYqmdckW1yL9vrDHuF4ut+6/dtO6eb2SC6j8VR7zhvU0OWyuhvHnuNTxgbbVmJBgWUhwd0YSncp8JCf1arpYxiQ4yQi+OAUrvGUhk53bIonpuD6B6g2+9N3jSQSoRXiSNewLFM/w2GZ5g6ntIOjtvgMBGq8W11n6G7gWHlmRq7JLa6XLVnC60CZOwZbkajVoroBGJ+XTeh7CmKWOgYG673GOHVl56ndBPYm75sYmnm16pxkL3APl8yzC7NcdFjNvjTmlRH8q634UZk+UuAOCRAEIYl08qOyM3akUjKyMgDZ1Td29GV1aM+NwW2sD1GIMVMxJjiSajwxlEYh+hBwTAe9KVI3dwEIPOYIq+CDknQUULJSSk4JbMulOSLFjqj7y6lR671xunXPPr185k8Cw0w9bpddcPCWOQOj1SWeKcygDrntcSeG7j71vQEXU4YWi0uqxQPNd9iLOLii5cSp266e3Uj7qaM4o7CQ5027fvft8a9LTTfvnq0FlAyPO4XkJdsFc9ejKEMc1qUdayxUqui1VT2lROrzdSAhxupwEDzzClaStCuRPPomK12rnRRhHt01ukQ5QZHn9WcwsAxHcfTzR65meMQlToc1myMXUd6gSUZBX6gtoyy6xzmQa3I6tRVWyElxnNlndbUhnfwwVB+uWMDydDWzWQKmXVkm00mVtDu9iGGcAnhVi3jNautWkrflM+BRYstMmG5Hy00ysdGOWw5pqec8BAciYL+YjrND+EALCaiKdCySUmS6NULZzxpfXIqIsKYlyRXiiSbW+I8jUFQHFvOiFRoiwwmsPH4aDbb0LcHIs/d1iZXX5lvuhHpCqNGC2RmWhLJEWpnkqi9Cn4tWYcUJv4uBK8AsQMd2lFOxYq8UPBG9JC7YBDFRRec6cp2NpSM6q0WsAnCOKgJIKEpGAomPqXKzsQnfqBXfo5SgJ1G4GhAkViOEUqjFplLp0MhfoMoF8iPJEd+yFNOxT6DoBY0mTXLSz9EfjwO6BH8R8qXoAOjI6azydx1UlXemBFXPbA6T4fcqk92VQlzmDvTu2vhW1MYpdFeOMvPjgNRLqoB+Y/ucC8KfDFbFqehBY1epOekMZSBOMFGqhSRJ9ykKqMaqVM+6gAsISJQcbWRFnynT+NHlGtRdbtELw8oHnlkfzeqmkTFraj1UKqvgsE4/f6Xp6ent48P7mXbt/n208eXp/vWcNd0o+4rfTG3IhX9lEoG+nTOLshXX5UwYpuWGmYPNQ1g2lzfTrNelIBaMqPXJTX4b7ZApfavsV6l1I9i1l+7DimMiBfQWDJeADRz1nthrwidEmbQlZYiUjAXPODydWAYSDqsZpp6KgPbmU1LIjNN0Y/WWlQ1QDiEWKsCW5qVRjVAjRlk+KoO1iQh5KCqPuTT+MbtRq8Sx+IHv6jIT9Xxx169UqepDmKLrqs9IJWBGj1X0+xhVUE+l0qpfJGUbu5AuRvEZYgZIz2plI/7iseS+XjDTlP5GX/sYhS+H64qXDcyZ4Vma00Xt7rI1+YiWU20EITJjrMiV28pPOZvlZMQSVB92t9K8isaCAoYGOjkcyvr0NV1Nt40M8GgOnsYCvZueu/f9uN4RWMPuJrLvOn3tVq+fFs8mCkkMiv4hkBitmbeo4M66ab8gjLuZtKJmY5Fdy0gJvFYewmz9rhox1+wR7RTxmilFWUDgi13RDpWAbmGvZl2anbL4Us0uHQHUlB/3jTdTXe6UsdYmoqL2SlM55mRhNRnrlnhWAI1jdnDly+9FfTA5iP0I5h8Oa3E7GQ2NxlXoF8RTjMxdYhw3QHp3LsT1LQnji1W3fzbJ3Z/f//ysXtBzuny0GawVqFTLHu1KnxpiJZGhHM0MMErWfhNqqtJf6dd+KYeIz4LhmKmvO916GhO/0fVSvtfz6NrqgiXICqFksCWplknirOaQhi5cm00prxFgGYXse0TeBovBLENL2kZrkc/wvrUKBr3KijYn6qK5jHsqZphF27kyiodyGea7jzTSN+zda65sOg1q0vJniBl1VBmRg8hSsRyjTPYAu3wxTEeOtjOlMqvTLGpf7e79vGmoMl/bxftnrMEG9gIWqp7koaNUmz98Hj/dia3goyMF3oVNr5Efnf/eP/w9v7l7jnFZs6wOOqa7GqwMxO5/HPBGd5oUa2P02y08C057yip7pgnRElkZvsyB+dYe+6oIl4dLiMYCdYe/YtdmdWtvMw8P6iJp24EeAY1lh8nvkBO8xrxjcvDDOSqxeRItCsCIMosRik0AeKaqwJmIIU7A1uHQOJADu5ZLY6HIOmoIrA4ouu28Bqqcte4CdxhXuYIzI+vi97aPJF6hrOwTBbaEVhVFWQJO/x49FFTCZmDW9cd5Bn8qKLPFmQuYTGXh1Th1XgSVMOtw0200rTS+Y93SctcAQIeFy45LPHGUAiWlAEyWFFZJoZBRb6HmwaahFuTKVI9qGqVh1DaRm+lasUb5FgpRN9xaHepRuXsXstM8gN8IOSAK+zeIl5aIfbiJ9QTna6YTs+lj7rw+hxmao9Br4JgJmiFXMREsQE1rArYYJk40mO/BTPQi2jFYKdwtGazuIkQVaOXuTYCYb73BVRDEtn9ixZIlVIKmizC51CiaKWkrGrvBr6UWyzMuUPBHQK6IyJ3WB0aN+8PkCg36mlwkCbZLMEhO0ak8tkEhhuAFd4EBX9jhf1Rc5Dz749kwrviqjJogjXKwmOmKwmaApE556nQ6fDWFlZ+JCJJFeqGcpKHSSUDmpWPBoo6XPpEqOL6OKO9bGWK/R+KPdJuwdUglvmD1Bkn93HtAINrKadBpOG4zjkCbhX2Vp96hZcnNJsMtUTfc9tgv/RtvY9fHgt4XyT2rvf14kZ5MzZTOLOeBOijq7nElbiN2mQNmssIuoS0njt5NgEybdF/JGzJvoXZBuyYZPERCgyVeV0rKEXjxZhmsfr1eDpBzX7NO81jIhTOf/gkRSq5L5pkcISG+8kdyEVH3VUMhjUYUkyLUEZIx6smLmEPf1ZfRJzA5IFYzBuR2i0JcVMP4lU99bJ/JUkSuXA6nyO0q/wqwnCqVe4YHdoO7ke8KB2Bb0JOFA4I0mVExi8io+m06tGtLKdg37xIMFEfEvEoMet4dFOmlzpaUiou8l/62RbkcX9Ve9zvBVMR2hpkk43mfO70YgEeeADhLoZZtxjOAZFiE8yn3WFfh84IqZFALPBV0wo7QMW4QaJUsgBKDbQyMiV6/msWl1YRGtF+Di9/VqmBcKxxL0iwWCxqomtnvJuZ4qs5UCo3qbUdw5doSbTQnmxHqNQjAt61JVRURp1U/EBSE7Fm3NMlgxxRz8yg1ibQ0TeAMUOsw9Z6o6DtjRRdhxjHTRQ7A+ivo+mqmYWJfoCJEVArv5CS+HXvNzKx8x0Oy/9JTNyeeLRmn64pkM2bf9LwSG6+zjMzCYcbG1kzwtgTdMcZEA3tadj8YkIWDB8+9UtqTw9ZM3V2vwS9IxqM0t0TEpxAQV7aoZUUUWxOORvfp80ejqVPwlYtRDYea9dJlj7ZD+3lJ+TkjUoUQ6MbNoFMq0rC2G9ak4dgc3FxU5I2pALaJ679l5tMjDJZ+XeVB2xlJVUWKaB9jhlZsLyYzeUCZS1HT26mBM7u/9hFdcaoxpMP7Qh4FXNBmy2bj2WA0wMmQqjDcK87+hzKyh3YYdpGUHJUXwPQZL+8TfuH801iWiUmA4DvmsfdXyWw+6C+aXpmdUVYt2GNL5v0dTfRLcoQA4pkSlBtyoU6wRhuB4lwOTkOod/t4G59HOv5W7LKwEfgWIartwxBTCRyNHeBCbKkJl7+Ok4a21EKbo2v4iPMwu/AXv5CFImLyk345SMSv50PPiFryBoAACAASURBVMZlQSOJDUf0P1ustnSSdopqCk624QQ2Y0wRkl1CRkpQ29eG6GEHI7d0HnFG79s1e57TXq7Pnx8AbsCuRa+x1z1zVs9vvvYEuPfRHiJ29DzSHamwdSyYdqXWcdLplC5E9wndhbbJrOq4RlXsSPRXSMe7uPUTKDX0HkHaJkmbM1voTkFTwKHi4+0Uy7dpp2upYoruohTskTHjuFuuF7ObrjDdqJJpY96T2aj105MFZnOh7mkzi4hZO/hqvRtxLMU2VhSIzWF0nRU4qju1riD54HYctFN4Sif6/BWYEOfnhXc4CXHzc9BH4+l3sA7aZQCGwViXe8kY/krLd+XDS8YjklGHkTuxPH6k/wpGnoGMT2wwADo+1Va95KWveqUVKi+hlUpOdsCjf4Ek3LTFD/R8q+hiq7L/oBiEw6O8ykkwNjdRTvk4KZ8g2H09En7rV6vFI80gR7HcyQQce+kYTN2js/KBzDQyC17IoYOVlJOc0Mum/DQEFmWsTwB1GUCXMbpyh6XKkZviJQV//zNPkEOGgeKEb7aKYEcepYE7z8Yq07TAy621lWn/bd9wfPO5B0kbvVp89cKTpl82M2ieva+F6o2jqDepME0L9tPj64/hvG+fThC1aB1gMnlc6V66nyrVA+22o9G49oZMR+OYxmdKcEQvU5us2GJSJCNO6IauxonmJXqhjBqtYWnhZDrUkIBaqyDX8PkDAMsXbo1XJEOlrOjuP9C1XAm1roEz4PpZiZlEtZSqg6eEal25F24ydhoAcaSXoU2VkA+DSJALRTBMFolbycHNvRfVAPuTmXw3jSfaSCK7g3UnyfpOil7qV1um/2l7oA7BzBw/7M/n0m50h3UR3+WwXs9wENZZTzP4OKQLHqlMSQmpUa+TnVG98Cc4rmxall/FZ0uxd/3ml9u9x4f7vvTZ+nrbC5J//0I3UvNbfbc3irQXSBZLcvVf+HTTqNuWM7rEt0lpiHXeE3sWUhwAdwaK9LHAzZmsXeMxNPRLug2QDZKthrZJpZBM6v0h3i9d9A0Zd7bRDat2I5WoXWNfQQjdAtgJl2xJTKimspOvgO9H8kw9hFtFxIACs6JSZGyc29Tf63UDMD/bXtjsZnAvX1Sb9fMAm5jrbiBcB4DO+ae1VnVqEdcTzU/uozoqiiSolGA50/1PzxVwUyBG1hk6FddStYCM1Y1HwgcX/Wxul9T1BN9gzQM172PssW8F2Q18RDaosUoDPccVA715CVD8zTMZRavtxuKM6+1SUEpMUvZ05wxWLBjsPBtybq03CijZ2vveqQeYFUUtjLzkZskXi0mwUDjKzfjNqmfswrOYTPdZzYkruAovjrLI0S1Ldqn7Cs7vwbmNSmZLrwMML6ti7TipUxMVQOmiAk2nvLD8YTQ0EAgkOesExzu8CSj7hOV7JoyhH5o7qukutUbUvrsNMZFN8WoZvCdwZC+8j9cilVezm7ZJN9zsKWJMz6DqPSPWviy2nRqiVGwRXuBIkK2/mbFW1I1bRxZR51bSUU5TNSfxGCLbxcNvGG8YYRM3IRROkPM/upl7HFAgYIKxFpjRr5blAOnx4+QuR+sShsK6eDkEJweZTqJUAY6+wEo9BMMIWtNoFIN/FIwBpuMIH0tTU0jjfRy10ot1lUgftKhvna4c14eXqhHCJ7I5NuDEXmdRenQjDHrxN/jwcjoTQGAEagexVar1d0kNjbzssXoM559ge3xZo2hNQ8+W+vZjtflyOtXwU6l9ivefHh96E1+/Ht1teFsZbwPxhKU8+oQnBlOcTKakMemrwLL/675Olwey8Kp/fUmAJFxTXEMLclL3IojdtffGkbtP/SDg/duImIDo17pwC/rxcWV1h8tqsZ4dJoXyiuOL/OYU5f2eiRuJUh6GiDnBGuLHPN/Ds2+/+3T/3ZePyb6uSlSuWx3nCOB6goG6WkNuYbiIJOZIVdafBpIkJ0PcMuARmExQhN7aIDKyTKc+CUcTeAosdHDObysBs/J0DHSdAJaIIDAinKVEGzgHiU52hA9xMJc3iTHuTsfGobQIsS4axxEML4R53MiJDGn99+noskQktPYKJtrBXlW2ALiwmaFGeI8OJzLlVIciP2oF3BVx1WB5DD/AwxoKskMIBBEoFwHObCobJrpRP9D0OuIEePCRHlMgYz6WEXPvWmyEMbpRRujIeQGOSum59PAmbJT0S+GBQyKAI91FapfVkxyDMZmRlr5F0EWDesjGqvZMLf3DEalz3jRH6ZuC7XF7vG8Tcw37sbl/Y5zN1SI38Xva341veu19Pm/evH3+9K5JRu3kc2v/vghQc3Xf9Lq9QO3Xfffp8el1HcS11p8Oet169p7x9ptF/daMsXDTHmOXUKCL9Yf+RBIDJkJYk3JvGm1kBuHm4d27fg+qzQA06T8JttZlZWDYKGgq6c18zGxONIVWd9jFet43M54TM1Y2IszlXf1rIVFtyqKjAJlzYBBogmpZEAGSaadMhFGqlPcEZDVUi47/8vpA+VNZ2eTrArOKU26ySrhDt/MOZH8sOlQVMeh14IQUsMo7ar9lkZXvyk6SVHZIQguPqORQlZgqp8zoyQ5jwDIoHiOMo8pLNT0E6ECKl83T868BwjtfLZ9bus1FdbYF4l07yYqV1gHtMPn0+fmhaYNt9MWR3ZnFRYQFyGX3Na9LnIr0a5cNSJ8UsQqDstOPRvU7zXeuSDvwnS/3VhEaiyTjjJAtzEL6ZurDd+8+PzTDsw++GLzrNzE01PZcB/n51duHVw/9UJeQZ5/IWFwUmPTVQdV8WD5YmoRXaIuzL3eP9fW9DvUvX7/ulwTMcGOeBA2yPKa1Gm4bmWhoa01Kxdq5L1j4Jo4FPG3dfo4QM2r391bL45IwLZy9XSeZqpQf8Sk7x9I6mc84CqCDFc6tVODt0b7XQWqLoWdX7ZkYTeAS07YcY2nG3bxD2AgGAZagPcM5034UgWxbYPYdTJFR4kNLj3U0/UaynskeEhuBmlJ39/WpnVK9OrYGz5HdItaT1DZq+KauQSTRjJSIzJ0LTfmrS9HFfL/T8LlfIc8j3U62nqFaF9YtSn3chCMr/JTaqRmwvqNKFLXW6pM9148rx6YsF5o0xNIaSEDd5xUvXqlfrmJa5JnJhQf/ZsoxAg+qk78S5yO5otloOBw7aDgXhnxG9kipLTh1y2fuli24KjWIrY21d+PN68ccXItLQl9bD+PuoedRCdLv6/Xil6QXz7k7X3a/07MrZtWHIl3OvXk/DklZAohdnmbs59pEHV/bQkSsIzGRkyqoX336pm8lfHoraGLZ2fu14pKId2/v3/Se6PxVRec0jajXhbmF7TguOOn54SQZBM5MRo+5sIT4ncsWxyBm8vXSi4qDGeLEO/A8omDuWYIdLuorx2ghfbDIeRGIQumDvghEZkKesh/JHiAc3WDFZv3F0DVLkrMPLaNxZJE+7ZSm/UW7niGro3b+XSYf7WeLqE1acZSLFkgEnxJMwcis0U8u1jM9/3f/xvvPr5/6oWf7x9aKPARo6b/Hs28+//GHh//4lz9rsbzAyR39CKGj6cDcOf1Ge6J20u5EvGjAtVBCadKZZki6paogOV6+fPvlh3/tt/60TrGvAdGvMEzuDZo10O8ePv3FD4//4I9/3mOmoPsa2WgVXztSUReS4phhd7MGNfNTvVMkT3mX1Z7gHHidQHp9+PLxY0sKNaQgDOGWJ3o7RbP+T69/8f3Tb7cFyDsUmqvkthC5IVWinsVHfRK4H/c0IwXIMw5V99+fBJ2xENgETvKyVQ1UySoZAXUxoqxzXSUKeFV0gkSS7pGrhvPXLDWkKuAXMYcCUB5BGaRqIiIAWOLUKy6z8ykHcEBVDBIqJUiG6iFy4HCcyPC4MuD+E/8iXXFVgwJyFZ8k0SFMgKgywMBdDiFmZDChvqtguYA0oJM8VFP3K99ju5lwQCcPvNW54R2bT8qJMMYTW6MJ5hjwR9lhkcGVC69hFG+G1sPp0ya5kpw76Y+zjgC0uJkvNWLBBkf8ZWsXkQ7vokNixAdYZRgdsifBv2jO1YyZ8G/f+h341W/eRRiP1Ar+d+++e/q9xx9+1zu/Gu820bh0pvDTq09373/rv/XwzX/lS/t/Glk+Pr2EVx/Uu7qbuRkrf3H/i3+n1E96j7MGvjZRsLqrr5ugS5ukvQJ020MNG4m1j1GGtokWFB2nWOnNbkRq7ayXEP0zf7tXC3157h4DQN3L5lWLPf0QQJfWl2SoH60szyldMzs5ruMYahyvgW/2mwFDCApoqSixswz6Y3fsHNCpuapDGdWyw+9q/ke5Dj6IwNy5+gt5kqJ+ONZeUblonPIRMCek0AAvmdC8FeFxI1IiUKbUmTLojSr4k78BU2EMTvnIsOWheyl42OAleOOOzLHycMVfdDqMCjOD2ul7RCF+1ZqQoceqhA3AOfnLq96p+ebbb970TtnmKo0+9Wa9Eu7pOULFZwHZzpofHh+bRl1MuN50I4r7J2250250m1FFvPKYGYiI3LS9HflNkmrtD74vVTXpS7ny7k3tYQ67VDth7u5+8of/7u8X5omUiNFuYkfdZqtFez725rj/7BqUa2wNAk2hzPvNYrpEvN8OsILaYTm5yEiQ7hLK1qqe/pX/4d/8+W8/fPqQlNmGIHqOo1LiYVnXkqhuSZvoz7pGUgNpxJ4+vv+DP0lazMdlSJqzeVxPt1+eCDyFO2fjmej4SiNV+6NvSZyqaWSd/cvrv/PP/vZvv30LwG/0sM/ambl0U4YA/uE/+n2L6XPxxJx/A9UGm1A2nasZ9z3hVDAv7bou29S4Hufv/at/r6DwGLLpfCzrmtqCuNcoFRgf/+JXn/6v/8FjIzCfd7OkOUcsCRMpI73/8PwD03FNvGxYYvHmkW96P1MEf/p3/9pf/+d++/mH9xG20hmLZrrFSjDT/fUji/dJYGqcTlumv8kcJwZcXSmZOOPfFP+b3/7J3/rX/t7L998b+roRw978NUalMsH9Y0XRh7FGMF/gtuO6nMwKM2aI2A18muK60VBEVX4Kjf5vPv3yly8//OBmpon1c79WYZdcBGA/f7j7yU9/52//Te+lTTINVPzDbuUrGB+bYJtXHoawzHdaDa3J3r18fPiH/6ff7RZnXg9Qv+K1V93Ij0s23Z3GuQWlfN8A0EKLPO08CYt0BiuTZt1TxMhNS3eWd/3O+8uXH4qjVD4de5JN9FaRtK7QZa+yCMjIluwkbM25YlsoxXkRdtSHW01ejEb0IyYt/itOu+JNUV5O0150cYQc/bHQiUN3jj7YYCqYjNVcBpxMg1jteB5Jb4AgSIqAWEdzWNFCZzMdrFZRtIzFhQBNzbSJzjFUFFG40dkMZdJVDv7G4Qok05YYRGNtuLt4XeKXN+/evPzP/mvPP333vrvCSPeLcJ4lFkpuAvPW8z/602//V//gN3JXcwOGronFK//uTX2ZxfMu0U0/cY7HTDMxrpqqJyoF665D7w6/5YGXV3/nZ+//F/+9X/STQ93gVzl9+GqJvoD78o/+8OUf/OE764BRWBc4zdO1Kw+MtFzsR/84pryWTIpky9edMx05FWn+dWAP97/4z/74P/k3/w+Pd9+c/rdNbpwgql7uPj/92S//4l//N/7qw7/St5Dg8dacGN0cojvriM9EW4MfdaXjdOlz1GdS5hlSKPWec9QJFkGwoF5AkLFjaQiJm6GZXu5SosvUuhk3u474kMf6kmZGgKWhjECcFE6lSOa3o0qWn1JVjMpFSlnYSisZViVz9RHzAmfUVVANN2E7GpBnWTlUhEYFP3IOXEGnsDKUuynCVtAx0wylNABwx+OlGkyCmHAjf/AiJt7iGEhCu0ww9JT4eDy/I5kwdxxw5OHCOtBL54RKZ6CLtLgIVNPqw0poOA1wXtN7FyBMN89UE+jF7wAfHjeFwfcZ2IBvhLMw26F/xqqJIo88lavIgDNJU5HGpIbFlld93bkRq0f3ht6CsW430I8Pb3751uJQ63l7vxq69Y0htsfh7ee7t19eHp/XAu/e3j20O67fkn/1ZObz5c2Hu7t3bz589+bD/Uu/JU9Tg2JjrYjNSacra6OoKtZxmCPNDvXGiTw1JYuVtdiNT2Yb/dVPf+7Rdkx73Ypo+pzDrBwnJR3nHVGkhSuElNF6TrBInMnl+SJqXHU64cDmXhLBET2DCvIYXIQTsPoZNYpToNKDom71suA6UDmiVFMZhoNbJkHBReYCH47MgGKYZwCglxuquFQ8gJEbZDB6gv7QySyKR/Mi7XKJdvFCtuTEI8A+43wrrXDtaiCXfMOKUM93TJew3HC19Cx2kagCQ+XT4GIwL2js84bIo1QQFpFMMh7ve/Oj/T8zQDPunNtXwBP0oWfPd3cf9N25PAenZshSMU6azioi13/LUxG0Y6Uwbg1ctQHJbWnnRq44nl6fjMEuhlQdoYtPvgptojZpNWV8/er973+vwux/ocpFtvxb3K776ElF8yEHdhunAp5HdEjJGriq6HcX0rzGKGpxvK9O2lPXdLfFuJa9m1hNpWBqC9PqmAp3c1ymLa1ZJX6P6hK2Od+H5+9/0MBqO5q2JjTZG2Tdd+xNdk2gw768MzddI2JiV9OZcgQPg0nKhPC6IfjLp4e+5WNJMNtHeav+QXBIbvAwp5V6I7juT4MNPyFO5CaohcMRVaoyukqxfv389m27ufqd8pzWCNi37QA/9OqNgHoqcN/7gRbq6I+4lr7dNVkIT3/kLa3gxGA7mInfEPL43evXj18eX7eBIfHvuoWoA9RismjYido6vTlq0GtrzCgd3W4gAgikyagnV/x67MOnpULLvDYJvztmJIRXFKjqRmtW7AaIp1i5o2swJ9EZJ2rc6tVFdYUXCqUCK7eoKpEX5gBNoUdDH54/HviJ5IXNax6Zt8dHRVhMbNlkOG03Syb8kUQInzgPDGucoy7Ys++nz09fPv7B08PTl1b6i66+Bx+m6Gpg2QORXtxURNw3X7z8SjgRWDar8qJ9p1TMRfXb8SloX54fHq2iFqNvu//PZAEtaHhlglhQOJ3fudWgM8rIDOTYET0IQENIM6NYBq/YGEDePJ+exRhQ0MQDOcyqQO98u/BLyIFGcqBYhBvrBPj/OyIzfqcNXXF1eAkDGHiR/Diq81ijM+cOcwqlPr6cRJgBLtJSfgWhHMkmRKAcDF/Hit5koWpoRO7jmvtQ06V0zfheGZwj+yXxt+9+QrJ+wLyn+m0J040G2ep4z316C3Ff/rGrr85ZaN04oHENpYqYc110l2TXjLlmQsWxo2ANJ0nQ0DwKh7Z9vbx++/TqLf6X7oVNEAkdu3YB9XPT3av3GgBBRpFsk7aBU3IHRuMxyklRxsDABnSuGQvBPDmMyADp673t2OsFxx/vX3om1s+X2rfg/oQ+n1/uWoF47Jl1jyd8kyrZQ18dAaYGwIkyaUYcBQ4qfCcNTEpPI6OWMIevMwzthnRNaZCl3onci8ulKiLTwvUc8SCAIMLu1yrUr2RYSxMWNPNaSRE0JUk3O0nCKnNd135XhMWgnSRZePx+5EkpZfkpADB95ioVY9Ml61S22k4zjJCBN0tVNvxAKh2rI3YqzrNQwoRSEsCAqECszqN3gCbjVY7LSU5mSTcAO1bDIY4ZdWQmP8mu8hKL7CRkxUCdj/GXjQS6+pdzL102fyIfJEFH/JhYjAIVpsO7sG+QRAB/iYIB/P6n7EZTFDPoxeBwuDy45igSNdvnHk/HqalDDS8fMAZUU/97j+avby0i1MCf8PUQe2r88tQz8bsvDy3LYe4bAzZvNDa8fmx9/q61/16HrnmbmW9gKPjX/uqBK2v7dGfBZnCYooxAkfKWko7eFZYAlAiHgPyGYcBWj7TjJjWB6HGosHCxWWOIVQvsVahcKEGeGSdDOdjHigHE3lgTDPjgUlNygpacrSsfjeBPjQI6HF/EBglZEDfgrzl1MIcEjMsmErS0JIf84RblHaxFrTBYbuQPg6Yj6r6CSQXUOQtMhFM3NrgO98gXAMJIOx+xQDQef80rVQKi4+J2Zc/lVv9rYFfyXI5fS9/wEyYuLcyuqABrxlww2ls/zzeLTNneMGvSmjAeS3cvWeddGB0YVrJNqNHLZIJNOyFrtv5SlL90i2iCbMBnXEwDamF0RjiziNUwOy0D7CJgMYEogE4baU7aOwt11bgkmLZuImypLAZNDR/ebmp+keCEEdgdRpaeN9zq9PUyq9up1VD20PSfaK8aZXviUXH1YFLEqXOfAHqe8BBNkhm8a8xen5S4nSo05y696pioqa35doKJkOk8okmhHZbwR90TACjtGFzl/Tfb1ch0/VWftXs1jNiMoFjUh6SjeZVpvILkGsysGJXBu72hBd2WyvZ6TX3nYtVM/vOn99m92Yk+JDTV193B/ZuHj70WrHmnH1M2//AEgOhhH0DkMejKHeKny7Zlborf1PM5G0FI+DaeQMtezW/oI1DCuASqiR2yvF/taZaKMneQZpE0688Vfol0f3puN7OQQ8lNIIPLuinFkVAYwhjicQIy1XXJQtMpTOByl46BUx5CsJiMwjkF97knZXaDCbSmMLsrAwm92za9IWpdNqVIgshjw2siPvoJWZQE5i84ygaQ5etXLRx5ied27BSnvjvQ3s5uKVvRQayfe2d5AyLLR0eozVGkFSp0j5NYXMD0GLnZeVV9hSY6MaAkWBiFqqYRaDpHFOAx07kQVNE814mdw6py4GKt+5TyRatadTtHC+Bp2UqqRDg8/PEeXCcNKi0w77OaGUuqj0Y1H43yqsdFdlKIH2p1ST9XSTChOcgXa55VYWBLZzVcUSkKh/+Ug0eW6jGZzKArDZLfZAZK5uFWMJey1DiP3pjoLnsu1KlwzRsf37+8/aZlCRu06qQ+fHzuWZH7f1oLrfBzUspZvjB7bOZAGrrduk7KRZ1wFWJWliFPmVZhO4s4EHLdn7ck0uYx8wO+qbPb4mEU6jqs/FiBabT3MjAhFlkEK7N7wEOB2TD6q+vSnXrV81j8iRO4uTi5BEV5RFitDrlI9Ui5Jx41Iosc+0EjzxFTYFvR7nrf4cIbc+XjPnrMW+G5UHrNbgWYYUKUbtNhDaAEGXlNgjgoqBOE7DzZVnmsPrBBDyyxBj/iKBySSwSK3mE1aI5nATWHVcl1c1j3Bx8ErnlXKN3gJ/wQgfofqMCkKZyEvpCDY2QBeOiCXRfKOdcxNqM0y50YH9G8CW4m6ISTcsmOo9NB7BxeJQuDA0LswRGJT5LVMRLgK1LIzCutqILSJeqBjhlm+oP1VV3gx0Ql5iUKllpMiP1IngrMKl4TGedj9jqhUaPKhieo5JsIEwo0bDohcupGb0Y+1K5ivRrzo3YJPviZ4HSZKAyCnVCs6ZppAbc5od6ydEf+0hfOKhpgSKSs9dUC0q1/m8924x2w++CagO4+REOd5U93Bc2MdJgaFXrYc2grm2PQAhF+rDVZbwrFMwkxLvgMRyQKcp2N/hfWab0lM2Q5T/89XL4MhmK9Sjmaduk8yY+NDhSu9S1HNCAxHJIRJvi9DHOKH/lmqagcm5r7IpwAXVE0qhwD64gqgqCMhCdaS6rARXMbllPi+acpvGrCGNgB3sA5eTvtoGkflhmPnauZKJBv1ZeAZbGYsU6VkvM5VZ2xPif4R4Eu/jutVmo9xeJMbnqMFPqBHcOv6opJbG7oE6JK0bZBayQWYtQJrmdGW8rNitZ0T99n9GeYptpNQzK68Wg3kqbZZG1beO+saG3GMFE+G8bADHu9v3EjGcI9srDc4nDBVBgU08avPNcjqz1f0DIjEiAyR+IGwjm1gAuREsUyCeYw488qZggo5c88vGmTSPPeTNveXvU9u/Xk6djw0epyq6sNXdaUm0vVctLLlmg9B+7riGcmG/uv2GBMneRaCEnMctq02gCWfknIkizQb2aJ3CBamH95diOQxEmQBpvQVBAuk4iTOTxFz4GQQ6X4RbYa2jN+F8qfEjdAMpYB+6TTVRdyLMfiuucgqvCNHzOhf1LlpnVN7IsdX+vYJ9PaB6xK3ZBEbj/ZztFuUzPXWVJAc+GVFTK2QJtcrJEWbkHqOLyrUo8Ub0HLGlmp2WxAIWYu5o3bHgs06zD208JPnPSXFASf3NSot2MiqjAKw/sL2HkmLxHKbJFXQOwIoOIreeglDokuUOovZG9AF3RsxOeMiNb5ALY9qhupLFJskzZbuW2mejqiS3H4WYf9K5B1PySmMeyzLksK7XTq6xZt4o8a/dqSV9voXv1lTbWevzue5OlWvXCMmNX9iPvRsViX8pezxjzLqCTJEWc3vAJWeYzNf91vlI2UD7nVxiRzkO+rCYmIIq4BgDlaZMRkDbQaDaO6GqqF5jlDC9C64htU2hOIVNqVqBENSO+omDvPfTyPLHaOFkMdz0BDuSUhHpronNJTreFi1jVnzeqHFbrK+1xKBKiljkBFq8kQyUgx/wOlvZIJkDEO412IBCzsKly/FhybxSF9I1B5ryLQm+lewNcH5dPKP3187q3HusG82lj/+MidHXt5jvvA8aIYiWQd0cz0pxUeF6yYAfUhlMjrnTEjhBjp8W8Par1mkLwV1Te+3D98agmgnQtJmzHFctghxmL4yR8h8o2vbQe0nUSKjkTLrv0FvyPxqB5akka6DHp1QQvHGD63wSk79IKH1y+Iigy3tiEFA4v1hNPEOV5APd2oqJR0EFVOwmQ97BdnJCCtwj7RRJ0DIFCkioB8XGSxXyqYg7YyNYjtfJ1goN8Z/7KESaxYrYyZI4zg3FfF8ScGDA29kzNdLiFIiIQjauRnTtlJHPGTYgEw16c0Tqtl8gNf/tgQk9Fh0wgBibSYnIViifz4TPwySOundkzMUgMqrG71pxZiEd4FNf/4VVd5c9NSAC76F5NDH34VjMeQMkXvUCtzDWv+0YuRfdQUZZnA9+kE94Y/pFWX+rW6ZVSiea5VfrauggAAIABJREFUlzyIp6S+YcTZsyP0cRl9xoK5OIa6OlcRe9y2dg6rKLYm6mEpe0S2/7pL5G0eaJND7f7jcyNLzuzbhq25tocZA+/++7Rf7GoQOJtBG2nz1wbK6NjYoH00jp4biIimcCMKJ6ARzTXKpBRHmBLpdi1DenFQb32kFBGKd9FWA4iUQm1r8iM9v4xcGbO41c2JuC07x0QewEoQOMZMjHEZJG5fMWKc06cKQRzhZF4KQNoB/FCaTpLUGpmFPgEINX2P/AdR+Y6oDhIdEgvyyOgbIJ17ogPqjGNVJDmFk/lw+BFqgi8WJrbq0YOESddCCoP9p9Chds6HjvTAu1zp8hxynVe4dDIctU+XUNkNCKm4FSxhNuB0DabgEC1Gj0pKeip1rFqPnEhNySRithHCQwA0T9ceK1vNu5hE56eAmni3WNXR3Hi8OzfJyLZFeSv5xg5GoYpZC9AySJ3Iy+JNz00UohNAsbLbyGaPUVlokMB6c2JFLwFS2rwqIo1hzfFrLK03bxOIUX0r6BagA0nO2kujb5reb6bduxF9P1IVghpMxKNDrHVgxt04F/1mtKT43EN6N+CbU6RyLIn/wJARtZCWXsScixcsp2DdbMVVHcfvm0K13KkqXs8wpxUqCovIXdJJds0hFeKy6jBYsDSi9cI64lIEXfOT4HRAnTIStaiTEYmjnJE6rwJBji56TscBNuCKaYMDpycQZ1aTwfQF/qOQ/9vgc40p5xYLZs/zU3LYUYjRTBODI9iirjY3+xAdLLzEFCdLl60o34UUzIgUy8xcsaJJScyBzsJQrkN9VVcJIjPasczX4oCDGgfVR3NYhVeoEZ8P8CKtb4Azi2yScovFkhykuIraSO3jc7suFsOKj2B609RbzzIrEK5OvtBfwrtp2wfS47WH+8cC1uw/8GKLF6krho67CXK0PPPxDJ0vdhM3S00WFiO/RtFp8x9o0VJFeJb0ne8DT/w+smGImNmWToygrdjzc0FMB0LULjxfWzQ0kGkLNi21IzZKtZAkm7RxvRjhTZ24DGR2mS1TwtBGBmSuc1kFKzwCsskqY5tciThKaI4ihMrMspGJKmIh3aRmsYpXS8AyKKDONBM6DL2Div4U06aOAFG50ZRhLfdyDLewyXBBMtmY6Ap98/7Dh6d+qvHTU3PvIH1t7/SokTPKp/eaZm2/YCmoTMlYhE5jJ+8v8sMh8alb2+SaGUj/Vm9Pmb5BUqlvnJSNRUsmdZYhekts0cV9LWW8fmkVCCsEfRYp1JTphGS04+5SWCVzVTr4YZVmyOAOREjFOsh1l4eExlJ57gCUbetVy1pRUXLcFNKMjRYW2t3cDEShM0kif3xRBcAuxD/xID9kYXZhXeqhM5sebXY+FAJdkCA1ZKADp/Qx/WgJn4t+fULygkb2YEG+8PS1xBr8jDPl1xdO+siDQO3GoFbZXaDeQpeI5uiheSWBn/pbWSWHCIhQNqubmuUSDZlDZandnAQKreIjoHqumKoy84PqU3RxOAUKAyxugZ8ycBHocmmMmO8AqIg/lAOqQGbH3EzqNE5lXJcsHibO8Jn4OpaK82DHrtNoX2QL1Xk1eDxPegA/cl12DG/9zaF+E7PcwRgB+vUZYeFI45BXNH01o5mBKKATQfMqRoN3J2DJSHPTuyTe3Fduw2ktoTboufDz034L6eH188d+sYtazd7Yhq1LRDiSm6pIJ5KZwmZ6JAgA63S2DitVpfJje/aoUOl6R1TBByK/zq6rriyk1hNGDpvx0LtpsCggEa90MQBUsEt4yjtVgj2hwqeJplUlakBUu9e3vFZyeAw0mihCDJ6NWN5liZDXQY5Goo4wqSbWZAzOQYzOBGBJ6f6IDmASuJAUQJ079Si3me90PI10ZOBF8uCNaBzJOZJOpeg7TS/xkTuw8MQAXk5jy/7DP0KoVXSK5WRAE0xdwAVWPBSOEOBbCtxlhnHTP5vdmpXUYMqOWbnM2u7qXrRjh1727Dl161C6+XJsn12aaat0g7iho/GdmzdvsdVGZFnuLyDiQaEqj7/WdCORynrAOrLqc2+tookBjDQ47o4eL6eoSE/AZDvP09gGDGUN8avtlLM9Sm4FyXtOPWHsC7Mt/PfTeZVmY2/frvkoa3dqYMwX02arLDABMltk8t9t/xFlUiRmWSPkDs7f210m7Bh7m6Yy1rreW2G7y75QPVcTei45EqclRY96+vO4K6qED9htZlpxp7meQ2pXgqtZdfKcPiPEHBdQWNkl2dBmyWx8rp0129jt03khmr0xDD6CsyCgLLB0etaNB3nJ3myk2goC6obxCod0pvv8sdXJahGlj3m6gZ54/Nh6eWsY6GSMJhzeQz9JckUuSOwrDCSnpig7QSFccE6rLlydck2y6ZyEsSnkmEXcH7tSf4aDVyFkuNyGHHOM/yqhgXHMHa7gYF+X4cIZCNMEoG4pLSW903ZNoCR+e8khoHSvaXmWGoI6R+caYNOy6Z9oHGF98PywQ1OjOsO20WWFL/304+O3vphN70kfMxSWk54wLKNIT9+heVfRPXyUmWeoCVy1YJr3ITu6cyMXE60A8eCE0mwylWZFLbcQ6KcIMDtW0JgiG+/IFJTdubeQXKMzjWwZq3dKTkRtXxDQe408jInGNJE7FxKgTMXECQSvHVRASoWy0mywFHzGKe4UHJSMgOcp4DTHoQLqAhqzKr7yicoNSNQyFmgmwbLmkUYYM9Zq4jGRxP+Kgo66G8eQrRcwzhpul09+oaUVvaz0/uNTPUYyN/t/3M78dbMU3WBIjkKrr/65oz63VATHncmnAqZHNOWKqqhT0oyrOcGigedPghYj9b3ffNsDtzftp3t49ARgbat2tyaGXtjMy0WpVQjNAPNcOo3jqLOWSJmZxzA8oRzIZUnpcChzwCIXBwNPQY1+VRmGaQD0YfZSxCEBUv2jg8q4R0G+UOpce4tpFeVHO5EneHiXuEO9AAgMn+miiFWYihRoPRUqRy5LLCilx53flx7ycGDeJDtUFCM7QApaHt1xjJBYiyC5KsYv+KHcSA4BZSb9Su6Aj0vQ2U9N+uaHBSCE/gKIq0SHbAqBnObjsMpBDyoW69rKlFyG7th1cobqmm06JLVnrbRcTGZHTNSNBt7nEBMBj/FXsVZFyo6owXQ6Eoz12CG92oM9brFQd0NOnrCwdXWc85LLru64bkhjFYV5PcK0Qv/icVKpdsvfWAWhQzgSYcsBsQsO731GCuolUrvf5n0GAhG0PDIJkFVaPWue8mCD6SB6D8+Xz+++60F8q0zeDRx8L7jwDZnpqT2WahbmasA9k4PRpGRcWHzKGW+hxZEyC/6uCyrhdxSIEpMRqTWMJQrQaU1HieufFjaK6CsKiWSo+aOKBxoG5otj4WmqyDoxMOeZwIESpFrZowBk0TzY1WoyF1NdDkYT325T1C5SA/pKLXxV9ADsOC4kwkrwwUwtgIV4qZV3Dr9MOhgXlxosExvimOiAHmqk8o8TwFG9SFQ+laNWDzeYVLi0Hsb4cvqkuPAnfIJAGMWj+Nh2IoVi1sAOYyKgwhjor76TcirGoi0G7bBsonIUCTg312nAb+e3Ua32mfadPZgmeTN064JxDP+u10du84kvqIynGPDEoI4arWYSbGZDDjPVjYYqluLO+NjpRhrJSMRRQw3drYD14+ASngzBZKrtLIZaGYSkcmrZrFfpmrBUFsO2/jD1zilCiK3QslUPFuK/cTaUhhayxk68EjoFs9kWbN16TwRPBhq47+10aYvHoy/DAwbXyQbaYqxOHUJi+CYn4/WfnwOkbOecIitJUGa4eXVPuafWVRi078hOP6qGc5xnqOj/oM4Eh2QgGgKxMPz1ZNkQJgXO2MseWGbMmps3IxuANrpbO5Y74IhDgZiqGQmhhToLLIyTowogwTD+EpDaYdLMsm8alBlXvzvRNKf/cKP88vn5qSf+zZ7Nd1967Rh5qsy4Y+2SRapl7wxCgWPiRQ8VEI/7Kqtb2JB4AhFGvfPSgaNy6HS5dL8a5ECUQt5xwV659JktYiN2D7ZlC3Hq1nqCEwZkGnqqdprYIRrvYkuI9T7e8yWZWk6Br8FqEmZEtqnVcCz/vOqNUs89+81dWQE/sUtn35YeaZ6cKCNt/nbNmQbHnEQm31ycNKgETEweTcUMRNEoJXJaiNhZaqhVpcqB64rhbhj4JT2jk0vd3kRFi6Z5BNrsXqNLIa6KXcdOlO1jfkcU/6XII605T5hJxe4KOzYQRGjlJ94m06lGIbwZBSNt9asfwpEOZhKGhkWIXHOR53Ml0dnhCl5fc+rWKcxU6HdccgaF3jBR4KLO5p6DcwuevPNDfcalveWCrZa8fbj/yc++LQay02Pf1WiF5Nwdx7n+LT/3yHGa9qBAd6onCDdWlCb0+WTRE59TNNrVajXVn2PG84RS/xa3PcXstcv33a2V5ycO06OhjfrZVzl0ulTCSiwynhTdgD57xpD+2Z4bqH85JHzUSKszF7rD5PiaTEhxzD7Vh0pgikwtQkgrlFwWWklkQhhAZx7wF51Vg+5A8OAPm1WGcoilLppHuWNUFEEwxa25QY0oWmsK0oM6iYviZBnxq7o0SyDmNNSrfiKWxp46CZEGTiArHtypV1jWLcm0XP1VRfi1OZXCd2bMfur7u8iEODtUDAMnvcbhBvMcB/qWv+wRUPCqiDk2F/gFqOr4dBqsUtftLyb9TX5QpfZ+hJG7qBAj6EF2CYtRCp9RWH9lkjtHjf1BnqIcF0SQ9D8yRhbmLitiDUIEhpealbvEldCXJhX8Gh1dzoCrXRLgTEvYU0PgifyjExIocYrro4HVQY0/yDqlIr3iCKZScMdd5RWZPX167gVzdfh3lhMXvcbZmqrdEE2u1jRWdHRo8gV7rkraGGU4pmpAIe5aLUImXdlqzrjUarg1SGA9nBM1mNLvFE9C9Ki082UiSjfBiiY1q/XcW650bGCviw/8KnSl8urKHAETqCQQfox32RjpPcofMZBUdzgtRyRKTcouCNyOMvNJECPsxCAQd8oquq1YDB+pw0kW4wGDdWTzQ5swx3nHbcQh7o5oXSYPAVQF1aE3C6/gWIfMiWQ8pgaoMcV8MoaKCKgVoSTMhgcVBtlZZIUpdyMF6dADqfYiZHHloNZpb2lEG7OEbV3RW3G6B2gSs9F9gnNCMffw0MbkBvgtsbdNoT48Wm2maZGyuUvlGal8MyFGMINgqkRfgFXb/E3cJ8sMVh356XSp0nXGEL1jvfGgNoIe83QXnNEbGjfTSFJg6CR7tRtLtTLj2pmXZK92UF9fe6gNAmzlrl403n3HvgcNMU1C5bTw7opN8TNCk6j4vXjBkTaTdnzNaoU2I/pvipHq4opm1BEplZZdMFcYRoJeEEyyYDpxUzlQOC7mgBGhmWR45Y76QW7jlqp8VqmDIuGVIFow/lFcyblMNMlJsVyG7mYFXlqmRELBSTGkDwH2CAOrBOJW9Kdq+1GIqA+a59kP4woiI4kVM0+BTD1n1aQrrEt1Y+CWa7+A3tq4bwKGsrtQ3oh+05AT3F2UYDG1QjYHwkD7LTfm8Jn4Mg/Bj8bhL1k2E8NQfisqRZxZcRSuqpNGFMlE2zntZaioOEeWYT/b5BDa4yQPwsRhmWIz0HzVicYxhy0UtbiQ9zti0XMnOSYBU8kdUvHHCgzT14Jb9UHe91ciPk+geUxDrqIu4oKTadhZKSmTjqtQw4UHZJ0QmgmLwL5s8Hx+42JFQU6j7XDjm1EmWw4Kp2w32Rp99wBTWbpmqlt49dQL7Z59jSGabXjpqzM1nPOQoQbEaJ6HUEQT0l8kH5ZMmWcj5MHdTc6u8SQB01dJ/qpnsww1BIpQSWAoEjUlT79T8vp6hoWjUBgFvT5BomrAJgQ8RL6O/uw4oyaAOtVZdNKN1bgQbyImGlGiVUkktTQPG7NhP+H8cO/lGS2jPL67bw/+h+b0/XDJs9cB9Zste0imIfbkR8OjSBY+zWm/BRTRLDfZx+DwTu5jhsQm3xBLaKqosDQVUnu9+8rq7Z/6rrnql49rzRld48yjzKbJ7ElN9LTuWJRCKHnIxd/0mxEOX3HSUYn2EZk4yydRmPUk8KMGrOSaVCoBUgG8sFpbxSZpbx1LACizMpbSRwpwvEuSSXcsgQNCXdZiwqICMTq4ZtBC92tjQXOlAZHneLHLgOnqP/oH15m6R04Y4Y0yyeAfRxxqp4IWBHCULhpTiegO5A6Pw5+wN2h6VLd6uFXRGSr55AEr6bgQaVz9pFoxHQYWuZLSwhTehTaNMEViBpiTTr+BDfVxPPCSPH1yo3hI4dMR8XPghqTYcYQ301UiBYl2zqp//RgJfG6HZIo6vgbEInYNZTWrn6yBGucu9ENmVkDtSPSVNNaZaMCd+jsNHTXAyTbxTgoBhaenYAS4Nc717uXNlOovn/uGi7lXpi7WkqCqOr3alJams19nZWD4/PT543ua9SIf+6GbkD3XFzQ1MwxsJcG2EZ0YF0TM0fX0WouQq3hmpAGASGouDBY25OOFtVJkYtDfUYhS/jtVwwLqxqayRBYCdQgGgk3LTi2MQTrr88arDGppVOO7qnVgg44aawcYCVONiYtzszNTjkv6g3dTTO7WGpDe/5A6BVStaVPH5S/k95kA1MxQR8NTlTBRhJqgEHc6QwChrpKkhqbyABiKUO7oYszewcrDglAi4AB1qad8dWFYN1bX/1TqQh400L8IH+jlTon6bBZuWHC6lFwxMMlst0GqdPE1c2WRtOu9PX7NSk/cUNCr3rYIDT8X3Xuxd3o0SQmnzfINSAXzs5uEjZJh2aP/pi29vU8uisaUal9aQbdrBHoqF7jo51w8I3VUJKT+s0HGenxVl2niIpYoM4s2LScOwedHJJYmbb6FyODTefo2AMbQbKRXhNpLGs+k6p55++VradJbpdd4mM5tS+q4q4lE38yLGlMmYrLV1hQzh8GvgDHxTSRMTXwNrUM4WpU2jojaYUVaGCByNA32+ArVWDB4QGyDeP9zYhURYKfYXAmXWCt1imbMS5Wbk9MIsR3Zt1Q0HIcFOGzINVKxmO7LrOigOgP1T75yHD7SueMYxgyBMQgYVQFQCnhYZDOLqIR50SZHnu3/oABNSD8TxkSz2H62IUaQrYTWF5Ai2vlsnsKCWG7Yoov+mJa+2Eup6rjiYtoHluXIsmN02A5WCPVEB+1Cpf8hyGBUmq2UroAVIXSu63OUmqyFpqhfZJ7efk6q7tKTj6PRNNgr8N3jtBSqJ8wuNnawh/XeEBYN61uFQ/cLzx8aRmokDH8MYEQ7Lp4QYWVYnSaBTnSkR8jNqaY0UeezNTpS0+8owEbbxYWqkAqF+oB4op6tM4YLejtWmoVq7LYwpUJM7B7szXQvee/urne7f/CyrTr93vZYd9HbLYsCtgjSay8zDg8w8QQhyeUTMUebye9KJVNDYpV0IglwVPpjdgTUAJnsB6I0JUaskmqn2WwRIPseFiXSdcAoBKotlwz5CvfxgnOYAZpYsej4WljI4A0XGTwFgUDsl3yy12e/mGHfoO3QT/3ijnfhl75/eqrPFA8hueGjcTwoAC8WVSZu1MJgvfUbGATUkyOSHB9FQYMKyZqOh4qa1TaEFUP9yFyOqH3X4tz5uOfuTs0vATOSXyC2i3EqGJc1/2BPl5h3sgkP0HDeP3ZNmBUlJ5WnPJCbbSbcLFVdslOutc365mQ+GyRu/SUpHANL12JizK4J7exuIEA8a80OIszBp1dx5aUvV8QjGlB4fAcJFm5XQZUV3LqLtWAyYABx6eSuZDmddqnMBB/rCxDfMeh8/tUrGd5JHyJXweoh5WxwHYgM51Cj1xBnuNVk7uomwDCmF5SDh9nIL2JLrfgwPBAABIy6PTLqKngvxlUeS0+MQ2vJ0bhOu4S3vyuTCBGZNQ7WEY87C/R4k+jX9J+AEQCs/0HrVJe5+CBBtEXDYHji4HSmEBkkWEhS/bJXVegjhr9a8T8Uev7I8JC5SVB5MCs72OGFTSymw4BYJBpgPMamO9lKC6a2KjQfMc0QUNowH3PnWWhslAu7fvfT3aePQb30qvbexP/ysbe2tI7y+DbpdPvtCG05pQfqid3jYc1dRG9tJF7YE2rtdvOsU3Qkcx7fo/rMFUIYhF1/wpiBHcDOIIfcSbmPjiCN2aTfvDxmIVolupsJsCnfj/YiF2LW7qZ30PVEc3PlkFkl4TTliJYKoZsnzGbfCgDsbuFyy2lrAw3R/G+rLEfgsAZOovnEJTliU800qeakmAyZaS8tm1AT7VQN9RBAqCP5meAwkRjfxOh6aCirC1Qw2jhQVUkscVg3X+1XjmimVydlu17nDHOMW5Sk1OwfyFFiks8nUy7Mo+g0Q+n6oJnZ29FictYocr7/qrTAzB/dGbx+eNcSXm+IbABo3hFVE9/WwnuP+P1jfFsdL/HclxPrsXsfO760stZUF+4VDknYz1U/FfCz9obDRqzYT6/ilQ6E9wn+yEcv6SLS+HamMjQxRQpKOJwIOdPDoBvC4LCamVHsmp42lfc9+F5H+amXc4KNY+tp7UPvVrpblWb3QjZeUzzMkgwzR04EX2tIm21h2Dsx13LdRDSDw3O3TSVIfHy0VOl1KcjfnKTCwNMhTl1PUG9TeE/wcgQZ454F3AnNQjPshIzUvp/tVsYRU//EWI9yIrGAHe1VrHrqdFqsgSZGwFxdcQmUdWEjS+SVu9fCppjbXD4kJExMoc6fZ37fgLuNAwSrAda856hhx6kVi62GJFcT/qa+9XPV5d5eB+5JTWvnvnp+xOoeoa859hOh7S1781YhaUTmcVDGI0mS1Q+MEGPanOaghDYrTACm29AWnYMYFLg55lCCwfDkTzOVlVCCLdXMbmGt6pCYXBc35mB/DGtV3W9a3uzVQJu9tdrNK0E0Ue7s0P1flqaMFXbvgz4KmeQVDw0WponNzIj55s3zU5s0AH/8IYPfv3r7lhly/sQn28TImU2nkr1I0YZCVTEtRinKRb690uk6qSXxKOA1lOjlc7LE262D2uaGAgC/bk36GZHH0wjSqkcT3Tkkf4sE3Xk3h7x/6Pcpn4Pr6G2tSNbvp4w3vzXDfennDRo7vrzqhysjebXAZA7mCKOQOsky9eaOY59VlZzoSUS+AKVQ4/lMUpbW8558OX9sAUgloeAeWLgH8JCRH9BseIhz62y1ylUP5GRTI+JxjMNsdRKTZaGDUT/WmVffvP7JY+/38RMACdl3ALrxy23dEhTybc/8qV8Sr115j1Uu6ei7TG96M3Kb5RDZ2oS+Tl8+lSf7GkfiU5t6Y+2uSeup3zMFcX/4+Zu7T7/xk7sPlaZdLxiM9cea570tnXev3j1++u7Ru87ObuORm56s5cZ0Zo169NcoVE6qVQmsyxdH2ARgv0Uf57CCkiJ7Bx/o3j0UFGbdCRQ3mx1d9b+mkgZ2WibtkSqaXeJ5uQozEvV/QKTHi1x9lMpzyHD1MKRWN7zwS6/afGVe12+PykEBAXYsYF11KAWX+Df2eHCNU7wHtyiFrb8cwMIW5uoXlajCVa/iGhUOwFSUPHY9CdIYOXaUnhqrymwNK4d5BTP0KF/y0Bc/YtLlOLHCo9nkiHByDWKdCi6ruK6pd9BvMgNwhIQeuskhZrrTPVVdv7L9sWhlI47ij632QCzwG4J1hxO/UxyOB47oDNsR5jQZLxridUysnqYa0NQ+ulMR99DGzAnSKJQYv5O/ugIMDYVA+rjEB3qkT66I9jLC3oTRLXTv9gqgudTHH/xYTtxqlG66vzzUy7ZZtoHx6dXf+ctX77799PHzg7dnvP78bS9jieDL3WMt9P7lTz9+/vf6mZ3Ih9y24+Za80uMzzqFjfl7rFoH0lLrrM9GdOuGtZ5gjowrGReXJaZKRZdRl4WaOo0rKXk4mj5+6ifIXkxbQDd9aqqkVw96SwpvfvCWsU1oIhsTVBMxATsWDaZyM3bVmcnMhVBB89opbCirgC0zcad1GQky+eu9knxj6gWfwUvRsstJGzmir4iFjDBlk0GxARoogNlvdTR21DRFEXmN3Cs7p0Q5Baj6J+M51j2OzUQIwHINYU5/HZ1gKxpDMt0w433DQx65kSfrxb2uMZhcu/kqojHO86Wm1xTZbOPwmAJnrgapmm7wmeDtw+N3D2+bHDfxevzmwdvfPGEydciPfSf3y89+88Nv/bU7LxvfyyJenptT98sTkWhi/c03P3358vH1lw82KLfKXgS+7X2UTe56umXJr7fAtxu/mUDs6LiJETslapL0e8MfDP8ly1eey2cjKs//ikpQg4GOvdeESsKBRN1M04AaZBY7GAnZbyQ1uv60RcbuV77ZwhY2HZpY4+6n53fvarK1xW6hI0+uPQQgYkMRsr0er7Bm6n1HOfqhNnjWjT48NDOy/tl4GBlVR04O8cGkCixF8/LVgEMFDKXOE/5iofy+yaCC68PRuQ14cTArGCtMWg72xs8RPfQr7kh7IqxZxvaKsmy29Fjj3IEtxn1OqsqQM/LVAtfcBgoEPP93nW+yRe90WWCyTybba4c9EeSiqZ0ca6DuIYjmWxalfAHg06zbbKTJ4ktfD2XGZj9a5Ltvv+nOsrDGbRbkj0SoM0gIjUHPUb+Xmj2WWnzNhmSL+zrmEKZlptxYfLKn8QVD5UCQHVbVQSrob0ozjQRfKie52AtlSxLrfXCb+zXAutzumj0mY6oPvV5xPwIzAmZeNSv+MHP2C2n9Yx9OC73dVc407gS0waf7D/c/a0OeuWHPC968tRZb2i9Cfvflhz/5/OGf9pt9j70ccmaadLolAcAFiFFwfl+O4G4JFIr4dArEppSuMJoHPtqPZKdfofD80aJsclc0Rxca3ZV07/z8+Yf3L59+9eqnrz70gLCfjKgD8ZXuXNE6V+4rrh9+8t23948PveX+3Tu6PT60kEDRhHv/q08/+XnWzr4mVYmUZQuA8knFaLiiAAAgAElEQVTF1sfy0jO+oltKoTTkdC9GaHJ5qYo5inZSlwWGA+sov+zpcQ7d06OMA36Mcd0bzEIREhulJ81aM/uybVYDHjdDCrYIE4lViZVJi5D1AxjXBX358Prh3/xHL9/2lp03jzxQK6nhcU2x05uYW3S5680fvTepbULYRb9fcnnuZbAHjN9iFJMjBLqLg7HeisiMWLjpLtwRBjo1+3bBw5c/frr73/2DtiH1xs/Xj4Ls/qNbtzrznul++ebxyx/+8u3nfonQQ9rpTEiLcYUDAYWsPpt9mYvBShD0XMk7B5xeapBTI1jA8zTKCACeaSvY/6gyyvKtPcUAdV1xBK/HhohkOnZwIzPyh20cyqY580TDCQNUsss4pkM/eJZdDs/TrwxQ9WAuvbQGXWONIVbTMAYcjXz0hMCodB75i9WhI3SkjiQEInig9RjEGeaNwJQYsWgic1DZb1VhT4AjR9GCOsCBHoTOeB3cgZfLdMj66AP0FGD6JDH5j5FWUhGPVhoO4klaaraCkwyXW8t1jDLagSbdmfWt5qgTkakEFFNEG/5LQzj0hzkKozcFkJjAtwT4r4fmRugUmUluhC4iB7ZKA9rYdzr0SlCHEwiw0gNUEsmv0SkfbMCdxqUSREbQ+esRjyk3XVfKgNna9KA/a132VLTK0jaDN48fP959/xev+6ENmwoM/xG7e/BS3E8fPj69f/o3fvjVv/SLL3/ZxKzZrkW01/0+3lNrJ69aPHj+d79//g+ef1Zk1gEmI+EokpP1IYTODwV4XUEDFAd2Y1/PvgAeZB3TRKXDEXwUSjIA/ZDoUkHBI2q6BWloKJ8Kf/fVx7/7phUEDIJprtcDzJc3D93KNEjV+H7v7W9++OY7gxtHbTYkoKDPojp+C0KZlgd8CC31uvnZT3/67b2fqwk2LA8HJdV3MlVrevarH/oxIzQbU9iwmugDWuiK8rBvzlfeH690PQwxWxgd7oiTT/116nrDkLyVKjvWEYDK+7/BBnQxcCF5B9YBXZcypEuVanhHd3LYLjNy67FTbBVBT7Sd5mLg5Cij97u0OqJn1izBNlnGMBngbt9qxE25Whovf/fd23dHhN473q+NhtIoXqA24bj7q3/ry09/uwf4BVU/yvjpub0Hn5rwvfSa6ru7bx6/+T/++//2qx++r//p97I+9htbkWy7WjH1+fOHT5/+hb/xB/+jx//7+48frWHxTkLs9sK1IPr83du/+3j303UtIpH0bY2LBvlbDJvReONMDAKkzuBYqsOiVsNbdxqackm1WSfVXj58/unfe/uv/uu/8cM//eHh1eO2A7Hyxlobg3rs/unTh55wiKS0bVaCqCfsiWqEe//x+Z/+IaZ8eQlTat4oZDS7u96BkvMjvPoJNT02E0jPxltNYSrN21cyQXmRJWCS3GPAXKWb4TdlNY2Rj0RQZYx1VBZRfMn5pKtgFwJoBv4X9QwyigRBGDcEOkVwiJLkUTd5uhY2JYEsuPOJtNpxLfv5228evn1XcfJUXDttvt7kvhhpr4G17OOScexOpv7DKB4bvOrNPt79O//Wf1i8NBepNEIdsWii4hdu37x5/74XHgipBTGYSywME2BKhKNj4qNqg9DD0U5e3JgdlhX8VBqLzeXQKHs7p0Zww3Q9tTj2HyLXTMyQbuyGe2ikK/mIUUxad+nHlT+8f/qDPwiou+V9oWZDiJbajOq+mdzbv/Lzb/7qb/brdD0adg9J+023Mm43269f/tv/07/dmx6eN71ul/b9N32PJXvdNz9//Mnr//f/7Vf/+Pd7ZXttKX6w50Gq5uqiWmPJXZ2oRXvBlR3KUVbhbHBEj7X72BToS//N8t//8Ms/+af/sJ/Ly4ZpKfYa11tR2kwrkH/nH//5v/UfP3+TNrWmflH77u6Hj+8f3779+OnpuS2srz/9c//z/+Vv/Y2/U+39N2+7E3r45t5bgLpJMMVspbknAx+L4p5kGPoEmJ7s6IFX9sh42tnN/Ame0FVUs6nsurVZDra6gSwVSWbJDApxMFdaFByoEcOW4/C/irtw6zqbpF+NXmnVpBqN8/Sv6qGibxijA0LKT+4EYDlMNtTY5fXq45d3//t//NfaRllL6RdEvF24em/2sE7ftzDqYe7f9sXgHuM04rZdwkbN4iQyeLnfnkjkmww5cNpWSaRKtYzVyc0KCaFR9IOPr3//5bf+t//5b9VoewFQ8vRN/OR9+lRX78uEn+rGC5537xgjrMSiwsltvM64GWetn8LECjK/JOFlZCyDYHTaT5YbHdizWC6e2GIV/X0Gi2JFPIh5uZ31YwuJExijelqv8o4jTFDxn40gkKmBgTZAjpMiU9VCBFvcoA1E+TEwEMqpHn0WRvLKBH5JCEZhx5Bc2OkU7YrmWCmTGjd4qBfU9USRVwNsZyiYOS3Bw3QjaP8Xr6/pqS08kHEBMb4rWwF9dsCvxwBQCRMZd+aVsoqGPicts9IbZxYNibinEgesVjAVhEPZkUJr9JyL/CuvkjjMMG5Oy1x82B+f471lyt/YfIUk7eEEcMU32WTqU3DCI0BdS4JdrCtYMbAjY4AGv05ZYzGcIsDExZHStWMFh876rwHtZDAqXo9pidsg6Kl3YFr0l/se6RZ+EbBu2pL6S0s9NYh62acvL81QnppjeDRYD2BOoSduBvbl7kM/0Pex0u5IE+VSUqeY1E31Kov64P1KEADskqbPBpvE29A+tasaxsJ/sRbpGn10isZ1oNYmKFcvdcz45eW710/ftCbRT15aOSbas589dn9gEvLqy7cPd71ZwGLXJp6Vmd7NYqxzXGJpgu1mJLzbVKGJ+yrUQzOAI0JqJzs12DvJ6zHT5endYxPOPdacxoXvOieZ65hzhkPJjkiggpyL/1mHY8ElmN4OsJqr7GtMTJ7qoAcKDL00GAEoy47a6soWRgOh5cq+Xoal0TEBijzkeg5Gn3snIqxJeypHRG9hHnlVXQwqUCwHgfN4MoFH29JyU4T6me42c0q15sGNAVW39Pr61dueMb1+ev70vpWhyITmXrL3lbx7aLrSbtUPnz/85YePH37ZGtWXh4e7p95OWyi3RuJO4P6Hly+/8e6Hx7tf/ND3AL/cFxQ59bmnBN4TFK9uMCoqMB5ieoInFkkyxfksUsfdjHwmmYwjVG6es1Ldyhotm3fGAXZp0Xf/+rFpRV+kaTWr5bRWWr2LMK0fsgqn9iitJ+3s00wkigvZzXROb5i5bLqmeRRB1JxG3lJ2BtWwY5SgXUZxgbBThggGl5rjRObgzKqWU3Y5cpSk77beanG64myUzmemW3UoWFF9JKM5eRHccF+rzFhhVRDWjkvakMaRqD4bjtITLgbCIqKLQKxkdkJwEk+PUGeXFhxmqYAuPWpyzUXY576byAKpBcVmuBY6QOSfNEIokQPTAQTf1rGX9z98ftXG5xYB9AGv205msVGsZjLvOHNLGfyhtI40OtEYZ/KkhvTJE9y88RJthVOFCapKNwaYgeX3f9SZOY5xBzvFI3TsxHAV82N4u65fiB6cFSZTDS5AS+QXdaGZ1j0EyMqp6EFdECmWGe765oynIOwRXgODr/XmjwaCxHzz2M7Ob+9638t333ynuJfAJX7Gsfus3499fn7/+e3DW8iR4BOuGYPdYhxTiMuJaATDl/yJnJXUzITSA5sBapvNDlv3r2947tGzrraHGGnXVw9sxxydTz+5f/Px6fn9U47zZdZaSI28r8p/fF8H0G9X1czffviNv3HXU7anD+6HWjyt8dVFdI9nuODrSKWN2/jkv24zLu/OzqXrBRaxBA98uiyksj3jRkQ5Bbr0Ka/qGiuiDgJo3CpfTnKkDtr8eotq9onQypzW9ktkZGQjNY4HSGElE0SqSLZQJ3BiMCYT3DKcpbfxr75bgMrfPbxtj31Lgkh4mG8L0PrpV4+P4mIBnsQY6xuzRAtw0ydX4FqAMt20GdMEDbqC8AnbOYCTLMgCLxLePLbYE749RT3OCVszawDoR0wAZzS/i1LhGh335C0P7QiVmAhFWoNGmy13LfTPekMFwZ5VnfVKc4CmMzgYYnVD23xYd1ok9XCj0SIbeqUye3EUt82nsmeIGD9mQfHECDEGzjNshnh8aKZGZva/iatylu1KjQlGL+1sgqpf4ogdRfZE3//o1k1ntYMehchU05HlRl8JWY4KJyIO0FTCjHoTdawRGTlM9rkqr1Yw0eBG5chyGMY3c2Vz5YqO5MdCFZeITZ6tbqhGsdtxqaTdBJV3VzVIfGKHYmL5Cz+og7qauemgqDQJ8E/gg3dgy5LG7sECJ0E8AUAPXSpfNJVdHJSM5Qx/IKIBY0CrH2YlmtFqskTZUdsVMizETumw60USZqpMLhg8r1Lwlj5rEKs9Klf2I6HAkKzkmF1K41ux0whWWltPEGrvf6NAltBqCZQxNLMafiG/2XnLkb0aY62rx7s9Va2gx4YtGhle/Vxgt+wtgEejkf9a3Y9FPKK3E78l26K/5CKjcbru1jxvOk70rwInkAiZhgIBUi4sQU4W1BUnacNAK33mXi3ktBE0Y/eEwrbEL+1V0pk0I2yd2GJRQ7v7AeNOVqp7m3Ch6SZIEXWDnoK5qUmWsoSpodfffDZKJsTm+7CoFa2ZLH0aWLztPUFjIxCz8s3Zl0JRp0t/HdCXUJmIZ5LJw9lS9cQAiQo8hrjhDXviOkFfCSyK63ehEH8oB3QeAbgqiJdzRhwC9xwAdz+qyXjkPBWMs9Qsub4n8Y+HUOgjnpGawJEwI0Ys22zSUCLbsk+dez4SYve+VdJcrCf43QgUGzmouYmbjhaACs0ZHu+PL3nYMnlbdluEbKn3pS+0dw9vKZ2H6rWbwWySU8Gnb1+9fnf38FwQPL6LR8yTo9BrN0NNoeHMjz3SOYGqXkNI/Gooo0mstnSlqz56qV1ZMs28aSVA0XfuFFXP29O/Aai7ktzUAmM7nV59qQFRz4ra2gKVNb7m+QaWVsMaV0eFMzc56Ul8g2SUONexXd1vfIm/SO0Q8bFlrq5ZYtoq6eCN1F8lRZYZeJWuMeOU2mnk2KXCVkR9K3R0UdNFjELqRUsGm+o1klHgRgJFkAkdVWNQxcUFQv+rXdVVN2hQM2gQpfQhEcyMCda5gs7NDmphJSqu4xgi83FgmfktLlC5sKnwJix1eMVBgunF8lZLGVmuaV+vP29SYf94IdOCkJUOHcJ+IWY3pbqsuTd2FJsKEyh2uOTm7GG2GsmoT/rEZKPpemyWgKQ+kq6hU4+uQ7rOoV9KXdfQqJlya6BYRHrk0aV0kAdGBjaxQBRpfJjCcUqzaBC48c/zDQYzBla/5zxunOrTdSj6uiZc0aqJ3d09tAgUmP7+o52gLQj1G60BP3zp2VpzfRFAmC5JGSNCL0CyDj5xyosLpGr0AOzGCnQDC+TCKjkPnwhsMfjzk6kZHRMul+YyLaE7g6Z3j93S93CwdxPZ//mmt8g/91oBo2p7k75Nqoe8+eZtzwxNbeuvPWO47pH2ZYNGEp4YBjXYwyV5+v4Ey/cJZddO06KypE8HMs0L0xIRZakaC+dwqwFyEgpmqdXNNsf/KFfW/1wWFDPdTIREdfkvnoMI65AvX6Hg1lIMt8KqZpyEgBKo9jHSTDjqVVKZp3rQUldsmFymxX56dUyhRI3thHIRT2sFkZnB1CqhCICvCqkWXhOjClL3yCAY/w7vDIwpEWM6pS6eUwFAyCwwsDpTN/br6UVTXf94orznevEomUpoX4LoP7SDQrbKimfQVbJLyjBEaOxDF9Gvr8DVZyqjvFpEDqxyEion4CE+J5FeGfIMiawD4I7Kx++yMuTkCj73CakURRHWREbpJFdEKiR2VcKLI6wI5okajUR+VbRUg04fYQX/KjtAKgbcdY45mCur36w1zKyZNzjR1Qg9cqOFdKB0I4aKsul4aFZ+amNZcr3BYSa7cIjuMFFih4QsQerVr/IQO80R+CB2JvNNnYM02a7C8L5qe/CSMQyrATsoBWiiT1SZw250j/y8DgjWQa2EEDsnqwq0XAYzEkd7mFfkHsKjGeyvOfRiWb04OqZJstOxqMRt9A+nhUJ5BPusz78kAMkoK+9ccBkFd5syBfQmVkLIpGt53TsW73rHw0s7fPQQLafXFsxlmpbU3feEsFXMRsqnntI1HLZy6qghkktbi0h9wVE/DbRXri5Er56URvT6ajUtmsFoww5V33LHmzdjg4AHqrWDOEUyTpaCU8wP+jR6+R1vD4+S01qRnjGYACmsP4mc7r9S2FRnJI09rD7EJcamnaneVxfqEeGAXptKYKFJjv7bt24DN2tFoTEm2UymqqeAE/eg7oDJpir64+aQGX8QzKH6Bh6A9CFOMAbS1a+U4iaZgjIYc8pDXDUvVKIfrhr5KaZXjSiHx4dFj8qVjQjCBHeRQiYp6afZhWAEEk2HKePOLfWdGby/aWJdLfAVYGz61SWCzbtT10vfmkO0SAuqf0bLdMfyiVScdZMXzRi1UtsszQYvUhefPebZlGDT+b7+G1b3EiIuD7e5qJ+S+dLiuklPv1nx/MTXolD9wjJ+CXHc323AMulndKGAqMmS4MvyyEycs0IqrhrIJjalmqSLwJmJxeoZC5pmU56gtXC5ZVFUnj4+tbWpJxiFFXOKz3bCdhYDRa+bhgSso03vBO2/6Sq5l0sF/DeMwhozE4JYL2QrIDbnbdycW3DKQxS/oBScuAA+lE5olBO4RVXO1FYWyCd1jJWE6FRl1YkMHOKgP8hDx7myKCB65LmCSvBTeRAUu3DBdTB0ZWhd6NHP8eTHmi9IUGBzAQ9Ywz538+Fv/YK/e2G5m6lUb6qAN8NA0cLaM+i2y32ixv2mLzwmbd8NcHNo+sjORemMWT/2VY94l6mLCSLPk7g4mRGmiQKya1tSsS212WUxlxLLd5l2q8d5oGmuAAVHCcChT+HBdALdH3uAR2c2+wpUaQ5E6BCDDnqkzMFYJanr3ENu4gd/wM36m0XbARVIW4Du3m0cqH/q/tw3B161O79b96f3z58/PAvTIp8/I+PGqgXcGx9l69snJRDHhJ4sWPskIxK8fQ6mTCbRZYEnay/EF4oxyZXuN/T2btla+4FbK0zsFqp6LPHx+c3Du1akapU9BWpzSQsDTz883T/0BotHCw2+3JBCPRI5wb5OIabuNyjBfmaqKdUpVyba1RwuD92sC+JHybN6Zl0T1Q7Ev6Y706pBjI4VUKNs6cpXUBmWLvs/HgE0M5WofK02Ieevwa85JmNcFxJT4LCAW/HQKg4nuIu96EHaaZ3MkbKpAQhwapNdLkaVHgEOCXSota5JEytfK63EOKED7AJ37XxmriSiSjP3RRaaJnRuNQ8HbPLp4aZzpVltdeJI06OSsxs3CfMbgTFsQbl2h3kUzFp0nPUH6yqYY5abK8ssm0ix6NkQuqmgkrHmtuCZbbBMsBUIXel4AJxzhjxNQ8CDsXyG6jJFaYWuqjgRQBjA6FA19AJxhUErRywx9HLL4CDGSHZDLcH2a4gh4LdK5zMuTaWQUBvaQR5nBK8EfkuCCTtKayKkY1LHRqgxj9oaSJWThNxk7Q+rUbqQYreY0I40EVIcyhfRc8nfX+dOZO1/tCa4zAo6JfKqdNYSLJ2w8bioDia9/AGevQdMhYkXhcRvMB6fkfs1jjeLEcDK2wFzRbrCUzALHPGUV3nse/kc3AX7lbZ8DpylhgOtRIgErPrisEul+tRKb/ZS3FHJUW1JKo4IZH5j56HkRpUXj4pq4jNJMVjLqLwio6Gnod18PrcihiXG9acmK01ntCFUvthNg2LzsXZSdvu0l7SIyOhaRED9Eik58ruRIZJHLWSPFyd+sKN6VbqEfYw8U4DvMNbL62Tqj1GgZRGXpGnYaJFUG/BDr7i9O1tWnQAhlEnPRc2Qjeh6njg20kW5Hv/YE3KRVFURL6Caj0Vzi7VccJtILdKqzUb+07tfTnNfYmlN+1ZE+GlA1tMiFAY7l8/+XOPJZ3BoxrIHCiSdFdmjiuRnzBMKLXXXHwwPjzmOGcuwnbpNksoneiZrIlNVlrKzS5uVOfPgcbkC4fBy3tGVqPjMZqdccjWrnHbM0lH/612cOjc8K5nYUVg4Fk1HLX7IG1Wmf2aeDefM2KkpxFJHoFDP+MtQrJBL0qQc9c1F83yZOOWlt/bSFLB1Ii/vn5umWCG30hlVxsulM/NUsoxYVHmzvmNNZCGSclNUUES1ihksScRwIuWFaR1cYsDdj5ShMi6bM54bCRQ8dv/8ud/XtCclKojbZUed7n8W/r0htP2uPQA53wULg/7t2CBRxyK8uD77HJrkcGVBNjOdeBbKBESfrnNZPIYNPJpoBd0fu9KvU58DNFTpUcroYmfN2qgqqjLkHmvAT7otJByNEIwBeniPMG6Iz/CTqIIoIjqIyxorOTLATgDNh+IBOAcAbYIzvmckHGqkpMhaLivo0IjQ35psDrJmFU0xkkY5wjYYvUZJk/jaeVO958UT8QKbFUt1V9CicsQqiY1K8TSn4wYwjZGYsaM26c8ZeELHa/KXE9pgMmPqHZXUVTbq47Di04rlOxgULbgYqrzgKTZtmab/XUa6mq4aycEWjlc+IeqRPdN1/5m+dYM0Kc5Zr2vyNUx3b/SwbjVb962b9fsvH5/aWSd6a6RtjHyMwsunJtz1f1bSZn3GniQITcLJrk8l27FAwJxhLhhHxUrU9qmdcv3nfu/u07OeT+e8NV4GyOB5TjfZq6j3qw3l61ys+cfCjXQLB77631cTpJ6iuQk9s/f4sNcBBUM2vKwTYSsbV2UTvLtB4ma3yFY+2ctn8YKCpQ5kealAL0+v/BhgdeVrrJwOm7bTeVwwGMdRYIobSAROthLiIciCF/WL2q17AJHUIZP2opk8Ixjt2fYot4gpBkANSeMeWwQOK9RCieNNOL670tn+wBFqrZ4wk+4oKRepScqttQ/uooiztsuCuu2AABSCh2UiHPkO+4XtiZ5ToM/LzWvmMGaVhgUMWofTa+S1hvu7frno3HTXTguXuJCRzpcZZpLLLurQSL4GqQ3iUSCUWXdrA0dyBpnIhLmoHVNQoqLrOIJlhhJF65CK56v2EBupTutbQfQJYSXLnFMFa6VjMAKDuKhS5zAbhVs9K1dwcC6pDm1CJsfu1aHoEwdAKAkhA3tHOpY+/6dkRPPBRbvCSXBoyJUvCHibZLoCiJFRMGqKfYhyBMUT1Pjz7YEvW3l/Erf6YnqkA6oMQdG4W0YgK1gF+qkCEZ+pki9LHP0A9XEDAOZQKzVqKg9sFT9KXmUKTX2MD5IrLYk56qroOEyZCIwMSqDxmi1umUqZZDjAb8dkKXvJlDrT+lQfVRfNx0L0KrX5UmEldNdOxMqomjjHuylXoIi5YRblItNkw5sR6pWb1VdUB+o1EgB7WUovxPviV1R6PvBkq4ZpFi0a/Kzy65GJqWkrtZmB9Rswt4yDw5HychHpSXHmZulcbUXAEJZej1tngeh8rmJ4dOBy5QatMk8NY93wd+/ixwLTMPm92qU1Ic/0w4vOVo+MJwE0DBwZzL1NbcLaCz8CbdJmjxiRyJGVrFCYdTKr0oldMZfxPptGwtizewEbkMilo9tb5mg4BeVpnvRdaHQrnrWOP2+lkb61pQzBZMeZJc7KJKOjE00m4oJSybhCpEc+KU6lqnSSHwJpTCfcvEV0f/BHDr/9sdiP8Gj1WRsfP+Mjvh1CLL0ZCgJBzlTClHW9PtVLN1qjUnXTLDt/5pvlPbOIFBf313/OsjCZtSAUa01H9pWA6WQXkbdS9BoLSz2B8Ed2MqVGpkGkr/y59ZnqkcYV7RIdHNiUkpM5tpL5t/2x6lgozmwxUzNN2ekVAWvGEQjnGD/eYaWU+Xa2tU/NqLSZfrteH0a0nzl78D5si6xZxvfm7qxxN6cnV6hMiKPREsNasy0ZDMB8GSO6akhNRoKGsku547vFp9pBJObxk0rSdRn2BTZrV6z1zOzC6WyYmEvSP8fEbaI1UCZbbUeOvTsizKwUQHyGO7arNJBAAyc3aAAKJelQFutpBV7yyo1nFMAyiqAiaTtS9q6bTFfzjFqGy3SeI9WdJVtx1o1grTnVmacZrUAi5UU+nKIhe1CE2adgp93yGyCLnvxIo7Uv+i4HGGbinJ51wh5RK4YJlIKd4B+0UycbvQLmv3iUT0MtYPYcunTiXqBR9XeoRTc2E+hWH94pOBCANb0oIILsNABkam0EuDX/6skf9wxYX5qxLLQq9tXPWdLDLt/D6WoP/cPr+7fdTVyGw2zwhfyIVRA1KJSYcpfoUd0qew21FflpQFJ+KLSKi5mVyfJsr9A9safj0FOOoYZYuXX7sExq7Sqvw4+Knyump0hwm/DpzYcfPs60BOOPmlObvFvc8rtmrHHukqo9fosTiQvRvKye7ULikiCYspbYaWmVpNilOt7Y/2qHTcKqIxT3WuNgCOOoVEdRBn0BDV1LX7WKQ3zFcEAd6EFghlenSVr9/mKNa5U06Jw9Tze10vRbCUqrHxeyaVCH686H7qRJTC0wfDUTg0YZlXU4qLIg4zt/IjOomQ+JA3JGi5GsrOPArT8SN0zACbMBYSIeVF06WW0kdpMWUubSFxXK+tIUauaiuDtMnHQsXAOLLyuJapQ1b5nbpbRHry0feC5NmViHEbXphH4fsxrabS54CR2oCJ3JD/0MJFAqmmbkjybMaIo1QTjQQYjqEpOnC6iBLh3sFFHaoYk4rugLBKflV05HHpigkeoYNVYZU7KJB0Ks5kKbfgf8Og8braMn4DFTcIhVdIUCNmwc3c666IXJUTNCxRS5RmpmoTB3oUWOgmqM2EqNYgKCA9rBJUO7bBcgUiwxOjcwcCu6GKlUxylT5TLEeQJwVY7r4JYaZCeWGjICLLbcjc7X6nAuJ4khuRMREwXBiZxOJR0/XqfQCr4S/VpbMaNlmOoaMGaqBO5eBlgAACAASURBVLhu4mbpiKlEmQVnjCvSwg5zNh7U4i+ARCSeRkbq+jU3AHUNbaZ49eXpw8f2VD483r/024Dlaw3B1um2D/vJLwObIvfmBw/fu/WO81YGM0xts4ZhvmdZlCQkVl1TrOOZjCyBb5Q75qdOa2rTu4q5dFD4TwvX/pPW8kVFOoK2UjSCi7W24fbXF0MpVhvundAFYJVdhFcytW88lMVjkq4fIcH8u500KYjB2FQsZSxKp8B2mdRZoyxmnZ+fnvptteQ/mygP9GRNxcCDdU2kqLE00Usl7eiXjUzH2j+m5jY4h2hMGIWhhVRmdacDUNtEpcIj9IWE2BUGS42+SLm1CSIxIzGilD7h051xdqpkOu5+KUQdaSX1YIP0VMzsJ6gzkIUe5kTm2nJjNl+UNohOSjGwcPGqH/BNMZo+2rxrehFxAqxDL3DYqvAqMM2N430Mf7w6B5UsGhaPSWYbmGmiO4zIRTsVt8BEAbF4ZodJbd6OvBXQLRNHW7AYeEI0NjE3piK4+Te5Uy0wgjY9YpCoWzNKhE2IOZu6OvqJYZtrkyx7JbXYJj30NgyhBCQuTWTlAqj0IGY9jAlQobTmlyUSQ/eCb/XVTohponBcuYIn+xukiqq4+VaCcM3LOVEnTkwSvXTH3MwSs1t8GGNqEoWdGyMD0xIoxLkayp6nBlrx5I4OnuRcydKdZl3aoqzeB+ghRXh8SB9U3QYOHLR5pWW6c6/ZW1abEgY1ITashtmO8MQsNOh87pQwQOA0LmdkcQuqiaMX28zclV6yFEGh8D4hWAcfklCgKULwRXMlVXT2VVWCED1IFonHIVaWBAzTVbpPFGW/Hnzpjz7DT+D+KlpDRRu1DuUdN3TSIckdivcfiJag5HgzHSMRJEWj1bfhy3rfVOQO5sK2x2ItB034JNQuo/Kpe+ywz6u0WvuvfTz3esaHh2/6sY4vvaT3KJ3ti+261kXV4T1hUyVRKiDoJSJD27SYGeqttFt2DiLPl/MWSuMLI3c0aapJ69bqSlhlyBWxqhvtvgxUW+xNQA1ZkWrdoC/Wu62uC3GuAWWI7lgWfIazwZEHO93FhCi2KrGQXAjFXYRXQwgyjl/0Y0CpFSQNlkexqpIQRAAdJQ/gwoEv50c+rW4kABz7fKUi3DsQRiHayyvrkK4EOhbw864Z8PCuToxlYoPfKHRaSv9z4nrsq25YRIbRohs60mM4AiNU9mhlIVXMXKIjeh1ceA6OPL68lRA1nCJDrAVYqsTYHvEOg1kr9t18UiZGHTvxfkzFan+8SA4zoSBnVg5UZSmz6QcGCeIbIxJV1biLzcqmbzpmoD6TB16Q/JJxWlkwFULuWpI6Mot8ygXFUAeVAKSQjVyMJee3AxiwP4VAJJdDB9LOA0n2Qmq6dano8ALB+jfm0R5kyKMxSatGPBRReQ7oY+mMQtlTtOCRhcZAIvsgXWeyVs+0SIBjSWXMIMqUXqdDZrypd5ggPVkOZdqEixdjCLQf8UmhUhg3jA/vR1GDk1FKecBsuMK4MR5S4t2RoRbkgwsMJHBVfTjikLu2ADH6qVKTYuN1qCcOppSudGxIMVI0obOKUxOf7DQJDixZUYd82ZKwl7mPQeUQQLS6lD+HjmnjtHJFKF1AJatDtVaQQuvboa4UOYNfSx9tqbhEG5z3baUQlORkOoqLG6tnxPIlX/lxa6eP++hehZFJe9eKEbfHpi289m7zNkfFN7J1CqYEDb31tkcGW0bNldDRGpsC9VUj3W7s2HQsop2/HfQ6hpchyIYsppqWE5kVGDiJQq+CJqmyNfpar2cTjWp98ZMTvRtiHQ2XBogznDhq6VAdMicWk9xsQxX0TY3INbMrR6PRIaN0xDuRe1TeU8KckHVapo246E1pfmDY2bKSymbnEannGbV0iP6OkT6pafdjKU9ADvO4UNJh/FR+CYbDWE7imHWtQR3CC6pquXpg41w+mkcutNWjMXe4wWKLQIqlrkS/ai+pTzNLAEQrM+6CiwCR51BCZ4ZmsI3FM12htgaaL+YYe8lM1nJrogiSwBKkgGyIJ3CH3r73tcRipj48CkSmLWPCR75Y5k1T7bZklWnecO71uFzvSjRvtevbjDb3ZUNyRtMoUu8dmxFiVsxHNLmGqvMiY4VmvNU2SWmaouXMZqvCp7uamf5NPwccGBYVGKoIbF4VxeikeE/MaN4jjEgga2c6qS7XHdB0iRsl1yuw77CjQ6ak7o9ERFkIT5F4QZxKU0EuzlhrQluOCgMtCFnOM5kSvkrZDNcpBNWVUqw2vKlF2UyLbRoGFCNgoEmUsqMbySx7ZUaCfBMuc1z9J4GOvIHHqvLd6kRFq8x39TB0nsgkP/5uvlZ77HUuZvBVYh151AgWHaJnXm0kDZhZImzCTdoLE/7MQlgMM04xmxilqqAgYktdxkJj2nBsLANAYqdDP5aohTxZNBL1iA2SMKVYbaIeuRKbSwOm5nHuAcflMBnvkqc+oqGMOMKJQ/bxgqFqbQ7zxMkkBXoMcLGOvvifGElm/gtHiPfN9Vf3Nqe1EL9v1/YFsIh7MGIYOM2qLwUXlh67nW8Rt7huJtRKai9JMAYQcxaqlPhEvLiZZzc1J4ORou/7eEldQvVooc2OTeNnSc0myWssZ0DTAUdJHJwozVPt+xdQhp4ucRLAaWJ/SPq0O6ipYSOT+HAH16U0S5Vvtj9Oxp3CPCG1tAaLWVgIzVwMWMUyVJnJgz3Jo9TR92o4miscJjypYH888FYgDFZKqQsw0aHpDY4YiXphdsVTdp+jTcmJnrJG2lPF2IAzyFilGnLQxKXgTuOrEgRJFv+j/KOAZWesQyaCJdCN0ODNoJHmYryd5QPh69Q3cTyGmvDj+xVl5MIimUYnRPPFRFUU/uL4RkEMF3ShZWmeZOH0QkezKe1fAR90jqmSuX5ACLrtYYeGbo2g29/Gjj0DEFgGoLAQoVgUmxZ0mo/GZArStqL+Z/RUSIpQnGF2VNQBohJgaBxo1u9QU1F/cwthlQYt2tJkYjgnRqBIXvQhDjqEkYgpxFN2iYCb4SCs/8JxBJ1uOkGIXRYYFz55BchB3JmkkQMw8OlUeFaiUFm1Cb7IR3D/l7zLzxKlOmAzkL7idNYIUwW1iEUVCGqH3dHpiDpDggc39YdyxEBoamtL1c9yiDnOdusVLj81kUYyBwlo/p61EzDjI32wJcdtbsOFvGBd+sxVCRzaxIXJZ9WNjlMVLqFKCfMBgSpqp18Fpyy0wYM7dEINLDkJrrijQbkoDrISBsWkEDrV5GgiLurDa/m1gli2IzRWd5/6sV/vSXzz1HekjlxNCPwW61pY7jSZ6qty3pP9/KEXsOnhP39ut2VvZmlHVWNOdPo2p1cu9JrQWmbdee/SFNG4Mixr8KRZGtvqbydqLVE/trZ+lGGc+Wo6htZBroQPw49DtSF+A0yndesx2i7pFm041/7QtVjzz5iz20VQcKKD0jGO0GLa9SxxaZCAjTfJVCZufJktqU06evvQx6d8cKZNzWJJvMEnYnMmlLNQOZ0q3qEz4SQMFyCyROGiCk81YefAiW1M1YKNzOw04c8LmuHcMCumadkbM80ZydXA1F1mkQviIgXkYFDgMnxl62GjTz7FQcksUZEYyrlHzvRRjs4lUA2J7Q9m1hQHzdv6MxK1eueeSWGeFV10A8yfHQvs0AWhkZexZpR5ZErygsj0vS9DF7OWO6wmrVV+VsvlXTFqrI+1FAV8GZcUR/RE0SqmwomJLSQDZEBxphuicF+VdANgZCu3GEm8IqOJkbdoka/5iPf40KkbmxANkFTj/5kqkhUEW5yp2hTGm8l9vZW8qINcrMPB/oxqkZUNYoabWAwAY7grj3bsxmzcYxNWFLkrTdM32XznB4zKffMnqdNsr03q9r7+gSFqWEMJh9yRFizR0FioEnq8sFuIIbguKW5H+XHZaV4nAx2JeK4j4LQS7kU2iEbmuJ7X9RQ8lfbMrxfFB5fDmhrSMUN0x4qgDnxNEueOqnkEK6u8xHcoHGrWAxaixNQJIqHLjf6qRyMkQ+IMuZtePkIp9ENj+aB0vRVdRE/tSi7Y7oIXUjhhvMgjQH9zLHzYjsmJwSylgASr06evUYR4pCB2GGJBAMqOkDtfKWNcMbYNZpXhkp7JO5d67nVuVKG1jrON/nr8fmilyPSuXn1ls+pPr3pPkMdU7nvbgPfcPr36vGk9arN5dqfhdavvGxpapGX8ynUgEoluip8yLTLV22k3udfCc8fm6AVTLT245uetFri1OtZYBPZwQxTGse/5powQINoeSicRIpSNkQhZSMTBZrEybSbphnZGDYtFiJdSdgox7PzA3nIC6jq0/Xma6AGhVSdgybmayJCoRJnrcioCVDD41eGIJ/+vaiIuGXL/QWMLpvr45qTJgV350JIbKLcDPuZBsTE3xNMKKRBYH7KSYYTLZsAzU6wSp0QCuaadU4emza9zLhs8GqXiD0P7ckFxH3VVVWjkDmT146h1AcxlBZMQPqJkzc3UU25mCGZyemxViqaprscR9dA2nGvTRIkfSqRAIRr0EPiTSVexl4lEprAhq5KwoQhKIUTxw52oHcjAR71/ECtDWgFu8LGfVqtQeeXCjNnae3A3SHgEKD8OiBAlImPU+NRdoKqjWbqGgH//CTF/ExyKUi3CH0EVX1WHgJ6fKa8KBkNjJwGVHUg51p0DC1p3iM7IjU0IRFIUXYxVTldZCtHj9peLNPL1b1ECDTfaI4tA4+hevJVvDc8z7qF0SI8svFA2A1ziiHw0rIC4eKobLD1jSKJ49XfVpqQXOB7AyqZeUNXfDgjsvhJ0KHyjzboX6YgurkZFCkyf1AhhlnAiwVrARCNKJUGGBmxcRf+QT7bzgF3H+xTLLYgqHNmDFMMaU2Y/62EVtigOsC7vrN8EXbcJtYWf+8deUfirl1fv2qnwua9Gffr0sU01/YL6Xa/SCeKXT6+9N70HqeWt0dSze9W6Z2zPLw9+dfXLn//5L3oZdKvuIfwqUT69fnj3rn737u7tx89vvvnmJ7/xV3+rm4U2aSeWYcPjgNOGa+6M0gyJzrcATHsaT88igg6lBxiM1dYUlG34MKZ96DfN+zl673579dz7YUzF39YntIX1Jcj49hpG/cM6/dNLrGvwvYGIUMsxGWLEAQVi40B9RcxKN6mff46PvHM0mXJ/cz/zjMagNIhO/X6JLTCQP+ZCjTb8tQtVNm6mA45n59AiobihGFguLKWP7XzYimEhh9Ja7y7l50sMqkU1sqNXCpFz4FWnOfoDCx4UphiBLF9afqVdR4cA2CAEQMKl60S6ymAL5Al4QeijGeBr2dCFXy1cjFYR9caPcz/ynD0Lv8TJchUWvhOCqKg0By30/HBiMTHcTuTTZZVcYM9Z0YHZyQ7uaiFQk4wsU0tpD/70fmzEb4YAimA5vjnbechjQoO3kJ2hUyCqpSNb3efPv/rV9/evH+ocR9c02j46Tyruf/jV+599/rbZ0vPrZ2tjxckhb1pC8WTpSwRCMpnLVnAqjGmWnjizKFeJbZai5CzD2al3nOHZ9TWKMYhyQUY7uuawAzeEhVa2wMsblty254KmcdZqJ9sbryr68rHfSLp7864f5GSa5k8nvGFFem35CHFCdPpMiZpltMtzZE5hdtKwXbj9iQsizWkVpwpXJYhYLJP8eDrSremXaJhClUTMHCCreeHvPN+3WvfValD0rfTuw/t8lBj3frm0KaOHl2wWAmGSI15dfSaNSoercuYlUQk0lQMeNMj61U4lMiaPl4iOAoqE5DiX5KI5y42O6wDL6pym7WktE0mtenQuFHgkU0yermrOoTCTyAghtiODFsZ+rJpFzydUNPO0X2CVS7iqxOcxTdWSzCXmUKyBRLOAv3vst9f3MtCHh09v3v/w8vK2Kl1k++kf2w95f9evdrz+1M9wvXl59/g4+bmqBCk93PNTGDV/Dti3EF4+fsyjFeXWBoi+/tsmjF7rr2XpRL0/t4okCSbimi+XJdGcaH4/Q/d0Wpcs9vpFyBjdvX180+8KP/vir681zw1Vb2HnOD9F1zWwLWXDbRoal6BeegEqFvUD8mzFxAwpEDpYSEQvWQ0iyfaj409n6nwgwztEjlOg/PrxY+7Qr04EgbpVdT3rVsrR5eoK48koB1hpTl1UKtrnTL7l6mBAa2z9jzjyAuRgBlTVpa7r0ehIw+yCIjqgtSNF4FmzLnkCZeevQh8ZkVEVcdDhZjos++ev2W1VUZsyo6sPgQNdZOciEd2O37t+raB4c0OokwpMdyCKI+l2IoroZmypqAgl93qfPj385O2bfn7+89PDl7cTWeTUyzXRfXoWdrOE8w5iItR/hPRqyEymCoo/Qh5ObFEeEIMejXdJgdS6zMBwaBF4VJNwvV5As8xCnWakYYIZK8Kgh0WlMl/Po38DZX+iHgAkBwl4Ilw5EiSRUAGvURGLDTvrlFZy8bnxC/nIcYngcg5caHhBnmuS6xwrmxtAXsE71geegHU6a8uKfzQVzB2kQqSP0JEJ68ivYm1fKWd0XF5XcxgHEdaMGfndAIzacIegPvATl/PwyQjzkeQWyUgdajfi5bKeo9oZn2gTT0hSCSqkEwYAE/9iKHcIIjJ4+Y4JHx3pYUR1IVvHKqWUUeBssC42LWr2a36Pv/hLXzp87bcPrZfY4FlH/twvfH35i1/89ptf/N2/a7dlX6Ft0//HJ7cLNYB+Vr33qf2TX778jX/mZz//24/fvK8LruU0/39++01vXm5yUGdy//f+2t3/+p+5q/Lp85ePvRCojfG23901dfBDi/evfvcvHv8v/9Grb5qgk9IUPMmsD/VD5JkzEbu1aPTI7Xk9/TiG36ncoNIfS7qq3EhZ82XU1pE+vfmt797/V//K0/deEPnl3bu37z++73cLv3l4X///zVuToP/Nn/70Tz/89F1fv+x2v419D34niLUyV229XUw9bhZxzJk8XHTMfNpdO/3bEaHj7GbApNDMogkea1tGbkn0k/uX3jr4ZAE1IpewUTkRp4+4OKJuRIOguU2rKy5TeEaqHR5BwmGKcQpjOIu4cIEOD2mVC+hZa5WBDGCGTI5J4HwIHL7AVxGs/iWC0z7HIrd/QpxgPSZKSuxviAvCQ7yi9feLW6RydvT8cy/Np/OmbcWSheWMDzzeTdMe+z0Y07lXD1pRC1UJ0Xc6gk/+SsbUcm7b0Oz63a6kYzwzU8/3xaiWRc2pgmPmKRDGpMi+Tb4RbAT5/OHDx+8/vXpfeTAmkb0vMJwEg/f5m29+vqprRGPPRSHk58/3P//yz/03f9JmGV+iMRy88Qrdgqqbw+e+OfnNT/7al1/90T/xo6rNqR8abGpnNSMrW0yXWsnLLnP0sTru7joK0Fg0ptkgpTCBOEOADulyN20ZZ6P7lVKvfLbIxHhUVpEKPBuaejb3+O2X7366Wxz2MeMD1N455m8h9C9/7z//8Mc/rCwZ7s3/tkkjaWqxb9+2ZpCzFnwWazMBXk5RMc1i/z7upBcJxA8oGc5sd5F4RL3USA5ChnImeMFeUrkAjZHnO23r+MnPv/nuN98p9vtfGSypTdSMxTXSz6+++40Hk4PEMfqsaTN5EunMyzsWobnAHsV4TLooztwFppJgi494F+Ino2BOG8SUWtwRD+EAjyILyJPlEX746sDpk556OEpUuUAHQO0fDUPoc98U0DJJdRgeE8JlG0SY3+LMiNI2GdDCgi+0rsRPEq/DfP/9vkzNJKZLAbLfJEBroQlt/XQ/Zndf5OcaPxP5m3/7t/7eN9/ZdpkGlor6deHnh3dG1UjcvXv9Z//wVx9+7/nNWybp+QzxNsGO2frhZvzPXiRUa+lZ7rv754/95verx7v7p4/vM9OL+6p2BnpGOKNVNsEIGkZSkVbvwtrsnpLdN/SdhURK389/9Ccvn+4+fv8hgN5cBCBd6rHr3ktQN1MIjZI6H4d2ifurT2//6k8e33ZDn/x7ynOiAdTcFbU5m14KmFRgTZD8wdUL/8orRDuRBnaDnw6Vjl54JfvsOk+tKmlG4UBxYSBxDg1wFAXrEYYDy0WhVMKcGiQZRClWILIApJUeyiRebRUzy2J1hlQyhhidyEzb/SlHyhG5K4G1KMoE9qomdBITNxZZZRIuP9xaF+FSTE0K9XhogHSLjPlBKcmUwqRO8s3j21/93j/58P/90177zVitDVWa71I2C5Fykh2KRGC3/vRT9Vb3j3/6n/9uS3e6ZS+yuquXGluok2Z3EyUpepGK5mw0ANoIlWXG7mtTZofwdnDCrD1r1GHOn4OAWQIDPJihAWZBMiRACn0kAS2CKikbZ0pVbGhTdhyfsPM9Rv5JAMz/dRzbKHVXpT6kA3cz8SUaUwyPnvni0MCovxD7H99DuOIbcJRVZdw3zQ5dgxUU0SP5zDGJV3Cxm5OFtzAJjmjo6NU7E+YIdLtUH0z6ukytU08e+MpukpfSJo/E9RUTVnXlg8mQAx+TFUdCp6U0NP1moHiXx1qx8y05Qp0GRKZ9aDH3Kp8MQwNWYhS6aOm/fmg2ad1x+A8y37LkWhdBQu7cn9aRTOi0BNNrGRux3/35nz5WXCPs9Sk9B9jbkXtzSi90/uGXT/+df/XN//i//vCLXyXQm/u3/bLS3cPbxybYHz48vb2/++H5y+/8zdePP//u3c8aHT/e3zX1f5yhX3335e751eNPH7/9+7/x7X7pSCPPw7WlGmJLqHXnDw8f/x//r5d/+9//5et3bzXg/fBk7dQWuxRI2WYMbpF1KCywptS8f36m9hQqOIVnY0aQjFonoa+zx/tv/vzlv/H3f/HL77thaQb2Pr267Xh4eNPuiTRugvfyT37xlx/efOg9QePYhoFeb9QWpjr7zw/33377M9M2nFju8FiAU4QhG7QSsV+YJITRENmCob/ukt7c/fkP3//y+1/FsgWmpG224cm3wKXPcXWkHRhx0IkEOgxodTtVyf3EOf5Uqt9YSAp/qDuSShBVg+RCYKlF24hM3Ish4PO4hEH7P0wE0VITZcXhn2lA3BrLKMEZ/lKOvMRTLLWgO7mJA75SRKWCuq7RuDHLb033NxH/9PLNd9/+/Ce/maix+9R7/xHuTtVYa6OvrWnjRECS7WsC9Z86ULQ9MFBDWXmGyC+GcjK4xdODNNPttqIb02ZFTQd6gBAp48Tn7z/+8fcffsiRG2L6moob1CpW2yTlzbff/mZm8D3CQqYZ5cg688zrdz/59Pf/+z97ev90//mhrXDKnnwn0qjVLL8F0V/88MM//v3uhQv1p5TWB072bMR6G/dOx12BaU2E2aG/dGtwuncrJPpO+DCug95pmh5lBN6oEquDGVehtyqRPiiiN/fU3oyQoTYn+vlvfX563+3J3UM/82eHUr+fVA/T3/27n/3B//n/+U/+wz9+++2DNmfdXVTED034bdKoMdHqFCWkYTZhJlFAh+N8A+cS7gi0ypV8LQ+PIzuvM8BKVG31KJmt9NZpb3yv4qe/9d3f+pf/2lNvosxKjfzTKw1o2U9AvH3okdKnp97BSq2MOGrCxC2WWcAkyg1JL2KERRf8bxJms8sveafuir3ZMpoh7SCrHoTSeTjpTjkrIJZ7zC3x8jkDIT0rZzbDb6DqdpZYSTlALlKkOsQn+bgeKSovgisgOkIypZwrmimPshTIShkkr6XYD98//bC7zWGFNvgRMVLjiIwGUw2+HGyXaCtIH3/2t37nr/6Lv9FMuTAgY/wSIh+99uuJr96+fP+Pv3/6XY9ezDazQWCNEd3m14sW1p+f//QXf/jy/MED6kR9vzgKyrPilgaaxT89vH1iVYtBYXRKIuOGVBKe0NfyFnduBnisnsIt95tXf/mf/v6rP/x+BfUljS2GIU/5hEqgwYYcCqR1tOiHT+E3r97+xjevv+kFY5m0LxJ404QdQowccn8IsxzrB5JuieEg24JkfhtxciNtVXgQA+QcuEr6EKRURCu+OMVr8X/qDhzg2HfZX12iIZUsx/FQD+HRuYJNKfjITSTPt7FbMY6AdwS1YKp6oQiHTOWzFyEDNXSPy8WszMQPIOMAG64b1yOFek0kQpkn8ZGfJGXMwsk5xsM011qgWmUgJLb64Z5cmQ70Nqo//vf+oz/9d//jL+++7VnmOiYROJHzANtCs740gp1KM0FcY9ZA0y9RtiST2+5joZVaz/AIeAoUR8itDdOfZrScOaaf+KECf/gEUT5IGfKuZzjxoRqJ2UxtQjBqBSM9BXVAlVQRtK0INbZpRJOKCoaRGFcteeiKHOW0PART/iAcnrd6bOlwcbxQ0Jxmh4ZcAJWu4qpDb8dszI5fj5O86stoXjEZxqCrqg2bGsE55rmwAyWMT0OfVeLSnbQMbaWXZQ+eLLAr8kA9DGHMALNCl8tykxqVEiQYyxv2chV2ZIOzBQiFIWE0buyn5BhLHK0eJf3FfL3Cq5ggJ4lSKZAz8VezKjmIAI8EP1I9OtLBUe1JHABFpa72PteZK0zD6GtfAchqayU8xyzmAPVk1/q+l8c3RrqxDuHh9WNrP3f9auLrj3/2yzc/PDdFefPyqx53vjL4N7D33rTQSu9tym0Q8lW7MyIgnBH6Glgv3737xV+2st/sR/eeZE0RntuN00j5+PL0+OXP/+xj7xOyGNdujoRpgsVbpt/xCilp11Xq9VlsptYRXDaYAdLLEqsJjzc8X7cPX3ry9+VVP0p237tL05kVHh77nmgPIXobnMmKbdQpHvf6bu+Jn0+anGn5nz99bK755vHei4xibDYVxTjXxLaVtdudROyhCMXFo16jvkTfkQL1ZPaXVNl3W7NxXAKLcGV8P34X0y6VXIeyjlidQyRVq7+bDXRP6suAGVm+XaEqNYvZhlHXgTNmNkicmDuP4qRAJVIe3KMh08kTz4uWArlU7A3KgOigL6r4qtNMVwPLgQgBj/QZpdr+xSNiWgO0OgAAIABJREFURwsFZM9YWGwsg7s5Ud6xNJwgGTcbbqUo8xW9ptxiqgqBEiR6YKA0F28FRzeDlb9LtWSJeyG5r6dkB5HqUteSXPr55tSL4BqFQCtWtOm8HIjQJGNqNZVogImwrUr95l0ljf3GBdEQwTi2h+jD9x96clEIiPHcwai67G4WeubUTeo33jzS7LP7Rnub7Zeeb+yFMGYHTwcWKUdhU37WU9XjqWl31AxyGNxA9dPmjM2oHMhbKlJZKOWzh3DkJXid0xMhclB1G34qrgWkSFq1T69ERF+6U+77OyH78SS7wD1tL+a7s2q57a7HGT3DE3ZaQXys9M9lkaqxUvBMHI68STi23K0dJQItulM78TohFZKxIlRFoUvgl+QrZaW+fvP89P5jAhUXAc97n731lQqvPz493X37jS996pbmXC5bmK4Nh5IUCShgRV2lzS8IyUCkLXSq2uxycaxgd0HTg5DzQ4mIlUlhhqJUfGZzyiCJGPOze3X9UZ4TeO7y68iN/YEZwvAQHXjSIhbmEKWIfwS+URzkKRv7wQSWcggxf0Um0ElVSI9/FjRMj4EWwFKLvgAESkA6X3v3a9A1nNfPHz9//yGV+0+97YgMJSv0jojXn+uLG0XM2EJlR0quSYPGN2BbN5Njc9zLFnzhjiKedUKFW+1q30w+LwwtNidZAkXsaI5pu4nEumHLK+ye5vO7797c/+Tl+aMquzVrguI/r/dHAE/jwmYl3Sd9qS1XMy47z1ZaICV1BZhnALZQC1xYdBp+Jt69JSpreGpx6iCfa3XXcVLxXAjBWZtlqSPFpIEUhLJVoMAKUc40fQ1DvrSB9SjH07VhrM9lDkDz6Ig9SAr1cZWkTnqEg1rQqxtWVYl/YKNTS89DC53cTzAWZp3hSdIt+D4XJdVILmIKNliODIdFqMEOohPYwsx6GzUGgXYcyFH32hymfV2fH98VLg937xoWRmVD8+ICCUVHNDaK9QSaCBErRjKP24m+uFhnCzomdWTGd1JssA9cCDLJLFLHWhrxjlWmFPJlhcGKp8EKxnOuL2JoiBFewYc9wZzGvdIiHyUfbALxLwjWZKvO8B3HbDEeqcOXNESpjIQz1YgVoLGt7AAEAQ/pSogycHMyweybawBWHh1qc+0Eq+LgRiA6k2XKKF9OT6JCA1VU4YHC8SKKxMRDVIbE6jNSg4qw6R9aZJEo6Qp0H+Yb3rFGxRWAP5fZpbTrQVtiJ4RYtGeCh0RY0EZO2sGM6lnoVicoIE/PkmGhDW9SLt9JweJx6p9qtggl+CGOSrkqGen0DKgAcZTk6HXOeSR4YNGomsoXYL3OnnvVCsy0h51AbpJ6+0GCtuLSiF4Xa2k+1NK91xlDnUWNq3f39IKHJviP9ZvNhr+0VcZtZ496o1n3UjJ5aiUxmgrXbPmhlpLwdtH0o/HdXqzbPj/A8vLx8d3b+uSm7Ibn+3YS65Oy5WZvgpQyMa/7kkivyxgUvGzEFGEB1eFCr7k21gZes/V+otf96lMAth6ZXanHoluapveV9/tcPSGsddTYG6I0E+k8+ebph4+p58vCMa+Ew2v9tO4w2eTDr7147DaJHCRHDcMlEdvNzyGp4DpnXf0W2YUyNgup+Xin6VU3WjHSjuTbwm1sWXwSMZVwGs6MNIOdfKwwXjzEJzlQmVTKG4woFQcQP3KdhZV1AJgROpMQt4ytp11vu7irinYgUALEkhAvyS7qYrXSaunc5YaRg1mCTudqX69hNNP1yCWGRnqy9h9IEeuacfuI1yMtifOSjTQhAgZlb7HyYMmeVI6wcqJX71cTAdPB2oXtClNOD1Wr2LTPtMMw2U2eKG/S2PxfVwzVq5+aFnf7caZ5KWd4byTIwI27e/tV+MqDMd0vEi1dIlDw9p2UBIwwY+bMoDbznLXy1uwpBCT6sJ3/sI0Xqy/DU8zvkmLcLNcpvqdK+fymhKOGDWSEQ+8IpLppV4MheGrYSNWXhbjEtysrS8ScYE3XFI4iJX2LJ5peui6ygGVw9iiG3eCQMyEo3D/GxEiQLsVKStGLkMq7gAwcTDFFjRgFrzIlurcC2VsFaunnRt3d2ryfu3hlX1pqbdeIPiu6z+pbDV9b06HARMemmjzqeoW2p5BNjmeWpq9JWZnTMMu490y2aUR4LZSqSU/fkVg1EPqTOsCDQZObaaKOfRXK6As0EoTYpSTkKI8WmGVTO3sTnRVPq1Bx6pUsBROtW9VhpSgxF4Qgid3Reo1yobzOaMAbY9AnyJHicv2LpnYkGP3s341vTsocaO5poyV4k+itO3STuXfvdPeVQyywMnyShNL7JFrMNQebFFRZx0mDAHtom7Z5M7LQAWHHrnZ+JnchVwD2AovGr8h23PvZvcROHnte4/n81B1CXq5krRZilvXoCB8mGWG3OrPuzBSNquLbk8O+S7Do0OYF3eHNiuVnoUrwjFSex2CHqJatqlNpd+ZHVyLC7TJpoCDIuF+PFIfO2+pObXaBSAhFDLaA6i6o4n4egydicihOnsUy6+OGmD4Icschkzh0u5XqLydhl8iRU90uO3dSfmQ/CRIenhddPp5uMa1KtwhgxBABH5H8eVSIoaio/rqCwXKC68PrpbP+514wUu9ax1EwZBtfLRSqHYUSkUqc6+zGPlizAgGOV7pv6MsqwGqstWUaT9DFiXQkpTl01K/LvJwx91D4pt+YDv1qNQLvZjCEJpYYxogcEyVxNGm5HRP7ymVwxUwSmHSCJIMEYLlj0VOohKiq9YTDlr3gEzGBUNP0b8VLDESZSud8sOxS5WIFuawGYhSXP4J2Pfhwkc9kdYB4RatTWJU5x7fxAgT8iTLHHEpHqlgPYjwz/gRBmjWPpkhRnbKH+1iMICYrxLvqDQlE94ezrp3sdnh0OIGTvvH9SrSyKgTH6X0GnCT59sil8TEMTUd0qKgzIRXQrWqYKz7sUhLUKg74yoNlLtCzxpEUiTmuflNK3eFL1SyRr3EjSGQ3+g6jLtZOiJZaqjIkhdj3LC1R2myTKfZFrAbU9mQb9F+1U0iX3nigjTVAelc7DtXhEUYObMbVVycbks19kqbF8s2lzCE+WkZu3O5dELqZhgbdrPFh+J0To6bYkF/vX8XCv4BlxCs2aD9Ny8fUE1eDuzVWe5lwI0//tX+/TtDdXD/72G9WUvFsVq6r7ybv7lWbgtr48Zy+xz69uqc3RGSl5n5+J0ZDtvKVK3XfVm9jTUt1h8vM3gRx49YJo0tUNwwd3eoIMeY/QSTYuIjxqV92vuKk/LPC6XYmSlf+sMa9z+EDPjkI0lVrqUql+Ki0Y6ZynVUkmBLSajqBA1+qZB904rGySB2AETAdVDtdDw8AjmnTBT04G+mOjYiH8MirW+83spl99zfV4RP95v1ErWXmyOYTiI32kQMp2QjSnPv7jM9g9cnRaZdN93YFnOn89TV38IXf+nL6JYU5rDjcNLeAroD03ZcWUZaS6VhiHXGwm6oH1F/bmou7IqIRJpmYjWWiGY09Wu67Niu2ZX5bRAqqZIxvNDlw7xTZ7xPl9KaklKIEOzGXjoUpyLmyWXG2rhQQa0z3cjD3r3iVxDmZA7vMqSLYqZ1+ZeQXGqWMOjVxw5Gg3SwBQEhu9EtZMu0Njy2F6sr3cDZ/dQiQPRqJdW0RWKLqZuw+b5G40IlmcIoivjlhxCPzVZdN75CjMKIaRZSSJH/0sA/XM1M2V8yRxrRo1BQz+gQJuYYUr/iMNiENGHyKkBafm6MDiqWOCFIhJWp08uRl6CByoi0HdZuEIhkPRXJi5qRFy0GnXJIQjK7zOrMCZaDhE4RhOPOiQQjCKJ9Eq1Y7SImNoOvlKkIneLDoTNol1EyhxdvoKyonpgjdh2CQxzFKaXKqSHNFMtqHFJ3OuMCqcx6hhHlUmFvITIRIkbAnXbWOMwOD3V1YXX5WCb62s/ReFRS/QqF3ScXezUZPlvpFXwuac0JrAMzLKXHLk2SbTbNoXTXdEe2UXGY3vulLxPj3oLsdfLkhUo02fgu+XmFU+uLyY6+KeOM7ALw3JvUeiFH66ItZLMRZYnc23MytBbaHXg/3bWSOpbLj8gDzfrKGMloaFaOek/Ix0MsoAhbOLZSUhS+weOT4qsxKnNPuIsaqo3XsTsTzidYJ86Qnb/eoYtp4BLRmuH5rAs14EPuzoudaGf4dXUaV8EoZPhLzNPFVdqz6lj03cazKAEdAmIFB2bXzqagoGgwU4QqPyaSthST9QgziIRVZiKdt1oFQS/AUcFV4S+xDGxf7wkiddONAmxE99m+nQilLMCk0dutOsCYnxmE38My/zXOyWUUJZaFB2+0UYMfYE49I0+powshmNOgvWtTtA6PSmylOv4Igjs54r7dIK8uWFfqjJ9ooduRqJeOrFK4SkFFyUlrj8h7E9U7UG8bMun7yRMwphzrt4W/cP/RC6Q+P6pcodeVxcGDm2GxBQveWda7ujWQIRChzzLWAj7ZL3TJk0IjRcJosK7hEQGnN4CtPoCPtcjIXvxOeqw6aybm3602CIUzb+GwkaeFhTq0tXVrbTjr1KH8xRemIdwInOlhm9fq6gGU6a6QWIBpgonbzyDEECvPDaEe5LLEofKlaITMeITlYLXCY4yjuB3xw4h9QEdVJY7lQSSqYKyEgQZvX6PdiYP+wLlSzKGjb9N73t1ovr//yNFNfuyDSoKJYX/zhuUWUjpYQYNRLRLeXOnfWqdK6dlgLpEc34q3uZ6Uz9jFOFka7UZz4277VjXkdccGSlhHtjoC2HDGzCuJUNl+Y/lGDOCPM1KAjy6C9/uX+k0d1xpeXLy/t/rnzjsLu4Xv/j9f9+IZxcLMbs2QA72/zw0+Zbps4c1kyZ4O2PfcLXns5UpIfXpnqxZSv8vmkeQwjEJfGRGd5twGGC8nYxUdPs2Zb2XodWsxlQ6hwGRgR4Oipf7HdLIX6KhbB+GQXeH2gTMBK2VsGeFKJyjKkgjPNk8jtFVRHl+AFCTLpALxAqiCEr0A0wcmQHvI0C7seriQ46IgA6lhIlKwmOYAdSLjEEAqVnd6vxAmUkBfEY7BQKFXPP/yAirA5CxOy9amrHsHITrAF3MWMkW/WqKiqVRih82BhYsOxBWIk+npLZKWwqDtgymqpGt+OBjSxauCMUiuMwntPoUnZRCfCidNkoghZw4LUrTV/9C4UNAIoEq0aOkQQozVHJj5eixPzy8CFWkUTJOgpHHRFKDJCqWMJRDYrdKnoChTeySzcpvjqVpaMxOYE6KVgHhlvHmRVbLHJGk2emjHlsc99ibn7f71GNEV/3UktPls92ylnNYFUuav73DevP3zMnPqF2D8/9334jvoV3VQHyHjvNE5Yn4cKbeDz9U4hknvrgNYXvTQbbEir3Mg2bYnMFj2Ra/C378T080Tkfq28dJ2Hvj1xm4jyeGscOa+jCKhTSIHCMCGjy1mRxhmlWbUs+6VfxyROP86oPB3EZhOpvnp+2RgB0ZgduAfFck0SWzHJlVZMDArkF7E646095BxIwcR8jusMO8PrYpIitFtvcDhc9huXgI/iCMKSdcSqROfwJ/ex/GSoYv+nfEGEKaXoPMtNlWZhrESTA2VGFhQW6+PFC0RmtPrqa+RCV1+ZfVqAqROMrpUdVNizEYgRgsqioVYOpNyU2XQO/iT3rd8MY3ixWXWzd3ceuISbOjh1c9qku6AzxbcWlGcL4Gi0p7UIavbOCbozPhbLFrlKi8vITpYFQw3ZNAaoAa5uQe+gHdCdnDEE4CheS1t+5qO13/Uj/z+u/uVXsz3P87sidsSOiHMysyrr2l3VbnA1uG3sxrYa22CBhAF5gBgYtWcIyYgBCDHiT0BCQkyZeAZGYuSBuUzAEiBh0RiEsWWbxqbbLne73V3ZVZWZlXkyz4nYe0cE79fnt559TnvtZ6/1u3wvn+/39/1d1uVZT9zpC1qGH8MyLgD2p0RfWkCxefp59PzzsH96OH4AQY6yfeqsfdfHs1P9OKqskVLQyUmv4Lbq7VrWq3pEW0vlPdeKTQOBY0lQS1Q0MJdOagilVTCUmrKTB3q2qxinCYzARI4LnJM08ZERwSU0wZou2jzmMIoa7nhrNvJlLLzVkiRvjSjUNaqmaMvpkboF9PnTg/v5b/o6V4K73tbTvYHWs73RbXrrfDlgAs++iGMExA0GeTRY+SHi4mnytVzCOXtgFAKUZM5rg708sPAoKeGArXSfotr4EJqKoq1MOdZRzuzxrpddmHSIWmcSpifDah/55/JV1vQmqoSRGCqq0zpI8umkt/8w5zAKpngAymn2SlbYIYT+yTmUZ7omHw1NCSMP5wwZtYoIgle2mJLENJQS5dq4skY8jBUq5Xq6EnaVlKT+uEUdshQIkSXIPwLLnlgmfBhqxcmvvDJeJTdZg80x/pOgvoHgArF6FRy8Fr8EHD0RrxvQ/LwRcMsM0Jw2Gy+yi5iT28rNc1RCNVCVjUoRcSAchKcA0wE3GYfiSn7rsI2wIw3+0dX4c1A0/Kqpv1ziRVOrFs+BvOgn2+snb7sW7oJdFKbYPFm/AySuTpz9zK9pPzc2smocc6oxUlhNn8V3M/c1VubBhJs69pDRhvEEahqjfpaztSlNtFpz072xW4hseKbfJZz++aqyWtHedYymlZYcri4Ncjh6XKmfGei9ol3Xf/3G0t5CpIc7qd1AUdadhzqvl8j0VeBPj998eHz/oVnLQqCX3/ki4YuPnTO0nnhzH93aIV84h8gp+cK76ALgG2PHmfAfj18Y18qiSCusRQWwpgA187jrauzZVamouOhPAovQXBcwDqE5TClOqtBprhmTpPGZQoMcyuKeo+kdGyw1UHLXYPxeUDKRP2rab2tkDmswBzYJkBy1JLVRdoM9XvDQ0ADAqE1N1TaFEDSCZ9bRV+jqwARmJvCXdMIvL576RPTH+FGUjZHVM16YXtHhPUK81JQcUU1ZiHuaXCOaowHJYz1HXNAKsKIi97VKG8hnt6aGWwJi/GiGdDaaRU2iZNRvhjtWXxqKpuDreH/35gtfLU5gBml1iwhZfaQGmgfCy54jM5LEWs/0cY2KJ46d2LUvjcBos7AQMhBUDHb1G+xGVJ3C21gQJVfEpQzlDgfIORFRR81cMbzuAOp9PdDPkz3qUHeKYOEKYFiTozdwAYnE1+H76kOr7U+fHzoFPw3m7e+bgWqFHsztR3lrItJOWFVlAcI0BBzQRF6TaN9kN5R0nvH42Le/d55eOOmLqbRILPXS28ta5QyBH/wO5MIwkcez1eRxj5bBchabqY+wXsTKjT+bDfBw8YI3KdxkmuXp+ZVrr3bxrEjVSnQRIcEIvU9T1clq9M5Q4Gyp+OGhSy3cr7IVWYKXMyoYYPj/zMhGxz6biwZgpq3hK+S3JPqHiHoxBDXZK5C04b6ll6+o/EpvHexqvcTe4mTeo0kL1gr9sS8B5WngF9sk5QahUXpXQLihL9UYn1zin/Z2mQxPvL53NN3z5+6sePquit1z3VrMbJOewjPPGsFTb5KJXfO5UFqTWuLv9AA7oyzjrjNAXdsV+jyrNTW3S1+JC9t5LamRgaM7G0Nk2NRSIUlUwq5TGkn92y2tKj71uzgNAp4hfNVrjz6979SuTtIk9HjKA1G7Jyx1YhiwqxVm8Rp67uTZtdichCql8/epwDvHHrKLWJBVASQnbatELSMennrXWJkE7zvKdWUyOpHKW4TXSS+uTJ/mlOQAbYzPrY51Sa0UazwX2YiP9kM5p6foOH9SibkYoqxin6FDWNmsRjvTVF/iNd+teDP4TKqoNlLO4j4NUEJL25fyQ5DFa0YagUnPTsOIFIa0NF60myWapDzDqM84g38pB9JVGjYSxaHrkvNDg1qtPB0za4YlZOC3j5jC50YJF0Q+RKaPTANEZMpPVhk+RxvydievDcqP9SqbXdjNRKG4MR1pJ3/Sz9VwCfUklDr+nofinTgyqmk3y1ERfUnXbpXMh+gr57LVJmyMqrfVVDkN1fW5ygeJ+HxxQEZe4tKhERW0f/aLWp/0z9YBqPCUH3WlRxXTrDtCVjpEimuHcV1tvvJCfoLsgnBj6GjVuNLK9esbRKXKR1pGRQU3/MtQFcrn1kYmnirExnIolzZplDJN4kVUa6OehrO/VY5UWB5jteNEBfBiVsT3hChKTgPRkgYiW7Aq6bw6aZ7VcUJ95kNLE9Dj22m1qym2hLXcrZasDcfeyG7aW0MZ5AiMgCJ/Dd+uoLju00Bj9bCTPoMIpOt6pjatjVpZo2W+EFLPpkuLCIrabVo2CFic7mlTeE6lCz98kaLG3ae+m7i+FrCs9vSB/33rMrUxNeFr/OC5aBRr5wCGm54v8K3o+nmXFbmMVCvlCM1M3NEjQ2kHpFoUjMpLTjkCe/UbNjMgAt45vopw9bGoR18N80k77ryaEAHPHcOrFyNxELE2riZjJ6LiXK1D9s/bjJxA7EscQ+IOzwn66Z9qzcIHoCQeKYNoBGqWrqriAdIUBzc0U3eqYh5EcgQF6gsCICFXgFmaiCWpr+TkwdfCcwfiCVv+cKA+WpifA2o5S4x1VGz5KU+0JDdbk7sgqEnj16RFwrxUwLZUmLr1GHymrtzXzbJaLuo0FWV9YX1wFnAirn7SDNl0E9SXHiHoLlJkpp9z2k1ZgZQeoJszirP1r4oEsnrR0l+icsps2kI7BsoCpyEwU7jSGTMvslOlUGi/oZg0yPSz0+uzJ0k5g2+5aipLVWASVNafSTfeUXXklzpEU53wcjPP1Ni3diJ3ETEHpsIy2oUevSYMLq/T3ZN/9fu+/+89WYzyZi2jR0bGkt3QhcQjfk63Lcxal/kJKcFSi6Q1HQ+PNU1uO/N653af+2pvKj4/9LqYp1r2uKcxyrW9Y8raN5itDdhIfUEQ02zTGBRkL4d2jTRT02+kcimEmAzWxxcy2TXsh41j8pCBYkHV44WBbrzYuCH6LF1oPPGWlEwsNnoFQYwkFSq9CSotrVQSjhR1SGPUasa7oiopwu82yKya4CjnIqm24ZJSelpYcXmZkxxXQpXOYWlZ7WlwFfNNR5GUp8YRiiOTnLzlANuOVYqpo4O3xyI8fFs/y6otmVM7c8ubG28yZ93LqBsSb9zaNywSvUUZdLsB0q3XNFJKrcqOHM8/BZFLU1ZP7sGRaRwHRnQa/GW6xZ0TMerC3tcsAOv22biodbPO1zsS24LYVSG36YwknF2kcsdGF52E+P47f6uIBhbyf1K7NfXGa3CfHrtFpiMI7i76PnXla5EyMaeYHB7cgVVXMCZKubDrwA5UfZBXWPicCoyVX4eoAkse0I6TGcm5+tDX7/rCW5WaIjn4et2wO2bOhM7YFJ/W4qocGgU5FZ3w5AIOoHf8O4gNCUhO71I3kBeeZCmIRlgjHrSFClLcrK5BpjLq5cnlWuYOiR6Zvzn2QDrnh5YhtV3YjV1d8OkbIzVNE3MAuqXvlLusb6w6VdDcQDeyFRXJCo3okSiC6OjvpGaB8hSIrl1FnW3JpvXE5SGDehve4ybAq3RI2yW83MTRtJhlDLfLqYxuwCyZouTgAPYGolSOIEYf2g9waisoCCNfuezhVUKkHMPKLIgrPcjmZWqwbjfhJyV5a6kr9vGTNgQ7yMva8dKC59QAeDBPdIUwtwGurgClNuPE3LMnNQBiFPTBgISm6SCj7fJAcWJGb1vrXBrBuUxK2OIGO8uqWXOO46KJFv1z/RJlvVGu9NV+E3k5B4MKMEdCerFo+NwWz7EXDjqtRkzgBFQwOVDq9HG2WWsc3Byk6SNbjeGHXyrEuH5ieI0TzxDAMwFadc5CfdsqWqHu0jjlhffm3sV/GAxzBz8NDRQMzxo4BU1e3jUXvbKLZC96DboHGkzcxBoKa0NNOaRGXTASqmuvvKPSSQ45Qw55N+fWgs47LJ4yO1PacNeruUXXLdtgFaL+IzGlEGFN/9pVXFq8wq23Sje39jWg15/64oGJyFWdmA0NDhztkmFXbx67C/Dx8c1983G/7tGCvt92+dw3Qvu1+ddv3/YtwZR5qsAA191n31TrpKeGDNmGzg2Ra4/alhau0vIhX58NbMDO98MsZHJXtfwa9nBIzIx54xRWocWpkZqvCMY112ESfvGQRXF1i5LjHBBWljotJEdZW+QKaK0sAYuMU14NRvQqy1Y/kJtQx0TnTcJUEtp2FKmTY2cgRNVc3oEqbuEdxcc9FTPlbGrFqerKSTgVUBolBiyPljt/DhfPQpwAT4m4A8xjHtxMY3eA7h4/PHnVt3dYfbTk/HT3IBxe3/X+JyHjPkDirFUs/btm1mqilt/dZIBaHMDuRypa3nbToFWwWMicXK+ZvUOwh43T76+w43ZrSY+kcWQOCYCILB29t5ikyuqIIZlnucQ/DFFWYAbneNVxm5p58fLOs79G1w4d+fGSdBw8qcJyTVPlNIYBNdk8WKJGk4/VUqy7XFn38rwDtNjPn8dFIdMrLYUxGg5OU1hQh84tsoeeDyz675mUZa1IALNM0517Hfv793nZCtmqscV09+Yi9IWjfGXIcQphydxDCxEYRYNmjZVTP/XANWNEUPxPvd0l52qwPLnwmpGRgLNOoquG5XM3G7XJWSSlUNtveUicsWU+8ThTnIVFFxVbc6zn81rQWi9C2nIwVv5KS4etMDoSgzvi0unKN9mcId2i0LMyMIkMqKTfgtYuhHDiHFo6kRGcIeD62sWRnCojv3EzcliXSqxRczTpLzlQHeBZOVAySuBtd3zoOJqVHuLwkK0iLgPsNrzBXjp5MzP3thnyYTgREHg9JHdl4a4wIa2FXHbC5uSygPL8NiDhrWVbQ9dURUQP/JhTav41XjpjSXy7mr7e+PHFY321u9FdcFfMowebNXdr8n5BIM1+k6YI4v8EtRbuhyv55k3poiiRNXfIXRSfLzi+JjMUhJITgj/v6J9zny6bEW4R37344L5UTKxgXUr8skxiXYpms015u6ZLAAAgAElEQVQAxtvOtsaV4REEp3zKDgVb5/ujmXvHeAhPq5U+BiehxCV9/diJTZ9A7my8pExL5iLfU1K59eoRlBfpWTkVa5vZPH/z2+SaOC9kmaSpjysAEL3qRpAc2nLh+BaCo2URmbVZOllnOyGzvOe6NDdDwjP9ebEefVHnLLfL+MxJZQa12n9z/7one7su4OGfmrCoqUbb1aeTZ3CuzCBdz9Js1RQo9fG8wPDGo0ENRBghLBE8MJTcSsWH0s0QgEtDSXDpWn/sobtxHbnC+UohLprKT5t9vuIaqA8baVNKQYnhUFl1cbUpWZK+dmiuyJWUqbRi6O2nelSToEbdtxvJSSVJy4F0WY4m/lNVfXTiBL5KRVDEVIzogDn2xLcqR+JmJ/2HdUfZpoQuv2zkrJ0ni2ggpuNblvxdSSR9+F6M5ZQNOeQe2Ww5hl8lYs0fP8OEcrl2+W9V2u1om26Q1ZxOdDEfj4ys3SE/3rokDsIUYGcDC26WxxHSGFdYJRH2Z+CbXZhnt8R8nG48dgoGJSkagvhbFyMHJdkqS4pusZ2JDaMb5ApcApqru1wW9A0AJtqu4zUF1qdcNn/x8m39orPo3tbsDQxN+kdZHBnTO4LMlKnh2MZ2bRFx/S3lfN+waLw9849RBrqeuh3gbr1D5SEMg7+uAGbMm+eS1ZKiDpbW5oeOTbKFiFRbwAgr2zBLmYo6d5tbnZVs8vYQdg/vtLhvkdGVpPteY9SrTFtLeZV7cFMhHO7e+5XWXgf+oaWbF7U0eCTecJPULOtbBBYr9OTRZhCjpjsDoWhgbS5/8bLfMI4hveFiaKZAtiZK161VmFKttvEXy7WxqI33OHVSNlzx16mwXwzM7YSquGTPDaeMe1SVi1IDSANzyk8wpeS0HpXVLgAXpmtD7bmNJW3sOqh4PBFa7MTyQdvUVv2xCuL0MbTjdzb4q9zQgZooLY8kNG0tpMygR4KFsrgtt9Zg/7PYBCkcqsZ4jvVUQAFMmrVcymqrftuzRZtfhHC9tlWh2Jp5tWfj6KOnlM37/Ti0RgS7lWWous7c7zh7XniPGtDV6iHYhdsWJS29emDMBezisKvUvUGknyxqrQqBhuwHf/eFk54vL5Qa2hcyG+aK/cQWjKYil9ITrHVTWwSuIS5bs6JSTlDJXq6Kekrs8FU6f96mRpMz945sjUnc2TQ8tv5IKrIjGC3x614INEyKd48rv+xUpyVv3a7CxomdAoHTAxuLDwi0ou6eS1t2TQ3vvXjxzTe9U/h1ZR7J6YShZZ+o6onkmOqV1ZCZS/3UWm6pTRLlpxNcBt4rx5JTH7V26ZVNod6c7vHFRorYjCNJCNCW6TkxiryegjWecULvbTDpfKVxsEwXDO8Lm0/95kmQc0MXSl09dDdw7d2PBAiXVw8fHt68ue87Rffv7j921ujrUr3kOGkf37zuYsHH+/2GyWzOB+tPGiEbW4F+CITh8TRJq/9XL3sVcnhCNkO1QmD7ajqszpJeNZhlyJq2EuYmQaOwNz/nsKt3xLT2upo4UbGue+QNYbHo0fg39upXnqRLHvWai3p1J1O1whvZIahAZ68wa7MvouRmTNVZWB8TCXpRXo5MQCf2fu/SjXc3Yioorvshmmb/2rmM06NOhGpH/ayrtl16idf5QfztrDDrVPC0dHMG2PdtU9tc5EWhDcrUeLovbxrEo/b+XbQxFZaBKiQK4T0hVuOvs3bq5SV4ZYVWozivuZXo+kFYtpiMt9LGk7k6yc5cOm3r/KZfePz4tl8krq6LRe5uZRFy1wsMwGuXOOZILX28yn8AZ56E6igDKFuX4lnlO0QW55TbByAdR8JFQlaMOcx+AhWJ9fz7sWtYbTlt058xpxCp0BmpFXW89bWm25jpNQ+USFJ9ETjbpB74Z8A/VqkqxRCH0+AjX54QUPbJLuISjp5azuxDZRor5qKpr/7qvVUcZ/BDdAh8ISlJGZCT+7HeoDeTW0n2ZpGCLVucV3dzUTdMMJc1alUTQp2nkKUwl9t4cxJPNpSAoQS2TH8CoICopWPvcyYwwwwr0Gl4yVKRClw5zIRIIs10nXKU003BlB8hvNu4GezyUUYLQVKzMAHVlK2UWacOASnXsdSY8g7FfDYE4TqeVLptPiB5AsgsBcv4r33d6PrOdFVrMvw8czjpPlbiOi07bJRFOewXyVVU2fH/iYiDZ+FQG12hBFQKUE6s5tLiZ7RJVf0xaMjaoWkzRCy7opu5cOwTQXr5pY8heMRAaBvFyi5ZHgEq/Z2muZHjW8XwyR0XjFt2MoblSIQGicPq0lXipLni25pxb7VIymxf0XaTc+DKFwzPWOE/HWxl5ZpeevXJftu2XtXJzMInrgaurT9aRRfprZLb8kCznycF7143FTXA9d7/rkv1AMM0hdUaqaGx5UCDdT2nrpTExr1eoWB8LK5D3Fzc3sOgXVltJN/VuM4wXEGvhpen9GM/rNdd/GZ/hvRvQLXArsl9ZadRXXfNRMNioxM3WZGYOsPU2qMloyVAS4pGdt93ai3wsbeM9oRwk0ALu0K/mfqhhR4tDehd32/8d8u+4AlxP1H8zV0DeC+M+fzQ+Oi2/L0nDPrtghdP9/1apTXCg2GjRWQXI+uRXfxtaE1ci8pGmeaPJBn0c4mGXCMkewPDNYqtq0TB+oW05tFODFdQTkRdQRHUCtWvruNI2ueS/BwlRsUnQui9dZQAjFs+df1NDGm2Cbu4bsP1hGk2BGWiLamUgKuccWYEYq3zIsrP6d3stC5Uw17sF3/MI9C7ctllXhwi22GyHSOrhZNt2jTOZ+TxKodeONDwkViv/mxb7k6UQIEbNt8OqdmaAd80FzT3tYVh8513fjbzf0jp97948+Z98buXCZoAnSw4O3359OrLl1+/f3x4+qXr1vNIIlho8PfTGE2jX3/++slviDUo9/E2Q1NSYXr3+ZePH971o8Svf/3jp/c7rS5Ycpf/esVaw/qkHGYeCXqJGWB37FhDy8aCLIasF159Vmm/xPFN1eNe2brOIVQYU3oMdinLllf9tAe1uXDi+KgWto6LrKftP/5KZzairtXxq891hXS6ulpXvnvz/e9nR2dQLX9DlNAGBKuoesfOyiP66vGhGfOtL+NE8bIfdI23FX6nV90c+PW+p3d/b7HV+ttq/fUe/Oi7Rq8fHp2AvXnzpt8oX+frW8jeQcz9/ftO6dt+mvDj5z/iUPgD3EhQ/+22bSd2jTYcoSWP3akvUBu+tlDjs5bvLYUySoeuCxv/ckv9u6jpFw9fvHn5d776ui9GFTyt8PqK8f1jQr1K8u3LNx8fP3R++fZlX57K6FqH2/nxtEbDRz/wnGd6l8D7h0aYHPPy/tVupHSCEX0/rfb2oUv/4PeGgq4bax8XKeLKqkmVyLkuMDu/O/bUQDfDUrb+oSvyfHHNsoCwV9vGwwM8Xz36iwpd+coPmerR41FxTEJ9ubByQ8CsPDQNnAQrHUd8bbVvjea3JusJfQXV6rxLJcTUxNVUVMn9y4cXH37++eH7/YJkU8mdU+gavFc2OKl+eP/h9WOjuXP2Fz1Xs58fzx3OD7wbrmmnM7+3b8o8eHlz3YMLncm5Zfvy9dt3ebVveb2/v3vr5yru7rvHW7M2H/QsX7eaLAKz1Lh3/MQ+PZOLeCurDBp5kgtq3a5bnXK9I7t760RVi/lyGV5L+XWLToDfvPbreE/msEzNdvvj3zxU1fH70ZzQEklIydkivzKrUxlLeKGDmKfX4kIG9fg1g2++RlVvcCrx6bXbEyUbbHJlJ0xdKuvRWIbnAfOgV28U8w179ee8DSrp1KVo7TZUSZWlfvWDCFLbwn924h4TQbNLo53MHDv6CRwBp5zgPaPIoaFlSLYCTpAOal1MV2YahAuMbsrpux8/PdRn+xEg1w0bUPoe4OdPb37t+2++/OKxHxxy/rkzhjizrzb1DwJDkjC5iVYItDLGnObR/pVfGWhNXlfcHPtHrz2aO1SnZeMk4raqnw8aqq2DCU9UWcWu7NpPs6IKt6gb1iGNHjD8KoM0ILr+ZLY7EU1+dZeUtUg1EUnSfo5EleLROVp+7Ws8n7Cpq3QYpuXwt2+AOcJU9xFLiq//5MCMZkMxPDRTB3q5zWgd+0tGlTMIfckjZyyqbp+BRSqqL19wA4rRlPz2qKz8dM8l6kasOZFik7wov81VubcAbW440r+txDv3B3OmMEm10kTf/lY62UcCfxyNHPNckZADoMQGR2iAOnIG+AKrQS5egp5tQF0czMi50bX6t++/evPYD2HWOI1HBZywDWFdsqXKb9x/85/9sx+a0DwQlJmuhLmg14o4mq5+/ZkfvvymF5Sn5QyWdf4azcABQ+K++dGHF7943yDfGzYbXoyWnz++6tuWviH5eP/D+y//nt/Sd4Pl8bt+LyyuhpmGIFPb696c0G8OfPXNp0Zq65vYFwNeruj6Y1OlixjZm8rZ2nXV7v036N09fPP3vfv4m/cfmmS+9ybzeq4jQ3rz0NOHlmJd6Xn58vd+pa9mmVu3Ruk7DC++vH9rZdhitEX+m0//07/08uHLfiG4DnvXaURnCq3hmoe6ItVq/1///c//i//Tf/S9L7p54QGEt13/65yjF4fc3X3IiBZFv/0br75416ia5xtSklkrCnrNLhno7FHQcSOq8v3z6rYR1yQoFwYoFYqPiOWqiFaJ1NJ4T/JUfFs+Vx2ayZiWSE+cHqkTDF7F10C0QVjnr5By21johGJD/4YalspHyJobvjGomDPk+ACwQzNqmMtWdIQemy51VyuzenSEQZnHyk9XAKw6SCjK9DaeXFieuGxhfq6h1Zg/+If+8Wa1Ak/o42qAMq21zv+1z59/9tM//J/8b/+DLid1U6d5o7nj6WNvwdr69ePTnzx981/++37tH/2du35LKu6eY0lLMnomZouzx8eXj//EX/rtL77cOXRQ0tGd9NYvVp+dwt11dfGnf+33exqgTp1OS9MtrZugSpmDnp56Tlm4FEBs4i2GiyVG96dcd1wMzQPwV8i510iggxTR+CXU4tyQXI7hxeA8WGk4jZ1ddr1/9Rt/5s27ftxvgPW/tOwOXdx3d+9//vD/+pf+nw0KdbGG9p1SeTi12TRp9ZEPP/pp37RPgYejADoSUgjB11//4h/7b/5XfvfP/dbT1/3QkplsU4LVq7Z49e7Nw8Mv/+Rvu2Sauz74fbEGocdOAqL1ZqH7f+1f+f1f/qw3tPvJ59C1uuonva23FrTp+JUv3uaSrsm1RE7j676gHIg830V0t/XzQg1RwuVAECzORGfjQ19t/iv/6l//8E1v/H3x0DWDTv56b9ibrveLmIdGld/6wT/7P/pvdZ/PUz61SQ95P7q+2PX7fgjl7bvXX/2dn/xf/4X/yw97MVrndl19yClbdkUctm5B/s3f/8WP/uCXH775EKS5XKt0ubjh6RdfPTVk/tP/7X/61//c7z79st8bKexyZNZxXUvmHNzS8vPH985jW9Z6Y0HnfYk20vJA/w9PDz/7WdlYW/3Wg0VJraAthM+1GV10I/+iY44pe1Vr9bOpIrldKa4cdS5cAZaj4RAFA2ej8SqOxvBxb+Uff/7Vp2/ed3u4q0o1R8/OPTSyniZyhvDw5/7Cr/75f+wHi5z6dLelW6ZnbT2t6zA/fP/+4//tn/9XW1Hdubjbgts3T1L09PDUBPXm5ce/9ke/+D//tZ+/a5Z48ep9d3oLn1LNHT38k8O6MPz3/pN/9p/5Jx/ef92003M5veaz+Hn14UNGdFMr6z6+/V6dkV+PVwoR0aWL5AI2Z+48lznR1IjFoVrB+vJP/urfrp0MHnWX7jBn5Nol6Q0l97/yxa/+A3+mWG/TgXNWcVKg1UmPmy8vJ3pNkM/ODLIQSJ8t8rkcqG3k6OxzPSID9xAUV0GcorjuX339hz/+6f/9r7xhxatuRXUuijLSBs788/npiz//O1/8+ven5cRnCNM222muWZN29JbIVMsErT1s7cTVGXM0z8VzKyDgVkQaLwO6aNkRwaGaw3XyCuo/x+fnbGT06k+UGcgZ2XvJvvkP/87v/2/+5S/efU/s98TYk/bt0kIn3h4dfnP/+PWHbuG3yuju5Vq1DnIEXSFr1p38DNGM1J+dff/Rb2IMEdq496cS6WEXPeg5YOXMoAfBTNIGiFdNZAa0S2BNkmIXVDV0NY1PzB/MhJ3zO/Ir0f+JlDOnlDAUbKCHK5mKSi4dRZXI95/YmHhg/FCUqOo2jWCOg36DCXFyV3GtE2X/x4iOs2d6dRoDMQMkbTUj2m/rN3rNtoRM6hCAOCawz8RHxYE3YQdyZbNr+LHPjmGAZQKR9D8bOi7jOA2X3+fkevEIWXRwzexxUEDeHgGip8xlBQBy9nyBtHr2NCxcm7JKLbgvdLcKgktfbtUaJ3cO2xN9UIx2moEJgaZoW283ZLWdrhaURpZDJH7mujpP1yGePn7v/YdO7bWnp5atzNs1Pn/85uPv/PrjX/idu4cWVE++yla38sKGZqKXH5tJe9S/Ue39Y1VOs+uXC5SozEB11a6BPn3dG3fyD2guUxkVm6d7xtIZgOsf3HpZXdu2QGpVZK7qeo0HgTacNHkbVSytDKFyBpr5qUu59ZCgpDF/dnTFPXN6KvnPvv7FX/heNzAabpvaA9j03JW27tw/Br6LQb/6RTd3e6TfdPTh86Pff2nw6J1o9bjXPaD8+T/x608vf9CPyVeR/5pCuqjT/N/aqIu3X7/+8OX/6rFnPLsa+Xh3/+bJTwMzviUDmwrwR2HKN+ExeG5kUie8asowl4umvbymabt2wdpaQfyoQ9RWMgJOLVCw71NFWqbt8CNdEJN3qsasHAelUwQeORE3E53okG+jNpfWDHL6L57ysgeR9Kg6HDRHWqITmF78w65Wp9g2zYSff9mhrGQ6JnPVgzc5PGpiTUHkxZmGNumWTXARXTsO3bEiemNdZRVOdRbE1Sq/JhcBn/2Qe23wblcq4940moU9g/G6lcD7H/3Rw8vuE/uZu2aJFroCuwVfEfrThxf/ub+nM773OXJnlHvOIA/6/d2Uegrh/otf3HWBuIdSOnPwNsl+D6i1nJsIHz8VSI+fv/5FEdnKZPZaBJ4FNMx1VY4T1mura3JiW/m2SG4eZ9eyvFU78GHHPaxC1GoxCKl1lDj5cXREnTZeG2iTkOTXd505f9GvfvQlmoLVI+91pDityJP0s/c/+Wt/6wtdyxtOCUu4S23GhO4W1jZU75Hihv+ceGIkQgvsTy9/+8/+qd/4vd/8/P4hzgi7E9Pyvn16PPf5s6++/nGu7iqudW+nT2pT3o0UT4V8/uqP33/z05rKc4luEGZZY1P33DrFc9n442/83hfBTPX8ZFnnXMRAEtotpXPJTNUVLPn0UND25MOP/9bP3//Jo7MD3+mvdTw5kBHenvL51ddff/ov/tnfrrYferbIfvum+xmtYrVa94Jevei3hFtoNtq98sNSOn9O1p6bOxtKf/mTr90wJDkzM283OnoEqHsNn951m/Nz3wzOK133zrB8bgTNTbp1VeQ0vPWsSz5xupu31zOzqBMbF5g/vPjZT4Kz/p3X19rioSRqI2a0V8FhTvQJLe2MYxRiZ9tUbyd+cmNiVKavzW5tWd8y5pa7dcGGbLImdedXL57ef/Pym/elE8Frjz2y4/JQU4XzzBdPr3/jt179yr23NZz7NjVD5tfYmr9G6bK0aSzVnt8s4c5vQ3oR17ELvq/+nR99/v4bZ0o167mS2iq3c9vi4+Gbh9/8B373i9/8e998+Fl+r1l7xV1d8TxAtqGjDv+wmWd2pFnw9CfOMyS/mvVEmK2kmUR5MDju8U8+OPb26UB3i8g0mrnZ8NRSuS8CELDJIr9ow3L5zAjHV/N+hW3p07ajKHU1QrSjWYm6U44z9raO2uHIShspsDmC2zuwe9Cu8bBr4p1w4ar/NkN2itwpSj7GNDnxNazhm+jsusxMa2OBbeIrH4Pag+gKykqhVXtKbqElfyOtbOgdUNu3Y8dgbwzMo0k/c9KFJiP1K7J1psj0tQaRjz/+5ddv5IfHd3u6u9gNngifHn7ee0pc/heocbhOlzGpLUszrxN5Q63sqhrAOVztRVJ8ohYoddbnwGBIhahWG8bWNkeW0EmJ0XYi09vf3NBhzqfzbOoYCI9wHmslcA360M8AhGqM9YkuoXXKkH6gJKE0ohMwpABKXMTC+/ytOGD1iUbmY20ko5sVU0WH0tgMuNQc5Mkal0OfCddcmuQ0S0KYeioRVCAzFSd/RE2l1r+JGmSklfRZrxGOt14LE89CNtUYJGzPfl1ZNJMzHTfsUU366K/6wx94JwCTzdADAp90wo5nSTUCzj4G3xTPOWqHpp3mnOm8xInJvqjxi8iChQRV8tX6X+ll47N4LS0zajdicdAmMKen2iaSM6vsCdeGJcPp54e6jS/b1dYNVHBpJUv2HNx1i71GsSti3Tl802/1NqLlYtOvc5zZaZEU3O5xe0j+i56h3+W2TrJr9qhzSLKabi0mZNat88RxX8CGsDjXPQK+WBH5lkRuia2xmwbX50M3x8VtHPB4Pjc1rzRXNh93AuOZ2gbgZlg/yNrN9QB0Yb9JvQtCT+/7Gpi78YHq6lHruBZvGz9ePj30hYc3eYHux65RdZ2tebUh/XV3i1tyJr3JKJjZD1aMMDdwrgtwDd8bnbj/+EfytK5IqT0YoDdqH66ZJzswVh+MgnvjO4xr2rXjzfRVsDpqfpCfMrKVzpdYVkvWKaZ0hXWU4+2hi3+4hWcUtRydLBigqWXNEXjcX/pIG+KIhzmGodpyFq7YABzpQJCLdcUgMhXFNvNUInhyVdWeLWeIMiEkXk6IFxN7uAOyPlbWG2pdlq6NXFYvOkr0xErsW+iLcA9Ye+tFburqV0wJenn39u27tz0il/QuUXpfocZsLRHvx0+/0mMHtZVBtHhIkair2rpydnZZ6fPD59dvX/UYuDPDVz3BrCOIDMvn5vnWdQVm9M5JElP4HGes4fXA6pJfNBZCouVUVzq/8sTipMPlL5Zz0Sg5evoQjqQuiGMkWbgwL4djPOTmKGoIanHAZnIc0YSxzpXY7k90VlPHKWdZc4UDri4ltL65+/DL961ug3/W70OIsVBLVF+vfvzFL14+/uqLD9/UTeLLHXmqZ+u23q3HtSSEAkqJuaMVl9ZIq0ftH14/eLh/j2WB6fuyFoI5tYeANPrxhgd4Wr7nd2cX1AdaN2eTMTQNtUkecRJcM4TxaVY0V3dFop9mCJurJK0eekCpxWLP97//2c++/6vvXILoBLFHR1zZZdyrN2+7sPD4s18GRISwYS7Ndjmh2zlDdwZaxreM9XWUWRjILlIWYr983+hqiQ9umHxJvIAxpu0WKdTVWuusxRAJj409Sqx4DRuMEdbIuRESXY1jahmo1PSZILFWZmBXvNJDrTROQAnBtKKJuqVPKfdW3dJe3ORZLYNdkBTpjeTdUO7c2nOVHNCnySU3MKqxtJZpyeyRzFquh6gy3z2Pul7+7WSoL3748m5B2C+1u6PcL4J5IWznA61o716/aU2fsC/v+55xA7Qvihj2Tzw0wr94+eUX70L1+OHrMskp2Dq9jIan5oFmg8TWgDUo34pFGnNjDBuu5zQmfZtgaHRJ6CSmC2brG+5NuboWd7NPl9v7MsvTG278thXmz/mWsEQuOLcILZrLXzqOtw07g6k9Lt9XAGLNWgkEycAo2Cr32YV8K5KpDlBuz7oiG7h8j7i0M6ZUrB8oqskmj0yp09mBJ4oKh3bq5axWVpboiztEKBFcx+E8sSlELt5RABNlPLq+1sdXOx9l7bfxFEvD2j53EtkT/031viUekF6oVZ/v975603dh1K0h3S0bNUWTPiy5WveZk+g5nYVcqiNJeDwo0Ydpdg8BdG5pKccYPzYOWYZXgJoxEcR5vGpeUmlqx4EpPQxNUlTV7XxzkrEjJqhNxv88/VxKCmjQZk+MeME40Ck//O2pUy+53SWMbIQK2XTRbMyYzpVTNUWnHMcFkE2JnKrjLaSLxylLKNmIbpoLwMM0MZxdzQjsiEpQjil1Ec4ilSEcVCoucZdJB4cZjpEweLJy0ebpq7QgrDjGQ0uQz9E3EDeZ6I+i6RRAG1rLTdLx2aQd9VReUiXmR7t0dK1jelc2e9IJ14GEaDLIriK1oFa83I4QK1mgqg62qLqojz0zhwx9aAfdFgSF1Y6hgfiEfjHjGl+TaxVdBe9CgDnJFf+6Rs9qetI9q1v/9qU6XckFhEaJQHgQh+cmWDc7XcLgR3u+091svhTYxT/RzaC5iMEGWAWGoIEzHM3yyqtIbSRQG8LS7VNn0fF2idEBXeOGbthVfNcQ6+LhetpDPaB2DtKyZYsvX3qIIdVgbSkWYwp836vras3E3RgOhNsU710KcqWt51a7LtKtiw/3L7r439c6U5aPskiATnetUTbZptsqMwi0dklaU5RZPobTUSLLHGiiHK3MfLESRSs5ie2z1GAxp3PaAqVcJhJ2moN4buPdShDTiVyywo4IymxXaZLWaSbZbtfuakeeb6MsKTV++20a5GzJ8LfWOTqOPXlWy2jLy0I6ByTqyUyalTz2NuQT84yq4puWg3VOZVlihA+rz2LDKp6aZE2rZoGj0wCtZKCvskmuCG3fe0Uib+Eed/5SXcN3UdFv4flBh3zUEwKbJ2rbrh/fh9Tz4MK6gibRFspJBKX9HhvonKJHwptD23yLoIbxZpiw6D4tVlwsH+xOWYAv0kIrFuFry2lrPiUViM7wR1o1r7FpTUlrATe2tWuhp10r4JRqwnrcd/UmxRGQpb4tFVemAquCbcpYh5A8W+YFRt9+2ZcsM8UF2p7JyE09nLEbHla2uy2o/w/FllHwsiVXd8WxNQbYAjSBRp5GlohNByWM9a13h48I6IwKibRANLho3fm/byJlWENLT9hEDB8AACAASURBVHA0wrSsXMc3rnja19jBIB0qfdlwzCs3D2ruingo6aJfcrY7MzMOMgTW4qDVp6dFnBD2KoFauFU7MwuETmBgzmNsSKI7mAd86XCkrvBaq52WTFMr1GTS3zg5d3NCOAzIrNYYqWjffyJUTkqaStOtLq5JVqtHqYpdsU9kdocOzwrboxv+1YdE2ax/FiF7Sg/5nFhBgvuvWdIsQUJbxFw19pFe2oKlFfw7Sxw/l9TWGqizndPHElTIPfX1AGTOtvdG/fXc2F1f0UStoOtTnWOJxNlY88jQ8PrNmxLp6NNvU7z54m1qArnn+zt7dP3JnZmirkv1ve+t9ug0IIWQLFxmVA2Z9OLt2McApnYaOqMEBos48PJjlUkQ0vHlhnIeOxSqtkGfc+Ia1EVlleqTnQJOfI7D6zbeOv5UqZ2/YSrEruzERBX9VUQWWGuJNZImokhwpSxt3dg8mq2H87fiSBeIVZW6pjKQ/Z+ed5lMHiOmqMRphbLx60qV7CIMRlnmIQ9/xzFsPwfijhBE3NtIOKSEzWNH55FoBqRIJ4mNVsYZHzYQaNSGAq9a1knm/HjYvM4FeFFSex1tWvckn5tz/qssQrMKbwZTwQgVwHgVJHxWX3TVVXOE4ou4fFYubOaTQ07WvOO4dF1ialbDfZfiOVHmDOVGgzZaWLgUvj5lmk2UXzJhg3Y+jrZyrIOo8HDjm6Va/5BcdKOOj5QrjKM94kjdJlwufZOU9Fmt/LLoMF2ahclp7NxCSjukk3IKJhc6wS5uRtURqX7YZ5yxRVXWSGPyMMagm7yTqOmJiOHUTRPZsR4KBxvBRNzab5DGWdMkY8M1JrJGv8Ml9lmueLzMueqP7npGwqag6gYfUqbjWT9M+WZ+oW+YEKM7rjjJ9ioFM/RXaBijopwLlMNBzIhSV19uEe9afNq9fOOaV1xiagBuX4OZQqNrhu+pGHGrOG1GbJNrs5/x2ElwT9+4nZhhqpuPU6ZnZlrrcCcSXYH3NWJYLpj126iHcQ4wnHFMZexexIBal0leCZx4yywxMgLiEkdG5qKzPyOvqdj7AVtj9dyFKVqnSCc1OmHLkKpjz5YWNpW3pDHveho447oI5LJxBC4Ab+89p61VI+UIjoc2Q0om9kRMTtJTMk50a6vSAz/GKx11mwaJNCGlLpNXMhWMDeyEXEdMGHBQfzZRmft4EOOBswXIRUbFIE7kCHCXI6gPl7ZdVp3CQ6C8WocMWg1JdQ7bRrmTouEYF+2kXeXPxQmZMXxKkArNUvmhn1kLCj6r+mxHXnvAuf2wH4JJvySAEDAzXClS+7s+NWWcu9JeCxdUprNCC53T040c9YktC7qzU6QU2u5Z6QlT3Nq6dAEjxnaNLEilDTeWyplSpPb0QFewnYjuCec4klXgCTNrDQOo6+vb0g4gUwOe7DTpF+i0yqrm/ZiVRKgQqhLLbda/Octpx8rDdHlQ1Xx2lS9rcLuaY015mPgiWjri52o9Bd86V125qo2uEYWgcmMBYr7CUzmGzE5uYsSmWfkIqSMGZUskD78fGwBwtc9ieOQgxJjARI0zCo1r0xan0H0T7kLMn56VSQzVbE+j2y8hT0RUdZHkKe3TcSngSN2mxBBEKWUdB+LovtiYDC7/JSYXbQCMsbuDrEtJw0+nlhdKGiJNXMBJDuHACNSjawd2ZbUt2MneWn9w6XSWKHT2SZxhZw8nCUZOoOCIOzzJKdF/hVdJbMUnT56qNa0MTi5i9oRgQ3TtpUjZdtDmqhUd066qqeRj/nU8QpYjYT4TU5pGfX2pB04KCTNK53756FxUiha6AnJ7LThvE7uu2x3dI7EvOeSxzub91KsrQI8POiP3tU9y8457v50A7OPHtt0C1nadYWxN2DhAjdge5A7znPxwQp5muz5l6vf5Z215OCoLsbFnMowLuoQgFucO9fqQxQTaxau5a1SNmLHzf2OMUElMBRQbdilXjwpZlmlJcpRcfoZ2n1MyKZOpcDSzmhXiaLFfSzRRwhewoEVWOqGG5iVhPH07skBs5ISN+ontKK5hPehOcSTh46T+88LymM4HUUh28sebgaSHREY1N6xvUhKZIj44XFE0akS95Ukh1X0kM340tXa0kOqmeYn/DQJhccZOvZ6zvjR3qfr2k2DGUfC8KQAalpJnY1sb0ZwZwUxEqmgfqTywQIl2CZWkMbjkUaSMqxRdza+k/7ajVyoJFSI+3a8qn6Os6jMSjDApnJCIWMZ2xOWso15N/4jQrHbSSn9325VFIBS6dnbkPJMsZmK/tY4Kvpklt3L+vhgtJpN19C45jmNFyciOUaXZU4Z92zIEuv0/M6yAuSU6FNac9O1WmgNUKg/Xqb+oyj5TT4+d/1tpaRTL4mlVjKCyaoatKgw2xHkpXQYgKtd6HUaORCBstYpc/TmuQv3yDcjRDbeF17Dy6IFBfoRR0mfwTmc0WMmxv/KXuUna+Dbd68K161qzsbI2bTncqTMvNpbWP/a9ANgNtyS2hp6tAKSm4vSt7XUmc7zRb81Avy/bNfIyAWzhWjyqCezwEaPqWGLPSi7bLQh0adzGSCDbhsX01/Bwaskk9iiSbq0VDlqzLYjGa+GYrkzTLcrEnwMaBFW0bOsKvwG8kmp7u0drukQBmGvTV44oZw/ZRXf8az+whsE5hUHLuFW92QWOaBM920njtomNq1zJdQ7C2NyBq4x/xER9zFOhJLp2Ge1YdZhKhWpFKapQs2SFWWU0aKtflUColDi+PCQG/hiyf8qO3KNvJcnJjLCM9fi6snxHw0hYjSyZCRoo2Gmj+MYaxZGBNFruRqZYx1U8HjYtsKeBomNyTASUpajTWPeyDl81VA/EVE7XXFJqE4MG3j0MpAkSbmGgWuS3ptRaYqL/1iLdLqozF3wxpqQX0vfsaK8GMq/Uw6NEZ0IennQvRFqddEEx4XUpy5u0FW9enM/R80dBJd74gG26b0mOYkz/3LLqyJe6imfZCo4j19i8Nn7SJ3CVN75KL3l0hzktml7O0XYlODC40TO83PCNANMK9aGWM020ipKRlWIfdfZPHJXlTMIHWLw5isvPbH/pTZWUQNb7h6VwnEuJEGzD6czBwHpJJde6rRBIQsX9nW6uexasddjh0ZKsuGxBCHMsAB2wg6qXu2ypHmTAGuXq5vzBjP49zF3W8kshV9bTt+IUIcvOZs3SYBNPCVsyN4rEAHv/WMkq4ayoPaEQTfVKDg3DWygpHzOXBZMVlTCWzoEkcEzJoz3HjkTZjR0SBgmUCqu5pEoNE4KralFCDQlnF8kNCPLV5WUcRxpIBCiZ/YMUmAry3JiY7bO4yAh9Kqz1QZdrcpoTuaTqsTNW17GEzp6M1HhVUNvij8juI7lxR7zvofWAGGn6fbf7OlF97FdudO+eCqlOt61uN5ZjXvB0qD6uoac8q9O2IFmEopzPj9vE43EkQ1Z3jBrbioxier0JNALwnJf6en1DwJii458yWjeR02dHJJgTMG/dGFiJxQi2tjxxpLCa+Wv080YYgeYpvalt+YxduKexr9BU1CbaE3maylQH8cZJ7TXeRNYGwcMAeMcgN15Qe4qrXiMFzwVZjOrIPdplQ99e7Rz9jGZ2uZZBUxIumojXwYmORVOmsOhY77nvybzqnUhuUk+kMVs4VR8DZUTVHLvgRy0dSlWtrzKR9Lk0ZHRwVnvAbQQdoljnNEcMaJP3LenYtG1rpTqo+g5O6NQkByk+n7Nxx+o6rAY+gZ5z61TzifqDSR2qQ+lGct6woZhM+WhvgXbTox7vOKjg5ov3iqRD+i2euYqoetCzeDJYPGXnMI/mN/zRHT0blc4umzniVAivMlcJAatTFpoa3+UQfaYIC0BcbXw8dNGjbMcD6dyze/iqPp/DQOrwVxq3MSOCeIiZVMEoOVFjWtUkHXmTSE+RsnnqMMN70Iwr/ltujjlcwLRNmt2Fv0rOm9awqCk9O6GtQyAdq53as1mvXTKTXNMd+dchqhppPSedPHks5b/ARTuP6SZVttCtR3CyxTE8MXhajnoXvGPx9uVVGHWbAst0RT+u4NQPu0NwXfXvrWHcgtiF+3S5OsOkhlpNuo8ZlG7bhhdm69aRnbZN6YBuYIGDBSdYwDmMW0qNxdhzOQeppdd8kQrn/NnIC575CWiSzB0JMTrwUIY0wm6sG7HnevPgVoNWPD0n+vTUK1+yd5SU4Zj0BJ1PwE5g1I5zIyQzMFrWjo3J/VdU5ZqCH5grG+72SjRxRw05h0az8qqj5RfcpEYs4WioTfTcNfmpNMQHcDVRLzIup0eSrBjHF0lHatsfeSS3RREHlyVbHX0a4VhR5hSpkQr7BX+slUzgDCE7mlsDJXq6lNF+aqnZWZdi+k9UHIVHh2JdkdmjmuIKiFNs2mYeOMmecN8DmK21PzFT92xTKwXLhUMdWa5JxLpJsbuOMKYCvmDcltj6QaV1olS2gNSfXGAqKlyWlGMj66S5l+cqSvlpngrBbIPUQHd1O2zZc0aGklGlJLqV71BSQBzCzD61V7tUPnqGjm8F+BF0OGC2Xo0wQUBNzfYI+ekQT4ZgGic7Z+aI8hK/XquLwRQxl//zEtl9UpjWa1Jf2wiqdeRKKactCvCI6T9kK5lzKj/RXTO5KB5qJ+oZTvyaG3WJjUgw64zkobhMVjC9lpiabOMRRya0/4jT7L8wZEXDV58DJYhByKKeQWkm9OQPJaRT0A7+E3Dp0eb0sykTBoQp/OWiRj2BLaxiKIuiPOqRWEsbFuaoER2PtV810aXxXZAdWDKFWusaLELHAiiu/je4y60cgIRM8LwgxToyjvDpDObcNGuqm7bq84oczYeOPwYAs9a36l4VMsJPRTeNS/umWTSfekNs390SD2LMSRSICW2e2vDV+r6OmrCMRhNPt4NqSTq87SfOzk+7q9Ba8KAhQcdyoccYnjzNGaPvG2gxeCzI/eyjkNngMrApal7SfgKV3zXYkM8vC4b4t62/kNUWHhraJARNqgqXGh0YEtvaU26cIBTF5J/ZoCptuf2aOBCJS1aUK0/ENZrK35p0YI4CGtpimaJ5JENgzOz12RKNVRnXecAxNIYUJI2fO8zIGUGFTrL1wQTbHWpiD9xIVzeY7INBSI6kQ76sdEQjVBI+zhrlrKTjKAVd+bCkvOam6cy91ifmduv1U9rQ1OU4J5BXDGEXLInPsQvUYz+dgATFR64MI/Wp0ErhJpr0A2Ql7c60AElBh3UpDBJE56p8fLRw4ypI6XOobmnHtGFbu8why1yFAwLExboQEJDLT+L0a52KIDB0pFJEl2qjQE80so3j2qcM7awdWDovnpM4onUSkhc3MUw3usqS+50tnRDYbkcCT+R+p/zm0lCjY9R3VFc2FKJx0TBxlI1qHFNQCBzOI2cGj/M7qqDV+LjmkDhO8iYw5gTj839BOgguyip1iiP6eGpCVB8gkz3JgT+EZF5gzph/ZZJ8uQnp6cnHSoAQ0XDxnhFB2WhXqY49kcenBc+GvUISJjmqI54+xeRWoh2LdFdS60smq8gbUdsfiPWiHl328TOJdbO+Te9MQdf0WOy5CmiUa1B75RnZ5MQ6MzsmaL3CkmgS25UcDJOrwjnBvuS115kiOv8g97d4yp+VrqOziIAzNVrbBiP8QVFsOItfWG8kNs/e1DV1h5+RtsRc/SSVzQyuE2Wf93inDVWTQou71hRgzKNdd0xdOYg5a+Nyhk2cwWOl5TFQMStCdD5VM6JtgV0xFcOnENFVHbuS9iRSxTWnMNhr9JVBmjdGPYehkpgow97Jz4LFQwQBr7i501YqNPM8sw5wNNAPh3bJtMi76Fs5kYdxqABs2Dx9LFA3fwzZ5JizU+Gm86Q+A6R1m8QypyETuTaa+pl4NGmytU0AiIf9gJnRaTEahZqso3/i40nUmchNCKM2iBY8fXukrJZP+mJiOqz1sWyJ4VUtlruCt5JdrUxLN88sB2ccproD7TZLEScFHGYdKWKp0975QoBWo/kl+GVhxZqMSvBp0rII2gR+GiLApmmkhe6qJQ9xarRmVDNT6mxrZTEuu94yGv3stDovqTyq6rJ4CVFIdegTrsBWtXbHPBUQHcXjXKmCNWb99CiOIdOm5hnaASxKzgd+Gg8EMqiJ6QwBROqs0Pn0DxQWNzSZuLkwfzMtC4KNlJyDraY0DOo58eMWWSmZPzVO9CnoJDAJLVXJrNFSWqLLi9RYB6Q1uWZWg2rSjp8qYfZML2U0Wku7pA93RTvhkx0/sYdOFe0X4oAOq7bZkASwukN/IMxI3hLCx3uzgB1Hm0QVkU88BWomZkW0+2jvEQ3k4Uc5UGuQqGKsJq86nO2GR+6mBCyM/HnEd1hiB3ROsbqKm3sXmDiPNnZv1a6mDufBngE+ihqJuqxjcO5J1E4e/DiRrT7r6m+R2dfOa6Rdt8wU0RK/NzwEJ4HriyRWMUhTne1Vh1qog+qeMUij0qAlF0MqL6t4I0stsJzJXz6ZiZ2U8FNiBcb6NEkTg3wyOtJYBc3HKxfFad4BjCq+U47WRuygltC2Q48GCB4cFqEFYT32qhpBM39urQWqu7GsEXQNM2suahsgDoz2pK8S2BN4StERooy0MlN5yieFpDm0w3oYCmUcfht4maGUGJE4SVNTkGTB074U3s9tbDztNR5P73tHVO3ZXaAFCmMboXuFg67NIbo2OHOV5CZdw7ltKoxIp5+BvoEhKp0dHB/8k1IJZ/d3UKpaMzBNpk3liktfnBIBkPNP5iw8HBVd2yU04YZXJB2OYNPXuCvclCV32Eg++Cq4iV9rg5kMwo7POXvKj2w1h3PFBCZraqlHNA+UTsxhtNZalQH21DNgn9M3BqyaqPzHW6NMAkZxmk41B93F24F7Vtw+JQOi4VYDZ9vxtsjFrQHB6hPZRUHG8qgP78munoEXBceZCt24v/EQfNgV0XFqRqLo9j+iU3npP25QdKR1LFHehzFMP3VVTBHsoyKtDWNF1R6QEWFsq6VumxiaBtJXWQ3RZTcMHQ75qan0dJgs7cpJoVDVaT2QGga8RUddEEsUKq6lkWlA64LnnrrzZgy3YwXiuVROMFk9+p+gJsSyelKyWgMtYjXUsMZTzUEpxbP10XQoW0OmF2b7ERrg2Hq2qkT5OnYkC6mRUoAveKX4xHMdzIqh/46t2bpsR5HYbUbnrnX+ILte0K7zIWtDjwQkz3oF57lSSMGUmGFmnwGELk6KctIWjBeuG+wZNGDcwIC4RnPsSshw3OjJ8zme4BgsDGt3yTlFhyxRJdCgRA8TJf7L8PE4V8ymy0lZquoqppfWJFSycgryhX8FsR3OcSBWSvXwUFzZpEy5gj65aTdjhdW5ITSchEF+WRbl0N+WiQfV0ZSY5JC1f2pExuxStArNUdFkVtlcUYHKkbqLg85wd2t5ckQ+qsJXUEdxG/fl2HZ+A7i7Rr1UGl4+6m6yJz1UdjGxRJ1K8C+KPP/jJSchQZ/z0twaYH3kjJzHHjiqp3KkC6dMK99WucQ8CRf8HU4lmiS3VwTpgb5k6Zirrc7y40ali5KBbVExMHJnKqzuimlKCX7+1zR6+vxabRXNmevobCvLu4lOmpaR2bnyvB/fRowcweS2rZaVJgv9zfn49NKcKTY5kFQcKRw5wTgmJmmDVOYUOCMDYVCr7XUxeJPAxvp5rNqr5oplTb7RUC3Co00UsaQS1/yjKN/XuBOrSCbR1nXQxFQxAf3tBumOC8gq8BhVouv/VuBYtvE1sclYy2ggpRqNtFxI/PBP/LTgnFoH/8CwedBoyH8EDh7iAw31FAitxdfRJZeEo2ckEAzG2Ssb3olcpQ7TP3TfbuRz9ErAODIqOO3NT8OirjSnn9mkZ09TVTY3rZcZpMh2Gt4Xa/Z8aiEddX3sfLPG9IL+qa9nN1v1KrsN+AX13BGWo7+buIYG43YUiWXMWYvrJKmoy+sKVyN0HQAYn0M8q0IcICNYZMqP2bMk2mUZ4M6CQt1CaT5Z3JQB50baZHlaw+hczSQm11nk6bsChihsVWzUns5E8Dv3zEWxVALdas64UOb0I8xHyK21ykLlsyZwk7wTpc6xNnLh9ykEeyNGBjd1BoHdyUquIfNkwaGzLZntjsMRGRrWpBcoh8QcKREf56yPV5h5+Nt0z0smuxNVv5/aTvPybj/Ic0KlN7Z519Pdq3fv+ga4e/o5qcctk+C3Q/pSYrAFVGLoK9YYwPjRpoRb552gpbQaxmxsKYEZZWTLRIwfycbXq3Y81lSr1JgY5luUYmdta+LBeZQsrf4qPhU36dqLDJykDXo5rWKrkqd3mMSDqmRWMsTfUTQx82FSTtlkHElH3JRf4Ihv2/jR8dINSjkuZs4qtNhJlVjqHPKoBIBLqZsNB9ZURsHxB9GEH1tOL50HCY2MObAeUfZ4VZ7UZVSFlZ79t4lRXZauNi1Xbzj9HYzkTMMklBG103BpkZ6WXhBOQdV8cINxuX5eqaz2PHyHdMRjaqeoylnOsTdxHS8zqixeyx8Z3F13wBZ9ZZPeEU0sqIxJyksp1VdObcc+xbUz+eK7EN2Qo0vM27QCYRitwT3VcGS2b8Q0COqu1UTUlZLkuoBepho87RseWgn1EqGGBB3vY+/hgqkqB916I/y1UlCUkmF2lNksAL8tOldv2JSGqmfZZT4EYAzlPMIE44Wazx/6Id9OVCLp65ze33ffG+Kq6H5gavsCWDUbmI4R8AcQ/r4F2uDUUu7TpzfmJDeXPXQaAr+YXJs06VhPApT2Ns5fAwwjXLCoBG9Xyk3hbEHcGLYrf6fFojjtifJqWrTVxj9ZDJJdWTqOGPsIGLCS5TktA8dx1KG4goIwlSNZm1kJj4zbpmtZmA6uhMZx2oCCzGZrW61yAJ5jZRPULoKjdCnav0My7oSvlVRVH1qiZseJ0gGtstmAqGcsQ3PcIiY4eWonAK5FkZCaHZNYpBIvigAidS64phmAU61ooDo0o8kVI80atX9NHhVOk6HArszbffqtrhfv+3EZz5BY4nvYTOP2g1APPYHsaQZWWWq+qi/U9PuhiBUpnpcDlSUpAy6IGXu28sc8/mmb3YKWyQOUDCnYV6/d244/kZDncEsc162tV60iq9lbWDY2cFvdIAuHxWFtkNDjr6BmKH1HVcOIGxqJSRa4YVjkl9vzcfEfhgMfI+phVHTEzRB+GawqFazQ4fikEhQD2S82w95uLCUILAtbRSk1HHnyNxhVrbJRqXQCOJzL1wkSOcF097Siu3wYkrLGwzBdNLYI0orTU0TFyD21oKIxTBFCKuaR2Gj1P1/O/Vyel+cvcGYA/PyB2gB9bhSgN1qrPYixpZBYxnYAIhIVJRVwVQ81vvSW/JmC3jZNK4v+YlYOw6pvZsQVyIU0SJG2jegkpwmqnL2SdoMwsZTKC601ggkiHYJlZBNHok/2HfXpMcI+cr3X/OMBKGUiK/v6OdtesXXfL7z24qmdZffGZ5fwm5A6G+g9sn6V7f0jkW7g9qsCQjLPscedPO8VcgKrjWq5RGvKVPRpcAf5mLt5T4ycFrl8gHDtKW82rWB2OGTFRkYmS1z2q1gLFhkJ5BqkOSIo2QScbsjCeShsvt6Csk8jWBQLuBi5JriIL2UkNie1BK7NRxHbvJ6CxAyUgCCOX5LGIyriVepGJkOms7cXeI/ux3s3VWz5a6cELo66Xjam2FMnHVd8QSjTpuK0Z6Kf4wrXapFayA8j6TM0Soqc8vN/lS1VBich5JPV1fwQ9zNCd5973W4DTDID6VVkXuupwQzX/YyoN4G27u+JhKZtHssS4qQpAvsYslYAuo3unDqNw1BRjkKvvVRGMwtnWIQKnWOTvRF7WiaNq2GPc9bB5ithnk/QLRXvsPGCbPIiFRUtZrZYmQKlipN2mHCMGtM+FyoorpANVGegxyS00cWtFaJta7/nODSXyudtFMm3VopMRF1heZFFnxYAJ/Twk9B/UXpZUeZ8OqyRqS1E6oTHl4NxsUWx7LOB5Sg+h4VqecRtVuxVXfyU9M+wpS45slysLjEcJ3mGGhZkdKSV65Fq1nwDLUh0B3belJLehqdeWlRNpV4p+bxN6lVQ+xOR7KvVQDkbyUPDFc89QKQdvIfyGYEsac/bAnoOYePA09WmDzA1DMsLgZIOCzuNKk1eKOguGnet6hCWRNhbcLxkuQERMaPrnF326iXfMfTDNwaMXoTHG6nzleHmm0ah3uf3+PTy+1/MRJwAOh5IfFOJ8YeHN0yBGgUCJS7SLFJYkvJBL242UOajQ4wc+t2/FRIzu2kg8N0EfnzsnT06kv7Gpl0B7ZEli3ljvBdHPJxwbcoJTC9/9t721Dw93n3ZCq+ThwdroYaOTkX8/EFSsvNtiK77/vMPg4zb6ymzIiMUroLrZ8IpUtN/FPwyl5+S9mNpX0wuHQXfEq4N+GJGjwT5ETQpVbvyQHPqdNtSBOIXD4jLc2kFMO1WV5rE8KEeIab9Q11FjD4Z2KpkuKu/2NTjPhqmGOjBqHQtV/UFZXBkYlvQIznaY/G8ZpVrUgrB2HbklV8AR2/SntDI8nrGSNxMN8aMwMA8rqAnw+YQ1nW0oneFpuD4BWSjc6QeL2jbktjUHJQCv5QryM1/roP9qd969/f91qevP7x98C7zno7b9Fcg9V2Rp1f9DG1fI/nam01acuxxg6qarnpFddrMEc0GrTc9tipAeS41hWbIhX8gFXWcv66GYQZCKNGzbk6ffRV9Z1NRcYetaKO81cclR0rH9v3NpZMW2SFsv2ql09hh1KuvxKZAfNQM7JqOA6+ut8U06Gf5ElkriYYu66+LNSa+PiBKnAZb2KcN44mQGLw6dW7rZd9aDIIdDQ26+ESuHM74+nzs1wFqsIjr7l0IjCaZNNa+7WsE64Z9vXihGLZFQe1JYpKApytq7EdtcIzBk5MTOAp2xwjIny8qLaXrzM4Swh3qm6mRDzKGalR38M8s2gnpEAAAIABJREFUlMa2HLek1CiCxQ5tg/Tipk1+IjCUttqIrArFtFR6NtVS0U1AmY5aUYGB9LBos4vl4sCDG51hZ8VH8k3o5KqquPut7UFV6zBP8TEdyWqc9RhUqeYRa47WcXpTlW7VaBTGdvbdsB7Ph36p43uv3u3etJcvvfz0tgvCLXh62ueLTz949fb1v/X1x/pZAooMAVBVepnVlszigQk1COUJX0XObgbde+R5r0J/M2+HWBLDn6s+WYTYmTYbaZEBmU6KJ8ROFbnzWwUkcY2ViEryA0Xk2jpW+eHY+B1xHiBF1SXsQkDUhCWQbppJb9enhozlpFUlxkRReOf6rmI4PwK0V2a/ePHQz0k/nu8C5n/qWhX01p3iqtJ+SZP+oqvOWOcyRhI904benbWZtj0/ZxoETK2BOxz4NM5b6eVFePXYDRtpmw0okmfRT9/nX/yHP4o08JU3J+9SVqwtUz7e/+CLj199k3t1ulq/mwPipGcWcjqEMc2dglougYDymGr+G56V0HmKVI/9IlYRIcTI58T2Gk3ubJPB1sNNSzASc7qNalr76OcaqvwMXcxiY4iK4coI49PEV5iggZ/cKChfsMQnlb19GDrBMVKDKRETO4tWdmhymkQtAWW0RxkKW6UVl2MiADseeapBUn6EIU/GiTkV4ovY/pT7I6yBWWRQOyHTYNVT0QRq6upObCuxTcIO0zEmSvpPK8FyA5N4zZywdo1Gu7aMFZjjHo0k/g4OpAfNt4pKTXMiugPQXtYkoJTwHUqokq5ATtVVVAkq2+nkKiOitQRJVgeaDHBsw3Sx4yP2KK8Q/Nt2qUvESampnst5jgIy25fTyPWc6q7xm7D1hCxy9ewP/tgr+wrCZvGjJOc3SHQCwF9Ruxx2GoSm/lW0jH7Misff+NXOBtao9JhLGs7ZAnsYcBw7FgClB+BYFpJL5fFCS4kz184az1woP8ZNc+QZZfwsEf5++PtnfiG+t4rvIsFT41TfEO/yXl3kYz/S+aM/fuHnDbwAFIvFWGsx70B61WWj918/ff/P330ZPndCGuUa+T52maEqU9aHXvK4ALgcy5gM3EHfdYPBSi6jgrpmFL9SETL78oGqXB3hRrwq2GRfiUUHAZz3rSJoo9AE486nh3A+JS22SageEZEdnkeXbz1rxOGxCMRAFd+6fazthrsDMwLbceJItIKVXQgMFSYWnS14VVeBbw10WvpWq7LyyC1x8tvGBs5QFpcd+QdXcixlKiNRn72RIjyahOvMaB+NLEGTGEPzfL6qamhXFQL+nIACtpV/C3J683B4pHrVfbbmm10brF3vHr/5+s//l/7h/9p/57/w8KM/6gdsu1vemwdj6BmgAbl78fD4y//g3+wn51+9etvzZ50H7A24L3tbfr0DhM8uVfL35QJwwahSCy5YVldp5Qcx5LHGP88rxsVYZVCvNU5B0X94Ly2XOZO6a0ucT9/N47k3SfUEKIAJyJFfwbFsKlVFZAzJJVlxyKBZCsQjW4TgrXwMlZLJaonWtPSs+SWyINok10rad3u8LkAyED2FsdcO3MFR5GGx3pg8HV/pFs2xD5gbn/T6B0mn6mQsRc08YG7MHb5ojiZG95emuXSwdHAbV5OIlA93xfeSMp3V+CQDRZs+y5r2HQZV8riCqkwLpbCgl50nDiYHCL7boZJEhIcxl03TR/j+j57hJvEYj7n6ATrggSq1Uai9kAFzjQRFyXYHK7+tpFLbza7KJmLw4EKEqTQtp56Qcv0fFGrWXSWCqBXWjBaVLz//nT9Ifr+k/akf9e0nV9Zerkf3JdWnDw93n/7r//3/avpbx/fuVbV13Hu/3Pf59bs3v/rmi3/jbz/+S/9rz4IXLx5o8R6uBnjN1tIWwMb6wqdCiIGu7jim1a4JnteOk9VqCT3IdkGdIbi+tT8HunJfIdtTpnFo66C1KDgy1PAylx4JCpBioA3ljRwrFCPoOEn2/rBDughbC57AeZZm/r40s2MA7OrAeopueIYUBk7N65/8O38jwK/7cWTjwTqdHte5Wb9//fH+i1e//o/93nltL2fR3eUbZwBGlmSX0FGZv+yi6jLLYSwH+OkXGwWUzx3Hw9KXC2akBqmTNN4+fvPw7/6L/4d+blSucGl6g9tiJSAQ3fcj2k3g+cQXAMQ/7LCQGrG6NavldEZCpLbStcTa5yopwGLbdDmy8Z7dJSiByRHb/iNanEdCZDKrWxtc5FTTtyGh5Bo2/w5TNcHt/oYtcVhnHk9pjom6JASL3f1hXitTWUpkOa0uPUlX0YBMAmcCO+pvgVkR9pPa9Ez/YX7eH3EUrAgROlkll66DR4b8KtHoa8+U1fEVVFWNUd6s0vEmZjVUFneLpmPppe2AR5NBbXZX0JHsj+tsQByiq2b04KwViOVI+XhKHI+jQgJtqfVWznMCMFriR3QI0QnvsyXmrGpi0KbaG8Z44BoRMVw9m7mtZlFT9fX3rGA8+Jl/ILmGOzmIGIvPwdaey4Fu/TKbpn78IdP9ExMNgUR2M61B0lW6u5cfPr958aHafnERa89WJirprr5lyc73cyq37rJBg3N3MuujVTcGZkdzmWDy453m7nhSU4d1ib8rCRG7tVnR8EYaDsiZctlHYQYxisF9EAFbb74sOhRlkmOqaP2dzSmuC0VNWteNGOn3jue3HBI5QQ1fAJ9m6rqGk5S9rbFzgzq8OwdNSL5zps14zDnDrhlZ7tWgahPE7QklC84d4pjTVLNkhDOQmVpmB/s1z7H8GDjcaKqEzoGcg2cVNeyilpA0yak/tJW0XXqqLNUnL5LS1gGkazMQhZ99BDDmtsU6pg2COIghSTEcs3L8y63WLtojJ90ovxVJdO2OW/mp0P5XQXFzsZJ9wQSrbN6+xJXSmgzaJ43cSKKedkNXg2YdD15OiDw9/ZkQju65v/LNA8UxwcVvS4fkkRrZelr+7hywX5RsEfL5q5+96RX4nx76ISwh9qkfEPMsUAo/ffrQLcLXXYH81C/a7jXbZ7Hz0MBB5WQSLXkwDHlafBbcVbo7gObCeThxsdW/7bTDLUgEvHGGgWeLrmTOswLZBK1F56fLFeR1s6yOzSnWBFH6JyPmyAhTsO4q7UQpkvl1lbx8QSuft8ZNI88nQnPZU0DYriCmoYm1ZS8t1LW3nhtoxxS0VUxXBNKDjZS+GXcRxdyn7pnjDQLpaQGgWTPNKFVexy+Pcm07XY3aHbVKdzJbL17ehOJQJiD1MRV1h3smXYgbyHit3IEGE5emFdzTtHPEMACQrIYUV1PNGKKaMWOrI04WpJWecTEg5Y6LIt44lv1DNx8kUo7muWqyjosm95AmIoWHaHGisad5+gdshiI5/iX0yJYAGCp7skZTmWz5CyGNFNpNertJJOpYP5zkae+aqUSmCpG4vNHTCijbuxj/tNtkc1O3BPLZl9boTy/f1vE8/OFLAb2nrt9R7jUVd493/SL0+1/eu1GbCzVCMvXNfghS+1ma+iTIpX9fCQNbeNnyXnMdOBEBP+NLGC8GvtoFTNk2Mx77Z8DxHaeupVcYTSY2F8YWUH46xk/epNNNVjqv1pBe01CW8vlI8vInfwFpX/BpvTjNB0c8jgUrqXrjLFvAJDi7T8A3H5vMXOOLOVYrBbi6LvbxVbuKun2S72vK+aIWev3Z07XzSKHcexPgiCb+yJ2/AcWgy1IIBks/37ZBhnRBHTvfGBfkIhgEHONLXgCTrC4rW5I0Oj90j7VzxIq6tN8llmruHj91y6JXN/dTDw8u+2/uroHOzWUNmCy9azqSD8JAHqyrvxpNfKMwetDqhnm8FeWJaM7jBYdP9WQmEDFvUoFzqm6KVImN3H9eYVwckhrltIz/cNBpCLCPB8p11tPy5FfhznReOm02moEGeWwxoQxKQ2J3w2w63azg8E0KZM9WQsFbvQF3G0mVXb4CglUQw4yEE4drTVQ5mi6hBWZAGXAoj3ZMaioOw7bBZeuaGaJxnHpOSOaFczSzm6IhiUkHRuF/stdUWFJUdB5xy8UDwZFXSelrTFZsA20JdW3XIQ4wOizIqzhUkyR56G5Syl2MM/vKARLF2pUXyT+CJj2wl7tGSBbqDlaqNmRr95NSu5Zg50UiYLg84UfeGLGLt/gCxNfImR4hHLG1CC758anLaftZTUOSH9KyOdtuqqtZ0dfgnX/Xzh09fUhFM3nSktzfgWvsaUuDsSl91QxlTEqr9d+UxsAbLu3Kgrg6ecDQ6BKFhgV+UB2/E6OeAYhhrwRugAOA5sO08Jy2li4t06zD5oFjM9ZEKYmrTyj7FgCl3EhY00fnLRlhWmhk2VRygekwXaNNVvRzfp1uRlZwYaGV8BEhVO6fE0rYs/NAmdyLwmEUnHJSz2q5BWadLrpDSkh/ZS/WDmV5qMMxPtJDf+LpGp9rmQkZXzKs3KZCK1Zlmwili6epWNWN4qigiSg6D8cEt5vsHXLxINXalefvawZhTgrGf+0irGB0B4FZVfAiNJIcGctrxouyCnPkIZOZH4gXdIo9ztGhmB8VEHOMjh7JrjOZOaI/wIvlDd0Nwa+eetAnzARF0+ohUQXJfZACZVokujmoTLZ2S6pX5Qrk8LVVHJ54HBcfkdcuhmHWjbSCpLD98txlttKx2cfGhUsNv7q5cFIqKhzpjajMcE3w6Rg1+4zbDuccS8JYuHCcJwBPIeMGjfaKsgJg3i42SsF3ugGJpZVXM2XBfVZWnbRqdPguiZyTqOq3DwUYi4QRld3kk8vU3MqQe7RPf91sVINZ2VE/Qi6oheZ+zqiV4T+fKs/QxTrsm18mPic2HlCTtJXEbQC7lK9qFiiad1iTmBmB77iMiOy1v5qVW8Zjh4qbko4GGbq8eVqGbjaM5dRzCtcdvx9wWoUtlJ9qoY6qEpBhdDj7zB+HfDSXqugN3yjXPoSVOboJHu3lJJIm7OImXcsrPFLDYVSJvcKKSDrj9SVo8aHcCg+bkKFuu76P5Z5aT6R+6lHP7jj7LnBvaibm46c3L++tdVq/p6YhzeqYtk7sGL1wmNua4zZ+afy2Qdmcltf53LswMlQbgMp7xwZSM2gtNPQgEhLBRCnc52peudnQMe9Htqhz04pii8zDqq2phAdPm9vxcYV1IVi5EKV7jnHgnWEE8GzDJlIzxf/BCiKpxi4COWdzlEPlzf8nVvJ291sicZrETfvkP0VxBNNzksSFNcTnBCekNYsLZ+2IU0cw0oMG6G2wDtyBENWxWrHyWNGVCAh+mY7rfsZW7rh/864v+N2/fvum7e3bN50FlvPzvy3/91Pu1zklpOs4s39+SuSOGibZGTEnTlGZCgSlQbOMFh/DqiG97FhDqDEuibQg+r+hH9kaoKIylkhz2oLxapkRxbepME8AQtHRUVoDf3dTq4wegiSAYkMVDLrxIrmoUZVbFsrjZtWH+NRnc6IX9bdykCNHNeaJKXkJkB2E5Buy2oqvU4ThRhbD3BXVXHDpQaIzwY10HITEqZGR+//WKjVTU2LDdLkpOaVk4cDaNkpOPNntJ3CpU8G6m9cnG4jFxXeYSDjl3DO5Q7tyEve5WRtBySmyXwfTecFZZxubXImFDJ/jwrYibJeijqdxUUN2cSCZaY1wS7azZc9UkR9xHkmwPh/xGhibqstVVff9ngaafdYaUEYTW4MAWO3nb2ODGij0/4Edy+eewLyepI40RFUJeII42teyXI0PRlvHuAlpAUWRFVZrMXMBcPEunCbfyG9krDrKdobvYp8rkdp4zn/jRbLYyQ0sPLPLUiRkiMZdK3r+55h2JEdNjBDuSJZLR90Nve+2TycF5yvBVnaEDA7+tuj9sRSC2TC88PGdrf66mhMIKwI+9kODy/BePvsWg8GHZKIjnImJPDZPQjvZ+fvbgnki0ZWH9tBTDuJc3xHXnFhhFUOpZSo9DCMHcP5kyMKCfdM0/z9DqRovOYFHeuE8Ss9gNS2GY8DKXCF40jj6H7RJOwYrSOgQkiU3w04cTWVTgyZfNdJLUnYcjlmUV5erdKaZWzjBvZ0uhhV7JKDJLV076puIFXseuYAwTA1uXaDvuUfZCpKhr9/0LZinh2YbZ42eM9CCCSh7eDAWIJPQpf2yoGqXQY3suFx+VWqPDfYLiVk89PGrlfYZ4EFmyyms9FDpQ2FgZCfzwzXuVdPWnHSGWZzbOnLC8qfqOndYINHRf3+U2R3wmIoSa+rUKD7de3JUYSO6Y/UasE+5m3ErOBgOzyZJitaVt4KoIqmN+nkyKSyDYdJLVepFq1GRMxestqacIdS3GR24L6q8UysEx9e7N1htqLmaJsHRJP2E/bDL3aTPARpP46JjYQ0fX0XtKlC6WIOHydSx1ShxwmNYYhV31dB4lrolAGDsVjzy5HFJO26OZ2M/wypTLCoBGQylVwWlMMC4UuX+IVW1wh1WDNb6qeogYDqMg0CcEkUntfoLRqxlVzWmW7peNKcfLu45zNVz6/VPaE2WD5NzuRKC+lQcXsWqATHXL33b0wt25umn7sttplPbfTl9FWXrSNPHiDp14KUBrGunS1DV+l1G2hiyqhDl2/RdhCwoq1TkCA3HeeZYt/lJVUJmliZNsohsXdxgUs6ocUKuZAUsTQhL2Hq8oUzzVrm/YkYz+2vLEQT3J2KBVO6TADLFtFPFMiNwOGP+oRhCzp3io3axyCB3XE6V1VWccPh0Jb78wAPQpQzKKF93qkYuyFs2L/pin9cVgpXAyTxQZ93KsyI57k3cfHBM5d+2cVcTFdP2CMGGAOkZjN+y/zDwTJS5vWATQv2fpWKp6RBEJy61URQs1ZSMgJLZbRLTDsQZQ6q2qsh9qqvEO7YyJY8sSnNSBacZDtUIBoEHSwgv6tOyAmavoEKiaV/J5QT6lMyOA093MnGhHrkTl5NcUB1aBX1SevjlLjnwXJbc2E6sHZHJvPRVOx58J3E73JYFKjLEPaYJP5RyrLoZYsiavbM+mkvRgMBlm3tO6rLzoqJgBIHmo+U0ygXpKjpEN55ZOGlz9vhRXK01sDdax/6hsZ3D2WvbdBYIF8yKS8FK7rfbt7kDMrp1yCEmuuLDYD+aNdqlZhFVjWz/l3hCLx/SqWYyoj4JfW0c56ByPlV73J+mqyNUtnHK6GF4OeG9pbI4rycB6HxfYkRTeOIy+hmt8+uVU5iSYq/MhBGptutwKQDRyQFMCaSiNIpKRFhC1uTRoWGnI6+Mrkwl6q56EEojO9oJ0w3SS/VE8PShUFth2ejXQ+bwiVfeRp75ycgI9xk8XAqpTgn5QA1rdAeK6jARXGL6mTcL0kUNVHDsWP7qH4g37EeL2S5WuobV7vgj+SuZI/FfG5cdR09Jup6tQr9qpNiPiiWca1XfhxUS/CR1ZXc45o1I/amr8Njd4Rpuj9LohNaaKOpwTB7vSywzVdP73IljSzWbD4UWKyWH8ThthkQoO7AlJpJXj4ANtJVNil2On1jOLKyPAbum0PqASkG4RGRFOfSJS2nki5DKkyrpNLgzZK7unPDu9ZtukCWqC/td8X/FVLfDbG4BeIikbtArqct3A6GXP/TQ/4tx7DtcRRJTmBqrPcAl6iklbFlV+bGmxBkpTw2y727LX4WzftUzZDaRNE3fYcrORVT0EU59tYv0Kw4GYSAGctkA92fpFbEUWFLCktdUZIExgBsv0dF0KpQ1q/+2aTNvFxe06lorTWxdK2Bujo4LMNJ8ZBSiHFmaNkJ15eDa+FPVcx8MkHORTuQmWTsJHyD7wO1hhzX0Gj6UR6fK/jVJ0itc8X/MlQlL4+kCxBC9jQGQtpFiu1Ir2SyNdJahQiaLp8SGFSY3XSKjp7L+SaZqw33lKGmKNBxkJmByVKyWEVXsg/UQHUUnt/3fhTItF2E6tOjkbn92SqI5jjmylFA6RahmNYuqmLTLlhUdAepiiIYBR+vl5KNfoVDQfC6K1LSeEBpDrbmOJ+xKeeLfRSTP4p1vobem7wzd3R8sl4FrJK7VbuRYUp6L2lEXlWuGiKFN+/oECThyqEcAVqaal1hSojA7q68JXlmo+KCJo2EhXY6n+RYzg3WsZ/N0IEvYjD+C1VS9BW3+LumDgtlo5nVMIdt+UVKMLHgmju6jYGPVtISWWjVWyieXkyPciLaG1K+t2LZf74khlpTn7cIwLWb5tjg74aqmkUEe9cE2bxsWj16VIvMgOuI1LfDq2gaso04KELM24GxxH1WD+nUjQkb7mZ49EVa8dl6wxKSZmI6M5Bnl0iN1U0d2hf3XhArZHdQxV4AQ1vKqLohKeaWq7Rl7KIOeHINOG+EaKgBt41ZAI0H9n8ShPqcVsE1UldEcqTRN2bJnsadfTsI0qa0ArhI3NMqEw6llRQJkjtiTPiwVQvNtZtkxJkMtyUN+sR1tJ/LDGprpaXf0jWdwSiWIyek9EAWaUgJJdlhyhM/w8tXInqluKMZVrWpxmITL6eivWFMH+4hqYxhXtsOSJxu209OjrfjGUgo7pG2jN8EvEaLj2Vn0HYromicvnhtzbBN1zD4OEgZtVWjQkzkF/GdVcjawV3J5mPAJi2pOI+Ys4qnlk31C2MYVhBlGb1c1sKeTHYvLrXHM7h6LnKpwktrbC9fxjuvI3RlwZRCrKiVTj9MJU7HJFeQunsKJFUrDSJUurCeXaoCG7QaDnBXO8vwy58MRWGISkFGr5ZIo1vRchYo6nXdPeKbI8AFgW+QbG1LBLdHxIrjTiCZaO2Kku2Phon8/DNzPn+U9/nBtZY6ZMQu4ipl5VOAlAJVBZGqSNbBVzFNI/KWFe6Rk6ISKovPRZqdyezqqmC44I1bUNvbjrZWTE0LOGLR2JeeNG1g10HQUIFSTyacTugKyN2xHZTNNqL2IyWhrFw9ZKy/7PJCZD47sg7H9WEYbdaoF3eA53FzjuIrLxDFNdSkoIwYF1kkREgJEVcV62exHuI2EE66I6CVO2ETpcv1GU4ASOvlH8obaVDVvdsM51q6FifTWjY+elxVenz2F7AH0si5wnBnIW6iDJeRB5slcDpdbWAOYLrAH8Dg+E6Ldp1Dvc7kS0arAHUtiIq00SX1um17eNqF4blVrOIKPzYynfUGQxCg5tOKbNMhgJeTQXkTB2BQ/INl26iM/SZaVnjjqK1VCIatdP5uJc9wokzEydkXemRUJvpcwAKXXOufatoVgjUQ+wVHUUwk/G1Cu+DrEVSDg7UmvExGYwF81yqr6OunhKhu4pK40RwWoBtxos7akpf9jwZYjF23iImYGBbOVqym+/EmmJjB8Gog2XmEp4hKpmbo31F8lgqauT9okrBS0gmetQxYlDDDGyR5kFGapEsI3fAAc3z4zOMa/mwW3bYzICUjE8DB6/IqeN6qvzO04X0R5NQb9B2IlhGTWWvSin6kTUS/RogD6hzyzLjHAHjQd61lVNAjnnZhQ7nfB+vpt5Iuj3lTXuvQ8PcQ5ZBvKDdx9p9gTeH2ZRy/1moch0pI5zVeKm7NI1cLJAQiwZ4tmNMMWKGDJDHENGVeGztbKHCtRP7+e8WUXkuYXlpYozAzVEY4yet4X2P7mkO3nREW16nHd6o0wtmlLiu7PNgDOJ3lC7BBO6sxaxFbMNiDPudRKFeQK6I7syxE8uR6hLfNk980o2izYQbfMC5Xobb0kUOVuqwyQ6K0oCfPJdsnjsxNufDA/sEbRwWnSOcWBgwy0hcEQRjcQ6I/M2HAS3ec6CTrydKgKj//Yd2j1xuMHrhrCq6IDBXSsbTHweOSkl1FB4WjUHKyBnMjFgcaZQysEZCIMUiqwtINmISS9bZ2C4KMbYf82IqQNUFOcBHK5kk1Y5FZN7Kn9VgDmm/YTQOin8EifN1Z2IY7+GFzhtw5USBUQZMYGSU6elyu5aoYqisFVOquOS5EwHeB6Aly+IxoFbiZtm3ByVjqeUlXNFE6EUPV2SxByWLY/KLnldMbZdvirj32No3lm1BE1N97UKRKER/qUKgLpeVttGi4YR/6h+A7VNeKtZN5YO4RWCdCSzzA2lyQpoioYA0FJneMor+omDJ14e8ZJgSAgMKLVER9hwiaiY8PGolRYnfVQ1We5HteEj5ssCIDIGWOU3EDgZ09b+TjbmJcZA4gx7gKBmxHxzBYw1y+2wGw+DghiGqHreNuVpZCpF3MkJwY2X+KY4BINQOUiTEDGc3gBRuBqophc1zoaw0jxCGP4+0knV0mqzQvuMTahSPsksl0QVM8pduBBccUPHeVWMzWQRN//0OGXx8YcR6lTbXxnw0qMeXKjRmE1w6ZbqarxkbFPWQM2imc3Louu/8ntoLGjQH7VzKhRVHpMDBy7yOoD72xcs0e5bUirsUV1FCC9ffjiWHj03/RewrR9SDc4s2Cnw7SiG+dhA2NCle3OFZQcmMFr3mPKUJyWFpOTYmxrO5cRW0DoDS+7et/Cob4SVSuKHiagfYSiohgQB3lHGpKuFguMPq/vWvK/ui9wekPU67ddd+wetG4jDCakeCxoipk4BT4P+NhtKoQFVH+lAEVhqyC87Dq5Y/ksVal8hlUO7oSitK1njSoZc0sOjYc/qZrntkzobgaGdM/mDkfcYdbaxxv4w6qS7krxbGrXOwojHHREOYIyx41H+DACkJDjnghPaqtznNvIIWo+y9OJMYHHX9qQAuoU0YNyRtU+NZ1uYwFEtBUe+nmjpo05fZhydOWGzdaGzJoQw0KC17nSRmyHnauU26rKcUpnMbYtIq+ZZCeEGFd+WgrYY/qcfJjDMjG8Nq1xaJyxQhh+HRPyI6CEwRPSAHNFn8mNOroaUSm52PuAX0EcyubECBbyVSsRnMOznLIILtnlTqVzz5O++U75qXPgM5/vblftd4uiG5xDe9Gjg9HGsrUItwGvrp2GHIFCTXgsaZhGNkwG9JJzSOPHnUG/niOuR9O9AigjrmilJ7FYSPp8R08u3ywRub/0HZvTfBtMEzAJ8+6FC9KR8l4c9iJiJjCKfob47+ktAAAgAElEQVQoqwlZcvV7qss0m3S/4rIcCCKZtI7qMAPX9LXgHKMI2dxqYCM/BZdW6pRRim6wO7ZVhn5bShrl9JrBJjO+SYqLBoxgipyjLGRuYDKmijIxmw87ceqhyCx3jSOeqM9I2YFMJ1PdHdigFUGyGxmnqyBD7qS4cj6ScZac0PMHbbD01jQAqGqI9FidVvbMjEluzg7fgefAL32yo5w2IEQ5HNuBriKdbjKN58iYQtQXOWdFCuUpScQZi8m6Amr81XPRkOCXlOm+scRNCQxkAMLkEZabkazAA2TJycd5DQ3IFVc5wnJMBMxfNdffyBIvpk55lZjYeqkfUmYpmq4SpG134Ey3ojZ+wl47n4IzPCX0RFi1A3XVHpplKmeQf4AuFBPJRGxuFvH0wNA9Wbyi6Eg5bUBYhglC8oi8HEbjszml55oDamQXMbJNpxKTdRAc3afQfvE+zKUuAd85wjTlV5m0f9uFl8u0VVl7Dh9Fu0xNdBWV2gwcEa2Xya/tjrwoI1RX8WyemFKVoTVtbRkyaahimegpyK1m1lXumZzaDYDNr62AJ3M+doZaTfxj19E3TB7wXT7Rh5tFj3hjWS1vpjXFVslcPfYA4zWUXZpxQ5aGdaL2WcuG2GFpiLpUWXJr2mP4YuCycf6ajDGwRmgj0cznk+Ru7ZYuMV28VmZFGw3CWMmcG1n4y7zat4jA7/3TRqzEbhRgXALceGxbkGcf6JqpxMDPuQY/ROykvw2rSS6qSsC4kqXKz4mGj+N0RYKFj+wiYnLHoVWN71RxWx/Kzm7oQo5/lPaStjF+S75icom4JEhXrk0adJ8fr6D1JkWjyOM725HBP+WHhoRSJ8+0b0kXDEdHDUdS/xx8EzgmGCqaL0sffgFC/Gwl8bTBEu2OU5RZLszL4qqWNVNg7cl+sem1UCzs+X0j9ccXT08vnh77NoAndxK0ac6rsUR/GKwguSPJXFKJJWe/F6G8+e+914y4e9aERuwoq+hDzdqC+yYORxjgyJDn7VioZFY+O+GQ3AKClRR82xrRR7KyGma2jkbRhG9WO2P/QRaAG5gpE22ZOcfEoeFSUJud+CufoxIGeOY02arRXuRQM0XILntyAIq106i2IjDXX+YSRDcWKVsMi2bJlWWXzrWLsRPHgWta+pkAU39xllk/oqGqILLJlK5rG6wsQio7wHCXNhokKbWdNPQCBKbN7GGH/9KI+FpL0bawrXIGwToXRuGzCFLXP/F5doGTNKzx4hj+hdQKR4uczjY92H565XnbISQTLFFevxnDKJdC0ye3DV5lMLRjc1xJXotlSKXGOOiPFAIqjiGPHclVSPLLxI9EXdmD9bvFpRWehqY2MlPSkfUd+sBMXqoP4CNF2QwDtb/aw6GGMa31TbO7u176KVIqrrCXU5PUuXmvrvBmoH4ArS/i7DZBl/x9ve1lL7IzcPcFYTfp+v2+pLQO022yXpt1Z2BgTD4bkdbCoBUX8087sA7mXGFzIQHq0zYCrVTiwmPnI/TGwyEVMpouPxxufuyz3p7guYxPG0TKhowO8USem4HHq0dltafJyh5t0U7HWg/+y781XpsRjbjRJJHQNq4/meFeSHgHWXSH78BdQJCgJtGfH1vydy7WK5n67ZRGQgsCo4IvZXdP7enBANytUt+kyucfjZV+mheqXd8d1BOIR39IDJ2GaubPOiBP7AUgK2OekdUfLABF0BzMajZqpkZodLgBn58oEerLTcj8SOlWLFhx9SlYz5aAaucHfmL5MimZYE00ymPMcqRMoRyJB2nFmS7Y2gNVdWUoTgCcDJDVpUDvDezErwClqmvUNL5dlRZdBB6LDw8nMgUrQKd/B5hGjLxjYuhw/sgjpzKco5Q/26lb9TBgmhh6+juSlZWCR8G1DechPkwJvSgq3YS5cr6ZvuO4iJaf548FF7LBgvwieVYACgn9P4tiKkJMFKtXEv9cg9z4VEmJiSp928pPP86qk77XgK6wCuR8COnFmvGKIj8K6aP4crvkocxpwKAMyS1oBPqJOHzVUX8cMSnjH5TKVbU/vi6+yBI/F6U6GjbBlegR5UJi4EpsjSMI6HHS0MDaz2dv+GsUs2QL1BVBk5haPivNYKNX37+iU58ZFFzzpgG1katLhGrnuPp+j0y7zr4LAjFU3L5BM4yN3x0WSAnPovFU+/H8hB5bt2nF6aotEu7UZQNvGaAOtolCNrCEmT0Yv8LATRpsI5pZh98JFDcdt7o+HFXrPINKA1rPFe2J7mlo9WisnDACg70pYZXfAXlwHPysbbtqwYXxAO/QKNr4uGEvvUUIhLKibIxjOLZjXFnZfIZw5OyKodL+joIKJC8RMVWdjWiwlarsIj98KE4jTNyqp2LQp+tw0nkERE6dPwKvYJGj6lnBccFo6C9OeDyCdtsS07Y8fET2b8U8pO3Lc01EBlY+UyWYJmRAqtUahSTG2qa6MgV8YdubnkzVVT31oltiOhPohkBT1sPnJ2+NrTZkOGjpN0otEu96oH+Pmm5eL2j78a/5UE/w/EBXwupooqLA6WXkx8ML6DJtDA7J8QFP39Il1hYO37prtbI3w5h4RsoUiXkHQhCY4jrYpm0OKWNhsihNNfkI1u4mGvHe+sLJe/JUJq0JZL0TZUpMXk6l9PT2xDXnD1xOmjhcxKIHR4aY6kcwsKXWoi2dnq8EYFqcJ3mPDKRg93QClZxUJ4KWul4tSb/2nPyEJSnFbnoiFbMpzKqteNI/T1dYJT8JxXUnbN7gVMZ7zHveT01j5IwjXUNxVV8xLESoQtx+aFVEG+LTutp76pVX1n8V0LTjiZSDxtp5aZKoOY4rkfw6AutCGQ/O45lqYo3wdn6JBsZrdwL+oNVUG0jmI+2BLrn0zAWiGqiVHykaeLAO7U36mKtSe4mZuKu9Iq400RfzSOS2HX0niWaky44eoLNtgrrVXtE2IS7mXm6oiZPhHK1eaPXetZq7TtvTbHDu/S93rx4/tCh98cTrbhF+enz55kXvBerk4NWjma2Jp9KHTx8f6qDFx+teCyd0rlis/2q1uAMkGFI9t+fXGmC2nsK58uauGZYMa/859UocNxS9ImoCtJLSTBXP5+86E6GrAKiFq72Onbi4cLHQaYADyQNywTnhNGECHLrBSLr8fBk+EYSrkjXfsYEAIMIbkIFW239xIz9kmMT/YjYfiRA0lbtz0Dpot8qbE3OjBTgC+1YRHg/qZ5dxUFBNSfJ9faqjz5kuF7gW/go6zFZskSQTAJn+W7Gcl1+CpPQwLRVX9ZBWCGIbi8V5DhM5Udg6zgRjy7czpm52kRhzJjpi6qc6rj65K/kNlzrYKqcgvRARQHk157BjPtaYAyzQrjEkhWObplgHZfAjguCSb/ySOSadcuOPAfGYUpqwobdqG/XFvX5+RG1PkA3nMQxwuGM8FcE6ublPK9jCrwJbCY5d8bWDl9/ZiYaIU0XRUYe1f6yparRGoJmyw+KGnZxLVnVcrekwnwSpR2zSico1Xjo/OdGQZV9+4TYwmNepTgiUWUyxPqk7AT/um11TPiyTehBe+Rk3p581LwQHHaWauIJ9lp4p8tHxBv1Df0nmLkFBDEfQJXEOS11VFWdZ5bNlEo97rxbTv8XAs6C1BkHcYSa0pkwb+nQa4JTn48R22n4WBz25U6k1kc+gNV5GHGGflgfYdG9YngHzugF0DNK3gD06sRIXvq0vFpBe01/LvvKzm8JgftyF08Zxv+7td7z66yHgjZIiwwJmQEjkESCMEATMGku96lQZxcwAB2a2l1ZyPNgANUl6YhKGXHMdHC3u7l73THc/JC8GG8Yasljg60XnTQNWgdM0n1AoR3tHgopwX0IoO994Qtkgy4HTHGE2z4SozjZmSboCZmietCqirCViwGLf36lGPD32attz1yg5gDyZUeFZKCzbMEJBZWMcBYY5jtCSmobIUUwusv4HB3tViKJUNPpNrVVVfA1HF83AgFMTGX3JPoPpGfdFCekbjW4hDUGS/2P/pyT+DKLeZ9CSWn73mzXz6jT/isVAXwbta7kVqAt0v3hXcBWui/+PL3q34B/+9KfvXn1RfHj2q9h7ci8ozvs3L3/88PC6Q997a1obML8R3HeEvSs2qbmjTtWPzxUEUXFIBkEhgo95By2DSDhtVXJeng2zZMLjnnHbz9eAH1MR5D8cEmNXy7ckTE0ANJeefUJF/8Sx1ooI0ghaGVl6itPod2FzAwbstSTgpFDU/zWkVDI9M7DSsOSVSEv0rpWasY4yXNOdKyemonW9IRzKioNBg4X/HJ6/Wsl98lvLLbGddGuvj3vvYzyyNeugI+icWfuJKRo/Ps7O+PrBr91xrNfPxbX0zjJwvvzk9ZHo+6aTRw8fXzz1cyKdxRnuZnorFmPHjGY4T1Ge5sv25CRxo0tRzB8FvTEPOJHHLKiuxPrnjTt/Ry36dJqcwFGlp/sobZ/wjVOXyMbFfqynAeasLGg4akkx9oRv9z4Tu0FsIpXOX/BsHF+20vWTaDYz8GCEINQWMJ/sEqtYwXq3OoRtwb64djxlEzJ4a9sRoT08o7nxgsho0hZmO3SfrsKuIBe98QHcpf1W8xXWSo6ncbO8uaMfBnvTD4h98dOv39+/fvXhsa56b4brqg3Cl3dv3v7ym5///a/fvf3iB++//tnecE1htw3ypt976RZe16g+PhQiJcSKQbTWqsMUBGLCRCIINrrGnAOrICbCYl4GIQP0xK4reP3diYk82iWjflby5ac3M0ijE3KFbu+v7H32STMuJrn4IWP9b3TprZseP0VV0ti2n+YYoJIpBi/I5zQPsG26i/iqUy483a5QMdC8DkhMK2SVv3LR80O5ykzMfoOhs/fXpWO+71sX/UhwIwcB9/Wop6fHex25H0PhuQdz4eL1VVcYP7/r1nrnNV7v39kYobQ8BxSXUd4GLkhhkGDRsbmUVgi/4WvE6gfAjDAJFedViM/sQtwsJC4Kk/iWRgEZDhYiqFJ+f4Qev8Bj8RNcZdt2PF0WeS0AzmkD6m5lZg8MEbgyZMN1SM4QUWYmXljX7EnLhmgLm2oP7KQn7XxWZwAxuG0kNyY2Yk7DcVoiyAB8iWtXQaSKD619aX99ErOB7uZavqRMbTzbaBGkFZwStVL2Nf/aYdIr6XioIpBgrLDR+BOBp3KKiOiwddrErei4p7yiqrkXf2qYcY20p/7IJ/FIVzr+WDum+KCY6wuio3RAVB24VxZYhWXpaTt3ACIa0lN51Z8yRDXaGPXFOvkZSOKBnJhTS+pzbn7BWTWfXACk+FI7S4r3q9k6LoVzVatuxiocogK5rfhuOPGOXtHRjNO6vrt3df+4TXZ9u7GZet3mJrGpux62IYXsa3iC3aYPRMnGtCSi/Krq3jmzW4L9OmrjqdfpN/j2elBXW+96vL6615/efvlTI2vLfKJrui7N6NAG8FfvX774ky61NvA3QlAYzOEILfpjFhQ23t2AyD8gbVmmQdVEzMaK2+WpdLRKkGes2BsPNQHiX13888dffPr01dPT14+dizw+fOxHB+/7KZmHzQ9fv/z6D5uF3jYhawl9TbOcSFvKOUmCkt78u9Aq1Uw2vFRQiqWjpqR4wVQ6CzVvuOZOkPrLzaFigKpEeOxkSpmHJBdES/CO9iUVxMJ7F8c0rGeqi9f/wTDqhGM7WokYjAldk9/QV5J/sVyqSgKIPHlXW0x6zujY59RMZYRG320zv8yIOwrz/sqLsv5qKisk7N08Khw07cgpn59v/RwYEPfHXXN3zL083A/EFI8pvvv41VcJeHp66AGBlphdvuoWddHRK/o/vf/0p37l1X/+n/unvv55P/l831nxusjHLi/uJLQb359+57d/9emrx8enDy8+feDep8dX/crv+5amn1+96ZeJuutlxN7jx+Hc9FogsJdhB3qBcdyfAWBvp4q/Zv6FP7JSEeThsaomxqaw/mGbEPwa9BRUdHlgiYpXovpUEZMwGTByYwVhr+cZvvapPgQNYFHZcOs9GVCb6NrYRw8KabtCtpYZ/eHVbNCcWN6aAgxR06EKeobn/u71r/0qBLX3S79C6FK+vtt13093b+5evvnR588fUqthnRnH+bz4T9ZdPwj75k2jzcca7eHxqUHl455SEEaf7t794O3rd6/6ldm+ElpX6jKy8we3AHqm63MryKD4ZbdnP55zorVCRjMwZ2xb04XLjU3G8cQJzhx5Rd+M5LQZmIludK7TH4/mndyXdRhGsyGPV/hGv+LoyFxJ3Dzy8uP79/3M3KnxNMWZx3hzbddyWatVSuxa7HL+QVnZKeV4aWo1t8ytcr2MiosC1aksFdaLck22Ejvb1Yz8gX4GKL1Yli8NmVr0EvnNSm0WryK3lqfzMm9h17r8/vPP/qhDFXffe9frd/fV3ldu27152zWld58f/pl/5i9++fYdjZ0ePNV5+z3vWqddL49/8Xce3/7+X///fXp63w0CzhMnhplmrB4tyseffvfPv3z3PWOqR1xaqW54DemzOcevmxVrm28tYTSXLSalXLfJBLNf18uVPH34+P5HP29g6SmZ7mbQ8fLuaT9Cx9Bi6dffvv2V7+l8R27jSGez8kZN/XWtq8kuf41w4Rra1GXK4R3Bzdd8aRAjl+RcbxA+ULVDOLWRLQ3tU0TJ2sp6oLBvOq/q649Pv3j68M1D9Y8fHt98cf/02PsQcH345Tf/0N/z9Bd+7+HhYT3g1Yu3HrpjZCdieeH1y48/+dn9X/6jH37+/EU/l9J0PTT0J5mRlNIvH0jMoWBScEeHpn/4Lm75eYiYYxH7zhLy8IySQOJjVYq9bavQmz5Hg1tbqekh6hLiONUEoLRpxFiyb367GqvCUkPOBAqpm8TpnW3JWE0VQ8jx/hGaNEZO0SnEDv8wyCC50Se/EntjT2NjKfTOQ6MZNS9RwV2n8aMhb6znSIh2yfckIqRU45A2SVLnPzMi3jneMQbL4WDhqKcuecVvEc5g3Ok9dAXi5Coe0KN8NO3gu+CXGe/xQcnygZwlXYPL42S3CzQ/4Jb97jaBE6muE+16MxPSTWw8sMV14y3dpiSuZLrN+63MIQP4Wc/I0KzkSIOHyGfG00ZX1KKxjaXdNAvvknP45Sk0kpVHQyCCAkVWg7PapKjlKVxoOgVQENFub3c9RayaUQxNrxua6tp1xZbvhsHK1hyTcdlMc1T2R/0weoPespHCkPv58sd/8vGXJug7AvsRln6tzyjeyYAh8IufPzw+/GFX2Q/Yhr9u0fbgZsNxQltL/fynd29e/A67Iql5aE1N+OFSvO7UioLO9uisPUZ4OYVzuLMqrsF5CEKAniEdq80Lc5OBoLLXb17/7D/4+Ycfea9w1wItOlsExtClpy563P38Zz97+/rzlx57rHAWq57Awn3RyBkxRWBEpgaQtm9BatuMy9duhkVEwojg0oQsJoPrOhQq8sxHOH3HRKgrv1RImRyvLeqUopiQUz6XqiFr8ijow1E2OAUSiAVKpRhRIhrJCpYaPtm8kPlIRR9JF/ZjBBMnfrarJJGGmYyhT6W67pRr+0gMJ6C6FtthZ64HKHGVLNgxQrCSg7EZo/hpddY9/xbmOebuvsXdT/8//+/Pv3z/2bd4X35+fHrTqr3TyN3F/ulPvvqH/9I/+j/75/8Hjz/+cb8o3yTd0ODR4QKs4Ssh737lj/6Nv/zH/+a/2y/P9M0BNnShywJCRPT0awa88QjXMSb7duKQB4Ie6MsF+Yyr2GWamLPwSI0E42xP3vrvmhwBSWuRnQlFd1wWkDEceqyE0ckjO20q0aeczzosogybUkNABAQaPk96HFHVvTCuXRK9XLjr2URVsxJYWJXA4R/PDFI6rXBpxApudiS15i5mRcvnOuDLH/6nf9fl2IaOywts6Bpu+joVf/n23y9fs1boFKCHMt2Zc1XV+dqLF9/74Re/+ttfPvXTsD3Q2PvXa4Hko078x+//xvfffPkmlyRRaDdYJqQ7QXf3jVO+qchtM9GyMMuNLTsZYYIW7mXzXVoe7OXZkhLRBmfOKyu1FikfafnVYqs4lZXE2DB8umvuMAJ/fm0lqj66aNHv8nV4aXj18eHh8Ud/1PkrfuMHaRweHZ1829kM5VpmxZH4gweNHhvlwTNLq4NJW60h2oG9faGKOkErKn2EkLFNFZqK0xBX29GOcZva2JN3KG8SAEllinKrJEbBNvzZT9px5kS+vnfS9gd/YwT3L9689uP0uaDfaXnq61v3j++/+dO//mv/83/hn3vx4cHzqS4z3xB0CeCxc4Zf/R//D/+X//L//l/8jd/41a5WGRw6KbS6tSQvUMJ/9xu/+/KLH1Qejr5DAPEMnKQ1shQLHeZZbXsp0h5rM+4+VmnhJPTpitIvn/72v/3Xg9zppsdkan8/It5001nKi7uHj9//z/zWF7/xqw1ZfELAzjZiXm8+DZOKiA+ASZaXaFsrljKuhGrBPHCHHFvAkK4pcl8m3AYBxbXHSCftIrrwI/708m/+a/+exyY7b7GSSFrimtwf7p+efvaTn/6zf+nNf/cvfv+rD8HxLH5KRK0T7DB2uv3pX/urH/7yH/zAqqD+Ns9Aa3gdrHRvpnOvxBhw8A6X3bBjOAYco9L0DFlnhqr6tuvAWE2kCZRptFN1WNtXUvkKR3CxV1qhrnLoFUvliI6Xz8sfurO/kUbnkbKuPji3rT3GeKmeuBPqoTHPDhIEpBoOoFwUGJljj8A1MKWyBkAjABzbkT9EBrL+aOSYBNnHtX6GnZDzF8nJR1TN8QMVfQgQVRRH1D/Apwxxm1jR0u1k7Sdmw2rM4oPQNvvJQan0XM6IHL44r1YsHfqUl2CZ/Tx0NKo7BjvgbpIH6xlfdGBUkt9c8j3wUT8zwhIZ/w0T/iF3mPwOg7YKu1PataFDIb8Ue22zPa5L91VEOuvLcsThGLKLLgNU8sFBIoeyCq14yEKbnjOebN6KtohB2bxhLZAr4M3IC/YER0YEVKYKUvdfQ1qcL6O4TQwaTOu1B2cjUid2K74hT8hsMW0Jygt6wndpIClBdAXqqW9iJZ8Cg1yTDTdNbrdqO7q1bkuDyB8N8tZRvZulu/+cYezLakZVFeDgrQszcdQRTS7nSQSqVV1dQ+xOgVK0x4OKKlnXmOLZwEGxQ9TVxK7eejKke61UnOaxz7OtIJ2SJHlI4ioRpvp48MIJ6pIxqu0DQDmik2DYizBxTg4a6oBB5xnjGUWp0UAmY8kD3tY+56Vjsq7CHRi/wnQgjIIcQmSlLiEV9FkJ5y5yuLO/8SFsE05GUvyzYfJmAkI5MvI35nI1ar2dmBJzQlQRLB5VNCBlqWN8qiJMhKZQ2P9AzafnzLLy/NBMQUYigiQ+83/5GPpbxBKl5YFdMcnhgZu7EW8Qb0H/Kke/6A6YZVxMvbD/wSPCnz884r6v5MPT0x/9weM3H5LZgt5M3bJS3Nk+ffOTnjL48ssvo27NYH3hv6UElwOyEeVYV5YjQ9Y++9bUaTmUiH3OdFdOQaIuLyTipNh+E46EupEuDhPXpocNIRdRqrCtbp65s/14AJ4K0I7xcNEKYIoSpN50TH5/VhTrGjKRnBXGTcMNctLQ6rPRdK1BKym7NCYk5rtWuILGrlapQ6suV2hsFFNRYn1PK1NNRuV9MaNh4dGCKG+Xdsr1uffzGkng/diiJMmu5rvkHxdVZ/W/vXhunCIrixeODRSbhsp1g7JHEx8buETd7b5mIMLgzAJL1nJuwNoivGzmaopVRI4AG/qMq3HIoNE13DbNNWdVMSiubvbPkBgiOnT8hMSIX8BNtIBraavhGgtU3FQNA3HcIeimcw1UihURJ0+jtJtTQT41NC34+LwMKRIneytaySSrHIEjv8dyvLNyylcoB+uRxCNHi/oJGOXUoeLUUas98u01AKT9Gxv7qq8o6ebbXdfjkt+jYl2peXzrG8B33/z0my6rWB9hTWKeL9XPB79+/eLnj59f3n/55Yc5NDID/maqh04AXt69vX/bMjVLzCFNXZSuAx8zhu5CxqQ90xG0VMwwTR5NFFWJ89lQK1XSF4O6tVToFqcY6mF9tSSvdV08cyp58fLNfWSaNUxiKRHJ01ya+sRMkKcjw7pdtcq5TTLB6sZDdVKXU3HbKhvVBh42pAjRyqu7QqgggnHS8nUTBSJjeI/wnLVEd1TedpmsOCx+WwN8fvP2+5/vP//i09tHDnBjNfrOql91Ll+rzojHrrJpZ3dECnpap9vwXXCfHpEm/qCUW65c08JWX+Amm1bmiReOGMDBRBDf2W7HmXjkHWLVJE86EBOziIn7gNLbKjmPZKHkyXWdIyOWCoHEPgwl1g4DkLvwoDiIiigrNpPaNQro9cNIxoVJybiYVqFuUWUyRvFdQnSQrwbbETfp3JwqW/nJ7IibETHOYorGBDEBEVfJihUMOdqbdultTIr5Yhuqg6Yyao4ABkYeqTBp25RSdtUrmZgx0T3pOb5v15Fy5Nvri0f12VcVQellqz0+PmXt01xA0V9mXhb0EyhOkncqSg4BxkQNAo6Vl/12i32cqzrRqR5JogZj8G9l6LjE8ei4iMiBNhnqD0F14ajnz6Iyp+WeeUclpKbZEocyH//VmrX10Js8So+9w7A4iD02DJ6hXBvE4vrHkAxCTdSI1Fg1D0ebD4+qGGZNo1BDFN3fznuGZusDqCTNkaWpoHD4NidvcXaZnADfxCIdhZGlU4RNTFRlEYXFIBoJfQfum3I9dMwzdBgmKhaOQ7dhFNT5ii3wyZTWR5BqCSWzUKgGng8sOV1fNGP4oiiEO8Gw1inla8ob587KPnGdg5AYlM4WgOaoeWG9v6dQymCNWXMdgElPvdLULik9nMnnCT4aSbIR59QNmluKjLVyBCqqzwJXwE8LJXYaks3SIOBozyl7FL9l1dQLoinatIlsSjdYX1GAlWGOazP98mqepM16JjN/M61mK8kO03MAACAASURBVMvq/sV+nGsIkUEMIJN+mmbCK1Nep21VN7EJI2Cb2iOo7IG4BuTTzq4STDfXub6bJGv/nt961TOsLz+3jm9GrqVinpcy2tsrAuVRtPj6SuCjt4l0HZnv6iBBdc4Qno/F7FmJJiVJ852zYkb3BYE9X6yf8m67NWM1s3UlUFVxGmXwWbFCRh/G9uHnMSlUE1CyhHiTasv9KPpHRk2JWkR5BuFaxGiD0zhclO7aTMNFIMzPlysRcckhnciaAFH/Bxh5p0Js27ZfE5eu7hBG54N8pm8GkN0UYLh28zjJ2dJRJ7P01mpdISjRVXzdbv1LcYbVtLY4P/XmpST3xL9L5jqVLUBOyhNX4/aojzjMtPmKX3LMUbfg2Y9Ae/oHmV6W2AFqvxEk5wM71ZUEM+Xyo+rgOMcoI8CINefx4nwRReVa/MTuQETcSm+SSiaGyM5KbPwwh1Uk4klOGPTZ5pGjgV8MVcffkfPxrbsHg8yJjd2fTxTzYkkbpmPmyQDAcymrpjK+sElfm+g4BcfsbwlOs1dZ0cXQoQ8sq7xKT/2pu8aakCDJBDFCO7ntNoBmcYYfX/WlrPrzMLRyduMuffzmMRNDch3Tjf2PHx+fHvoNl84LipSn2vV15wlJrBHdF+oc1bf5nSCHwfhQlVdglPDyIJ8B317M8A7j/O2j2j8/5cc1kGZgs6qcXR1iBcHnuxnC0qzocoS5wssC2sIdhkNDQCJpLRm/o5SusOMKkkePlth/ZKfhEiNq/I8GjBsuUhJIgCL+nsTUbFN85HXAJ6ZNfAuViHi5Tw9G5qUul718fd8IO+7MeXVfs2DL677/dk6lnG8fjSxMuVtzQUvEcBzfcNixmWG8VI8zVlUc6mPFsU3gHKTkTrjj1TfXRmRVozsGPm361TE1SuJsFRMd0v0XOmqei0oXUTRv42b+MT5wHUUFEip7VLzjWP4UndyczvYKT58+ILUBmFEv6iYfY7JDbU5JQKXEQH1EQH3E01LxlCkZxe3IOjUDmoSYERgule6vkomiDrQ00WjkzWvPtWsilEfgaYBqCTrbUnTYRP9hOfCSTvXhfj4o2aYb2+zBSPc0QDaVoJBAev/V5w60ENK82lN5LCittFrSRK/2n7xTLq1fj5DWCiaugnn3ykaQBHqq7hz0QElnTryYJ2KAkzKpqtGLlSWPEIWEbV7Rp5BTkFR9LBYzc4JF/6bweRQdYd+6MehkEYjX3DSFyVgsToceWnHWU1qryyanmWI34WZ1kupiPX6j+2w0uOkCIQ+daJkTQ5QCEqf8qI2rGXbl9ViqXLHpjucQBS9jqNxonky9fv1cmtG1fmNxb1ePI6r1WN+D4hWsdbWwSVSEeQC80oHvaDFAJSVfc92xFkT1x0dQNEqXYaXoVhGJ84+Kq+u25rpYVmn/TTRNFGzzkgmXNUlMaVcZO0Qxa4+swa12t/Kbkbx8Ivfps430joT2p7WSw77AlprT+W9jiWlgdlQ+mx2LLS7fSuwYnBOuPhh9so1xBx9yCiZb3Ryc/04pb0M86dcRzcQCyek1eanI+NM2aASsVPlN3UBWEEJjLc2XsOlQuv/T2Yim4dLuQh0wuCrCOe8QOu01Sj6Oq0GyQibLrZsQo4Chs31L+QINiAosAWHfw/wKWh+5LtXcX1vWohqaN7pVW0ulmIroe5xHIzcxdzWQ07s6GLREPRUJvosICtbBTkD1OYcXthK4InG+mmFr6LIzG945idWzNGzihI7xzB2VoTtCbg5WcJwgSmb9ETUCzsFTXJ6W4NNrS0cstNCvm51GDTjT4CiR8BPm8YELH1txjo6pbWu0S6eMoN5gwQNa7DCjTOH00oKoY70hCuZl49Ztq8vVnRHooO3TExGPLvaOB2sVq4u61wam7tRdIYdDj/JKHwjTUkPV0BZ9ndroOWeLaCawqps4hRWfUbUJBSe7wge12mr6FIE9eJNbI5hVJU8lKhTIlIAMP7oohV32qg3BEb4qO34wFqS+QZNtHbMKgypnrZeY8YJnKF3DBj9lGwSBOfitn8GI7/wNmqQIXZRWOcceyQdoQFi3hqEyDBWcbXTwXNlwKVo2k0Z3wvSZYpRh/btlVI2aoKP7tg/vTeKCXktWtNvRl7aavG5bx+UCPi11eVufqzW1TK+R6Gt6Ht7T/00bjQLR9TX9knXkRhwTU34o2B46iQjizh8Oot0jEp509AmNVqYqBazK3UHlbsacZUoQZfvXGKOXzQaxHPlCr4YrZ6UvtQbCV51vyvWFl50OZ1okYkAIhXzjNfF8N+ZFZrESkKNCk5sOn1eLQgGfZobDkR9KDubKsdMw0Ste5VVyCmRGR9vOBKIJWn8ZM+P6lrPfQ3n35sXX3soU9TqNi5G5Pw+jqvH060xzqlDBGd1mwPFvhYq5XXc6MbJ9JUzhsMkXxIwa+UqUE3pIJunIYjHr+YlshHoyNKwoYUg8suc9ZAjZfRj4keiE26HPKwXHwA9hpGewntYjF8qNFdOOd9s5aHVZskhFqs06nm+ZLnJE71QfsUZm4x7T+x/oxHEtqQM8qVMUAenSl2rgdx2MUuwXiKseFRvBMThq71G1F02zPB6TZJxJuIIY8KNliqpRgFnMyNTpTlXFw0611CUz2QmdvsSSlQYybzZomkGr6LiJ/hAU+Ui3x4ir4+GXqBWOpCo40AG0ieZFBTJdQGDkusgReSpQxIBEn4xkoC66sV8yRn+YJje9IvkmrMSlzdR3gUoMd1ZhQr55rkryVaS63K1tb+QzYag22pd9DgL4MFyHZPKr/8obYUxqeubaSANRll3GV61yqa0wjlVFPCoZWA5NPWBmXEzFwlb4saSrHFoE+UxMKQ+mbhKChjzXDnQtF+GMDD2Y4SsJjfCI4bdbFFYRZ8DOuAwBJbN/oEgVQDXgCue4SFQe1SD4rDBU7Fg72gFWcCTBtVzHDq3ZG2xVqk+zNnNto+ljoird8H40gEuqt4l4GDyx7iETNr+OR33mAxKtllhJhY4mcK2QmskCKjKmixjGVMS2ylk7NXGu5iYQBSG82j/0E5OPyhM8S3BVixoVPUinon1geNMDFmk32Wq4I6EMEG5A8/thIwkZKRvqE39VkXnw6zzq+5+zyhy7ynPFRAW72BJz1XZi2HK86u5QrQCEAQaWlQk7LimBYWFxSsjoibTqNWf1nrIuvyWil8DU3L08PDKgpgYCJ3fzUtb0osG5qxKKYq/juEpseHfHYG+QmWpVmjsREQsiCNsGsZL4F9t8xPPX402sTum8xAJmnCkO4flEnd1INBeMVAanD+a6RpW690VP3Gq4SCG5Urx7owrSAgVOWiPA06YxZ8Otv4IrUKx30KLimLOVrXCcyCatIpX5ljuqK8sZR8EqkV5sxBoBueiA2QCltvxGXTpKFEqT1K0XNvftXRdQKddpW8HmhPxX23VusKKnnhZqgRVnXmDiTGBZG1mddVSozamujaKsQM1arLApRqo3/Wpz2ObPWUfM6g/HMSlJPhNHTV1DjsXjPA4ZlIo17OIskya84MqmDJouHeLWRrzAhJzfcLE0z/jQE+Gt7eVXNdNZX5fOrEPJY3PbTK1uFld4bZe8K1clAVvm4Fq44aSZoxh1CVY22puC+J7l3uKPCZSSSQShJ4jnCy0qIArptbbBqFf+x9BXyYzBtXktUk/0Ta1Ok7qJXdusx3fd2UjeIL4xPemA2dWQHbybAqDkeLFUWlpv7zEjF28W1hsp3H2CD7BRyzFSu8ZQsgwXHGE7Kqqw6lmaBASBNcVp+iNi3KkVFwUpKcaqPaRGpk+6Mii0uJwSXHGq6bmscEwMi0QPWP4xXjoWDdUMkkIfftgEUepWgSJ56glVbAoI9Pov1eRbExIR5BIKjZxVZIUHJisUCMctNc7Hzx++7k5M9Vlo0ugZyybPptVeuJAw8wTfDFm7gR/3kRqGgzedFLFkxOBow+Kw3jIMt/oQ3IKUXwQqAsiOudUfWl5HDMEpsaeAFvaNc8dKoDs+QoKQuZUdsbNPgWw+YPA2QdwWNcl2V82RMm2bUAew/nvRp5zbYju9f8oImuJqOUGUVTakB025sixgQ5+kDJP8RM+QS8iwJ2GDU2za9gadv5i40XucREdM8LG9fAX9RariKLgBAoUrEnmAzFWlTx6fBujENTNmDjjqkW9b/pSkNfncceGitnEZHYq14SwdimMqgKoNV0q446KveKBHQnQJBTfGK3UEXxCMrhw0VxOcvMRtm7Ab1COUhvrI1J7dtESO+AQO2EjUX4gmmGTcXFJim4NWv0yZlHgHYnWScs+g9OYNF8Osg2ZkpAXWlG3wMeOyTEPt04WEgUPeme4pq6Giwmir59lVlMZKPbeocTwQMXmVENbQfK4v6skM6XZna65A2M4t0Li7mQgYn7ebDqM/UHTuRm/FTYMHeURt6JEwd6NWpM/hrvaMMZe8FGQQxgt8iSvuQE/IJvFAdQ7S/BKsLhW1uNgVixmzaSe6gW+3C3GQcFSH/nNGJzEmHw94Woqf5094ioG4+j+bGWqfmoc2e5+MjCi8ydNyZ9my8Je+Qqry1WD04T0c+lIWnY43RyEssTQXQDA0ZiSz7qpSdGEsQErPX/UJEK4Gk4mRcOhYEU+V1xAikCGZ8+p28A9NBKUOCzQXmCs1tfFRpiHGNdGJ0r4H4YlRWv3nJaF5arnXdgGaJuIq55wq8kpstaAb15h7/V88ZrnzTGvebyMvD/ZFz66+NB07f4DJy62r1VpRFOw+dK6DtU6Z2TNLf+Fh8Zvmgad8hgEJ5bFONZ9d4EXzWDqsdZWHuh1XKtLdAUGg3D5Zq0MthW7pMIwAGZa1xyReaJ4pJ0vbcRfeSSkRYSd6JfLYjk0HfegxbleUDPsOdmr6h+HoKJPXuGqVo0fZyG08wsqehKFI+xVNldYMuVqr9MCwtwpylQXRvj1pXtoKqcLrujBACRxQl/xpnneSqzvTwcQ0cQzlpmrtmeLazRCwZ5AgGyTLL2qZY4jjbUGyM4KwaY9Ajd43HMjaxgn9p0ujVh6r+rkXyMqoVrNdkWhNk6c0U4LnstLiCSuDybBFgXndVIsZMzZSE2bj/FCS1MeybJmELIYSK7yrlt3h4Bw/7LYdj8DJE2gV9w/+ITjVy10Mh+2QXeWrOayhPhF27DwEVQ0FfwgI8FspyqQo67LAtT4FPaBXWf43Sq89548z5DQiKEycEzbkzK4Rc9/A80oUpfsCyW7p5pmPr1Lv7J1/+yO2LhwpUfZJmcmlV42EnnnwSg/qiqep2mDPViylJq1iASGICjnv5fA0kstemzVoC3gBiVfbHyx4z7AByYmDDjU7eIM6U6nR5B0GK4Kpi4KsZSYIILwTLKNnXExyk7kg21gVMdCsj4NBe1BK4Pcok8tEXrXWG5LdwwoBMLpahtUmxxW7z+6poJFEMUMITnTNwz7p9Uq4hm2OOsCu2hmamOMPjxnAE8nqh7H8ELfX7gRtuySUnmwKVe6fjOfkONhL3MrPjv303YoxZUj/c/uIjkR+qpYrSDHC4BUxN2Y2DHplaEfJLcRDM9VS1c2Lo6HTtkMl5Pogx7Fp5KTK4dsodWkqOzKMsf5dnBWwYyCPLPgxbLcjnxVKMM4uGm2VfLtNtMKpoGOqLlpYUSs3bsW66FxhafkjDQMZGbES6eVXzVM+4zjNf3w7cEfHMehImRBtMeekXDpkk3IwVndln911EgdPtT0CNBKNSNRtW+6GuqO6hmxLgZIKyt13oWIMwZ52q1xJ5BnJzu98Ul28zB8TCC9yokdWAvz2Ndo1YlUbnenaeiXmM/bPEcdmFFUZFZeUjWEzZt2lQjrIGLz8tDVA41KVRkm/T6JJxVaFLDs6x2eKPpDWtAmHEOV2Dd2u6hSm8eWeDQslGvGOdNRp6O4XFndADf1sN+yzlO7ErmT15QqhgBg7VY5T3EuDfdrakTvax7xpVQWA8lqrK0quE8HHoYzr1UDeSR5dTymdu8eJTEL2k9VOGG45cJqlb6R5aKSry0+fe0Xa2iwFa834zPLZYCDbYFbNBkC4STu7tXstWEn4XO1j+sDOqJmm7KxEVeQDhmwjhs6hrJLKqI+p9Nii5zq1o155lFUhGAeu4+zDTuZ3SE6EHpTWWCT3n8DNOORUuAoibyubg57oyqz/FrE8kbUKMdoNcS1TcuF8aphVWzeBtuwSzCNO6cE2b+0N39aIH3sqtRt8NVBvb5nMTfbDl/hO1Pao+RSLD4bzSNGW4h4U6ekBwSBy83YLiPXqIi2W5xYieP6NR5gxlTbijrUDpyQyscAr87V6FsxtlUld1VGnWfPQL2gvIwfSUuGwJWFUjpNAimXEsWoBxCpIACPn2pQlXXeYOfhZm0oxp1eV6VmadZAidm12VB8LMmS3RDYgQEAYJzrBJeQ7qrbwQwJaFdM5ilmnKZ2V7VN9raYrcX81yY0UUlg1RI8yMshCp72GibRY6nXqsdVambqmDEcFJenOiJQPdt8ofXrsy8TxpXTfC0kI5yBqJdYCUUtHXCQZ3Brd+uSeyOKpT7prWX3lVAx8oHij8YTC2V9FLUj0yd9GEJRp8TTaao6Ru7ZpXXjCiC5SEuKb7PQZZWeTc9rV8TUYBqcIa0MePvmxDosK9hDSIXddDTWDSDpMGFn4zIS40I46Y/kySsZiuPaCDwPhV2Kpkz88q2AOSXinJuQndzRauB0ScPsTippXNEZouJhSdWlUWJEu+uQdqVq976t2fbFevKjIrYlGINGn1v786r6fFPBEX48Lma27glWgh8m9AjOiy+7IxVFtnZ45u9Ya/iQPPjPiSEiuHyIuqc5/VSBCOlFVaCcBpIqH1xVOwyNVpwr5iRrRqbwojF5NECrKugDEL4DGiY1o2oYEHxiDnMSu1l3OJj8mekUMoeUSkI3aZmPAEb72MMFAxvqkrk1gAK0YZlfzZE4ipe9S6a04lDgnS3f9kvK2yjxdX06Phbp/peGJA+LtEkXZFM7q4ZwL45pxOONv7MC3Bor3cCdlgqdwGc5i7GGih5RE06/THvy8NlLYh+YwAUgCn2qII6fSebBsdad5DxzOLAi5JOpxDhy8PZw4fjwkrKXITHbkrJkG6NhTLmkDEwcxGziSvWz5joJL1dRJnswlaJhVyvc/xltd2fGliMePKhQjfCY9LXzhmPPmrKkfEfqzJakRy7o3A+pBVQPJJ6SWjVRgUE2pVog007lKpr0gGVQuV3wMpQKBqSqKxPBxIk5C9bioRrkWOCqXHWWV/Frx+QyPNJKxzMIjmP/LDlU7asfX7og5jEpXtyYtkwH1nUEgecQ30kN44zhQxkJ81JTBh/EoPOUztLKrKUM10GhBGydWfjcqDbpdlULE3Iwq6mSvjGELJp1oIVdxvT3qXKqDo5er/kolSGnCDCvHNI2V6JjdPGeSz8jMqB7vj0Kv6KZrX9B68pUgjvVUhOV+LVrd8e/GuKoRNKCbLAeGtjY9wHImZnsr9P5ydiAbwUFmPDgarv2GtWbz3bTMM4WzK0RN3wI7Ic26bmQkpjErZFUaAZwGdcc4yfCFEH6TQqJLUVLOMOc2QlyRZDXSsBGHtf0S+SiCiIINqxTQmkTeR0F5DOw4f8ffiM42Y1mH2Z65ODicsEU/IxBcn1wzAJPJ8eMgYnERJ+1Royt3ehfJyoEpMSfTASPN2J83RAcOYhLxHaPOvrL+xhsp3jJpImeyd8S1YIgComuwcIC7NVISAlOrjQ1kLZ1Iwy4OVdTvy6ATvx322ojH5rjdjUy5kGomW5t6pQw7+o+q1QOJyW6ZyqN0H+siEDPwJXdeKs0B1NiqaG9pckqO7ZVFNJmh1BTKIaMm71dApTBL3NSTtkZDQiryKxbXDuXHjQN4G0ymcYE6TKL1qF6kzGNTc9DnrqvrMbKu5CHjbolo9rLk8rdzqTVnyAaz/YnDsIUqBBt9IKj+wls6uiS0BpBQkdySiE/VOTZctMSoc+pwvb8/whEFrxbKFD9Euv6lFasjlLxO3XTG3hPaLce9szg8g7zoYH3UBoP8btV3bUNt4TKnqXWO4cGfS75niNdAVwwoTmVF4UR1mm+lF4/QZKc4pB3uKx5CFPpjtacmuLgwU5rI1K/pOc+UaYwliARR3Str7l5/7DUydRvzrDEqq43tXHEIJVg1A6f8BD13pMffhsBnnhGqxOOw4Fsy+af2yJGe3IRUcZEfpkN301vuEHxbzKbkxUn+lgQ76r/aGcv20QXhdO/CwJ3YGdiBDAv3VLP2VSv6/JLYgvVxz2s9lOjU7ePjQwO+rwI4jRvQzhVqKtffXaf23S2dQ58QJmYascZ105d8CjdixNeUMJwcMeOj6wjSjV7kM21CMkUrJk672lFT56kvTcZxRqe1LPDdjzN15oVL7PEFOejnGuDIma/sOCH9/tVNxcmvgLI4iUi1z0BZ4WI8LPClwT9VkRjZYuJ0vUsUl/S1Pa/w1jJ7F56axuP60uu+J/Xx4WPfr/v4wRl9ZLk5BzsfTou9hT7OfF7+pnCLf7Uj6TFLj0at8y0M8yhETRIhAALC9dXGPxjL4+zPRwMgYEt1pzC6sUMd9QCsbiNHNASfA0I+GkTmGxguxXI2lFEYpSafdysdzzX45aHhVv4sfRPNylk7fbGe4wSt9IihYlVxz7ZbdmJn50Cm9jJtHPFEwMiZPKlHw3EV1BHSce0Bkd0IsuIDGV1yqupjKh2j3JFwRBwrsC3VkS80FjrLoSPyOujVaKszrmmPtdKERVNhHEcnASu3G//JneZBY72o4uYfojVDf4sLgraJ37ZDu+T6pDZqu6goPqaNQnGCi2ymoZnkkTcomx8P3Q68uM5CsbWjTNa4vIVFy0bYmjI5R2tCm1fq9Hxwk62qTCRBwaAAsESJtuhkUXQ49fVqvlhpuitePVbRpaJkg6CxykkTCigUVx2EybJMgbxIcJErbpJ2gL5iB0hB1lSGS43cZMlgPCFrp2fImZ9MT2tYQfS6ewG9xbmRoJeCNZk99koPVjWwvOgyjlHeyJxzidEeddbjnBqxsiSFUpeclgD0HUAGbVDYYDMcFpXr53dNrV3PzUYjeeMRN+wisictBWQDGAi5JukTYxzenBxdFU0QBhwqj0Mr5dfwVVja++P5Lthuy1TJwy1TIulXhjs9yKUZbto6E2/UiRMkRtpm8kRFTWqp1FsImieEVY3rIrQqeELtMDwwVZz0jhi0v8yKTmk0bSvkwAPOXullUbyHCysqtRPChmMSBDAza2FQblu0IABfpfUuLdBWfYovdZRndG0I39qDohk/BtjbYjz96RKsE/FTuyXJCZcFX/n97N2+Ocej1q1Fuzm/Vwa6eDpFJtcQeR+IZa7LqRe0RSuFEPmCSquK1/3WVycC/YBeakXgNV5VF2uvj1xHKyoOfbxRkC8VCKK5rcQpjbGcClpOOx4/ojqs62Bo+qwfp0ZZNh/JE3DxHkfF6GmGtgWxZPJTUAJrFcX/woXmNoNmkATVPkmIKgg1W6l6wZHRa1XybS/V6cmJlpyfX7emyhn1Ts7LyXXau5ahOwsR95ZPW7WnR2Yb93FC/jrmD18CeAGs5K+flnBmkNkwU8Cq3N+rXOod+m4jWCr0y14dUAOv19RcSe/FTV0nhW7rxElYRDO51k7LenFO4ae0aEYRYVBJZ++QcZUidFH7mmhZ0O69C8o1jRkKG6+h69VlGOe7+Tmm/rKzHcP4RGole09AJp1FZw56/eJ9PxH11HqpV9gXaruGnciredKokSY+UcyXSbRLIv3S2ad+iykNu3p9BooQVoBHJxJ2c6VjuSCrz0PtINUyQau5NXzpxqj5PDnlLua0MraCUmcvsOaIVSFEUqaAWizJ2RSnEuht4mryEqfxoVCRx8qKwnUqvYPQGkxXjamXyasd5GFPLpSFhft8NRXBydpJXc5dV+SKWrOOvvP5Ze88DbTzgcLYJX9XhQxZCRn2xPaSm8ZbUoy8G/s5OJ3h5qH2s0RCajcMGDaFWRH+EM9I/XKsrhUMWSKGVbboDvjiKV2udrHsALDurC7P6EyFRdMcTm1FMTuIDlC624bsAEO2J29giLX/kSV+pJtU4qWN64jrhArR+kb4N/zySjdKkjJTie3+6uPjRjhL/Ga7x17OajS8f+kXFgVYGIxKM+/p09f4e9+Ik+o1crqiSXvFfe2uSJ9nk2lsoTfLeanWrGf3oqZ1o3pQ44+2YhSbE2B5tXBhgXFk7lHDLv4DvSwOhvqPMmb/XLBmVxgRqe2WdEB1TD81pIBO5FUXxSTiTXmt6u5SZNgDdxQRS5lsMqrQuCQBQafKq2NJjVarVoXHQHWEjWli5VEWq6PHx9m13UoymClkoOo4ekWXBkhn4SBP7woAUY4uDDJ2qCernfz0JPWCv0in7jCMctFOubZJ0iGNtSBgvY528IxJ45ed3jimhlZdRDlT2HRguIN6cvO1Oii3P8mxVWYYubZJKB2Lq8C3xaNanFX/XVsq9wjQsMOtyYyY35E4LXPl0ScIV7+5Yr7EGSvpa/SJu1w7u6Y7LhQa7tBSMofMUfGm24Wr7+CcA+ilp+hkhSGmzQhfA5i8mifMrrvuLpZc12wS6h0JTZz9ys2ru777qOCcoefX/mBgx/yua1o5qZl9aJIeSZ3dz4Ov6+pxhpJqzrjag4Ofv/jCHGoVXNjn9AV/dF3P+/J7d198/bpXBVO81R3zNM58cOd5j365vajukk54GgfDyA+9NrDhwIvBX/Q78C+7CxysVnwNHJbZgOaARrB88vZVC4SqiimDCyexYf7ugubdq37nB4PvHhy797WFu/s3U13GaoCkmJm3llxYZ8NWQv3MY/MRJdZCkRl5G7Diytmu+lTrtscaJzrGrJVClXPkIUtHE1+JTgnW6slKMajaFZlWcCKRF7hfxTrG7KI4wRU4MoaSHRKrYLU1wUYKCieoX9hpskGcCt4f1lFZyQAAIABJREFUX7tLC4/aKjmJSwv6hDqVrc7IFsfaThxUSNDwIKgikuimrEUUgHnw2BO8RRU/+/X57Os0sVf5vXhjZZkWM8R56CI/blToldNm9JYve+d8cQR6F4A3LJ7ROhcWDPsdL4hsekXxGKKca5749MjpPXv+GN6QV6/NPj18ePz5T7uQZcAKPjP7Lz0vJcDnSmv3FEwzs/tcO87i2Fg1i8aZ6Qhky+yquraMTSwi5LkdSqVDQE19zDnNY8R9JbKla1SCQvit7yBXREc7sNlStgC3pqC+qCt4671Fk7cjeiViMdFDi5uUNzTW2R7v3v7xY7+3Snyu8jBgwizJrQ1ePD2k6/71fYOLzjXFYGsFmABppyEYFW+qWWnLU9LpDVXCS+kAiW3R1om992r15Yz9dMMbfXAnc74oibVO/+mu799byPVTDwYoPY3N1oIFxpZUA6CoYY8L8ltx13AXwvxx//j08X0//l0wwlF9oQaY0OvHIhpbMiyXZIx2ESwaUgPscZ8O1/m9ZsziETE9QGn4+unjN4/M6XcHKuyyQ9epa7tvHgzD+f7zq35ovB9GJJBfOGvN1CFNn/p148csThv3dO4DRCtXK0Crqhd3/UAW7xX89GvuBCSIe3mTT9i/+CwIMlNj2uTybOOftS7A8S3IYu5v27zCtRt/HE5dCm4k2KD/lneyEEIwsslLx03ywrZecSoL3YIgGoD732Ac0E+vX9X9Ox+v+AzPLImnBWFGtfQsZZE8NXWHhoi7uze1XwgK604O8wcT6j4aQGuujJK+XfK2iO9HAB8+vHl938+uvXpzH9xirC8hr7tpeL7TKNp8a3nyEqY3RJ2CLd7TyNZaawjDl3WuCdmcBGZ9dyw0SKcunbt87P3Cr/uJwn4bWFt9el3IFZ86ux7RGcI7Jx8CsiU1C7V+TzYSTYwm67DttOiSVStMaOT9JaoxDJxhIWNY4SV/bZr8/vBr6uwkpeRh8SRaz0ayvkdknXM/9OLVpy/ffv7hDx5/8U1N0G/ameMxaMjQfv7y7esv37hI0pU/Zwcm8XqfFUlyIujs7fXbd3f39+7ddEIbbxbm5/mzH3Jscq7Fwj+7ilGJ4dQUw9lhp4qJ68+wc04YK+certD+JwjKH0esXBoF9+eliKyvSBGC11CuXmkHRsFwy87Fp4Irry29mYE8QDXjhM2PkVSFnVen2xFuR/PK/Ha4q5hMTvH0ayRicaV5aRKuPRltBN3OPSepan+rOkf7aCGxy7N0RnDokQbOcHy8Zv/sf5V5KRXpwx/TQYJL2G8GShyuKtsiGoAg6oilG+p4d40CA915yURWF+dildgGEW3b8ZhFtZNhqiub2cf2yE9iNfP5UpWvP5IRzzBzJB3yN1mqEATySEpv3vnkl0f6+Ls22FAf+rOXUQpsNZOMIVm2EX3HjUkzyehyR3AM/VF87FR3cU2MKJI/eMV+mjBROPnbR1th+AzyHeoYrx4fH7/6xXtSNIAfP/KWRJ1VKDV5/Ic/eXxXSa9IW5/ULjxJVjt3HlK20kqmjvqqp+XT3/z6c7/MWFjE3fSUTnHAudrqzU9efu8PBXYhZRpNQGu1Hst89bIfY/ri3d3f7Ndd+lXOje2NfbmliEq0GSopTcO/+OrV40OJdE5CoHpBXxODV21+9fLhx7/e9PnktyEbdxpSO+fYV/tyzcPT013XIH7cU78bz+YFPuK5lw3FjUc/+eXHd++09C5uApp5j0+fHj8/vrv//B99/a6fQXS2WOhZm+cTkXyclH/ff/XLn/6tP27+3CT0oqebWnz0krRUp6U7pA9ffd1ACVtK+ZQII1bjVJo0K5+UmtMzW3AGUQPrEMvhimAM7L84CZzQjTOjuEgI61/POiIyYFFUGWGHLHOpX76zM4nnbRQr0dgqMqDDlVlKo1S27jTGrMiXM+kwRA1W9ulZmNhpM62RRkSBwSl80Mpv6KhptfTN4y+cODXyRVbLJuy6il+y2fOxn6F/36V6k4Bh0gTvbLCIrIH3TIC5dPi7ujb1yR8spdYYnx4fvuqaKhlO+O/qCiadvgzw4UOd56035rsTGNcw5Mn4zXImDOYUvhs4Itri+DI0E8+NJupOOySDd8hJoJggNmnF9gKES07vqZgr5pU1OQkYO2Z8/aTqd9/7+IPf3glhkatHZyvbSemPZPRVleqXkQRDJH6fb6Jev/qNP/fyTaugHFddEiPU3YuygP3w3Z/+p/57v1UYl28KmifXPkNy/+4Hv/9//Fd+/G//lS++eJP/q2ZMGKxh6P7gJ5lrvYXsRDOP/YBJrBPwwMroPoNEYl6+evzw9Bf+kT/99Hu/1vDUgqzKKWFY3Q3x57svv9+XEeuhNNfcDUr6f0qrbWnoOmIyfYW0h0FwMHSrmWx+eviH/+Kfqau3Cm4h36kkXG2tu5+eXt/dd/rZVc7PnSAcmbW75thyeQqjFwtzciRR14z8JGRffvX+/Zd/4R/8x/8b/9TnX34VwFae3evsdfU9pPTw8GHXJz798D/5O5+/9yt5mKN2P1PsNiAI9U9vvvy1ux/+6TmTE/NKQc4PWZHePg/vX37zJ2w3bs4lGnhpYDklWEICvEbIgOgsWrFvc358ePzjP+yGysLW2EPs+CctZy5MOGW9iNVo2ttk5NJn6zAqtWE9rXCIyd0/utLkjGYy9Dct9e3gkWY//Pv6p3/rq48fahwc4WyfslyUWZ0ofv/vf/vmi79ZooBoQBUW2VhfeniqYR5+8fbp/dfFXYwLmCKAPXm3GaFGasb5xb/3V+6+/I8KpH4L8PHDw5t3rW6TZIn66fGb+9/9vS//1J/xcrAcca5pFJ8QcHkqypkixVTeq/C44Nhs2Dq9hYMqyzncgLJkaN//8dd/+G/8TY2XSOfzQa13ouncpXHoz/7oj+9ev6GT38bdQJeEZTpyxjaGLRGxy+eDmZa8EkmT+1opIIMPTybN3+b92xBe9UQiS1oO2+BSPI8hiJ8fPjzo6ncv3n3x5l//q09P/7v3D424Gl4LN1e7WtDFgWy8e/GHdz9sua/m6WO/d5wPnQQIv3pREF/+rb/8b331V//63bt3rxpCPODXWdD5ZZXPd/evPr//0Nd0IAIrLSznzKCxvL/K+P7ajqNMJexl2Pblx1fkHw5hxOfbKyKGpMvR05hMkhtphFaZKpOJuIro89qV2ZHHlJCjNVaHZeSTJTVUI6uObqLOQWWsuefMJ/o6/m8NTP6Mwa+uFpyQiU1hctyUwsRn0Mrq0pEMmcFAugLNnuzzkR6NUabxqDGmkiNnQtrtGMKbZPPIDf4qU0PT2djCaYkR8fxh8GkFf7ZhKHl8eqoPPRbo5hkGI8W9KE+qvuYPxKoRMj4CCeIVX75CtbKJBQiHXdupyEXLxkHROMyzOwHgyu9sy0ETVTBuIkjUlxSqvLZYjzxGkBOnsjUNUTiAPdE0/ko2m8TBpuUgO4KqnXyuJ8/nUmniOTMj6814XUF6/4uHzS+1wlPr5oaWsbHg3dv7v/5HX78xhhVxOqV5YlAAbFtNXu14wzogIU6SqzJnOBII/dXn6/te6rCbfo1ojx9M3ut4nNWwPbIm4q7Mv/jmixdv/lQPtoZWgHQNoZG9adsFEvpfff7FHzz9+KcNDE3Piu4NLsHpnCD6T1+8/vH9Fy34d4rc8dETwJ9ftIIP+oePLz78yYvHx3ccBWfn0RlRBzPaJt10kZm75GCI1A5eThppzybdv/z4t7sw0dUOF5YaAFhIkJblrO7Hf/z64y8fvmJ2BnSZJsbEWgmhirQbL12j6nHUJuGGEY0ZjhDMn+3WvmCRv5iXUV9JBp9Aq2o6Gb0SUE+kaiVC400rQkZk3mQO9Oq3NpxY1JybBDqhllz6FFWKZNphOhuJEU6y4EtAWCbSYXIWlA0euwRXlShaPGX1NIySFJCftbG40OlEigVqMN7VzB8+/rJ4uIQ/q6RNFPTDP3E0bVbjF0NLPH26L6CbqN5/0wXc1PBUUb1LjBpHW6ShUNc0dYeuBL7sV8C8lbai/BRHfURE1LAa3wwQZDPmxtcO0XERpyUz8DSt3eZtXYGsIuDmptEynDEaSAskI8ewWcmRMldVY1PGgsQVpw3MGi7iODpzuXtzf/fDH9x19rJRvX30JgUDpKk7vs890ZQcGqzhXUbOWQQj/vjui7v7d2bMLVZEUeAsQxj0/fv7f/Cf+LXsn+R0gwtSwRzH937tJ//ff/cn/+a//a5hpX6pB1VvLZu0cL/t6na0DE+Bg3r424lSDpgf2HhG4MiTU3vtUuib1w9vf6WKTsHeGFsi73eIiiSNk8SIOw8khkb3jcBf/LeKXjNplNoV3gzuGoEQaMRozPj84k/95ttMKgp6qYl1/dwgLrpraIEYkvNKoiskq8/TWr7N+MpUzq+8Ma93u+8pw7hzSW9J+c0/85v/qb/4j7z4xU+8mfTTQxd1hWrQ25xT3TmDbaXDpUSL0842Na8x6vP3fvjmeGuXjHaOEZngTauV1vufvPiTp52+8SZHDxX5Z9n/+PDy/g1PdXc0CrVJiM7Z2uP7mltbZ0zeme/WSEniPIRz85RqtRX+XTta16Riw4bopHCXtB+2FddQKPavQsPIZAxYsGTapy6ghODV09cB1QfFS7HVuZ5uwDkhbnp7+eGXTgAsK5s1WmJu9Wsp/eL109d3T/0KcG8FKBj6CoDATlXezhEgdBXpfWdiP68JulKWz7qA0wK0W2EuuXZjuVA4WBkHX9iugD1g57JqtN+6VYZEMV8I7RxRvLCr9jf1dq7lR4KDUZHJ46fvOztNdHe5z2lqYasLPHU/4MWH98085X2BbSez6Us2lxXMpy0B4d5iwon6dM6hlcFUk3cMTHIWZxH1AVOjE6Zn6PoRwj9TcGvYiKE1qFR/rt03sL1++eWX9//63/je/+Pf//xOR8uxG8e0W6Newu8/3r9686ff/eBPdx+/buthin5YxSxp7Lzrl8P6LebHv/3Tx7/xI9N2j88YfXnO2VqN3dYl2Po7VwnXEjV/GegZIxiyEMg+OgWuRCBIjd1EoQgeN6nfJsBHwZtMRk2ArnOpP6IrJZCjeCXxcxpy6fGuOA0IB2bH6TpK4hV1RucBn8zkTjvnQ2F9XPAfv3N6ok7T3fAl44qryWZqjp+K2QfSCY1SbdXYz3AeWEFZuA0C6ThGKpJvg0MCCQlLX/kz+hGUAagmVCXaFGXfCSVlIpTvpkxBfzv/kCZ21PMmO4VaxhxRs76SygeWZwCfNZOVe/rMJP052v4nGNGU0dF2zF5ylq122XaVHL8gxibUqMy0M6VMFNH7H98whvk0RrmjL0pJFgnUMqpGfKCUDKUeYn6OZiRrxCVTPTP11OZQCufBBG6WHsPK2DRjDDP8EqlI2JIji2y7LpTHGRgUt9bcTu2bUz3Z8tRlkAadnROIy0Hetc4C6IwUwqNU5iymBoYd2o52x60qMgCLQ9UM3rXQPVrS1fEYwuC2Q6OR4cL1naf7+/sP/bq4CcHLNGtd3w9uoeMWRScDhr1e5FgriJs1S09p7hJvC45GzM40XO14uWdoPc3vOSYjXscF98fv37/6Ig5zBmwb5/L81aFznDVi4j07lEVr0KPoVY+e9Ojiy+7ZF7FrtHWWut/Ym3DC6VpqGvkWxKadZpfcUsmcyB2r7hjBiRZ6LidWn+No3t8mOZwK8ku6+G5CyJyUdtivnBjT8A27qnnOWrqN7Ap0UHxrrJWXdFSiz8ezjqgL2TCd/cji7rgxpgpWmZ7W1yY3+gN34TDOUFd1dY2VpPEoRVw7YUoazdO4EJ5g2sI0MHPLUTIX4Uh2EVIYWQ28drOn2dQMmjoRTFLx04MNLnhHGKWrTgKmC4G+nNbMvrPQzaEBM9zXE7wexEru2LgTzh7UIGpgOUOL87QYa8I11dU1BPRF1rwRHQwAwXP+b2YeZ5RT2R+q2W5Oc+mGgYlQ6Txyzce/ARHFlbXVrRBV//T4ao+fnbVrRXFonaTo+3UP9zRYUWFMzpaiOcE6gUbs4GSYJZXIie6gMH4EThaeGaXabzV0K/HF51/+8ul9lwNfPfpyRZQsjyCKfVU3nWs8zElIdnvr3/mTSyrHpXAG4ejRxANGW7LHFYHXnUgzDE+v6Oq54lZRmfWxS7b01XbVJHiBIeKp5A//ptTjliHsUnzjnjOM1t+9tqvw6bZP6z+AWmuyJa6IDFbl0gO2Ewnu6hLDNk3CpKsxktNQG30Lu4auHs6589KZzx+eXnmVS2u/ALtHEdeJmb5n0vomwcnnqmNf1RPFohBY2Gm0tuAlYg3JKhelu0xstJzqHphCEaD6xngQdyXboBqJkM4TzQKtKv1gU15q53ZQqyRacpThAm8Y6Nt6q6OYSnT/bVUiOLGuALaKN0ye4FW68tm0qUz7qDwba9QRcmhohLeSory1bI+mfuyptPMtLmdJHBO+CZ4a7Q6h8b1mA6Mfis7Qbve8evlWyOX06swUo3StID1dkWqx6XEyz7LvVzJbYlaT3saSekHSPC2WGvEQzikWYjp1pFsrLXwrG3K2HVPi62PwNtOXCdS9yQJpAQJOTdEodNcjQFzSf2SvazdmUNdls85PXr+9LsU6/5/3ahZzQjbDRl8qdFuu02bi1VbNSulcOqXFK+BVnl0Mhc4hvPbRDsFkbiDWTpPQ8oHVi3gnJZ/f3r/q/nn60thXp8R/oq/fWrm7e3ffx6n3Tr06Izbw+trfHO2rCq0N9vN8dc83b9+8evnw/sPm4UzLjuxcj45ofT/hJ1W7aS5y5ozQlQYcUl44WzIYn8bhJ5rHypnT552KCqq5EOFz2Swe0RoeoFWPfu2oXEOfth+9SDSeJjvFbdojrfITvVAavOEa0UTX7Mb/S/2uEJ5R6DLgWIaAUPJyThMWY5BwzfFHAKtXESmg137WXY7ZWI0gb7TfZ2Ewg4FFyKU0TViWbqCbc7liNDf24Imjuaig7Hh4oYVgItpvPknpytqjrDgXbQpIStCuvWNKc8wRBtIRVkXpC0kC0lwDqr5ccMk/GI5N2mnssZ7yGbwMYePfruQhIKXpE8NgfktSqtIzl446hhNRhiFWVd1Gqv+MqrtuxCjUmF/6LINUVpuRxxt1UVuG0KABxcwpPBV0E88/SpZeS89jNKbMVSSTl8boYzUQx6e7voOLgoKL2fOBpTXfcAXQpI8x2TePIglIRkhdmRKWCE4BtoteH9sGHdPWgkNcM1uGNQXui3ZZ2MTqsZ/6MoxaOiVxtGILUJNAg0cjaKN4a/o949Ho6KJtZF3WTCDHGdKUtrLjC0GQnojyXNfdTmAaS1y+4InYScg7GZq5jVstqk4xxYzqWlCnME0WffZcJgcmEQxLBBJO1z+PqyY1gxiMKgz0GBAtRp3MzJ9cGKe2nR/DE33NFVvSKnbNMSSCpeyiNlqQNLQP4cyUIZtI4+M8UfrUjLxM8/t6B2jR37hRTdRI5o6pU5y/QaGbmUfkerckTthPvEwgoURUtU7FB2OboVfq4NQ6UESgQx4/juLYW0Bx44ThSNeUwrLYK7dgsTPvTGuUtUvpSjBZUPX0XiWyOpAoaXJvWWTJdgTHKkxqzi32D2R0LK8s5+oa+1bJbBZKquO5GcWCdEfY5Tc+AGB6I7VOny28cvMQ9adnr5AgvmYInLHrfU10OWG9luUFXVyu1SamrWca3JO6/MRMzFFyaBDRyfvOqMnE4ES64E5TeJYRGrR1j47cVQwHE+h5lmmZmISCk/8M8Z2Zt64MR7+wdtdjyVOdmNogOWtbRdmzttvQkmwNElUDWrL1Cb7WUVRkL1dN+xb6+cXZFbBrtZI1TB1584UOPP+GqcL1nGMF7IeNi2KvsoR12NZX2ijZnhd3/kBja0TO6+mQS1OUrRFpzqKrWedamhb/q50j1xJc3+KLTfcNa0lH0PmRywjGAaeKrBWYU2JO0NvN/Fw9JKWrdX6Z+wkoYwwUc4nIVsRaIyn7mw8ui9kbmaBcwoqWSsC0kXbU6POLksnRLKQ4bUhrqLSj3rwQmL52uWHeTHLE8tduCCqdn4cPhnhX77g6RscCdUr6p6wNXqQ8kL92HVizv3oTIO1096ahu16d8c4Csi0ay3PSrjO3bIg6iG66ZkoSuw/ZnQQwwyTQGiVcS88LLVbdJf7cDUS1QskgW6YbiZRycceKN2fEXnw1GbRx1rJkZoYmrLZyqkQRRjVVlC+tmautWWrARil3j4eobzHoWbUufywyjNgJpsrcwi+2U7bSBNYLKGuXUdHCs4LTnfCozHfA5dSEyc3JKDWug//5pxSKGI8s2TToMcYyro/ZZa+1U1g7OfNcni/qvbh7lyGLM+zFiS7dM2a9yOvpxasv3nRLLSl+VJ3DOs3++MaXV7iXg3rditm+Z2XDms0p5sjaeuDd0cXJehjbVG2T809IiXlqFaPPNyPwLBMzwzYzLXBKZFWLkQIs1jhn/hWfDrEm1EaIw5UtterJHtGUH6LJWlKwkjMu+ATvJWoMWvX/z9Wfxvq273te12rnWmvvs8+5595bp24HRUHRFKEpoDBEDEiMJGCUYBc0auop+EB9QozGaNSICaJIDDHG+ESiSHigwZAopoghWJGmhKoSqsqq4lLN9Tbn3LvP3mevteZcc63l+/X5jbn2wTHnf/zH+P2+zefb/JrR/o/wxWYAsQCpHE8sffiNzqWX2oMt9jlp0T7FY2mlyHY6DttR/C3rJ910fLscnVjT1XIYfFWTsNMDHfVVX+bAX4CCevBEvm6Gdy/Zfev5eOSIDvwgskugdlMJVPQWjja45ywx2U/62keVEreFhjVJMpCvfFZwd7WCPnmq1fa3McjMlQHkXLJIVKu8r3MFABsCaTKCfU/qtdtXRMMUxYRePMpBWP0imqEjnyf0YrWb2rOhuYqt1PMobypgzTquHHL2yASwzwgwHkCRDoyx+kKEsuf0R2s6q8cahmFrZ86OemdBapDxqcpZTCnpgqkPi2StRHnSXEc4PhwYfUQ1owg5uR6x1SW1FXOnqOr4a/HrcDeL6hlk92q7rT/3LsJ1bgxulpP1NSG9crICUe9QVnUf7YoAvJpTnQagGBsEXOgAtEHDxV9SW635rIuKkX119+q4jY2dt2uEMAS6kLpR2UlCPZLI96yYXKoi9JM1fwmbRnmJmdMimwsfQpYvDOHzmbrE0+tr8sa+qI0Etv6WoTxeDa9uI4ZMOATHSCwoiLNCl4rMoX51fBGFHUk12e3IHMTz7fpAKtpVnKiyPeOHcPvzE4pM0SVl9nIi6aSgPlgufcY8fUJrnwOB+xZU5DAnrhjXeSyCEyzJA1kxdn+JKm2wSA7X8Y88rcYp/fBN/NLAlF5L3V0EhpNFUMiiimwXpzr2zNDyqCc0PBQoW93t1Sm5Ns/4KmKM6FNT4t+hD62bCBQATmQ4N2HLCfLhmMslDNMTtuUzP2bQdtXzaUK505Qon+JmJyLg8wWGyUnjHtZNZWq5wum1K85t8NbOjFUN3mG7EDTzGGo0p3WyiiNn3ZTHMAlHo/DWXWz0P51C0yrEzZBQRJwDuqhS8OxD7dU01TZgO6xvQZkYDjy7Nth4/Bl40ZNmmVg5bEtxfq0G6UEVR/KFm6LJZ7sTCBHGpKmCkWR/GAkRz3gnLvoDpEOXZv+JWjY53Xy6iM4dCK6bw3gHPZrJ002F0dzLVLLatlhVremp6KGWq12f1IHd78nGHWZMA3AeAm6SGlQygAw/qAcwoKFdG6iENas+nUy1x6SZkWVmRlk/N6V+GblEEJqmm66p6tAg1RZ8L1zbhZ6F9FC/k5CRpDUWtBVP5YJAFUkcGlGbjOdpa7aMGuSYW8i3xDPftf9g0Ce2BwpES4RoYTwOweiNXo6n+MV0nPePRJUdK5HN+34/biRdbnFLz7PnJpkxaxYlb1PMWAla2plJ9Kh3B2j69BnSHWI6fTnfWYQT+aVMqlnF0PQsT9nLQpbaFEY2sL0/F3UmtTRx0UU+JDBS8AHeFeMZWHddVnSv6QLBSVEMZ0KmJ4EV1RjlJbRLTyrKKAhAWCKd6vCKYaKCBFSfxWV4c9jJFUG8AqmILcUxOcHlVDBnUaNp+X82G4J5Y0dGTz2BA6SbqwYi+7zXj5DuL3juPUGP7kLcfbmEl5PdY5Uj8mI+9pyU61GprmFlTvMTAz9/Dc7VNbCCeBhtJQlYG6nXOI59o1hyjt8u2Vh9jZVP7IV0TUemJa5Pf/MSsZ/oj2zkl/B8vspWljl4W3ijXnKSJIqKIoeQSs49Hq8wmmMFQDN3OvI8NAdmZDGBE0EuH+5pm8AF3UtcZszY0MLsu3+eOomxciWjgOtojxx9n8vGqbaPhHnkHWHb1LdMBQHkbAYeHTFriW4Ji/chIZFUuRvUT2NNzgQTS36ShmzSTuYepEQyaxQDlmTi5gnAieJihDNaOpRbq8NBPqoIUF2uPdWVKIQt9kkjeUt7O414CZjsKo6Q8cTHTYX5lPsK6ByRyHZDisJSKRGVc8ssQpEnpf16ZVNQVSMdL9QH4aRU0bcz0y01fQDgBjE63UrrB+9Mdd5w31YazklD1Npvg4aWKHRLTv70mbWdchzYYdWSArNnAeU+jUANaxvMj01XMfY0FHrHDPEZO8+xR3vxRNY9NYZSes8TC5qJy6NG8QbexuCg6YJX3bQg9Y3tuj/dZXd30AWoEuAa6hBJkor7p9ZIHqwlYYUjZAjwpn+7apGkOqNGnMp1pgLGDi8SsfAerVnEKPOMYAcvICOLq+pcmE0h7r4UodS5bX9mJhGUAy6h1ZBd3TqLbaQkjUJmfLCxNBGG9ES5LzplwIyaHDC1xkiWjaNsdwbti2fnHc4aIx/1d5xXidakKM3zHCSqyX5YMDisGNNcFM3enKT5j3kyyOFTzlcsQ31ZA1Kt5RLNHPhW6lDYJh8chtKkokZkmeOKuWq0ALRzRI0rDunSKNJdQft/FvgkAAAgAElEQVRVmgJnyC2iQuadG1PLodPeWaEGe6VPxbM2krxpkrad3u5UYuHu1TjAz6YH9MeAmSgtQEpmVGUlxNKUvXQxCIHRM35g7T9YksaJx7o0563FKXHQE3IcL5mbubLcZfYOp48zaJrHIs4aXJNwzGzz9G4GiVUK9v4i05fEFGk704jeniLNqq81vHlbw1mLX0p3eSS6ihKiaTQxqJbU+GZgiKBhN0zLLmhJbxXaeoQqg5/L5sj81M7ZToY5IXK50WxOInQEWBPTXRSgztHAmM5B7etg3u5VIVMCPG+a7RVuzbZCUuMdXZs5G+J1GpdUqOoL1uQ76TlXLZg5ZVZVx0MbPxy0mqGtvYeXsPlCYDi0AldzzikVfihJo58Lok8kcfMY1igQ9QE+z7DCHti6pqC3Ks1JaG+UNeI29ELLw36OvTo1SUk+17aT6Wxv036waz6e3epQljCEpI/oWy8dNQpXdojOKNe2Mo5vjSTZY+deR8jqq2sZYRR5N2WEhUeE4u2sUXoL8+7wabbZBR9z6Fm9Zr9JcKbUJ2Q8LU39Ny8/EuqM9Rk9gdass9urMqaX1Atk56qfdCOKRGJZLsw7bYm4QITljDf1DG4cyueG04Umcxjm0x/L4K/WH9xqgkacQ0NUGRW/E1HyPFNPlJwCT1D334piXCWkzO6OpHY9w8YrXcdvpyVsaYODroK1T0EGeMucOAcFalkyVCNwidPJLla0keByrkhLkZS6mHKEpIgeIufmfc8hFRFafYPqoAhg0DlrY2KHIcOn2pEyyDIrtzSldwHHqzh6Qq8gnFN++WeZ//R5N9t20NDTPTe9Etfddo2zxb+bb7X3XCp5MyvoWOwcT3L7UnRINQxaAT0+4/9kj7mKVY8F21kirtiiiZzctbOiFc/vMnQLeWfTeqy4fKanwlUviwREMRVtHU0re+CdsBFVyVdq+RD9NOsMx5jNDPG/ArrHOcPs1bsOh6y8SBHzC8KD79utI2qMq0TCfcd3x4sn+0s6x88jXRQg2G5qovd//AuzFiRiYdAMAJ4qUS5bGBdZ/YGNNnVUp+kdJw4DmIu7DTKpk7u1pMzDWKmvVmsUKYVjhlM6ALhQqelzPKpwJq2KjJouGaOZyFG01egygYhQT/F22ia4Za1c4x8FiAm0Qm246fsIGQ2X5p5OW9YjlJ+ZfiwOwTqDyzXGRUuVuW0G4NNq1jqVTBdfp7qVbGJI0MZRA5xTLuSN084h0CjPTK/rn/iZ+/WmdVILj7bWBqTmB8cwo9nwUHb8xWMJeHCc4mSxGQaMHe43bws4rLSd/kLnMTfQ27/OY6cB1i03p+gGnM42nh4kMQZUM41o2zDdT1Gj/1Jh9fr2PWA8rYnfxGTeXf1srEt3B29xTULF2ZmmxK1t7Xk/7yCrAwonQYjknhAIahv81do8Q4LmUJflM21krjyfDC2Wdawf7pyeWYyXFFwgRXiIDD0ZT8xdVSWkisth24gMdf7hMtv2jPAEzMlqYSWK/omoROGqAlgl0Laumtir999fepdYBBEzkZG2b6V4i42TXcJ3FMN8Yn7kqdiy3pdkPGSwcwBoPiy6N/UCRvMxPx/HEWsmdzY202MT9JZoOO30kniyq0HCq5YiT57ZMa5OtZqYlebEaGspTYsJTvvcVcqU9G114b/XUJicmXgQVDZ0G3gn6dxQ0J9/Bi/4JR72Yxr8uanMsHVSZL1b0YhCE0/f6iLJQIVn1xfp/LH+rkz56cUutI2BZEWaAe151CQnlFkVrty2lHNQr+nSi7Fy3Qe3Rj/Ni0U7dcWaZN0vD8ARi7iwBTC7rYEnIm5V84wWEwy/lgAbSK0a4d1ZcSKhRRxOtxh9a1hbS1Oh4NJTxwe0pF6eAlpj57voek1ARrY0OfB6xpBE6L7/NsSiLZK0NEgnVIGt1qf2UNhfrFQRu1xjaymSBRgEB8/ghYTdMXXttDP3jhijkCkIL/9U35tJN+9sjvW8GR8taDa3G+UwSqc2dhJEWnPHisSTxMxJw2w4yAWDXab5w6W4+qN++VRQEM1clcRmSrDD3JlkTaRi7WacWVYpmzKcKS7tCHeh65mBQz/5s3XpQyuECV/UhtpOheHqa1XTy6jIpdJpKddhnGQ8dVq3FqlpmKG35Sh3HTuXlkUdXe6q6xIpeibli/7nQyeMy9yUNsRIy7SFLgmNE4UpAGswARS7HgGahSbi8ZSu4evB0y76lQW7Ct09CN0im9lE1TWkcMkv2RTD0NXFQMCwXqJCxQdZfpx3ZzvbOAtgBQdN0/6EN0qkdDK9LqF265zXuSNxkWM38JylQZot8Hrbs5JkoqUv2W1LwIAujPaXV7UN3QJ11qIRDzLmtLMDsFDTNL8snhjykFvC6j/xCZtjE628pArLURaQHS8uMbliMYiIhFpEDyn1Iu4nTzwm1JO+N0/ve2NBrKT2UIAg1Yv0Jq/s6gUOlZeulbGLE5jPkaIVn6PI1ppty6Yrp21UGyVSds72ti/+bFUPUltMR62eSNKXqe1m2ypSMkdU01bKPjGojkWZJkPj9n0jq3oh2DBhN8CzgOOPzH1xarKqAmRhIWBIBu0IpIqyOie6GDGGpE3dtXss5FfVByIkB5GS6O0P4CReci5pSDkDFVy+xnEl0ifMi/CiS0D2tUovWpz7VFRlpSu8FM2N6NTmEtbMHIl2Ft9BtCZB/9l2yshtZQw3Egj+0isymy1bz/5jxJygEV2ykIRS21fiXzhIVQDMw85VlpyAeXR9UKsdGt2UAku8ti7GIJz8sREs8e5PgyFcCKasrTK0vmZwg7GadMVSHpCnO9tCGe5oVtVQvoZVJcpFZUCWSWmjoc5clb9916ZqFdRpHKyWbtVB5LzKQZCutKrP4xVqSGF60LHJRHmopDY7Y8ycBUnGt1KoE+mjLQ5Me3ye7KTWXiCYUVVX4nj/vBKhWm/zhqppRUxMrCefo+qMidV+E2bSxtb2pysrh3XpoQcgpXm5I4jOCnOsDtBMrx6tk9YTywzlEUbuvUNHWl9UNwusCuQqBDAkMkK3w2OgcFa7Blg8fQ7NEFRQBM4j1mEwQ7ryxiMKVMwWZFx4wgADbWNWU0XWbYsdWHC2Ar49datfoB76vnYiRM5RbapVFOaklwBTTvYqddbrqJJ7tJN6VYIhmaAYBmBLFp5d+WSRH6B4jpkV5r85GZp2iYutVkJSnJOw2MGztLgsRDmzMw3kjE2urSAgXCa32QX9Xq7SJecN/FHvT4p33clTdHzVxEw2FIHiUAJE5pe+JvpZ75jvaLAy6deLKZL84ATkGZW2YzyfgxmJRg3jHBo0mJgfBR9lJjdUCrAAVbZlgeCMJVETD3QnOjM4SoLXa2CVdHOYsCXExEjKklddb8LfAD8w6C2CFBCHP0k3STq41WgxF4muFcJKqj/MZ2M7MLIwgiYrCcrW5gGbOFacAs/29W3cTUjx7maqTV1OCiX+pNAR3xo8yvDtvgURhZZHVWbLHGUViEGFI6u9LF8KRboVYZnTfyJ0PTbPFwO3EGZMn7MzIWsnA5PtBVdfIskYsbLtVXoQ1B5quwumbz/VtM4h0lzBpnSUfvCbpC+R+YQpnXHV/8m5MmLHZiky60p52uagNB0xizw0kC0tViFIAVzfWRRyeBTpRA5b9SCzeIkmho971sulMGeROfgYzBFFqlPCWOqTveUsBzlE7KRI9FMb7A4F1nTjSNBUJZ6HT6s9UKfzkKjgsb4PkGips2YfadJHm4VCNPXKjSWnSR7/pS3KWrq7y03BA8QTnOZ6XVrqvatipAiYGUEQS1aweUBM388JHS3duy66ruDqWT9d1VjozW7aa3cElUz8kDg9/Z5FgU2a5XMA8nEliW0MTWjY7DaW7bVT0TIxTA0vnTgKT+TKOLbvJDkHz42qeCHVrp2xwxGX+My582dqCSk1/BN01Ws5K51KeTZvRZARh5gHFoJN29vSmx9xA1N/KCE73eESRG21SyNG23nx5NnCR1NLEBN3egwe730bIeoZfBrFZVdlJTK7dHrXxlhGkoiP/Yxg9jvIKgAdn72rl0iAJ7WKdZt2ObebMENbjerkdzTQd/AkaltNGS7NZRC7eQ1U/XceK1IEZQ5/Ry/T8EWBtDaTA8eAnWeYlWh7o7GKfMxBt3licQpXGS8qciYuJ7e7wgAEpX0jRAFCos4GgH2fZj8l9E4Uz10LyIjVreFPZakykJMopLQNUquprseQcG1n/wVuYhImijR8K+KozcXJOUaucjI5+XiV5KNlfqzwuPMYd6qkYfJVJfTYOVPImgcqqyoL1ul8S3S8MtqzmvZJiD6JA+bUQWVb8WullcB1drCuvq8hQHF4EQwwGo4Br38Uig7k8zUPneITP5TrPY/YmvFYEjJXnp2HdUIJ3nJ8tla+5sB1KW4EWFpGJkNl+4aBw9j8ttLmhaUcRSK1r+WLsq6dCcxRMWwUMtC6IPLHDK9PvfdmMdYWmTMSlfxrFHUJ/Zjmjmuqzk96uMujebbIHklyFdRGi7xCUmp80sevQu2HVJwvp//06+rbq5VnIL6MTO9g11nruEK3ll9b7rRHHeFxUp1prV36prEX5/cLIKcXDQ+S7Jj2pg71NZ3C35Rvhx9B4gNdjIxL65LF9V5ubmDwOzwtIdKD24wsOgNKmKqosgDvuxo4H/fDPYktJibrfr5nI3lF3Q+QaQ6X0lrftJGcRxarVFCwOPW1XTqiTX1ZkOL6w+gHoS+4WWCZGNxt2E4+ZUpkT3uTxMmqq+oroPGLPX0rQU8E1kxEZ1ePUtXoL3VgaZvHB6ub4dIm2jEQs8Kq8wL3UM7fFJFpa5dNlFRLRV/FbEsAhk45jUsPEmKelEmy7SSTnT7lTreGDVnc5GXLBNjQfAStKLNdPIxq/S5V7wZNc9u3797WDvxoTa+Lefq8R0fmlITE3w00JoS97ft4iuhsa4gqKxyUJpQPqG236mHgw9CFikUOLM5cTUMz2o7sUGbfidBaFXZxiC/j+trOGTsEjtfcCRCsBipXLtwmzhktLtlvCeFS0VX28wBbaGTQ1U0OdqcJI3ZsYfhVXWsRASI+5Wc2ZKkE41sItuSc+ObsxQBuTKPRsLlevQ69RBamfnNjxyGHqilaLGd+mkrph7wEPme/80onKTjSDCAXD8K6okoZPbQJZ5dXBjgz0Z2B7bmXcZFJZNZ13jQrsyDo0UC6Haj2AV68QkFl2FspYcJ8No36pUicMwguYRItD4XG0jqC2n4nV1xlWhPuPQERp/X9U084RkFXjN0N5fZuuVC0doY0adNLXJu6xN5/1nYOBHlqpmyBSFCiKgRyPKaKSpzEUttHuuqNenhpWGUOBD6+kPIhyvXJfNsUuYajqQZyZ0RAD2SmlQu9nJHmzN31FWLSN+wkatD5NQcklp4QAXw6uBVdhfwEKI1Li0yOGvgY1tYoiuy0SbS8pZsNCE3wHf9rVgKyx7QK/HQaeXJ3iUeFoXMSWtMiMk1Vq/748a6bfurtux+997O6AtCUNEXaWOcG9ODBMHNczESQfqMHlxNrHOyIIUCdqq+r0fX00OqH3uHTAFmfMWERZ2OQWR4Bk7aT6E6f85Xk6V2x3cPGM5V0ZFL3UhofXfKwdNdy18VUyj+Iaefqs9lubqiOxvljFFM4h+QSd+V4rknuNqq+q/Xgl5wW59EKeiopWeZXL0mUE1+kApA/Ks3kzNrgBwIUEgbHPK+W7c7kl5MFrK/erhthrvYir4y8X//s+sxykNtjw2EyUa7yfWgXPWB3IJoyyZ+liYIvSe9zUtnNK0W5nwHKLrHyTqtWfu3t47NnLxMfY/2fOimZURIW5oWAR3UwXEt0KzmOzhdl1ZxGqLbC2X6isRKE/dWV1R0lhZLE91UpfcSSlCfIVVH5Vkc8XRXURemSVsM1aGMuEKXmShUypR1ewnUoTJLoUzPVdFwsmrBCBBb6WX8tJ88GlcEX0WiWW8QQmWmz4WIr0tOQRrTAZmNBro1ww0yFl8BC2yYJzJsOUI88BLHGTtWEkrd+VumMQnRUITkss7dNCdoXnhnzgGiFK0afcBpmDepTdK3LhaE7kOah8fQCW/3FiH+axfYI8FuG/oidXaVasIKfUgNd1O2A4JSLPsZ4VLPsxcNmswa3yjUwYZ3AieMINhQxo92l1BeJtdsZpl1wssbWywGdbo+gTqWD6lp6wpvCIp0lejzA1s48Q0Rz/UGtUimT187WU9CTrAkcmHaxcja2dhCPpjUl3V+ook9SwaS4xhqHXjQHnFTxY5tU64cboMvyxAatWbVzMjV/U4yejerXivVWQyHDas+X1GTWGdRBd8293uIoywmgBaUWpYMAcTao7/o85pwQFSR8i35+1jOkiCO0Mxa10/BCHLsNIC207hJk51nr19JWPSWli1bQ/dC1yfrffrEgd/ZPQY6KUG8L7RBfR7gclwjq9tVe7JM4HqjOeH70VBWsqVxHFhF+EvqO2r7eYbYRRivzR8cuhZcYbPlgDPoSmJlfcfQIG24JFXe9EdqBm6uYdtKW8MOwaqLaHYb9cClwRbUFJfUB2qS/fcXHgecbBIPhZMwtl11LPQ0/xTuXZlQr86VThQ35t2+8bO/D/e/86MsX7x73c6+37z7e3r3rkfS0dHN/qG7ff/zqJ2/L1Lfv3677LMS199JMHrkytZE5kbDyRyVBj7XZQz9/y8Kk8VP2Hx+c4PFz0mb65ZhjBAMZfZw3D9uMcobmkMbY8ooRBgPU+oWccP2ygolOk8aOBd10fw4YsIMFywlDIhsnIqi03AuKS2jganupQd09Tvod9saukhCNeZtnX77OwtV3n15tuNskQnDfOePb29vadT+ZTPyE9YjlmVKU/7XvZu/hTUHr8Cz08j9d5gkmINmXs8s/84QmdF02S2TU3ieY+bCi9+HpyoZ2R+aCoxAJT3Jg1nFHizauKBF9DPOpJmQmrgS/1KvQZmUkOVJcEEgU6GhIpyyhh7DzLHKsc8ru49CAJpdBm0W8v+9nv0LbCeDqaD2ocDdP0p8fKHo2AkLQh5lQ22ZKoDdgrEiTh+VAINQZ3Q4m4ueoqulJYsKbdRl7m55mukHIrxOw8EhvcuXXFbx3NZbq4x+GJIDddszNm8HkQqKHU/3xQesVUQvC+OGm5Ji0JGQ55FbEHYI2eD+QVQiN3Kk3kBv2DB+bqU89x8fRXHAX7/TA+d/LY+qtOqRJrrTvV2WD/v7Duxc3z2sDr999/Oz+40++eduvUtze3vXTN8EsE8F79v7m+We9DNvt/uuWeoKrn55+1C1njg76HYDClKwGonqIBp7HN20AX1B6EW11Du/250XSIa9NbiCb9ZHqN8qm8rx7sfxMZCBrdHlt7aUymT4ykSF5B8AypNLE8FrOOI46g0+aDKSimsl8KWBmsUcAJLkjwTLiPAiupe8W/vKk9uYdyk25g9SbsGNc8NI3LEnN2BQ3lHspwpKy3rUzdOvLdZCgLc12tFBGaJcVMACq0iGVtehnTTBSef/8ZdPxddc1lX5lvDvmep+HnHHAPx1ZIezHCDbb0w5BX9a4IQBUWccnvYOsn3B530PGt5XkTD8R2q/+ddGnxwie9q6hfkm6XuU5FSWIgThRHiLKPbMivoxNKOhTzxsUHwuPOQ+g+j4Gqh1bRinMNQvXYD6YwRGyAq1WPFMSz8uzMrvHr/8Hgdq+pzMrY/dRYVXl/icV7dmXYytKGhOwq+RBqsTmMuxBSLWYp+cISUQqNGz7JCGJwB6Bais8OLavwW3Be1FO5LJBl4cXBSDtoB9/+3CeytHMRxJadzceluA7wo+qCQlbncTSIgmrYPdPCT/Eq9NEJu76unBeFENvtT4pwouU09LbLK6CA/NgipR3T9GDkKlodcJ2ZD7YNn1VzP5akMC3zDIN6Omb9y/vmvc3gPYG4zPBkJjNljgoMeJJZat1cWFUagXA0Cwn57eha0RKhnfiP+2Gzsaoc9m6B54yKlNrmNKMjRt5k+tMnsun1ZTGpnhG7Wh42hSNh+eD8BxUgZDEakRv/YQB3lRmWawDqhHu3opmy171tcF+w36d7rvO6JhlNXq2dFF2GuubN93nqDQ6veJRjArrRF0iHKbac+dRkhRNvYD5g/NDpUa7LinWT9810avjMG2WWTW+2Vt/zvBMzZDLxCVWnWqmqJh/6zOwv3n98cWr5LGmnko7dv7mulbsZwtrYFlgJKiF63Pr4sn3OOrjd3vReA8/VV5N9TN/7ZKsmQAFH3swTFj7C4TeVIx2GZSLLtAUYTBqzqY8wqIpWEJM0ZrP4jLViUWeR9duNwhNaJIqf1g71aI4RivbpYRqOpUkos6Kpyd83soQ056sohWekU5wbOOcYKmjNk9txmSIlUaLH2NYfjyw+DeN78RVzu6kcWMyqfLDt768X+vtHH47S8Eindzo+wXmb+5v3948vv1b/7ZffPeTjsEKUqF45zaAO6+k6P6Vr3/y5ud+7tXt2974WoZ4A937fq0yCwpiX7zfxYR69lKHXRunWCsRjOMc3hnTtiJdE8q02bpYaDHVWNfsz8acw8gVWJ+foqhg7mkyllHPm1rE5kaxNyVYrffRc5jzVO/iEGoe7tdqe37uxc13H713W+3cGiIplFxzzt71/vTmw5MX3T/TS/pyWDnsNn0WReWFvPnQTpk4rr7UtA1230M1oxdYVgLPBDO17/xlv/Dmb/rrXj1/4dhI6/5482JPVfYcZ51PL9d/8cp5i1zM1nyYQ3XxRZ/J/djz2zcV5r8SQl5U27pmLqUzoCw/Y36IxDcrigCwEplUJpcYhWhpoQx0n4tQ6h6WgVdJDxEzUPI0wWsvF8kxFlr1FdSiv+sb8dQHVbEWpDN9/OrV07/8l5++fJFbHNykJ4S7aNj+269fP/nZnymvythacQHh1UFfj5r0pLWvApBVHdxSfarKKJt2qg6CVZaxLrGPn98/+bwLopfvwhnEQCQywoJVInWnZVs9lvC4iZKp6JHHs4l+9cUjP8kEUcb7NeUsc8hCWYd2Pbxp+hsp3YGoIisGFsJB56o0FpDRFLYwglqjqebCLnIbVkoVfJ0Z68yPxhFfEAvvZt4bEDKuG3UmGLuAsSkJnu3h6fKm07ydRCqnNv9f3x1BpCofvX78B//AL3314Xv9zqynavtpqvcfnj7vKl8RbSn1Pvy7P7r95l0Hse+fvPisYbNncO/v3/YKfulxd/e+32m7vX10e9fZqQpKY31ueW4q37mEJpZdcawXctwq+9Z0ToBspua9X3/rd+V3+5HcoHwHbTFcp97KAL5j4m5GLAx6H0fEMznBuWslG6Nzni6YX5cJqqfbcT4xdgWsh4nv3/jNzI3tpSE3ZX613iCQmt7F+fw7UdPb1zksXZOiPhQOlXS0IhoJorjzv7IEYxOLoxOe9YRlQtF++u4nr5/cPn3XMWQvBH19G1dDs5be/Wb1fC/vH9/eclwJp+MrCSVWliVG2xv0OnoWUEd/aVs553589N3P3/zg5xyE9ybiGZd5Xaa7ua2vL9iPfvLjr9Lw2fLSo8a5/vJa6Jpv5ImcKS/nX/3Cg4nsNNpLtS0PxutbC5ZzRpoQRoCjwmtDAnLM5HIWSSE/tcTJ59y5ZhzbeoB22wQAbZ/+2r/KSK9kn32paKEdS1ubeJ1Zg5pBEZ6jdkWVIb8W+q9k4VBiAQjwIKMi+2hVmiyrow7os1xCwdc+CNUY6pC5Yepmqi19rWUaJoDUzPDxD8PxHEkqK0aCR+YrKqAnAQAkSwqOZrKtWqpi139gWcFxWCKmMLKH5YgnidZku1emkF5usU3st2Q2DzaJdJI06aesyvWiYGgPsE4CiXqtpg9vf+M3P/zm7dMXX5wf7JxTe+ZtyDhtotrlUEZna0NMG+w9dqTGfYTmKC0lXyORVyDvKbl+Kujm6c1xD24dMPPW37Z+8ls/cQuEP/JMgMVt5zsGNho1la3l1SVENitmDJUctbwX/pK+CkvFx46+K6uDlxb8WoPFkaK72998/Pg3NyapIljn7KLg7pQBtPFUh0jDcQspdWOVv737+Cd/+JaobgSf6HqtHKR9dp330aNf/cnHF02qXM4mf34AgCj6+jaZTZmkbw0/OttdBu8UwvsfG+8VN5bupJ2JVOfMYnBUMI+ckkmcaFnORhNP2jpkPfiK4WxfpNZtpi4ocYHDKe2WKxXNlcN6ioM54RFEhW674+ftibC6mgkjZF0KUT+wLF6YpWTIiFv9JMwVKzrCYwTh5F4219XCRWQu2EA1CwY+fMc6e8k+aTpp0a/VtrPZ9Bk5DuuECcuUyRDdxFHh5s98V1R1JxVeZwDJ+fDk7u7L+8ayQGe/SUuHiHfuZv54+9WXX/3iX/7Z//Zf+Iff/OTNo87VNuF9/+75y5u7b2532f3+2avPvv7Vv/jv/h/+ud/1s9/rNJgr5Y3mnRi7bdjsqkGj+7OXn/d7E71MxFFopuXCziulugvWWcdGjhlU1U0F1LYYfqtZCPlY87zoYjwDfCFuvvOxGVhWZT2MGeXQ3SSlHzMudH/1f+TjZ99tiuanr1LQMTRHbZKZ3BLTJKEK19yCJ/icoR3I2GrMrCqSVe27s6HmUQV02nTH+w4DkpqfY9oh4II8rhi16/nemAtsR2CdM71/8+Zv//v/Yx/+3r+ng6A0LsfrMp34f3zzYlPNl+//0h+5f/PrTx/3M0iO5VMaP2cwtp9qfX3/63+p32E1KyEiCJle9+UtIH2ed+RsEmR2IG94lvn8JV36QGYZQEUqkjI3nXKomQYDw01ptgfMth/YgeMZIhBPSPTe6TheclqC+r754+/66//Gf+A/+l/oelP9TUmVTEeSpV/3XXSyOMOafL99nX/FKqF83Mr0rkQhqyppdPJdSVRQ2Szl7dtTGLIVY0uRC8tPXn735sV3tUIHhtC616Ipu0tdD5OqfnTRBHe3xuENZef+69EwwckAACAASURBVLue3X/9W52fTXm3TASS0I6fn7/YWRdET15/9f7X/pwUSqWuK602S7uIh+Y0+cWBM2E1w4NRUo26tb9Z0UpwtJ5Of/3O67uf8BjxLCR5UhJr9r+j1b4vVQjiKzh1rc+fvfvx2y+/+maZtusY3ZAj9QNwn47fefvjf/A/8Xf8Q//I77t/c/v+2YtayjWOMKPp5/s3X779z/wn/zevf/2rl69ePXvxXQgcJdSQ6ehA9s2b3/7Jj37teYeyiZwH+tZYnMWvId5/72/42x/H6CSbokgWLN8Nou/fvfmdP/FHusxy//j5hkae1lQLbCzv3zz/hd/z6nf/no/9XHFsnSfwK2ZGivu7np1thvDh0d1b83AeOXkZMCmUBRLUMlb9pQZyOvuw1oOWkbdf/vCrP/6v7VTgs27Se7wLoH7qeG2gucEXf83vf/Gd7+ISgewWQoEQrnaWuHUYKiqwHwGKtY929Hkj1+ZYIURL6H6O8/nXf+rfuf3zv9pv4qFs9NRHbITvsLhfYnj3Lrt6Viu5NEfjqa31V07taRgs3x8DjQvG22P76598/V/8T/2u/94/+gd/8lWvEffYSx1n733KmnT1foInz+7/h/+zf/Wf+ef//S++/1f0WxKaXibUVNw10DmW2UztvAk8/GCwYBuMYTiiyuMQ5FPG0gaEPhcFTvmZccBWexj1sWcrkw52Ai0oVeYZKFbG+RcjOddSySkl6pJSZbJ3NL2AIIVgYRpO0id+VQfUEciIGRALgUEYzTiOldN0jLjcMZJKPlkxy8R97H0jJHo2VHEcOCHswjrhoyuXR4F/MFZ1Kelr8lS1keurzbqtcPCb8tJTX2l/kfnEP5QTwzYCYpqciDXiltajuDbP7nZW743Xk3u4l9zUwE3Pce+A2B6kB5PYiyGTCxHquo7TRoQtJCJw+64zDR8f94vla7/RmB4MbrwtOnaCs4aslbWaltaCWLpXQEPrnriP39SzKUmCJupDB8jabZIIWs+8k//dvLuxmwMDm6zq7h85pdi+9YIky7NhHXdK1/ugkNqk6gKGTHs4weAmuI1UsRKtl7ygL2eS0N07Y4dLUz82kkxj5M0LQtEkxU9X9sPgnXoV8llSH/notXOLy/gkNwrmrljmy9ju7o12C0xm6hhYiZsnQKIpX7bP+iRUATXswZ4j6h4LCzibhcidRqeEQazdJmiCdZATGkRCSVzNUZiAAb9U4VS93cUFivYqvSBBTnIV0cq6SdKVbfOiXeGpglKYSJrs8cMxsBMmgEIYt0n1aNmBjQGtKlY+1UNoW1GYdTiWQ5M7EUrcPAjYsqQAH/WEISaKIQNeZS4tUCVGCafLn8wq29xMr7qlV2ri5/8Eh1eipElZz43cNjfvtD3BjZS7K9ur129v39w8f/76x7e/85tfvfr8eZOirss/q519vO0HQhnw/Nmb928/vvvxz3XF+JuuGb1/3uQ6ivcuJXd1WmN5++75510q7+4yp6jmwaxzGngKeSvsZcmFvjouBFsRtj7mI6EraTEk9/QBIWZDucudQouN0+Y/E/temdF8+kW/t/mieZ1r8cSY4PCNaSWhsWzEiTMhQjZhJlLabIRzfXucBlQUS+h6gEpgwDfFi5VwpSvSLdEce5Un312+jiOC/uHudZOtpkq1hUp23ri3fRyyLq3c9bzkOe6oVaYIEvHVznbNKI6mbrLinAVw61+Jni3Fa93m0ic7zDuEGXzrJguZaJtbTzpnB6dY+hIBNkQzFi2o8nN0yeTzx9Zh0nPIxJTrSCLcNrIqEmFOfURTE8gXsvcb9jb5S1WcTeG6x6Rfd+oIKVieKNHD5cKl7kHCEWl1lBW+k00xt5OTWokUIzl+/tKoWuDEYNuSUq7qWm/Tn5nBEfmp383NKHWLcMdRfL7b/OMxBVTtToyhaKv7fFzDePyk388toZz5co9jL84PUN4IWBMnst0JJ4SAJAxuLoxIcijbUgQP6hUIGuKBl8IsxJdPd/aqJrgsNirp6+Q5px+n5CobVwQ3C6S3E++n9+lCQFeN9CiP7hnb+ea7R/3EzP3bN/e/88NuEO0Yvnmwe/+y2/0gT5op3t294ZjOQ92/e/6iY4a6QIEvVtxWC+yVNWwvlKq8q8et5U4/dX3NHVbC6NRENsjPYJfRbVSMy+7dN2/fP74Vi54XeHcXmE4nRPnx3e3z773lORZ3jJZ7O4BJj7yoEIjuofPYwR5AOG49TksyPomSIwR3rl1WLgYhKGAdWlXn8KS/uqEeeSjK7rD1w0CaXmriTy2fH8U0JG01adedUCJTlo6rz2zF8lnHcTqZOSDzBy5975/efF5XKvKhWTtwK3ISC1bhNklJrLBCxUrZn6uSHlPYnCllY3+WvuHUZ8nhz14k/NXz5x+e3DiHEFuvCE9EDaKzEL1c6LN+g+zu7v7uzdNXn2VySKfuaDmuTxq8E0vDUpXO2Xe+5tI2FYs5KLN8jt9cIC9UXKGqJaoEb1sB4AWifd3KoSKF8fNprW2El+ihSAgBffBth2fas0YOlm0xjPPspuCoR8AYxh4m+A93HG1hn6SFeAYdzLqRWOuTh4qK6K1jmrwJbzXZE1vcaiJsW9QkvCEIzbXGP3XbV8OYh51qq5wDx0k0wCupMtGjP3yjxjsLfH1iNwXCOwsHdj4CA5cuJZmpVhdbIZmgraT1RhuiXYMe5YVihCU7CJYxXxs00sCk3Iqj/S3z6RTn9TORqDyyZYyTS42ei4guhPHnziMYNe5LkOYg7dNaXCwTkkHlzgoJNLZ4OtB5ColQrxniml8qTUSIrNEU2/rxRG8MuHQEKbKdSI2iPfBPSEnVzSXwGiPBIv7yBurFIlTO7lU8PzPtQF0LeYiLCUACgqGzBLluL+2a58wOCgZH6W2ebKqGMTQ2y+j6L/U5nu/Z5EadWgqRKU1kF2r1xgwFyZ/NZlC4iEv4ZMiE0Rxn11Xwk3MwlXZx8TDyntFh52oXA353ulbGzeTo682sq2GCYpFqs/U6QSBYXdk8fiKJg7trc/XGussdxAGAzjXoeNqKCPJ2lbSrTNWJPTYNOKKhOITbzhz+OM9gEow1eBMyFyZEwXHiUcY0TAeGGNNspDqqzw05QwZoo4jA1qG3fSHoS+62ezRNFFXDKHQTOgOiywdJWobog9ZFxkJEkhskMZYaHQE8fXpXT9/+RBl7XJuJ4PHduzePHr3ofNDPPn/ZGNDQm9Pu375/+qI7HNL9rCOEbkKT8Z0h7VxjZ2udVH3fVQBXpANf3Cvbs4LeAG9+kWO4bKc/D57dOJZpD26LL2khDUOJx7TWOzWZKfKu3aFNUpXzUR52U9F6+fQ00NbOy13zykHczRINik0nIxybdEpS9e1fcpxdK1bzXtYIx5yGbprtcvx6PqziOLpQLcoMURCZdfjJtruSQ1bD1Jmo6V6IHR25KGJJAWWds9e2GS9T3Ffixia37c1BtGjfWSrUCzc0i/5OppqSQLCcGagDRc5IAaJXnVehHDzqjj3QnQbO3lN6TKkmcblDMyJ4jTwuVGtQfdnN2wVK1Joo554SwEsjCZ7XEtussZll0+XeYF5CusfSXPPyAygJ59cWJ493CfFUs3RimAEzP81ibfl47VRUuiAtGMHC31LoeJppHFdpLpNpnbGemycsqcsQkdr8dXd7QJYLHEvilkVTGrPRZC2w/JHwpo41qkCAuDk5jiVhPNiI+LQubApnGqiHIAxtJl4PQLFy1aGu7KQiMStLbx5/4BArDsTL3Nbw0CBpha/CfqKhSG7HQ2Ldy6QXzCHFrSP6boMq1wx6xSsfvOgJFnP6To3f3zx/FYJYeTOWHZMnvPlzvZlRSDdUQ+yWeIfiptSX38Pb4lIFi+RlO6ISyubZ9U0dk8QGXvOJ5z2WkJZuCHI/fchA6re0w16p/qf+jV53zXW33s1zkUnKTHUnDxfpqjGc5pVeS2t5PWem6rEz4RWWuvLMD2g2aDqie/Y8l3cIIBIRamfzZ+5zi5N+VbovJXKZd44tO9ipd80vD/OMaY5ycmZ7GZUQh8GLjJ5yD3af4aDe2+FH7TsxTMmPdeJ6eBE+ibetoOegKhh6kpO98VVUOOpIOsRS8qhrO10rLUrdC1yk5HmPfHWNy4sfujNA3O8cxe34Io3JSzX3+J7bEpP4ObDVzFIbxlFAJ7D5s+8HOOOscDE/QY9z3uzbAH74x3lJi99W/0iJzHs2jYKKxcrAX1HF+xZSPGpX+glo1AvFXFbdJRVn1OjxPfiejSsh55AelVFVo+6sVzudbfEUYWNt9UkEgppG+xdfVQdiX1ICyyfUOZCJIIb5LPbIv3ZxV3QwyJCFhPFXF3ogHXbmXZE6LJ84D8R2p/9acxThkxnrpVn+IGQKPkk3OOsMOrdi7yoaukAFx2blOhvL1kdftaeeteE/lGhKmwEy4Hlma4GOFTD9bG7Ro+VPZvk7vDM3YSU4Ic1sO39g9C0RV1K/BL7L6/VO+ntOTyTb2tI+Y3aKYu0tGLX55Q1E3MwHAaqnSEVDCC/EsQbTUJLU4XVKg16GDeGn5oEZx/oClhkFktVKa9nOOUyJqgptD/yN8SyLrhMASvnbJyHZFdVOhLj1RBzKrMyBjZfqKHuxA6Xh4Qz9P/N5c/qHSjMMxgiu4NUnzBL1VaadS8VhYRqbSczpPbH6a2+y3avvJoWczXOnfQrKBNSLg1DI6qT2pFiYFo1F7fibsvg6wTG4GZOsIjNFjQxOsznWkGRrwOv5qAubR9Z4cSzM4kBpzOh64Nkef55k3kD2pbgRBGvFINJWKb6oD4OyFay6VQiQ95efqTfMcimlThQe8mSIzAIwlAkios+iGbxJVJL8zI9P0ZIhQfJHmFROvuM4w0npWK0ArRVJH5i8hJ4P1+Pv/R7Pe6fn+/tnz180EHy8NWluQEjalsb9xsCOrp/0K6G9KYjQzobef+wl1HyRrM5LNSbDu/Nk1Tss3Xgr+eYzt78YxmqpJezlxFiyhQcj4tnlBmySPAOdo5UNWZ6TsoSn1lqKR1nmGLLWa3TsLErXxHuOzRDXEWxnLHfc3+k8Ywo3O8KbpiTK/UtclbXe7Mh7TQIBXshEs9I1jErWb5Cj3VDPYmFCRhR52dDdygZLViQBQVbFfzWleaQMDbCT/9noMYMGPiY0mwpjd8LUBiqbOyhLFGsXyk1rxJtFLtkHotOS6vJwJ0FKCO8CiEXWLZuq4zc4bPD5zAQG6D5qRks074yZtKp5P3mjmFGJADXmoh/QyWinzqedBOXhtkhleqdANoOhOnlVmfF0PnX3f0Snu5rn12rkW7IKZTqcyZ20AaxkPj3KeXYg0kJ0ddanMMrSKGrmsjHqbZKxHqry+Aq+DIGpr14cxdjJWcLIw/70Gv7Wjo0oFURYEEdtCJyzsG4Glp08HveEV7rv1jFES9uWdfpKYKSJIPspI8zpj7Ov1l8mNUGsYTZDXg3DYjrtpugR1IfMfX9yiNQMvE44H/DKRo/iUPs58YqWoMIRd2Z21quT3n5Kr7PSHSc17e4Ee6nnudEsJeWpV9mWhTuSS04mrc/XD3CMKwih4aA2OCXX1lBrvyWpaGTV+u5uJnQLX06oOKKxVKC1Z5SX3nTQWAPp4mRvxsSXu4tBWVX5hAtS3ULH1onhROZYKk5nNMc9Ez6PHn+xvDbFfbIx0WtC2AxFMoXnxKfolbH9akqigMwxYilJLO3Fw9kV6kDImnix094D5qgBew6qS0ww9cr5J9kFF652SgHHwFczjApPpVQKvJKzmyOQG+eOcgL0hwWoclDyXwjbzvk9BtgV3JsXj+/e6nPWAHq+ZNMmiPKxw5js4uSGAJONcBWLCoGnN4K+5FRy06Y402Z8eHR9EC6kg1t1UkeHdB6c59PCU0nZEA7mZHHiceHxpWJmzrp2hDnb0oh+FVUlgyyVsmSYVa/ARoToIW7j4OHlbU3FhVFlonxtVbE4+lJ80S/Nyo/Jo7T0KHHjCld8ieaTS2ZFtqpqtjMY7UCMGilkyj/BtYP66JVFTFLma45vtdIYhzjyvjWDUaJWcJgU2pkM32cDxemcYr6KsBC8f+ODDToIjOYTRk25noDfV7c1LQ+CBuSQ/zTJRB/5B+pEo2CKZiXLcoxk2tF2bdENpHVM4R1h1YxoO+YzhjycYigmGEMHEIomQlkhTSuqw4qCL6yERFzLRhx9y67VXXraNmqvRl081Iq81r0QqDxtgzOPxRWZiGcRbRvlGHYcyttIY0Qwy9tlUeJNcSINUEWOdNs8yEz3mAxbzfuoMsnqfEGF/DWzrBqITyR0ExvP44kiD+vYckOZZ6KWrPa0fnZL6qSg1dH1vxl2iOeEqMnjIhCiK6VJGCZClAxv3jznB416hrG0U+ZHiscQyDm0vl8gkrYThFybudGkkQcHA0uB0N/NYXEwxn7GxZw1elGY+mcKHCnMY9QObBV9V0munVbBUzSChcWBTwgU+Zu0ITpMZxPiIxuSVNXoj5hxDNtAtCJEBJjYHuVKKde/BtBW7oGsDaJHxg5V7kNQrHWgVDqp88UhX0+epe15uGtz4HbEuqjuUs8HQ7zTeL33MyFNSp1nsqTHZagU0TK/ZlWBDlT31vOtUZl7HPxW137my4rF3Mk08wuTAArLntbOC66Tfejrl2jzG4XcMPs4iOXHMTmEi0y6NtnPvQjKfdgwOTitU+j8n/u0b7KWW/yFLYtNIpK40D84XqKcY7Ft5RbdTP9z5bruKlrS2ZpGtQ8NlQWLRjRzP/PyVOlIzMWiSQayrzlJq2GFH0+IRhZQ17BTq1mCcfXG5m7voLNqCoDvqzbcedN2sqkToulyMjQ3mCc6CVYgHlpp4iJcbgW09FnjSD5B/eVUBMlGOSBOW61OVWR226j+yMqVnARN66rqv0weRaB01P2b/0gMvuZ8BoeyrUx2xFJCNJN6dxfrk+c3Dvgz5Kabtdz/0wxMrC69a9mpdAEnQallwnoOIMK2dbrsHCPaQjm84V8m2IN27HC1VBJP6R1QT3ema4xU75HZyrN7YWTRR8jL6Y/dOZOxD6mSKrJjOn6iJYPZvFYa+tXIAn2sCzWKkBh3YhziEBWPlF9740KZwmLIj3SQZZAJUVXxO3xqs2U+FyqbQTpaQif/H0DORvW9PCG3zgcSOvralIk/oR1IdufPsxedkX767n134Dilf99LaRyv6hIKsJ6cKd09uLQ7018HLL1djrfXnjoiLsDNO3cijLFCcybHC8LO61fGhoplEWOXJMDWjZQePVJQfJzaSHAA/ZQHR2SIxt2OOIXTwUq38zbN5aa8xG8dJVebb0+bnGMkAF+CM0x8wp4lbCUBqh02U/C4lO6z4CHtX3fAc8lPgr5pyanD7DECYqZt8jC24OgrgGkQoAW/zY2tMlLH5nCLVLmBqNhnXh1D7oASvJUrVY8ukvmbGqphWTxrZU4r1GkjdiUtBbwnG/JW7axkvHvbzVzEHI+4/5Dz93zO0ZEnOjAuLv3yWPdDhYam6gKEj8Y2eGemL2NBGVowByyKmPLEjBs/rsmyHlVCyCaCJVQr6rOaVCL9tGi0c03lJE5ctScGxIBB1pF/JOUCGa88ADyLkFWW5FxWTWIlmUj02UVGIF2f4B9RY46qSuQCeRCtWsU8NvtVwdCKcWDG1fdpkw+sIypmMBHQuq+JomdCjoGTYL/ayYhUtOmYqSNe7eE84RrNhI5LioyRHMiO5q1z1LJVOkGwJRIK22YqCz7uhZGDi/14IGHlXaQ6uW+58bUcaQw7QZgfVMDIjOi4qhUZDKSsY1g8wwkrMVH1tWe0mH14MeLXARNjOSVG0I03BSWZDybLO8kXUXO/oUjsuia79VSyeCLWtab7RHVFqVrsv70Tj2fCvLX+2hm7+IGhgrqEt6ODQ8eUY3slWb0ut6oYvLWg7iI4eh6KukXK8FKljjM2ZwLnb8J3KJzfjMCSwa2MLaHwoo76t3Pym0uvcbsoh6RedH0o5NPLD7oP4Fi/0ggr1a8lc9BTcXKRMu4te1Hgip/BacrYZgpgEzs/pNTAj7mC/YG/DBY7JlZ8ZQAUHHiONSYH3ji5J7rqyeaW8z1N7a8CkOkiVTQoXERmCP51lGqolXhkkUsgemp2x1NmKuQJyyUOTQXkk8ar8nULZbny2uPJtpfcMzDRs3959EnjA+tEXrqOjmqO5BJCctpjni1tlrDOA6Hpw/fz0KA1wPdmbhHs1FoBKFIdWndbaI2o24JbOvEWQzf0PHveSHF/5xpCAqeRY7quE08zvygbBEuEIBzbvKOpnxDqBo8yofwqmvIwx1gvlsdJMneeteoPmZISjtM2A4lFnYga0wxUMdcNVB+8NiVL92o3+veow2YFblKSbk7ZEruJE/uTlRXndUTLMmJjpFPWok3BBn1DfbVVpVAwD9lVPExAqpCASVpLUjE7QaiwQxPNZ/LdWHLk8OVOWdaKA+QCSSa7Xn/f0zvRND/WwJyuDU1zqb01PJ5M6gCu+x9csTF15q2a9Lof/jfjGaJj7fBfyakaqAQyXNZJboEZZNiGfybHv6pYFG8erMUTUhHghCSL/fYdk5BY+lClNLwk9rhzT3N2V3cx9ODvRyawUX+WBZmqn8geTaZeOLPK6mvWcvyvM4E9+rrS5fsBG4J8YLp0EKd2IFsRNDOL5Zre7uV314zeiSHNieqSuEzfuFa7Xl2y0h9ex75uXsoi92TMOJMJ+3Lm2FxWfeh+yOapZMdXGoRENh04vJGKtYiDsPo8Vin/zjzCHC303Z/RIQOQpSj89hPDY33PBduaqhOadM1QbpqvYjlcpPZxZ3lb83Mw0GxiTUMs7+86EOrMugNT/QGWjgRkYCpp1wBB1lLGzvHnv7xrPpwbE9wdJk1DRYYDmss3vSz2+owEep+S/sNMO03JDsaaSifCuwlnZhTlwpDPn9YNtQIh5h5RcBjs1EIyyv0P73qwoUsBzOJefJNYojSgBW6YLqvDbEs+z8HZwiIA5qDEZIFHmx22lbbu5mHqqNo4bHIz+s6Yy55ksiKjQI5yjtr3tgNw1MjH2ObBpjJ5c30YRD6EFGntU/tO3sd+ncWBV3sh6/sQktZuTFbKKoCwjX1GJ6Ta0qnAnSvu3n68fdMTYe8/++Kzd7d3ApKipg9tFVzZkcBYeJFRtYIT9yroJ4UWWxtuKL9UHABRXXkyW1XmF2L1aeyzCIEDqPKhGn2G75ReHoikguEZPSOVxdB6HctsjUgh3jQ9kFaIvoITMHmb/tSPZjXQXSIQj520/kmq03AECvnDIgWjEJgHf1c/4/Ou4KOMRrvVnaTwAXUV8ZKMaNnNTYN+7LkUhXG4STpIyMCrZNCsxlj5NJA63QWxitSj+OS8toE7wU3YxixSmXGB+la+reOM+ZSCNew5eLGXz0O7PW8BSs4FjuHVa3b8cVw87KlHRN/221zwgox/JuWR7HdiCF0oqNIC3T1YijodUIY4uRBBLLJhNAlhtzJaKUl+R9coYHOQgLYsPOEjqHNZ7FONPoIH95PUANzJDM1fQNm/MBwykAOL/cqa2UBEqJLF3Uja7Fvbh4x9CJ3jQtBlVNqrSv8EgrGymgulqWBcJ104QW3e6A7FaWoX+lGpqJaOLJSEG4xL1/rLapLk8m60TuWSPEXuddcyO47bOBm4mqHkXPDcLHG1lCTg6LMaaqM8HSknCF7MIB4asI535gC0p5ILkkGMEAcsI5Ge7oCtSQhy3povqgGD9LT2bSPiau0d46pJ0uHS9DjkAXLEaEGbmG/lPVBkilAfA/FKnGmLqfJLT2m9uKCDg4azeTQr4R/hp786FQPupBahJ0DIVIVaGZrRz+CKzqIcAWVkTWE7qOzU3nYGmHuc81HoDL0BbHzleZcD9kvy3hhYo3i+lz+EpaVx1Yx/R4k9lnnT0Of4spzp7poeAXzcS9BnpqcPtceDhudb5hTZufCZ0Jg16fk0rJJtR+yOOYMSIH0CIZos9RPdd4zz0TwKtk5hFzFG6CA5guRSZIQojzaCnLiUrjlo0+LOFOoIEs7zNRj2URV5xNIiF3FMSHQPfZukVCQvUgCM6nQW6KhXqUgjUbKwqWDQxOXHMRjAxlPxEmCijKWHv3XgNS0nXE1jao+9YcALQCsuRUt4edotKwGPbK0jkXw2jV4O2Cwtkd265dRsxwyF19nEfK5B5v30wGkvGZzTkvUzK/y7NY/VoV3hzEDLAQO59ID3lB7HLLbhyjm6UacquKtAbug2jaDSnSrJMtVLmXcSuLW4Z0lmFI3lpGcvQxTyMsudRTRygwPLE74m0CahFWQEKzYoy7GAtVr+yCUuC8UsmumRR4+KU2ApbfIIBySQrnQIkp4w19G4IDXpH3PsJHQXnJ8w+HjflSbdY9pYke7kSoiJaaefys72hFSJilICeYhkENurIRTbqRbe6fAdfauoKxng2BZGmCkjVcD6i6jmcRDzypBLm0mYsEstIyaYKT4UDgjHFE1MwU5cQ4BDys76m63n8K4WeMV/kiBIP8GzDJdg2V9HN7/sJpODIIRhjZfRxqK1jmLZfP6ZwwH+qLoQOhKrmBtrDVkuqgkHNe/rBuq+0lO+OdR1+cn5iv1u2ceOUoxm+Zxh/O87tA4wKyQQdlaor1LkRtR+ZNxJ14zDwIKAp0WlZUrzN1GOlzKJWKRLHdJcWtG0Qx7VUZZc1pGAlNP4rb1WSWmrwvq2g76C5HaOvnI1UAw+eQxT7jv1YBs4dVAtNYjWGle0UloP0MEP6MHRCdef7FimruLVZ5/10tF+87kXHyangCdTLvTkNhuYJ9ltnpOJtJGWxzQ9/pwX2krFMTcIc+RoYSX7+BX3yIhcTZSEBxzF/BwBEQh07hM3AckvfEcgY9uid9+fVMwNuEMHYPJpHVVwbUFOWzV0HjOUVlu6pyOnjW0MWXWCR1iMEPjm2mOaolMuhOpnSD5KSgXzy4mmeJFbnQAAIABJREFUnRMlc9hDl67oE4lzqMQVnyw6GElq6xANRbEdx6AcY9ofHSoOYUt51le0mgxZUSyLyDpssm7N2EFOIipuWbUNerS+9ZWXUoJzmLNdNuJpK+ZaIMdNf96pjhgSh5+4FkyrrDxBS+VLXaCxHAHrV9sc/6RoNei7h6GWr9ePOHvWfeipaBu2qVUxioV8tpG9KbQGyvITodl/kMe5vqj3FqRKiwrUWsJxebXEiudpxYXKNth1nK0v30kFDTD4Zdbk5Hm9B5LFt902ObJQn9uRREkYNhOf1wIxtxB0/Fh1dkmSDEejgPbNg0VcXiNe65QJcunBC1Fy7RnqTk+Oeg45iEisv43MRX6TtlwJNl9Hx3UYWuBgTxxtnqBDczCOakik3XBtJOGWi3neWyshZtKivHp++IlP6wxsBRrTfEFtoYyjZ6m6QRqJe6MruCo5pKRzn9EkhiMD286TjohqJTMlmSq2UJSCfVFCgmaNppXjqHTMg0QV8h1VKQxUsVujQMy6JK1VHztAJYjwKWMZwRUJl8JTt9LxV/KpRulSDKJex32xQwtk1RU5/VyJm3fLKtnrARh6dQpO8nU8UoNq1H/y+MazdM3T+kGGd10nMnXOwlKr3O4MaN8xleU7FUfGggBnxjIdRjEzN61OX1oqHcISstHomHWM5NDBPH6IPrSzGfSGF+NsxqRAi62o/PGIcGXLz6wxq5A3Hf40am5glhCeCxT9cRf3tTVeacK987x8S/C8Gk5qC7p/Hu7f8D9HLTMOVilJKpR9hEcPEGtbQTLJXys6FhXPRrulXYzZcFKpyoDviRcsWFeZzgi6KzfkJHa21F0QGcbxaaZrrbeuxglZpzb3sq+2WdNDlylMJYMSFcKTUkMrWTMpj1eRrCBwnZ2ol3HhGqd983KkEWgoDqnW/TmDEpVuDfNaRTJS2RQetdBs/mFC/7HfL8qAeELYkxttuNuhw4byazicv+XWQhS0YPBO3Y7DG54CIbtD4MQ65dRXPv1VmvKEmzmbIrXRIkds+DCqqAsqptahj61T4avvFE/t1B1BDl12yju6lDgM2Bnrdpo6mfGY4bN6FgvjssWkRmbQedJ4/kn9ZRPVhdQ92UMamsTkJ6asH8/G87zbQArHA3ZRAWYjSG5pyWPVkhB1i9ByCZHKw4VlVRzWxjkkXl2nBqSdsAxwpPzS66qcAugu+7qEtbys7/Dy+aObmye371wvdKwZGC6AST6m2wYlZMh2hxB362cSzLOSf45KRY30vl+kOiFdxGrEIa0gXp1VQmvIWRmTX6ldkjmtUb5nWpKiLc/6WYNoexq4Y+B5JJodLCjMQqcQT4A0//lkcDmLAMA5CREfpjpVp+1kCUdKh9MHBUZMEuwIRldncqxlpmWhT0Sl8NlFQ+aWgNb60udevspkZvE8boyjvDNwDG1K3TjHEZJn7hjCeGKYxPmeKk0LghZ7AEvuVFMxp9bQ82tNqssI7Hb+lMO11i7S9tsL0dW3+50TlvQ4X2g7a+N+qkKJrKxIeOLKahuMpCoX+aZ0O20tMdTLhNmfgBaBU9rmmJWRE6/9MM1UuANTdEeb4dX3qWTujOFiV8ojk0f/4phnqida+bVtF66RVjHHCo/N+fIIQTMgKh6gVXXpkC/AXsvZWgLNihj2PXo0Ck4w5ocVEZE4itKwrVNufaTrOfYJXCp121skmphbeG0TvrMzo+cQGjWcvlEer8tP3QN5y85q5Jd++sLAP+jPLlxtKTnfKzjmK94fEyqfx7jLs0Bjkf4P4iCbGcliwOWcizLpnEB6DJg0Nrzavl6hsq3N9ye0/d41HkNzk2nDK4itAtE3ofnglBE1mHIXVB91qKJORlxzWZ5Z3zqLKBtdxpxgwEZYTctIksY1MfqOnxKSUJ7w3ecMhcTY01YQ26nI3lA0KAQtm9sjtuq1aJ2ckjjqgkxzBKsRBgFF8dRZj4T4yiuOqZrkGb6TdaRm4NgQ0809hA1MdQcy1qkYNk1wEGRMuqJOvpPLF0jOOqgVqW+N8BIDEBXjbdVCf3/BqyLxlSYT5wS1U4V7Hi4ZvUFiXJPCaAqn4EGNesU1h62nLSmg+lqDUT0icVcYzD6hOLPBhJm0IBl/m2Y5dFRYmNl/EF6C6IognAw6q5Uxq7pTLg2P4tZnGV8MvoEg28r+In7tFZKW5czhndCVkW45LjghWtgHA79EHa6IOqthPI6+KNbFmxlXyf+ujLXMVhmSNzoh+773+j9+9vzV09ufvO4woGeFI/f7reANsxbIQHoC4ZDgWFrD4CXydTftNeEz4mUoBOdyl3KS0EXfWTNRiihrXX4CjvwUlMJFaE8i9syxn/yIJSDL9XPTCCXZ4BQhUweS8FiVc2rzhk50Jc9EwU8EGKAnYq49vovc1GnAqj79JTnB0fKASa6NQcuKQPrkT7ZuEsTOHTcvBNU3K66IOW1GN8WpCWuppktxr0P19ebtKOremE0TUTffuqJ13UfkbMFxlW+TlcxMXtKz1GSlzWlas8ZO+YWbw2cjIEqPo2Mey0yMvL2q+ho163n9AOlSQ9stfNhEJdNhWOQbqnaIKFVEtFs59rDJ/JRhlARainS1I7/tXo77JoXN3J6706nwNEFMWsSikPThX0NYblTYwkwV5W4hHzZrdvI8k7n3lPQlNfhIn9iix4O7Xf1G5BMxdzsoUHOypN7+zIBcpTXrE6D8zot9mhF3v1zny+PpaM37TP3O+g5tvMfmvH5tnYvmNo1zA3yLCqiTFQYlG/oXGyGIiqHcVlUuYcdcCHN7wtBmZaj7Dnh9V+QKznJEYLRF9trYxMVS59B4yurab1CrLwiP3r2+12o8A/roSY+Nnh5yDaJsgKdlKoZgk3gzzIxIluZUTpsf5y+NJX/Pdd44hK2T8z1OVBIxaCPSSsWeRcI4k1hph5wta6fLtObYfvyiLMjhhWQzkIf4L6RDyS0S+NoBXNHQ26nmwt2XvRMa/YVa5/skrVLeyawiGaODXOmKXx7pbfrr+JHANDC/c+2JlMuxVF7qaAgZmSSIVtM7T991YVbD6Xb7yP1CxXrPWpi2lQt2OYKQce54whbXsgFS7twV7LLR7Xa5p6uf7iTUS+Sh7u+MSJfzqKyV7y5aBP1ZfWPx8RthZXiH3+YZm/d7SOd994bGotXMMtbxzZYwV3cqcs8Ma1/vy1sPeZjfVoD2WH155OxHuo40lzC2Ver4lYRPLOI4pVFV4/CM2A0tqzmptUq6R3zGm/nI/jxIiECPqNg9FD5oivDUjg6I1SQ4e8YVy4w+9oSxYiwFZg2QoqGRvUuNmP1XMZ8cxvaOoNW12T8pkfXNyHl2pUs0vOR2quKh8kq4SZVdjFlWznOIox1CEOESvJnRRn3jg4tNu7e3/q0tFfiVLuTJPsV9XeXE12x6MQc6GEfOHw8AH74JGUoU+DDwGktLX1LQtphmA1vm1iw0CK8n83N9va9+XRX6jFjTmjBiUrrluCo0CZkeaibW3pmo1HKiXmh4C52l77yw/eoTsOI5YjT2QxoVL7ZgPFuq7FSyj/IhWtqMRhz2dxQ/8PWNFiIEh+nIuGQlWVM3w9nM+0Hp0V6tygN+wgIHhvKKDyK+UnoiI6D1DHMM17GzejZo/DZb9g0XkuSY+5FmOd8TaG+GVSsK+vpi06Z5PgSchhQB//Z1ATuyVE5d1d9qOCqg+Omtb3ePQIyAEniiYo87L0z2jlZ2XEb50umw67DPtIP/4KOV1TARLwiDHdEQrTxB0bGprUr63+angnYJgmJCpu00KGtiyR97TIc/vXkORxUrHQ6BuuSvHY+vAuCOz9XuhiDO13Y6iXn/7k1vmjc6N58pibxH59Htu84Lde6T9d2cre7ZTREuxp356/dQ600iYf2rfkJ17Q0YcHZ3bIpEGdLY2kg4Q/NCO43KKaoN+3Ne+mEgPDIq5aDOT12DGW3HYBPA6ojqxqR2OjTp9G/CvaCQm8g2ZDi42ZsBbztX/vTlo5vP+13LF6+eV1/CeXKt1wo+v2kMS9bz76xb6YG7HCWkIrKVsFWylF3f60LhOkOjv26IUpcE+gZr0Mc8oFx/xsc84T9ZaRx1pyu4+9nH236H7cnjF8+ar+i23J9gjA+jm9B3cf7xh16Czi8bAjK4ay3mEFqdH+/pHUcDI4hBErrQoOrl3u/7gZR+vgE6PjJLHVQwd3GymMxauGxhjvxqEgmzN4lCvZkZUlyVdqmhqDTlPYmrgTfjauLQ7NeNV+a33dLUDC7V5j1ujmaJVulEblc2ekJDrpQPj3tIo81U9ovTfizuw81nL01GK3I7U7I6DZ3AtYylHiDtnfgkRWrJgwNbKzpgGReW7UY9R/Hn6YHabeNUth1OqdUvWT+5/+bt434DqzsiagEd3IS+O8tD4OAs3c3w371oRqU/K/G8VC2FLsOko9fPOOWMttvTc3j+6YfDspdngsT4Dm0Q1PR49UwMoM1LFqYMGY+HkGW2iptO4lSi8e/iXhs5wXaVGJK7BbeCzgVvIEXjjKEc1WuU6dUsTaY144rYE29n9aadoekcsIs6eavHfbUhUQPGeYP17+QnOGX+z+ii4Xa9UYIXOviKkuqmmxjL9RB1OTJ9DvyCYw7XscYNMQ6YTwPCwwZiy6mcmgRvGoypxOkkRbJz6rt+CKzO6PnzR3cycNAZlkMEidugnAP5M7k8CTc/UInYkoXt29ZlPS4tMl8XKgDwOwisNtfpWyJP4dNuN/TiY32Sc+ebyM5DNYTzEmlWBzgsrn4EvKsLGrysSoX+7fFNv61y4yKXS7kpaCWk5IEmYiGfS4qBklN1kEueEc7bUbkIIHC7NOjm7I6V/OL48xefPX6lhX64v33X5d4WV7a6yvPi8S/8wudewPrsRR6a9Hy816H2Al/JowfnrUtl3zD9VNFALqmGkww4EdloYUKrHJKOzTInjr2rP1luGtrzHOnKrHlB9EbJ40Ioy+LI7k9wVLUs9MWnvdQWvaUiavJEPIk28a87SXnyj/hqY6WzegbaInefWICn8kEvWme7Io9kTAONamRHBpafYopU4+h/2o6KwKys7GIe3DBci42jNOaxqjjYgqmZrCCBOquZMEJUFzZfE8k8rjX+nFnExM/c6B90SdqzvTIq7BLYMhUH0owvcYlczb4u4r50O6foguwrlIMW9CrzV53+RcWFJXDjSl7UB2ljj37x+49ePnr5/GUHo3nIKQn06e47HNO9Ase6u7or2quXMIj7b7WJqcCwzoxuKXVJWBiUzYtwYtrncK/vIy2RvtTvs2EFO+qkFxRVcJVho7GpcjTsqlQBlqu8wKvHIH8rvpRcMthJ5rjUnckSukpzmkG169Rst6bykGfU9sFeyRGRhPYPyaFtjxCmKR510irQnVeCMdhKSBpGJf4m6pJ/aRrxDLxga5ZkDMBkCFlwj9rJVDntYM8P6eWMa0H/4AjtaAGreqXBPECyAKaxxog7knme3MAex8+uC1AkjB3dpQ/RkSKRyFg1fCtHZrYdnwHsk6ANv2gI62/aH+org/N054TqhtJimXsqimZ7bdSyD/LyN1Fq9KST1r5c5rJE+JKMjzufc9Od9x09f/c73/8Tf+k3/vxvfXXTL4B2B2LnLJ0VMvNs0hJpE7m7b77++PXbR+9unzhauK9qD2vq8j6+/ubjN68Zp8cIaX/Y3SKROv3Pk9tv7m7fBKNSqlmxVUlpVvD4w3d+7jtNWhZj2A0nYd3rXzji2c3H7/7gTCO4wgSUh5p3hbgfiX3y6jvPfvCLXfjPvJ2q9PBxI1TzjBz34sXPfv0X/7/3r/9kcl6/6HTyx+efv+xWg37rvnHs9u3bflboT/2F336XnR5G2MTSiesg9s95TULgZU6f5iS2Toq5PF6HZAa0s8RYaiONiO7S8ZbC5uhuN1amkQCuvQ7/u67xxf8H/urf/XOfv2g+2OP3BbNzfonxqr4esYDk3fd+9y+8+Nlf/HB3q/12XPPmtR5Kb9f869XrX//hj379T7367Gb3/JQOnZ+7D3eocvj79287afid773wjv38uuFHHswEsRhi6daWj/wQuMrnaAQ+a/NZMYIM4YVm5B8/9tqQHbF0wTJCBzi7dNlv+973KvEX3/vOzcvvd/4yS3oju2eyQ8YlnRFthtF9m/3M0O0Ja3glkjTyPtN+3DV7/8yf/rU//e/96PNXN11uanYFWpOjBy9yKn/bd1zH4V5N0gxnL4E10wlt9b5b+hKEPoVTH6BDBFwCaqqjL0/d4F8I3334B/7uv+Hnv/js9va2LK2sin4W1+2mdbEfPt58cfPFq++lzYnmWkLNY/7qJ/ES2Czw6Rffb34Vjo7SzoFA0dv1tcd3bvd6+v6rrx7323kgNH6VEiYOp6UsKm0LCGCn+YiIGAZeZHwjnBEa/LqBWbbQIWq5ZDHdrnqSt7teTekK1PoFsyoLwMc3t8++/KGZdiJuXry/fff4s1dd+OsHo5qe9tr4HgziyWAsR2IkKBiEE7gWcwL+uHdNgtLxa84ryp2/e/3N+7evH3co6CJAXn//Lt+KqU6kRlkzard7DVnA5EVPwPs8uX/z1Te/+Rc9mNDP2nQwsGGyDik5TaWZef9jc+rcB9aWAVOViP71oJZ9b96TBk6cz5jhbHjur6GXYZWmpTwt0ZxGuXv/5kc/cu2qx9ndIdPvWkhR58s7SKyr/YVfCpSwll8B6bC3Q5T6Dd3ko/d3b95/+WW6HM439a+5+knpkkkKd4B1++OvPj69SamXKQXZNMApnBOr0G0TWjh9rCML98mTKM5kKh90hJHkWHrTg0b39Omf+JM//hf+xT/+m7/+9es6+Q5X3n987ucgxJ7kpx/+jT/6o5ff+ZmOQ4poF/qKR+I6t9DvwxQa3uBZ7We+tw3nsMCU0PxXvZoV1Aw2podvnNYJECKHciSSaV6hIp5RfLInF+qf8Ixx26dLpm0prYw3NCp0/YW1Eol6SZyOyRjKuqjGh/Zx8R03JDauSYkckOm8JCg4I5KtgVYSSQkO73QejjWotYZJWbYdYYtTSpLhkzbM6uYh2xO+osoeiJQn5hOgoLfrDNOEFOgjAEFUOzNw3cIma8jv42v1c48tuTMEp/i4b+s0cxVDDzhbCTjSiPNHKzeO/aMLcFl0vLOiKKI6nBhmZWUXs61qp0PS0CkXZL3rXZTZy/iPH26efvxbf993337t0dfS0uG47iihs6Bok3DJ0wQfDEuqOF8uOjOjyHIgyZTCMFHt60kugdWxmsgZNfJKLosP7ogrmYZZMg4JnsAHwoLlbCh/t5rU+aTNs28DB7de7bqiLcoPhKGiyi5SbtynmdJZDiVhpE1o+WmDrQ4r89kMnrbLY+l1To4siOOFw+HV0RC3jREdFhL7LGb4znLIcNHX+jjgbKd9QviiDVaM8rBWNtWnkPgJOSTH8IBvmT9WXZO7hDxY8yCx6qNucsY2Um4heJAWyYDUx1xy+EH1WU3Y8fMpWkAHhiOpPig5Svd42NTMO/Oisu09wGZ5guJc5hxt9hTk49WO5WAdQfUTi5PAA52QY0u9VuVrzeX9dlqRmkG76NtvO776ja9++1d/i4hGILf6N8uZDgNYw9X9x7vf/kvvn969/6brBXc3Nzf99me///niZr8bWaf2zdv9jlVS69RljDEufWagQX/y/utOmdVJumQ3XzXKNVCGzJG9dwv1KgtHH6r5jjEkmcu03Nw8+8EvF4OTjouVHsAUwe0i948/+/6zn/nZZhbKxi8lyWtK/ejpi+/9+N/6v979+X//8c13Oo/V6PXsJuWP727fP+9C+Md3//qvvvlH/lf/upG7ITwGKo8DIeCLFD04l1jdoybbxN+xUoYUhDldONbt4FoM8sQ213tNcKzMb1Q6r/68v/un/9Df+jf/Zd/58pu75r7VuCV3d4mYtDT//Hj7B//QfykDe0OHMbYDmM++23lRxwkN1M9fvP+tb377N37yc198p9tktOPmJXf5hy9zRrbcvHr6+fdesiCkcAWdJFsceXKIX2XKWFS1ZGRCZtt454bREO1IKIoP3/z4ze03ng3lp6Lc3DC+3al/+/b+7sn7n3nxu85VgvQ9/c6TDmxKqicvvO1Hh9Ip85/8xqZ3Hl/oJ5Z2aJDwZ6Xoq5vP/sX/y7/y3/rv/3Pf/5nP9MH91TDLMT01cALep9CnlXvmcVsnkr5KPOZdtGukDFvYQsAzmXKaYJTGmpnjpTedzv+VH/89f/Cv+P5Pupa0KWYnrG/f3r347GU+efv1ly9+7y//4O/9j9+9/XLtzIHHzvp2GNSxjatsAdImkrnkGNiUO+Ssh76/ff32q98JpAPEhWOBWwcjGrAx82xkjcZrLAI8qyxs7opJTjE9fe/YXedV2f4i4I71BDsGXyeohFcSpO+lBs0wqGuC+6gDyZrZVz98f//bQlPRs+d337x7+p1sf/L+7tHTz2460f7h9s6BW9Yc/zsFwOEmhFkuAp3Abgocmt5a60HHDtIa++TPh0df/Zk/1vGhiAKiCXbBJ3YW7E1AzTXjXNfdBhd0VdLxfmN+R113b9782p8rXULs9wdqBaBqTI96aOnd3f3nH7t6o6/JqsjyXa43I5/FrsjNDQTTs2XuNfidsoyprYufix81sd6QJm/K96df/4U/O6e7itUZgdZ4OnDqML6DkGdPf/4Hv5S6M2d1obV8cEGltKzfy59f/uiP/5td+ZIO4qi/KfHmAJFNSb99FmwTu57By64HUBHpbyzrPB/wV14oNv5vFVTzntGJkVC27u+L733+r/6/fvKH/8gf9nqH0O4oJYiFoCsAXSfNNS9f9Uvq34H/8eN33gRVpvU8SIfo6Ul0Psm3iU9rTiqSwzEXtsVrGxf4QDJov8pRxXV6otkU74kCFp2Z0eoqWrSm5NhxnFDWrB6MY16jCyaRWtOh89S1PtK3WzPKZGmH4FCIJ2jtVlY6V2A/nKxYzeqrPhoftFTacuhXlwSyLr7JJ+pgaSuR0dG8wumvgCZeCHpGrC6hhySmC3/maStqSKgUjfqcO5kJX/UKV9dquYA84Q/mjLoKXmh7yCZ2A8hVEKDqDsW+l4QgwqHiYeGBHDvrxhzJOXA/wh/ooLgWGw8MLDnbD7YxbVAqJ9g0hQ49gR6ndm2Yv+0J4H62vITJd0kkNNDHlwOIqYt36VI+32psaAgcOUQSAtWFcIn4Ce2yCsgLNKpL2yfA8Rabk4FtywAw9G/RkLAt7t4cLI0BIQalOKBHCs5FvZ0VUK7lGQYQtBBFbNQjP2Xb/5ZkEmS3ZUoWunZKs2NQpSFw5kaizXt1Ou2GTDOkqeUgS9PajhZfcf8H+yhGZwv1URZ/LAQLwLHR7rm1tjyiYEKvDDrM1sRPabK09nWNZCncERQCilYyPBXMmksm2fMNYy9pE1zhp6W6mNBtGUgKKzyLmknp+7jsk6iLIgDBa8kr6uYXntrmJed8oUh0aKY2CjaMSdFYP63RLQx6YSyLzgWN6SfpRn9SrLF3xUNyut4G3BTk6r1rwDTU6zLc59v7vCuMxRyk6DdA7radcz7t+f27fk7TbPxJI1pTmQak3qyfrM5AP75/1t1A+mqYB24a9oYdARKTazjMisCZo+rcoAdxPVnI1mw4A5Ng5oK5pLi831FJ84RasDzbeay+T+5mAslyVMteEGx+7CT/+/e3T188//jiVS+Zb8bvV0Q7m5gB5RKlqf/6Z7/3nTZNPXZfDbFHdMJm5yyLdpYxlif7Fi6Wq2m/L4jaOaMSb+YutojzLJp99Z/OFDoGePyyI667Zy+evupWByK6CSIB3b3wrnNxXeDsphFJ3v0MAWcv8Z0j9EDwbh15/PHm2fMGvH5mGX5zDi7lk55/8KOeCyuIWFNyGvMxqiJJT+4csu2JPmXxXKmOMKkmysGQX83jEuK0S2Z6PYB5Xxqj4olOg+Yp/Qknmrc4p9tu86TJitLc3I0GgHl0IEnJpAKZC1B3PeLxM59/9vlNGdhmFMGvCzGJKRlDVUGMMLW1/p8tepm5fO1lZGwcVZgrhfIkX4HsiIXTjC/JtHx4f9eIUoTS0gO/T185iHr2zDslX372TFkn+W9eveykeNHJSyhJ3Udi1D7afdLvZzc15K9P4Wu+bKp1ItFMm5+Qpn+RW6vRfxzIOaTNlpzZ2l4GtZnAa58fU9O8tCAkMU4BuwRIGb7lojllAhIxv7G7ghxwCRu62SLXzb+fu0Mn/B3ZddbfGxOaI/phb0c7oSqgc6n2ZPYOZjUgZGkZWCKLTU3YZZHuOokmOYmMLO+X5OVwnIhjjtbrPXtwQtqXYh1aZZqZcT+G3an3WSjnbABfRGoBxaFbbspJrvr49OXzzx49epMpaTkO4QixaXbbYxw6JHGvFC+37MuGtM0nKFYeGe/VJne7F9wMiLCfzxIOs+WMxRAAl6se3XTDZDNl0+tdAl5biTG3brb9uF9XuHl281nZ2pScRL5Ns+3wdBhMqaDVTPqVFuGVoCeyEM3XM0Jhu7EtdlVk05ypUFRads6lHccfBeXR05sXn716+UpkevC3o5tE5fCdzElO3mrGX/oW+AS4GCrTdjzUVQ6X8o4TB2lOBuLaY8LJUdjcyFfnxiye0xqZaZZftIAvHVdNDk1VZkFTBs0iWoaPmy3YdXkqwnQEjSS7Ahbxp4X1GP1FXiX2loimecrmLSFv+sZVP9VgjvLDMwREYY6d8KOMkoqBKQ2crq5aPlBZUPAwBGC2YmbR5E6Imv4/iRyMccSsNGFJxdM6rduKipClR2RcfpRcou3D2jpKai/7Iq4OpgSxYQUoPhW3MUsv/rbVWQYY42Fb+SdIitnpqVzLAxNlZwcMNVYAXHa1EX5iW8bVyoz3pEQ2TlotSnGvu+u79Kx4yOotkHBVBYnRmKbiCMbMP6hL5Ljaq9dHfhyR2If+YlAmhPIZlLKzTagSRqRv8CprX2xkyKSnAAAgAElEQVQHL6RDO8KJT/AJ09hm5UguMYtteIMnW9aASeYw7oC75Wrg8+6MU1356LbJOQHjiBHYH8rjfqhYn+Tw+JIR42yHW3gU62l4B1LyEjfayqcuTn7xN/lScnyr/VZZ5TVUzY5rzm1Yuai2PfMxn9MC/YxM25fJkzqtC1IANfeWaJCNlI3TTzRjQLjUz9eEHZ4j4NqfIckRrMPfoKbdJ/WIXzFRfKTjJZeyHYBRMXOXTUeH6qNdsCK8mqphdmIpnfBUKehzARZmf6f2fM1ABVQS2HcHvYm4omNT+WLHn078TcLisvyZjsKsu0ldMp0d2fwj1qb+TO5s/3uztbqO3vPdd0933X3otgQHAz2Ftt+zEcTzIEBHDnd3DbcLaoY0ejXplGR++LlFbgn2Al4rXbfPuFwZ1SwQKPZHxqCNCEkKXL/b+6R23UV8NY35UTjtVB9aHaGcV5WbwusEjItcN2dcWyaFnWH22q7OLjek9TwbWd1ykLXveqjgyc3TZ30X17nv483LF0n1jsr+0pXEOo+ia8hNp2I6slr3XjdwiugOt9hoUUa8hlVROIe6TO5A10nlIyjVbYtT3s1TzeX5LLZjFdZO55t3dma0w6W0phKGFlMvMRSNhBTYCPJQeEx/WwtEj2rw2gZcG8HKoFYJ2wy3oTM9zaiU2YztZCkJqTLMT7w9plNLTgKiYOYhDMn63M0dAJg/as6s9fNwTcbayPOAmbhrDnm1+8b6HkPTuyktuJhS7oJMk6fENFHpkZRu5nr58lXTw7ICaWDdQ7SeW9OcIIhEQvbB/1AsfpSnxOiwxsR+6kyDYgsdqaXulu4oaRLRla6P7+5uHDg6v1tE2nzz+m1ztnz39s1dbeNVMdxPYrn/JJHxEdxhXK2mmWtCnZsPQK4DqOMcOwMXlhYzoPrcloDOx+AkJ0eAlVEHH24EXMhReUMlUYSbUKRbP3BUVTE1fcV2epxjM41Em3qlps05pW+UTcYp9u4vQ6GWkJzURrk5efnVbhIfu5CBkrB5s/CZ69fo8j9vp8ndQ+qDrOE871Cup48SsSYcWefsdUSQ1DQS6dCu/X4foM7H/T3NTyvpiLEGT49IxZ79Bxg7+51y70vqpxnSml1t55FsACG6k7FX+lY4Uy+vBc8CbkurJXwClqsrV8IrYiUCAaiDKNSufeUBv8C94xkxcpdXhBkedj7kbhnpCdpm/9nwpJMR6Ys5rKbjNE+v2Eae0+eP4KizK66zSorJhkTyPcBjYWx5kat0820PsWi2ldL1oVND9JKxa255WzO9wZhN9OrCkt7dSns42F1U+FmQN2jeSJSyo0a4UtfSxrX14GLiKio14h6o1VglFCfZEwBoxQw/IVCvcsUqJ2qGVXo0sHSMrSJ3WNJGWDP3YJm8AGKZ9AkkLkQ5MtLWoNEKro2ItppYRMQ/KG1fveCe0K1mci+i4npY0gifiGgqR42gDv/RdgAlDgYK40U5l1G7irRVzWmJWpZUoWZG6cCxxrtjj6qSI2Ev3AkeDRwJ1kcTt7UC9hYTydo4M9BE+NdpXUt0qRsenMmqavu+570U6Giq2gHA6jFg3EyB3su2iUBo4wizN14bOpi+WwM0uqOwfpN+ZxFGsA1CUrIDWSqiXyqPESapkH/8J6avSyUZqNVrwcfiGvZgThLKhANRk50eqia63ZjZLJ8it9N6uxVeO+obE7BVovUQMJQY6j9qlYd7RMTqgvqe364IS4MjQ6SLpOPNQaKxjYsDtipOmPY9CwYtAAM1tcjoAP7ySAUJWxinbfKxJOcyEgwN4EHJTEpMZxGQZRcCtWHS32ypsL3q+Rhou/Ztc4WXTKIcwOOGSvtvOWba7oOY8mPyRK3wkCK/4sT/0R1HHGvUXmL6lv2TdVAND12XWykoCjhrCE44HrBaeB7a35EPTrCY9klDxDRQd+yqbqPZSKhRIGdRtLsOP9Ll3mQt42Y7KZfki+HsBoMj2jEy2rC9gtNOAi7zR11TaST1NF+n8/QjkTTCNoH/+PhFQ2vPgnXq0yBTXzCeHtc0v2le1Fyu6wDlaUO2zEyZDbFoeG99poNmNXym/cqiupS0uMeU6ZKmpeMN5uazEPF1Yk0Wqm3cDp6zmk3KuV/HnJwzRQsxXIl2JjgF9CcXiKVDr5l0S3FCOtPeY23dvpHxJmmu+ZcWMuN9J5a/+8Wrxr7APeudho96APp23aXIXmeRGHH8tjmWDlJoIMh6Dt2qqcYmMennC+DckYE58Fcv1kFJxnUi+Vn3QLy7u8uexv+1ICGpvOE21kbe+LpPt3fJLGwMozJLGepYIpG9xLWHZU3K2pgDOtNYNiUhTEujqHKIQ8PAZFTbVXAU5GvsG4RPicr+MzeO9CyuJ604GAO2SswRlQR1BtB3GR6/tj4GjpP5VS/N6DRlaEEjiEuFiyZxHarpPwpbeRba+cfDxHVyubOpoclfmeN2iHwFMcCD1cr0RYMCrBVTzdIkUgZpJuVQKcMRUaV/yZOUgDhJGd5EOLf44kXx2hUV76/sHq1YWHH37r5Ya8Oy5kVX0D68fTN/preUdCCWPgpKAYcB5sT8UBHdcquLH2tMMq3aGtGOG9c6opgvSePI/Jchsl9seHqmqGivHa5kXp5b4OmaS9KIoeJq5xyU6ipXgmp7p5AYMEnOazUBgQoo3fm1t4G5d66rU6atDu0ckUpiKtDErc/YDH7eXuGxwY98Ce4148/Zqe6tP56hJbC78PKeJ4qafiakrbIloHqGeqUuNEnLOYePKavAXFX8aHKYr2XW5HqY2NT8vDNu7SB0cx56XtjOHErFpBBvK+iuRSmrZGsbGuxKwlKz26xfvxdFlrlMURpJoD0zHdryxZUB02VwtUltuMeQiM/OOdJRYrm1g9vSe+11PgmLbJ9ELQGAiRpq4vgnSZQGL8DbXwEbj8GVtaXjCksRiFTXypQuBPMxo64DP0gGNkrt7wghIB3zzKpTwT0JQkUkXZVUYR2bXSG2Ge62hmIVOWYVxLcc+Klob1Odc9A4wBM8pqpzbQSwTA1m0HwFZB6oOjykXlsJENcFUjOvTnsCByBHiQNht0JaGNfOwVyhU0HTRXAb89g2j9hJnBvAonxqPlmnAOLxDTJpB+XGL0YqohEAlRnGpMoPmyq4T1kpygsVVSgEuL8lvSxQNlNUn1xx6M5ndLQ2qEwEMUezcpUVWLUdp65PwRGnftBG8YnuW/oVReUswggPgz0yz/KpanxctpKhqNvWDVSoTETZUYvSU6zfiWlD+obLMyZdYYrhdOtTNs+yOOdNBYMvz9Iw0QGSFPJ9vhkQTooL4vjLlWX7Cpb41axcPVqRIRzDuvIS76FBgs/CuibUCwqrHlw+lNVeXVxsV6ozRbdGUNCGoRKpQlFfOg4e9EEkGfJHBqGpdHpWsZpDWQJJhP50k5dl8cXib3gYAuq82TeFfeqIyZValpCerbUbzAlR7nwNYf5r0QuBCpyNgtplFFfxRNc7ATsaWKcd/5Hja5+VQINE0MCJYfvWeUvSPLDRl9bsWI9UxUBFeZTBgbtdzkRLOmKUM+8Ao+kQ+q7X1JhWpHcnrY72lJwU2HZwzB9GO90SZZCWFBXNGIKjn8+YeFQpVb6zLQfvTKns4lsEuG52TNQnSJND4sRG0pZ7avrJ3ozUyz/rBC3oS75e8vmhy/vPnj7rjvnweqqySfjpbsjv73jy2jzIUwctBJEWesbzzKaSZZeb/S/GRARxYJEf9zb2y8WGQl6fx/U5fgjrfacTTw/nFKDjkoU6amC0iKmcZ2QyGEbi2oyJw9N3b9/5NYOnj3sstVnLy5uXt7dvnpi79Vo9GGnreVtanMhjIEshTIEZJ7SzxFykLtgSklwqhfu05NKomHYWOQgN2rQkl2M26m/62LnDboiPOhJsjWxuoem881q7W56aKh1nRLYxLBAEEtWkov/YHaZJw82M94xhtPk/VO7TMSEVCUsIT3pVNJ+lmAH7H8rMEMcKij0jozj8m4qxNLqsQNOmANQbmFKf9hHXptHahSBk1Aw0rGdi6DVLUAhoYr9ZJlnqowc3U5yThNFwhaGuvl+drrTd+h9n5SVxd4QIdHKPZclhzOISf8TNzwCNBlEfkbJ1GQeOSCbNCe1Ad0DobnRncLuZv5fgdLr26dPbbil36Ns7cJ+Xhs8/e/X6x1//5Ks3gQllkz/2UEJcR2Ypqsr9KntJTMWV8Ch/lWieihFy1NyXpU4uiHOUkY1hMsdVgR1RSsvcikxaWBiIguxW0mSf440Y58WZr9ouuKMdZ+rRHjWZJOyUNY1GpC84TP0kVO7pvqiXcmVZfWGOC4zOSiWK7IRFUgYkLYcT08FD3hRlGWCVST36W6vKF1XXBMEoLETXhr3lSz6kTc35w1XgT7ssD+YER4bp6aJhgoWY/OKSOAujl3Vnex7iSlijAS+N35KrWcLzg7a0K1mCsXxpRHOIsQjUTe20qyfgtcia9lymU5AfOyCcijXHcOWV2MvrhSZjN8afeBKfGDnpfPY8yQEgLkNnR/YLPHB8ktN5oV4K1SGmUdAqqQApx7acWIuLUlIJzv8JMO9XUp+yK1oqKyFHT5io/I4EwIN+wpMzdamC9cHXEZ7MEV52tZc0xH2iOyhmpIKhFDowF4DOPS0AKxv1+GTGofkkaoBkFHNUBjG1F10MYMvralY9/ihHcuRNmH2+BRfl4JLXJsRHwBpGm+T7ipKCkbR/gIyYshOrS8YVELIrx3xAIoy/AjVWLUfERjk1p6h1urgmzr5GjH5Fp+QirrAK5VQdfO0LpsKrepXSwwTb+ZkBWFvGfmJKhnxY7WXsEW6NZV8Ty+AOAEoHJn6LZXRgVHa5LleZgWhug7k60kZbNE+BCCVLV6UmqZI92Zmybpum1RzWE+sIFtqyLzlDeOTOcc4QhG0lNfH/f5jIYV+7W5eYhw79IT0KV2Qg7h4DLPynEWre/klpxQ1iljY4Z07Tl2zRMrR+3QZrsREdSf1OhoxnMNvCSN7liHlqXPzFCQksnowCKlGXuATYBMYwZDTmzdmEWrNBetSvnKy1xyFUtzjtO4IE9geMVJE+KyBAqVV1l9Vn94ITRNjqsXMA4dlI+CQO2pGRTIVWYp+HlGNSsh6Y3kvjVWu2pv58UNlyFEIZRAOm9Cxzy2QAe1Ku3UHIQ+PxNUGJOUVpOzTrJNl5VLIG3DwA2gRisW0oPOWTUdHyk6RDO7orDpMT/5rf/Dwh5KxNJXkGaUCUj5BmYSWxgvL+vGIy481eC3ltoWGyE5x3d+96bPTD86YendgrFO87kR3j/bv9CGuzoc6kdcKzC90uXjO8U86dCAzBfgVs7TZg1QHAvCiksp5XK8goIBx1mOCkP3LzU21qgagk0tPnBKvrAHcxNityGg/knvFNRjffmq1ZahTxTusYpzNZlZFteioAncTsZ+3vX71o7OlM5ouXzx3rPOnJtpvkV1230VQvph7I6wepvP0kIfznvqbSpv0mFf4MqqSzsbua0+A16JG236cK9YncHhFDUAWPV2k6mNubG/bkUiCYjy+YsXUvMGPbZ9Dzbh6HjhpLNdn7EGt7mOpeu9nChYAFOZ1kjrIb2JtqYExeepdzG0mTNs8cQ23DAISKtUV7ANOhPIcfolEP9ppdIkyUzV2IadfZ9UhLL/tMSwB2KQGDpdiFaNc6oqXCiWEasr8HNpsxi2QN3TQxKd1FVgaf4yKmzE9bR8dHURV28iUYOzifbP8pUG0/b0jH+a7d2Lio717EWZ3GUen8W9aF5OnzF8+q6TagWsfNi96M7hpFyfDipieeX77o2YAOVDrApImpbOzwy4ty0/b0QwMg53BaKM8RLNQYdAWlVYmozsmyxMc26Ad2fMuBWPgTPLO06ds+2ac4q4HgyLPpy1/a0AgipWKRJE2pwgI+rq3iRFfZhkruLDKR177wtLvHuNvaXX/vewh4NkSfvyRM0rg4hQkuD4pbakWskuqbXmZrE33TdPmegHMdT6TTEGknp0vwsromE307ya2thWHtc2BsTQ+NbJGvVwRWwaURiPuhBGdgWMzP1VjUKuq/bb2Cb3vzUmFhQfmX/LaqiGO5mr7ogldNB4UduoTh9HuzJSU5pWelIu9Milv7OjJ3Fl6M8QpfectsKVKn0m69HQVJXudOIeRSWuTnqCu/tSpwyhZMnD7oi3v7AK9i+uI8kA+p2ui1Muom4gJlb34gyPA5/hiOvIcsO95Qh3tz/m0kpf/KyT/f2x4YxYwYsAReEFOpgo5JayfK3JMEVdt50GQnuZTa3BzCHkIHoKKO41g/TQdQRsHDzNWD4Q/t6AE4NlBbbFD6jMvXepzKJoh+NYnhMBBUXctq2qZSjl6NTQmosBO4KJ4NpacFoa+eO3yP3LewjA0+VYN7kSR3Qof3aG0f3WBNUswJoTpco7E1AoXDo3LZROC2rSdcYm75aUMVrHX4NnQYILjxtB5SHxRUfYmclO2cMLb5rUyAeNStB+MF5BMIVl4NzRFrnTC31IweaMiqn2T8zL+8cBrIJKULQEP5VORnwxAVZY+i4xPfmnUFzSv0a6sZ5DRjKEZziirmk1BU+jaJSQzt0a2/W+2Db/ETciwX0DYnhq1trNeZqFZksVAIYFyWJw8s4CpK00PDaOy/BOuUgGZyG5HXuqf2yJmlqYblKg58DU93Mmc4LVbny2MkpIS8I85U7yRpCrHHOwLqBOXTKSGq8eE+HoN2mCpsI4PnLmLSqGsE6CxtVZD+woT6ArbKM4FY8HrqJJkTfBwZbDrJb8uiIcKw1YP4n8r7Y2fk5IyMCLGJuEJL0tRrSAo++Rpc//xwwWgHkoWm7a4YZyTB87dvciQXpvZpnqddcG5LZEiFmg2rm24Rij7tx4ux299pD4xFORRN7oenCrnTkN0l6GefdXtzE5vmbGb5nWvq5mZHha5ZF+xUU2t4aLNB2LxDYnfouMEbEsN/TVSsrjPnKaIrpzudyhitp/hU6qgzGVGav+eCFBB+NCUv3Gn2Cnmge9P44dLWj7AHR8YsN01veydIQRgBDSceSdABZdR9L3A0les8ooc59xI+d5D3OhoCepVOozJJJpSuzMvXWZ0Ivdg6hSc9ybepiqsiG5E0RLjNVzghP4e9SDGDbS2+mL1NyjkXd48AOgCPjYviyMkC576jOrHbtx7AaEpQodmwdt9/cYJ8LIktuvmgTiD1eoSOyrpRJh73aeSVtvp00tqdEQfEYgBXXpZjHA3slB/M8M8WNlUx7PvC1nLipZJtBZCV6T0dCvfxfBczmr/FH2udc+atLWfipLOcqC5DZWBPmpQRHcskQ7+wy7nmRPmsSZWDVRvdrtDhahZLN4E4iLpGZL4IbUXJPBsXurmVZy/igMMQcIZoo84RP/Dn/2ClGPB+zaskyfvhK3nEqpB8eP31m+cvX77+ydu77hfrKe1WTuIcp020XG1jzfX0+WJbCzkZW9U5s9txxY3J3gLVKzIF0275zOOalenxoeAbj/nyR3+VmidfetQlnXHE0ZZ9kmR/oE9kqkXdV2kV3UXdd3sROTCvHur0aPrRx1Nx83Jvt+z3NHpBqlfBS79+0lkeNQa7JzBOj8kenbmxtzrlsU6OX5iiKj60QOgWQFhyf00VFLgiIAYYco5Vm1Cg0NjZz6IWt+BrpeV/ihi7HnnWYPfPcGk6gy+jr0LKJyday3ZwtXlpGEABIWa09LacXaW15GTnggwORXaVP4O1h6R1rR3jVNIlJGLrinroSuKJSqo4mAppsff55iGG0JKCEiyT6zYBS+9YPlmXL6LMB1uiiwXVsDJj4n0VS3/968Xjk1uIj719hV05tUd1gnC1HN8MFOcoGCHSg2qF485CoFZ8goWeTDw5J6poskfbWYutRmPqK0OnfvIrm/rOKs1B08k1SYhy5g3LtpiSYDGA8awR0Zf8+DrYRtTCQlXbzsjaF4Hzh6zfzvSMvN2JT6+ubPwyPTHR8mgd14ArQEXYgcHMhLBbnrez0St5itfUyBHG1c5BEaklbbKpndZj3WXHJfgCdDFQpQQzDBUfVSsczAVg4vKWas7I9gbS5Z1WmnXTeCQdafABdGGZhqyoc/spDWAsXn3zyuT0NXO3pv4qvVz1QDVlZA3WqRQ4WwsKa2wfxw01UrDEGLIx67suw+YNURqnASZ4vrZ14ClCf+knf5unZLyJPRKoLwfaS4WxuUQY0nBQL6MnirR8qkObuIewpKn/BYbaozTtk/Igabu0kPUtsAvDxUMBSYsVE/k98p13lcu6jzXinPSwoXzI4lx8pvp0IZHNgxUxECX36s7qQsG4jCRvDWENeQinr/RsYTdoibfXNr6zYtEcqiDx1cxGA3f7lQ0UGWpHBLCA2h+qvrb47v+4GClcGNeuHpi11HkS8ahaUyoMSsg6MMZywF+Yk+b/k1tO5tldBNPmf8gO4NY61iKRimyRWDMtB9qiqQaDYJIPCg2P4cwxu6wfC7XAQg6lSvPUIVccOSMmHAi5KNvCpnOf5+tgG34GXueui4/zxQvzWjeCdiquyVHPm3YfR2f1wN7JKFN2lo7Fy09S8KHXwHUefkBSLCfSZDq20FVupm3qySPnZhrYPeXZLK0JRMaf6bJGAggBGyzSpyuKOQmyp53lQdtdiTa13ehJV9YYzgVvLm5O1NDB34kTSdxk90BxznAn/ezopfXVdSNQb3J83gtGX7x8e9ecv2kIyN1xQ6A841dbvLsTZDucac55paZ7bwxdTW3dhVhnkum5PgL20AzDQbeRpdJErg5N+ZESpy0C2jFG85fwmmjmJjA6JNv8L8USo3ZdaeIh4B984Qx6G0lSXtyCVUDP7SXzRXRs2kK/qKq4SgJ07UbXAvRpTJQ88B1uhIcTdnBGPcPymf+ctvkqO5UIcaoGuVXcFLdap+jceYHL1O4xG8rm4nH0+sdyu2syvaSkM8i9Yt1RT3dzd99J3DnNuoJoSptOvOae9pU/YJyd1SnLLfmM5lPbmmnakaO4fFZFadL/HKP1Sk/s5VUPbVBQMF9//U1Yuvsoy3ql1M2Lfkap/xfPX7zsEdTuJS6URANLsYOURaoS8ZKfWd48L9G9CqcczvDC1gs2XSpnxgIvJVwYSHVyzn/OrmnmeJJbWJS/d+grCZh0cJcFbV7NIdNWw/zomTPfbFeRDY5poyQqzVa9EWwH2GFK1JMmrx2PCaWhs91eG9Pn/ds6lyJWdFJDfFiaATuka5rbk9TnbZ4dvuXjjOdHyIcdbKG57tMh2OtwUuSQyvPSqXZMu16PRUPskklVFWd9dXw125aExZE52S2IMI2p74r7pP1AtV0Bp7Sl8qJZDO1Vl7dFrXXbm+fYXt3KIrhaZgbfFfCn/Up6v0Rcc6xbKsKkJMR7jTxJ1W/D5aEEedLc+2o6fu0JrJzm2mCvMb2QpAUsukSdOYN5Mj+JCeaQFhUdQQG1iQlO9GMYSPuEgCHfGaS5SjNyCCmnS9DFN2xtTMrqMZ6l4ITjQfZBROv1GRGDB2B4hzssfc+fSCbOCo408DHzhKtv/R+2kR0qMFraiZ54jeJKHvaXWkfCuFjeooRhtplsmQJVyvxBRuiUt54WjRSHmuvviJSQliBQuMLJav/sbE/UhwdFG6vTMi5tJPin9tsF1xZ1p/KIATvOaqG79AyeInXYrvJB5mvyK65+HpvsAdtWNXq4mOgY5ZGy3SNErcLDcAm4NMm8Ni+1fdlbycOGb1cA9j3cOBI/nUKtRoGvLYd0FZf0xfmBkPcuYu1LtsZWv2oiUx+gtYG8/q+aKgZsxzj5gyuENlhu6Gsb9fwzbyGBeaTh0nug6a9+BuDaziw5GgZnKFBqWA0dTgYcKTEsNCdk9ibwClc0Et362LUAV7RC1Cppn6enobJBcjxcZctp9TM08mHVTU013JGM8MiwP0GnDVXfcm0fZdYYJCv5vrY/UeYXDzlzvqmYmId0iDqBFeEa/n3Vnq6Cai6hOB/CHCr9teSgYW4AveL4DClHcNsE+NJEz4C9uoXrqqw6rsPdxsZzJ7VoXDGzV/0JJNe1nOa9NEId+YOca4u/vFZ6xZTgihTwCoXl4lMjucu4aQXXBr19sCA4gviB0VN4MW4cQ2r6UtWKdxoo86Zn4ZisC8JYzF/W35+RsFlJdLUQp+3hMdNpLt1rnbvfP7fV3TdQ33949/TD8+afUTRIN3Y/e/LibWwdQJgaNxvr7DX4vd/cEUUWG3n9MLDr+sllQoOICYIZm+hqP7QyOsknstBPy5MGzAbBxTEKSd3AtgsAUHlSYUfXXNMktzlEFOYQUWlo/OVHczaCCVpKNe9EGhAictMRqc0pK97UsdJOJT/zE63vbp910aMbyh89ub19Z45SC272mSQ/49NMPJFebZ8bfBasvOF53x4tjnnIOnRgaSal90rdkKSnc9X1NLk/mW4pIVlB7m9KY3KZd3NCP1j88dGdk6wFzqjc7ejdgD6PxbwleeZapaj/BOkbuSHqlLr1eZdWlKeCz5urxYVfSBhjJ+dNZHUyRW37fW8dQMIUX3SHq/yLTe1pyty6vRldYEgS/cgSlLt6iPnpTenRG8UzHhKPkzhLKvvdSNNxSxkTMBPfVQR42d7z6WWJBxh6GPppPw7w4ZvX35R6JYRbTcAu9Z77/XdXRlxhmAl25zBfLTxwnBZFNIswE/rH43zydjvQSsCxmoTGh5uPzdGlQI9sfnSDWBY/fvbSg/NdiCg9e49LMTQS8bQoSIKkPohJuaLtwhPGxaUDnojyRcffuej5o5t68OwvregLdYRljLaIqTJt0lZLcpJIzWx1ecQYKPGpOzRlRMoZsn2Kq+ORNo/MhJN2Scwd6S0ltxBWtTnstlobV1r1GxSFVAC6tvb69vbrt3d3T3qi/XUX14rX+RGrR3cp7qa6F+/evH3684+7T6ifUJMB/dUcyHTaXHvo6o1jA/IAF7MAACAASURBVFCPRaahQPY5YyrM/hDBIXBLvtpBpYRFqkm1y86M6Ma0KtdAyCV5/o96joxfEh338En/peV0MFlwxqa3aacSHK1WO7i0JrYmvM5GmVMd77O9vOp5lQToPbsbrA6nKHW34dn2vl4JUxtPoxM9ZWl9Ztj1N4xlIJfIVEAs2cMYn/kHLpU+c9J8WN9VMdbDeYQkKPKuQ+DWQuUlz2V8imRbRbO5vaTJ7Yra6FfOOICjz7J4gAEcCVKfXAp9p+WCrXqcyYNHrSLluj8RPHxtp8qvHpvZCcAkDgikEnqSij454LT2H3Vf2yDhglm9P/9R6dsJdP1MQatL877sEnikaiv1aLEfmmRfVLKoTT06AUuwVCdTcI7kvkq+ufJSMjnjmJJj2jFjDjvC2pQALUlISaWwxtx6wDiDn4Z0hNftEGXLw5wk9/THhckg4jKC2CHU/Ik9gtEkv9Z4bGAnrkO78E+A8j4p+kQxZw1rRQ8RV3uJnxLnCwkQtbXc45wDAG0Ldl/JTu0RNoIH7A/fG/654DigRG0U6JRkvyqTTw2bUi9hvJVYBFvYUake8bjQThQpG+CINJvYqu/vKiwj4dA+o5UQA0sk4UdRpfs73u4EUH8DfI6vxuRsa6ATfRwxW4+s+eW4e1OVuFXkaMuEETGkR1M75BHYMrLpjrHdpXYtt3qunJI5c9Omo7MEPt3rVV19MGQsTZhEop11MISuuMqZ8K1/jMVpOfPmWCg8ncgEtB8KpoA/X6bXPvGt2lx7mn8Z1G4U3Lc4kUcb7glv3xAVndU25oht0nNyAz2KY5KmOepjxrftJ8mxUJCfIbJM7BV4Q/vl+VPZGqHcQSg8bJB5Y1TC7xFdfqjkg1+MvbqtyBa0OSSa8SGNQbcL0pwzffFdMb1qoksxs6LKf30OPujbSUt4qoiI8O6w6Ke0WrXrfGs53rvLb7uE//7+i5cvX37+7Idff/3jb95+5kp9P3vUSP34tsnuBvh3/exn57ddlH72psloEp4/6Seo2ug8XXgDbIbwvF6on+BpttTJul2RT9vOoDTIRRQ05/X4OWvsrj9oxtWFcO9T7wfnP9zu9HtjTsoaqI5Dm1e/evHkxSSz7/iZz/gg2Y8/e/ydn/347LMnHcyY9DZ2Or9aXW22d7R86N12L77Inhfrnt1kUoekXXtv34vPern1m2/u3n7npjdhZ9VOJJDuZHO/XpsLf/LNN9/c9mNn4xfvtEvSTOt8Xiw/+JkfdClhSRDoRlnwUG141qmI4SLZyul1GR67Gypu3/3gs2c/+/gbr+A2F9KN56m64wL08tHj22e9gNIBCIGsapbVGFmBSUVSssXRfyErIso6lvOjv4c8IN22LvY6Qikou8uYISw95MpIK1ihnT7NR4SrwnZi2/cq1G/UBsFliZmzpAYS70RUfXv3/mUvKXr+nY8f3nYnk3n6YOsEe4zk6dMeM2kS/9mrV/fvbwlzaJlmD0kETQi/94Mf//jNb3/5O4+ffO+Z9xV2NSQNKeXSu3Lx/d2rl58/efYqfwZs17FSv2FAKmj5x2qW1vJBdzDXtwOi8iy/B8cPSXds0nae8nNknJorX7/t5VDf/+zZm7ee2nj+svx0sNHhWgia6T1++eLxq5cBMil2catn2XeEkmhp2N+i4cg4k4prjo2cENF68eh1RwAfXjvaLZkS2giCMV/1Ot7TjxTiBC0/WFmYE9vJ40eP+yFMV67uZE+uQV4StWRgXmZd22zzJS0GvC9tyXBJ1aojkEkpqufQr8deRGqYVTfvz5D8Efzc493AHQLddEXw6Zdv79+8c6OWh7I7y9BTD70fp/n302e3HRp8/vLli8+6zNbRQdcAu2ASyF7uuXCXvx3xphgayNLb+vgMvsoDCSO1qlpOoXhqsdVGtgqS+hNP95KN9fBcsparkxZPWpK7FCCRQ2nGx9faO1+M7JP4SHJsFbGAQoobxihV7PC2BpHqCruclxuannRuJePd/ZdP6xmr71eJ7rr57aaesYzLeylK+NWzHEMG8fJB1UnvP5UUp7Kts35At8BPTCUpEe8BXEKhGmjgxDq8eZhg/dKljPTjT0aY52rOTpwcxYkXqQmX4W2uGxn8Udu/hE0hlHJpOgY+FDWSxfXCxO2Xo3Fz3vRe5H3Fz+EJn+fP3rjxXogzq4pAjcZq5kR2eWUiZnviB/LySQqO99AOzEOnSS17Ry4jFwSCjhIqQtUuV84XGSw6fFR7wrwGPHCTgHxK5oNkIZ8arValHSlBT8sxZBTtCdbwx4XtQPqWirRoLt6JajvK5Ayq+gf3E38WBOSNjNhPAvBe4uQMglH+1HbqkBto8kNLZCdIXQEAp5K62ckZBqgpa3WUtnXxLjDiMzGLuAzSfV/qlcXWNLhH7X/ty7c//nG/jNPr8DZyJpj/Z8Y0UHBUgThgVNpIaR+oihw09kCabhUTs6i0h39lE7JdxH2u8tFgOyV2h/VwjUpa4Jy6QzkHKVahTZ8cmP8WqjHqjI7YC8dPCa2kKu5Vd+G/qE8cD6JvyVBZuHRtkX7D4RGenG8Nm8hRb3V6neOq9dfz5BJ+4s4uQbYCrWlc6k5iOjGmuXzrp1ptAtk97ot5ELnhuEJ9WIh6gHSMW9lDRlW3jglW1D4WgpdBc7R8BbmKfVotBY7ASFq4YyMihQ9iDnmpigZOcqI7PVZF89vEkTHxk/bt1hjj2vQLyeWmyzCERB6VhzfwpYWeuiUwJ10nXSc9H/Wt7xukc428s8+v79/96o++Nnfp5X3e3OFm/9422SDc5eYv717/w//Nv+9v+lt+3zdfNqTH5FRAF+5NOiNuPH/07Fd+5eXds/ubZnK9lfv2zfOOuJ0TvU+4Ocpv/Pvf/eX9GDB/7BA2CLPJt/SaL7ivSVC783pOWrxC9e/8sd/48Q9fd4JsLg2nq88Z1boJQkcYj5//ORI7/1qD5/h87gRHA+lOOL508c/YWrtZBlXT3RdNj1j98v/8r/2FP/bH/r3f9cWrplZdae/G5bzR6f9+yeDr23dfPn/yS3/n7/t4f+u3W/1kj24ocE/c6vzsd3704z/09/6X/9B/+h/88Zc/zEFUNMlpMHd14GMnuF9/8+a/9t/4b3/19ZsvvviuazPcz152F4htbPQMc5DnEh27KBbuniH9p/+t3/yZn39pwOsZwSfP7posGDJ7ZrDX3797ev/of/Sfa37w3LFZPGa4DtVIfvxstwt9+OIXf/7zF893VaFjtaSbu4l1Z9E7be38nXspNgbP63L0RMhIBWZQFNmyBHTgTWVGcHCvxspc1hgdhgSTvTH/WDhafblO+9GT58++9ysf33zp/YhF9kU54hxcKRTFF599/5/6p//Zf/Ff+qM///3vusUrl940QXz08uVNZ8NvXrx4/ebt3/V3/t3/j3/lv/Lm9esc7vDwprndplml5rNnP/MzP/Pf/R/8j/9P/6d/6Zd+8EtN6AMVe+ZJLi6XdPw/z8/vlY1ox8dlTbnz8vd/8f5Zlym4nSH91F0Hobvz6nvPvvM//cN//Pm/9LzR5aZfjn5/f+PXCaRB7fGr2/tf+aX/zz/0x//0k6+/MSdOd9wuNnkpjFYZ1vw1v8ZwtnnX1QYH5P2S1rsvf+fpu9vuJ5J1eFqO9+da81KNPmzlXGdxOkzsQkEWFYWS5S//a3/pd//e333/5vVCy+JSmCZ+mGKqimQ7BpB5RRtSfNZCNWw7r+RgXQfTSepH7+4/PP8r/+bHX3ynA4IkPnvRD4C4d66meHf3oRujfs/7+3/mf/e39NsI9QoZuxg1FHdVrfR9cvPq5t/6N3/tH/8n/pXPv/gs6Lm2A/D5Z5iS2PWEz3/x8c1nWh27Xaaa144PCl4bZ9w75QxgGaduKzu2zFbtquQSoJhc4yf1kxdo1YpOYvBprMlP+0YoWVPJGoNYRqkdW1ZzPLvSVVYIT/9aZN/u/zp5PyRdmLm//+Ef/TdKm/JQ54fIldiqc2i3jTkkLq8cGHaEWddHzsKkLyMbMjlgPKo9nkoBS3skMjya7c+iGZGr11c+gEeMtH1eqzWml2Rp4RzNpqjHGjIzI6CTvLxNP37ckwRPsqKqaL3xikcjYFDK5rwNcZVIr2pyqs+WS6gdRWSUSK11tNXPGyqBpml2fgKjsMScK9uetBQex1U+la2yxtBw1U/PrFIDibVcGL09BQS3AefRrtqiEiTf1VQ7gFyKeiRLWt2nuhjn6ssIZvyUmCOLJr0Foak9oRHbQ1qqisa3Xlz59F8EMXGTf8fUU3G+Zs4R3WZkDvAbO7NrJgxz9Bf2vkNx2czEmak6MLEnaR3LSWbGRJBUslpEryWiaviwh4BL0JlH1iWND8SDy3Cc9ZGlFFP4yHugEWZyKuy/TyA57M3bD6/vuvjtTSXtyvHxJNUjHwhXyuj4qVM4KaEekJNojTCnryHhp5bInXbGCvd00253HeMl0H6+OdKP49rfNG+xmWtm7GU1p63tit1x2RFPhYKgY/IN4vHIAl355YpZhOZ89ApjtqJsgI4QOG1VzgEpOH7Ai7xPW/zFklN4hCnGiB6oEW7niKpq7RbJZB7CyqhfLyaXT+Zcokc4QFeYjw0EQrncByJyQ3alkoFqQomahxQBHunRdHrzRWGaQFaXUcmRQ2des+LhvVi7uDA1U5m+0NO42gf5E8VYWhWWb2sSHI08lYTMx5c/IzsmPYCHJrIJOS61m7jrc5w/fGc19oaXKCpYStUd6PmEhD5uSU1L3yFz8pPffuf2yZ/80Tc3niQ1Z33x4qY7d5tk37276w6W12/vf+/v+eXv/coPvv/LTRU7HW7q3PLu9k2vZ2xa7Nz/T95mwE7hu/WlM1plfa/Lmf1Pnn31Gx+/6iy+CYASM7uZaVA5ZpePCYB3XUgg1WV8U4G4fuPP/vDLX3vbO9edOa2lORJgV/8h7ld9Ol+4VsbsRL97t3uWOkHbDEi74EE6JQk3NKmbTzyd+fTD3R/5C8//9A/vnn94vXOrXi3UlFCE/FDr06c/+/zzl+92uFBf4QUvndoMndl8U4nvP/8r/qpf+Rv+2r/pw/s3zdWIBWGp+ejJ3dv7b378Oy9ubn7y5U+cve88Xi5AIDmpaJO1bqwoO7BV2DrbeKqX/Xz4t7/pVon7l/106N276N71a8f9rK+nse+blD766v7tXUHtXHGPQOwOmphvOuHrRGOlCexOi379yPFL9vQmoaVePw48FzdTdZt5qIoGm+iVI3PVMWeAziSD5yIaUCAXusugwzMnrwpRfvcX28w6F5IrMR1k5of7fge3O31cAzMta1hfugZj4fr4F3/ry3/1j/6Z733+mS42F547sl70U7sfv/Pq1W/91m/9Z/+B//wf+IN/W49PusmesqLTN0zlxbNOnye8Rk0yHGsMmm255N6KlZwGBac+PrPOc9uxOMf94edIvenopPpMiLcDzCdPu4v9yfde/cV//au733qXX7Pm3d2jHp7ph+SaqXXxoZuTfudHt3/X/W8+N+UvPjH35dDLAUDqjbvhOEbPseu3ikUOUquNOp5JvM6DbWsvow1wiKQ9e7eURaFzC8n7GmNt4a/86375+ec15VflRPeQ1PKvsQKvEXO+yiZe299UTLN9Cy1tLWS6saBnTte1uiPw0Revnn3xhdvwQx7IV51EEIibz2rzDon+Q7/ysiMRPUQB9vRGLatTBfdZ1eHK/es3z37ydZc48sfzrvT1nP39XNOljrQWmJc//6BfcOK+jJXgCYMriLtN5kwndQ7VsC7bymmZxlWzlADb+pjKq4lC4pOEBZPV+CuuAiH62FQqO1o3l4SH8OzfCGSALXkFcovxJk/GPSAHXqcJ1gK7z/DL3+46V249pydJqm+tNhTFUVvRWBwWB1U3qSZ6SXxUrED5wX/ZecwY0AI24okAapYcOxhzpr+4KwtXG+1wZ6J1T9t6MIgtCc9qBqWW/mFhpP1EsD+MB9Mmh0RVhGXiqTgQKtu24SWCTcqMCKBN9PrvYcF+lfquOjKWDtFMTkjF31qYXqyJpngObAxoR0PqC7OasI5EoXw/asZ0WKcn4gn7qeoQGJoqmecmLLFOfy33CL9E22xnmTS1EWuRYFSagAOz9QOA9VTIjitJT7Dui/MOvEldTldpEjwgleLDMOLRWgGWpm1GO9mHWAJfS7VHzJSkayYoBffYw+DYCWrRl6y2Q/mBq0zBoToGUUogrTB0AFD9HEBES3WSta0BvOQfLZhU0LrxUvGxhf9jWE2b/S01Ku50RAocO+8yeu4+UiI5QSuPJdsGfXJDQEn/B+ywKtkFVyrldop5ucpZ4+twLTqqoHDJ2uVMMPsitE/+UYnBLSttXLWXQsWRWBDBbzdKzKegGh3gFSP8QF0cVU5lYpob7RTXeKensSQEy34IUa4cihb9kgILfVdwKrDXWoHy9ikZnlpP2idVt+BAKQae46lLEpZaigAUDMwPUlDXtydgOtilLv76EpZN08Qkj/LOkxA8HEN1mi9V6SSXwAhC2y5hDGBtpXa2UNdOJJLuuLATxmgixqJaR9c2hRN2xFRnNoCmgmKaUWd3pJfhCy8x0aFO03HgaNvOf1u2f+RPG9IW7t0/5mPw9oNlXEmwEWUSHnzdQMvDQc2QQKXD1Gpn187wA5u7Qbqd4tGjz54/X4tthGboy5vuqOke5GaUHz9//uzrL796/vHuw+vb9x9+XFw78d+pzo4AHC48un/TibtGqH4T4M0bd9vlkn4xvq6PRwLVde1+RMA0lJMaGeYxmErelOU26Ns1wNk7BTEkw69+yqXuJfAWzPSe+Fn3x2ozApOe1iPNVmfI5VcHAM0nkmOs3A0W+bEDE6fbLlWPv/P04y9+9fbP/vju1fOXTVjkxUc/PNSzD50Yh+DFzfu7N/1GQGffuqPn5GLJnjKnWus6EnduyXn3LjUcrdE5C9sp4R95cqCT1mZ+aRdDyO0lu+nkybW1sZy7jM9zpqF58+n729dfvPxe7yR9/K67lF50r1VXVnrdfIcfnd6O4ONnuq6mGOIQunqyZn5cspTwOvwbaEz88oozwx0vdUSwLtrdBTtQ6HnKO5l98D2gDKkYtQvvSrXH5jMy/bQrHjtVEadUoI8X7ZFghegKbHtBSdz0nYHW629IjrBVRpQPeaa0cYN1h3yff/87Tf0zpIAW4W4oeXfb9ZBHP/fz3/vyxz/88P62CPczANmeiIMi4G4K6oxh2eOCTDdVu4R16R0okQAjZ/guLCkPWU2qVHbI0F8S++GFuptRDXfEtOSG11/f3vQml6cd+gbt+Ytu1Xj66MWjfqq6Fzm50f2zm6ff/eKzDts6jtj7lrJN+0qaC1b804d/ph8a3e/GqjCkpVcNNXd3Ul/vCBAjoloWyusO4BLBBE0Ms8sAXeUpNZaQLkh1mUdrEUf+b2PDh8Ol+cA0dUjaT4J82WUIogtdRY6C9h2GvBuu2kOp3d07b/UCuW0PxvRrzOsMTfGTePd1DTK3eB69ADWddaa6jacvn758cvfNNyzrgKCOvtuEjB1avY4i9g7qWOD5hwxyDFNomHsM4Yfg6m+4dGbpERxvtXNyoS07AeRoX/pcxxJ6KPxiubrjvbOjQGYgQVO0bZedD2ULxkQI0+V61HYPsiQc+ZvUiFvlUowcOkvm/dx6Vw0zdzd6pSUatRrCtCvS3+MW6CGeQayksXL5ORqs1z00sywpk3kZfERiWyIk8+QV69oh7jiG0qqUoVFxFq20LVlQFeLVAa3362sphV3dJykFagqqj391s+VK6dW1Cq9UH+vJWTImrYPCw0ahIi2ijSP3YC+Pc3piBi/COXyUUj6iDYI6y+FpjBjtBKMuKG3Tj3iGU7v6C1Q1KRgWNdx0+SeWHFLccK8PwRINeZhWhaQ9rFcNgVf6taEDmoCKMB7dDyqcHshHI7jEjmDbWsIYtkdpC19k/BFzxJUrF4WvRNOf1PYWPW5cEA5TQIe8vQPjk/htKHuoyr8XYrKo93XozyTpSDrmdwUg5mpPNqL9NKOZ7ytJdj15JgRaVEmrpPVxxUgomGC2cnQtleRsl5VYdB+63YkATZnuwzC47iMXTGojvP6/bdjW5I7QGPRuVx6ShGai+gKKZiKpmd5BnqwkHaJlvPaN5uBYEuEIYr5fOI5Ya5yDVoMgBMiOlOO1U5tr5VOpgtJmUBSgP/lZjU6w7rbVJnsnuy4MnBfxplPLjdBxyixZBi3PZchKtfMLE7RTPJNgSP3p404GJ0Tw0OQOcCoZ1dGhILnFONmXp0czW+YjXojm6EF35Fekl85eGgmpJqCK6DglebSixhVZlqO0oMgJNp1xgrDNOP2x63QCsWkmalSqmTe210popUnSTzBVPMipVEim5KKKFKiVn2EokacOlHaoIGBtiNS8FZbJWrskj5aLUS5WMK9Iyqs2meU5zuytsPFXIDZrkNrtNKVwtTnbz8moBt6nXuXxvGlmE/peNm3K0G/s3Dup7jnfd35Ftin+bTdkJ9st+s5OObn54ekN193f9ns9luZnPeJZiUu2+Y2T0S1Ca5BzBA+xjTHa7Mxc6DIlYsdijXPN+55310dXzDXg/XFzs/IMGrfbHtwnW4Af9wZ/dQk1k2iezQfOAEiLxulmOp1y7paZu36t6fmTFy/cH9gBRq/YyBBQckC/D2wKlwJ3Szm1Hvw929jN6mY4/Wf6fZPRZ800P955l1+gOSjoPbzJJxmf6uamiU1roovdYiXd2DI7THcbdxAhCbkQpztjOhAIO8ndWr2we6y0pdcXNSW6efqsF8570Nkp8j1/nN1rbQV4xwPJFKXmVjHkkbTttu0Jk0kpO1CCfiBWajk4YIZe0PUQLYLDsIWMFfYYM3Y2EzqCiHSYx9QKyUiwX41YQy/H8jPS5j/ZYIxOx9K2CZEANsN+3g1NCco0krrs040R+fv+XZ7pUPbm3hs3+yt0Tk5LqsztvTRuxs/u7uTJiQ3t+U6Q9eIDljTddUUDxhmy5RgSxf1pf10IMA8t4d0ip/pMEqLMAJ0HqAHrfFYn92+93tEtPD0b3F1Lbe8cE2XOzc9TdcWuUU1ZBdK6uMa32kLGC7miH6FmTkvioouv0llLnDaQNzteEvZz83zlRXxP5bDSNKeObxc3lncyLJL6wg5Xrplrok5IfRcTgDasLEpcNGDBzUXm6j1M0nZPOtfSglWOb0qlQTswTuWJdTf3J6/QReXEf7HbRrn4+H2PB93lZL8g8uQGgPmku/oaCnK4hgE7k6uVFFwQNA6jL0au4cVOWZhElLQhGcyrcnIrTgrvSeGkOet9eBOPIWs7sD6u5goySIsDIcVUu8SUhOy52CDYP7fyjjq1+CYmoMlb+yFvW/bmMTb1qHetN5aOkibrpLGGI5H6p1sLywUzx36YypnBIzWrth7IxDB3fon5YcPE5Cz0ADzRGt2BTOiQ5KWEc0MU3I605lNTOTlKpNwRmEvV6f4uC8c6XEBC+eBa4ubKo+uscylFEfrIfbuMFCZesHv+FoABoprsVUdU08Sk2Hf4xaqFpYGtviQ5iGeZ7bH3ddxhXZ7wtN5CSCd+ncqhPeoeTEgZjjSmamDCpDJDSB2UB1crW/9xZLInzkoj2Mou3jNNiR3+KhH2R6QgioIJTUz9i1Uswhh17Nc3UXbb76NBRjwKq8sZyPmrpUrb1K8rWq84ACuvShMkHXD2Dq4yQJQdACOfcacA4YziVmjZt5mmX1nOcCASF8TWGhHXjRcg6A5NG1sgJBOiT8sgRZcCHk2W8Te4xuEMOle/p4aK46VETEWjj28yW2RAC8Wt7cQx50nGqaZFKZjjHL+qo3wVKoN+lKk70rjGVlUT1pbxw2IigGW5x09tHh1t6REWnSi8DwQAad9XkutkkdYs21BAn3KFG7Co7E9zIlYdFXkKdaqPJg2JJ1x4nJCRkxrRdHDIHv2vgHuMFa2rnfUUbucoJJVSLmwzKRr1aQdY+LoKy6yNQjpt1/YmswjJ4bTgJa3+s52VrOITtKNjEmeRTKM6UhPDKpzybl4A41Gkyt4s5xp4q0rXkTbsRM5fh7DqKosLkWcZ3EVjzJX3n30HGw+ZjnC3TXlxJKRrMjAwCRb1UTD1NDyl6PfPsjbbeYCbogozzck8PqpACxiyfNDkr1lQfnN+WrzMU/Gb0xQEZ+Ea6SWMbMnw5sjdad7jmutwkgOOg4lA4jJBMUbvjGn6zMcZ0K0ybOAY07ElyMTyfrrQEEFgFsw66QNqxWc5kpAIgrlSphEFRd04Dx0zJTzWwMqKqtNARVzhnEPXE9ipnef/bgnsnp0uXTRN6/x+b26pYTX+D3WYTW08UPvuXU8FiKD7N+pANk7nmx4e7sFF6E1J61uae3UxoDchBiax3fRxz9emZ/2BG6BjeNjsbgGbPceCwWakAErCXN1/vYO1kLqz6WlPF4S77C2+neHuR8E6CewJzKqpzMaWRX8QW7mRgMzw7sx69XwDRzyM3zxNduoMxnZcz4q2QGtJ0vlqbSjaziJyESiOmEkjPjpwjYCo7DpDFRtTvzGObCZDWZQw84qIZOTuGm9221UQN7Y3B6vYk5zGERhiygo/G5w5HFgryCd1afP/sEacboQHy/XFDTarJi/VgbAtgfWm825TfHEsDSsLpNlvWem3gDWi0iumnsS46SGYorVsLxwJcSkHjDxcU9r9OYHsDvqOd7pwUFY3eb6wHIgpTgDDYWpaX4/ByIpo3JFsgmHWtzdpbLOz6q1rv6biYh/4fJvGbh8veysyZZciOx/QLxDnXntMjXBzz+plGqcuBknIbo2P8BHm16yd0yKCz81x5NT56BzQAhZ8slLdFZFKd7ab9/Kr284GEIhEaCIOBZugPc03Xd7pQkF03c7HGRlUUMF1XmMRX1rilNWZFAUQfW3tUJ9ZV0HeYCY76vnqtbyEB2wmQZnUPrhZxFqsNrc1fyxR9x8L7gAAIABJREFUt+IBCh66tsSMd+RktHEJyA98xeg1QICIHknfMiXTME3jck92ATzYh6gAVx/clA7rhAxzwiqqfmKQo+kLQ/9UnX32kiuUlcqqHIMbKZaWiM/OfFEg6bwqju/jq9VEN1IEgoktIZNi71J65BEzCogvKejHF/WkJQcsf9uYCMrjnpaDwnrLqg66iKYhwiFJQGII/qQVJElUU5ALq5vh8C+ByiAuLyBxy0zj4Flq8hW0HcnRLQPSsMJKZu2hpvnoQMlYGH0PzAPHJYoEXfulKflLUrSzhVlVrrrttbW5h/B21V+QZrNECS3uNYsUH9FXaA6KlPY3Tglw0nPyKoVGgC+djOtTq0nBwXkxihN5RK+o6qPsaAECwbeCpE6yKtzXeQ0o8RaeSO3ZxfMg6wg/Slc7SymtjMqFbVbrmwTP2O+knNTRZTW6a1UNCilm0cnIB3wLObSwBiO5C5pdn8q0TH8nYEKADgIMS4aYELQPWZGYCWNEEvXh5jcE6wvrGXn6sE0RIe2742CiKnTcqD+AD/EpsmbuELYGNKaiKYdKlXii1cfSBnHLw2mOSTkQx2c1UadjTBHyuXc1sFAPrYm0LpvuPE3Lqtc8KG0phT6pgAQGBX1stRvSNo4O30mO6pBOJHI2j4PvbBF0atGnamJEGbzTTxJ2qcv9hFLbIiFaGgVMM6LZTOEUxjBReW5E1MxYHJfb6OeBTF5cq8i9c9X0q0SDFYB5Ymv7iY3vySIbfwScpHDEMzCqwTm2kSx9h+gSwB+gMpf5thraJrxR1uzYNjz+12VU1ITimgVKfu+RnOyELzUvs5yPS56hp/PFzRxqML4I6DTnApnwWLc4QevnsSRct5t3U71peMN2XNU1v45jJ62bF4WxRpg9DkDMRmSpryMtxCnbrDLfar+dJmz21FODJXA+SKdQVtnGfNc6o+BPdp17wuvL9/tIq+qsef12flusdQNts2I8j/upsyb/zadN2eYxmdLp0k6fct0VlQup/iRfX7Fw47o5ITQ6s2wCrl/wyZ9N0/CHbaElrf0TlROUh1hOcVMo/X4WO6XLhpaDmlBDu4O1pD177mGAJx+6tz23dTK/NzYhnYZ449R1Q5+VbTVncimgUkBLToDOlzRoTtQsi2ubd5/O81Ity6MkaHxnZ10thVvUyoXLpEMumJVUwX/raXUVSvzbLF7jayssdOPABFJw14O1Ff2ZAjbzy+E6zG5da0LcDVBauisxtGW+hhxSt4sspWQqECUD1cwfAKjWQx5/FM+Ys9zfycNDfNA3u409XzN1H3o4kJvNFhb9qfZyd6dFpP4YdgCavTk25u5wcSNOT8isQXRcIaF2V8yOItGEOL09vR3HiWa6FlVug/x8ZbNWu4zSaRkZai6uosh+QkrxHQ5FGW6t3D00Tq0nIpP5ljAr1iRSKzt7g0G6UR/JIAe3kjUQrsrTp0FxcCDSIQ131M/khBXJrob0nrEd4/DXrqYVvNoM55Xx5Z+4rrG4nckvg203UMHsCCnoQAxONbQxiA07NGFf6vbJh4mdcQ/u4asHqxFqGa059tgfVsBVzT7KLKPaui0yHhSBdfqhRAta8dJvDSbGrEGbl5iAwDoeyUH8TIKSqJOCeYeG9X9LMrEovRiKBW3/TLHbZyMIuelz1mdEVLZIUkQSo2pFq0mDPeVJUI9Q1WROEVwpp2KVNlqKw1RgcoxOUgtT6GqpRg+59GrvIEDGlPWSB2RWjn5AJkU+HTBHV4JKFlKP5EvBoUmyjQhUQ4XohHtm2u9//Om9RFY0xglhsXIrTp6m2YQx1UK1pU375SuJZLYRm/KZUUlFp/xiOV+LXeUIZiqFFqDjbzXe+cxZjVFdktRcXhKwxZCeyahSE2ZPZRmoWYsV4eHexlUPsjyyhNnXqT6gt0s6P612QiMkZ679ZOUKCLjwj/cwWUcHw0Fx6ciXl1YFEbV7yZv1PTBkmVtb7S+qBdiX/6Ea8qQvzIdhsi8fVH2MW9Yg4tUWLVuj0zkyEQwSfUuhyGqrqC71miEt+0rEvhVMED6uR7I2Nk7Vyav06qJFQa9KkYVSMYzZalu+p3WrmZb0dWmz5eqNI1Oo3sXU5MlCDqocZsAUW0+yY9zV6+BO5aBdNmU2z2RnwCTPmIi5aPtuK+qTAQwuZpdG/RHj1SOUxoNgC5+KuVknuN5srqtc9WBGpQ+mRGlouCggmlor2XrgMLIF5c5pTcG4EmVM2yBCFEr2XM1K1YE/h09TMqsFsYxom+2gb+rT9myy2yLwyR+4MEUHeiHBiSufTOcBl7ADLckzi0I2tQMKaL75DqyTieM5gIACa1JNStpLrf+4hqCSda7j2sB8BoDJChPqvHQmQiM6ji/Bq2oGmc9N+ptRJalZYReRTO9RuWO+k5nNY7xqsUOU27vCwthpT1ub/XIPQ5Y9fNDJ/6yZE9PeJSEZYEROB75O30WveTGLL8xklxKpVcFazbRa86lz3t3NNU2NMrdpnslSbKIy/yfXXRdnwpbgM9tbc0tEGhIXBLTuS3BrRHnQLhUdc3SZoxtF+iHcqrvVoGvt8WrJoYAwZaoKfZMwQy85MJuqdaU+cmmi9eweC86ve2kW7nx9DLGEb3OMrm5mO3EL44JJvlCJlY28pVuSGF5ziUH1qeW9iAJjXom+lO0SRrSdCKcnys7rZleHJo0CvUQFYbsOnKZJqrUIWhjHoVvqL9KYuuzTkVnCUQ0atKloZ6HazkDFTEBiTz4GLPglCbw/TdHOUrPva5PHxOAAiBaGXJckR1UTML2XmNP2Zr2rH0lpOwEOzAorT3D7TNNssqQy0juy092X7zWGyDp+VIsGgnLEYc5MJMPULVwc0DK/mIlG4nTxJHLKFFaYp8vIucpvzOa9qBybNatnjZczPQtkbUfUjswypYc9dTdwBBLC/mae/J4tDl0W/95SOSjv3zUR9upTQQ8RtxPCtWfuE6q01KqbmDe81Ww12LnIoUXw9Qas016Y14Zs17aTkhtWFK52FoU0gLVIlTTRF+OOKRaqlLSXnB1ldfXj3b0b7HaQjWKWOdqPa3dB5ZpkuNsnmb057PY8D5CSnX1wPNHT6e97TmhYxPC+F/bmqHkjVdqwA5tScQB5L6q+QBGXfdUqwGhfUlUanHzCteODLZ59+GqU7TJ8RHPGtmcgvrhzp9pWD0QTjW5aJAxVk9t3eDUqtVrFaAwVyQofMWgmdyPMsQO/DkYT7oOdv05Sjr7VMMRfucZRZcwSvz9Y2YoTBkVnvUp1h25hHTMmrIuo/m/7uHhiyichaUVL+WXR5NeKokkGu9ai4svM3HmoWTKJGEnsKC4jj7uPt3COSPVpnFXDARkcOAkcp7S0NXmz9RJNRgaqKjG5nRh57K+CaTmcOu0jP3PkxzAcTXoGQJJ07E1bzLvkRF46TocbTdJrb2VK/NHIpnmfp7hvJkFOHnqZJkNHiLT/tovyNi8PNx9FOgzWLTGPZjrwTSexDwv/WFoP1iQezciZNLOOqIiVLoq4NDX7uSJ/5K9rX52lqn2F/liFt1KCFy4EeOaMQ3xBGaQqZ088o9dXjApcFOudLz+N8kHnFEYK8KFNQrvkFWDFk7H9qVlRlsOWvjIOzacWmWLJAAl5REQndZY0Q3UMo1DI+9pc4+ot2z0Bqo6A06wuHBOWyMsTAMCXnAuyPVhbx70Gu+r0AKNcZ24+EOtpEHgSpHAzKgwJyZCknmyK1g711Y0e71pAZSy2aJ2tZWqwR3plp/JT1FYAObipzOEZF6VVUTOghbp9PZAGNOhTj0gFPWBmDkXYD9lD7UzWiU1ObZTlKgd3xeuFFUVynNO2nXy3cKlzQuoUtTeT2710VkJprZwE1FnJAiT2vgWrcF5VONLQIC0yhs8xHD2JuAqMszKq6iAtFzSeCKYCnuquhYI57BDblTzRxAvwPALaNtZZYF6yT0MUQ8D21BlAo653M0dTWaAlxMhGyRA5PmpKoneFvjdMdytC42vhM2mIqCrVZwTqbmc8wW1+7zyPPiJ9bRTXZmCU2ObpWlTzqySMJK/NnjWzHiToUVrxitR3VGLkliERICPlviag+WqKsiPPmNDEa7IiM3JkIlfF1+iX/fSbQ1Ro7jRD8E1TDYY7FadmCZn2OrleVthtME2Dmr54YrYqEuDo0smuHjSH78jBnVG1u2a4py/Z3RzD08Ssl85X44HFEMfX7wd330JzaY7LG7LfH2Qn2uGonNcABa4vG9kobDA6xg8JY3yz1TFUc/ScuCJi42JUL/DfNFdVhV6jvqOdwou49prsnlKor6k9u19rrEMTklA2l+1GJT4tLnjEb7yTCP+iPJwpzawJbXN7wgMNPLNtMViwRnEsJfUcNF7tZQNf6TpWAWrgazthS4iBCIVqJaH09HO/L9EDD8/6keZgVeJ4pmMnI3qRcnh7tK9thKZLBVxYnLnVweFxqADMszx/2nNOBaYkY33ZtjitgQxaUEqCYtoBYN/SOqx5LN9iTA/lJWUz43z92Mx4l2j6rYNuDIu89K19BYEcWsr2Dh5MWYJaBploVHs9KZxMxN1OJMEGTbXPQ1RyW2bwYiUtR1I0ILXvuESWb7J9DGqaHRZ9luRwjBLv1SDZf5qJyBCemDmV9jW4JEv/2Kes/qOwVnecFjhO1iEt2c7T4qk5SZpXKT7ZeN7c1T14iWsQ8aBNt0i969kUl9WWhDM12Wp4GdbObuh/NFlarNoc/Qy6UOfjE5RI4D05yiCfDlB0LIlpZ5+rhloFUGIT5mJ1KA+cExWOL7c4cgsmssjJN74XPdZVkaQojtsIHFUmwRDi4rDKSiwr1HvQ7zL7ZQChCoZoHlc/+gnniQd9XVE5wuYpzjgQOcCejveT9rK+3cHiaxQ8KuoP8kNNnjjwS4rsnSC0qdYnhqO3HUmBiKIYdHHHGRUdj1ZF6aVmEsqQhZ/26e47Ynu2QpfQ+NuR88pPAdxtnfhd8NpFp4eKRW3kAJYdFZxjnslA+W2KVxTxIc+nbdAVnyenKLayf3S3Hrm6+aT6/i9HaB6rUQQ5Wci2iNd8W+l/MJmqBiOfWeh4EFC3c99dqcsO3AQdca2jnVtwzr2zHcGB3ZY+oB15OJGzBOecW19pwDkiq8df5SlYGttkA8VHzhF+woFDhg4W3mEnHs6W6o7MtkvyTnZEwvmUoD8M20X+bX7gveDMuUkUniE55ZkyRJXWKbAPkgHl9EmDaF7yzXYzi8WkmpPxzmgcbxxP6LExT8AwzBgka0TkRbkchKba8w9/TJPSNsVNu9q4nI1t26oQKJg94eePukzoQKdgBlQcIPv+ttEJKQRnLhhRmzhYR+wWYghdHcmTYJJ0Zgq+N80aNbVt8PPpnAAdT0RELMSF7yT18NApuoJkJEBTST4d0BlXxBER8smRxu1OrI0sSoYeYwncUp3WkTOAVYyfP0Y/M2Ok7riGVQyiLRqkbTIZVWe51YZMx+ecwARHVD3QGHDa5AJqL4dxTMKuwgicKzwwKusKeykBRyREJDLzLvpKFandZlvNC9JB0Vl4ZpxtiBhj/bUTM6fPaKN+hW2bOCkuEkxCOsynv1WYaFILVLXdMdJsypb/cVSVgIbWwJgpNqY75e4O+O4d9u7ynvSlNzTrx7nN2eUQu9PdbTrkJ8/kt1tfIhf0bhviSBWn/ze19z7ATyCdGGTbmMlodmICZDgiTv4Btin07OIAEvXhx5vEtS1LjcdNz9rWyZ2IgdHsuQdG+bqfGXJU08PBEXei0WnK+c2cjVRg++aPwWrs6paqTaDr8nNHWj0Y86HfQMjcHpvwuqDovZ+n+zbavvd0NWeTE5TcYXfghtnYPjHyVrjjNx8Dx70QiFdxhTXvsC7CSN1x1Gl+88XCyJSn/OXuqifeD7rsWzyxzCA5sla4Ea9SySOXwHCyAdOGn/YFLiBKl/pXexvKqyqkZ6tz3cw89MkEO7FFYKXhFawNlQ0rD0tES6RQz0BxW50kKX1YGltrXiLAQwttdZdW4162v+x5iy7iqO0IJjkRN228qx2bUMvlHZHlnOoKdS+07YlpEglfkyB3Go6OkzW0HM2DVqCW63C1bWbSIjzJX5clViUDPknRd64zueRqRyRNpODrefoGFTnIscOBtSmvc9v5TXxC0mQ9yEFwPWd2Bfb+rl/kkEQ5KmfKjZbo1wYOo4Lc5a9Nwexo0Hx+RyOI+4Nrad3+kAZw4Vll/GyPdI4lzg7b+05NQBNux0qqE3v21hvk3rqFkMCkD7EZR3/x7jfYClNWuOrIesxzIdGlqWuPOzKPNfmxrYfI9HKFpHVmDtGv5WCkSc1sD/Hcsyrxm6I8PDd3ZHYsByMPr13gRDlrkgxM4iTqKQLUzmC2k3s1qqNCKCDrq43WCeurz+BORPA5bYlPfssl/Ax8kVJwVrkKnpxYwZGK5yKo5AGoXCjbdklalDJNrrUlh/pGKu0f0JEWYXVzZhDLMljHQVUOLzRUwTvKdg889QNFHAtGNfEnFeEKkq5squ2jCmJIJMXZT84lPQrq7acORV/lEvFVHBRtDPbaA6L1X1iHgDRLF/JOXoxZCbkJcx3skmZsSo9GGRSuGR0Mp9WWqOzWgjoUOfIHT2RHPLHbAhm0oaaijfSsKAK7+186tntVDc38eHjJekgM1rfX1wpHQOgk55UdQfcV2OpSthyMQCqP5WQ/GyfjFE4OIQsb85kziwZ3xQ/YszO7ag6njS4KFcws0cWW2IvflmCv5JQO7UTQ+8ltdo7DZs/Ut+UKwLH6JC+Os0XkZM+0DKrPXQJN0vDYagkW9DYHaxvBV+KTdwJu8xCRkiiwv/2Mt5phTPfmsBVqUpfBbeU8vldPft/XAi2xk7p6XSft/PhJ+LYmcGmhZiF3fqjteeKYDVodjlCNiTap4K8NZYNAw7GMOh/dVAnM1v53q3Plp2Epa5CU/xGKpbZ5nKPbGYYKKJoOY8QW/NW2JAPF1rRQRz5IcelzkfW9sewQZga+jTgPLCQ9UI99cll80nl1l/kNAhROSBuwUCbzo7BjacgQUw7WkKgeFonUMgcme60keIs/5Bf8NmetKQlm5eO3aqqR7474did5ROkrWRqbFx2D3YnIUX1C+pDcCYqH0OPBWMMTkikmaaJJXwW6lpA/0I/iEoPseFBGpLdeUBTxcFVgKTvA+Clys6I6EvNhuoyAm7c2y28W3KKFN8fswnsiSi1nEN3nkEv6edayGU3r9loEhCYqnR3tycIdX+ysZ4cO3VnUubJAPaMdH6BO4zXXedazEGSlUqqXlr0vxWtUKoupd9q8NSLxrVPs4YmMhAU/G+TxPCS4lcNvXRWj25AHzT26w8Ava3580fviH73rNidn+PLEs0wLRMdF0Dj3MVOG0iwsL7la0KyMLxzfpe7D/cteSekWoQ/vOiagNAEfXnQ7Ub/ZetebZzzFWOltvx726GnO644jorI7+ZorpLX4Zji4LeFx905w+V1yLiXOlF6JJYcLRyK0hvwV/7tnN/1ow5vOFGeUBtG6Iffxk/SGK+fa9QKlT4lwfDYMVebTxPOuWMzNhCOCdGR2tnFyS6dRTq7vgAv5aTlmvoc4KJqR9I53EyxBUT838kN+piNhSOb6ShJLhJL26jNKgaauhazh+dH7fnGuM8ZlWi/4v/9w38vo724Lbb9e18WcEiJZmkD0/WjaJqKyhpXa0UQm/+hDO+3adXWnyUwCUrLy901VPFsWSFasbRZhhKXBJNhxwOwQpXbRnSvt98rPXnbfe1ffP+pKwBLGHDwcDsW7RNABgLzvcfMdxKSm++gyQoTB7gC8Nwvd3d6+eNmLkLp/rUxOP1vCmuZAwhnxtkO3VhvBTPTaovKgh0Zyn34zyZyRW9lRqzlOGbXZeVasOqrqNJPYOryJMsH0Zl2GcWhvYfpw2yWyzqho9Hlfi8MviDHIp9TX4NKYkKQVSr6malb0jiDLfY8L9Vz7RnkHP9KSiTUKx3UdWVyzO6HNcCiTnsK22CA2acfT3jyihbXFXWnri6m8cGw+bToVK6kOriOuLwyCfRVWsD19JFETxzGHGWeunTYa6TirI3L0Iz06SoL5d2SATeT2rhEo5VNVWe7MA0fi9LQ56fygYJqiO745mHLx2rOO4sFEm+xM2/hR2u4jpO2cmtQdkTnSAEECJ65+CJZ5EbcQwf0EI6DDf6xrANjn3G1s5xoNR3QKrsTsAuqYNXRyVxl6WZOMJIaDvWxTTV/VPDDVM0vNuiaIq0AxkozRuEYN36gR7MPkIPfFegk16dUdG1G1dUT6wkD6OnEawknGfKISYjRWZ/MCtK/KZsXJ1gQfRCaCx1isI2rF/r7WfhOc8no8p61WPhi40NdxJCIhB+vSI5PRhhDJ6HybVbODaPtJm/KJOhJWkfYpGnN0IKMc06ZR22818gc1w3kV8gU1BgUBsBKXbphMm9sweffI/YQPZGhbrX3HvZSjmhASx2grrckZPWxVHSJ1q32gbm8iI1riA12dtrROZ8zkI1gntu+4VrBqLIbyAdBhQ39BrRdyWieClotOVfWkjsV6OYpgAC9NWvFpcitvM5BMJY2EYw4h42S1E1WjW+HIHjIgdfPUAo8yD0IL7qStQspXyMIDcFpQVdDK0XF7aaSUb5EWs2IpNPlB58OJM+rCuS98tO17ImzOG0yxmYT1XW0K8xEUKZzTd1ojMZUYP4Mw1lb9X2Ew5JCIZT3jogzt5XRnf0ggx+DZNmDTo1hmqk+4yc1J7OnKv+vhTiXaq8PTVcQ1MFrJgjqnIVrlydwpq82OnNIcZYEDo6n0cTYfUM+yRCy4LIv1wFCBFIh6bVtRd1/NUOTJmSUkbYhIbGm8DNUHNhM5p/BNxEfF/93R++Gj3zMyZdRPVsmPleoSg9e8liylvcKkOeVE+aHKtt/d9VivO3aRd/MBZzf8m3d7IBY4E9yGSfPq2N2E050A3eccpWco82OgzW57XYmfGe6dLjf9mJGHXFPuhhxTjIxl4pJ5rsh3CZ/9YVtqpHmgQ3r//Mn7736R1icfmoY9fvq516T0nk83IbT13c8ev3zr53HjX/NvmtJzlM1apBhVDj7S++RVN2N0GtqRYL+V1pWSDhk+e/LhL/3Wn/9Tf/5Xv/7xb+ee5kbv797d3LxMfT/cy/rbbgMPf5OjrtPxYiL7NtDBLJIHcXanaxdnL3cVgHZz1lpnIfDc9LK9eY6KfjKp35z6+P7m4+OXb+6+LhMKSe8CMgNNuEnzza0jlHeP+iWwlPFKMysYElVuVRAmCNptMrpZYlZXxCOxtDM3SLPICJinTyktGy+PMSkYj+gwLeET0JcJXSFOuZxNaHM8CUR8XzFKWM6JT+ZENSMmOU9ushv5kzLm2ZNusy+tmjy++9GXv/Prv/Xrv/3bP+Qns13DcDlWbsXyu3/wg29+8trEOWAaGkTWl9PbXjFv0VywfUnzKhIYjKWmZtpxR/lpIUByu0XHnffZ4MqVW8AEwYMKtTzv5bn5zst3v/yDJ3dvXn545OfAegSl4+I0uP/KYXW3yjsaSFeJlVCn0fUGhf7Do35g+/G7b+6fdKd9P2rW8yqnk8M7h2SQFgNUoo7/ToTCrX05QHqZs7s8lcOzKE2yAL1zptzf71s/66BKpMNdbZ4oyxnc6wBYmoq4yujm6UXmqTvnuqoWvnc1hg8fbvxMMp8WlaJcLsnTQuywv+dmHn9819FOFaLPd3DU5nsqWrRKVHmRY3o9mSuy2Vkzr7ORyXHXWmEa2Ljb0pZKj1Mm52SOxEm3mAb6DEqoQ7MOaKaxHsmDvEnLV8FaqWhLvGlrVcoF8WhCYqkMHiwXHAAqOUwJ50T+roBqg8mhbbstEM5W2mxX0HdfmoH8onYKpgpNRXSyLNdRZqVmvlnzOQPHMMEZZZ+TGNGN4chth5pKLi0FZhxp1ROvvCwE9ahSYpPRTAAhRfomEPdFhxRaTfQ0DAacM/Lw2hW/Y5JeYZJn9wbJsoyyypdwuCrfsa/yg4IUoCrhmhXPulYa8OopGua+p0V0bYDWJoaNH+r3T+DkRlClNYf4Dm8kWI7IT0iu7FHXMqvb4j+pRK5yqUdgjQQGYhBPis3KLp+u7oELkf84HkKZDKUnVquVFVGRSkvfab0UjLKSs6we9/iiOzZGKyCUjpTJn2rGST5jhCkN9Sf1EJ/Ij3BSDxksUAzEio53CKda495mzwAkU3Op6mi8ZPmSjEQErGA5UCCrvan5KcI28UM2zUOrfo5hTUuRNvxcNjvLNp0X52V+Hcc6AMzRTiXUq4ZQTyp1r0w625Jp2GgP8/RMxAArbaMa9/RFORSgfvKX7T6zY9KQM1kyJ3FT0sTSQ/voq6nL4DqsmslyKyPtDnIbfEvPGidGkSP9AIzYyZkpR7viqpKlY57oUSqKaiMVgUTTLCn0ShDMD0vG9R/VThcEZGz/QQFmFiSF0qXkEdruKYNWGNhsjXZcp3RCL9H1GtM7orM14jHE3TfLW7WTF+k8hRuFHIYc6RGQ1Q7siI7atpTPznGOQ8rngSSVrEd8lXBPsR7+iC2CNqMnjwBIPikFSXfKl65bRj2HUGmDB0UjEphIakaicADiq2wyuYYcO9U9tK02nEdbQNsmirBo29m8H1sUhq0sCI8z6eUAKpCT2YlN57ObGnQ7TOKbcv3oLz59+5WXe0TTmyhbN9uGr+nHfT8J/PjpSwOFSw2dvu18CZtNFR59ePXq5Z/6v/+Zv/Rnvnr+ssZoDtB/E+vTVEvK8v3+XScHHS1USuPghnCHKn0zc1ZIejDbP477+OT27ZvP/pq/6u/4r/6jb374F5u699dtJO/v+oGmJlhPP77sB6Y+/2f/6//U/b/95/qp1AqbzsUbttYzDpLnL/pJgw5zelVok+kPoXv2rsboV4Ff/fzP/t/+5X/5n/8n/4+ff6cbU7qj4/3XP3mT/n6kywPTwfLewievXn7FITS4AAAgAElEQVRmvsWjpymmKgVhrYQBnHV6wEwRMzWnPGkRhShZTfwKW3Oi6tqL5rPvfe+f/O/8L7647eeEPj5+ddPsziTqWTdTOLXz+sPj//Dv//m/7w98fvv6nYQSszWjDiTSwE16YiOVsB1MVQnWlvOd/lUq+lQjXmdaI2GNpOoqhG1radPOhpVVpZyEVrnVmXDWlyn+KD99xIly7kCclrns1KOr2vFh5/vf3X/43s/+/D/xP/9f/0/+sf9lr9s3RfYTqt1J7jU7HnTR4afk8fe+/zMdGO33Vqd/aFI4LK0u13N4XtP9bzOQO2MYjtRe5syoCtwEpxFtMC+0pYW4cG/Odzfbow9v3rz9ud/71//9/9g//vVv/fnH798++vC6X2xors8lHmSO9+bjb/7bj3/8Z589fqFFdBzcEeuzJz054GDD+/Cf/eH//f/z/if9nsAmwSk8/gLD9S1dXjpFz2GL6XKoaghMf/T8xWd/7I/8hZ7ScVLwDEkFgWNIcVj08ePv/xt/oZ/+87MM9T6726pc7Ycx0iBpg1GbLmG8XaAG4gmhCt/tZsJc+uH//See3mjvDuz578OHu1LUsBVDB2mf/c1/e866f39b24+iIkd+DoQ61Kkb6ayBFGdPtanqqtW6CKcePEadm09CztR6LViWHXImxjIpVnFbZyvmc5JQkLuRSfgSg1LcY+E89/IDpV2MdL3o8FSnTSLXPnxzVzzw5mFo2+470eoiVDzSCgKBYTJ8jWq20TaqmT3mcSEhjq6VCnaRDPTYa2VplJtbiLjUxYlxww+e1ZDGMVFdIlVtk5zVXrKkEegPMNl1jDuQSs3Gx8M6EYOJZcZTl73XjLCi2Rf51AeO7JGy+9K5TQaDZFxLFSpOkcvtyvCNP/U0TsQEr3Io07gPfpSBarXCRbj6WTMq9P6o+tRVRVB+UbuGQXuiLAS3reCCXXPV946kFZp2oIiAHccIFUyuep1rG5cTJ03FWc5u9g2UFSHTyZxELO8wtxxooJgDq/fyzFMeU1RQRKvjmphxWbXM9DSMaGkyPUf0ik8WUnyAQBd1nzWAYTiWUGPhCbnWt5jk02CdKmD9AfUA6PBM/lhBIdWnZwDo2uoUX3L2VfxzzYl3YCYVdf/Voz+pdkLxqZSFZO8/2bOQpCNA3VkqYUM7mrSy/x9VfxKzW/Pu9127eZq93+5/Wh83OY4dGzchoTGdQxeEQAEGCLCEBKGbwQQxQUJCKAIxADGEAd2EQYRAhkggMaGRaJQAog1KsKMYbCfn+Ng+59+8zW6ebm8+31/dz/s3a+/nvtequurq66qratVat5ZOBjrsBY/6f+Ik1xgKMMGTdSqJndGZYM7rK1oEhzgq9AWg7h+ZBYp5yuiHfC0ANrD7XNNRhMFVWwqcLazHiWgXQsANw0abBVcV5+yC4RAOQxVjOeRjpZJxg8PjV+lyiq18IqWHmMsZELr0lNolcE66SlpxXrSCtDYX3XAQ3KUAYqmN8Qms4Y4NU6EeM+kdxPQf2aNbKkO6ck1qX8vTJnKOIFUPTZ8VLYWc1WoeYniBHcPontPzhXBoM22mHqhuFsK0EDt9bYJD38ddahHFUZ7qB0zcQC8aGG/BlEnP6Jkct4fJdHKkOhweJYxYmCUIx3XSiTooIIqu7OMS2euhKwig6KBdFBzDHHE0FO8WegrlC5KVBw8prokxflqXUAf34EXm/VKPRcneeNOed8p3F6HuUYxHaFQmJyVD97O/9fLuo6Q30MxculAuwz8M4fPeOEjs3p2vzRhMIcb6+3s/Nvbyrj1DOfMeHHjst5+6S3AtCWhfUB5KhiwS9WlEvpEiC+MbH+mkf4FGqzeieIW/XUsPLx9+8c2X8vVrpDEmhTelIJqEHgv70eOYtZobuu5Dlym33Gq240eovNpdK5zJqz0/YPnzVjbmpkdh76bNGdbfLUw3+7m7k0ltffSRAq8MMS9vr9tGJDWjmjpJA/rJDpKKFRIj15yQ7VaCpx5rjV8GmjPV10SibEcuP8oM4Obq3vtAr15+/7Pvvvr+6V4jZjI/826nq6v9pMPrH+5f/uzt3cu/8KfrhUxpP8nu28xSeQuEYlLqzEtAnDieJ5y+o8hJPWPVR/8usFQMqzoJ9tFncWk+lw1qG2SCD3Z014E0XvqaA1XQmHcQnQsyO6lx6LAFMxvgxPyzPWX2WMEq3a/Vw6uP7+0Dund/hpI+fry7url2h8c7Xm1188N2Nze35IdzaFMscuEn//wqCaIzzbfuX09xSD7KnXGfCWJIP3q8U590GU6hs6p6XU1K8Wtyzu+fzKSvrm6/ePP28fH+zS02Xj19pP+l3aC7aSdhkrB/+/rz93J0Ed7PusmPucfb27Si0326f5CUO1fIiWJq8VC2PT1iOLMF0D8qGldMOsYAvf+hVxHFni5ft6JFl4m7VXkd4vPD3YO9d7H01Gybn9SjuBNs3UxJ7voyJk5HuPFeT3fJrOM/fGl135m5hB/BwKEbM735h2J1Qe9tff3ZMwym99sIFF2G0xnqtPvdsvvmAE0D7CXqrUe9kDeHTA5+hykadikBrWiBb1VwZVPVJY/azGJKE7cW5wCSYjoOsoIJ5SCf10KfkBthgnpum1qrXL8Zuux/0XPIoxdCR9pGtX496qprqbgG1D2O4k9NYmSAy2Un+XaX1G0gzccPKHqqY//A+xxTw1PNRUrQXayy85rPxlPFCB2E6jjzwRrrCzkVpkLfPx6HnwjkzGui/giSsgBGjv4qrpmTelX8hamQnWIDdt1puKI5pqpyVJB8NahZt7ZWCJN2afFcHzgQEcd2uuUKdV+kWCmpdhE1dV3GRMfQd8Ij1Z0Oc1BMg9NcqAMNcZL++BkbtRlWVT9iO6A/tgqiyqM7V8fxkmEoke8Emkm9Mj6T5g6m+E+cYHzuP9Ba4acgfNE3mBpNp04T0rUSkFX8KHU0LuXV+Z8cucAvy0+HOtcVI1jvoOckm/A+W4A6h7aTcG4atflIMj1DROdyMT0ePJWoSEf7ckUOf90BuKA+ILUOxY76dtWhf/7+ewgoUg+6+h8dqQuaxfPFnkOl+hntiodu3pOrHK4IXaNohTZen1uNjeAOIwGMcm59oVyCBMJfbt9pnI9odLjcdI9weEcg4RtgXESvRqk3OpNqyslqVTku5AUXZwXRoa3B/hJ0Y3fCIXE0OTaUxPMRfayFAsNT0wiGBQCwFIcaHMFHt4t8MLzwBePwNVEP1iBrl6uGMGxHGuW1zSZjNSLnqEUEup6Tuzy1KwnNmI73oTzQKw9DDf396CcXvGMhuUeVmIuqIS50zF40F0CSCNaTKgMNZ7RU+TvOrnCmDfzHVgpDdTiYm8CfUgdU4EciR6zfZbrjH7WKvcbh6p7hn+1Pb8msoq8hq0mmF6jjLzHq9ksTB1tNksG3pvlAXISlDo2YxILutylf77ZWKhrChcWW6/zZqvIYM70is70BfqETfJqNS9iB49vLy9v/Yx1Rxi5KtPcoGBSbQsyWDQWGRMhsG7DCp2UKsFvdnpU2/zS7sGS93T+x+GQ3vkVUi7g3t/10gL0tGJML9ARuqmsCMmHkAd3FSB/Tagqqf+AiHkisgUysKZIExXV7M5o8SRZlEXiRqG27RTOCbURK46EhML7LKhrRqYQC+uclmRAgiwgE8LW42Qzh1fXre/u0pThyvZtbXvRGronREndsDi18cem/EtzNlVIpLaEU984nZYz4I/vpVqw0uWui6TC3yuvHpgJ95T1Ln15+cfPm/sOj4nYyNUfBplXej/cPv3L16isrx/2QFdOSIf3Qy1goxqfZKGNB1TwPK7Fex6arGsTngYj+uDtAFwdVdPo5tjNBlbmKpt0txPv0kFZDF63FCM1SyjPSGqx1KgqW9UIUnmzBGeBBY+04dMM5G7y9uvuZxfWXt7ft1Wf3V1+aQ718aR+WDTYotUnneHvsj4d1koAuDKOGkst5KiFmpjwLg80FrXvDgwF06X++oUH+5EhEEmeU3T4KkVmk2ZipLKaeTEi8MjN/DCAmsmwyNtP0lEH3zyZeBDxYPoavXl0/slq7+KzEe+dTe4YIdNQ0jlPO+QdnJuSnfifB8+ibH+u1fuNCIXe9eXOTQWXntej544B7eP3BFJUu0O8+hsobWqaa/eJybtC4lq9y1sSvnx7lbR0/JUn4pe6bXuJvDIbPfSeb6T6+vLbF6JPNgN1hKASzeRim2xRLo9NgeOo6BZZcLhNjcggvVrm40DwSLscJrp3NVSrUtI4rL8whC3Q7ybyu+w+CRLV35SMfzX9/LNPU+W6rnJ7nuuaYqn3E8Bje3GhNOxlHQxiFedhzUd/+fkk5ZCySP5wTF+EHNPyVB59NorOro9zVVFlNSDNfqHOBg2N8hT2YakI65KfxipRUuv8jEOQkv7SYyBFKZ4OAZ7iCOox2cshcUIVz8GVhAcVe0M8NXUPMypEbbJXZiLSzxQRLHYd3l4Hhvw+WOExqXCRWGZ+wDv4grXTNEjrMKSY9K6QRQTA4FNZe0RwmboBdjjQ528buap4ZQbXomNuGYsgXt2eOZyQXTlAP2tV0eLiaQo40z+RiQtNfqspFTEdC23rieAuIKP3zPSLPUeFHVGE6R7SninWUOK0q0dJXzIQ+BY5EumqRQPlQjKd55qEeC0Ow2sOIkjrqjoMTVLjDPPA5gtP4H+ToOncHQOEzUnU14U34iZOhXKMQzsSx1rBZZbL7fwaofG3tcVv4OHpkqbUMSSydjymhokNdYJ4CjgslMrhY9B8zB6jvc0y4lA9e6ZSXYmO5z6rGPA04dTTKYykBXOUK6zFdxOCF8Ulec9f+wnWOijZ5GP4o1ITDXRKWYjrokZ8MBy6PPKa5IEI4mPGUtgphFyLKMHnR4XH6RIhSwoyAsxDW3PccegCdVhBTvhoRtN1lHyEYc5NeSWFVVF3N2gUcZHVBDoHr5B5upb6NULWanQd88GisI2butB0e0TBh4qYQoSGNdyTAVJXqMlztFC74j1IoD1xtQ7OW0pEzsNV6x+FijF2shesfGy9fa9Vqox2A49ONbQlwHGGYovYjc1N0FDQLCGt1u7GcAyHhPwDpW6ZsDpBKKgyItLV1EdrgVLYvdqIaf8vo24Bbgvz4ykaKfo2onNiyuNbYfLjfTfmtg/cWIBjGTzwSw29+NanJdeCU41halOvEmHIn1TbmiiL9Qu3yI0BOX1qCZw2pSYppwnBtuXHyyAHkAVSMWjnj+eVXD3ouMSgRgDDB+9vAK4caY5M0jdq5r7k3F+UozVLkVL13/NzFYL+mBXLBGIWDmuwSacW1ZZj0TRVODom2XySFFwfZqKx8JqMhc4FNebgyXIB7oMJy/PUN3XisIKHLhuDMGll/+uiySLyOP/KpM80eQHrZ5JhFK8zyUMWYj9Ef8JzBrTibs6VSPc5giRvnLf1fS1NbGB7Kpk8mWvWZ1ze3r19/zAtWJU9tFsMEGeu5ayzXmk0Rm6OREO0MNWed9zlVWS8bkxk8beaJxAly9lLOYscyse9vxGfr9O+f3vTsuMdtItoMTHJpJb+BHfnTDGoxpeSRU7WRzNTnyq0YO556/9LT61tzy+Vgaj/d2Hp+ROj5Msf6+ELAhIAVe/FUNaVEWQTJZGkofW+sTKiZuUiLn0eMXb++efjsPaQ9AL6m3cHG6nynXTzUm7eSwH0cuT+SV5/vPjyc22EQHzOrXB/PwzrlRaxoffxBT7yyyT71eciWjJ7i4GQKuE8WEZJYsA0yeUmuW1p/FNp8Yd0DC8p5m54FW30q0/wYKT2r3GxcgY5nx5p6DxpAwmPl4xe3g2Jxq/WFYuSmIuQdFYKaiNpzBq9JEWLTF6/xuML1kzjSosGTB5z1/rRBpFjwx2sxvly/3hxR7l60GBIZfzMY/FNl6UgxKLerFZvUlnvuu4AHW5aLhVXXsrLZPIO65pJrGS1n/siB9XBW4mxGF51adAhnUGt80IWPZ+Nl6slvupAsQQmF2lEdG50dacdmfDmgbTTiG2PA5cj0NRHW28bSznBdFSKOmsGKzvC47sz/g6KxvgtHaBMopA4fYVvrU1l5fnhpglM05kwkO+rJWMqyu7ZoOcKWVIfQ4WqYU5/qki4A8dXZvgaLVoEsHqDr6e2K6z8rqlR/jKmKWKpFjPGv8Og37XJ+3eoA+oZKE5T630noHftS1r9z7jPE1UHzIxipKgN1itaAyx2QlYUh55z/p8d0tfoss8tYnSBgJ1k4HbVPfzUZjYuMF25rpJlPVgAVpRhq62aqj7fD18ihCrK4E+oagh/MaJ0r1+AQrgKI0yzXeZLvug8QYaew6mrU5QGj7g19RjaF8Tjcgzoka3M5fmQh3R+svmo3KmNj4BfkMTOPCec00B2AnCsVOA7c3MDFwXjoXahexBlfPpTWsA47wYPqVDE+Jrqi2PR1GkVL5SGYCnTpFIfnAWrmMhTjdKirDDWzPA8U3B2m+RPD1ls4OQzjeUHeGazK/L8gVIv24Sv+RmF8ikXjXJuw+BgidZXwrPzNMbF8Xdqq3apSyPorgIZoagYeD5eCH43BNhWPtUjFdlcNLWtatYp00mes5OmnyShl7sovogxctQLVRZVwXlgPy0ES2zMEz2tRoxYRmqxgglJSyj0eJ9EagEyDBrlfdox0B0/md9BLDE9LAMOhNP6qaIQJh7KysbG2yLbgOmqZdhBHpppFMEHSwZhL7RXEq+EsloZKgcIQNxGpOHKODWyBF7wSf4BDUdt4WY+PlPokMPStLZohBbuxotOUcwFbxcnOCk8xOMfEVuNm2WtcI2HPfR5nhPYA4pBZsy9BUQihlKXmro36UuTn7CtBYEp14eHfHJz4cfqsL+JopsAIuMdje7px6Yek+lYTCYNNzgiXDgooSxwopQ3TdmovI0mS69sbq9dNNjSRA3XToMZmKVPrBqMoHwMpTGCVKYx0EE0YUks764hoS01sr3j4dG1LU6CzXWu17UBg7Wn8gr/+tXsjh9VKKXHazvwS/H6ZKedKmdmgrQ7mD1fXtv57upH/ybIoU2Uv5I/BCNZzdsxu+ScB0/gYxmb+DAiUElRJ4OyQ7xtsnGqhYUcdJ9t8ur6+ptr35hwPuUyW6M0/nnXOcRQ3QbHHmhXbPRvvmkKDYo+cuogmH5zXFcG8SPS548REVCOqhX87LpxpmWApKXS52iignDgNg88C5z/+kD0gLqfCNQ0MDzGAI6407qZ5/lLLlsyrJ8qrlx4H71YMbpp52jryyWtcDwZs3qd2hCjgdGa8TPtJeAQY0V1BKSjEUhIj5LS+M5eL5HR+EYom6wf0aXf+e9n/CxNX/sxbjlUoLyS5Id6g4SYNn5B4DMBq+/X1o8fB64TNUqsykcaso4RrEwypPveqH1ZdoeawJYQSBBDZzxBkYC5Y70BCrtwn6KJcbVIdXMndBNXD9LXloHCYAvdOUh4T+QQr7fbsRNOuayK0v8rzvmYOCNMRGa/q1eMghhTmrxkfqXgLUPu4FAySPrOlCWWmRLSq3E0MO7SKFtSgm84t1xsaaj1Y46li2Ns0hNOAEwGfQ8Mw82JaPjSRJWcBPH3tNFacpqrow5U6phkFClOKng4zi+2FxFRnBaToEClaIcYl+5wIkzA5GZ0Sk7eraaAzwqbm5Yhd15UPU4ojDr5mtYsb5xMrbP3PVjUb2Hjfx+Hfp5ps5/OXlawJcyaouzyX0/LOf8T3rAt0R2EZC5hDNOXUYJQu3zvHVnOu54E1UlCOBQLkBmnqcNQXFGODHn4pMUie0mzywGoUjuE5vbLr0PThfNzPVGEsgh90Yd/tofhWiLNmAc7TauKHJKhKFk8Di1IVxyljMBtw9mLgUF+adJFMFzSdZeYzcEcxTNPybHlh7PCA/GHq1Gt1UKdgvKW28RWPmMlvx+M4hnaNlTH/wXDQRRSqiPc3S4cy7Jc2pzyUF5XNrUhcghUY0lm91jGT32o6wpUqpJOw7GN4wx2fhdBo6sPprEaugwvJXM/5qOS3nR8k49XloXSqQkq9eNkxPRwhDqmY2dbhsbC2tT8auaAIBtr188To+sf/q0rmv+fA8mGjmDRQl/v/I5yTGiVQn+uzYJJ3n8BTxuBT1c5TwxCmXyUzaDh0iyIXpuoLJ1Qe+VQpJP5xHPZ6JrCKnDmAIXFaLMn7pvUVq3rmAkvDtW8O2ntTVhSCUwXZIlEVa3bEi8NoTMljQQk7F/ZGYJ/ZeJYMFy5IcPQz5BVe2s+iNW5BLtLjutPOfB19KV/RxInp1DZOdlrL6mlRq2gccrkcti6c/MjQ6aUxER5CJM9xihEK8UFeeeEgAtQUTU1KAZmp8V7T2Y+KSjTHZgWBpb7DZYYS5hv5jtUurAaH7uwY138PY40DR/FhBRKT/YsF42CI4nIs0VIshW06rGoSZBhU16rGBsQ0NTGG85CZGJVeRmNaW5sSJXgMt+pGo8ZzwRIGtMNvr+/n69sKKtoqm9fJ8F6F8KStEG5WWjKB0+PYa4HV4zpyz+JniUs7gsozSJVgXjwjgry+oe/GyEZvL6q0rokZG4MhPsDBSz4soHqMs1378aO5A8VRaXGRHUObsRwYlmxDW7qi86K+/tcEw+RCiiPDlQLbafzkLeqP9h9bUy6uMXA/X/rJuyMpqHeppIMUlBqx5XvrH14h06KsYVKz06lzhPJmv0VlhxLBl8/ZsPHUT4D5QYFAcT+mnXQ1jnPG6eV4g8sjR4TD0gcj8MfUl+mTkcAnE1mOTsZhoSK/5OBeinmdjUyvb9/evnjvJZjxaOIkk4MtL5bl945SCwfKZPZ5/0ixZvokJp1O3+xHfRixmR7buMndxj1EvmMzBoNZJWwA4zqd9qHkiOuqqFJRLeoEwNZQ83R4WgSS4/FtGIZko9fsbBVsPaAWTqWTcv1ZSkyXK3gLU1gzmqzx8cFbMm/6dbdUxApxN7Tax2/HtO4rTrWdMUuCYmNFkxEjOTSwmbpasBr4y9XKH5pq5Sw9lYMbe9nccLgXWxCWxKdYDp7w/c7c9+/fPzx8eHm/F8b2YisEUk73ZxBLNVJuDKJgT5qtMt5Ue29nTmYrM8ciHrTi3a0NKASbjh1Om8vBqiyVNaOIX6np3HPaUBLfJXY4lPHaKdZWJR6hwkTWTQcTFo+UuBfAIO3zMcUiHYKtsdTpworvpi1WENBTqUYZXnTmYELnTlodtpsWBdu5mUJAza/yCGzrv1C1hbvJQgK18glZCxJwNANoS1ERO+koIbONTCE2tWWbhFoVhnakUrb5MTXO3qDDeT56NGOdqd6QYC10zOK5I9D07TrvmnzcLXJxTgh41iqGR325Q9VpOqsMIiN3aLKCQriGNXYcdBHHHH3EyKkIBgcHzsWuJ6jzPPWApZWFiCPoeDt15zQZOtZn4reWEEM3WmnokB4FtepV/kggzl30t39DnlYKL76KuiAcCQrbKMb2syxK82qt09D63dFrjRK61im+S1+DcopyFDd/5tKI6FPL5AYJoDy+fxEOv5jfqjmdcALF2nfwPbxEJ2IzTQwgUI+OSLaP5dCAGkdAo7rCsHTWpb8+K/Klsa/ans855FAGGT0wAxnEIbrmQ00G5f4Op4dCVzWMlSGG5vlwFnQoK31mdZI9Cz3vzLCDCnxMcONF5JHUVmAioo7bLGqMPn+r3H/yApg0oRgPlxPwXR8Od5o2RUxEDv+HuSiniH2rOViyWPDnstMA3F9PwxeovpJUudNn+s/fz841NxvBaITm0i7W/Ev7LRWBL2ydyoXHQFN/YgS1CLbgAUj4HPCY76yxIH1qVYOBTDHIxr8Sn/OmwSXzaVf4iIR2kg4YCmvcbW1qHb5nk+WGi6+nyVQ06lHcHyzFynOxOxYRatSv39QamXXCQuTa9hX/qukA4bRcmwBCWkah1SjU5LLQnHy1fD6cnnaB0mn9mkhDHEr/R/IgTd7gEzB1jrLP09Eb/GJhnJxgCanmcai8uhMK+lYDdNqPSxB1YLIW/tKkkgZAF/Rb3BxVTeOr+k7H6UEzZqrJOINteND8+FVYI6llSoiFAXe9/1EcR2tyfCCtBNiXv74CKQgcoYuUyqtwFL3yya5LnA+Zhp5YimSf87kRp41YrOwSfOMsv144VzzeY30U5mHzwojKHsLpBnyPrhrve9l/7modsUMTz911ywD9FNuNJi+7dC1BtBDXmzo2PoFEIVp0J3TAVjmDem6vDLvFxXbnA8zzYVOPUPGnAG3LCpTgywLqCwk8VWniEiFSgp1yUlmMN4Cp6TSEKTD80wb8gdUAcCnLbp4udsWKdDCdaSgZaUIgIUppEC2B0y6am34cHKVbnJEQDBPlOJpa0K5pohuNPLNcWpPAmDOr2aBRt0h2SJNsVu87+WMcm7Nh3CYaSBWt1/scpbTFBJViY4zjdtKHo/kAb+rASXZYr3qUqq0LbeV5oqllj3IptDIiWuylVVMsw6nbTlUmkVZSITEFC6ljvUu7+g0GL/Jg5ySdKzoyDvoiTeca4bLvw/0MxgfoJFuni0WEkALckVzRxWIwtGHLzCpTkEMW2o2olMyLIbeSLbcNmqW5b1J6zHfJTX4M3VwzjzlJwKE2bBf28sC4JdQ6SEF0VMvc0+0hFMSU0kSxMFrvsNfoU/PLuGqumK9obiaylXi63DZ6G+t1IBp+bWsYdNwdbxhOs0ikwoM+E4ydJhIOtXCVpgLIwYJzxfY1oKlS3Kqn4NzOvDXBixCQY80JgqPWA7m1p1wlrXrXsqZ9mU4SQdIPwatA93Qu9gA3nxReLJN4JoHLnWCSdsKWKQ7FTUwUh1HhZIuTOrXXAc/EfZBeJzVzjbg/ohDHdBwqR26q+6vDahOS6YLmTKTqqzYIrUcj41mLiwQZCvw6Rjwhk9hERmFHw0VRJSM42aMZ9bnRAbWXkCRUqCjbV/jKK+uJY23qC/e8BYx/i9511t5cukDOCk1hN6tMiC6ic4T6ECkAACAASURBVHxtoWH4QjRW4UMOsvkhwlNiTdOQIzrPx2TbR8zHaE4w006y+I5an6l1LRVelD2FFAxrlOUbOXapZP5Poyro/7QcvmdW4/eZOVYFkl9eTJ2E2swdkvqZdIXnKvMcypNJy1kf4AnhJ0jHa0KxwoaKlGpbnA1pOkP32uI7jSYvKC56SJGgTli72XDspId40upIvVIsLXgW/QKo1VhHebqaXiYL3BDMQGF3cSFyyOcAGMiQ03jIDl99x2cUKqlpZzvdZ+eB5zcxkI1yrqkrhDsuLcMe+OCGti4fxAVnDQbR9U5GpKs0NJ2sW51G7JcqKk/byZgH1LQP3Phjkcv0/lLmS3MNQY7rrte2L1X7f1x+wu0jijWbE3bWNQoTYKUKRb3YOaAX+EFGCb35m2rNUa75wIdX354gcX+JxPkn9jUdXxdM8ZDOfcd+2CbLEP6IeyAhHo0RTlGnaXyri9P1k1BgaZfVUBvCE+SCVSxOti2EjChUx+NDGhOHo9QzQZLMOWxV9OeI7r6mblf5tA93/MOiNEbX4sANvjbj+4Ccq5BdqJ7amq7EV300+gdpwjWYTBODWdOAL1jq8Ecn1Zzzw7nreK8o9kIYn4yyeIBMpVEAIKZmRQVd72whOx0ccHQy/FEHiGJEVzNx5YV8Dlsek2KIcGAjHd3YjxX4YczXj1PFkmKtqzySO3XRR1S07+LCKzE0mYVHBgfPlAJKpANLlUXgybe2Q5fMw3w+yDRWVjclud50pvo8yXc5Toy7TkMO783ZmhTTVd7k6SzLpcoJUWEP6sl5exFNmUd2jr1Uyah06GuZoAXtBgJ0WjnfC/i2+vh6Gyq0MULH5zY0xExpjHS/VVkYoJUVyc7CMV3RWZLh5Pq6fT7GGemZ1A7F7AOFl/PY4m/ATzYTjfJqGTV1T6YUmeUQAFqLTB5sxcdozpU1eylntwys27vPIH2hNiz180PuSchAHu21iGFYYsECSGFbQjnnylAlxOk/qnnIp6uURBg89fp46+wteiYujxSmezl6mvRQ49Wb8ZQhxi2kaTeVxvE5wmwMS0cKSZBlcVSbxINKAdXit/FKDW5iIYbTUmzHQKqNMQlpFTKhVse09PiEJdW0nn5Oa4KyJ5st5vgm/+FpeW6YSmEldmuGqew8ppcb5E1Rqzo+j7vif0dspYVECiqeFYSzkjnnqvLPAI+0qwTvO39RNyAf0//gjpwpCqJcjRo2B8ixKLKxH6PzDldsXgpWEhypcdNJPI1C/COXZjhrosRnlkqdwdVsHMdT/wOsA/rvwZVGobbEuIvEBL2WKnHqP1wOYZ1d/wnrBcLr8pt/pszQ1b1M0sS1+IqcBmzKMr22CIoynkol4Hak9PsOfuug9HvMxiJ4L5WKpymNTA8eQqhfZRD60RzX+VIqcl63SYddqDQLBhmt3BjLDUY9xd5UP7F0JU8F7E3/9SxPD7dNkJ49J9QdwxxSu3YIo5s4cK1j1aUyEeJIhd4ZhIiLKmmleUZxq6V9a03dHGAvcSGWpmc2xXDOqMvK+UQv+u3X+XQegJmqzkucmaV7Bd4HlWvATMZMB3/iknJSI4WbjG1yo/9jix+pLD7EJwN6CqJELuFygWSbDIFCOann/XWz1Jg6U4KLnNL7nq4f32Nar2RGTCA/uAtl/MI7LsIc91X7OsgiuOu6NLiYSJWn+NSd62fAUQ7DaXcWK9bgIIWYCyCfGpDOQ84aephr5GNs0FvtzBgrSMkFxx1JX9EwaHA6xFqn0Opy4U2JXMFUB4uBfASJGqOXMwTfCmatozvaIVYRFYchahiX+rO4jm/uKP5++nzP9RaWppYswsMBp8v+1zy0E2sXCBF9dhopFA4U8ZJ36oxXzacCzIViiPY1lucuVVRUw8QJLAlczCmxsou15WOr6wLOMVlrzRa/y9yqc8TdsO6ifjPOhn/VlcdB1NbofAc14NqriLcO6tsRMzrzWK1PTBGFhDpQeMaVvnDhK4JorLWPor3RpfW6BAt8NOoKFwQ7cd5xIdrpEQhrQ7iSRpQZ7QhwIfVLRKeZ5Qc1cbEjPncozYETs2rd1VUE/R3murg0FY4qXchs6aAKQvWd/wl1WSCjYShtx1peN1x5ab3l2XOZSUvhMTROSoMyBGVAsiaFHAWnt8bI+Nz3cSo468+nHP1lKGsQG10XM+cvgALEpq8iUUf4Ku0y9n37vIhbeSZMbSev6hRrBRF1XdV4RTVa2Ux0McjplQftykfIwDARp4jRP2iCiAdHfR3MTg+H0MekrxjsPNliYPykYgz5OJV5ZPbLUdL4OIXfVcf4GMAzmMLaTEJlQ3ZEy5TaHe1F7EgeUOWUHHY6boSqFI7hH7kJ/0z1OU4NR9jj55nt+Aq64k5WTtHP2CregVy0L+rJf9akur/nJIl3OaHjPlc4hdRSVQ6HcVWx0fkqngkrSqPZoa+hq4tkfQ0I3kYba23auy4ccGL7RoyaOb5imVTbRc6y6kbr3euX5zQ09jzrnccCZVe5qneoF+DjzLgchfrOEkojS7fy0SntNaICou5yHkMiErvbILEpBkky7DPurm5qMg1Aa/uCXGFMJuWo16XZRPE9qpWvdPh3llhAxmvU9npBLw0ynhlrelXLneeV28uAkRb0wOIcn80HZGqHUKlkE5q5R+6U18jGPKIgdWlgwJriPuNJUVPNnTZKtVLZWwxtYppJ6ttBu3o2j3NYsmJ2Yac5YoYjfrHmdJxZMeU/O7IpUuvh1NDbmXIMKEUVGsfb092DpwD0y3tvAG2tNXtCLdeZF4gL858I09UYpqx8IwpstDDkIwkndsV5UxIElOwD8p3o6ktap48GuLSzrrm6oPcXSu0gyYOdzEeRIdog6Y83LMqqmmJm62nYdWKWlbQMVa5INuux9Ky5teFiXzqae3Nytnp48+aLBFOh+ZD16SL++oKsj7RdzUwQM9UqGKyvOJ/QKaH+5OF1M2PvyS8DdkiRu7GGVDkVZssAUg/u8Jcjer2mWa9fmsvLJ9ME32mWOCRQrduMPANQFYl7ajlTN9noJZkdkKjmYb2LSiuXsNh9Z0VfF6g6gFLSOJ/0CqLiXN+fkeb7YU/WMu0S9PpAd1euJfu9QnWu2LhnSuCtpAAxE3kUs2Mzre71RTTenaRCR1eFmVOPpGNK7UaEKVKgse4jmnGjTS8RwocbE4cGDCRKs211A+/J9s+f7jBmHnH/8Hh9cwODd486aSHk0Y8PQiaIpZGxN/UWfGbkYx68xSfhYz7WvDiWV/U0eUI8PLindzuz5lWbd+VmKSf8cNWsmskEU89or0SS+urTx9ef7telsNNeQ+Qj2aCvwYm4GmWQo8s6Ys1d4yzImdXlfKlrR75wGpG6kufSBCrNOAcMkjbg2uYQtbawCig+RgFbKJAnrM+Yhp4PzrohufAyHoIdTVDOxIXAw8Y4KHcWE4rqiF1GVQVANj7MXFCpqKqrXx6n8Yr7qOti5mgY69f2I75+etedqDqxDpLOIcpP8yGhPrP68xkL8V/BlHsojeCg4hhADB9ua7dAl1pwO/I+TrcM0Wk8zuqp0Co7ZhtKBPXuWnDx5iS1OVyMltNnnQeGmGZ4rpuFYNUF3sVYBTpDagpHuAaCiefTrsOhLVzcvwBf5bELRlyvWag7WXWNIuZrEu1ivjMpah50BwWvp9Y+toJXi0Xdgfqnp7GxJpDUNv/pJODO+ogeFFN1ZRUMEpK1DcahopinyEfCDe7UPTc7UlRWS1csUVh1Prw+8sEqN6SO79Wuj+wepCqKj+HRqWUI1tV3pmT6SQ6V609HsfNlOMfmOKjLHHqRPGzhK5zcuJ6WoqbwWPY/5i4LVMEJVVQ9X8wxcKFJ+gbYakyk9hHWSETESRLHoI+ltDVTUU3hL2j+FPFku0AqCV+taz541Y4+Kwfpy0dtF+Oi19/G+tN2TFRSm5x29eCRqXUfuW++4jy44T+Ataoo5nydunj5ETC0iXPq0khxJtYYW13hOCoJ8+MRDwfh85fagn7q7RSj2bg2cU3IEzVitX/pKBzBBCJQgjqND6nKqgDWKh3bFX1cnorEO/+Sb/KE8kJGI8dgUQvOcZAdte28jxg4yolQgA0opN6Rk9T80jTVKE+41EL2caRNaKQO2CwhsHR3/3AnWby5ur5/8eC16EZbz9xILCq0ftY7Sl793Z9/bzZQWhy+qbx7BtbhXnz34S51XlvnikHckz9iC/p+5GoxyygpLe495uRuSV4YmRJYDz4LdRr4KS2JbPfxTTOTQDrzcN3O7dDKOn705XOqi5X/1tXDlRrHwCb5x3CmKQbxzw8fP/agBMMBp33xAcvY+PTaLObpTm7eQ4380vpS6ATrcmXytrIERwLhNDZ8bRbTLSWIaN2Oc0rbpvuSaouGAWPj9efXH0wyPLs5xsJATNOiY0yFGa0B5dn0yARLmOQ53M6oqaCxG3dgD10Xxa7Hu/vHN14TT5xWLAkBRAKNfc8fSI56ZNp/fVVrdzNaV0UGAdKwlZbVIqk19tPTKROJZvSmZxlVsS829FlA0VdyRsUFtvl1DUPex+JAdJxWmSTRKz+IlmLOIBvu2WK5nDYxEnJAWBm1ba+hTs0zWfLFQiN6ON3Fenh4cf/xwUOirFVSvYTPy1gFwXcf3l150+bVLT+MfpZM1piK/sE2yQ+6Uxa/KflABU68ri5HjKbLLYo/ff72Zz+8fXnz6Pfj8GWtV2M954G3XP3w+btP3/aeqYe7e2/tND32GxHoShEJAYLKaYw20uYU5KuB3k2liRgtV9RceIG5fn/uuDWd+Pzq473HTF7ee4bY07vV1vfzWc98P955gc+bW+/3LOrCgwLOXTbfLpumgQpU4Wp2r4Msm5rOX36+fWvTkq3x7R4LPiv0Qxb3Dw8CCGJmYV5MRAZxI4WSJT0lV1Oew4uCFBgOXjo2YKJB/d/EvheO6ehWzJvqJKw7/69v3lwx7ncPL67uPj997Gnpl+8EHM4h1pp2XXuE+pvfciNicYPtuXfemCvNkxPro4eXChOiEEfbTcx6XArHY+5AV/Hr3/EPrU/BS49u3Ikdt1632jwluWrBABM0mVo2yC7rDGZjQFDqnkaQXr/14q7tS71xC9/FQxTpEAzgSyzL0jWakrAGbU8RVQzhyB4In3F36WSnLLiVhpDqxoM2ocdDo0SAeszKMoyiQ1JZyrhIDADgCB+ENRhkLHS42BGKcXFBZu/YcLisZmNA4DlEDeryBzEBjgxqD3AyubggVBvR56r5UghTcw0FsKbPfv/RLSBLK59vvQHYUMRbx11yFTyQMeMTBJwd+kdIteOl0iNu4aT+smPcJpT6w5fPcwx/ZalrrfV38Ae2uDlSPhRm4ed/+edF+kNkLXhoADtQjyt0wgf/+tp4IvuYw+LxPyCnolW24zLT8RSXji5Iiw1DrgRWvUuzY7aoHLC0nk017muup6HazDuo89UpBHhpV34X84xOYBsKQXqaeUa+bx/RjJW1isHniuqQ2WV4LqeuQY/Z0Pc7AOQ8rStwVuXBMkepZI5/sA2002fpasXNR2INNcZrxQNBD3GCXpY9WG9GDnn8tsEsNeitKO9/vBuaKq2HTF/zwerXauj7iNPBwdVaY01qYNlDcIRZfN2sIMBtHhac00EczpM3Yi7qXASkn0M1ZZTS5cBHQDgCPwMWYzlH7rhiZDuO7lYITzpIkL4G3vwpAoPNr5+NEYy/CPmGptHgQjngVVSjrvqQ1C/joMrR/VEdFQerPHo7C3n6O5CnLASXtgd3xR0q6nSYX/koLcqt+Y98x0rSjCPsToY4rPyYw9n0sIZZ5bQI5njROAhq/wiicb1hmnVe+biu7073w5jyazQGw8qNxyb5ojHqQZ7WI0D+VAW27jQmw9//2JH5pLVpcyh0rbQVhvHNSzcx4GuVyGunXi27lX8WJl/cvvH4Lct98nDk7/z8O8sljY53fivJK8lff/x4b3yF8P7x4e03N//p//hf+Pj+vRsECHnp4IjjudTt+/cff+XLm6cfPj18+Pj5qR9AkgCV70hNyk6vJD6FbiWs3DMGEoUscDQigtsn8933j0KHJq389q4Pv9D02vobFt5+cXN3Zwztnm8gk72zcpeNXMOk4KLjEdp9jNQL/83b2z/yD/19n+7ury3T5hNYRKZhEbanu/uv//zf7wRwfyl/zG9iIbtxbZTJ1L+0xFE20DqwMeabX3/16DWOj1e3vXnFDwmnGeO9ROfLL5+efs9kwqyGyQw0gnYsZj7xPOYj2z2JCMSey8PLmNpVFf2jIASaG7mSXT565ODVzTefvvojftNYjn5lvtRrfSJlPebVXaZ4+kZu/J3JSMn8VCcZlCeiioJCuQ0wvY7f5rANh3DMo5xbYLt/d1d2xq9aIZUKxks2TJj2B/jHJLUdgcO/64vSOlOXCWsUeF+16P6P18jATTfrnNz5REmpi19kjh3d4MT/hctwldZE6tP9zdv7X/n7rn7tN964ZyW/8wS2GQ9dZLRXL3/ty9sf/tqH93/rjvUhUtKabQzgdzyFLE3H0IyP2rOJFKeFDS5O1k1Tbp5zeVvjh6dvfvP1H/pXXn364en1041poL050BDCEnytr1/+/K88/uwXH8tR4KJimWuSXoaPVE0+VKIUN102su8ca9AEQHWbk8Ijc5fp6kvX13cvHv7wv+IPPX2wYSaVwGOqZu8MBeP07U9u/+D33v3L/++/9eWb2+EhUARyRl/jpll03ldjBBY24I5D/u3kw/eto9/79TST3KfPNzeSWvl6zwJ5vFq4+PJrv4HdPSJc66oxMTvXreI/X0NBPY/L8hYL5WVcJ8e7fXEnCuyH/rwPzE050rOBbUDMydu/+8W/9R/6jS++3KMSPPSw7eajKbvn3d98+tt39z/77uf3nz+8aW1GzNAxXn3+4C2/D6eD/Rv/xJdvdP0imok6BorRiRuuvjpJwdwZU43IQXCfzz0R/OHnL999pFR3Ix4tkfRSr7YnkYCK2q30ky+uP91CRJwcTG1bmLq1aRfWyz/+61d/9LcscQgJTVSCo4xUHisR9ZnmKlndmMoaK2kwQUcjTU+gUnX+BRFCfygbjFN0oODJtla5vKKOyNUQrV27OIIDvADVr4d80MGNQNxluOoUprJKOo/ISqtOlAodo9TJuSzoaygUBhDEjxSf2anj08tqfcWcIA9j2gqv0135FYrWkx4fvJDiizdX/+BvvPjw0OJtMNRgZSrrpKv4dK4V1xhHA6mnD5uK06Qv8DvSXoysEy5fg0AdhhUHFqC/OnloVnJ4rFlwR+s1GmJ2mm9oHJIhiDdKaeSLXqSfceyU4bVWuRaRTWOBBA0+k6efc/TtKpw/nkYi7Q2ihv7SRimTL1dD0GnoYtzfLOoMmprU+FQr6DEW9eFacaRWq3UBK4QDHsQvmQMX6CgEdJoB6uwgy4FHWtEcfmFKm/M7AEmqJi7ni2uapQK+hL4LJ7M07ajMKxrokwZ/IUjuTKhgHSqdJVCSW9U6ftQ1QtWEdAlVqMZBJfQIIbB1ulWp6xit3G0EJ1s4CyshO8wUYxol1JjOvvHXrsH5alRHIEknSkzEdwSO6ro8jjOWGos5Y+ghOvbt+0f+k2OcJOVOLuYFoQRoEMnZMeE7yZ/SdnWDSqGBLTom0CoEydr/st1oX8pi49T7Sqsj6FQLVZOw+nAF6KxOtdarr+xSn0S/5EioBZfL1LjxSt3+Du5Vdap+5o3+IaQs21VXwYLT4W0gSZtaJvtFN8PpI1I1O0lCQySal7K+ksH1+fqxosuawMzNd4TqIr2So3kwBIg0JKd0SjlNwM/h0VvD8dHpBd+hmmaTZRihm8WOOO2gkR/IrXXTfgMJwrdv3/4f/z8//+m372+stNsV8+Hh+s3Vk9d92H7z6dO333/8N/+b/r7//H/jL33+/tvSss/3RZ3epA8TS3169cVPfvF/+7///H/1z7z58osCpsRTUnd7PQaxEJzEVMKRvss8W6W+ue3BHgnyzfXV93/n23/2//A33rwxNPdIgFdXWjK/fdu9AirwDssP715c+zUi69jTUtJykQmdM6WTfLScBQcWQbso6WAasG9/9fZf/5f+kccfvpMv1WsN8jYslah72WXPbL64+crMx/BcQr9dMu6y7Rm/XiXUHALHVCY4dEfAZoPuV+jeFJCmXz/9xX/nr3/+cKdebSPPU2u//XKxDO0n3/zv/+bvyKFvPbcYSzzm2FjrDexm/MeJk1dO5BKTCeF/djtf8BqLsNNylw7YbOow8Gf/dX/sj/1DXz1+LOsFi1fSyRCXz39+8fb69n/ye5/+1scXN+y3NC2Nyazc9BgxshSV8qONklDkj5eFZCw/vPjhFyaEjaiiDGCaTucZwomiiZA8hSx4cBeIUwD9C6o2/kXkRGyC5p2+zC6wUOLdmkpAYHFrb4110PIt13EIcQSAIBWHj0+/9sfe/Ll/yx/64u0XaqCwU0WSqqFWLm+/vvmrv/vO0vD1bZxv8MImU0a3v/SMc5OayAKJBLgjYz7X4syqYqDslK/hHImHp/fv3v9Df+ZP/Nv/A7/9/qdtAerB0CUOqUhy+/nT7TfX//u//Hd+/1/43dsv+pGL16a6sOUmCztRvDhzHCHdfD21ZfY4Sxc74T4tGQXWe/nTq1No/83/7j/bLA5TlBJ8zdTzgFdvr/8f/6u/gim6KlSZbJQkct31LoygOJlS72xD3XjfvbUer4TvX/grv1doUOv1We5j3HRPHnmz6I93L37t127/3K//MXcD1rWbBuC5d2R5PKZ/FIg1W4PQL7J370Fpochs9vrTh/d3/9z/M6W0w5DbmgBgFgYwr75/9+1f/LO/+Y/9D//Njxb+/aiAp2/a9y8F19y7lR7Q+kv/+P/193/n4e1XL02HWu54/HTtF80oygycNl+8+M/+W//Mn/jK+3BJlc19deKsSkeT4bnCUuXVFEQ4hVsQ15//T3/17f/s//zDl2/Ej5S217NK7lsrDN+rV7/29taZ08LFgqKrFbz4+PT0j/wDN//Bf9tXdz+4SeLWhx53cX7w/tFNGnLEQ3zF02jXA+YaeecAt/Mq1jvArNxpDps8/R0PSOmarCOPxPxi7cAGOOJpRE2NRyndPCOocHq6wAxDLV2r67uaXs50joOoCjVo7LrKo4pV1Oi5cd9RAwfqAJJp6A8TzUWrSNDqYzr9Fhz1BXvc/Hj2p89fv2Xn23ZtNau0+AI43jh5cY3TL6ykpZTHt3ZWb9sDxJF0On6U5MBF6fx2urowlwCXAgZb8EVmfqxpBA+HoU8wfzlY0led6+wskXeSKpyNLoCDrNAe42szPNNP0TGYjtRxGl0W92oyQjF8As+BXDc7OlzoC+wcQ3aUexgfctXDlKiIDdoZrKM+vZNnQYPgtFMKpm6EwpzUfe+jy525mn7PhzJNaj94ENGIyikizVFLRag1aWfug2rKA3+5/JHSUK1BRRQEsAF7HWvfBR//OfoiPFoV02shVUwybiNcoIztOM8JwtXVUIwsyNpyE+Xk3YJSHAICNXDxKah0le8BXzksTivUbpLM2xoJbHwwflc6xsrud94Hrmq2f7gP11Q0SNhV+4jjOFUJPH9xhM7/Y6wVjO9cf5D1+yiu9djqutBYaW1D0IW/gGDXsD4SKSU4GVDAk7Tq1oPWcrwmVtSmhSEepSCGPbyxEO6KjuZWqcm4uGCf6cbhWhwZB3IAQ5SsMPXhM0fZ6emLKBxO5gfxMk08L5JsMIbP/1DUmZwM0dSe8M/HPHDmeYZJQ6uP9cz8DBojk55WCFd0zskOwBSicFT+XgIxd2m5WlepM0R9XEhtODltLx2nashrmxij7etsJDMqlheFobm8JNwKvKxARLPt59Xra6n5gyBYOm4rxZs3nnC8fviD77qj/fjR7pZ86/wgcG72+dP3D1efH7/66m04YC2zKNbIzQp4CLVqnKgYkgZIGjrfo6nnQWRobhvZNf3kjj/0N7fNFEwzzFW87uTdWRWcdy0JH9J4RwDkkSN1Ghqy64KzGGplG4zblfcf3plANMhlIp3+04ubulMLkp/u2gl1WZ0dBkbPaQBQ6FJ/g0w9GvPdQlHReF8tsJC9+3BvYRAnplQU0G4oO3JahFb7dGMuVXqJVj3nJBvxQTehSCb2SYCWEGMxN1CvErf+lxhZ1vK7aOv4fFmWlpG8Pf7BDn/ZF1nlXDGk/QM69WFYHp7urnqjvE3q7acetoA096RFJmsZArEMKBCpQlj+mioLJS6WNC4K1fBEPsX4jMFYBhKbJ8ZmYRcddaD6Qv8SPu13JFoNF4/npJFM2KTXRJK37ST99lNr2plSOwyCSG+UFRFrvfahfbx/8cKyYJM65mgV2oO/wby8/1BKMPh0m8qPg2qb4otNTpNpsu+mWcZQgQ+VvnycwdsqbtwzfwNDDSSPd3ePP7z/dH8HQ3DRVbrJlrXIpw/oYLPpH+7rElRmUB57IYOGXVYwXUUh4hwmBpylkInfL3ApycMxSKFLcO1wA5D4IWWEMNYgvjmD5Wqr9d2PCyBk+WD1FBBq1PM27JV6RzFYBKDzT+/k3Z5tsN3KCniMLU/yS2cW3WmsGS+KNO+jnVwhd+ETEmC8Fy6azz4Pe24D592jyQivPu8xau39XJqn1TNLG440vnn7Dct++PlH3rdbgynTi7bMLujwwRy2IcGviuHuoyn81cubB4Hs4/DsWfxXX7x5vP/4i/trncD0gfx6GekmxVF0XYATQKS4I8tilCic8vHdD7pVs99P9082k9GdGhMh6kp6s+7WNHqTQTqu0M/wtSMGJr8Kp9t9/Og9Sa8e7vu9ttS+sSgeopXn5UwYiIksn/X2YcoPfPbIJnhwnkkqOsYZCmqMntrMOAQ+hiMvWC9GItwhnFWfhR3BEKg45POscbBvKPX09ZIQHmZ8HvThS4J9HDc+SAYQnzsJDKUsOQAAIABJREFU96GwAhxAVB9y6S/skGO+Uxejf2ms4kJW9Ty3Eob5fPWZEV68/IKe/dzH7iLDBnWTc9bL3NkcUA+VqdN/dMMGpLyRM1U+vQDO+SlvzBRvFpCSefRnm1hSwtwE76IAF+I+sY3DXedAx5gKLupXU6s1CMmazDY8IjzDZgq7DhmdUQhlgpOh5hFjkJXVBFieUFVlPo/6lBego3a4Cl+X/YHC1GldqypqGfLTqHaRrVUelXuuQfwfWujFqhbYqVSBWgNBHlhbqICAnkqhCMC/WBp46C9ijnQQazbQtVS/h4BPTXRyngjFMlyOJFsXuPBc0ZgJzSGXMPzAh0ZxstC0doPReS2aLQNfdJiKoxY7h4ivBoWEy7yzRvXjSQV/gTunAn+0L9xt5IBn+ut78maTKUFzzSx7cNo8kc9BDLqVsPAY09LXhm6NabzqGu8Ec1P+sY8ieOCqLjbmUriqRTpTvQ3Jp3GRrJrGVid9gFnrlFQXgONgm9mOAnLGdDLCKTZCByq6qqZCHCw/S925QE06KDCDFc7OVb6/GYPraWfWg2eQgYa2do7OwR1ZTkkaCOMqjmRQUgRlYhuvcTjZgqPY2hUJ6uNgag77GExVp2gkhha2qjUK0Vq7CixkdSRlp5mzdBbgvhIo9B2nyWEnRgCcThikv3g78DWPp6BGc80jFcnRSqeujkdEW8tDCqaNJotNwR5lrRXmeoRE2cYJU06L1qW3/WSVJLinW1/dP7hBHy1UDVyQq/I4nfv03ZWPsWLlkw0/MgMJTEOLRG2+KYYCGGexGI44Kx12F34dwmUjphH8JmAWMqQngPXAG2iB6Qt7ONdQHy4GTAyn+8KA5P3QqeNcyquHBFHdrp2+hoCNzKTMGbAPUYuOSWAkRlvbmqNCIWUG8ZjjUjN8Bnh9oKcr8yWPRnilZi/XIlnrmHxLIqJ5CvdzrZ6L7HfLJSM01gDTS9/9ehJeltzj3gsLkQ33/AedsTAZKIr6mB3O1I8i6mkIPT/CtQS+HOre88dN0TaXk9D0AKw0y3XpWOrRgiwuSpHawlRfDFmshjuWUJOEqe1HVcm4ZiVpUDgMlwAyKKZWEGppt1STllsCy8uz8XQJJN0r6FNdR572fJFftOFHrj+tq5QuBTl9V+0Pz5AKDv7lCOnXoKgApnqsrWpDXJcmsskVDE1vG9r33Gqr1SaZSqOd6aHwg8hQu1bXvqZtwBrBuZXcLUkcE3fnqbBsHxT7J4xTKtNTpOCmJtDB7Bl3Sn3iuh5hScODpAu2S50N3qRpounBhKOfVJyhfRWhkhKB/c+/4lIlFQSj1mmXYyD+JZ2p8Zg6iwLtjyU94+G0QM/xmdXj4CVDYI4hQWl3FJq86aBelHsoT0OZvtLIsX/fJHQGvGtss8cnOZi0y30GwMyqgX6Ad+uyZvj0T3eNqWHghvgLORullLraMufNXDBMGj9SB0Jdg2EIMU+YazOTZhk6IlcH0ZXnA7wy1LvINH148fCmn+luutvjKjzIYvAn00LDITNhUH99tA+Q6kKbgoKJTN/xlZI2ILSOsHoc6rx6SBHAIyZufZi7yfi9/oBemLXhOs+Eksi5CUc0WepuQFMUUrtz2Rzs8fHeTcKey79u7t0ogSpN5u11RTi67GvHACgUY5UtYMdmvSWCminmWU4dE6kOolxtcAxaratG+NNwxsupOICqosBgow3tGsN/CKy1oiCPyuJkdJ8xR6ssQqGzlOpkUMyZcmPoFBzLohszhKf7DHEQ1gPSQxguJOb2XVx6EYZ5FGPl5S5E2Ly4SZdmGe/A1pw3bapc58RelqkSFJZm8r5mBOatfXKYevrmljExLmua5DWGNhUlXGY6jLpyUXm2gFNYqYY5YyBVXuxR8VFERReMIXXpg44bUULXNdWIjMPsCwfVDLgyfwf2NFdx/ncJEmw+UzfNMKvtSmxSEIF15S5Ax/0FuTP/ChOZvLPVjcFgtFzbyvPMtDpCmkH8I57AfrwIS1X++orgqFQ4hEE7csZ6ZwDkHbGQ9wxAzQPBb3ifj9OcrCEGdXqUiwzxXHihsdjEsi2ThMxp3Out/rUjgNg4ECxy2rD5yGsOO3WCsQYkZ1EaGi40Gw8jRyqYNe740NxZQdAstHF8GNNbBozFAjg4y3V2LfYis3oLaawZjDBShSJsRGwIJ36j2S4rRZnGirKHqZeWPNPs6F2+yYpVksMUnL+4WFtSdBPP16XgiI8BGswVNF0PP+LCuOa+jhOFD6Drw0LCBxNTIY6FgPW2yOSC1Tov5k1d0MebilopBDCEymrTX/XT6Uq6nk4qfj5bcgAzaem8PlDDDiggjpVTEnf7F2waH+UZCQSYHc7WtovJVOuOcZ8X7B+wvHVfh+yBSobVHI7DsV5VgDhE1B/nCREKB+9za8TWXEVirH+kGRcH8wXwmWNIY3Oqq8flaV2u6BDNbUiJ2y2/2SPglOsLeeVk3ZxfwBQm/UKw9/816BtO23jO2tJhS5lDOq0ttUSEba8hSl0RRmsfTWV1MoW9s4/TdmENNTFxAsWDZyitjfaOxtd2IMkb5LIZq952e+X5v3uQMPSRRy7q1wGRwgfMJS25dcabGeobWfUoo955jGzoIGBJG3b2aDIUus3FBfYy80JCNw5gDCvdGQAa4aFrFlSlfAMxdxUM6oCgj5kB75eSMXn99lqF36Ky9G/bdAGMDsdwiPWrtrw4lSEUQGzPx5mBCkf4WRKkWBuwkyTvJa2Rqbs0NN30QtvKPY5pGRLBhh6IaFql5qyY7XL65kNCG1bnD8LKOnc/FIAizEeAQBHcRwrODvE5RW9AxTpgP3MrvczgxdBfHhlAo+mVVqAL70wVdLSgi/8TWDZc1nVyjXiIP19BFShyOdZK3YvtQxbV8IAJd55Rk0Fs/lP8pR0pPkA6nt2FZV5U/OGIEwILRaOaqgsRWXK8eO6j5DVurgrO0bTMjQrbecOmyVg8SBqbLa9NdyRUkQauC5Z8I0VsicdkMtQaLhRcgDJKpSj05Y/SY+WUqoArPlJLMHXKGJwNqyDtdKtdgq+dwqEccxpolOzqcqmuYrW7KDVI15xUCi2PCqMrbEKeBsHoJfU1T6aa3F73qp/6khSYrAmQ9XoCtxf4sm96bSLSzCcnh2PI8oiFBAhPv6xOWClddkxsKDGUKTHMpW/bf2RzIDY4noluLtHQaNMRv8dJbqKjmYm4NcBYZgXeZ2afoYWNL25eeASaAQQX8pS+o8w3ZqJ6vMrMFNqczorjXLF3reonzTYLKfpQsTN/a1gHxpwmzYD9OJ6RjshyB9MA+zJaDdH9JmWqlGPeP1o58POCISvjzCmq6ono9J1pZmlfs5Pry5SJR2XOoGv34zGtYnhFz1Xh0V5Z+mtsG5k6BSOkt+EKzDEUtfenaITHyehcLmOrtgPZd03js3YDV5UOwwB/NH7sW6QZO838wzAVh7krTXytpuiXeANar0EiMO155c53EbQpPcMwot7dFDeylyMqUBWsd0bw/sMb+suRe827qFV1PNVP9SlGA41eAk1pa1mJI5H7P83AeAZwjSuu90FUvDnhwYmrQ7kKzVAKsAZaOMdo532EDwCyWWsAaNVRVj0/GWsHMH4PM6U6kzbtHk58Am2MCHMI8DoVZ+SgOs43kFCBGUrtjjKd1GtHI4AfxYzLsRQmpz6qz5pDfkFXlVNCdTYHHrJ5CtF5SRDP/wehQMkEjkho9xAwf8qpRvg0GC0fM1+twK5fOQ/LOdJ2TGk/e2brohPgcQUqm7XeITcBV8DDKmKnx8FP7gwT0sIFxzgGCcGWzQ5bSfrqyeuRc4D5wmJeIpRQaVMXrBtUNOFBwTmCFgpO4gSpDayTxnJjNAEjtVZDoXkYLhIcX0qTYPLpGHReQZhrunRjnvDsjy2lEA3Usojhy+MTV4X+NHDoCsTCWVwU0jDpOBqJr9QzYs6PMBcUKx1XuWd2mASHtTCM4dgUeDN5aCfUsWJKjryG8JrmH+xpeSQnfs1Hf+gZ5phiaC4UQ+s0jXccR3oGGEyIIVpn3nea2aHVj8c4DhXBoknV4yhdaDt2M0/kMI0SXBABmjWmqETb5KQycAmTDEcYF9wuZk/TuA4LbsZ8H9GSdHQ2Jqn9uX4NIwfPdBhrrp1399Dork0qKh9RARVnvDydClbNvZG4NypkZky0kpbZuaRJQIstjSabf/LfxFLEK6KsD8Hdbh2j8a3HDOzIPKnbCWDFanzY16M7xMjuaKbI3WjH9oY7qUXDFgb8UrBEt6FUaiG7RWSqzsfnhfDmc/litsPldhqbLBRVleRYFinLUdJI2u75Bx5vG7E9/1bpWv2uFmuY8k/HkPgVlNN8xaADccleZUHkgqw0NkaJVPf2FK8pvDslZEbLdgnsumviZ2psDAK27pGDYJ6wI7gX8lBrLlGESBJn8RF2n00GHOlaL/ZikKU4r21oovpEkuv4KWPLrQ01S24Q7v0xx2NSjCyoGy55bM4Cs2BKHAMnpfYgRCrKNQ5Jnb3b0MKY6EbMJg6k5A2ZuCVYWQ5yYSPGmJs8GZWexjDEKOY/HWwImodlGEArLEWog+QAlNL2KqyoD7EQKNh0h8VRjhQKztgI3eq7H6FzOW2mNTJjn24z+kS13l6w9e/s2+nB0DysNnGTo8VevgQhut5Hk+c4XfiFym0utid5P+XkBpA5mSwue5dzhgdhnDlR7WuoMmG9LoZxJAlIKLUl7pLWFepi/ASotoqBOOpdYcw+rH3KCJeaOuaErFP22uVo+sakIzI5MFYW9+kpMY/jOUOshH8JRxv0wbfuckGCq/ARRnn+UC8L6RoqtqIvHrBUWm2yo6Z8VzlV+qfIzBbNllQzaCvkFJPfdScPP3X9NJPEuWs0ab+V1zCrdH7uJfLJMPVIQLMnvqRJhZC6X9/cg0Lt/OAqCW86ELePVt/txnnl0R6R6eMH+bhccfyIJmJgjx0XzvBAbylsThmTn1VlO3pUib0bRtDnGU1Ys9upjlOTCxgPnd57n3LIMJw+80ABAUNa5Nn8JxbkBjd+JC6CtUvy1APAZcxnekVppe/LZ8W764gwNSTr6lLupBiq+X6twhyAf/D3Ifx0MQqK2DwLuBxsttj56vPAnGLHCIYywSBJLRcSlT03W81zeW4d9rBpc2lQ+249K8k1EYmxrkKTX42FCyfrB+rHfT4dUGz44wV6ASWV8VZw/DTOKCRBdfyc+NInfsSRzIqTOwsLuZostPjw/yJcc8s8Vv884TCMsetfLpJ5jlAFE9cXQSFVvIm1scAiR4kTQY+WJl0iOFk/BJ1S16GhONqA7qL3Bsd11Knq4Ej1P54Ny2mmPM8L85gsboYm7CnIGT8N87SdbQK+MDPA4x0D3QdEDXbjJu4obspaqxBloUMyjUQpuWp7jhqlmotA9aGwKXH0MbvXMKv0qbX2oaha82HzwW7uu43YqVM2kD4CPE0WSQjoULq6Z/Co5jOHwQtTuSCkGyB8a7Fo14TyhL2YWUutk2Ty1eeQbOCITPk2vAtjRYCa5DdC0gazyOZXcTWzV+3OfauczpLcnxUlSVCvWT7LCFwT1uLjQkOSBT6ZJl1MzLZ48L9gfUaShfaxtKAf54PER3x31XDG1+epCfosxUXAGld0uKtWwExllUjsNDmkT8sxOMRZaSQOTxgeb1mCiM5LHVPjiB5xCMZXU316VBMR0jxHiokdD5qnmlkwFc8eCtdLuw4kXrG5aHqURd6EyQiHifgYukLAKnf93P6XZXruZUAPeXzHekeXHQsfu4hL1ZfbKBPwcDN+jvB50BoeVobyYJZJDCRp1izhAk3OE6o6vRAffT5bE96GqUaeAaSf8K5dGyvUnXBkU0pjNhVQzgtZTtskTOpSJ6KRJW73VKMCstelSL8cHtK9urp94w0W9UPQubrRveDqDZOx4BZ5mwCUtGBaUHbeojdn0aLQHhGpOOzsDExsW66saIfNGg/t97d0KGkwhejZAG/csNXCG4O8VJEoUjFZWpEoKebISZrU0003gutjULQ2qVRmcqJndzJGXY4ik8NY5Zhp50yzHdgntkaQ6YylIDI/K92zgXeRLMLKdrxexpv1DedeMGL+gMaLl2/x7fVIcrvHp9u315+888+N/jf2/paa4MtIQT0SgO1rjnkY3PPL0TOjBWaGQZzv4zyxopvbOe+sCyus8iT395bvUK3fSygbSSmoE6L27YERDpCsM9A1C5WDhT4egaYwZ3IqtqlJ6ogWmHrngbJA5rTkpT6lMUUZEjKkuZnlzBbC4yucfaxZOHA0ClPyyol5pAYzLwMh6W+qFO9Z03jTMDzIGF1o5WnuXLTNRExsx1GD6kwU6UIHgzXwtulj0Un7DnqSI6qlEzy3GssE9k29NiVrhbowJBS3T8Op50z4W2GIsfSUdTBtk3uUHu+80rEDQ9BXqpLq0iJMECpjAxYpEvBatKpR3Ui/6QIAzdhpWCdBSXBg5D1axIGrNgNk8S5OfJgvBJc9qkx+p775kJtbJ0Aul4kZtq0DexQChkqhSltFAswvy0v0DhVhDtlyh0MYqcy2vPuEhuGtLdIlw3O8NdSUKe1w535XN231y+EfsujYj2+a422+NUywjugyYk9sEyRviB70NKi6jszdmEcm3s3JAkWix9u4q8OGjMoz4qcX9ikCu+Fb3Prp8c3t1ZdvXt/cuEGQ53i3gQ04VBAKrkNpiMA4R/wlZ7HIlGwtptFSSk9QELmWFt3rEGx80nI069Gs4AcHMRbClItMBGiKjO6eCq3dgiwcpG9AqSDbgA52/DhLuh19d1oZ7YAObaVaZ2Vyhr44MkBfKafGl858dFTTtVSH8YBScVbPHGtRqzOMrybe4iqAvp/56jIEcXlaDsWB8BnHF2Z4wfg96xjWE2DJAwYVPtpNXRGZb5RZKS/SHBilP56lL4BMwoLMvTqmWE84XGk35HTSSAQ1UH5EWfyzqWQxJFFyJ3EDoyifhYnSkUYKteI6vtZZgCZNXIDzSdcj4zzdpm1h1KeCANJGR21m+1rPJvF2hA1NB1Qn66viIFroyz4hO9Bhd7bLoT2NKwHhw9nqndNgvb0p41RX7SDG2wGMbu50zKE2jYShagjDlRCTReERr+qhCpriGmku8rAMjIc1xIcDJng6VbDpUXhCMbvt9CAMzxqFb0KfKxoZCSnzCIdqYf0CFfoQ7kgPA6tNeKqKOk4PY77XSw7SItOP/pixuMskxjarZQ0Ii97D4/OCndIKIAXWjlKwvEhK01IbD2p1IRwN70kzZuaOJf5gxbhwQW0DsS2GxdJ5Hkfqld2NtWK2/EQABc+m0wNWypQVRPEE8nRMvsMvi8AMW/gr1xLAYLo+DCFc/6JJ3XOkg09rUK+nhq2IFoYprwgj/Tlih4k4kwEeNcFFcSep5pyfz0sHr2z4ahEBf5cjmzrFiqF+jAR5qvvyX5cf9tyz9qnRSbdng4udeJ12hkzhcMTn2nedlMEP1+FZvQg+ouEYW9SQdwCcji4CxsSa0xuuEjLkAwtUSXiBLOtdefaaaiqNk9FI0pWOYW0VRKpaEmSFLB07M1QS1DBaE47fRlGZ8egoMgwDG5yGewqKo4pxDx5/m8F4VK5kl78X1Hx+0at49EnPzd1YaC8G8gzSvb658htSN2/KdD++83o+i8yyML6Ugfw54mYZ4EnQX7v/3rgmP2aZNthclJNbbcm0tvmnwcdW6S3blfZJog2Q5XV1wBbJ0rL2bkTYR+OoL5YaXmy+mNVHzNqQQLQ0tSmKEd48QhpCeYJ7b4MpJZH6+RUuGVmpF0xtlE/1DQ0pnAdkjhBVWIZGvqYf6xKuLDfJ0W907dd2Ikg1cVy3NbOQRNqLcPfgDaDEefAu9iepeRMCROWAZQxUwmRaFyddau9k23hme9JEsd07uUaf2TMmMegyT7CAXRx9ce0Hjp6s6rnX4LmMh/QPYBnjNjYwU7IhunbFqtrnPDmngAIJgUtfQODTkkC5TkqtC5am9QVLfii+5Z8+ikgUVarjX/jn7qp+7NDB7bKaQzIuDui8e0RQT/OLb7F6IQxO/NGUJ9UJ7K6J66VT8diEsIjmwwMPWGP1rK9FmpXJdzfKK4AWghGl0uYGyW0+F8vdhqqflYJpDTg59j+p6/hNFzDoNDbK9li7NJD8AMwnObKgwRnyn2TbAje5p2KcxY4qnYyS50ROrI6n0/ThfzMWI4d+Ga301kn/CRaLdTfFPtNoVed7NHY6TOFbXX4CHWHpbpbN8XhaiHKPjBo1ughpcxIqJf65Q6K8BjHY7YfMEyj9KsaHOzQ8x7DQ7/5OVwn42uLAUmoVRRZS41+00AeDpEP/5zl5vnGtGiyNB2ihjp8O0bz7QAXdI3kO5NkKvd9UMHb8GNd+Y7n+m3CUXEfXN5sBCnpeDOT9Y+qiyY5w+1EwUcWqwLjixH7Vy812AiXrnoOvt+EoBSDDok6K52U4OU206vSKSx6nxtk9FkgSw7NUSya9jakbjOLPfb98khABkQIzIpLfTECm0UL3Qi214xPYTCyf7bRzLWKyD7xtgaCvkxUMfA41JMDDNUQxA1kdF5v5Q4LBUXn4OkuQybpWu6p+bVd0wA7oWo+ncF4whDDG+hpyJwcm69awo1nUdABubEB+YWDN9YAwDj5sLgIDc07yvzG1ZnTIEvAzemNMFmiwc2Q3uH3PGki3hl7MLY4dGlc3Tjd8TumRqyOYgTYtBKVfw4aP+Al3OBeAnKckF7y0CQIGY8m/4OvJKLOenj6Rwoy/vD4+E2IywZlRNfbRefGpf/0flsoHvKIj/IGu+OA5WnPdEQgMWsUUjzXArieO3QtMOIMEO/SD7nJ8JNpzVSofCwec5DsO+kg4y0D+R5XOUR0Ppw706Fw+D3OBVhocaDhqeaGz71VXHgR91iFra6lsh/qK0tckOKWwcgd1Gv7I6dpNJ2wVCp8aF3Q6LT3x4Yz/NAncY2VVOV9IOgif2UrEw02sZZ44/5GNczteUb3cwGCuaSFkryoTGrimchFEWxuDkcBFKGRjPsrJ4sOimncdGro4ovVQjhBnRVUfz/pFE5P++mgKi4sky/TxVBSB2VlNnDYYBV1to361TjQk6WqSFFRG0YR0c8dLSVWp7BKvnaWso4Sw70G0YuCJ2IpiJLmidS5WEj+Ho3Bs+EUeycZvVdGIZieh9zch9nUgaOTkvU6GeoKyJP35l+Mob2BPnTUc/VYd+pd6BqjBodFVxafDg6b5tHOg2h5/MfaKNCYTKmlgfogEhhqEfKVNBFLV8axQZT1VVQ7HaZbQw3wRNysthgx9KsggXeyHPTvj2I0fsKg8RCIEaeQ2UEV5RcHTStmHTfa9ElJQU7PU/PO9n+6VecSph317glU12aAq9vnlrwmCAU67X1jab+IKuWlviozA9HYIdd8qPozAmNsO2IsGcincKgax2wU6wacH7xEqJ5B32tGrlVHRwp5u0XtIyS6v6NmA6T/NHa3ClVgAUkIKxMwG5emEFdgekIG3YTYOm0RjYHzJ2OQ6tZu/tJQIVVT8SJC0EvaFkdXOyQ0d1utQWDqoVqnkr8QCHpwKs/ISGw+6YYB1wNA+WuN7umfpVzfXN/F6Vngot8m9ob8l7YarWMFeAjKPSycZNVYogayJUMqJ88gFC4dcxrhiv7WKOkQVgqKTOQhGa1osvLhbWzSoIXwds93BtpXLlcRN1oKqHQKsaRQcpOV13zlHLuN/ydcI54exihhRonmkCIsjzi4VsCrYX4DAljKt91Nzig/DgUn4NRamkr2c8+H+TFDLoB56G1LmPpKvZ7gqbLH16dxZ2eOb3cYp2SyokeBRXiaFc9umJ6OZbgwDabYp8B7NaEvEbvLmIXix7nzz0vslAUKbl432S32rCWZeiRdessNFDktREww2VCKUvyrVdnlrAg9srShW2ljbi1jDQqCZ7RRriYlUfkwtsg0FlLAvIwES9Upm/ppUtP4yg8zBgCvVVY9bEQK3NcwH/OP0uUy/JJFVBs5CaFPfpg0K12UYxL/6EV10FyUpmw8p6eQwmxR4kh51G6cTFhnWjSAikBss6/tYYLGJnU/ET/NknaKcBhoAFadGz+RSqPCT5nrTUDfRr25b77j2MyIvvRv+Y1Hmsx8F5jLuSvK0bvUkXqzVexgjUVljeFlpGkhvcaxj+cviPAaKAwUkdZ9ORHNFVDDwCbODylAdmRSFc5PJUoFVAYap20854UCg9MNYknxdRTcAnxSQ8WaFBYZYxT4QZ1iPiZgikcuMknouHwGpi9YzljRYLfwtXF6GVCU7C2n41PcVnQt218c5YvIgiGQOrWPEyxjXAOCFqXBUowk9DzfMODko1K5brs3ErEFXUMSiFjEYP6Ed50vqRadS6+LD7sBRCSP0SHr99TkWjKxmswxYWu+8GYGGEBfr9dsN67NnblyrdGYIieOUTg8NHrhIMRMkrpKykgPWZ/pY8RKsPGEudlQIoKswhDIZO7TpBI0Ul6ClRKBAXGSOjtiheDzU6jQ+UD5z4bpEeFYXt8DH4Vhdlnm4DdsvjxqsjSY0lNOPDR30uDvQCf7Mseow8/BD6ZnzEvPBxlvMjv3jxgkbM4d0cnQJ7eH3l7pQfFjray2ifZkAXNCHf6SfYS5uP4Qru3SmoFiOQpHr/FBc42c6loEW0YFYDLFuJ2xzC7TrvKN0VJlMsKTWqbb+y5HKfPkAP+xVZGKMknxonsRHxdYg4mjLCYWr0B/WnIcGSdGPC0Id1ty5U4S6IVUaGPUZOb1NcYG1hwJ8DYtRDDbH7DSa8wsgtVGfzLE/sRqBU39UItn/UzM+wlm9L0j1lSlsIPOPo78EPETCEwE6W0N81D4edh2eSBz2K4qZ889V0q5wPHZ9+Qcoeqe42FxF/6s4TBzICCVjNfWWSbvz/PjQchlLkRq9oQpdfbKWWWo8xkFH7CbGjxiQPMUJWgcgMzjAAAAgAElEQVRRC6jiAnOE5UtZIVrLJo1R6/nKllPFAIyZeKRh2AaVMMd1tcNXrNvFJN3IgMh0sHouiIMjWxh5S2GrgbTB1wqlqNgGa9NKqXwhX1U7f/zyZmvTfkCWBb1h4+O912mbgt7zCUntk42zEq0Pwisa15iwKHoCaIt+LS6nFIG/Lp/W05Vn5pqzKtr+By3TkSQX6QYbjcApo7j8RjfhldbjWvrLlXudIgaxlmJCXXQGAhjiPHZGOgaAozXh7TuqOC4gXzcLAVpbr50SW3oteWzXO/7HroV6TyxYchaPG5MhYUC81ZWaW8Sx92vKKf23jej+/YeWEv068b23e7c3XSp/8+KLTx/LZu7u/SqNV81DpxdanIfC2oXk8t4rjlhCuvbw4vGYGudkaXEgezNypo8Q9a2rJg9p4qX7Fay+pIFCyzQG08f159cPnjLorsM9K7+4b+RZIGjQn9uliovPIEN2Y9m1de1t/eetZCRIuVuBSmPm8Vm6q2VcKWyFjcfAOVTxS4nTupHlnBxCmaH+UFlm6HP9pKsa4SA/CDVQvD1D1ioGC8ndXkG9u1Mv7zwq/uQ3DszGbtiUAVNwUuGLrzCj1O/4V95o5YXjQDsezxf9m2i+shSM3fltPvCKbXEBhKYori1sDc6hpqbucaeZ3Uoqk+t/r3h6ojR64U4eTjHfe/wwp9dfy/nxNi25M1Ncb77kQMhVrmZmxdkuvgy0+KDS2fSU38/3XSamI61Nfdill/hTmgoJ0Xl+H6a5uSLIpUfJpiJmfNSN8ragQ8ncTGGzenrUbfz+RtzJ3fFzukPAdb1aw7LUp9kaz4iB1rG7322I0y1UB55jnyliDkif825hQ3eXX81ySMeC5uONzQiMeNHmcKMp/5toP/aOIot2idYGx/ysxV7M+g2ufuOtx0UMye0kvL/7YNOQ1/He3H6F2cen+3uWeH0TIXfOvD/0oVCDctMXCtILcB71rdNVl5rhe/AqITGifbqJnvvNb2NdUa6cXhN6kaKYtOZuHXEB6rVd0CpfjzB3AySikGeXtRWUwxeyMDfUdlJB7GSDgWcchZiYf4RgSuNwBxOE594VrYwDzSDIcA0wg9e874JbVJPyQhe5YBZeUnGt4uoYJ110KJov7AwUoBjWuyAdUCbC4XCFYC0AqA9b0yHfB/vwj9vj1rUdV7WbjwQ/qIr9Lxh16EoZozFhgcoggQ+Q8TDXCTJSs+5+OcVAV5ALSWJv+tyuPwodbL/a4qQWi8Qtm1y4DivxaKXGaSFOk8PR11Dm7tI7tUJLGky302/yKI7DOl9/uxi/g69N1cmQB8bi+lwgTjr3Ufk5T8xkVV0bhCISwRoWSfznGkU0h0oFo0rGQDtqPhTDCqDmAW5iKF5ABiyYaXKwrlLjai5OdMFUV4Uz2x8azxyvXVInQJWxd/g5BEZa22dmWD1GCBL9ngF4bjJWFI3VwAdwkI1CjpMZz3Hxt/SjaLGuRlUfGG6U+758detNwhmS4WhPP9ytnImy1jAk37Hghd+6awW0cfvyvnjKBX7M7HqYsvUSgQ1OAdCJjrBBFAUV3aOk61IDkRQnURi6OmNmz+VyPZQWSe1iI97Ud/RXi0rmNVo44I7WJdpP0kGEJW3Ni/DtX7pKUQl3/HIoxqKyKiI9nTpxBauIhWZy1VRxLGky1gwK5zgqAtKtEz7oc1WbTEQ7F3jGsGvI4aqsqjQVhWj6nD5YZ8iPd+30VIepoTeicanNRJqva36YWYORCFEABS45hW4i0UAwwZMs7hII1wkHwznqzfMAzUftyDQu1VhRHPEslo4C7kiekIy1iuq6w6svVT4Ofczh4ajjrRwSrQ/SOB49yhjW9FNUIsMMjkhoI1WeG4f9p5j7T2+/NEQamxDufqcB22JZzaP28rsPH3/+vdfVb+T2qwDpJaf0793Dxx/u717cfvP04e+CdPsa4hhe5gDgvkTevatbHYmjm3XUrNGv4Z/zWLK+7scE8nx+I7wRn9DyNAPTqzev3379xcfH+27+m5wsek/8Eix28s48P/dTlM4JIkwlR2F1ITOLFy/9fjGaOSaFYqiBUAMJup8hfvr4gWEaKxD9dN98A2Pdt5AwWAV1t+H6q3T7Y29I33Eo3d8DOq9/7/d+/93900fvP5Et46B5B3FKqX7x4Wc/eXv7G7/5zbun7x+xAe0yjNnCG1FefPMb37x58+3Pvv32V1/8hPKaP53OQzVlmCnmVa9DpZZmBWcTdKaR0fTYwCscE3wzIKW0mgsusrHs5+9/8b28xozOTzj3yC495BT5QRRWkGhdT23mgDFPSZ+YrUERLhm0Zxu8ZpHYjqyUvmOvJ0I+iAGlb/GHF8PKAkVegM9gx3AydKRqXXVuCqbvzYVPZRYMCe3RgGrkEAKee3ZdCzjC/nhv09nLV1/tWXO+a+5CwHizqvrp6uvXV18plV3pA8LtQxPYT37LIuqWdEq6e5Dj2/cfv/r0xhj/SEgZvAlQSOrEIN/e3lgalqTK9eNk0TSKLz3qcMXO7/3OQJONRpDYjGU/V2e/x6f37z5+99P3ln7cUagDbGLADUolE4A0OZZynrYNRRU3zCAPXdOOLBM3U64aoj93k0Cy0NFxcSv+flRuLWqd/0x7WAtVpQ39e8Tl88s7z6O6dyXacKT22NBMmFzqF15VddMT0tHKuyLXZ1/pp16ZzJMIFbrjjuoJcvdw9yu/9uXrGx3toalXSZBfY26+0UqEfmd1XzcXYCGoczDLpIHcRg4P8fJYFHufD/rhxEXMJKjplkdrPvVA78JS06u2BJRo5Xoijd717u7bj9c3XgWqULS5eeWnTUQzPyjy/sOru6eHn3zhzvrD0z3o9t3gsGWQGHjy9M5ds3q/dWDppKgRc7hsUk/UT1984RMbGt4ozWEC4+m0YibHh8r5k0DVHvbdCFLsdTfy4/29NYqbN3YH+jnuTRppOCeKvj8DXZ0q2dPL6K//ZkfXdZ/Ztrg6I8ziB4GGIaszx5bq2HOWbuZWFyRKQ4LpUv8hXM2Fi2GAp1ZYGl0frjPGvGDMpLVVzj/6qKtQWjjr+9GepWmi2oAH1tcRBQshJG8lF3TTg7L4OS3ywx0TNwKAG09a4eIGiv3Sc+HWAGEfab9zjoPJH+nuyrgrJekSP3/nncFFn+8Jh2tRmN3FVTkZN3519YPcjXlHuszdQ99+8IGjdHcgcrAkWea9aGQS5A0T6tXHE3jbkZw59e9MYXypQ73gdzDkNMfrtDkqqADmMr9pvY6JWuyn0pFMTs2ybTIrxqiTAU3ccPc/FaVxZ1FobjOlraDaTmaqAzDwMVwwVXYpCM9pGWkA2sVFPPUd8QPqnOK6Ok2CXhX51vBQq3bjlcI6SbpJE40JrSHGlmItQv5jm50MnWcATseM0DniMBLZYyWnndKpdmTUHqgxP84u2IuMKisXoF6+/Of+7s9//2cPr6/etJSwngOQsrXpYXPy02bYWLGPyCS2WaT7jY+/+c3L/8J/9B/4/O27+xyh0HFg0tdhU/jiSlEfXeha0ZsAW5QUk0/ms5ljck2qmfuih5Ws19Bb6tTLWyDNRhaVNoqk1XGJgdBjss4JV4w4G2fVjLQRc7r7//s4XYychYLxEd81SB+FmszWZc2OXVePNp0c1GkvHQQT5RQ5+Tu/wK1HZK/Da+HDEd9zsMv5pX1VMT+iMTbM8VrNOXTV095X1I/CZ+pxFeoAZrn1QVd0KIOdYloTVd1PUoVV88BTpeqUwH0Vz98BHF4AHrwX3M9tQ1AdBRG0/rDL5+bZJNwzwXpDBh32oUsr6bAjPtL9yXtWNB4uEOBBHF/beVdbEQH66sXbr6/+mb/y8X/8f/7d215p0e8Rlfb0FjyT0sePXrT56sV/5b/+j/2hX7/++O7eE65tW8WLQdIYbvPF0+uvXl39wT/9f5HYRIQKylzsHdpMlfqurr7963/77ve+fXVzU3KGS1PfW/cVyifojQJ/8d2Dgbzl0BbQ8GevjFUo/L28fiNzTUN+fOD1k9v6UtIeL26nOwyyVPymirLFKYJSQptZqKW06uHP/lv/7Osr+zoQyCGXn9PA+prnmN/ePH37LQxlFZho2fvFp4/4f6xfSnq/SRuqoZ7Oo5Mtyvle+6mZ//J/8T/x7t3HEv+GhHKRRsXu2b3+8u1Xf/Ddu7/83/1fthTsFUPNrPxE5Sdv+37008B+yPbFT3/tt9784//9f4OV48YjqLsJEY9YeXXbvoh/6V98590neKhn4wcjpiddvHj49vG3//iXf/rPf9ntkV5K4+aMPo18Q7O85O3Tn/mdn33+m//8x1m324y2Pdy+DULyLGf7ePX5jz7Gm+nOte2JmPZSxU+Pft3p7tGP/PpB4M8f/vbP7r//qdsULZTn6Q1cxTpKkgP96hd/6E/+pq6S/+9I/4680hnoFNfFyvBwHPEAq8+UWcw/dgDkrGbpQ5L0i7uP3/ltZtnZpkCVN3s0LL26+XT76el3/hf/c4Oyste3b23+v/KC2Gv3Vrzf5OabF9e/+Nu/z5seaFtGDv+Lzx8f7m/e2ojVppR33374B//ir/97/9JvfydPTCFzHmnLYWCPef/T/9TfuP/pi6drDvJoOwbJ1duxP/V9uvrq0z/6H/qTX/yKbLAbXDkF2q9616QHvr13/s1Prt5/7+4O7vP5xJ+M6aTFY7/AXADQcXje6QD0dVxsqnNKZBB0Isr1nVYDavRJr32NbuNVoaDec4o2rTkphXb9W1hTWX98fPj6t778B/7Cb9/onvHQWF9MXE9gFb/A/dO/8fNvf+9bT8fCrJJeox9To+w6pkZ14tW+3gW+idAPPzz+7r/0PS5OSMB0YbkOywc7+zs/e4f3GIOKm6735gLJ7G3DL9/0EmHl7ie87vlyOwP1soyJn5c2Dz7CAL/NdfoJJ0YqFehuj3rQf+Y/8ic/PlDxnfhxd/d0fX3TM/o9XacLP315c/Pf/J/9bQ/LWEq48YPinwz0/SZXWsLPyxd/4jd+5QvJvekeqkVrhZrWw7H95s2r3//u9a/95LVFDBV5QFObMp+0M2FSVLZIoBVTQUiU/cbXX3z34el/+n/oKSrVkDYotxw4BfhI465YZDhca81MGqfhgzvG6GdmaOgqyYiHeYaCMQBTIheoAQZbg+yNGVRi6PiNk0vh4XIA1e7fAa99YK6cHndU0PmOGHfEb+jPVdWT4zQYtPaASL7OuUaSHWylKn+OOKtlGh6xUTl1p1xFGYQLqVjWcUvW80/Wb354uv9P/uEvv7lulit9Yr9+hS0X7L6NEqb/+T3j+XVJmnPbV4Q0xk9lQjGkC04gTSGyg38LWIpx0zDCmv5mjfx0HOM5poTopxd/613eHmNM3IDVvV1gmin6sKm1q0RJGeFP2gkU3EYq3yu8lF4sj4Eg0FnYB7GZxGntU8WcY93aKVACoasUgVlnRgr7j0ekB5wM4aymXKW89LDY96nJ0rmbr2fjVjXxwG7JCbJhWnlQ5ySoodmJ5h1TBC4HlO/Hwq5CkVrPhzaR7A6As2RaTReV7jhtd0rq+kE6d53sjBG2ClPjKgONvTRTP9NdPn/++bf3P/2+39bxvyA9Ba67XUSJVQ0gLmY4LdF/4TdEH+5u+2GP629un179htcfeInJB3ov4B8ma3Nap3JtjKxjLSQHSPmsV29VmpydKcQIui77m+5VDyJVJARUNFhASvIdhltOTRlYBOuvykE8w0yTizkRvrSLQgBF7frrETmUYcjJUhqxXIDpOPTOp4rZ8jAIHkjkka7j130nb3qfKIeJkI8FDCbsLFbheFlV7LuuR40iZKd8yKN0OQ7RWDvgY3A956ALa8CzYSCRroRvJHUMOCrcV3bJQ8KIfEOeJuNGvQoedGlBtKimoBO24GDP53+1Co+vZJiloxId5GvWHxhKCnV/GmsF3lWLzXpARCuZiCiwSXhDe5jOc4OKM+HQoyRvv3n51b/88q/97buv3z6arVrsk2KOlonPJze+Hl5c/cN/7jd/8kff2iNhM/6W8ezQ1x0kZJC9evHdhz/4X/3NL7/6iTddtmTdVtoHS3qfLc0hZSn0Fx8+fmud74F6ok2e19aMoaceXLz+m3/ze7+Tak1C//JybakeGAr1M5kksUTb7w3LTyXYramZA7hKXH+CsiSDYsSmS4/InUr15YtKZNW//a/6o55bJi2alEF9UjmtSdgNqMfHuw/f07r0FvtCNbRZsjGJTIYRLZvTNrKeY510vmg188W/79//j3h4op0HARi+79XLrT258Onh+p//F//l/+p/7Z/843/4tz5dGeT1xju1rywcPzx4DOD7bx+/+vXPf+E//Bvvf/7x9ec3NEhBbQ3yCddrNnnxU1FXAl9qV3LRGqkPnL58/fGHT7/15774N/w7fvL+nVL3V0xBUgXYItrLu5/cfvU/+id//uIXr17eGvhSWdnF58+e8DYbuXv/6YeXj3/Ei5Rm85YJqCafyat6AsN+G2vf377/9J7e/EdFHX8nQOq9f3r4+te/unprPbVitZnGOVXErzbUBlnHBe/FIeeV6yaXdolVcAqucwr39frj9wzS9MynF8gqZ3SHE1J8+Pjhw1/7aZuCis8vHqykmuhZmGdQE8q7HlH3iCfn0YRxukXVUyQeHDDJuX367tPXf+7qH/63f/P9d1+8fnnjruvT/aM31cQJ13jxePv29b/0d779G//MDz0y0Lw37eZ93NXY+/H19a+/+tP/lm/e3soaaKGdL9p66YP5Bi/CxLt3L/7m3/h4feWX4Gwk4XTcpC12dMNz6cqEkHKub7X2lEitTrxZ2M+K09yUOTWuPO1w0MJIOufSs0/OrTmEG+jdybr7/OmjrrcMxD2LpTM62ppYmP/4R37z5rd/+482+xQv6gZWQNmXL7x+ev3p9svbf/aHj9/+zi8Ms9N5ORKoaJb71PFcdgt6bPhgXnqqb2+h9d27x198+10haaP02qGVYziK23mWgjrzYlZezrsaZT69fPvmxZ/8I19g315F5dmw53PKOBDgaG/uClggP3/+qMXTB1sKMdCzSy/dH3j68O/7x/6cH1xu8tjkDF/dyfGQj/eXPX5+9/n763/iv/UvWCq2m8xtxzurv+sh3Yx49fLbD0//3n/1r/6xt1/ee14quZFM11RMDaaY9Elhv/olocErU9p/FLOwg3p8xmLB6wg9ROsn3bt4+bu/r4m9lD1zlULc2AOao5IkhQ7JlJ4zTMe0M/RRrCz11gF/PNcwG6fdMAHJy0DxvUvNCmCpEoIIRTYZnWvbx7D34X/lz8eY6jL4Wjd5HPUij+OQdPrc5vJdCQhXA4vFiTCDXtr1Ja+LwXEXw5UVVg50lxvzpikIdoisuufr64YPD+e4E/Tt0/Xdh35rumacjFmyHkMegQtwRdXm89kWO9lqwi+rRD9miX4azEvT4JGh0Tn9pkVmrxt0d+GIWGX/umPn9JIeHMOhkLVyZRA8H8jcM1EJc/ioDiH+P+pJHb6iv+8u0k//lfLAwtYFWNO521rAcfg9eBJKTzoMYURn0TnCszY7CfvliItzpArnsweUDBT94BPf2fTEGdyAEa5XpA1aEyvAS/hKjpDB0lltw+Jvpz42DV6V0n0HEQcOjUZRVROAtFMHWeuD4zA6rGtzWBcHGbNBNpMFs6bnVHMSHWMJog1dPp+sjXBuz/y1TRD/kxrjmha/xwmngWqbG9KhW5qiTy/ctgb62a/W+4X0GHSiA6akAlHDCOWP/eMNItRESJJZOLGED8g7OYIedfCBoEZWyWkWVxk6xa86N3Wv+1QXs/EsxNj4KIyuw06IyCRHzWfSkBNhiC+N62EsecSuNt3NYtjTizbHxaM2z80CKlIbOihO76Q8Qs9Hwzp/BVyA1Gq9cm2qrGH9bHYNY8oOeTTGU8zMntoEeUaVJPDvHFQ3J5yRjvpUtVgJJiGhqzhmbBy88BmVuILSSEkzAS+tmhVGSzPqAagGAl9sDS5FXLiPi2GKhKpkcJ0kWWUnUY6LfeVFFrTiKXOA4CpVx+pOwA1rRHnlsOFwJj1BIkzHkHw3zPlxxkp7YwMN1pDOSFeebO//dH/7+tO1fLgtDgko5/UqD0ET4I0tQN+9/+bXrw1UfuCenWzFufdbs3L83mpnz/un66++lClHjGlkDq9a4O+1NosH5rvCaz8LZIC0hOxhV6/jkOvfl7NI27766s37V+7Pv7y1GP/pVqMyJMm3sEz/rG3Vxop4r+rjP0J4fpFS3LNYsD3KUeR/uoh81gOnzz78cH/91oK3gWnIVAKYp56N2rFs2LVkK+Z4VOdZkYi0psgp0mRxg2pRp5+CrA6E/MtXdz/7/ZdXXyyySC3v2jwug/c06u2bl1dffvftz7yb5On1Bz8+BDkdQOSFo69ujP0PX3zl68V3v/j44rveUZNg9lHZpeCRCfaVkXgx5Ye3n1om4gqapGR3SMaknSmvHt4/ffu9mzXYUkdpaQkk1X16+cUPd2ZxbNWNLLLceC0Lv316KHnV37oJ0dCDo/xqOFyW36OQ76V9ZjINu/hP9woophGrROg4+0DoqcvE2NCifWn6crU8Q/YbaxdnzmbQ0Cvd7jz3hLCvDNVYihUhFA/149gzlH96YYEfgxoulNHz27AQwZTRzSVZU3HG/YE3r64eXnz7fZo5wYUlq7WQbDaJBD+/9usWH99dffr40k1/3sU3zsPU4PjwDx8ff+Obr37n83vpGWfsCeOCNDaMDHJkU9NPHz7UZT0IzIncM+AhcgBpJN2S4sO7gj7fwqJyfMcDOWldPfD9JMEebadS6a/K9LQQAGBdK6yOdILBRe5d0zXtrDy1hblQpNPXQdIva64Tpd08mHLa0a7vwNzW54eHd/1WlRGuqcjrHoQgQb/7ddW7qtq9ow3s3f/RJZyMHua9Uyd50FF4qOQ0E8Ddt5JwTb94ew0POHqhBB5cD8XguurBPRdIOs3DedVMSS81lQsz/VpZCFnZFA3y6Wxukx6R/UD49qdRL8vuMQ+p/wM/ubp+8/0v7txyLKRAZz+IB/FvRQP7va7sB/rZzz/++hefHz6+//Bw/+b2i5urzx/fe2DmtfkYnj/ffn6r5et7r4eZllkH9/FDE8TurWaEb14Mf2NFn2kd+42wgbFIJUQGFp6LkED0FLdhvbG3Z/E3zBORk5yAsxecRMlxWjEbBAzrkm47WyVfacDwP5VH3L/Vx40SekN+3LiitDAO8cy9U3INMR5DBqLr6A2f0xhXl0c6GbZwBDs2ggcV/V1PojRQU40VD8cRABM/8jrMio8SIgPpJO272hpXXJ+KospDqfiFRFSC4MjOtRHSbDdbT9UiiGMYPYoJGzgqbqQAXk8hVrxqmnrQCLNIcmIP909uQcIwORsP0qh/jhAUduO2zhuxBBRwu9CiPmD0HOpg4jfSRUwXMy3Q7BYsn9ehzSmInA2PVIdMOMJ7OnjI4jhsyoY3xBWMXDylQ35wbIr1CTeyMR6KS5OxvcYXA6TomFNGVAg7O0TWrPNKfZVqJEzIKu1vVqy+Zmsc+KG4kmri61i4T7ylwqVCa5Vl1kiDMXARKDyX14BCqKYxKFnDAOvwY6hml4pnROiABRjqizGAnb66k1rVnxxCnLAsHBXozqMcgS7dg2gaKsWva5wQXEQ1dMWEBy7dXxRwPt5JhLoF1QJqgRqO4ph/RfFUd+Qar3WX5GhoTinVqojbsTu9Tiw3HAIoKQku10u4wAI/nIaz7AiPmVswrqA+OEacg9jEstyg2BylWSLAyZHz1X4OPU7cDT+ZD+7HHf2gqmf5Ps6C79KeGAtkPghfVjGWa6Y7RjBmk48OcRUHGkzWZKsmgRq0LucH4aE/6cO4/oxQ5CDpuwHKPyh2BWrHsExCgbpBPZq69thsoUTr9Uw5TdgSOxg8tJBAS89UYm4OV0FuEFxQUZwg6XJX47mrWtTVY5VYVYsOKipJWcma3GkSnhD4KF3rAmfOyq9Q2rB6tBOiHS5jPixNbDQZkxctVmkLiMH17S0PBNfuEOI3/EjpRbkakfzm6o0uIPTdf+xBYca3GwecTFdW6V0q4p+xufQGZ6X4TYwY3AyTFO7X+7TBUq5Mg8jaUIwTK47t0yBKSteSEDSuRsq+xNSu27iMbwpo13SytRVGK9iwmHiKtktLc+CAYoBy5v5gXCJOg372R6pjVkKw8p/KjtiYNbnzwtDu0urd7CwTLBVrdGYA/SUNqUw7DtdWOOwsyTYRs+IocyxcyyCXDnyyUenji9dvEr/h3dozyd9cPbiLIhvJX5sCyUFvbxRcUzKdmP2h0VaTYj6EfVsW7tdEqa2V3cM1XsryWi20TxkM7W+US5CU2vhnyUL7N1+8/vxdJVpWC4OR3m73B/tldBcjjF9/UDXfS1hkAyZgTsEI+U8p2+urGymwZMsLmry7UTljRde/rJFpTv85hpk3HiMW4qAuhvVSl/l4axitmSXnWN4piqkbciHKhAXCBKqFcTHNLbwhFfvZgyr7nbWod4X37MjQ3drot6DqKiRhLpKMX5LZuk1mzwqYWFJf+NoPYNraFjbabQ7hly5urq+fbr+iTTcPfFo6YZ/PNy/bKMIcN1+89l55jWiM7WLUPOWul1nZOZ4n2UROOXlQKJ209UD1ugvrEpWzuGP22dtpSjLMRRt2MqvuUO9Peuzldz6S0tn8LS9O/S6LWaEH3r8TYNL+pXOD49slLOP0dBxRKLdWtF4Tk2ZXJdaecHi9ta+y26zbbD3kdMD1esFufNEnpsIwn0Gj2ipyUVUJiqlY13Iz74pXVyvUMY3NU6Itu1qAoASGrl8nmR7mDmR3uYDl7jWq6Tp8+OpUwu9wA+h+Qb0CBeybq5mTP5oeCDNP9oMJcK/v7fohOPk+Mqyd+P12R+sgQqrbZf1QN6w8DKbmIy0aJEbamixplKoJeqI+SyKWejE54sFovKEAACAASURBVMUr5/kcb8r/15pIXTBhu0rwbMphepwVpgptIpMmopFN/TsdobOASBxxvU5mAgTmOaFWXfhXDCt6EaPe1JFvzAljasdQ7CpZBhBJFvQFggrjoCug+c68oatLxaUVinWyirN//ADuH9iMUMuUk8/stD5weN2lSt8zYycUsLaxXFaW/EGENhl12VMWVLjrzXTRsChAyYk8YNZjkcc19F7cpwewi/D0zggxo1njgm8T9ZCV7KEwRtkiof0HMScFXqhmZvyMmXh0psgXhHGXlypIwPpgNckUOpcpAZLlFHExN3GVndJyAs1pjsDxXFENc7KLbpTsyEjxm1PESyrS0fPD+I6JTvjJ2NFmMReBhNIimuNfVZ6pRLMOtJyknQKvj8zspBUYVGcjXwgeGkmQYx5+w0BL+VAcJsI5MkZlcRsWH2nrXPRNTUPo0xH081GNv3S0wvKXg6EvZRdBnOMzTZ22rh3ZcsdC8amjt9pFJfXxgzU1tKW/KTXhC3KNJQNNF1Ud5DO9jxEE5b+QwAI0CSu3s/D5dGfQfDive6aU9qI1zIzr4FxdxrDDdFwUfGM/RtCK+TNFUXiIx3rDoutn0VFMX5P0nCBXUWpztoU7pMOM11NOn2isUULx0WmoKAPsGd2m1V0EXDkn7vSgATk3VcP/0kbDtyuiVJbD1XYXsST7oIiaV3opn28G6JhIQ5DHxONFEnXAO2Iv5VRx0HRyGAqBP2OBk2eLYykuF9MHQCOYlVwUKuokYV54HY11KTdoD3KY6s5g67RcrH/FghqtC0bLlX8THi9RrJA0gbmMw4swE6BuculQ0Knschh0eJSHaZ8bY5I2BBy0ujjX8SriM3CPNZexxA0pTiF/PixmlzMw4ddImB83xuaNvduvfKZEof2LTx8+NlaKlYKm6OhZXltbeq2GHpEI962mouc3PpuITjIdvpwYvjNEc/+NceGWg+IUky0rJgJ9Li4JfkXfNKPWmItZEuAlP6m7u5xMDDKJkjTdNrvEm7Rqfjv+VYy/+lBDK9JonXkeQBqa9gr04LoCQgU0JfEtr4V0KU7Df6pJuam2psPWV+oGVg5FDvfaygSM5uSo95PI+NuS4TIWzxzPsl46/mSB1UDy0U8TWSidNXvkca8a4C3NROuoRfVwEb1Q0C7ndi8rorPmNAVmbxOR1yeHrlMC88r6pTSdUfFckmMBgnLcFL/bDhMeY8vSOO85Yrcj5uOxnJQGTllJHkLYs1PW60xdUjjtgMCGXhIPBGO1mKSwejxlKt2ZNpBR19BSUBAHND2qHKw2DiVz+BBEa72hAJiBFOae+bgK71H1A3P5AJoVQEU+Su1JgIppVwZZ9PzcNn4l2bjo1MRAA9g5cDt+oMn/SeTckw8SRAzfvLn2+FbSvXjx9a99+af+4m90+8ISeG714u69/D6n8GTH9de9dNUDLvWCAjgZcw9813EI0lThHn+YUM4UnCaS+kfz3riz/Ryc323Ip6S/oM1P3LPCgT8gU1b2SJe0wD+0CKUSEiYGpMsgxAPjFYBCcw+Q1cUCRSvtFFvoJpTnv1Ylvn7VLwfTuDVOIug5vZkifcXrvqOIK86Wq3OezFu/w6Rem4GSKMwYRZc1bJ+pq6S7aOffzEQJMTiRZLFKJtzUmM0xjks9xjyE0ek3Os3EWLeQkUWhI+1YQSyuIiuzon7bv25vmzr0rEO/ifH5+ta7d1uAy1IRQhfnBL6214u7fLi7SxwVNo0tMOkErGFioLAcIHbTOEFIyu+6jhued6k+kmi4Xl9fiBZOpzNoj8rSQ87ONNk4VexIsQNX7nzmzXvjM7UAxovygNJ/Vgc1ZYQhPLuGOb03SNf6RxJRqkVQzkMNl1NAFYfiCIRQl2kkyzkj5TRUYWAbXGsDG3K562VOt7LCJriFkgCcK0AQrKtjwlVUNF+I3o4qD2jUp60jHN92Q3nwmiZiF9Q2JusZ6ZvuWjBYzzvhkZMp062tbbVJLBHaWoaMvgq+zA+mw2ZRfYbLuFMkV04bPRU+3hh2+q9FvJslzkKpkzNVmLBjrfkfLeZTz0qt7Twou2ah6BQWCvsgZzJA4U6LwgFvroN2rXf3PSoxff76AltVq3E4UVLRVKuY7qacfVZD5FpMnTWcu1a2puPhgj2s6ve12LI+GP5UWXrxbK3csreIj3iNxmmQO8ZMyIYQHXDBnCPtuYzMylO/ixic3+StVR2otgCFxzFyq+xiJUNxwQ1e044+D+0VhXUamj0GPQhSDVsyK+UhXpCx5tlnPSEIJ5WuRzlzDtZgGcdpEWh4PODkfcOWNM6F2Gcxo9EmO2cF+DmcBmmzlj4brXZSr6oImsYGRyNYxvI3T4kR/4ZH34In15sv5DtpUXtldclxFO71mGku7e3mZm00DN2a5ymwRRMOKEKtesdoV7dSvjrIMibIQ4BhSgIBVzCKU9owL9Kp6V+KS1M7yqc0CRgCeqm2eKFIXTXjZ1gvDRVUkZCJ7aL19FqHp6+UA98JSa4jQaaRx6xxwuBhzPYLkGMn5RDB/5DiYSo8dJI0pmRjDT4jC6qn2Ia1XhvhuBnZdBojlc4Cl5rM5O9YZ6aHeAKgHVqGL5NWWouJH20Xv6SqtHVF2LnVXCYqzw5D6EQ/nMTDsJQs8i9Z59XdNE+xe2zOSzBeXzc4t4e9KOQHAWQw8S5M2otTBg8WTiTall1iIdCOCu/kxWe0ppmW8VjDjg0cIdyaRz5BOFUUfpy5qCf8ui0bwVQ+Ni/mH8f0lBTNdpzULESZBlJ9p0a0m+I7iUZiBdpOBntjYrHMOw/UDiFOddTimcCEyzQjXXboGjf95gZEOPHlP3cpQ0z0rBLK0ibLTw+9EJB7kaziWNjECRiSW8nG4+15ALrl5JLUN2/KZZtvtKMB92TKmnKXpOtlMnv1qpsqYIxdmtm/g0pLodhyI8e2dU9Rt+ckiz95raEXi/TzNa33W/q8KWT08hNAVP6imyeU3/BgEmIXUTtbiiczMYWIQgayOrnxkp6WyHpO2LoX3yhvvfsQsX7RzJSFsso7tS7b6ztVObr1pCRLJFwqyaKX7zPKZWyGWK/huUCKZqB9ZqJS4ayRz5udWp1l//lRFNjmfOYC7f0A/uCBWz+V4oGWm9c3bbZKEtiGpxfdejkStrg+Whbn3ZwRht0a6lbAZknW4aWP2nRXwbYRO4u+pgiYWoQm9TTz0kucHLdfs67yOp4VHb8h4A6Yya2HgCX1OVBTh7yLAhEwis8ny0umy7Ye3d893P4E96ZtPSDu+ZC0GnXpiW/uRl1UB5NP+qbEadNXSigRgZ0wQdQ3aSndpE3fKDERc8yJnztG6Vo+I8Z4dtZJWQPUsPXURKqnmlErnCZOiUIuGvS8VR+vMzg/oVV9CC9HdzAa1NTyukvcyFfiK/xZH1ocRT4OMgI+ac6PiMXMOmlAuOGl5gRspSUuTODICrFBkFYoYagRz+hmc3B5w459F+h4frtniK8+3dzYrjUNbrYjAn701L+tTzfXb7+4/ejVB4+Pbz16nE/ZvJv+2S4nShJ9m+fEaQXwKEM4rWQKyks0F4mTVKdczQxW0MXeahtRwA9H0WhIFU0RKXSDVjHJCXK94Sg/CAD+4Va86Bd7oZCGFgujj21FyrPB7gOHeDphx0OQ5nMWfU3jqmvSidEkivAkReaAtSPqkV+F1YYsFOn6bOqZZYIKgW9c12IHVrjhHCfgkppxOBCmmxOArGoYEmUYopGgKnP+sZhicLJMy5kjtxJKvfOhlaymtJ+8zbppAL7gOpI9CxUavmZiWCDUvLiqB892iYidHzmJo+70QBORouU4OvlNP8Fu8jy/E5njT3e0NBOW3MJJqbcg0PQuwntaKCzzIciLbzMdr6yLJ7nujGkYfCA5t5qkeBib0wjALJAGSIqk8/QrIGO0wjR77PB8GU+189H/YlKAnepNviNbOxBoOd91Ref6okWlQ1JTVYMPIOgOUg9NYIOdGdftFcGeD/SpSWSRiXk4++p/mP4e8tDkAZMv6CYAvo/0g1PJl1JfFH88/h5Myg9fAzhOlhSb1tRMu4MwlTewKTn6a+Vk1JZFBLj+ecxBiEJholgq23j47B9ux0ucBCWRsFvMvg+iGabemK/B3PLPrJ4S2XysbDNgTPQPXKUu65NlGfkUJ6l9GhUD4jrHy+VdaQOrQpfziIR1RCNpQl2cPlKmdHiJFpVcCFYp4doEU7UP7USz+Y0WE7sG1a+XRJYv7y5A1foX6nDF1dpnyrHqSmBYQ8gbHcjmn9q43LB2hDkRoUE0ncVIrWYmVKcvZQkWpe7a592pxUl/G2DqXQc4Xpq2j5NYoOuN0jPMVGYcgNKgA2ncNvZAvQ9xEZ7I9e/gdL0gMkUhVGwF8hxiYzp9jvvJp7JCrcMwTrqGp1hDfxOsABnbVi1iH+Q6jIG/tq03BgfHcDXc75kU7IEbd3Q2JzFot8uHfuFER4NO9o4au6g/vP/Ap8qQjLYAe3iUSL02obQFhyV8OfN920h2LV2YfRI3v5UwjH7ZUuivve1EXvupX8uytgqIQxICpEiZwi7zLszaV5ZKJ0lVMCQCZrNoll/QrnkaSuyWBaVzY0rczVWFWguYVoXNZJAmcSKwHXOa29zSRPoT1FFoYiNw476f7rIWy4DtdGrTfc6HLu/NB6bz1CnFzqnQxFebVWQrCNuOb4mp20WY0KfSFSE0NrO69msGd6e/chaKxTx/hAYPkLb7gsdueA4rdkti8gm1qNcNoT69NckpESN0aktV/JaEPkf9Gl95iUqZqQfjcgHMmAaQuucg7WFKIY3hdUp3daGXSsUKneKaIdKtR3zcDSLcZdnM29SN/DaKuI8wdysvJGZOlGqO6ajXeVbq2GnABdk6QKfrkTuNu8vQqjAp65cRrw/UWbC2HqFDpw3mZBF6tSpztBwNT6eg/ubt7d026tDgrWYoNHWKXA9zssWTN75+fH3llTDGYQ5g4M8suOhdMxyBzXSWtuTY516d2drN7ZsP7+QTvRiUdgQK2vnq67fswsrZykRLKuF5Cc+SXJuEtbp47/Wvrx7f3toHL8eU1bo/ZD6Ii5YfWejNrXngbbFu/YIPp0JS+Stocwc7GahjWjyx7Kj42EkJ0R0SEI4xbyo0KCdxvSw/bdbenan5b1XKqXVLFlSa4SBw66S4SrfaT71ddROxW/6hkkASnQjjJt90iohecJKNnqENWVEAmeh1ITrkx4go6AJ+ojXNqFKkCT2eShAbrZx6BP6VXfmIzh0gYvnS2TPms2nvBnjxFixVtHDWfqFASGrTXRQ5aSJ4py0bYZN9lO6u20GeUyjRUziA+wTiQoP1J3OAm1f3uzVUpMjZ2JdEKTh9OS894M7jLoWWJiM/foDQVJBqkmGXGTRXzF7kr5ZQNJquKvHh9OiCeMi4SQHnUX4Q5190MmYaiXDGquHapBhjFr3SdsEjzzjJh2SgBJPNLi2Lg7X0b5OMeBrmuK4VXAUa9U5Ozs468VNQNOxEVauJMzoua9rnaiYakLiLTuxRWyKQoPzEmaopIOA1OE33GTaFBytuKhyquml/fBVSqx3OrD2bFnarmWF0W3czTemWfKHLOYRxY1ApBF/ggHCRYl04Nw7xhIkzxFTQJizFB3QujGTGefh0s0WZvFaXdwOyCugNfna65tM5J/j6lDo4AoUrydr8ucEzQGpR5gR7SR0DsV3UKnTNFygiF0F0flmDeMvf4zD4LrV30bA2Mmk4NOqiXkev4SzrtEY54rEb7FNxFQlzFN6JRlkj2NVdrnxVeayohaNeA6ZoMa1pWhPt6U4fHqauU0moQR3so7dzTcJc8UhPxETz/0CdZwDG48pi6ghx6tfSB3YUJ+VQPksFk7aaqOILIzSgWSztR2h9MFlcHCrPiMKnj9Yu/YviAIoRhHoocmblTF4qxeZyEjXC0LqoUURQzoph1n7e5jKy6Ykx4zAUKVVZ12PXNx4zU/5jc+rouMSzXCBl++NSrR0uiY35/BKM/2rngNkKd5Ngmi4yA+Ur8ZDM+4xSR0SD07jvQkz4MBebxs6aAxsZuKf0kUo/5TAHo3gTIziPeLPrRqlZDypOk+rQSYpapOnzEW9l9jNd+dKq42IKWYehHKUxOGlqWyp3vD5dHlmchLR5XR1h53mr5kfnTmUBLi3lKQlZnRD4sVWAmlEqLnYOcboIlb8+OpzkXUcZp1xD7FmfAD4kUQR4mmYq/I4RSELKdpMmazXcqsU4C0zJmAC3pxud4nm3QFLJdJjZGxTadR2uQkNJTguh8Q5JuSZWtey89TqvQ+7i+ub2s33Njxa52at1Sq0tXUuKnrxnRIbdCpMqOSMUmuJk/lJq2LIqjtFMQy26VluQVAoU8NSpIaPFQqBZ/rgapteh0ukiRctIVfO1pR34l7tQB2EqWfOCaRZPInfbXj1Kz6Hv7i0Sm+6mL3x0R9d6I2wWY8sFoSU79lIdhPZpZ7nNLPLxVVkOLmV4dZP/tdzTwjNZIHRwl1Z0YyDdOpOB2DrPfhab8WlrUC9a/Xj/+F4pdlzatED+RglJPZ3RGyJZK8fzR2iiWkZKsl7Jeo9Cg58q/Qq34NByPN0/3Xj1DF5LLD/fPzTwKacpd3jsNqkjpzgjpeyaGzZjKRRFLwxk6Wlj2ktis6nsUo/ycEEPgt95WIT60K0BzsBiMCvmujWMoTD5yp6UsevzMf9e9gSG0hEeIEwojtBUMEa7pgxKAdu9iGJpWVsDmQjnjWtLcvDSQrgY2z0Q+T7cJf04NdDeU906mGSuBfxW7v2CA9Pkv/1MQJliL+3Agwmed3fKHT9fff1F73kxNfrqq5uPd4/v76ju5e0XPbCODbM/DERv+61FrnRiQnXVI+X3b3gUVVJVCSQx51rYlMp65epnswlPphZ9mhxoykD5h9lVZb2XB1QNU09dGIaUhIf0yvj5hvJ5CBWFK33jeMHKr01lG8zWKRDWgJ56Sn9N6meduiZHlbqDOYqpIV4zGoAZHjU4M4JSfw3tWvH6Y/LkrGIBEyMsJb4Vq4Ku/8WZ/7QZ6VlvzCtMhBSfPIQqL3QOV2NBoVtZt0Ts4seGTouKRrThzgBPxrVv/6LSe1d1+BsT4O5TeYQpcV6/LnSl2YUr7fWNkFl8NR288tbhmxtbofpJb0NmHCVu+sEN93DRwJNPF/87SR0UlHqTYapqCMVDYDhPIOcKQlmTaS8VuCgvUQqky6ODCFeyYwSntSmw1KHYvXym8FS7+UD60oIu1k4mCkn3uKQv4kjdUU22QDXn6DreMBDzwzh0B2UNxnV4CeJStGTuVD3nE9nql42YkT6RYy6jJZy1Z8Ac7Vwuds5oByc0WwDSvr48elUTK8fbscLDVrqE6pAiAmnYocgSeP2p2Y2xr7jH3HKw5piCr/WO+qT2nivvXnf3E/F+9+n19l3GevN1HmXchJhIMX946Nyrw1zEAA1SaF6q7ztJH6iUc3GmUolLJwJ4PcUnY33imBRvO+3eTH6t9ywotA6FC7yTbCKx4Naw4uZ4G9/O9ORuWMJvhhzazIPPtHU0GdPT1qY3YDNFZWksXWudnD4TO+mGEILQrxdXMdjp/LhqrYKJ4MhFMX4izItSEHmNDgMc+lp0JF5ND7PVh7/CTk/tznfl7HA8Lgqe0RjdgyS9WCG4oIsbF6Ea5U6cOl8TakXo2aRVAT3EYipGXCWHE0eMp5l1rn3USWqnPKc7VFCkw6ZZKVN9e347rf7qVT+gZES519YvgllCyz8KZBOcu5guSrG4ZnZsMgihxA4X84MIzjZ9k2Ne6IRv4bHu35Ef0MK4XkrZAu9ECknz9Cl+hkX7yFFwTaWTOPYS8tALWa7mKld05Uj8SjITgvFMW2vhDMupAnJ4kVOO3EpDHIp6DKcd0bAolmkZQWhEeq3+8PAjSieAki9tj/TwKDiCV4ePi9HI3yk3VTqm42nNFfk3bnMDasxIpMFrq6/z32AzJjT6K7CIuZ4seEzIi+LjaGOBHnx4HHs7r3UqGgdJFAs+Qz920Ocei4t0W6lKguZzWpZEblpY+al+1ntYwzXvzKzI00TC0PlYr24bHUvoeNY8rZiSKhBpqHZmx4NMyu4ejQ+DTR4+Sw2fvBT844celNuz6x5MxZD0xnpYzpnmWw7BIZzxbuc0oi0fKlTEwCk2y1EXhUlEc+707f3rzStmAwXazVJ5smUbbFaShJOybsa8XXZLV2THgbbrbSX0BzqFT3N5iaOgjE861gNtE7BTvneJ62eQND/wWb/LwRvHQofXUDeqH5OgKr7bIpMVNEicBGrdJdu58vAmZvxcWfG8jCTPa1ihG7xplS4ebR2UgpRdjrTk23tL3IZo8Glsljm+fDBa9coKgM9q9DNqjSyZxTf+vRFIr7u5eW0rf12sjuSl5qXFPZTVTLjXmfd0tyGvR1C9foiHyETJaRGMfEsd47OZmu1C82GSV1X/7s4Gl8mnTp8leLkQseWm0xAebVHiFTMjjWiXQk5ilApJPh+jpGkv58v4WZ3FjiormoooS9MGSBKBSOS5QbZgDcP5Rf9zhlkHJo2iJKI8PtKJQ1IiW+5lPk+PN28oM85BmiT17th+z5raqCQmcOG1tq/9XHJdkNTmSk0roG0VHOCer5Cz6w7eZdn28X62td9HM93AEd/IHq2JF4HwYthv3MZGA2DLr0bvNu5y703bylaK9azgS57v5VsP7gBQ090HL6tpx5df5CCRt0fbeFcvYt3tDZCxM4OS0pocuDFnyq4sb6gXVDUvUwaIIin/0f4tNm3osTS63oEn0UMbhXN/bVk8F6ovpB4sFiiyCANXU3muoJC3+wKwKeKIv/BO2JIghLcD2mqOcJBmSofG7DxM60wMLIIEgaZsJ7yOZHSAECdgyxkTTYWyKs2uFw04tkC59QjVTtvkRi4+129C9+4BdrXg4HyPDfR2PpvpcmAF17csLGrpW6i8e/9ed/Ojga9vX328ExVjQlt0795/NDuIVelqQ8V4pMYQXXgjCsHjs3+pKhkd+D2eTozOT9nF+RcUU3OO0+eUl7Arunym9qFjleZfnDS15MXdvqPn9ufRfGUFpvlDtoezqYLXv/ZTdA5mSL+HUGcwr1v01s3855lBF+GpkcL1sxpNHjTqesPkJ04n8LOgFY778UdVoV1JmJEaRme4mvLyth2hz3OVYrgwnHby3yP7gLQqpwjPmKmtZhePnxLz/z2zYUB5+erbxxcf/ci6/OJWKh5TUaW2NwK7qGuFwM91PPZbcvy0lazFByTrC5ttT0V1n2SccusZujXTW4R5+eChpFhy87hbprkzvW2oYFSzd1SXYzSPJRGjxHa+NHU3KXTGZQyrEU4ymtM7k94GAB7rzlU7AQyDlJRJMwuGcgKM7bwvlyHvY/EoKVg/fHKByPrfi2YbCQ8s4NBpgF4unUrD5PMw2Dk08UQL8/JTna4PGyELt0bDVqhCIqUd7tKKsi4dvjNwjSMMKn5OxTPAeAh0atIiZkIalQHV1Ag/pD9irmqEqj3oB7ziw0A+j5u8YRbNIApA0Gffc8rMUzA5bYTaYudhKu1T3upHmKZO3AnFliZSED9jZePQ7TdXD98/Xn3xxihdF23H2aRJBYdZX0bY3YqC2vAROxd242k8+2h1at2yEpwWYsd232vQBBZM8w4WhYe9y/aU5nhu5uYFY3vhTB4Ao9NFjobDJAMQCz6v3ARXkN+twGedcDgCjB+Nj8/kY0H1fQ5XTchTWW4Ld8IErbA3LYi1UpO9zKRwG/V6BFPPJ0BuwM7w1fY/FkqywrOrQzW7jfi8cXRKK3YSV4czrRy1ZolXkkj6yvPHUVUHbVKSud9hXaBv4MSeTnDhoajoCnR8OtCO5/D4H79dVByQwpNjOXNe9EgpKoh0ek5QjHb0BNdWFzJzuMSDIselFdVt9NZwvy0lScCXjeYK4qmX9GevjFnjjmFCMqr9C98rv+VliUjT29cPH6G6khC4KbWk6/XNzdt39x9s2rl/fOdXqbxkMSkI7mHItCA1tfH6sycchdo8XVzZG4FKoVoj6cdNo+hOaA9ltj1l3LXyiqEi0ZZSQtu6e+pY6BjYBFCF2WILbVZHkiPc8hEW2to/88E5HzZAwhYGv0C8DbHikO8o+yvFscqrI5Ze9Dyr0FrgR1zPY247W0rwt7nY70XJkZKYSpa5ZTg6wDiVF53rj09yNatBjUVbzdXhej+S9M5O9JOnfPzw0VsjEZEL3n5q99TV0425wLt3XqgioX732kTiRhhp506JIw/wKuubvWH3+iZyKY0EDXjyJsy26+bTizc3L/odsLNma3jMM5LVT3jd3Hz69MWnd9evfnJz++CXriSufqKhiaP9Dy8/vPr80W9o3Rr8ZBEk3AsV8hRUuj1UHuN1+9evLPefFJawPV7cWBaEn7pqgXZuu4CeeTQ5fGbUcz4nzDkhZMMlhvTY7vEAKDZBEqs+hEOFRuLeNqs8w7BfcUDztrNIwvOL1vEeX12/+dD7nWRBap5u3twutX3lzbVvX7/+8Pj0/vXNV9p6frnkDxOFJGvqdt+Ygn1o5H//sVsCb6IqW/SEcfudQMWdXUQv3ohPblpf9XZJPyDwpodl7S3zkxVcyTY3D6WWZRYxejVt06upofsJKBKjfoEJQAbmRnsJ2+PDDz/5ybVZS69Ds/H/vd+hYrSXnlj15hbPgSBu6drGoo86oGmCX+XITcEbW2T9tGvWIm/gew3Nnugpn0V/Xakuk93aEbExpQ5S39BZJY4E1wUW+FImLe+VO9irO382AzEPuREhacUTyXXexUn3O+qILouMHmZrdysYcCYw9sTp8o0HvPN1PwdiV6Es2k/iZEhgdd+yiSJ7fWnDCVGy+sppfTHZD9Ixmw5n2b4eGVfrZazYu7Yb2lqImM/brF8PBdODAYVUuIPGw8unW3E8D7ZBCwjXCsPjwzv7BcKKxQAAIABJREFUtL599/SGC9394BfiHp/ur56u3n+4022ZzDIIs5hOu2GW4+C1blWYwvn4FuXidb5Z7ArIv0EQcVz43vVa9aFJBYtszquny6KQMw5Sv0sbHdVHOj1lI6qYUsRsz6tp5n5cD5y0V5C9S7l8t++RP17LbFt50Ln3ErehhXpdLJPHCapnVoFaJanulBcALpRzE1UepKjkyFmoicV91MhpNckQ/+dfkrKd64JBWCqHpEtHgvV1esypGiL8qfMqr4BrmOvs8xINIMjPm+n5fLh7dNLhxQqXm5N+COTp5Tff3L1+fPfw6vbGvk897NG2HH3LOxH8Jri/7+4ff8WtIXHiVa9qzn1jMj+Nm9j0YFV2rhcLwrhJFwIIBpD46EEDd+/wYKToCSJjirFYjP706c54cn+7hU/PnyzwtcDH/aHn2qV8cDd25uSHZEJVz5WNZhLKxqluUinnf6Ur47G5YLl897Wnw61nTaFdx37hVJa1mUmMGzaYIz3Wrmqso5dVirTarL0CWgawfGSul1mTvGbj8BDVoqI+VKg/Z+MnAQ9U+Kp7bjo8EVM6sgOcFEOxcpdaa9SXkgtr0cfG5fNsAQpf1Iet88bpisbZpTiIsI2Z+Bnx1BvnwOfPp2LONxWM8/AeZtd8wmjY/PpCOo5biRFSJbCtowz+8/sPn37vbz99+vD57lu/OMdWH61XyUgKneKwLO/Tk92GuXC9O1443eGboZzUrzNOCCMnes0S4gUX8ucg2Dgcn0Uk4P31KgSvmLMEVnDiOgl9tKCRaMGqfPXm3KnSxaq8YIr/Wun0ueOal1HrOrgJSnuX1fibU2oei/FKm7y2SGt5MoBwpGsM7BpLopT05esvYPMuE2u6MRREcEOqSc4+S42zUJ9/oYxU4GO77/rQ0dPFc4AUvPL2cRC+9Ae7Uk8LiqAPvUgFL0Uhllg0jgUBjsq+9BYKPySfiaLH6qnff6iovllYwKObvpJu6gF9vDBSsF6Mm/N0ECOtprcEwuAGYxpOrQ0Ea5K+p/Pupi8GJlHcatOLeh7vf/LlrRAi8uEtQ+dVmA95XA410Q76tOd/z6h8/slv3PzwYKVYOuk9GNd+msrirpH06u0tYAue9vjcvZOPXolyCT1zW70mc6qy+1z26md6i7vuJ8RVOuFzIq/cUKR71S/ev+3HWctpGqGsSQCINzjEtjGYyhSSGnMYz7GVOZ3vMZBL+M+UN06MujTnt8sEtJbSPxvtQMMbVB6BlHe9WxwDa7EmwdcHMnHrqXkWjmzVa91dbYN7PhtzTRIePn5+9eXDq+/fPT1+kD2Zp5KuRMRy4/q43/t7/at/fwmRkQq9Xj8HzbxLav7mS1nmF1+/vb598/bmijooTCyWoLRu9+Lq8ev73/rmy6e/883T3c+/f/fBjgUW7MWTZjWEZ7LHz29vXn588KM2OM9vcw6dVuD3YUPV3etvf//NXiBDuV7aU45Gr95Q3v/rr3714frPPz5948HH61tKoofplOe4f2Gg/PTr9z/cvHktx82IzT94TJRY04j11ZevX98azuxkpT9b2F+7EeSzUERLmPBilRzSx3GOdFdn2F/OFqMpHkSqweA4VKGqUsValLQpqjsrOQhb8IDVb6nIMkuymTPq6l/ap9EvFt9++3sPkr9Pn++M/n7G69ZPnpmvlGB//vj0+ZunV3/q5tOXfjva7aPmyHOLbliV0H98/PDrr754evyVq0/fP37y28d+FcBvX9zcuTNGOM5r5nptAcWvJfv1AAzKEYQLPyW77smN76+++2k/4/TqtaZSZ1NBWi4F4tp+SfdnP737+MPd05v16pcv4sxqXh74yWvnX3x881tvP/9r/tV/4skCOp/wnICu2Sbmtm68f//x7//Dv9brsPWxfrOD2J7Ov6cBWYOkgL7s9ZLFNGlx7AN8Xp2veAOP4SUFd2eJdUlQH2L44q1HpHuLLDGz+vTejaS9acTYUxTxE3LX17/ylWcYcEd3oIQYnDBNXlpQrOOWfcpsLLHrPmQXoTx+K2P8fPXDd/dvzUQ50Mlw4YyjrJwxeDMOsne2r1M64sVneuy/XrFsKQcJsqVZXu5pXbO6LyKKu5IkE64SXjvqrm5lSjLjL9zW9Au/T3co0oEB0TKHzXr3H1589c3V73vpv9/w+HT15e2vsGFGff35V77Ku/iqqZCfQvuiBzia4DVyYA9M7I2xuTrO65MrPjU8/nIoTfsggkqubOTU5752qpjwDDUx17hIU13dpP5RS3/oCLmKzdcFr5cvbn/63dWNR/yfHq/9YrF4KEm1b81vC4h70rvb6+//8G991HE8lN7mqfXjPVeQtUJpRjnPqjfGrEgugE1GJNEPbIlj4PnAOmmuEG9nEp8ECk6a4qR2ibzPTgD0sVZJOcIhGNgq6zFhHPqdCTJQDQQ89VMeHOA4IWs1/+E98lsT4m5nF1yIXUBvvxYPuv+bv/qHfri6/87k2CP7r7yG0U+eXxzo9uXL3/n1Lz/8qZ9ff/mF7L97pI0qPRqPFrKu9XSfC5u9jTlfzxJI58fYfXr/65ZzjDJ1at2gxYn6TdFKTPn09LM3b2IJ6qbpufKCZ45E2LtPnz94oXCPoEWyEZSjweUfO99//v6fff/p8VYghCRVLP1LUNxpa83u9o1RS7PYghGeUoEuUnQ+QAa9X4kWG4CbSycdQi/enz6WvPn0BKfsnXA/NOkx5OmGaHMJX/v//H1aVql8Oko3k3Eg676ZPRFD4n+cAp93J9nO6mPDsWIXwc5rou/vwl/wnXqg5/f/FyuLNOwrj8QEvEB3ff5atrz/q/+7/+0f/PP//Je320NaR6wp4aBAlnLw1urml1//7IfP/4P/4d/663+gR3314uqLcGAT7qGjRQ2iIXvwNf7EOZbbVNMPiDT2CSVcFu/89fqlFRGpUiGLhX39+T/81b/qj/+q1ynmbKU4wAVWKMKNsQTLIYdhiozVEEe07LD426CdT8TYGloTNGd89ep3f3j4nW+LLYUNmQFQLbl4neUVn/5X/NrN11fl3sZa6QHChQbXaSXMkxrSCc1DuBUVpIWNBL0+eaz0NF1N3dvuRho1XL/82d3T3/rFXVIUwxt7cKX3Ng1+ffXu8cXf/83NH/+Vq7uP+SqPPgF+Uq/DI588I42PE2Ayc4Ri4tTFjGuKSP5zzEwZJ9RteK37ha6RsLkzbfj597/6i6ff/8F9EeYwvJrl5+D+CXmPto68+vwX/siX158MJaUiaQe6YlDmGmC8TemRTTWOZyb6DmrOWdWarLaPwVL8NIl9gSlcXJCShGXHTz+8+P/8zFZmIBtU4bLGwNVw8uKVyPGnf+2LP/zllS360Bj32T43qEM6RSSVVDZuiajh+jEXuvVg4n03iK79IFDxknG7W+6KK3/+8vb6y5+8/cv/p7/+B3f3X/kxnWvu4RXdPQNw++WNrTX3n1/++hef/vE/T4yJljhW3NIywhTksQHuIG5YTRwfmYCu+X6q6C5tUQLxxbt4CxNGTiBKRxROQ9UUnZJqClX+8tX7Dx/+tf+uP/NH/4GffPjZB78kpqzKeagpCmHIYpbU3iRXjEM1DG0dtf4Ewc273/3Z/e+/80OsaZ/xtO81oJJLM4521Ly4fnH1q29kgbRtTMWiXKMFVYTsK31x//bf9R9+KTg8ftSUc5O+rkME60wc2u75zxac3P1ofd1r5ZvVNxI/0foXX93+X/4ff/Uv/cf+67/6k19RbLFd0mH1MQ/DLG15P8xVvx6QPVr7SS8a65Z7qNTQd333YutPJ7aKG5ynJ6wAf/7p3/6Df+Lf86//j//Df+R3f/p3UgchSxrT4l3vJGXJx5/+v/7mw4dPr98KYfnJrZvjHvZAT879+fHr3/z6X/Pv+FOmhesWvfOn9aZWuWygKMKUaoaa2es+OGeqHOFEVEqeE2ZUB704IKlQ2UD1yU33Asl62Kg3G8J5S7eX5hblj24I9N6hXhLPFbqJ8cPrf/K/90/fXN3O1fmVdbLQCwSc/N0vvvs3/aP/4L/uL/6JH777HoAobCLRzO2qx0A5wW9+/fSX/8r9f+l//Tu/8nWPkiLHN4Sv3U2qk0Pk7qlyzJoozrW9oFMsyEHc+5fryjQSLKEWD0Y9SZB0a4K/W2KhI4IVhYJqDRKCEooP/5u//E/88d/4rfuPH+8+7gnu61cPH+4BGsPNGz9//9Of/7X/3Vff/IbJi6H/9Rs/F12YnMJatPj41/+lj3/td1/6MYLy9RYNBdbOmjAvThWznLXqr1YTqQpnpw4u9NVvf339tflLuxfqZpTXsrJf17oxpykchZQsy7kXU4Dxw8r9bEIvt2hwyTQkKjZWk5+x25vrb3/32//dP/X/evP2jbzIkYYEp2Mhdo5gnS4M4qvamaBLiAyXe3T+zCm4p95FhxuSNDbC9eB64b074+3Rh8tarN8q2dLE57cvP/1T/+Kr3/3eKmEzBKs8m+rbk/fqw8PnH+4//4k/cf3f/a/8a+9/+MH7P8lQ74Ehly2z9EsA9/3Km4m0gOTuDHaZkXzpOGXQ2LyVFNOd2sV6xXntfHlNVBNObWEmBWUUEqXyxA5R+IFEoI96a+qMTN7lu2Fr5khBryWN33787f/2f+v/+/b1W1OuG3f53LRxUwMqu6Fubp7e//Ddn/6TP/yn/iMPH9/5rUUcp+kTRc5pfpBjxoj/TiqJSP9m5apWeYGJwbh7tvQ6Z6JpwXg1znoN5mM+WJY94FWGZ9SVK571SR7l6kbunFQ6vGNJU0gqC5nvkF24WGlGNuV0K5T450Ezd7dfPfzwhXtmrCpuqhUbLSDoFNYSHO50ecnX7tRllKTOQ7HCm+N20KbFUTvpFv3GbTwgzxVg17IucQK02sIvYVTRBjO2HDY1JD2w/DwlNJochdIejU3noEv33R9/+vbhn/vv/OVPjzet7OScTXu4Mb76r1faAoADrMR4/w4XGNNAjALEefUTrZ3HT3VGodjQhW7/zt95/Qc/C3u2GF1f6cBRwPzqm2/AInd8Ny+KeeKKEC/vP9794uc/T08dJuEFMcOcO+HetPD12/v/3D9+9cZtlRmkXo3lyMbM0B47vvruh+9/88/9K//MP/rvfnn9Ztlvpkz50Zl042FNsk9l1WxYjbeDZ4U7zyMBjBobnLLMm9qz3XMDmPIoOA9Hs6pzkTKVVVlPpq6hUVPQ6jMdT+FpjlBsviKfWt+8vL36eP+RIdmzjELSr1xMaXmUbSw1yb8/f/n2lq4eLcWgZg3DfR4LPIWhVv0g7u9QSsOWVTjdGOMKAcSZ2FHoX+ISLAO3VGD55vX7Fy/d+8++HOfhhR8eMvb0bmabewS8ZtIrKcXgGK1DiDZNWchuHDqqSjtTkpMUMaVMeszxc7L5FmNpOi+yJmeV8vWLjy8+fXfWiazxb3g1uObqfpK9/JWL3X7/AWa7VvQEEV4cTs5EjIVk70sleVr7Y5gMEhb859KpKP6mloAv/2cjtRDUM9ioXp3JpEizr63S3/sdSOESbT356eWN9ySKs9QnERBL2qHEWOKZaMVyZAtdjwTFHtKpCz85gFa7HlOV9W8R/2gxnjXS6gRHpYmZr5FrTfuloavbXstn0c9DIzIVqwg1av2WsXqm9uFB39t+GxHNEruXGqxPtb7VUgJZM6URtKBGXOaobfsG0MnKiNm4Ymv/Bl599s1NYxpDNv5ZPW5Ef/z07vEd7B8///7Pfy7f8v5H62EPHx85NCpy3le/8ur2T7363o9DtQJSEDEMe75Qyosc6R8f7siYuKJg0z7LtL5pK8FTI6vRPuOO8Xl2KkrkabiLczX3kGMf71DGfJ7d5AG3X/SaG2DES+eDTwU2/W7mu5hlDZAuao50zkFD97LpbaCvSV41ToV1a2ZlDYYyqTw1Lneqa6XdRBEWJBY21z/eWCHkDWrKQFrMOdGD+aSbNnVjymJDo8PrFnPdk/Umfob49OHup3/3Zy/94ug7S7KlFS1bWmLPr3Nq5r3vZo1TfE2P+OQwBI0iJcsEsMoiqbEK1ZIWW5+RePjy6t0P3//wi89Xt3avWP9mHQK3VOD2t7Bz//L6C+ILKp+9PKdt8TLBEtXMcS8CO/qFgkJXiqWkOihXz6/q7cULeh6DWmWyVOifvpCl8OOaU6U3EKsH5UgE19TuEy5XjkhpzrEbqWclFhOQ5rY6imU8aMvALYvfXr2lHzMZ6aDkT2jT7v5Dm4Levv3q7unTTz2mfnWLmcuwauvOSwZjohff3t393Z99ePfTT9ffv0Pz9a2sF/0iVN8YyWOdEXQSNCrp0bRVB0rYdlAGeBm0JlJONtltJPnkp4A/vvLoQAHGk70l2NW1M/nlzWebUz486GGY/+KrehzfeaOfThWe23jx4vsv3xJQY67t0bp+M1uumkeAufUMA15sUrGpq4cQVJV51T4Fp71WhMlmkIjNOq7euOhnVbF5AuCCwmbMS0gMDHyo2J+R6T3p22LVcEFPWbJWXE7nsbRKng704ensfHjw/sPPf2bJKYdRcWlG/hwmATA0TMezannSiwJ8PHPX7hbS/V44y+L2HI6rdI/N+MkxfPUKIwHcOMvr/Gr549NHifvv/M6Lv/6LB7vYhBpNIEJb79ZtP7968+3vX335Vq7y5pu3ZuY6PKPEVhOipXS3XxZYlml5oa72VRdAfBfF4IPunGFEAW0EEUyINJi9dSNNQlXtPnxqDn0681+DacilUwWqG3QOLjFFsYYAeSXbPQp9n15/89WvPblFqCfzthkk97XJ74F+bvud7E9PX7hn9dlN3a280ACNjvDQZdCx1keuEyElZFMVH4guHYh29ho4gKRYt0gLVT7bdeL5SHUQJAKAgUwfyQF9seOUAj21IXHeFXdvfD/0irZAIzlQxen3+FRfx5GiYlG9Wbwindzx6gtG3dxJx/AqZM7YzaulJ63zeg9zv3qNoL6wZyr0/qEszcv32K6BU1eCCAH9IQi0xANCOEdGp8qtmQCuONW2fB3L5XJ63xbBqh1MgiWBfuckgWCuRqtN0Wnt+49u3rzxpJKa2p3IUGKYy7XaJokqZyuAHur1bnqbEteqnjMOm9mm3TjnV53q4XDbwbgCGGIo5EgdKc5X9o/bNUq2RE9HAXUkAJTYP3YeINUdax2IroY/FlQMPpzROs2GUPkQxmfVw4G1lbtK2/vqozE4uuGb0td5Vl/TMHTkbWNnPAddYTLFcX6eCv0DNu6ArHTCDtM4jPJQrbnyMISo4ufmGWJ6MxJ5DR08HL2VULm9rbony89dejzda1Z2C7aRJp93o469pk0+BVWLkfgtnVJa+jJpFbn/RS2ZRiVTFsFDGjtFa61728dnKxnbfMx9ZCHtFjTeJDjW5CLufLlHZZ8YX06+XMu+oAacYxukQDZ0EUwtYfhqGnSii4o23Y9EVsKsvrSpPQPdyy7FfDO3VqEzGbnbQd5QofNsVMRpt/Wx2zgzKVSSISqi//Fs+iUVJVNOla5LqHTZgBM5cZIqL6bdxd5UpWBDYhAi/4HBRnje2zNw9drv4V7SQiuOZkUm1WWAWkkv7ID//MZqELRWc9FQqtJTYcdXIhc3NIMQGqkLQzFxqgoQsVx4oac8K+UPIDU2PMZ7qFNAORg3dHeCjLiw9h6plp21Qcec/opu6+hXV954+EXMhqbEaCIGRHO5RQ6tWnnY4yX+FMTlPpZebI9NNw6zZ1ZIrTY4Pr69efXdXgza6rX5GhJunbKiV6Z8fvn1F2aP916gUZ223BnVXJjftm1Rt8KI1JNk8tl01fO3CYZDtcv8cw2sEgl7pJxygPqeRkkBgXuzWUHLbFnuEhy13MDUrCIF5vBbDdU0B/bVampOsnbKls3qH+24SD2tZstv+ENKFE/NXhh7ibWSYW4+Q3nhyb2dmBEQ0EjgMbA8j8ajlWFBSlNNFkOCiNS01WkTucNiOY3fIfVbq3sq2iuWoDhKTFMolMc56UnSxRL+UckZcpiHBVIeEOrO5s3Y2b+1A1Qy8N39B7MJW4Wlia/uHswtHA297YWw7ckbb2wScrtRPg2LggZKcrGLV2RGvJEEqbGinXEmI1Gr22P5PWgnkaPFZMdDSp4SpnokV1Bd8oBkltkYPGyF2ZhqIFSR+63hUPIkCs+KRlnuM+9COBu3ni742+0rsTf0Dm9O1HMtGra0pur2+uWtKTKx2vQixkiSvGCS21zdvi0xNkN75UkPi8g3OjllRu/E2Tp6jMed7ufbWdkXIlP96pI7usriYrJNCAybYaIp6urSLtdMp0jFTPl4d/36+v3d063dWdYiP91zEqkcid0FonwiGSI4Cthuh5iXy0xlqn7KoE5KD6VQanX0XF+vLpaknULKefQlQyEt4+Hcgy4O6D2MuOZzJOyzEJ2l2YzgHy1x9MzBB1o9SvMJuFlkjqfjuKSlJkQMxw/HErPxSc9jfOo306DdvYK5QLgylq9p4RI1o1hQdKkqOhZdQOXdBBmZ8HeZxxWdsdn9gGYXzsWBBhb+KZ3Li1/YfOiVBhYg3ax8/PrLr/zOV6yaGpsd+H2Az5++fvP2/Q9PX7y4/Wwh4MkuR1qsL8Pmj9oSaqbO28dhnSEFdkQV4GBpLhM3CgwBljYeaI+/9LmGvmt4RK/9oOp1ShsZ1TW91IwRywTIGStqyV3IXPh8evmmW2BCi8kM08Cew9fMEoOhoDDJ6l7ekM1uMecrRmh/RTjnRkTpJPzrfnNh1/6pqq+Nk/xiQpNR7bQytuZRFLDQne3CmOD4TiE+9JejrkjjsIT1cNr1GDv4/l6oytFMt6nYZR8hCnftSXvM0FhWohBcjnD0dtzjinI2kWhpQAfyCqBhOQkL7+lhXklYlgM41DFZnEdsvWm8Lm+JlbFMB5NQ1eEBswXqKkkcJyHADckmB2yZZ5yHQ9/LI46+KuXGCsih5+tMQG48mffqPYxpUnudS8pXrENojOT5Brtos2xg0XAJccQKqmU20cPKVB1mg8pAcglww1WAXWcyKcIgKBVrfUHFdUBiTl6wrln96s5JhgpvFtC4Ol87i6MLaNfOcToWNHIxHaoZdEoJS21Oq4MzBMP248ms5eaGFsntOC1w3/iZIlRmhf0NoLrAwoyD2WYYLkwfXBoF8dyFjzay7ARxEmc+Q31wndN0XV9QzyopzKhWvDixDb2sLlQZ5etS7t077OHzkzVChHvDIjnZS+NzR8jawhinI1VbFAgW+81y2Ww1GOHHUvFquicVi2NQQNYvyz0gvOJDFkj0QQFiwojxsZBMnCWSNkhgxvqK0ZcS1/VR43RFWBoLccrxb64ZIklrB/54maAEzqSa+K2wUlaBzFEKS7ainofguukJiwap6NgQQDNm8PlI6shcbFkvTyrU0NIw3Qw1hAp2CUA/iE1RkiIz5zpVOU4cHyGApR+YrMy98JaMYDMXunZsGGVoyHgaEkHjtR286XYZthAcmj2LlX2o4FA866QxEruxlkm7BNZfbDqqG/sKh2sXRG5/OA1SykJWSsM0BHomgvU7bOq+vV0YhzKFZGhSlUl4lO2tiGrffaeI+F9TdRhIBVlerkDWVo6r11B2ApqjTG0+OQnPgg0qZ5pq7q2GVzef3783iHZnKfgeD3nVj1tZi0JOhG1+8NmvA/ssKZGKpY5YIr2MNyuvCBLcZ2gGI0SD7YI6OLxclMSUBAlBCsxC/pKCalL8GSjBN8r4JJ6vjILpSgKuwP9yiXKX3gXeUiu3HzCMzboZozuebln0bDpFF22ThwIRAFVqzg2c9xtFZc7eLQhXFVhBk8gA8kC61TvLfHDA1UvKsZx1Si5zjseHj9fWc5c5pTj7WPqtIskcpO4U2JGeQGXcPEFAYIlWsVt/Sj52SjGwEt4ZLzi3Kagxz0tF7jYoh9c/Kc/9XB0P7vPAdf9xASNXkXA2pWwjAWl6SjviqQ0qNxSIwUHz14uKJVgtIvhfHzjxbUzRVm6Fsz52ESuho318ponQsSW3zD9BqswlQWbKA6FNBk6ZdQoVVvp77pNau29jLyWt3925x2LBob7TI3pD2TaAO3dOPtlZr1VGtNAiRxIMbUkzxJmgfbj74k3RKJNJpG66B1uWQMTpdfzjkxaOkPSUiLnXkXBfF4BqVrpPaskGLeizJfkRVMuOxUE9S4h1ls4fexTfzTD71PUYryf1BCeeTNLM72kbWv5uIbwx07tJLV2Tgkhl23EQCB/2wD2rsSgBp3ZawUOGrNOLDFMb8Th7Ste6hqOQphcQJumivbo8oMnqyUvX2ThuUw92y6ba1hGTJaC6Rih9x+fLjy/8DAIp26KTaYeRsnV+Kub09e4Fsayrdq4b1TAjr5+X2eF+hXkLP8wwx/sV8Aqgheo2Lmr28rVXtbKmO1qouv0jO7Y9pn1BN54Evfr+e8/4UqzH4ima3txmZQDP+ZoRhSrkceK77On4KpYKV3PWyMfr8VzyEz9mSX3KKKCeqzutLmzu1gUzFdQ2Akf/tQI8W7YSnUe20EQFLIaqzrsZQQu/QlRRpMmb51LcMmpc50WN/haDP91rCEF7ga48rMKzhI11CThlEgJF5PrHi7QaF7E7N8933VNMPlBpoyg9VaTqBQSAl7q5f7qKy9NIqAF1nKTAA101QU70owFypKjZPN0l4sF90JzIHReO/GySp4lQuujfLBXh/LiZ39QZMY6Aa0N0EUbbglnB5UgdU90hIFas9iq0HolTSTnc6NBEaxjpIJK1NRpSWUtXcRUHw3jp//E/LSiNXuKuo4F1mtfzkCBU1onYPGZDpkkWTmHolRxmJE926UQ1wOnWvjJtyDLModYtDMusIzw8l+4RwIghkCNHc0KmK90qdUU4TosrSVmY6t8sGNhiB/qNHlmpv47jADFwsIT8wtSRfPxFsfIa+OszeWtcKKiMYAcA/yki+QM78M4SIQSDPfKcBmurwO2LC4HnRgd6CgnlCD0jXddgIktKAAAgAElEQVSu7KL2ToknBsXagQ7dYaazmE2ajn360GbaupQQ6FAbDDdwTZNNcpND3WszdU3mAnkdrK7Ku4Tw8gxaU+i7oIE6pg9OQOM9LFCtugW44b7wAwByqoS/Iw4b9exxK17NrWOpbqxOpNR+mVm5pqRo2qaEvO4Svsd4EXv+Ub84roLM0UYc1lmSS+AZ4cFWnkScXSnczXShsfx2muZVRYzoJWzjS/6VouGbkyXtyfwXQ9RlgjBqyzhF2hSdY6pylpbowWU8B5P2m8tijchj8JSl+kNehotQY9E6nNvNjdbSC0hMk1p8i+eLNRJEFpvMGHJ0UnM9lmqhYNlUgi4Eio0XhsQ4GLDPC6f4CQRMcxmVcQ9rbMpQyTGmEqhw4FDDibCdKWSe8oa8wH8cjSkXPfaU6rBH5ZrMUTaqnSgQT8SXlNfKuJD1dx8pJqfj9B/ZqCZTWnceCSPo7k3IDmG3rc0NkVeenBS57LgFTJ5mDjUqptS5j03TSV4eZ9NYJ8vIcn1CFfIu0qCeYlLtNJ+MMZc5davUdERUn7CHu6rL8s6IqaGa81eECVFOrJgimpagcPDyDcc8r6hIWrIoIUzRmx5f9uZNL9xs15x0wfqrRwp7AWha4UpDf7reoPVPRbJ0LBy1RiCBJalSNJq4fuMHR/fjyh6z9mRw7xyhwBiUJtBr4G1Im8oucZkE+GvAXgxBw0PVjUFcttTdKy7wpDLXsAtr0/kcxlvQ7z/d21buVlKvdmEfySD3wH9Zn7c8vfvgMWO/kIrjZcDZDRyj2FLcAnR5haNnOfIGLBnPzAcovJcmQUZRUWdNnB371gJP3XTvZP/PB32Dm7Nm33ytJqGJqzyJ79B6znFpTqrw0CVkiRWnEph8r4izjXue2rl1QxtTPbWP536Jrvnsva2Vfg/5/bv3XnnwxZvb779/XwBqOoCZBMC88+5ZtqJmxOWTWIpa0oHNafJiieIETlImG1C9BjYNp4x0MU3UgZV5FV+dl2m3S1NX1UP0lcZvHdB00hYwPxyDpZaI5HQW7NMM9Dlr8x+QD36jOzTNiCpyI7KuynHJDLx3v7yWLrvHEd/1tctIj7GxflSnoevm8Eky8cIT+Q5hiWVBQFo3I81cuVWF9ICJuOPpukN8lM7Uo7whivY4f9xADSVWNR+WGgbngw5jZ1NImAaci603AZ/WEcs/G6HCN/0ZPoah7nLgWkmtDlodV1+ww9CsilqLjXnPl1/deDrci4zevDXHY0m7HFvaAO92igeDEWDnXs3GnvBmAqc5gE/IEauEaorcKej4bzCdz/IV9xdsyugj9epqQeSrxSAVAWG48g5f8+0gEguWg7D5TOdrszESovxSaRtcyMnQ6QOqjE0FAkw3ApPTvNeL0PzYuKoGJ9T6YhwCUmiMwaSHYgZDicFEuXIUVHY621ed+Q5zKbvpg6aTNrtNg/E6jvuQdh8T+XIommYuXz/qoTYY0D3AJ8y+L3ocM6EZCXcO4se/CqROY6G+GCd9pqrYOqw2xhFBQfquq6ph64xSaaEa5RZ6CjXCQLMB43Cdoh6QXnbqo5KMVgivkMgI+ZdgeC7+bX0jyZRVSQkXxZDqMFK3uDRUEiLcQRz29kwzjsjLTq7e3ii8v38Qot0eFkoCtGE1ViON6kLXBtFwjdueYRMw4jbs0NfwYqHpiLLH/dFKYbKzohcM4lI96tgzJGqQCkT15DicuK6L+QIyUlQbfKJMsMkE88wSZQUdEXs+KlwveW5zqvqE6QIXOtzVLGrJVP080pR5FFzCM8M/kwrcecBg+4p+ihuSg6YelfY7Lny5GGA0jweMl/TwLCj10DoHO3O6035cITX1xr3TmKshAdq9iELhGgdbXmfsZqcsyVFrtuhWAcj6alw1Vk+OXfdh9TkGa0niQzYWKLa2eHaxjpQpSFhIaz46k+1Z3frnVtLL15ee1/5ySzfehckRUXocHsHCUfg6Ki1h3kXgSJEdrZyPtyZU2SAua0Ub6TlmU4gBe2WJWI8fVviOvhsdF5T1qBod0GBqagCOfFWrfhb5Uh+TKWnEIMq66Z1UiwiNOk5CYRhOYw1GhUvjKJCMStbyv1rFvIxvGG0WaRPLDLKom7zq13kSn7DaJGxMJVXe5RLXF03FXZHrGbVWkWiD3h69pQO2b4bW6nN4GioB9bNE6UdU9yZ4qz4t9bFdChbgZ+QoG7gTXpP4DN1KRz5dRLn6anMLcwBzOM3GeeK02hDWPHzbcPuhIo8L1fEN+dbIW7I0BD19vrm99bCA3S65G/jWzmU2Vo05Qh7XW0HkYTbCG/NbzmihLo6pLsHRXxC5sFdR/lIm4Av3nfRPWXFP/4mUGM3zW+YOPIQnqB1RC4tpble0OX0EOEEfPZrpB3K3PBfTNCeVmTLn4Tbt5B09CNE4QZakLRNZZqbMHYCeAHVWIM7ewKxCB17W0SIaucCr0pYz5wzEUSzLtPLY88kyJDGh9FVmmL96cdDtjUW7wgG6isLYR41N23lI6hhd2m6+3vidNWMdPUpS0MKpQvvgJTVkJIL00JzAWZCEb+LX9mx6c0OpN7faZ+1+nZR6b+1Cz3jrPUG0sXgT7p4w0cDLp1jI7g5WxJ9MvA4fo+W7s+Ccv8oYn2jqU9OK5mzpBM/VVthpkhyJlSX2+mMxrp+mMu3i9/mAg4WxlZe445hCMOBWnQSUmCx2Z/vj3pSjZ7CINdEXTx96He2Tt+t4NOBzPlCG2n1RPwkslEG8n8caCxBnLlqOkzxvFomlX/afGBjPGMJ3x3Fu7JdCWnpvUaVUw1ZjJtGZuz/KJeYgWEXi0/3HJ0+bfuh2v/ZWr9mFme57+Y+HGvW4bhFBxCUQIiMDHFcrcom3fCklurGwF5sBAmyXO1I4L4R07l+BgsvVYXaWT4awvDILpNoZLfmHE9rin3M+k+vUYSMveAoFPApvKNTJFlKbiXMrF5igwuMkrqlOQxRRmkZPB02ky1m16vxrMWxDX3v1p3zcxGGxK1dUls3zkLmhc57YWztfv/rimvEp3KPRZk3vv/uA8y++/PL9L97fvH3tXWcf7+4e8ux6InEaFvo35dbrZkdfJZzjh7stascokh0xeYSInwrSbm1rEbNK0+UK1oR7pQvM1DQY6JEPZYKHJtFcJGddOXUUC4oNGXwQldcGTxUXB6jbzZZYUvTweGN7m5saVmdg6YmgBrkJSa3UZu9t72jWdv7KFyDOMhGJZgf6AxhYBXAnVgy6yHNdr3fkMkFMT2ECqdeO+bXKZ0DXMsjxGZZIrTDU68NpfBD7+lGBiR/49FabdUMM988x3kfKGdbYckDNdJ0kQyP6nMd5vKT8+F/pNF82kD2yxLFt9P3tCG+Yahh4dCMbL1npsA9d+BFaIhHyYDnxsWxedkFzGE/fwWjljk1vdH5x+1Zaq39a12mTAjgXOXhNQ5Y2qEufa631CDNLYmqaeOY6ETsKz9io/0UplQDdTdzUDqKQRH695+gElVjayspw5HFwT4POoMpBOB7GCscd0xxUwR4Svh1cXMDDwTCNY9W7pv+pJPaq7yNC6TfwIVCM1mmsKADwg6SpCvoX0R0B7nyGB5jCpN0RjMriUGyG4ziquq6GW+EIKDlYBlj9mjzDxWUAURtzaitI59GqLUSco6BF/lYtqqqyA89Wb7ZOUvtFAtWCrCut+ipshrWLUKf0o+shCATqiF2QxqQCtA6ZOGi8332i8NbXMxrCTmXDpZsj1fjQkDhMTWb51q6yQ7yM2mCV1KVC4ojFUp7Y5JGF/LVASLJnmWKs4yee1jVqxoUWSgoUDVJzBCAn3LtOgLN8eNi4IK3DxFi6gBmlsAWSekfDZd1vxQQ6EpUvBEeAYr1mzhudO3SlQmRcDDrSFyEZSDNSlGlYzgtqDAUDjZKsJbifHl4lEhd/zBuSZazNGDFx/o0fsEBrMLHiB3vOYRNspTLqxHEA0muwaZiK3d/RAka6NzhJLDDTK+R7cnOr2flOonXjgkekIGNdAkr+QgFxY57/Q4nl+Ir+mKABmB1ZRJLRa4h71QaEEqlT3hXVlFhjOazdk7ZVo7eApDkcYEP6ZUBCP5YAlW7mlU4XQXyzZLKRqMiW0J2kMdKBjvhFYcVgKg8Hm6libaukser4sX8kj+PHpiEfQweRqpiuQZq0BIpuMy9vdvcWf4nUo4ze7oXqxEY7nmSgjZqFO+wwjYumahHJqVrDK4CauoUdZLzRQqSPkltxL5a7jRDnr+zz7J6D1zzYMN3vTVq67vHXXEZ9rzetV4EVtZuEbEF0YiE5vmWZWO/eQO9oCjyXe3l/Z8uP1X+3ke3Ztu15r8nD++7jpELnuw0pNkovzQMtuPpdqkRhPm9+bNv8FD1HPOZYJKH8OEQeuTzGfx4IlpHnNGl9ZlqRPpvdtVikQDktJlStV5GOxYRVlGPmhXmMBXxg3Zdj5fliuXGVOVD9w8DVTl48cDzrD4A0tAzq7bDhF9PaHRk5PvnhveeDvafC6hqN+U9d7bl/+dbb8poP4UlxvCfdud6aTflltyeoBwERoxwv0WM6Z0N8/NdwXsgNzKm8BLN+l77cjEhB4og1acsJH957S0IPnsJgcsU3wOvmSuqkHLO8gbI15yvSWct7LSTVTcqygUHYAUPdKeZj3d0MzBCGWTWksPLTbjo0yeGP7syoTNgUf0590SX3rDElhI0GWBt8OTciFBDWJAXlpNckKdZn230EyAp8BqiLbgGA7o8aVc0tahWptFw0T/pEOnHwcJbfReYwFiFgRa/4jel616VjwI7raQnfPQ5B8Pzi3o9ty4v9FoFXX/SojxdvXP3w/oc3Xj790s9jx7dRrpUq74eXQF+bMhQN9P06MsZm/77HAIYSGvkLRymhLhB3+GrYxWo9dcp3CZ1Kh/LMhEPR76BTo4gFl8s1ZnXLRO2JinWdC52jdq6da4awRmzj8Gli5k29N70L7ur21rxxPaV1CKGkQIkcTrHkpW89x5Uc2EyYVJp3qs2dUkgf1SRRh+YzRcKC6E5GIl44SRn1xYSZlGBdKww6Tz26mTcBCXpusLMhztROTjvFJIvhcT2d0Sdch+zUX0ohfaqfQJ+jHW+dnaAz0kWkD3Q7DpuJq2EsaVu4cL202Glaw3RFud/4Tw0XqVKMhmGtW4xAmKnR5/oUo6xf+K5RILAzq96XDJxUWaNBiiFp33io/XSb0luhRGT3opUXchycumUdxBuOIoeDGL3IkvMdrAfxMXmY60l49BniqEGQHbYKPeOOFc0zAq/JMQ4ZnUrRtAQGFzG4y6QC5BqqpEkw7bsK98V6CjEfSxflRcTFvsZ7iqrsfJ0ztZQ9SpUfBkIZmphUdvmWEjkbirmBeheDOJ8X8NBdKjRg8rWJqYOra/8TDh3S8JvV+Uq2Qy9SXXQJ2Cci+7tcJjkUPLhKNKd87rDQUNxNMXnJuDMYB0KV9Lq10gJH6y2n06F2YLGCEMg6wvivx4ZNEh+LR2HVlTSMpXq+QVGsGE/gUYNIvIhx/2EICx6Pi3XzCF//P6r+JNbWbU3zu3a11tr7nHPPLeJGREYdIRfpNGmDjQ02WGDJlWiYQsoeAksgOkgIWmkh5AY06JkO0DCFQCDRgA7GGAvZCCFTGhfYODNthzOSjCSJ6pbn3F2sam9+/2fMdSI815pzft8Yb/G8xSi+8RUTGxSaF6FPCR3H9BlHfLNvTUnpWTvvggU7x8uNIrZjbh7eSezs5qOyMFGrJqOj2yArmkNyRHQ1jT7yX3U2hlJoVhZ6wuopxpE5a0KREkC5qhjD1H7RrwBsyjWzAoRluko1czvWF4eOBNa6CNIdx5zsHclcTo4339+UK2QNFWcZ3c7iTtORni39H5MK0qw6DWC0pOfZ7LWvX0dhIyt80KvcRbRlrJFVxea8MZWm9RZVASNrTFgDfHyQI5ZbjloK9YLK/lx4SsrTXHSJAr7TzzTdwb1qmnO9KX5X9zTbmEUB7IaWcMKoa9qRSsEJWvenGH9QSwHWKfIrAx7NYauw9QO9neIoTY4dBaew+M4RSZGK8wahhSBzyqlciabOuy0idmlW5HwySLUGNNwj9U5PQnojUFzo1n0mFTPrMksNjtYPfbluqplkyb8O8Iw0uj8zyI4RHN+UzxDU0oMevGxIh88us1J56SRPjFbboVq+K7Av3HrYbEVYdyTqbpOOKaDnleTmwJYOAhpCGpxdIV64Q7ZDVkhxJLKmfucES8nIJI/02aBu/m/SR8sZBracy8Xdpc18P4D18O4tVB562DFsOh0C+Uld0/+WiCwgOiYo0/gNtA5OMtOFRPTTnSlFYZ6IW/VxBiI7CApqSX4+eKX9pMRTeTUjWZuwm9FJyl3KclLHV+wAoXkkz/P5K3eZO1WTRHXF2CTn1gmrYSABcWesrKvVTj331PRXOzfDI2MXJnZ6xHTcXdMcLMQNpAHj85oTSUFtervTpkTyZMCUrjH0IeilV3aAa0osamCLkx9w3pGu3oNwPOpaFnFY1vO/W4RWaJ2vg00NZz9Fp6nVcJ5dlwKFr24HIqOBEvBcDebPqwy1L9y2ujFi7W8H6nA5BbRcLqyd7uQ1s5BmjZJUQKnO4Dzfqw6flATVZ/Oh+GRJsHUWVsQxineqSSjFc4Wb5qVa8uBYn0P6WsCMrtURRRztdnCfboGnlabbB0GGMrWy0Lb9TscQx7IIFtwO4Zoy58tGTNU68vWEbp4JlCNd4jUlThbpVx5A+t6DoeJwLsWvbQQVapeGd8aVGuLLbVC4sP5kXsoLBEr5ZWaA/OUUTlh62I9rRUrjy0TF51wPubHPlD69xpjXNwrFvj8Csyv9jZzKl4hTFU1wp7qPMQtGVywlkoh+JcO6z2u0Fhb4zYPjFvt+RjAje0RDw3EXI09eZvQqMv6zkSAbPsSIi2dMdg6kZA4XosoDPSYbGZGHvIrh3vnx8mo/NeM5fm9O8o1fxnm4U5SKiNus+5366aroeI2n05PtWt3su+A6kaomSTyeddHN+TEJdPP8KmqMgru/UVOQJYkNbtzQ1yLsTTS7VCNW3z9EvYE4nimGF80dnJ/BapxMXpqeNAnRdC+zSZyF4Ly4epMOazaS1GOdErbee/ei9RB3uGSIXZE+EOlepuU5SGsS2jd8wFDjpbvi+ZZAall5DUOWKF1jQE5TOLJrzlTH/ihbMMrJ6jvRh+uIjXz4VWTrWTjgUS5Jc87xUX9QHzIk5yNZ68dqHF4hCdeoV3KgVLXy8233Scpx9wLgQRCV0li8xk0QvW2rSUIfvVK04qcABo6RC1HqL6/DnZiRjzOWiTtK7F1SIq811YkX+SHTSYmwwESX18sb7PNYgoPis2kjlvQIK/qaytSMshEh7VrC1CH1V/6eHK50OlEgq4mqC36xbeKvQALYbzZfOaLN/6IMnT4ufbWFVBhls6teCOwlFol5F5VPHyncTpvhS18l7Z2QFnkM+mnjTjlUpXlfeCMjnX2TN0nrhga2gKiszv/Rmk67CpI61xa0kQwbbfP0es08gLioRp4qRUHc+9J7kJW4isK+2f/aiJQ/VqueUcPehURcDDn3MaQGlsCj69K/zWvJmuyk15XYW6QP/KqCk3GsK1jtP/FENERmDicbqExO2khzrUUtttkWdJvZFzhpo2GmMPkEog6uRevT5yk4ivJaXdYhLSCUJ1uR7xYYmt3Yqdmnxsx+8zzLh54v4QKkrrpuOhFXh99NczcIZ7+nlxpB/MJRzsEs9TSyrpvvjshOInCJq612GUOxyczyoa0kpjzP7KuNphWKl5eK65zB7trpTV6aBDj2aG5yccCyLMosrqEk8si0WStrt46VB+2XSpEDW++WcH3uwtWkkzqXVHq2abNNc6B6U8fJlhV3wNidpkA1lQnkUZYzT9ZbFAe41khglaiKAQqrkn5KwPPFPaTomVW7h69f7odXteXWi5biOTk2X90mmj9ONte5eLTfUrIrPs1+OjvkorZ5xXU7DwZ/TnHQ+NG5gC7SQW7XzLLrf0jitD05UZl5F682s9X6nZLYsmk4Mbtd1tGfCUonl1pYZpJmZUrOql45oHyw2QIzkHw6nMuyxNgoHSotxpHiaeRCuoRTVc9TD9QqkzZo4IG4g9708LmWv/bSeGQMhGE3u3eZu4MafKb3XZWOE2ZiJ745aVNkmemKCHd4v+zeBY9BanrRuRF8Vn/vLQi73QF+E8QcAVlQaZQQwGZleuVqwAsII5ZRWQN+JiOZRdiY9fjqkx/QwCr9VZuaEuqAQxbd3t76KVdT2Vxwf+dSux6O0oDbXFWTIROMfNWaegc/Icl5QZpDhdFLGnhuby2r/hbtQ791bSEZ/jWpWm5u59vm5QNeGjY5bG/NjzobWVbXUzPruw4BpVeRW+yK4JI9gyGkJdGcvTHdhgRJuhm3o9Wmth1OdNlb6GtHVNX0qY8x3kzjW1ktq05yquyHwkvxKtKGENvSRTN0JqQ+zp0TqdANlR5Ey5ZOT708s6jgvXr+/v3ttRM8Jsp3/WguDfzvKSudJgDH7whe67T6tTgC6zKydX/L0Tkh9FnlK212cNo8H/tO+yp7NqE+kW67jf/VbL/ONw+Gqs+9eLoDrgpe1Z9D5PdHSrWThGVX6dcEs7NPXUSpubpPx3H6p2ceYqWJuqldF4uhmzskt0NdCeH5uE4Mci7h2NdP2Tz+L7dg4VmwmVw7y3TJRvVQrvZ4QtEwnjRoM25/QAV9nVwttxxPdPRzyeo2EY13tDrWXvZOgo3W7gSSHeNySzSUhW+A8t4K9pn2RkNiGmkTNwPGkWX7y425L9W+FY4YdahLPinTRgf5/k5Wxjumi75SMFtjSkbS8M70iyHKbKms1naIFIQq5sohOO278iGcTBjaz2tInGCvu9Zr6LjRg6/qHC5H1TFu4khPRiNXX3l9eqNJc2PQipIcxa7pGJhDKQobyKkYMv2tVpuGxY/liTmgck8yLm1Xef45RSV5wANK0sDZ2+skV8DyTGTpnsEXI4Zxjj08w+aD7qfWg2HOO2Ima/tWTC5qnprVipNz9K32GHO4pmJYR5Plowl9AT2cPiEMQqRttMcR1GSyljJ0JU3V6/GSwzp+QixakbAg7FmqsFSykUOVchY53bTVzlSoEvix1H7GFIPtJJ0C5gxoMnRZ1saMR2lSQVUoT+tYM1/mV3baCV5r1x7Tnn7AdaeI4WpxkzHNeAKbrotSogtaph2z7ZdY+WFdcE6wHRQq64jtcpP+IcfoqVptsj3EqlI4fzQ6RzJDNb38pO+hqrUiUjIxIJkS1baVUpWwUxnAk3uTM7poT3UblQPZgVQvSHLyjAKm7pTbkRPrASl+9ilgY2rFVYeaBoNqq6dhOJqn/fjh6AqGwulexzaF6axXz5T8hgqcgh75HFG1zQCgq7XvKI1HKUvDjDCANWPrJ1r1I+WJGCYRq196NHTvBE4JOvvYWUc+R9BANDP7TFyDDKqSpVbrr1FDlem0+QeAyp0xbwT231S4+wGuXaWwX0IVERMql4589vrTw7uHV9182RDrLlNDrCkzfk/XeXfXQ01e+GlKsx5Xom8K1JPLud0CdBdFSEY3jbxqMhP0jldL5OHs2Yh2+WTByhPZQZNG9vJnX3cJCLNbzANS7UbA8h/FGiLi6Av26fyx00NeZpamrQUHBxe1Vma7SNtvf4qDWz4Ksrl10BwT+UG4s0JpjLTM6qKQ56/fPFz5DTIqOI2/87SNbCMvh8/bojuj2dUhBYmuTHnz2c3n3/nBT24/f5N5ng2vSvRDnDEFZVvBa6I8occeHYfAFDh8C2oRlsDC1nDHBS++eu+B+H6NzcdOGFsz3RhHKvtdiOIZrj/6gz94fNuvkrnV2S+77QGUlqVvebCAejK+S5PcQelHI/Y4ao7YDQOsolyv0qCq8RSgwtasJYf2jqLdbDlfvNHeOhw1nMpdXKyIx9RF6CWTcCu9esMhp9DMmH2i4VlJDz0z6/rl64dnP/jR198SRmALkpCSLxY9HeLhZx2zuqrjw8OHPA6uky4fbpsey0RnaV4/9/yqr35y9/HzpqmSUbjSWsoXT+gHPGQMr6soO2nIw9nWzMNXDUlJ/aFGS9cy4fbD/fWN36W686T/PB5Xz/eR4h7V6Pv24e7F9c3H11emdDoYR375wjKtJ9N4xJaqDz80tauXTfI0oWxql1IPtRFqs3C/qNIBArUBzp3lqyJtmTdysrIObRkJZxTiW+efDbO45Om8aHZlu43VbsRHmH+mQIIKhLoOMSyr+wFaGef8Iy4YZf2WIM1j3ngG7Yv7D4+uaX5439PDSIS8cIGwvml4BmfKRC69vdlBX9AzKu9oVu6Eag3ESRYHR26R+OLmxZurHY178Cv/+0nDmnDDx/Wrj68+e+VuqXcPj29urv2ehoGo3qjHIuj9bL947zoryxkfPzx/sydY138274SgKDYolt5BUFRJYLwz9WzPE21HEsU+UeTZUvvClEFV9squ0a4uz2bmk7s3EvFAiVUccr3mkWCtje8dJfREFz9u8S13N7x7++Injy0Wv9rjgHTY5brj/Pv79w8fNP/XV2/fOr9Xpx5kFg5Urj5tzL6meNkbZvrCr2i6i0bmjUXsLulU3ea/M+pYetp/Fgl0vUEpdaSgSofSbc1BJ87zIfKpZHJVgWKqbSlSCcb2+25Hu0MyT252UQ+vXsF6xWnSMQ42+ohxD3kAyJCOxLDJ53gvUThK1qU1IOT3XLWvvtNeTzM8fApbHqF8nG0fFhViOB1pSuuok1ErmNhhURdBIONoDQJJPyWZfkkIQH2rSs1cJ59+Ns2MUrW8Xd+XOG9lZyvkvUie+fPHBkJ0JbprEGu5DagAiaefelfwsQfXPD7zGPuN03mpaDKzY0mq5KNMMOnI442nqrIqulk5zx1TL5jayca9bNlGhNG/XFp2XRwR4gAPto2gRV5AZl/OWmVXrEYwcl8ZeHRPVdwAACAASURBVEnR0QxNteJVsE9WXejHGXcvVdTUPdrwnoKOvEtySwMILsqPDWuabWIY76TnHMy+kkbfDCWM0/1tnMk/q6PohZ8a9BOQ5kvWFIX6uksS+dZEs/6SAILyGxTbkQl13CRYx8qDmblRSUFzWSaARIYe3rzoA7G27WmJRIrVcrtIFcyP72i3oysP+SzJW2u5utTlhdJLYyoPC9bUkKwz56FQGphMm7empNk3Y2LBB2xiApK+NSOaRVVLoMGo37r+9LPMD5dxGabwl8sxLZwNxnlixs4JtfSnF448q7w202e7syCzZ1D7NhtHy9SJYlpt6aV0P1E3sUPQE+DZpA24gayJ6qd3jy/8jjw+J93yZVJniwRIJQ19sD4/EFY7OWV9KaqTyJp6hqfcqMquQ3IDTsXrnsmzqmdmllU9x+nlz5zaXYfLgYo2OuUo3HxG5NvNqts0pTM8Cq6utybQOi04x1o2hiQ8lXj7ZTZIGdbquYnHDnPsmf4iMN/kAQGxTvbFZ4oMKy+//BaBrl7wa9YeXPvwucC9fPF//+t+SSqzsu/Vy1u3MZn9gPDwYHj6G7/14edfe8xebjepQ2bx1XydZNuOKL7//W/d+GVWU7pO/bcom6zskxGfrl9fX32+uybz1/woSsG154Dk+Xd+/kuJNOpMYyFHFwEePSOBPfaWs8WGwT4KV9OUB1MEUwAGQ8/5LhIwHWgEXVDMf01wHr56VzgdqLgfq7VcRwfJ8fXp2c39b/+VT+6EtklwvWGimt0oKIsz3LukWTJkHeLKO4Xw+sc/+K/85/5eDl7QyhD1ILNj7dVeIjs4mXkb3rUmM++Knr987QfL2awFNZ2jdMKFT1BcF/xnf/FbH19/fJ2DNMhPFj9LgwOSJ188/4Xv/frDh9YRWrKoQef2HfmY1N2/+vThq9//7Pn9F8/dCP7CbBW7SJUfEDrx8fLG2ep1EgAFP/D5Iths0cbazqaqC1sfhaCvrFVUaDqW0Jd0ECp03VBgXHr27sfvW6ww+e+Q0i0uzdE/+N3WZ34x7f7Hjy/+pn/0H37hFw/S0sqnOJHqSFgjdoD2C/+BX//23/prn7+3TNxdKfR0a4f2JYyepnv94u/7hR/9469/zo2hdY8curTULsEMYRDbKnykFwKv8KvKnpUg5FIU5d6xfaFw/uLz61e3rkky52+hzkHwR3cnn4f9O6XjcPrFj37vx//GH328/aCuQINdC9A3J+nZ7c+e37+rOehfSiHhWaTmORwPP3rbSYOirdeq99VSu6hJAvuJgzevrr973eVKzO3HS67WLcvTjmccOLjrgKtsF4GjkamyTRRpYqeOZaMJyzJ743/e7ZZFp79e/eT3f3pOgOUuI9hukyoFcs17V2f94i/5SfHr/JoINuTWJaDW0SuzOE9++BZdUSJoTUmfILtK6UYTSme2VQkj6YsX3/7W9b/8b/3sr/7B7VXJ2I+WWOb3SGKkfPHu7uVPHm+//+X3Xr/4sA5Vo3x+963P6yfZ+vHZ+7vHb99c/+V/88PbH/z0sZ+CcNcwAyGnfycayoJyILw1moBUnSUzIuQZUPEwRo1WKigdXN60WRc06+vX815MSuM7hCe3krbeK5FrjVFSroFaImGlqVc3/einFb5/8/ztf/zvef/T94X96rWjSrgsytz5iXJXx7188ZOrq3f/t9+W3i8/u37WTwKwnqYS7AiuVRb4Arr/rMuoIjRomahqyBan9srOFUddwXlFxwHcf+Go1Zxa5m/8YYzXpcx3W5STF29ivaIgiKQRBOHAUHo2OBRJTL1SR0+pE1Av+X1JOTu5PmDqjp4AxELW5LWZX8YY/UBHG93BIwwHUyalLAkL4/mIFquoZk71CaV1KtupBEnGtu29jn3I6pLDh6M+KA03X7x5+8N3L7749s3N58W9fAhNzbHGEr1R+MPPfpqaskQnYD3gUB1Vx8waRJxrQb5Q4272CN2L519b55PeoSf3hR9KdGGla5G0GitBH356q2M1OtQzLx6zMxzScWeYsNa/DPjRW2Yr8dVQ/Y2z0oE7+8LT1rRePrMhdzUUlRQX4r4zkf6iXrnXyU+LcxWsMO/ZyJLt+2AmeWmpEHM+P8wFOXijrSzWfV7IERa8kkoVMZpPWg/oCjOt6r1JqMbuNghudtXBmlLfk9JUgBIjgXp8gvVH7z9++qre564fefQbT83x1vvj6L/QFykKm6vSOb1BOrbRhJ42gEo8ENO+XChGFux6YnQXrYugRDfU4SSw1/O//rNbVlgyaATEfXIFo327mVi5cSnJmOqLfehs7Bk6whZF47e6RhPbOyZpDKnfzXimAxZ8FPp5OQXFD95//MP3bJHPtVgJrf8yo6Bnng2qnQYGVA3bZQGxofdxIGR0krmonqHyeYcPVlPJwPfNNHhDolZrbUEwb2VFl9VoJobFEDasfvprX3s2SrkglbuSJVuOXAIq52qgKszCSSFpKFIeVPCHZ2hCJ5uzKo1pjrH2KFimXQ25exlk8Tsf2FF4k8o4z8G36AioBv+Dt/d/yLbGtILRgVZj/4DAmnZKci2D2SA18uACkdoTwBMiQo33eSAEYfl4//3v/mKX4pJJyR5i2MnrrSx6cORf/f3f+5/+H3/gIIGGTeE8+dtRSF0NCT+5//hf/Dtf/dqv+VXjjHVhLo09v8gYNmBuUv2lX/3O97595RqMMEsNTQM2dPgfH65/7vNv/dK39XIVZNMcyqIu+HYVgItVHu/v3JuZ/lkovsd2DJEX7yKgMqPs5/h81THTF3/q20bVKL55lWMNiXj93/347id/6a+6gaGk5Z7g7eYPAwyVL5/f/wv/vOh3d0CT3c0902xrTk5Ih2R05VLQOGfmCezbH371nb/pV/9bf/4fevbVj1rjc95AdCJqwfipP8JSbmVNoZvrbJ76N7/07Mvf4ut1e8W6V92HuNLqJ4cFbnP7frUBUIeFHZ/VXMreT3/LaxMLKNf6t/JUB8xaPvI74v+/H/3Vf+qf/uzFlzUoc0zXs+jMTntx7cGzZ7/yq4+vrEOWH+71ZlsPuFzaSSmZ1OF+/+U0LbU8lpi/zTqb2hZ3OLJ2+VB+2VzHY3CunCK5enXzu7/9b3/9o3c8TzlKU+f4X7x0t/RXX/3szd/wK/+F/+af/3T3+0RXn6+pP86y2PDKxLqm0/OOxPQ8Fqfrajpnbux4fPZ3/+oP/6P/4V8y0LlwrRgCC+RxI3lel4aqbO2ej7kX1ozs3atgoYztktntt4unuqr8r7nVMuQDIXdc9K//9/5Xf/CH767e+LFBlPUkS0C0OiWnziRnE2ueXeonqMO1mhh/uarOmvvOZ+wXJATbj1sLkP6+hvatFz/3a99+vHPApKTDsVTnZjvs7BjYoUKyFaS/8jCfsb4OsmQqbmVA1jHn9MOyH+sf/js/uPGD3HIantZ3uhtMl2r7/v728y9e/d1/728666GzyrlxF6Y+Lz9IsoaR4lSrYGxFUbkaaL/aRl+6m2Gkhqzu4/74/e+8+e/+n979b/+Vhy9vmvk6HPL7dRYQPntz7TG7nq779e37//Tf8Wu/9eu/9NN3t2Q/2deA4pwYGQbU/9E/9e++fPVGOjKVc9TxBe0zFB7uAm4tL9wBPP6YKQtvFGVAZFmXqoh6tddrpaS1LaKjiqOCfdabVKPAvwM4nw0F/QrkjePsTm50Do4Vnlr1unOTd5/e/dLrj3/+H3l3/xO/AlD3dCYINd7nfizOb0m++Cs/+sk//X/97PXnZv+Oo4NXqI9ZYaEUtCECOgv6u8Aflqwb377GA1nfMWdyO0j2MTurWk0C0qZ0QqXRKDdJrjt8amoVT8QBE7n9vHRc1Jb45NgZkOBlJZrjw2yulgYdaN3A2RrSS8lqB2dG1r5IPb1qyGrVGsOCcLExqVQFvG8vnQsyomoToa5036s+zYCI4TqgAi0+GTWLnjZi3b/QLYOAraGD68u4xODv/vwvKzQi64d8TKeP4/Pnt2/fvn38YZPsMGXfQdS2rakkS2YPbajlWcJOs37uN8Rf+ol4lxagrw8n4plV0WYe1/d++8AtVA9ScN2QQQKmzJwvgq4pCWOzDnuL19x4YGi9ihtdZiXfPfGWFFkXsU5xrQc7DAKS+L244eJe9iEt/pfKowrdrnw9xRk9VWlPeN7wZeOI2dYxYECSvkoVY7BKM8GrxTTeqo60p/2oTtlcXl4SkD6aSuo8mcyE806xmGReulAtIJyHrsMyftaCg1YMULc9dzSTDsFUTm0VHWKHYC4VVBUGFDRtVRdgk72wNOigOAeQQexGqW5w3EnVVszqVpWnBW0TooDWpbCh8G3k2Kx9CIyfc4XaA629g9h+My08JmhYgao3T3p5R1xYnvwpq6Jecs5HXdQb5AlLOpPIDkImZUX8yytK5/gD0DbGzI5wyIre4tTsYxtPJYlMS+0ppnkskF2da309WItq9ZsrkNrBgK9kFDCWcAam2lTmrbmVw6NJflpUpT5MUaeXFSIvLDGCnT+SrBZ1xwC2EkxACJsU98qEXBHQuSTXeXW1RLOUM3Fo4EgJPp/bufgx96XGQYIOpxkxuxVSl8JmtCCVLkYdzPoImORNF9h4OT1iOklL6VG2WWyTiJ9bJXehjmus3Qv4/PnGUkw9YvyX37z64qWfpO1qdSph4kzX/LjgNv8Zoa4sT0rHJqUmd4HrCCEnp9BvdrpM4vZed5V3s3seYJ9lYQ9O7+npZjsdGQ3SoShD1jNFzAMnbULsLy/XxROHRlvAUz/pvThMC+84+dPjeiD2YEz3wXZCFKVpTMFzmIQh/qvXpm5Lda60papIy7gyaylmmsf+GiiYivMEwY/PPvvW5045fPjBD10n4fiothdvuRGgTLJTDkDttRQzMASf0UA+Pn7+4spVUh0oqsaPPdPwACdCnWgYEKKmX204G4Pb/Gg5Pcc0I3fVdUsFWPdIa5PDj1//9LPXbzo+dlW9TDWlzyTKWpGy/er2W89ffavJfk2Gt/kzJ+dUEMtw9EusAILjq8Gs5M0s/hVdS5g9DKemYjAxNYvVqRanZBocUVqpZtHNjSfhOAhrtf+L19efX109fPjhs4f3KssobqlHCYI1d5ooWtbfyd2sLq1Jg1xyU3H1ePuzn331B82od4NknsZchANbytZM7J9uhoeDOU+ri3C0few1x5/y0VFWtEvsBWBd19qalR5T9E9vTOw+/7yHFu2ipxK2LACIjdI9uMvYgqRCmfnv2Wk87uCp7phDTr94JOiuShz5vZ89hjVv53+0RAK0FpibZ2umJN1OXQK1JRL/LSZrufXNKLLuZMCul/PTZXIUIo7ew2RdbFK1R+7cvDEsacKyy+ycIroL0vGMg75G/nyjxktEEo25PVKhdANLbRyjmlYkzIrvXKjmGvlXH/xC+bOP37r+6HSk+bEbVGpBHx+v+80mA9j7L29eYP/JB1ewkeAW8C3gFMOUeECWdvn5Z84JyEJHCArzSy5IX0a0UTjaHQob8+GqTqbhwRfBIlRXFVV4JyaLqvzGOtRJHIuKKA/voc/F9b2SrGPYz569eOPQptu/rjsAcCuQS8Be+F1mSz3PPv30pz+9fn73ylNPAS35OSkv3Fw9u3v/6Ncurj/73MEtd/RjcPP0DMDeLGKwwCtZbJfpmTuwwUbQh88BVj7k9bjRcRe/DH/JirluK55YknY0TmxBORLz2BE9ce0cwU+eULkCvrcBXS3u9KlrlJWHNwVpKqP7nri2nSCJ4glMhGHm4fUPNk9Mx5XIDJkBE9zukuQkpzqvWZ4klO37GM20r9ulk81RRoA0Qy9tb9+Le3XJGOwjh2izDs253NScNiULcU90CXMnnXNCEoWqP9I1H90avxBV74v9VGVECvJeiMeyYb8YlyAwnoC1TlTJmmfUlKqm0HoXPtnMGR3V65DK0KYKGKpKSlHQ9MNTX9W7ExHVBWJeU1b9tlHUnzXEKTueOpTfsMQ24if21U/CpIaxqpSU032fSCwUUX8j8d8jlNacciSNiXsZG0OEKvouDzj6oLanrJrR4T8ai0S+j83HGR+U5Fa2wZTj46lqxqZpchGpTTXH1W13N9cJnq38e+oH6gCLnIfhT7ay01nU+C4mTJe6gdIzwDWtAK759H0KTUF6PAAdsMIHoMVdrPBdxEsJp4BKQ71q+bD1zgA34QrqVtHoCqlrVzePRCVTECs71jf6wkrLMoTGmpoVyJImGgNHqTukYJT5WWcWcGk5uY6N3pOIRnWZr562+Xig2ZFzJyr/xEBH7hoxMas+BVw5bNk8MIeyFaxCwhtpDEoifdUKEp4MktGUJYStPfjOdUnjkpr8EGM62CIebVUkwZ3oEiUGO4yBaZcBKODgVUWd6idnXMbIYCxwJ15rdRcamkKbABpj5VNijAwzdTs10KqXGBQEwox2YbXbOqvRfjGdDwgq000mmgHb4l+oiTeFcZeZiwC6b0nQTErrNdyVyBgSu2lZ32ad0czwuis5mrU0wJXwMMUm+QghbXLLxCyu6ym/MqNMZHu5R32BrXTTvkb9erW9VtzZJ3z1XBXywVyCZ11m3V05USaaJ7IzdfyhScWAaL5yUZwbDQmL4ZJLtc2y/Tz6UM+rsr6T+iMzZ9KdBHR20k4zuemHJvkOdK3ZWeZ394Nl/7uXHz+43XbZnMF8u6wKxnwyP6Qhv4CnuFMyu1yQMu0pb2pHBRHgaSIOCIdRO1mRYfXax1UOuMzqEZq254uSSSPrcrJAbmEebQ5jurJkboJZFhWOGm3mOLPosKGmRz7ORqMSIz/Y69LjDnlyStNWJjCQqpIgRZoA5nUv9BPd7Da7kXXbgQu9OtJI+8R2B6Q22sIIqTqyZw+e+C6vcg4rkGYYZDqu6eIxx52sSS/BHIddzgyyR3s6cOXpjy70Iw/oMmF+aHKdsWAKdGlChP6NqeSThU7llMWHONo+ffFooXcacRxzI+0ZojEcoYWG/f28WoeFUnFCgT0tXfgSH6ThTVVZFcxyETnbXb1pvtONS2STQjeo0yWVgLTr07g8YT7OXF58Mq4O/mRydj4t7hwnkKKQJ2fUnCcBQl/IBJZZ1DlaXmtUFbxcw6TCtnlNOgJRDEDMlIjKDVtCkZh56YC1vdTMCuaknFGtAxCO26Pu3Wlkp3O0ZskuMXIaZO5/88aqQfe8W7ZwqIjlBN/jcGeKOFplyqW6JphYApFSLSJ0AzITF3e7HYctCvTBk3215WjK6nDnvRgzrhD6L2D20cT0tL2aitXFH8HSCoi8Fa5558Sdg27ePHtxU9a8tChTV8ntaBw2764Z3AJmATFPz97OzHOLEyCcW8DQ96OWzN11iSllg6rTIsOdV5lyGk7YbOcj0lc2wCFm4KybyRlQIva9TxIztr3RqlsvsP42PfOQ2uPas2KlTEXeEoTwks2xkTQHTWMy2Vhd8+ShqCx9/qL3TeXyI2J1h6vSJ0qRCc+TCSOzc3F4Gc31E6Xs2DVXjC056cwtDQZL4fTIujRsLW6OfSo5YCYy3uNx+o7BF71H3RHN12XmkTfD+ijJOCPwYkF5/YmQDnnURp+ap5Jo5o1JLZfzymjzUvPSw0jaKpOmaCZVSZbI17V7VZem0mlXzVlLymAcrNHZScq2E3qs4906wY9GTbAw9wqbvzlP6fxGSOoOweVzKg/wQ4vlyBj2+ovwTNAlOAnQC5ziUCwhBnAa280lf1JTPBeGi7DtjvLAZFs1vJF95eopVzT/Rrq+7EkwgiNR9ToC9PXfcKs5wibPMMlvfCytm7WcvnJ9VIz1b1UZxovV9mm/wOl7ffusnNhIjaqNHDlnWXBwr0PPiPiXoxt8M2UZto4fQ1Gw9oTmrLNFnijge1zeUiatS43dApu4MEXDuqb7zVe2CJVRTadCzKCAere3D35bwkCglAoVqS5vG3U2ZqiwXSbq0DeDiWnJlg/7Z0JzxFA4FEF9/K7ccLRH5unyc81etOS4MCxjm0XOcWytH6w60hwT2jYJDN5aQOVtRlZJkucghCUHN9RZJb7i6A530r/5G95TdYAnzaum6z+/8/zC0IUkAx2OWPx3tVRxqV9aUKnI/4M83W3mE74s+LOmLdlGnIoDkJnNd+tJT4GK4Ee2GSHarvXYk7wjChpxJvDI0JSCzpIIjbRrQEl2F5n1C2COEDpZ0chab1SX1IIyzDrMdfdGWeUWcUkThwmfW5qJN4ngEMJdmqwfMp6l8BIHysOpPM5TatcLhEuE4Gm2N4t9LPNzZ5vemm1uG/U4eYgn80YkJZxKJB3GVGRTwEFYj6OgGTaKceTKDhTLGUk/bLM0VTH3mfMWDJsHZ8J4r+tjmldwzsPtx3u/PYawvOaYQpkuN/Fkzxy9BDjyEmS3qd60Itrye97oDHauJqCxGQYAvMkp9j6X9fXDcx31J2M2UYioEXZ2Ny8TPp5oGi84HhmwOaatTkvi14E4ANgByGnCp/NQA0cA2cjQzjWeswF5JOkhq0uvTXqgS5ibwDbB6arOHs3JxK5kqXn4p9NZn0ZAMJpb5y3e466Ni8RmM8F5cOi4H4BK1EnRngNfByVrwSdQrnXpyDKqzm0B0IAGLpB0Jj03j8y3vbxJRem419FSY32aYMXGOATuptBDUpfraxtKZE853peupOZhvuqG7HN9nfBfmdO3jCZep8th7MAAYaODp+WULTWd/Qmy82bXtWUqovZcoR4I2zS9Y2/+LQ04NLgZN3QU1agDfkzbFCRSBTNiW9SQg8L8AXEnYXa5/8kiiRrSuev4u/uImNUBSXpqTXVupykcXapgh6tMT1e5irQAJukIksllCoNLpmjGBN9Jbm4zBPodN6o82McTnvyIx4d3ty4O9LAyj7/yGFCbbjHSRen3hUAPVK/bTIjYwkDdtavq+4YlUMVpEGqMOcMEqMSYjcHzh07oxjTk8cZUKx9vpSvy2Xwgpupybf+jYxjqpXP7Mbg4KgxJql+56nlHAuvHSR48qiqlLgiiuYdG+WE7DgBdAzPhdxbND41fu7bJEIjVw4RU9IJ+LqSeksH2malgVXRQBbGdIRQ5XU8UmTKCWWarHjjm+qEZO4+onXmTov7sFvh6zRXk2ov5ZVJQKlgyzg/tpNj3GRGpmY9Mi+oeRz5E6idzpBOzrQzyn8TmWvmh7eTlu9lSG1At2YhocaDk2twrojAOQZwYDxpSlbd7aWNilUSOkduxnXe9NY7Ia+GHH540j0MFQA2hJfbhzOTkXwgu0o7qhs5U20M0GVNVoEqrenuYGk07oV1DWbQGe4rDknAVKek1fPUSyVNTQk1J2upBVWRGY5zeu8PBDTd5oCaBgKKIBo5mUVJXTc5nWCctUuzF1PXiAB/8KQ1ke8fFg4h0IFcawSRWeKRPWtbMrUvaLn+os001pWVqMZmgKI/Rscx9qy8ykVz8EEryt0jSViLSRHCblGdqEZox+0C0iiE+otM1zBN3ZCBb9iYtvkQCuXFsSZc/8rFx1nXSNHFn3VOk6c7Qymxze98UYz8dN1GbZUXvfTrcxUfFWqYuW504Va2s/jZhlRaSS4brGbt0hLS4a/U9XNGImP56X0h0LVia0KELfB4JTrqSltBzat0QRcgWbNQFIRzb8tUSxXZxk1P/FfNKQ0CJRb/OUWwqaqgW0G6+lI4pko1rEnaRDxqACWl4YwlZlR9Q852dvLp8a/o1uI3E8w1OHHl1wmIEOE1rYUFuz1+jaBuKTqKsgHN6CmJ2ch9sTUsqyCgbNtmXdBsOUlhhiu3ah4ak8GFJl1ofyM+gNJBqxj08keb8CbJzCWfdyaWqwjbnzCE9LW6y1BC9xkzmp+ackyS7hx29ObABcldgNGzDLPnMepuKIe8eSneMg8lkjs5E/zUnz5nhJ3MOxrl56IPHgTYJdDdRU0pXXxuBOQdxj1+pV3FD53ySJ4k8kzIl0OsdlXkdS7OpaHhkkCOHJSeyRr4mcP4DGo24FaHszANLU33Xkr6Zpq7tOEsr2wSVzDgfnVgH37RQUhFRYZ1rB2gtH1ttPIlaP8Dt4mzSigFd6KdzquOiQmCLQnmyhgAEqTuuwK0QcEc4HqPU8zyA9Q8QDJxJUEK1gToqGya+S6nsjJl019qbJd9bHAzFAU9jkhpeyoGlt93aSTM2+juQzG8lTuNvF3HZEzRkO5nKpVN5EoqNxYJ48/f8mmG1shbi5HGZ62igdeD5mGMyPAk8lEXN/gGu6UYPFdNCnMaSNTe6YKFe25Qmp8gNUOmZKXT5RuJqJmpfvXJRh67SKSa9hCu5yTMjYmRyQtvVUKlr9WCrCYYFnjcc+e4qCFpUrEPoaDTpzVCJ79Agj9ueJQdiVQUN7tmWFSnYOI+kXVw8M7MiXyAJPnFJjAlqImbLEiU9VQgEQ9yE+uqG9tazi1tSgc+sEi5PVYxasTIaIbDpT1PybJvIcka+MlVCHVit3WVyZIpF+ZyUzg439Y2gXq/C6SOXz/mWh2qqiSrqA9ABntBnVL7ZhCFBRamG1RiZX/opPNJLufzhuModOmEiirdtMaEZ1yoDbKdmFh5fUVLfMwzyeqz1DdKMKisRdy09oNd2HruyJ3n3rlkOkkOdx3fvPKf4yrlKjDzzcOdukYaOjtxzI6Gnd17qdf1r5YihZxk5wYsyxd59z1GZv4L589T6nEEjStCcNauEq+xSeDE75yHoxQVHbdXFM75KuABRB07pyv0i7dBOj9oVU13P15HqQw8C6dFcDgkeH9+89MxQazTdiLQoezpCrQC/9qF8zb6cSTV15AzFsY0yjqdICpVyGoudWTbqmRjKk8ECBlWRin4WVucvrllYNC7mtF9NuCo84Z2jBiE4OaYEyuhRLxLFJyRxK174kobifNkazIlNY0QZUzV18i3iQ59HqzgCaRtlmbVu7OBeu925D4z48B9X5cqDJ+RemUHRHLq91ICIzH81MdjyqmXmSF9He3uo1HZyDgAAIABJREFUKzbyDDiuQcI6r+IkXOvtr7hdZs7HuAnEoDcQAGnBcV5GEjV5VOuuZ8gf6QyOvcSks7eXokaBegu9dMCTiKimiHyCCvUgpkeGoa8+fWdr5mowuULVdqEiNig+szu/V3A0ryB9Co639uXj1B/XJW0iJwbay+43Us5+9wJeDJrR7aT2sFZ3aldi5+CEfcXDGGn7w2yDbZm/sshmAc9gamdGtpkeO0mu9FRW1E7d9JOMxX4iG6wytlmBXi9nj7jmVEYIVuC98nDKk6FdK6+gj1m0okVJqhditCc4BfugN+Ga1QWM4TUwL18JXUBaVpsWCBMfuCYviUOHsoabXFBbkUR1mSGsNfXMh0AhZ073R2olkIepMXV9NhQZqZRb55hQ4VnjSr5CKbg+AsAQdTyb1wYp4magIpTWqQsanY38dCcC+HqxXBZhKPpTq0Q58PU024kih/UXkdaS+NEom1Nqh+uPeM6M/vCldiHIf0lMAx2Nfvm3zbNooiL3L6dEJLR1b83C0pn6TjkXdq0vS+u7pUTqCZrxYbNJC9de5rHTt4+idS4sZzwcycTQHxFpoXWumbMOVqILQlIbYjYoKxK8o2yTEJxxF7+Ow4zwO0ZNgnXKiYB7K0y6sK75cQv5EsChQj855XEcBh0PFPPcJFc6JwiXFVg45ZX1zjroJgoZFtbU62J6ZDpd5oDdebBkLw87MYDKVhdKg+GjeY9JpfIVqMOroomA8MwXc0RnBDKaShsCxzS+B2gnWxy84V0s+inT43zQQO3K/01EiHSwtpaVl82h98pHC1RqvaauQnDZOWDDzQG5sWCMEYlwzSuV14Cltnom55XuBvbgf6JU1wKPJ9Y9VESfzO+GjCq88t166mwfAvE9nlBcfkOdzoTX1OzmrlOTcxOQ7ZhLkGQ0fRZ/U6ca3kpqYGxVp+8wT7GhqmsCl08+O3SLtaZ5/nnMRj6mOFEZ1FoQc+hrWS8Ca5VYk5mbkHX9TVAd/6jv+vJaNUmuNrvyI685HGm45mlqeWPa21dlu35vkYByXq3pR9iM+VyXPgE1IDPFDnS2WnpoEJK6EBS43LVmnpIprhpnigpj/WTyV88ThSJjSruRwoV0ZACUuAFVn3FkdVCRYB0C9L2PMCDSwHiSmgI6nGYbY+pdm+ZqdyVxQpD6GSxz5Bj8oGhqDkhyx7exbFmHXZVqNS1Dsa/UA7IQBZddDgjCIg+86yqaMHRyr1p7DfezuValH4tcuw5L+aa2Di4MCLL4SWeVuouOuqohJ/BTP/L1ixXpbFeBl9EOA9d5ugAA/vm87qjUS5urCsuQuzuHIn5tAw6YyXAkD8Pyk8LaWqhzc1mHzFaeoLogDcslnus35oynuuxBM5XFbE0AS0LHXGUi1kcTnUhg54BSv7oKyg6VudpuOdFIm11FXzY6KvQpQXS+DPOD3lxr3uMqn6JphzPA1oQ8+cdjTj2sedf4LjkIrzvq4HZOTj9kYGbvgToAlQ+kstUEaSjHomx4A5jMWn3WBGFUFVExz2WO0KcpHdGjzLpp93GG1GxUXx3GpUXy25icHJneUiKHHFF9rhxpvbKGEMmFEs/YRzS9yGCcZoVgacbp811+JiuEhXCb6bYrQRZAcu35q7cdadwHbAwTZQNFsTtJlIx2j+CAzzmzQGFuqgOtmSR7DeDQr1MPR923gbXMrgeKMq35lpjqszRJ528taLb5qO35Py88DfUh81oYVkQOxcmrYbehees8wpYSdver1TN1+xOXN8KbKB8bBeRz4+VhTNxUhW9t7iBpt/6r5E7BNCZl23yRsy4pUlH6yw//l0Yy4ievxvgnLwGK6GKyr/FfvpFN9MUBFwGTH0O40OPwf8DUPpMQgGqXKkGzxzkSp8a90AfSn8q25pVJnLhcty4ZB4rpSS+3NAanghJu0QVhbaheB2rWtEy6ZCS+AhXY6GHQox1XxuylOPn+omq3fOV8m2lBUXun1t/MsI93B3Wm39WryY7m+onIzvp4RAWx/hLLsoGjk5MNBo1Oqoad9h2sUterrpiY+SE7VOcxWZ2/NgAfnHmoIYCcPCT/Ygpdr3Uws9FDDnJaovovMF4LT7vrik3gGgiAy+PIuCGnZM0kBmkVC6C8r6nUVYUqBwQyFRkqDTpuUuulNI8maAhaLY9yotlgmBmDKcQO5PS5a9txEls80/Lko3xmJ1AbyUdRG18aU4QatKLgg3/Mp1TSmNTCNJrwbJeRya9NFp7G7AxZB1kxgQ2jihKSm86iYDCaeOQnxlgnZ3PTMh2OsylbDNzBKnHAFuUZ7cNyKYFC6u0HmDjedWOGZFivXvWURo/9uXGM2A/S9PjFK2Bi6x9+y1SdST6pbWMLGOVH2YSohkNyYe4Lr+OQ3d5n6t9pohZBk5cLq25eHisgMRd2UJSvYyii/i1kbvY/xxWORHPpGljQarFFJaUZnnDNxCxlx2qObDv4IBjVRmoslLfGX4SGlcRaVglQk+GhXLBWkO0xQGIpNkzzxjQrB6B5o9snBprgCQSyeQ5bSEHkO9sodeN1e2NI1soTI5Sn2dmYS40BJWy9fDLH54OKnea3mYaER5QlwhOVwdp+LwddOYiEzfLOfLxeDxyf6VTWA6rKNV4qofNvbRp4DmI4umVRDq7ttVMI1EOgoFNPbq/GWtekIFDumXA5zS5nEHqRB3BhO14LcyqSXoiXGtgqkC1l1ZpWHsgqSPLBZGCb5/LK5rVbmMtvqOscMuJYUGL2j3kdTkLBCF4V6BiYicfCKAt2bXgN7AKxyASAZI5z2ZMrlJZljo4r71XdvnijHXtPJeGtk8PrZpIumesS7zuL7c6cMlnPRGm/t/3xbid5AGSqz4DlmzpIWGpoNd9eapTVCVPF22U+ObtdrIMDHPVALs8T/DAJrylo4c1KLURw1kMWbyUYVk1pbrOj9NiBvwy3rybd+YNwL5Kb8qTqYnRb83FC9C9+BfXRjR9Xjnn85GDTX92Q+3U2WfH7X9YOEPSsVRKcR/P0z50i0BMRXvJQUNS8WD2HhB9ejuU/qVIEm5KM6iBZtpf7XlEg4Z9URJ5xs2CmnM0qV1/VbGceUNmzsW6hTkBFvogpHKi62K40dpQOVr/F56yOxfzOf9RknP/Agci5S89jfbmHb0mzSqwF6/9BhEkX3ZVyEiWLxLR5JLXFnlaFe1NZ/SmxZeOSb0HLSfkjejHFYyt7EyXiScqAOu9454pysLYz0ZWXgAmY3pONihGQOw2HJHTzQa5XnV4vWlI7ee0rTlMNK5VPX7YP/IRSEuGw8Ux0c94pT8g3xLaTfpzPj7krst4UzSImt50bkkRU9XHquOaF6idnniGv2sMyP4TkielC6asMHNAhGkV62EzJ9C31klNIfZ4kTRJgw42YCO3X55OYBNtN9OmlktnLbnXHacTCTkO7S5W46lice1pw5oplbLwT4LMNds8p7a0HJbVu4/xHAj/EXV1JZhethUbcyoS2/Z+PWObs4/O57tROyIVQ8Xye8mS7DmBa7MxTyKrPGBujOpzq/Y+jUu8A8J7PUSsErpWNJ0gssee17qCNWE4tze2f94qIScVsqGIG5vdc3V59ySRgqg8z397zETTIxcKcphshTaHqFEtEeNdLGDp48aIFd4i68j/JOTYwyMnf5mA1mw93LhWANDeVASUOLyXoG6UvdU1T1je0FlX6U3pIi21T0C7IURam+bbQNtMiiArNve/Wjw5fWr1QF/UG4Pwea1st+QOxDK26ukOEQC6hCuQR2zXoZiGb/KReR9YCnpel4shb21u4bENYc10LnpGF4vylwWu6MuRiBpb+Uocij83MRe64GYf+jHWx+G8yrl+Guha4tND3JtE7L+yKFiJ5w76YcmBP6W5anRMWDThdbFOImiXSWcB8zhOhsOHIUAku5tkN04mjDOipF4GuV2hGEG/s+BZJDBvtlNfgVF6mOU2x2FIPTVjrEFVpnhf35KQ5TS9AWvO5T0Z3j9HgeIv95cwcfjpzkEyLDcGy7qNfnb2+ftnP7QDVkOxCFYAM0cU401plb9NoEc0QnzjTBbhCEpeMWQcoaPktlbqS+QFbnKd5QXtxWrm3VlG1pbM8yHEBnMDCYXfn0/0ycdEtb/JtGdpxqKA1v62oMwRmzcQ48dCxR84uVw/q2kW/KoqfKXXAiT/z6ICICTQC2HmaamPs0ojAs7Xkr/WvFWS7/QI5ytnWISZ1ii8CCI3mWOSTZdXKKZe4mEjaLphgaMYql+TRC396SiYKde4HXo8fAyMFVemmll4Khn0DLL4yZKGqx6/r2QFp+OPEpj5z4OAopeR3ceY2Ej93HKPbbL4cd+9jGRWHrClM2Qq9S2NK+5K2O6YfnSSQY/cuAtHE2TrTC3cYFgOm1SrXLnLDKg4kVqwxKsr3fYG8wBy3jPbAaFWr5DySEcm8pEToVcRYwY39GC1lWbTKsETqdUAtBdpDcRq6nXAXj0UkGGze7deKq1wXVwiZOGmUSKN6xYVKLIYk+PXq64I6vda6cP1SbVtT0WrwfHr14Lk5MWBmX9eFDDy+ELh4L73potpMMpUFsn6BzJf9yN/r102Qm3Sq5Ehdx+QJxHwJYNC0+sKfi2rFTUbLBnsULSB1CCvDR4J/1JSzrT9bGykWHzqqkAXzkTSINmIX+aDw8yJ5v9Eg+cApvGsJ3LTZI2lbxlCnvNsA7l1xaAwLGDt5zpFDXtUTsqruXV6rTnWCbPkbvllTMc5gS7AL8rWH2mzhOpW25pJ4RwzwZKY4CUpJrwhlxJD6SnbtwkDHdUw2bFxd92Pdn1zhoyE4/nrlx4LAluR6FVvpmJOyhQfuXY3XyVVe9It+OhcipdaLm27LrHspXfSE7kBqvBbp7JDYePYaxuEs20KYETbx9krfsW8MxxlrKJUi9Jq1yC6HcPNO8tUcASVLMqOetIFQV59VgpWKYqJuEehDYXhrW2nJ2WVFx6wHVhE5r7wZ1bHAJnuWZ6Xo/E79UT1rnugviA7GLJ2clJzObY42ONB/ccLpq48snssoqtN17Auo7eAkvFIjNpqwTgbpMFVd5zTagnL5azCUmcibFk7IiVRdBM7JPFy5W2T5A9lcbrxbkz62g9JgkNmDdAHFe7XZC7oRhJecYbk0vIs59UdH/GJRHz1nzZzLx0AGwf6cMYxzxAJ1XDSCmJdYl0BxRNh8lIAH04VwaOfaORJZYqe9Yaa96Feeg5FO6CF88n8kx20+TyCSES8JNbnL6+yDsWwJVhOqqr0rq2SvESg+iuRgZBeZiLig5CPh/EXYWx7U45w+saZcdY3cZKlLJ4mrYysVEKmdFBqnWMxImZb66nSPctnWfqhOWqXJ31RGaKPqJVu8vdZlQ1oeR5l47kCFzF4SuvCDCy6pOQ80I9icjPpzGLj0yvq8mYcImIb02p/4yrVdJkd0sPIDX2v+0xeOGnhGYWpqWU9XETfUu/MUCSc85q3Zh+NiV13CJSNqOgMzFMsPiykQDEQaT0XYhjqU8yZsjI0QltybId1mVytfPAKZnuZ36KaR0ZqE1RdUGksOTLTFb321i5bdlqd/JyQvH10gGr+01TZOv3e8l9rJFw76C/dBDdklYike8mEocLyl8pQtiukJu5G40gtmoTx9fi5ezOluKEfDzYujGg1CQsLthLveGLMsuOrxPltJcrPiK6twXc2ud7p/vJMizhiUWwarB+v9L/0A0nuDdOez8oz+3TFuQA3Wnx6t4AmH0OPhk6b4g5hRBYtKs1rQGZVUri9PvPiCDwtfgrACFlddh7e0NPl/cNzCd0n3g0U1A3Okk8KJws5vm4di4jVLv7khfyB74ZY6+hzq3FI2J5V0AWuXMTT6fYaCRHWZVoT8BReWvJnPJi4/NycbQUbCw5bulfzoJ4ikhccuvVqDzD8n4U7Gx7NU8EWFV4KTnEtEnJcIDw5lnHGGgDmiBoNovdJgX9ibPw4MGKk7KRdexNQEBE3NI4/Z0gopstRaoy8oxTGnAoMtrvLHygR5aCwOgzhpO9gAb75oTCqypBiwSKg1K6E0ioTl/rGq6kn9LmYxheu3Cl0Atu0O3JoPFYRe4R/qCSEj35bbB880tJchlXMVjsi6lSKji98CJoHnSkZndxYM98ibCcTrfQCfS4jrt9RwRWmaG+jKwewpmmTvQLt9msR+OkkJOEWskIoFr+P8crCSJ/YqgIHEhx2SsVWY1d2T40cqpHtXgHjapoEloQGluj2R3MmUbAnPQtu0V2X543o8LJ0vCtfhzHdN4MTn1YPm3w+Qr9El/34nvtBD1EX0jg0c6ZWB+O0dx02cDPFzEjRn53IubCH3seJg2i3XCmXpMRcslbusmS8YcjnZuF9ikWU770GknsdVMfWhfrWOeRxRWibeb1u/fXh4c/3y0c9a+9VczzXQVwlFV6b5m8+pKmNNnzrXx//NvoeLFSUtWAfccWrJH+DA993HAolSCPMuyZWWZdWla/lV7BjK0+iYW33EI1FckA10pXS/ryS5rx1r+3FqBXoHkV0WJcvrpfuSPr38ugcxv7jf+b8EoXU2qZZpU+8pOhlVG6o9h7vdgTrAksXnB4zPsjjcsz169UleYfb2T02BbnP5VCIoUFS47KQAB4qJWOuvPm1HLx/EGgfpKY0e1/Ge7fU+B9lEoSQczRjtlMtDm9bYe1ECiwLDSqTeUzjIynXodVMTXx8VbQCSdRHcgceSd/IuUkdX+56hCr/BMatXMOhhyaAoghXDZNjEs5L26zX4LbsHIe8EZKxttldnkREVjoAsXVh/kUeUdBs807Jw4suPxbi+OgcsUjN95fUP8TS44yv/uSt328gaIvvbXuqPseBQlsvSoXw5HpZ8m8wh0XkdzhgDp6avXPpENfhpmrSqUMUdhqP+wpSWVoEyN0HDgCbKinbnmtpBjiKSrA61fvIiccTxIpiQi4TtVjgL5oIjYfUQH1sqGyO6dVEHzcLM8ZM4ihHmwelqItrOKHzYXttd8nG4JRX7D6aH3f8bat14CZoA+bFEXiQaHjIKeSDpmuCzOaw5YBCOV7aXT8lKfVLqW4WgTUW1ep9l1QSoWU7ZMYIly2ejLGpXlDoRiWs9RX2DfqoOT/q2Amq6Z9ZoSW6Yc3v9AfxNEPQ4pKXlvGw11syQlaRq12E3b/MnnYDQdUVYU/Qcc/w9UNr0o01YGpzASz4XgkjhTGAVZKcgHMaD6Z7RmVxjWrN7wrSy08lvgoc3oY3C+SBu74KneE2xfTVPoVVMeo4tRp1SYV2xD62uuCvaG5paxCkUsOe6l37MKJEtp6ocdXIrolm4cifnzUHl2cCnVUmuHbBth2isbK9pbu/SFRav6piVMYsH/xd5CkQHwiKdyIrQw3Jmuxqz0+meueeMuiWlLucXE5cruLPQsPTp2siE+9lLT9EopK7jmaOoevn+4ePXfgro+c3NzdX9B/N4VudSC3GUW60Updkg1RdKYqxjmQxX6wp1k3NTbLOTTVXYmWGiv3bFGj885XGlLoT16+W7XJynwBZ0bi5zLYY9fHRPoNFdc8vTfdVHAnKEbtYncl5z09y9DJwjzDRf3eYohwcLXFEvIgzEJGv2FbZ2g5f7BJjAuVS74IuNO6VrjxadkyN/ce/h9/0462unJArqHmQ+0TWvzC3ja49HrdCmhOUEurfSTwd+YW7HgXyV8QsxAxGsOSeixIpxiZT5y+HJqZR34S0QCf/jPkcpLul7f+/5Ip71LklhMU+q5+jSnGj92uiVn4tZYz0X5Da5oYp6x412zkFWmLIelDkPvmJkwbKlrY1z5SQjmt2yqMT0+8ov7+9v7h5ffvbmM1o7/nAZx64kc9O2h+VcXb0BnCcv7mLBRGRLbsny6vehRSc+XyorT/KJjevPPUKFU8tOWMq+OMNoztWvWPCtV4sgs6zR0oTXSnrtmQexpSi1HdIQuwjYb1aIpLXwpsmRyvZs5US/h3HtCg4PfdF7ZoIZoCYQKqrDHWBoCg/lFxWMCmeKJSX6rh9lSw2q449yOfB++unm9e3V507GtFST6rU0pJ2Tqq+YK055Co8LSuqaqcUo806H+C/0AAw3v8iQnry3xuwW28cPPQAYwG4ooSXIqYL148dX135j++PDhzuXAepR9khz5oQCzfw/ixb3pf24ySmMJOTtQtAVWR2QyL3nbhXpJ0ce/YiyywsdIHx19/wzGDcn0Vfki2Y+L9++fXb/7P761dV3Prv+yjMJnj2/ub764LbZCb17uH99/ZrND/edHvF/+gjhI78+Wv7ko0JRIuFv15ePyuxWZmtkBeAEqNBVXNbYQpI/65Ew+E7+2Rxdhkd+FLbNzNs7V/g743X1/tGTjToCI0sQJCFn1hKf++WCh/dS1dbzFx8e7q/9TnkpQFwjzf3tp2evrfMX6X7uWUXRljX5FQ4lgIS+L5+DyYrww6C2xlE4B+rSlGZAXolpO2jnIIHlF3xJT2KiZ/XG22JasQ//U5nm3DGOahMKft/bSbuimkvJnhEJqImURrEogTJ1e1U0w2bF1OC6VG4rDAoIWPEYLkwTfognuqgN05Psvg9DMsp43zQFtxpN/7TWhKRk/7brmn212wbeoxJ/7ghY5CtskBptUdCSVOgxOsOOCHXqVj63oKwr60K4KUk63BqeuE3OPmdKqNKTpp691rjYjWbJnOi+121SjVLKHf0wpHYCk336vIDgdfzNaIzzCKyWa57m3gV3+nzMRKBWUGFmBvX00sf4S+lglhypjOUEItbMuXjLd53RofFdzUW67afNohQonPEmz9dFUrKO3yuZ6L4ZtPG3wkN9ZPvMF6GphgqNigQ0tgN8yKlY6dpDOgZm9cMireumuPnxt75/9Td+77oTlHWiPbBLJJPeqyjMh1SGo8ZxVKsM+f4uloUgcMV/qIYxt4TmWL8BHu/gETCOxly0cdUqXI36zevlDz48+90fu84YKk5cr4DMmqPu2JnWZx9/5cvXv/ktPxBq6HH56dYrthiUI/wJOMi9QAtLXUqK17krmhV9DC2SLMzc3HD76eVf+v0Wkek3sPKZ1mHaZ7gUI2POd14//zPfuzFLMWOos6sJ5oT0zefkc6L9g0JhdQfJNy6M8mRFeRIBmFwWuL3QX8orC+pg1znmQf8XvUzrMLxVPYFU/fIv/vD2g5lC8dshun7ecHXfgzXZ+sXNsz/9c347y/hlUucS1WYPhM1Fx4JcNI0H4bYPmFnBkUEssIBcgv/N0HNgExDI7uXNUOjrVZpwXr/79OJf+v++veq5my3KenExjNn/yU/BXv9bv/s7P3t/Z6ztnPLjJ1f237x5LVVJ+P0fvvtz/+Cv/A//8T/94z+67xJVc8E6ppcu0jBOdcbk08c31t09mKOV4Q49pEzTvhcuS9BBuautKW6/VdShhct1leoayyUw+fDdD969++FXOWLPFFn2bJZiDFyW/+BHdz/96R1RXAQ2LzR0SZJPz975AaAXn/6Rf+Iff/2FHwV6b8bB6I61IpVf41mDWAQX085be7nwiX3Gzuc3v/Sj7775N1xtVR+Hv0ui8hEVuJYmZUPj1BYW5968XiPE8uz6q3/rr3jmP496PDKBO4OvvNy5efn649t3X/8//t+OqITfoWIBKJ1wEyEmCwU3FTV4Vky3tvbRFOdnb/70s1/5lT9NFLtjXlhrO20t1TVbvKV9cAKVKSnBst2SafSVNnnAatOri62f/+EP/HBbd1KafBPpiSvXLz/KBcsVJpA/+r3fSYFVjA61a+2gyPAOC58/+/4v/8Kv/vpvLOh5o1llE6wNMtz84sVf/Wt/+cc/+mndBo0my7yqXSwINH74+OHb3//F3/zNX4fTRdGS1Oznw605Hg/0I8evvtwj0otMj67JkDL7eGEu2WYltYF8MMOy9Jh59cUvfvzs51TUH+nE8k60ShD7dbCPf/D/+fT17zXLdSGGPij38MWSSUzvnn/9l/+dFy60nxPPuEnFHF1vuhFC3HQsS7X1kMR3WZxjn88+//6v/9wrp5sOwFyODltzHGUDCVSwA+TTlzTa7NjV7i++/4vPv/W5i75FXz+O1BG7n1BG2OH69//m61/7OzZR3IpKzObM5Cdi58+U8MYyI/laRRXNFsXxxZd/4Z/7537yl/71N69N5TsAYL4RKjCd+dRYP/7l3/6xcYvCDl0clXWHQDJESJv4+e+9+YXvvnYNEhb5k/4yMAezkZiFK/Ni2hy8Y6F6Q2bKphdf/NwXeoyytYTpsj7dQg568fLr27t/7D/za//oP/Sp6/0tcrsZWoBEiXS8nz5+9sWrf/J/8gc/+Mn98ysP0Px4/frq1rLEw/2b19f6AWCcgvsP/S1/+vOuMOvpZ5IsgHl/UYCZJcC2oaJN1ZUdJx1L7J/6nLqaiHJARkUZr9D6Xm99fLAgxKouFTZHWeft6Nlq4PtPn97+5//c11++fvmhIbiQfHp2e88bFlpePpgR/vjhB/+bf62rE7nkqvM/r95cWU/UD957QpZw+aGRrrlMuEZsQkk38XydtPbtBRfJYEWpuhJJxqk4Ov6aqZF5ZU8ZDel21MFfzJKyz8sHSahkm3BU5JUgckiw81QxwZy9QlUj9hlxLDmYSrCq6bN5QnImK1v2mpwMSWuQDrmtWOI8gBEnpAOphfcCpC4xJSnM8MmcMPRHVF3Uomo/Eq+sP/46+O32elKVhiNq5Tx6NOC7ZH38/k8kSt1enF/xT37w16V3k/XzdGC0er96IX/P3//kB7c//uHLPQaKSgqauaZgKgvQvB2e4Z/fDvRZqW1ZRvL8Ayeit2QzSt00s5zpv31+9846k5mLZOIaL4kz1TWR589dGvjtZ07xkeGVyfmw4X5GlxPHNVUsAquoD9k+gb7Hn59sNoLQsNr59UKQmGnoS/LVcwDZJUBoKyEgSdgrmDBf+WJ/bSsd9WFK3Sj15i1IlM59jj1h24giVX/ie4q7xUrtAAAgAElEQVQoqGwS0qb3Hcbimouy3ZdPUH2CVY1XcxkZKRYi+cX1py/evHjsOcTd2mvYM7pcHEpeviBnTjkWVnB8koJexwOXUugPS+7IBnsUh63FgJAk8Qm22k4CCe7mTceXAt5qXeot3WZV5rQolzAiCJ0jAf7e60+/8JlRm//qUhsZO+2YyEipCwIBAdNNcXEwVqhi34N0/DO1XOfRZTrzHoC8rmqLZjlvKagJCJXNZ5+/+vjta8pbjxxICY/V5sWFAQpw/t9gMw8wkG7ao5xb55kOMYalYiwFbs3xYsg35hysMyuGJdh02Em0XiJJmff61Yv3d0kyZHETSfW63NHFms+/df3pey1i0lcypNZe3W79TCAE9+JHlf7qeQvtmGbYNs/WBOWJkdk7LzJbuzx8tB+FLhf9ZEIP0qwewIthrYPB0zQgFH6O14X8zz5e31z7bcn3b99ZbfLjSTcvr3/+849ffiFSn1uHN59pTvbq5b05hjWrV1cey/f+nR+8/VIQH+7eG2INU6wEkOT6WhMJThfWDvCMzWWO6OcjUzp+KHhzyhhKxbi7ekf3LQ3u3j3eft28DJVyoWeCkwe3zU5NhF72HJCrZ6/fXDvGWkzmvvViS5FZnENzEAk5qfx3kPZg7dMK5ssvTTaUBqR2sOCVfOIizuUSpeMKWwDjb440i6zRax1151VEwaplIL7y9p2a5jTbKUxAjNSkzaYYNHvr3FKVyCyHkXf/0mUfDraQRz/0tC78gZgmH1XYqffxh59P6+P8Dw/2J78eOw6R/kCEHp5/ePv8k4vvPY68kaVrLByvGTGcg2jZd1foyQABqYGF0NGcaWLnBn/0hz/6td/4GzptsIHDRIIro9JXsPnq6quv3v7wD36631rWZkKU5bUEB5+Wn+9efDfPc7vnu2eEPsEEcV2MbvTZCxPTDMLniqpaTm2PkLmxLicHI5E+a85HgxLFurOOGsoaIqTO4/qnqUuAWZQ4No/lhx67+MrdLf2oLa7sYCqcddyYm6RSHpc/VmRlqn0MTSBLFCArxGVd/cNPbr78vJosPsShGWHsxaaDatus9b/2mNjOLHWUcPP8xZtrYek0Y0brM/3Mtg1HSPfPvvXZq+vXfmP4HNflK60GCC7MI2daxL01pxw9+X1v/Lr/ePP+w8eHtx/v3js1rQcgtYMMS8h+obkVoMdPb63P3LsU58X1TVbcOup3uMtAV6R/fP765vF735H8GbwFgUwtYTMuu6sJzFzSIo+TE7VERRtO0QED5xlca1SfTHdFRXt+9vwXfuHmT/2KrO6goX6qvpVhhfPD47svXj///Z/d/9GPP7x48c719M9+9gE2ifn21k9HG2VfffHmsyt92u17xy6OYV3taJ21/kcW5SRA55ElUs2HkgXhGOAT/pzay3dmz3nZi3wuFaaZm/sm4FIxn6RgYQZaeZZsXlAMXjx79/bdZ68ev/fFq7uG1dMZiwNvcb9TyrrVFz++06yMeeItoHdfdQ+Em0Hu3t9C4MeDnYBdH8WmC1LeqVlkS24PeggzJTB9FA+Asj8jKvQ6ENvqdUhCHfcYx2lr9Kj3yj0TvD2Uh3hFjXNHKuX1kKfUZ2gPuCO8Kvv1Ek9y7UZC3KouymTChfZJ67KrbFlSx7G5TlmHp/3sZwi1zVyOfAgqT+0TWYQVTbDyw7PvJ+EnjIgyIdmkH3kXOWd/6aocgshSIziEH50QVqQ93N/evpP6d4ahLoXRv2lrHUg3SRTF2zujXT/00ZSIHDU4n1oVBeH3gbimceqaDqaprz4kg/66dpkzZrIuwwjaeq7fmac1yioSksiC02KOwe3CdEwIE3GGWp1WRBmYo6cbDfHLqjYPtKnMTxMVfm0zoZVFPxnbbbuOq8oJOqcjD+8oZv6s6CNbRtx3uRO0JI69fmhb01UPk1FK+oRiJo+kohFnfLaM/zAjjU/JkyemYL128HNdtfkMST0GA0uzZi1i5dpk51VbFd7UcP5J6OEqQsd5ImVjx6eMSNrEPrlj2HXPSsue0omSrI2uwPW3Kl9DXK0wlbMHfJiiytZIGtMMbJfe4sDbY6eTlieMgjY7WWIE7DoMtJ1edqKWrGZxUxsaSdmzUCAbonIkte0HMBA2W3LwEzaVeKCFh9mxk7zWm82YMQBsbV29OVmzMqeDM5ScViQRqZN9PSue52fw/LZQoM5kI9fGKDgzPEOKTNJlyC4FoJ8KM1AlDEHRq9wbVfggb6BZIKovJk1AHP3WujSOnsxXQzWkFyx181i1Zj8Kdy+Xu2avPEIHpB1ixTxNm6Mc8Uqyi84q4c+x+bG3zQuYJlXFXdstP8ox42Xmd0a/Ark40+sMuKnRbv1+E/6kAWtSZFWgWbnaJrBdtHNvBQLF7a3pZlMxF/dHZwnNbO+dXuDl4/tbo6tUuOtydhOSh7uyzEKU6Gy1nuJFRW3epJ/oTQ1yXLlWJxZwJpy25NN4CGsGrLCrDZbLjHMJjVhJBoN5dsu8ejDgX5iwSgxrfmof7lwsQOERIWTLkciLXk4clDDxLE+31ZzdhO/Vte4vl41Q8cmRWqGIMEfPy3EYC9GgdkggSvxmy5kSKyudvYg3ZSPMYGbW/ivIFtvl0opzUBG+NEORL3ZjP4aqJ23pa0NaFfNEJXAkBTdgk7OjogxWkCpaSsW9DlUKAUjpKEhBxISVUMQCztnicR1Ci9f+Sp5aoQBrtabxhIJVDDE2SemcTqPIHJBH5FUyrVmCJ97dSNLTDNkKLeylBNE1NW3ElTmSp4sA64g671EHuD5VUA7esEq8yxHc/ABB3S46WVvL4eQCZSuIOR28MOaTPncMkE/m5sCFjmOpLyp8YHYYrDQVPDY1INulrc5GGVEq1hVMVfa0kfcWzbQFjGvZUdN8uNVrqb7UhCWMh+6wSyO7FAxbVjNOydxlmPYMUAHtcLmFf9ryNz/BfO843ZW+ui2vJTdKr5CW/+vaCVzJtK4HzMHS26RfJ6ARIhbftR1+4IYdQJtKuzJw6jTcrviSEAepdleDToHIzX30Lf3qyaafHDC8AjrnlbqDPS+W2EKAb+tixURErR06iHF90YaBD+/vr3a7Tl2J5RXJVqY4TLQqef3V1/dfvn7xI7+0/fLZ6+tX9x8+emr+9c0VCLdWZWS1W5y7lsxqk1l08EoIJ9eKjPwaYA7rIG9gG71DHHGpnhtrS7X2p7DlTGSDu3IES42Ko/WNO5eXT+UnsUhOQkwOFpRmV9eOPJ2cQNLFV1kuGPE9Pv/82av3jx+evX5lZa4+xumMpMgqsXruwIYQV8xlRfkyDOKU3vqvEExkBoVvJlMBHirV+f6CdrF7Ck70MSQywoutK6v87G/jWLmi2Zv9hGbJPDpto1ddlfr4z4g72fZWGKIovf54v8yxX3PaN8aEE2vXjkTGJYLz2agvQuaBIzKSpOLL7fEkJEkVVtfGvLHvsUWznPbN87L8EFaozvuYtM1JGoOqi+okX3QMdEqqyqvnoJ+DBfNViZ36miJ8wrv6jvrr59YP2IovCPQL5ZIpJ/SX+lK6Dovfoxzo/EJWetYZFYP6YmQDQiHfETtC/jRp09/X26mP7XBk/UmRYxG1pKQ9MoSRDZ2v6T7OaadqgPof+iBXGMuBHlVVI9CxRRq8JPfcgyfRFaxMNZrDNMJoKwj1+I4wKsZTperTAI64KhQ9aW622jp5io8tq7wAsT3NVVe/iDyZvKGwcCRMLfiEtNRBU3YMU1PSfA5RU9DUjAHL4mUn2jTNM3Xmy+0ypI52tYeF+mN+pCelThcTc2FJSmlQ3tYZkHTCX3clH+pAMRrO8acV4vPwgXr0ISO6uiYSWdSU2tgM8wXWsaWJYEbpn8q83ENxSscLSI6JPS1JLrk6Ed+1IE1P84q/MJBSQx78pXFCkmeiXte/uWDpGjtZBCKOpDF6uPs83Xaqy9EDaXJ8TLYAtBXk2Z6CjZWVZo0Cf9m//TDziyOguQ9F3kOV1Yh4iEWyB3XPdAtVx0at25wL3Y2jpkn9pGMTAexCAk3NPZMxepE4hBdYpC7+gxOkgR0+cLKsKUBhzaUXAeEhOo8Xl1bQK6LPSNjKrHGdqbEd1423IwHSCyVQrlZw4+qHO4uhaWGQddp3PzuDdHDdqnHd1ajOBhiszQ+YzwKzOFWlQQ/xPCroWarGlkt9hbRQlwcnGxQ0EzPHMV43JdUbglRrdV+1q08I7/Q9lvrJzDFB8eKTQtTE3zVixs+NaA66yC8c+HJNovaao1tergp1tc32WF08alY1jbyXC01xEsC4EiDUC/YlzalWkQgko08ub61fVDk5WGB1X/U5RiDmoMrmhekiO38krZnUXuVkdd5kHKpACgknloBKs6sRH7TgZVlDf5YdKX2qbgyZedWFYY4jtEDY7dIkcivlSenx8tO1K5Q9xfWqS+c1Pqv1VRS3QkoB6m55XyY1066ryITLIdPC4zcjDG+ANatDusdkbcLN08Dq1fK5sAqY2yTqvNxJ/+iuVAlGIihiUNtHVQPInkY4QBecvAS/fxvLwm/8tZhlHQdFlAeU9ck7NYPUn/YjSVnVvTw90XZqTgQbE4p6PkZ+EkHHEpTE9JVPT/Dm5AJUCs+9owg6oSMf3tTjrgDzVJDcZh1NHXdyvTXJ8CInemamTztxsRYfaH9m6hmF+dAhu1iahrxeO8JzsM8B9NRYeFeX6jSNIx8/LWvJvTTODT1MEzQzAeGDRp/gMTsgsuLm+tWdg/6m7E780NYPOHQuIPheuctKPXcup+klQAjUhN0HnZkt5iVJ61PlQI3b0krUSyEcTfQ7AdThgLuUNGuz/3qkrn2yQmE9v3FAVj2/eXn1eFvv6xIyVwv1QwHXV9j0A1LP2qoqj9Ap3RZnbhbzIBPYneiDZ3/toYC2Pbcu2VLrnQVwz8N2xp3rM6tyUvIwoXlhgUvlzLY3Jep6dZHl47Ur0F5e6THtW1zhD25dFwQH/4XVMMllXXJJTBYQkx5HQOLRAfeyI43JT3apFQ4ChiLgQz6Yly3E5WmdA1sP6AvmKC6eGGvGw0LPglgIJnEf9B+JUClvb1RPTjqgQnSRVUWeXwd5/Jw+xUmtJtI1mGE8+7UM5VM8Mtv1uyVego9ESNrKjnD4Ds8+6rVWfIBgvsA8MmdEHtRCx682hrRPjk6scbvXYPU9+QfkEZ4hNbkjs5pkDYWikquqoJ0P9YXKgot2lvNmbM1qmNmmiWz4K+an/kwijqXIin/9of/aqyZ06JYX1NXElISVjNxDtc/lv++9wsWbMyntdeZLwcu1Ptk9jghVLx1I2X8KK8+hx9zjsRUHf4UnToRLZH+xBniMUuHfI2t7C4PzIXYSv7J9b8Yd95Hsa+CP3MaBAak0VlhGand+3/dqKhhon9yZ4045ffOi3XQszrW7i/MKbyR91n6acFSUmFTJkpLb9bWGzq6JHTkGLi9ll2BHWSxb/pk4IhNaS0vaekZqQ+XDeOV9tAi0jYtLcrEdBcebwR7w46IE6dp3oruGnOwI4s6UMbfPPJ2h/rLeSUfUzKteT9NrrFywZoWU0h1Tb3AP2kSSmqlHLmHDnEj6KiQHc8oLSaPXICsJgI8o01dck0knJX01mtQdM7QzTxN9hGEZAAyYNtRt7KKQOZdhdxrT57V0nIoYjl4qmmDkwIvnDk4OOkaEkafWYc2yhi6jy8hYhIyk1CToBKGnOig3VmWCYy3RP0rW81z6rfEWiPkxQcTMfGZetp6kD+ByY06efUgzk/5FqKG0hGmulDneYObz8HFA8kNoJ4NX0dxL+YOLwdwP+OzV6w4aXn/x2hp/F9Qyne8N092i/cqVuBkyxK7YblXSwLye/3iTpkIYDG4t8GnxJwdxUhpShWmvgDHm5CVOw5+rShxFFG5W7ZDrHHiWAdFmLce6Z5VMVS/3uOw0kNk1QeapCaLaEduFZxOMYpbJIExQmbzLDGgy9yjLgnFeJ/Fn5YxFgmkNLD8uMmYsjZ8nlVWf1AIDAgSLlAWVrGvWvjlGhhOzplRIYisUXftTrqmnZxpOoymQpfK0K0p1NRVOUlISyLTRkKfoFCZwYn3N6dM4zlwxIPVrK5kDyowmG30XVsNJl14L0ewgBNiiy3Wm/2Zq9ukTHrlXFHihI0ClawfC5hpOAC89DTi7xDyQ5ahYZjmnnvSoM4S6kxDypyPY1u53FMDGer86gjySoTl2wchtJ6+TlRt7r8PIOcczxQ/nDId7x4hE5F1juwv2/BgxYxU4AOr4Yv1OmUSJqedE5xbRLF+npmFybSS9ES6QnTWRqiSenLN/6UoPzRAdAQxqY+yDvtZbFBmRefS1xp8VOrRisxF9Ky/lrtg21kt+1Ohz4IFWPAIvOBVUnAY5N4Uk1tpqqB5I41itNk7Uo0tOBLT9oGGRDhmwxWmqdmkhl6wLHHJ+ncvzWLCvNhU0rw7AMis581D1QIQmsChiWYJyGafVBZjHdFBpi19M94kjCPBGIlO+iiWA4yBXmb0ye3p5pelfPX5wtZIr+zo2DLlJdqeYN16RACVL/LWi5MyfxQsX4tfPWIYysMDxx/0iJTV0yPoIa161SWzZtUSyd8IX9N4nQ+dkNTCSWa4syfEcGeq1Aoa6mkfCdZuU7Cssk4opA5aaDQMTd/TnBLKSl11DlMys21eMSEucBS+Va5gZ0c5Eq0xstHGf7/ZHsNLLzqRte5157NH1fXlBcmSTCdSTyG+kHXr6MJ1PjAkIY+Dy00Wb8ktmHAsO1VE5JLO4kZhbk5Gt/qf0SMwNTxgQ2C400W+vgvrsvYvWhEfX/yCN4Ruolec62fgNbVx7jWkIEKSHdGWJtV3H0CuBPhXYhBukRXv0td1YRVCv0zbaBqa1dNuGEJxlqBDXOU12MsdXcI8vMlXTSaPCjMkxaYpwfpAYJVcY1hwyeL/sWY6upfatrx/ok8womEVtNgzdbNxuJhF3kBCwHqM0WHn0e1VzkTABWOh5clkkIayo1z778Bbk83DuSE5lptk+SX1Y2BjEcZC0ziLifHXhO3vpnMMDpKb9ywt3GpT11fbMLBoHaWBWeirHmWGZ8lQenAYoAuIut1t/ZLturMtX9G8NoRcF0ZGzr8SAXtc13PVWB3/9EFlr7qes8gvT5SuBNBICpu026r52FU5ailEwzubyZJkSlkbRyvHP3MQ3sNgvWyJRuw60gNhWuAPNDUJmZLNseZoC4rImaaQwel1pdk49ChAt3YAoxS4C8VAOceB91YcFWDpOArGdxGcBIc1PiBkyQ3ecE6Mw2FSthASahrfZHsIJP8meHP/BMty0PXHRn51EQJ+uRJq5ZHwThJH4KtB2tn8gIN0Gi3G3EO7Su6ZDJhA+2LvxO6UJH4K6bhtYJzeB1K0q2flijTWWUS3MrWDV1+UipSKVr/DJIZ1Hc5rjw6TRXVXhj8aXF/4eES4xW6+7ev3i/ftbGzeu/vdblJ3MWMgd6lhv28qTG9kJ6tcJ9GC4stHQvKAAce93dTdPDLs4dokUP0gSHsjarAqBenIO6OgYeCCh2Bqe2p7/s/ndpiKhxpaj6p2ampi0K2PZ8pcCFynLha5jWDou//Axd/4L0wGQtpNjUYoSTA5dtdYhVGtej/RM3hYWZPHTmcmsD2hO5/wg+CIkJt8Zz7cpzsraoypckyIPKy8dKkNf+4s37uOHZmRpIKSGhi9aRclJVM5LZX18Rw9KbNkOEDnRwHiKam+4eDrO0Ex7ltTIOmQSyQEw6niw0r3CLgYqLzpsUlXXFXdtUbHt8roF2VXAmthcXZCONBGxgHzjge5Wt5jhkg2Xt7rn4p5BedAhJcmMzNh0dTTw8ZNZndxaK63Xm49qbDnHTl4I+j5gD5iqDIsHUT1msOmYpaA1y61mXPlI9ab43fgQT2I623wZLPm+w9Iq0klk9fG3rajiqikJQtjUZWT2t2dzxz6lydmFPUMTOSiTsi0cFXk/UUwKO0Q353stf9zR1/I/96ePIHSF95uYrvCIxzwpwKytK0WZDbbi9Ynv5c2r6xsz4Q6aKbpMnjuiY7JJ6muXmngWqcf+Oh2UmzK4g/+PLs7s5ixSir5E7Cbg2gXv2d0kfjUzPJWhHQDVkHRQXIbvtFlFrQ4MLilrKD0HzLkodJ1Ldano7YNzEcsYki1vBKhkkcP6vcePn31249EGlgWcoOyxBk7pWMRwOONk4k4InF7NpfM70ujgx0NOnKiqTeeak2ZzUN4Z3GFSOX+hkYs+/UWvkvLM+aYsSmAVVMboaP3Z46t8zoVN1VqwlYi6stxeD9lBVe5ElPgYTvrUeSijiKZ8PJfLJlwF5Uj2eVARgNf7KD0ESsZQzaXa5sgOeIVhPEJWtN1/T8HFjsi8Isq2Xn23n0um6ak4d10kj2K0KzulE/BEc5KJf/JAvj3iTu/dyHbQTVvK8UXIn23heNKqU5oTA9z7G2QJHVCeVUpkaTS/nya5VnWk5ZHg584BSdXwZhL5pzCdR2/FEx6iFdV1tEHMvo8sjaS9rsUQ+XrnusSEXLxVE1iDOdOGbKzL4piTWzNrtHiSj4CqM0EpW4a3Jp0Kr7q2vOAzI+oTElZ6OgANs7YBcrIUavr1Gyhr0kqSuZa3NaEdr4TJaxVthMEeD821Kud2biI2uSPvA40vai4ljC+0SThFNpVRuKsenyowHfEqlEXq23+eqcArCxKOomxftNVdosfTHT/azYHRjXP0kVSQWzDWqwZxZQW9knHWCpO7grJH53w0NNAJmIZq3lMbVVMYdXFNlfLwltdCWD/ic2FO7nwUroEqbAmNojWegCiKfLqVYvLaXiNwIs7n2GYXaQ2hGUtd5KmJ2BcFTa9bpzlUJ0jImwdAP/1PXgErnk1IclDvfJmHD3b4LhzVTmsbx6mptFkyrdmowX8ABytEPNTWEdwtf6lUcZroWJUEmh67WZDSZMa3JEo6VMHitc3GSE3W+QIZX+i2UZDHC/DieoCX8XDkqYzL98ePu1I5q0Zx6sLeYAlSRs4InXsjXHvADO5gktf8khUj3lSIgosjMj2F6nz6SrC6mZGaY1ahqRBFDKnXfyRftNNWqhX4ci5/1x6pNantgTMWVmda1xDkoQbHbrT+ePPZ9fv379ngAlyj59Xj8/duAcxvvDLh7CEQ24vnt3ce1hSOPMjcPa0bjJ0Xcv0IwT36JlINtP4NkIv3F4t+Oq0+CxhShHUBQWbdzilRIs3nFeKuDdWsWuxzb6q7UY4zqWeAU1FbYu88C1/AGtryHLiMXuuwpYwqbXBLmm6iw1HzzT/pyYXZElKbiY4pXaonlmuBTXrOjcP/hUh5rYaPxpA2djUNXAeR5iP/oib56YmeSCnBt1ioL/CgdgqMxwlIWIFIVlatGwAV/ii94kTBJcODIycscWvxReHIJsJ+AmPKVhWwcDZdyRHjzqV0vIPtj2NMYKlDp2KDRY6biycpeTXP0VDOmGaKnmWisONgr0sHKD1c146wjjJv9fiXO2cHyLCGC8ruiPPQKYvyPeB9osMqYZ8mqTNnZrEl6zN8JqJZUVzsoYCykGbKhQrF4e0QsDqZOuttF+Lj8tiLcYlVpPJaImZdIhGseFVFUXW6i1Jig3y6UsXV+YwGxCpXGEeSJjhTm1H2KuRhmp8+uVGqXCpGU6PR1v0h6vi1Ezf01fhJzqYqa6tK5dPyJAjpVcYmyxPrppAh6YRYnQg/9Fin7qItHl2rwlUNW+vh0GmQnmetcVIxlPmAuDrA2A3H5NlLG2X1AFkoIyLngrki13TMkC+DVEMswD4aKS1OkFL2gHBfukklxyAkew4SMiEheHf3ulDg6vrKHb/OYJtPu5n77r1TiVYuHDZ0ASZC3Ihn0a6NZJG7lvRaXn4BZtD2BSjPwZ7bjgm1mBNSHh0ln3XkkvtHFG1VY2GN+nUFBNR8CSg0rTQpYaK2JbP1TQ4HClQdcpOE9PSaRxKeE+yQnS+nK5mJLysR5E+I83D+QLigoJpcX1EN3CSvY4um90myp0w8hTQ+VVaw3fRQTkG0vaZlm9BnYiWn6iI5iP0phBdJNEd4VqJqT+EMfOKPRfE0IZjFR11tJgWJybQpvajMU6HqFY5EpPLsXpSudtoi0Ckf4X37C09wCkavIW/ceoI5iYnihwIQ7NmVwlmYvqQMQ+AjVia2DBZz6S3bBzD8iTBmrC89PDHHduxRm4gjaDPXqmZXgGXfvCijhqQ2JK9q+r6a/ji2POwb5hJ+fDKG9Ns9poc/YfHmnIlPzHCqqFPaNDQmocjkGToRicrpC3XdLKLLKwCIE1TZqi5mnf1hyhNJemIal5pWZeZdFchDdoavESbH0PUNV/LtkFRok3nkZdnUjP9UnPiqX0DyQ9ieODhvIAN8oHHhgbBml7kN10fs4bTbyEpHxazxn7wKbARdWh8euyO7SI9o4iPadqGcjG+4lnPZhDAtJBWJmn69oX2VxwCMPFDJyWc5Yc2dH9dwAK9DH7T6eflfR9/hn5dpWTibGYU1xCsvf3llF2YkvYHARfynUy/uySsR8e2jGUJKz46yxgeyACNz9iqsvJ4xsjx7XjMFLWx5aKlGXK+8M2VkTxPGUuTAxV5hHwpqvfORkppAqI+HFAxnFaM9srvQCMzUIPDR1HMJh6itQCTdV/HLCigvTqhq9TYcAUZilEjhrM1sBMSMMbVtJi0vpyGIFsaGm5BN9EeDdreaFsbqi24zYswR+6Z4+dXzfJzA7/JYw+QeGGjCRjKQPCfOnuyLDQe/50o3ASu/eX1ljd/Ftp995j66q6+//tnbWwO0RbQXj+888Oa+0XqXG/CBJOnH45LTeXlzAa/j7TzC51uLH8BCLcm6cFmHlP5NBWDJQ3NYE5dZYSxs9oCkyWgOZ2rdZ4/BMFpb5ZMSDfOuDjQdyke1C2JKEjLmFxtS1R0K6apxABqI6Wibms77MKRpQf6T6JPmBxCQ17Tzcs2LsLRQMF5CajgAACAASURBVHNStV7bB9Ve7kLY2H4J4sQMS4J3qVKMs7VisWs4AFT9ArnjEfognCUJhRHzDMKNmDOK73rk1Z3KowjdOqz0nRLRJptRGEKE4owMhE49gSibCmaRjfGi7GpBt1V4MFCNO9aqNJxhOrg4iJCinuPqhY4YItHGBWvt3crtR3e/XOXPtUHkskAsq3Pdv7QxEXN02sxvDmVCrb5YO4UEJRvaPxqWM1OiKB96H+RTOjqaLqj501YXadY+VlpMxzlv2qFB7ynzXIfBYwup/Y+u4RThej1SDg8g6VJUqObrmn7Hd6gq4hWcZc0IB31eQgXA5OSJ4CTTN55MK4/qi9IAyFnKS5WLWjog8u4McWI+KnGbtRm5Q+WaWqJqTlskTGhGgi2SZVSbaZ5e26VK9bawa02tAzQ7lSEN1FuZxhIGKtTVOBoqekK/a+/Nf6yyQ4yIdi217o6AsoRU7hj+kyGU5VnqQ5UFPvgcreatHTrM2RIeN0YiGXfYkgpwXHr43L0oXc9jqVI6dWGPu1IS0gFOPxsHOux6qud+KvjB1at1MzNSN6W7+3jrTIAeI/NUOf1UvHoMRPE/ow98ENYlLgr2oGVHbqtPWOyY0b6dzX9QsMLu7Brl0jvrkEIw9sKGIgegFO7k6egU5K9q8r0YuPJqkzbbSMLgjQxd9iYyWFXYXZat4jKojLzaS2XIvEu9mVP2JCBBAYkuitUeirP3x58Xkr68ToeQYQm4hDKEyXzqgw/hqg+UnJGu2aj20J+vJ1uiHKayqJS44EswJxcA73YO4G2OY/X5pKLZ02auuhRWcV5POPP4LEj0aX44Lj6ef1LCvU0vO3y0m96ZP2iqIzmWQHsxtJLJqzZ5g1Hg6xq8auLKwhl/Iiy1OD6tyeA45bYymNciqvWpGorVEFGF7WMhadwVB+qyeY5cioyI9pCTklxR0IAjnvQDJQ0jsXGK687qzYI44rm/nbQcel+BnMKjMynLt8yMeE6oaOiqGpSG2EmqfDxhjCe2IAyIucrBM0ETkvaIDgrt/MgZVx/fWLUmdFmVjuPihIvZCdD4UzjHlNKzZrrXgx18zY/jTmXvgzLqlDGPPw/2FZwcH8jGj9MPlc5l0dyQnEmcIw6urJ1R0zlos2TQBhWHPEiEYPu+1JykCfw6cXAO2iNiNm3aJYsHs5GKotKluKXX5+jaOloMH3VNhX6zTtYcsR0shAaWzC6nN9OLv0aaH2z7zKk2vBKK+GyOt9GpS4xRSp7ZHc3qbKwAAC2lIv/1fhpQuW1v4vd5iCs6SjM9MSOfhSkeC6DzcYTzgfJUeeUFrdBWWvaijBQGkaTiEKpMgd0ZijQj2aZCB13NH9O2pzyzsnPA1kBzy4n/8f/ACEfjd0wlwhDGVKTDb7s+JOdXyGuN06m7MCz6sR5U84cx2TWyzuY8t37WkySSaKw+KeAnQu67EFaRR5EZvOH6cO+ZwY+eAulCYBXW03RO9x/6FVtX/lj2w5ojW1E1UpbVltScLuAk4Mwkwso+6C4+OQ7YzeIVlra5Y5nS1mb3zDEk8r5h0wuvK5PohIFTFKsieYZzlCJnLJqAuhJBBWbXJZuSUu4JHz7rqvpgUyISYlNZ+DuLRYbENQtI3O565Ic4SaIQ23FmIrFnlv+VJ7SOwwGxC6XMR+piXExsPoSaw+pfN6qkrvMhx9oqw7MWvG548DYe+CnPqcg5wNapzVuNGqZGWXLccjGCKYSDCIj3Xjt8SEylG3F8ny2qo6+zayRS6z+y4/7CgjHzDiErujwjre5hcYT3+tqVPDm6HJ05nC889RPpODlVj7CjC1oAwHkugXtpHueqB94eXZiJ7kFKkkq+mfLE6Y6Ci3rdptlRl3RIR3UFcFadIAqRjfy5Zqu2BCm3k5PoQoQhdMHLozx+XuFXU4QQyQSHynDNG7sMSanlEXdwydcOxjsGxWqQ1sXxmO0DJ2UZQ74g5y+vcmRDcUzRBS/w+TeVl+Kk1OhjtTxTY26nESNSZQLafbEUdldMiiF3bqa2SpeW5wE3HQmbLWduOubZLJu2WXpcEUHa16EE2s11HObGHk/dxNkdtPmBgBni20F/x8n6wKb7tQ4InMnpoKhQh01t3b7OYCb6YGMdBG3ZF5CpliJnW3k4sVOke2KviExvpAqt2JPpuOLVdYbU0hMVx8abrhFzzOLIw/0BO93wuJNGj/fv+nXw3MKWFgjcKtRVNa0X+A2WR0808rtIPXGfoQ4IOLKDCwyPfgwunU8BgaimIeAoQuUVtEC37cs8ap1Z2xkUGQKOadS4RGKBWaYlsLaxTDOrchNzPosnVyWdhXGiPAlTRYX57whnf1A6Ki7HS7UwlVZ7KRrLOkwRbMoZ+GGbjh37I5o1qAsQA7zScIw7OhVfKtFeEnhKYkrNAOeP4BHj/2LJxMCViH3u42iAKu7KN+HNe0fvkuVI0cTSecShpUB3eGw5Ilc5+JCzf7Eged7IukDGfz5pCw8J6zaC2nZ2r2QAM2LKfEWeEC5MyOornQIf63xGojJgWdQ3yvC0sTaSrFOSqiWV73AFbyrlrNybG5YkA3Vk59ttUVLsE50m3LFXlVKviQzmKCZ7e8pLq0GPN3lPAPQ4nVzTwIIrMuOQXchrQXUThSJUsyjVcSOXUomZ4mClOPdE2bYCgCuO85QjqDzGuAOu4NBXjGqFh8B+gjpFl1+3oFDfiLskOkRnf4VPgquYhpDYWLcatoFKh+LUknKJQwBHOqlq9QP5IDuG8nAdXyeprb3mlrM3O/lqVDumq6QWnfD63eY/XmQmlBkJOQ5Lu/+w2cjiy6vUTuIpOBYpOIR9VzFLG6dIHGnCD6261JVg4Va8me4kYvWvdKRshrQhrsKT4HCuLfJVkPQ7SFPYYKGkTClVFNPii/1hUpXMCkoVHwhHdcZtQhvniuPRfaRG3yT/vLbHqhRtCEhGL+u61ERETqhAnvo8WooM7MFa+WFDlCsXkqKR8VkHxGDUSdbzhj/pvqvoY2ZkrL0iWe0kHO8E1Kvp8DTHxJNzSO2oKczsji58YO47TWdmMg8d1XFP0bLg4M//aHv7aF6QDGQIU3Z5h63VvB30fnx544E+L+56lssL19I2A2q60wWvjZDK7b14+bN3ZmDXnv3uupq724er11fv/Dolslc3bx9fvusZps88ArTl9yXwxQPAisIOG/JMs6q6Ewj1Zl3CETBumKPOUBnMZQxSx5UWSpMRQVcTzIn5o3xy2/SLh4dbl+5WrLpB2i+qMuHFnUcj77wVSz1HWdnDx3sUzQmaFVE6oTmsqUWtAnLvrM8/Ob3HUK3jI/rTvYxydfUOdqNtnmGBrlehCIEsbkOIiz/g+d5V8K+u7h4+fLrrJj4JwFw+2ABeTqJ7Y6nbU54lYRaWbPnosptIJYSlKVWUljq1UrOEpsEljGOLbFFcEmeTwrJgeZjCCp5Et8806leofMFYiEjAF7B5pHz0tP9rjyG3P79ROo9p7JT7HVi3heSsjsbS0/TK/Dh+nx7kz+Ry6cxKa15TTLBDze4K8VK3U4VU1KHJQMdNRbkjKA+yvPIMeTcVm4pBzNCk+zADVVhjvRjAU5lZiBSWy6ryTbFidp91c/kJD5peCmZ7HknnsoMXMz7BlFpg30WvTJpyrlDJjaaKxsie6C80PKN6ST4VVM1lOTVGgoY957YXcE2smgyze8q2PfLQn0wblBa8QcJVlAC4v/3s/ssXNy+7PbmM6OFIj2a5RHULdmnPICfu/NJfrk9X76waFBolS3imPVxlTsp1AWXJy86kmTY7poaSRTuZR4DWUKpJwWo7QOi8n0UBh7r2/XTabb8dAipOMe1Y3Go7/7FgHdbF6lQq6pW7Zn1Efs3WZfowCzRGOWDWXxh3/zE7IfS7YwVKfB33vPQDFNIK+M5b+I2T19Y28L7+/OXH2/s95Ofx9sEzi6jzGKBnV37I/OOV33e43S8AeECQkwB+LqBcqesjVm+AllpffFaGCzmCkxr11LnU3hI5Q0Y2Y6qcuyHi2djyunSftOTKMTFXwnT1LZuhPUNFfV1dUCLXk9O2GAxgKOpvUl2iCmtfNacc2qs8g2aEQ3CKmV+A10jy+2J+4j6C9C1R142ozo4lSOXj6OPwkaus/fROcNuJ2Mt3og+kxFR6Pp+IzjdEKR6qKeHpNdkkPb0vgvLnqA9HBqd9rSfdOU3VyWN1pUQkJ9XrIZ9AHGcRP2gR5Z1qx3M5rlCubNyqEp5fbXhjabw4RtQzV7RKPGVzBcrX7JY6c33iDuXUnc0sOBOw0FLpo17oDOmpUKZNmvSWSVlVzLN1ENITBz5VJ2VtHl8pmcjjjJra6alimH/KvXKloWEndKWIJjYz07Zo2MuisBF3VAXr2I19VChy/pJGWzkMMfmP8yTKEZKVFfUiZxQ+lvgVe5PZ1qXVjG5mxdDyxOGP9RIGJE+vU/q0F0esAfFNSVsrPRiyyD5PzRCi2cT46C+tfa04rpyV+CKZ/VgPlInkxmRx5XYJqaMiVWNXYszLtXtp6JWJR18qB4LopPdaEdKUCH1uPh25ENAwKgJDc6gO4nkxcwiQMNUlKgvjORFUWLlrNxRvnLdXR5zNmX4aEmunbAIMzlup0JK6GeDSG+YQDJduyHYsacoc76kNfJLpPE2i/F6XF+3m4MFYtzhp4WhInpknvrmZPfXjvVJQmy8+yUp2b1tV7rGP9mzNzVGc6VrVk6g8tuQiSqq3JqXURnBTYeNQ9A3hjkRGxEuBiTYrY0AtRPjTq0gBLSWFlWGRryz5Sys+2fneGHOi+kHwOXk+Jj0gp8RXm9lbe0U9NVm9rSyZzZm2+paw2nICedTNJZyZb/7i+YqPz28f7iyYm1Hdbfb8cP/eqfz39/e/8YvXMvjFi8+xgZFrn3+8bk7w6d3tsy/edAHCtSHw3qqbEzD1VyCsj519YPJoE/55oFCTdOxhvMoz1a/Iu4ngKH3mxqLgew4oz8CW+3mXF9NkftR01sDtqdkqP728aYriFoUPfsTIb+B8vLm7v364c+lOmVbk5pJ5pQx1TzMntAvbp/ucRU/IHl/4xYPHq4fPvv35c88Of9nVRcPoYymbUcsO2ddaMLwKaujFhAxt9c3dLz+7f2eym1vh7UxABuUEjejl6z1Wyf6ZALBn9TP6EqpC2v8yMrlzoDnz3d3zN180teoIoNlK8NZNxV77Uh6SYCk6nImr+z9lpXTyvBDMpVjESt/aLbAvr37tuy9fvXa6BVP3cZr1dtHEHW0P93f3P3r37P0dk13lZIKJS4hSa+71cP/69Wf3HY8L1SbHaxrVaq0mp3676PXzTz/nsbGv41JrMt01I2Zy8qALPZ7/yptPX3xBednbYVaoO5X06aVfr/z817+X0V2vEffie3ybidFmne2ZZyclGapMzSouq+jZXnmlo/bVEvTzFzcfn9+Am/Ow9UhcbV/kOJC5d/ff+W5id8EbkobMIxfc7qCS+myitf6C34HKv14+WFW8CrqvaihprA3xAV/5qOtZ3Trjs7l4WGTA/fe+/+Kz16ilj2myESZHxtxhwO3zz1/I7pefuZ+l/JMn+pdaaA7oLz05NTT1S435FC13nr0QvvtPH27fvr66auxKuVuCIGL7Wsf93d3D7eurzwRTz+JokBj9npV7JNLh+poPUkxJjU2aTnh2plGMGoQPBoQIckKTZI1Zy97P43Tux+x/vqV77YCLWrV4f+cBP11fVIMs4HT4kTKO8LzYZ1c3X3z+8tXNszevXtXEt/Lh8AEguWVd4MurT1+4Df3T+/d3H9xA4GgBwM5mdKiJwKVADnGdpJtjhjLPLvAZyg2iYD8/1sHw7iAsPAwpquug2dUQLE58m5cG1X4LE810s9ogLGjda6HAsW1RyT1SnCCN60ylqCyfcmi25L3ilYg6l3wxP6oJmheKikq19k7U46gqzauugEW0kUtqOZINfZIQVYTVpDN4FbRZfWxosqWKcixDt70gj0vBvvmurYJC8hDE05ZXqVCpHR8ZnsW9UuOrxZo8P0crCsHTqwWQoZN6mZuesa1l1NEuJtl1WA6SbMvTyvokPkCRHJOItJN95AW4BjnfDdUTtCBNRNb0PnwJTVKM4CZiWoYvkRVv6F9Q2DyTQy4bdNcWIRgTlKKsOKtjmXHcc/4Sf/Klanvh3Cx0SGqES5fcnk+XVEdY5AntI3mC4PckXOroNO9BN4Pr7Y4bfJ0ITHUfcykPINGCZ9EF4LKMUrKfiApz3uqLyLEn+vJuf3vZsdcyWN4sF5QGylDkNXi1hKQcaWcngMEaQZIvryNTTRNfVxB/48t0ZWAZ9iQs0LR9ExLqEpVMnhsOuZhhl5p9abH0lvnDm49z7HFBnktGnWPalB6guX27fag/h51EVx2QGVPxNr+xY0lawgfK+wnNQRiZ92lzNnUgJ9WnXkY1mUryyl3gm4RjTR33N0JDqmbdjc96c+bp2bLT1KbmrH5E/HjWttebIDkayDovhuptOOdUzIC5Sin4WRDserkTxBwykBc/JOYkkJou21CfhTjGnc9GEOHUzq55vt3tfePZuT+JF+pYCZjqkPdqfGozbl6uWPgUaqNH5a4ZBUQNdmjw15vX7hqas4ql68Lr9qehZMBuGrdZYAJRWJhPib3UzRdtpb8P/5gPskbEKKb2VC/Z7E/CPBofHpTh466ORsXu47/8O/+uB3mbniSdkIfW1cTWT0le3zz+j//Lv3DTKX4/wWWWbd29k/5Z8Onxi89ff/3+4z/zz/7b3/MoEE/knvBEq2zwySUlTxdRrIXFNhBsAv6k/vyUX1Pf6B5m2/1y6JCWSKUZuUMY23Q9/9nd3S//8s/95q986cfS4/R8QZx+v+zuVup959vfsh75b//3/0lLlOYknCQSxaAlOPicNXB9w4vv//J3XTNAgTugd0VHT6EBzxTm7sPbq7/lz/7GP/yfff7u6xYyynQQN/0qd4cHpnCyS7/Mne2rgMQn5L/4my2P2t1q4ryvlfUTtl2wJgZeCsDKZbkvt4VAFwRKO+01tXMGx/xFhwx7izTNu5ykrRcJ2OKfYiLLjXVKJR1FK0sXiYIyvWmrXCF/nKi1k24SH27vf+G3fv4/+V//T5nozyoTK4tPObDrMBC+fv0X/3f/55/+S3/hy5//Lm0dBJnsLy1Nkb/0PJZ3D3/x//AvNK5e+ptNjhEA8eBH4t59/+//03/bn/s7P/yEe5v0ffTjbU18XLPx8PLjy7fvf/bz/5E/+/1f/6VPjt+0vs24XGFupZnALjuj1IVqPUY3Q9iTGSd/ZtfQ+nh6RVSzmosUrv/JQexdwA5hO4iE9OHq+7989b1fyTdOJT3c8YAoG9y8XPNmvvgLv/Hvq6Xb5sOaALaT28IC8+SYkaZ1ulFRiCxYbW2vvBmvgmXFIK4B+zjY5gCVJ7t8OXK9u6V8R5dl9nJA+zTjfu43sN//zu/+8//Ef+fL736/xCWlIX05NyQ9qqtkqaROKiWdeOmyn36P1830H777rdff6Re9P8j3F84FrKdz5kbzvL+7dQfRf/Bv/2UX3XPODnG7BD/rOwek97j66qcf/i//2h997uCc8eW52NQW+lvJrMfQfA48rXKxydsO/yzoC3KEGbfWhw9GLwnw4tkd1RMsBPml56AWSu3QusaP3r//8//Qb337i6v37/oJkjrrMHRk4VD2WzfP/srvffxv/C//ze98/pmxq4ejNQBKqYZHSf7h/uMXn33/u9960xpB3TNfpSQ49VNz3YFbWX+FNTNU2fmTIb2UiFQVB/NIPWKBVC0ZNYyd0XDSximLx4+vn139Yg8qxdHnpq5OeZXgvYUsOdk0UGebYspP2q1yCkNH62n29LO0OQTCsQa10rAP+TSoWmE7EzkYCOkdwdF1xiniy775+OhN2OTmNURKj5eGenW2+ktkmvvulax5sH0tvxFnBEohkptn187Bf/HuRVaoF+yRk5EaEgWRlAp5uiZgt6Anc3rnz3aDEI6V1hUEee/89hSBycqO444F6iLnwtoeyyVLautkSQqlveOczGYRXGf/aCKxAnX17UUaHlbvIosnrBUesEsFMAa8kMYX80p89Wf3WNb3UFXyVBP1qiflRFI7fnX1cHfXSKLyEoPRHfGnqWXkYbcx3TV0ZSzqKxAZV1UD25OaJ+LzjW7ZeYzgswmdkLM15hyTIFT19k4tzkuzR9lJxQDtVR0EXhfz2zgFU8q1Zx4c1UnSE5j6qOimq15rcaNXQasjlB8QFRQyqIa+DXWLXiTUNDLOf3GXdonRzUiKwrk9zJp9yySzjOqj/kLbbqS8tznBmLJAN8my5iIF5OCg8IhNzcb1JycErpdpRFq31RduNmZkTqAm5dmRUMKXuXbXLQa89GBHE5KQEcaYJgQ2uCGHDH+izceWDpRc0ry+DH89aEpHFNRsn17RZEEfBtqmORjGoqTlEjrYlTGZ6iuVtv3VfQ52Bflm5eTmnsOiXiWB4a469mQsctlfWtu91OzYiPqRTWkV42BCQtA29vetHkjNGQXg1cQyfPZTXBF/8TTqLs9djNrrTr7ce/QP+8Xnk9dh/MVJedjf0MzIqQAle4ic9fOusksWCFsWojxaCmw/7tvzPAXeQzU41vWzMvxD16QYSztff//Vh4cXr42XLYnf9jA9y2NNE55fvfvJB9Oem5evHj483m6NcZigAhsMAOpnrNEzsajPSyEop3r5PJu1fX4SmTKw7rCMCpi/3FZVpkBHEqkmffL0yt16gIV6TaFB2k2lVtWc2eg3Uh9a3X/hSqduFmwiHjBSjLgYXn388PilyYLzFzV51zd0sX4z9a4Bev6FJdTHn1pntBbuIgRLzezoahaU5kecFCRIFw25sKRtcMku8ezHVN2kmSpKOUP88gt81hjz1tLjVDFR7uSyMmf2Oiwzo3LwApzZF+/j+/jpav2zQxpXQ7T8CQWF+TsPg2MrWGcHnraUak4rXBWW8fle2Ox1KUOlXmCwE+i7j/d3zht5Jnp4J70BEG5nj5xj+dn7N9dvCrczJFzvih1K2he/bsfsUU8dAXl0D5bOP8Ho9s1XfsD1VtGr9+/ew8ojGoWeSdK5iKV7HR+dHnjx5qpfNHpmlbZfmHatSzeccKG5eZ1HmTLWzBu6MB6YfRWTrMNeD5L9Bf9YMgYf1eU/nyVBeNtM0PmS8TbcHP/qRloto+v6OmKxB8Qmj26fSQ2baBEU+vRUcbp+xvbBlbIyiABVuVtJbXHb639tLQyBWliDlr6KYyvMlD1+8jxe7cBhbzXxFn8UVg9qpK5bu3/xk68/vC9vr1vVvjw2rxEA2dpXaEksR5JDig1r7v2I7PNP159/urp58frmPF9oSRUUl+d8uuGNYNy/vPbYTOffWh2on9C/JFGcLKmbbV93GwddMfoqmTO9330bJHp78GUe0aqwJzYwDrQ+Pd6eNgIe+5xJU0uoSpfW+Qy2/MoldUotx1NuDd0P7H18fH3/9sPdK3cfeZSpOHRpmbUNdzJ9fH799sM7JxHevrPU/+6DG4j9NNiJfe5u6uPz3cOn6379vLTwSi2kYad7gPrKKjs01Ajt6D+KYZ7M0iUaMpsm+qCOP3vVv7zPGwd/z0pj93MXBb68u39hGeP767ISMo30+DaiZmze66W2dw7uM/uhmXPZCUY4AthGGTIe1ow0P6tfGarx+rKf9DDOFPGp0vYhnboIyuzSPOoZGoiJOQpzSVLK2cSiQ5CgSYpyqZEWVVwdUZ45CCI8FgxVFVNQeeoHcCKTnpJc48R/fnqyN2ODmu/Tm/CSuWxJ+gVKIiVvggJ9NECOM9HKU53SNvus5kg9xDGNMBlBQZGatlBchM4byr32MVWr1IX4jviwVxgTEWXfKqhMZuJ8RhDmC8Rkxn1sSi+LMpHbkvP0SvsxZuXbS4jXICVhJsZpM2XJ4LST7SmRlX0eDuIhDGKgo/OOyv5E8iPWI++gr678yIiZlLDok2Ij7rFOULzzT9k/qdTvHoDo5w3CRqo2milO4LwT1PjaSefpLGNQmPr6byor8Fq57wsYG7GtEvcktnOhnsSoE4Rw/rJ55J05WTYmD1EtZuaVI3EM1qI9EIlIdPrmzzE2Qg5OcnpbymjO0GblbWUl1orqnU/NqshUU31SLi1tSYqe6GpULAcyQB8itZXWo7ka18KXmda5DncyeLCzUQszZ3YCoNm63u0kEau85tcuGBW8KR1c8hspZ2Zgpz6AJ9G03XQmjoBC5eMCMZjD6QvIwT4T4xNBJnFvLZ3nwo949sQXjFC2EbP3GXmSdcmJyutCopj6GNs6NMeIXM3MxK1BsCQ7Mugp2hmFaVZmRa1iBfQwZiGY1slWdSZgEzCVM7/cTOXC8ccJiD99e102c2z6smlILgUBMhtIdab1h8JARD7sGdFMxV6ohrrzAA+fbj31/+725RdfvjrXHnR2XKo4I4jUkG+GcXdnbpAl+hmLWKTp3Jim7IQtIDKkQEy2zyrTWiOomv7O4Kx6s/2mknLLc4EsASLzhKBNbUavlVreNNtYa2DV6RgdD5jmhCwFuv7nLv8Jilt4XTbc1eqvulS9PCq3fHdD4MsbV5e/vDbjFEacW1Gw4djHYvTHZ1d3j9duNnj3B+YbXedCWXDPCuDWBB0VZH0lheqSI4WGffB8dPBhgjIzlynNkLh/ll+M5rZyAm+NyTsdBfzj/ee/9Wevbr58vH2H1L8QlNVdhNM8YBc/NKWos6UiD+SCwnDcW8kOPNTl7Yj4OspvXuJfTnQAUoNGk/bs0YVcusnS4pK/5YwJVtNit1G6Morrui/TiQEz/Y25Hcd2eoKQfNLPwZKPo9MEjcwuHfTUf/7H3HkosJU4ZOggpTvRfZtkdthmJteqr+A177voyloYOmgul3LaDu429wKV1Oyneo20ziPFmbZXJkqEdqPKNB7IdTiP/RE3lyMovXNQjmFxjwAAIABJREFUc/1LR7Tf8HMs8/DjP3SMR5y7ZJy1i8eUYXfH9igeF9F3x7QlF6LD2jdp1PVXchM+IPtYCgXKLDFwU0z6CW1YOlK3wK1H7oEyZQtqpUtqLAR2zPvSCbvHn/z46vrm+qZ1cd52g24Oj76ZduGUO0M8H9LixeLCT7aEIC4FWMLqvzZelLukqwpfYnvXZWAOGdw7mwDT9H6Ht5s8ul+IJqFGG0goJt6xnoPz6jQGcBXv8LAjXlo7ipAnexIx40UUTtdBSB7pzn+SGs4d09aa1C6im/EWbRa+ceGStHHU/NLppk7cyTI/VAzdzbdeq//67Y9fu8nh+fMbnYMfO+BYJgmVEyVFMdRaXD2c0K3qWA1dTVVDrB8rtpdEwyTrt3OOYkobis9fogO6j8WI5C5pcwDkoEVO1Nw0nVm0jNQTHgn1zcoR1aAJAQjFPnVKZdYyhqoDFOEoFyORw6Cqd9xDfwbJCsaFocbHLBuhvtDluGiqr1B1W+n3nW9WVWlAilYEvee1tjMmjlGOL0lHR8jgS8EROJBZulecNqKfxlFVsPL2jvX8OvaRRj6bxwUHqg1vMQ1h0g/9cmv91kXjkX0UPhFF/cQSnLQ87Y+NFN/JuthJyzZXMmFQIBneBByX9JW0EMbuY/FNOsNSo6Y2Vf+n3WpGObZcmQeSf/FFIohbPS6BSUowfKWkiEeSktSSO+2nWvbWvOPYaxQTt5Cr3EBh7PKNbMhtzPLAHfVJKRZpSTAxk7TNlVzUKceKNpQR7ctH9lySerwdLJ+6aiKbV2ydHwKr7lLf1jJ9VOm1vy88R/kFTH7QAyUvgQGpiaHxf8nHKUKRi9GXYOux7F402ogvmlgRZNCltgw8pDGufadrTUgUvUSxrmS6SVBGYDK9kjlJTVGXzU+6M1DRCCeE5hK4vihWNfvv42lXxfay7olqTPmrzKh8BhpoW4wW5tJu7vCxkUMJIfXOw1dayMr6qLOkytUNLtmQFjHMvPSB0vrMUBxwBjI0jYr2L7BJRWv8nDWALeHWeaR6pcv/qNb15v66Cu0isSmOjvqs7Yu0wFQ+QQEyrE1e9ei2nWVEknHwRR9c/d0TVaR7VZBi+7n8FKMzIFsGbdYSa+gZeOhsdsa94jAaXBvJF2SyMsPRXIPH+AKRpCR7x6OPpKtyBVl0FJNVrTi1UnVIJWBMMYPYUnGveAaM7q6iTn0ySG6Y6bR4k6zHj9dO7RudHQGY2LiNtaeAkmXaeXqmVr8t7j7sOtUuiA5Qmnl/CUtk2/TaZeMaVyX5Ip1ZsiqbMM3DRajQkCODTuA9Jh5oQ2PiDbY95OTFM1cYR9jojoXX3MTckisbom7V3DXnaFxoE/QeWOSS4Bb/KJaw/SgYFLhzA0IyzF9aoTavI4I6GVXuv3/3+Jf+99e3f0SG21Plfo0MASm5vQiv2ZVjE3gcUXGuPSmIax1LLUOL0nOLdOf/EAvGYU1eBzzxNCHoMvO7D28e/9a2rx3CuOAE3F3LcGWGmV3ZPrT5blpovegsBcgscpUEyLso+O7TK82V1kR8+ihU1SY2dCUQBnz05a0mOD7tORrsxmh3wKpW6MKdUJt83bv7OYM9NJZx6ZA9qSVZy/Ns1Q407DvEaY4l0+/u+zEmV31soiYNE3XGvEBKvLK4q1C4foezPZ3dHZuE1p7ztZ3CWugoOhzta8G1NJTLztIwQzPr9DRooj/GXuSgycOQ+HUJs07q6hwSR2AeEEcHwO9+77efuQ4n85+9uvEwmS5K6aiyOIvTx49f/6gH1ItU7BzQRS1SJ+cnzmtSc8g2Z4KiNYEZtFYRR9ayFQVTZH9hy0+qgprVRWlX7bp3+vEnJrUJ6hwUHj6oBSlp/o5yR0XZskOXcC3ca+av3P9NqsPwK/d6ACdqgW0Vnq5nHfCY4vcwLkYtKhicwukw4PHhTivbtHNxxFrPCnV9HLnpkSnm/e3XNZbJvKUk73Q4OUOzKOjKcgysJcISbVGGBLFqhRcPSiPb8szR8oseXqxzePggwZwIMJnXy7l9xS3k7+6ffXR9gzs8tPWsyqtd5gSToxknLiBTws/9pTwoC8RTXzula970qwtbTtoseb3gmvKKaled5l+Tn6yUwrbzk6ygpBGEe7N34wVhpFwGC8pR5Y+02EjBRWFsZdhiN09gO3VBR5eLctlYigAlIB8JuTf60gn1WKao6rU/Hwpy/nH25KUoGUd8nxyTHyIuZpUM5iKeErTTs7iW2fVqSooZb4dqbH1UdAEYYSzrIRPihXB51GYqJ40ZDS5zQcWJLvdGXmBm+jDH9AToOA/VAMT1zQvgoZix7VykHYLqEj6OYH1Tb/y4mJLuCzUFg2Q3ZaXKN1YXgDw8xujC0gljUadTy+4mqalDKCcvMuYNu74VzWG2S62AVZ5gauKQ6iPJkVVXVNoUSe/jsIqU9TsZWosXAKSh9TbRuOiqFzQgBJOoMdUw1v6iJf5Jw9Nm3qHsqF0ft84g3iDElajDnTZb7T558uLU6ntrzxeCQ5bOY8ipt3PBfYSk5iIrvsxKzCplxhS1W8mpONvVVKh0SGyU1xUAvJwb2wCPM8g7ROMiFvMRgt4NHMKMdf0m1+m/umYztyzOR+hTdAp+RPNZ7R+fv3QzoFRfKGdDrT9YJ0ukfQqpGcqClQl7TWrQwzUpAp6g4//A1Vd7rTttN1J/o2lEDFR4hsCYu66nkbgA59ppwxHWZqdTjq+NpBwTAnkEZzemKkDtFy2b1rUfQ4omJaLUrMrn+dtgFd4LQ2oOSU4ahtXGvQnC8WShK5QxBrXub9gb0vBndGL8H+CjPECfVCeADoVud9RcsyaOvqjjCR29wc1ZksY5ClDWy5OVm0wVMrScQB8W/xVU6avP872q8sT+8Jdjxe9AmKsDE5ZjlNyqN68By6AGOvItnzcBu5yuN8lvNTfLdwYfkJ7mYaZ89/Ds69tX3zdPsIwN//UrVwyRsin/x6ubKyN+M1HTgHriQNLTEt9cmiqalxKXOrB4NNV5tBspt4LYwmHFx/7zJMO86NUqZb3MsaPrruswgC1pc7VH/ZhCtqO0cxWYNprHHSDHKiFaADid21/uWX/GBZ53u7D5tmoXVITAZMRdgPmw1Uv6+3WBF69bbORLAgkrOgVwqbZk4l9+BieVx5fbXGUhLZyZXI51Ky2VZj7FaTY7aFHZhKyHuNRJYHlx9cYFHl3wQ+GZmpU/apJWmaPG/mSdTdohAsT2Wowvr+nltAN304p5Nqyg+ipdjsS+mTfuUz0lo88qGhwj8U/TJKJDdg4AtVZTw8XGqRvLzTUIgic5VRyMcSVO3Bb/jiO7hqZTCBLIkVHTMicB+OfZi7sHF6I5LHPk1hSpQHaRyX0TRM4SnssGTzSvnWfnh1wjGtnmj+ZsUD0Zl8bUUXHN+5BmM5YMv3gk2P45yGE3j+oLzLczI0FdnK6uf8ZeV+jo0KU47fP0c81HuxDlMghizZ99ZxoeFU+SYwuJr/VIOfnguXxz0dKnngdxORQlH56wdvCnag23VGQPio7tNSyXxl25CTZArsRy70gX+TlRI04OY9mms2kiDqK87sg/LzUqrU12lclM6T4I2GlfLE2d3QWUczITt107mVgGUD2ZVBg9NNxKypA5k/DnyKsDs2Xv1mG0KDYFoBgLPTEdTriTGIaaVKnb1LhoBoroQnKCnYeLkVduwhuMZy90CrAT6hcL3c2y5x27JkpD7X7l27fvf+HLq69vf+bg09U+eSwLMferwLRxsigGKXe9snzQUVONixVFQwJ2KJK9c9V8V5YrCqXoYdaW5+iseGoMKeK5GgiIdVW5/RuCwiEojl+6YRilgpq2SE9qEDtbwi31OmT1pzEVE0q5uhIMfQ4swOcv54R+NciSPovWLtWcnPNd867vPjQI7S0/JjO+5CeoKf9Ck/NTnYcQ10TK8/aPwlOTIYco19VnIfe2xYyhJiZwvcaZ9ZF4Le+2tY/a8MT1kd/TPFJb7XDJRf8TQV4sbMhYl55Zwr4Ft3hdeFe5CTSG6o/4Pv/4dXxwdB7Lq2s/lnLz8kr65Axe0OYk/DoKlWOIOkiThOD8zaRRTBtKYiVHDRHaXM2Uk5zcgY+c7BuCOTHxyhQeYVpmZkzVpfRgjW4152ghs9XX2vZd1dgGc5uqcdB4loaw59cjOhgZ6u8UKJ+IJzUg1XGdzD3WHfKLpTGWR30330Q/0YOopjv0h7FWdeL/hGx+jDoKLx9InmptqeC5XherDiENJY2yLP4T1VWU40T4Xqjy4hPN8cORf5xW1ZItUf3L+COv3GhzKatQ++se2qHzqfrivwVDlzVKqqubjLnssq8P1JOsbp9hIhRhciKvIRfyNFQ29fba3+78mtG5aE3k8OrndHQTMrU+GF48SCdf7+l8vgMYl204K32kqesvOflySpM7ddMHgPIqUKRW3VPnSkj5PCcT0DR8qJHplWOJMZSJCtqlY6qbWKVOdwf6yV0/poXYJLY/Xgh/u2NApQcrrKcvrU5ZK6w5EOPpuld6VK1cbX/LoepoagSZlgTEm4fq2JipqDa6MujrgAwzHQ9oXJvRHqKx1iU8ychBGe2q1ybTeba9+LOh3it3ELlkS8o63/FHo6pC2lvGStyOoxrsHHiEu2Bu2fL6+pUlPQPQ23eusH38/Obqf/0v/tG3v7huxbwpwlQW9DSbMP/CF89//duv3IMrS1q/LVx0NHoC6ACSjtO825+aACileyMoqC4owNbPXsIIRuthjYsIW2kwNciThtY8SY4JvYhQpmaxnF9NJKPEYBGyjDRENudP20vLt368LFt7lgklcwOBBvb7BxdqcGgTHZ2YPOxNkAud3RBsxdZKPPryEGHBOgIIb/g/Li7fi63/Ii+8XN7LIJ30NjpkiKAkKaYLZBPTJU4qOsmSfxqPmzCr6A6HnqRYJ+CEJ7khq0WjS6WNIEilxAZzGTH9cxxTuIHeARqW8ExCuJ5ageqQjioRAUkWsfbAKVPxmdfFXwYWATcmuAfbmn7qmw32EJjWdF1UceUpOmMXFgc+g2p2U0TFxn3A7uK8e3SPb5I816UFLo+tZC0vtR7RqFI2WSheyO9y/9WV8yEkXmyQO83q8k8mNAshPwNIxXrxhECs0OexS1ta06ZL93kC1rwqu2po0kFDyXZmByHP21AnRXO1U01dMuUzUZ6Aef/o2Ad7rTK1jCqpy25wbPJAEpv1K0aSxHyZ/mLhnZe88rWiCrG14dUcorN1ajK2DwJrLHbIVzyQeUPtRz+oXMAcODkw32q7x15qPqamdYK4OpHXycfaUyhKufR0KOZc5ss3zfK7ip9ruhAUdleqD+nz+/vbm5fOjGlHXasDAKwOfFKkPYlqR0FrsJK+2kHVrKWkVpwYxpqo5Bpl/OgYUGnSOhdXRvVzHoPkoyyp2Hf+rNhWWcPfZU3t4/Tvz555SsG/+Bd+8ofvPGy3jpeD66leXbfM3iWCH//iH7y9udHgHGy4Udhj0K6BZuvNq3qhTkFINEnAdy4QqtMhJc0AMJIr8j9X7cydenNzhirG5NAiYg5dD0D7/sqsPLaFEzByBVPcL/TQne5efJYPlKztcZZXB5FuquA0W0JV6DAHBTwK+6upha6PMsT3efGMnTW/JTN4kZXReOD0DDEltXLF3gmVqOVtQmmsYh72fRHa1nTPsqOwsrgLKxFrjYAAGiYvDJvft0OVXV9J6VOMbC6G2dOrKp/R9QrNGnQlYyzrcu7ZidSOII1DBGQM+IjHgDq+Iz2WCfd1OERbFFFMWv4tby8vTIqTm4OQ0Rn7n4DUbvLn3lSegnjiRBl371WcuKyc0SvKA7HJOvupFyD7DR82LrVHecImqnEoGNERPQNOxNQf5ZUfY1JTh+F773kmooM2HBK+Y9nmCU14VzLL6ZgDsuXCd0KGnbQp1krLz6GZnSnCIJ8wlWeDVJZUEQZt/wlLOVPntXyruop52zex41e4V4+q85qgiUoolhP09B4JkSj2H8S+j5NHW8dwJBwQNfLVgxy4vb6RNcMKTYK0qOw82DWjzXuK2IVNZx0UUnDwpS8kNbK4VfGyPZ7OSIF2A2IniJPIJctVFrW9AKf2kieRBDMyxZgRrkMqa1nUSd4I0tujOSJfAl2woVJNhZxfQw1Pk/287Jx3QoN8Poiv92skkpIlG6vq3Kuo36KkddS2Le1QZUwdbGpQgdQbJ0pbmZ8x+TEhvhvHcoQYHwmLN7s3IPZJen67sJQKbZLZUFJ5bYSoM/sHr/ZyqlaOeMrDCdRQVBJPazHfzNqUxFfPGNGwB16/XPegKKYaaSNXsvXjvpoXMLB75y1qVV7DBFCfPoR9xMiYOUdpHkmYyV9+VU/GzqpFXIklvb166smK5v3JAfrCPcHzeHiz+wlnGjO8EYdL8j/rkulR2l0tk/+hcY9jM1/63e5hjmWsdwvn65evnc03MBcNw0QPXMlRpgHmacYsIzmb4W6VlhrSFPg2FEoQGWUIL0aCIU6qa3CAWHPDpVRlA1/mrk2sVTXooeTx4t6ojsbUPMHWx/B1wNwZddccGH9rTCq7SqmJGQIrna/6BS4Wl7l0RXHVEnravLmAbmE1v+5q82KJvt6RYicHzLwpp325B876YsJLj1y45mjzyLYbYfgztPJaj1qSGdG17n1LCtMvNV4SSPFaUO3fTxbE94pudxCfey4URFjQCivXc1MIShXFEHLpcpHWaNMcQy1kNobiIkZB0rwvhZfWsxzJgKwc6FEd4j6zalHqWiw2CAdbu1DIRFA0O3RDh6h174sz7zjyRC2Meb2xoSmnRmqNs06jbe+1gxI6iWTY6KbnXOFXm0pRRxtlUqZm+Yw9TWyenqv1W75LwDCHkTi0iGtHgpMpZQui/lY949mndIy5YA5TX8ynSjeZtQxZQSv6DFjUepC8hJJwEQAnhFsFXyqKvpZVdiV2M+8QZrAOg8BkBnfcffdKUBzybPrgSTM5nM/DGEJsjmZq2rFV/qG+a6x0oTvhwNGuhs9raedBec63eY8L6slZSqDL/+hu+FgTzW0moK+NRdR0bH/Vsr9ObcNCP85QOJsXX93oKO7rR9wI8fjq9ZurPTug3kAjMro58/D8ptugnbtTNadnHVVU0p6LO+nluwCVMEoy1SV3PAypPTDyKljOZNhmoHJigaAkIZLI5YvX1zY66Ufqx/ufvnv8w5/0QKuZX3ehiXs8kcp3Hx5/+I4TH26lnoOirT4HgKEm3znrwdU/DlTzRuNTPaP69cfHggIASyfz1OzjbNjuRFZBrXX3krXcObfLhtzTaEFw0vurfVMt4HIDL73Yiu1H5NR3mrTZcz1uzY/m4m1n3EMZCXY5sqGpVs7PA3K8Rfyxp6OIyNKB/jJEjXcYOtBH7LOu+JKo4SQ96330OeS0sk6Bj0xqq7+ZHCFrox5XH+Me1T6edqO8sPoOVh5+om5Xqf20xHMx/SAK+moPLOztb1I2MH0oPEimMeuNOwjrD8IVzxJzqtJTg1DpQ31gttP3RHxj0alYpaoBy/zkXUhHgTE1lyJYjpFPggMUqipGWEMLVbYUqzGrLUeGjIdO1zKAg1UoDsCJr4zVw4I/uQSkMZZBsDvJ+6Qi9icJtb6g2495sCJO6MrKseTl6rK8nTOaR3aRFHktqOokex0DFRkTLkVTlJ5L7egQNmlJQ9JWexzEBR0A6DaKo498kvyQab/tXRimFr4pR9hW9HkF2dwyXzwxEJfQDElwL9JGX9XA9F03fiBVG5g+L0V1cYqbHumnGuU4SLsOSJr36WHbOtJOhJOmJ/WtvdWt6CyeFGjpBUIbzglzxEa6bK3HDJz5Q6ozmrOb0kI3HRu3jl9qykpn/FIqG/zBrV+I93J3lgyjXxEXw1TwsrOBrK1wGjE2Xhf2otgMvu66jqs+sTsCe1E2jUDxQQVZElabE1oRG+aXvnAsfjmXxTkEhaFz3xmFnvQ6wdpLIQlwUU15BWqnYL5O5cbAE/cnvWlHmNkHyMzAqCSLE+rTHp1995lUr8qz4qIx+F0CpMCYAeeickY2pM2Oc3pCkU6pEt5kAFV8TdtmtqSK9VQ1Oo8ljtOqBoRTjh85HUEDAQfVBqquZNnRZoDmjTbRdUNqQyYYZllD2SXysBg+6ftwd9f9e3Y9e9E04pP7MnuijqsxpDCcV69fWScz5nekfhmYmnUYF4UDp6NyISxY7KPTGJK5M0BT52IWDljghKnZTO4rj1YPnckG2zwinsAe9mfW0rHE/LvMxPnx5dXth48f3lgqLCVkTN7t08SR5oocqMy11hGXLPQc9cdVxOpehmlzNYj4S/g0Qp9cvhCjaRjUdEuA0Ksj3642t1Qtg8JRILwuvTUnn/4pFUbeaMIjCHbslQtco2MgbGdRmr9RTbP5Uwu0/eQRt+gk8hfautI8lsbYDkgwWJ1DR6VuttQKThq3G/iRYEq9nUC1dehTMKpsOTtZnUPCqo7hS6kC12mH+jQnXa7cK/LeGSR50O0WglBAwQxoPLXQ2qDatJZZflvOBdp3jKTBPDWjhUwzyL3MCaJUSDF5qWcNb8CWO/V4bdDS3BdyWkcW29yzNJwLVsQIr5blL+bFRfO5FGX2lkOzvI86AunPxPMzZHV5a9liBeAxyv3wrhfv4jQ3z3TACXcWnHmpUxMOSkUMAMWJB39/RRyQOTxA3uejDZslxgqAzDr/2ZwTSKlojSt3wSJHlXe+SMMYp4OQTssR4ZFLmcywxb0knWj7nYxoyU2JiXDVE1ORu3Fl4O2di7LcSa8FSMgHInHFqPe4Nx13Ty0T2eXxrJ/E013hOhIHga6g6QBggEMHcjbAX1cFlizmRhvIQF+Cm++G0uARLlhabTj0DZ9XrgtqFl+YVRe6LMklFNX5cMWjy7G6o/fD3e3rl8+uu2DLPQzB9mQf6fdK7/lw+3lH/J2mkMY3bt54+Pjh1n0C/WLa7l3x430UexfnMHRM0m7LPO2mNufynb4iGKXMKY+BP6vaPTpFqsMbHpZNUoDM02NiZwvQOHkF26LbNMEpmC64ktuGzYdPPWlJm2KnprENgoizsCD7HdKUjoEoxwKWj+oeclc9yKnIRcXhAI5kW4UjhshInxnjUziiurTkboozRSNf9zbq6c4nRZicLAvDhXu2pbzay2vb8Y0w+vQ/0azNoIwqAracHeTbWOwDWUWFcx3/qI1Ecb5b/3F2mxjNHaGaKcN/UGI4CJhZAKXMstVuG3GAUepmlq8yeMUJT17ll6L0/3HdsXqMs28BS5z/wGe2ToznzhRAeSDOB6ljmkSFwYnRxqZtuA6o6USVGy44UxHWk1uF8JCOf44rQMnzijaxSvLajDx2lTqUqTrOPuSzZ64GcGjHO3tsHcvmhMIHVms9mVurnXHTARMIcaVgyCKfyMt+lSro+ONgktlSdfR9NH3oUGCiMmihSDv/tF0CbQf1USbLm0bN5PkQGcbzH08qjvgYvAEvSEyp3SkoSoG1wbyDhJ6aqOyJfWKybpIaTM2c8iYsTLR0YoVFP6tMaaISkwHLtaSL3iXTyIl5lVHZ6bN9Fe1NQPIJmpePuPqivaJClhQE9UVeGxxiCfLk652aHQKkYxrj8B7/pnJdhIUos5KiaaZSD5bgWaQo0Qr4gc350QuMdAUYqfF9fcrpMUKbqucWFO/9hGozp7DW/8IRZK4f3rBvqqi0xavU1wmXMpOQdPQ5JL2V1S/FliT9giKQkt873RdG+4NLuwANX0NX/pzAViqPqCwcsKNV40qNl/GskMVylk+KbjhyjmbO4VDY4wtDn0tTttBtXkR3IgYWez7HOsSK5dXJOoAyIof4PJKLQjZcyG0cQ+oBbZKxfG1CU2+gsBPvm4ucpltMQyXuzz/duSlTCBpWO5wxSCp0F53QtDskuZtMI5vPgaeoHib/nZk8JsSpX6l66/6N6grInbEmgfxj4JcOrZn12By6wDD4d8jsnHiLy85LWAxjcpcAtS716d2H+8/f3Lhyx6AeEqrQs9AkwcYWzDKfrTDoWZdLXYLSsc784jElj37+s4QQF36xsdnkIqRItelsCRZqWU6cZpPzA91bozUT6TRHARHD8qNyu3ok1U1T5mTeYb3QBVZRUbrkJ2fa5k4becmjS9XQxl8uRNC68je1WPvetmlF/AEIUB/AgVc3j6K6qMMzZy8NypMT65IcwKWO0vZU7a9UC2aYzmuYl5PT6jbQGl1Bub/rCbG89f72rjtD7vYsVbPG+0eX9btOkwMsiJrQCOP8Xg+pCpsjMLEg5+H+Xu7B+9Av7Ob4ns7aeSV5wooegxqQ/NejkJr981a2IWcYC7ks0PMQSzokrYJZ7c2QQ+4zU30kHH27eaAQ9sKErS6FjMKckFfms/Xe0c8tJVSW6MPZWAA7mv1m6OQaibt+ITlzLZFRhjFwvjWtWk9N5fKx+qGlCtflCHkgM/aMDACmHM96CiLs5iof8rC6GoHnUJmmP+y8GWF5gryysxwBuTGJ3bRYGGCzu2iUS3SX8HzhIaAvXXnSgXcJTjuW568EtrYg1+4+XblAMOAZ0x23HYGkBnV4RGutv86Eb1VQTzkd2dY7/N3wXapO1HkecWcWViCQwKEsOOJfgufHZiR5bt2kIx+7nYWysOEWXrxXN7cfP9QdXF/d3t57NqrktCz1AaDdauKobteunXUMSgvJreQl3zFU5wVDOIyUy9KuH1xHMAeWukFQUiAGI18CpRja5ZLERJMHq9C4e4bTg3U73mvasp7HYNtFR8T6NRIHIwSIiYOdrtJkgesQSa4/7jyoDVJzIG8gCJyTcXlrauZeLjrYfDJD1QlJO1hjEiTfxVRR+Ym0iGVXJF182PFWrFFWF1VZF3fkfyw7o4vhKBMf24XEZhkhcgkrj1a9j+T0j/YpjyI5hAOp8ST8EorIQo0JV53x+d7iapth6rt05sfaJPq2U3PMjXsvXupnAAAgAElEQVQYw1z5SSeykiyBKUl0OhcMX6E89h6cCpRUaCP3HdUosYJMWAfV9M6FfZW3c0FuivxgmiBFa7krDLFSCRFF80lW+M6D6Qk7JYmPb0UJiyHLFIQte9oegvSrzSyvGv2+h3+bGf3klpimO5pIJh2q4E3KkYuR2jqQHJaA6RzCqZ6gAyKOsGLIs1NH9oFIZnXeB0Of/aW/VxvbGVR0se0SoFVHeGoqt7PGB1WBqMgmxfOX4BxhfceUy/6ELpscHbBATu2ALS+YejqfxVz9DAhDkJDXqJt3TGtRIjx7oxjz9NVx64bg0ZU2wbKY5Xp6vBo4hkXsScaT9PYvCZSjKKuvSulMbv+C5rhjOlUyu/AtGZPlNe5ZdQKrAyApmDRzi8G2E7YlSSlzWJ4EaFQ1mNYlOgPhZZTcNOcAD2XToLyxUxRzE8tyDd3ZYAtbZ3JnxQrTXxzXGxnvSdHvB6cJmmWleM05jEWayoNfpdSxlpMmSQr4mv6MG1Mjbxub+iktA3LFYKnIOznQ37rq7SudwHLkiOmzqosL41ZEbh5Nou0N73kqRyio8XZqJlJN1wTOTLqRQwm02Vf/z2nGgfqnXbe+dn7gbSxi0YFH0eDzf2ovDZlaipfTIQhIsJBuo6KCtOYmuBnWK7yOmkqVxsqxeOz0IwgW9q2J99iMYF89Pr+zfFlgey4+e9C/+nD7cHPTL/uY5hF/bTotiztBcOmNDObgGNH8sbMLgTIYUMWdYNJ+zAT5HFEPFuQLXugoKWhN/80/kMofzxr66BTEq3eUYb1yBCXKVsXY7bw9MX4KyfOyE41t5730Q/WSrPXhKR/cYAS99zR02utWMfljfPMzFwo15WHxcHp+C4NFDEQTUOdBPA7p/n0PQuJYswpT1fxqsZp5zTSa7jSEaLacCxe9BZ4CbVz23TS/4M8UtLy5LrzkqZPBnLjC2Kus8K9RKM/vdr1shDjRx4bkn3ROp3/g1kQOUTIlk/LCQDu+5VVuURfOErFK36NIMwCXKOS92TArMi11qo+odvUPLzlJhC0Mf337oSeyffp4++EDEueUHt9+fHh/52Ex7rJoZu+HFO78TvPu9HXHwJ0Ik/HRs+rR0G227+coCHzpcU0GvGcvb9/fvvvqZ9/6U99euLhyHN9grCHZgepMR6oIYshl6sxU0urJHJi9cih3ura7hpWT2FcIchgrS4teJx6aiOJEmrTJ2LTl6LXKHGKvA8SHBw/Cl5aelmPaKdkc6Shu6/275+9/Zv6GJd35HZchCfa17YuGQAXv+PmEKyzoAuezWJ6eKZyTpWwnL7rdtm6Y4CHWVtYiHd3ev//gjuwHxwDNFDnqTCRMHNMVw7oqbbxWWw60oWugELWzT/dM560ykg9qOog1Sy2hGTOxHzYtHje2qw7Vyji30Nx9qD2IrMd5KctfMpqNOZj/84o2S8ixf/UbGOpwSujPXxdIEWKjS4Ly1pw4Q8kh6IK69PQbGU5QdFGQ6/61b2el3hUHvpZT/bRZS+qONN0TLCu0y+6V7vLFUkzwO9IOkt7AniWJ/CK+vAa1YwyUTCtr4MiKE886BAJEEF/d/LImpWVUmdb/ckfJkqEf1rj7cNtkv+NHUuv0uBOdQ+vr554/fKuJfXpz7TiunyHpwOYB9GTpmQTdYUFpqIBxSVDTdGcK9b2OnaFSWgapQ6OzhZnCHLlVDdThzfeqSkoO8Nqubqt+q92JR5HFuH3UwdhQydy+7MePU0mVp/hUXWiruGioJMIsiGZ0PiraLjm17VGl/4/rgMgAYVBfAz9A1ufFGq36bjyqG1Xf8SGui2xxquPLHMh9kPGN2uieQNh6QsBrNS8v/pzLZnb8aLI5J0yOjTlyPhzHk3A5sFdywp1x45rNxK8Jrtj4IPF7IJW0jEoPIPirwy1ZvI86QvBV6J2KwTxG5OKjJ54qTuU+jzSbMebEp9IjY/QVZSEhlZZoSxDFm0RgzGM5BRrUZdKFIuXn5fvsnIK2z1Qpiqk9jWC7w6O8XKfzxOobpWGNhfvMYy5IL2qqWDbMmuiqD3kxgxxMu5UkpuTpq50a+yDaqaAjuLh69RmKY0KcM7fauGbNqFTZm4SQ5Bf62pqkOElvynPGzl0v/fLO1wu9ld9W3Nw2+URrjXnA1pAlTseukoJEB0sSDFRE3sirjaNNwVLLmnZXVY+0HfulkFUyPVAWb7WFtl3HoYtvafS9/klFl4cPRsg7Rw+8nKwB6a2M4MXGOf2FdF1OWyZqG1MH1ZDT+m5JnGZgpH/9JqtqjIoq9COUp3PyYzSffvDW4wHz1gw46W52lJ2t9ZovfHr+9f1Vc7Jjki6d03TBZeDFLXjzQ4NMjtlJH+oWj8Jy0KhlCgg18by7Tjq6uc/GvLf9epOcbUDFkRn4mkVEbEUTNF2FvPjq9tPbew+TM9/miZRF29CSt2jm3LfuQUVvtOrorxkmiXSamTviifAIXj5mZutzGwOyhiQ5mbkFLh/WDm2utaZtxjT22sbIuPqHIvjp89fXH40ozz/dvLm5uW7kenzhJjnzVWtgjkyIe9WlrOLWhdhkwfXMbzMVEj8X+vDx9uHxx+89sKVpULMBh3Odh+tQBzgow7h3vXDAYs1eSfTp+YcXz768RsaPmcxHO/bYXaSeh2NS/t2fe/nltx+/+tnLu08e4UeGJamXDvvqG7u377MvneTfr4F2jdC5iMBVTt2sAL0Jepnf5AGI1t7YrihHyFa+9rjGz69yYZs9NnQ/shXkLmq39v/Z9bwlqk4DnJQSp4JPW/HeswLnmyYRhX2tgqv0yEA93hu3Yyj6kstvGnDLch9hf0sK5PxfNx4a+cpVFQXZhEJew1FEylGH5+iKaCVVtWkf14l0DbPtfhDVPRzSUxsJfoEjtystRMNNop9998JR4pfNiZM9S5i+Fsb0nL/aRQLQyOrv/dbP/eFPv3r1+jOXUnucEpldP6ZP8fOxJvJ3H3/8gz969uzq8dW9y0jubx5evr6+v//QZSruDnD/77eeX333MzdoJ5wlTWSbNotRh4gf7vpFK3O1XUx4GS5mdLbP6lT232vNwl5Z2m5R/fjp/Vdc2KOh9Ar7Hd8UiRTbhMjZn1ce1hn9grJGRFzfpyVFnNFShzfyZN9c0FAi02BzYYlmjgrwF8/uH/sJCR18y7y3d6/cH5F2ORdqxOsIho8b1QSZ4DXbOoGiqbVsJgBU14SNwDzbtWNVYeq/gHsOqztb9bVnJcQi/Kd7fnvx/N0zF/G9+PJv/k0t2aEu9QQK71KohhCUYHVcwck66BKSAUc8pwjldz7jvC6/q//qkfkZfrJPlFvQyUtCI2rk0dsDnXiPVK3pL/7hyx/83uvrG4E1Q4aipkBEWc7Aj67La64NFgD4+FSVA3ONGppXV//GH7U+sjrtOMfDzVX1Th1SsylxGjzjWLRAVUTS7f2nt3evCwjqF9fc59e1PK6p7H35muV+IeGxJw2z40pf26hmUl3iECSLDXQ3PeGsjk1lzw6jgK9dB5Xifolv5nTYp+cvRXKf7LpyVLzTkjsGKPQAQ2+dao1c7+b46OY3f+X6t3791Qv+MZNxPUPHmSISXneYPLv/2lVPf/T+2bu7fveNXAs0+0HAcu7N6w8/fNtQk9YiuaxYWmxUsh/aKtPefyHKf7qfdYk969n1UYi0FGY+ScivjViGM19NnTGNFTpbOSiD+mvbXwR97BWWyyuy9rxj2Gssk1HFpfbUKK3oEEqsU7qSS9UMRMBF2dRGbXmEWMUe+8yx9/Lh3ddmMsubkBY/DF6i5wjPM27ffDnnFVA5KJeMdkURFYpeGZmC7dqoH5/Wo3aqK4hyNh5DK4olTvLKzovaiZwGgrE9MdcPJeIMBOvL79+/F3nNqrEkq0uqkjufay9tMQmTNiKz0jQZyo4R9qruNeznq5LgnI8njgi+aWJVmeD0tT4D9SBdMi0wCZnoffoY+pmd8KTpHmiJ6JQcxdtOWjLWF0Uxxui2fT6UreCCFDmmEcR8bgI++/tUt3rfc6Zv/LiSM44AKNCR58AnWBlQSvuI5Ui0VX2ll0OetOt1DqTxTDii8z1tYyZsfGhLtWJx1J8xNnDNlp79uz+8+8mH+jyDusVOwdXLVRv7HD5xkx9i7AeCkqEr+gjlbUgDEgg5nOP3kiAN+7X6OqJMUklHGR/u3KMfsM5jYG7dg4qNnVtf72nWMdcofCJuCFzXp9/+nR89/C5tXaWgL2nliYKTlqcpIvdXdxrQgV5sQgn0LtSoN5q5KBwA1IFqw63QGDGuDC0zBsnsokKHFfuLP/rZxz96904nFf5JZ1gJ0E7fl5lT8j3TvsYvDmE8YWkDZbOBvGAXk/++ZQiHIQa/vSM/X/mDKI8fKfXW6Ree0cW38ZIfjKKZXjn/mdZ0MMDXkKH6yfvHf/X33ulv1LV0xYx45q92eSqxM+WSmAdj6gonDA1ILD0GpBfbBTHeg62J6cJfn9mRWIIfrz3H/PHT3/dn/mzjAC/MMgJbKXQPbaBe/OTuw4GWPwbOxnHAq9cv/58//Olv/4XfM3wGRjwCsYtVAMjo0znx+5JzIOclBzbsfHz76eN/7e/7/nduuurHyAfAg+O9JtiuAHn206/e/pl/8O//B/5L/9hPf/d3nN920iJnGLt7Uk7pyoN+cKjJsJYxLxUPG0wEvqw3qvskD+gaAcPJWCI6kL3+9PZnP/pn/wdXLHl1nWu2BmfSzLFmOS6hfvbmzbvbh2tywu1EASF0nG7xZAfBpcY3MUq8fK0d8d/jsy9+sWssCliQXKNNOxDyoSYYM6eVlXbK+4vndAN+oKwHZgpwxx7couq02wJfI8wSBvea+BPFHBle70/vf/b40x/YEjpp1uElVjxOpjQpNsP+7Pmrz40rWe8FxY5fQ2VP7mocx54jU3LWdeVoP0/2N/09v/E3/F2/IQBlF5UeqFKa7yaMN29+/Nf++u/8pb9w/dlrB5a3eeX6/c4GdD/G44u3N+//zN/+a7/5d/8ZvyhsOTPT05QfOhY8TjYnu/Uom7pExd5rdHPFGmBUccwPEAbap7rhcJfBj36/CesMcWLCjQfml2bn5Du1c/Wd773+uT/lWGQiaE9QQojJTRTn52y2L83Mz+ybvTbXTbFV2FceJd9PVglyKykbk8XZ0vJg3K4z4MWQkZiRfSWdioT4Vlqt0oDLh6ag80M75UD1SmiQ3KA4gfbi8adfPf7srSYBoVmptWrE5qIfbx1efbj69V/9B//b/9Vn739MrE4Sf6mWvsAMhG8AJjbL6gVPVaYdW05ks0UO01PjC3jzkIxAmQF9VHfaonKH7m//Z/+Lv/av/rbLiD5z9X0xFD3diUrHTvTEaQhoitmwqnUcUCW7ifdXH2/+5/+vH3tOv6aSY09A5inbKfVvttSieTi8/fGcOCX65fWXN79osV9aTn7zpV018OrZHT99ur7+4jtffO/x8b3WYXVd+CBDm486p7ye+9Wz159/5pzn3e1dhieNlM4G1AEF4/n97Yca5hqB3ql7d8gpk3JGHiVvn20X8U8ulnvx4eE3/tx/4nv/wN/1+NbvZJu/FVIrXs876HUA9Ozm889+95/5V374z/07r17fFI2t2qz363jHaQNA/FI2x22oCvWU+urbm/Z8DGOOn7cG43jL54fbr3769Q+6+Ks8n4etxjBtfYg1nS+/86dePL/GXqwXMZ/HumMSoZnWwU+Jf8wMR1u8MFSX0hXKgpX3MVj2/+TrQltkwxx4f3HFXtwZIgI7tZwrL8bWXjkOhpketWz6we/9zu3Pvnrx8g2PlayFNJKIHh+vP/v8F3/z36+dGfD0e53cylUJHVYY2TXllzCqIjlk4d/e9CUx0VWC9s1W6AmrYy/3Et07sjyXBNXR9Dm+mgDaxchB/J3VBN2hZST5piWU2YHbUOAGqiMBJ2lkJDEzBHBkdqeyykvBrCeh8trrCZqvUWQtH2R3atI0YDZsThbdM8X3XJk9ivaJSjuoHSf/AKpmsvpI7sEywBNa7aG5UE55OpISs89JO1hDEYNp6CgO+aE8aNMwuGMe0RKg3cTGncfHI4sYLXXs0jPjYt5mSV8Ta38+8n0xYPByVyUjJilkY514SIN8pJk8UKTdIi/TasAfHp7fPRqW9CXGKbXn6DKwYW3Og92ur5Oc5NXJLsK+areyh35OR9r24oIjvjXcE9vTH9m+YGw6bU7U0pF0AcukW9rViGbxZk46z12OoUyTy5SaOsnjdR3I1S0M1JPRpbmBDsYSS8zK81gQSKp9J4O5OShf+Gg9h8iqXRrQTK2Wh7NF1t3wOjG1+TyiznhmWtSSDQm+miLVOddItJ928qHpS26wBlejulzUOb2klL0ctwiFz2stu6+cWp8Y5GKbN/2Nyn4tlTMke/r3WzERsDNSNU0UKjEfElYXsI/bqnHL1M5CzOHGnWZmdtRSdLrdbTMgbLVr7sMVinrYS0aEEDrR6UKaGoS9VId0xEtqQs7qJ32lX3P7LSXE7O7LCee+RTBLKQ0447s03zr4s56YYbJovl1AtlyaWz0mu8B0Y67ZB7VCAv8Ja1LqwvIABK0jiIthvlVuk5GeXa9Te20x30rYczOA82s7qEQQTkF0bU0z/Wd37968eeMmUxEBsymmKwFs5FT6SV2gFc3GYpOblp+ZlxNzivwtr/IrKWpcgX73ya+K9VNGj/e3+POn8vtHFxJYN7x7/87a9ptf/dte3r51gOJyLfXNJp24McXNVhAYXzngyxWOJVve1Fq79uhP/VlrzOgTja6prY2Osik8668Y1DZl3d8SD838B7ulx2ZISOS+v/l0Ezc78nfshPpf30AK4mrKljO0NZENPZXSxdE6PEA4cpYSLS7WRRDQcBCKdo6Q5eYkrqOYsk2UmqA++3TbCmmph67wFPrnn8TVvRqv3r8rws8dXtYNITOYmVd194AiD4xxrdOdQ4MeIkRfnQr5wdb0ml8J147lQneEQyo5Akxjl5Dlj6LqBQIAdRDhmMgsrS/KnXzeY1zqHfRpSshuXTxXok7CtPhYv0hUHg25GvDn/tIJnaLHh5tvffcX/vb/mFviCTSLePCDWd0AbVXewMyVnbp5dAjdXE2exBRyFrIxIfUyx3uEyox6g7T7WHcYIaJFJBfYWdX89+z6+sNv/2vPv3pb4k6cK/Q05gx1ouz66oUl7ha9ncptREZ23LhWkJ7sVTje3KEhZO/ExXBZDKq+jjWfw6mlNPm1Yr0lyCMGW9KQ0jM1j2+/RtY1OeUJzq50mQWJoTi31s/tiJ/h+RkvMbUEs2jX9vkBjuvHOwfCjghU6xw0TZoCMoS1QqNEvqyt+2rB+rFj+ALtEf7P3xDmfLazUmcEI4TmDgndDvDwjlR3OynZFTjgCEqmELNmrINQK33cH9w4YvBRT7n1gcYUjC76MktrHYpMUEAcoIMor5yX6nKhlt7zrW5ccnn/9v1zZ8PcBy9ExN33A24I3Hlx9/HWlZVX15/rsz++iIC8emHQ69UKOi8mkNOBy6Ft0d2fMMyQleTbzM5FeckGem6Z480qW7Rau6uvyggXJ2s69av9JbU3pbkIaeHymsCjc4CKSyqKZ27KjWs6xxn2ZYeqvROAOFyknYplzzII0cT37RXoOq82m5T50osFogTbRFavaqBKbSVZEWBMNuqnqCkJw5aFTSBLJWqm1UapF5hEgK1CzDvoS8SxJMWwzhknBuQjiEQdqs0PQjaNiDehIo/lF4umP03R5ySM8jIdlK6lHGiX1gilzFtYBH5qG06Vlen+Cc7VxB1sRE18KAYlDVGNpO/snusOpANuIOeMHBHuw5AnaiSZneA+wM3DZ/NomXrF7Ii2eqpsK3sC5rvqAPZeuf0jUtmTjiRf9JyNiFfdB8OFrguPgzD2GHpFdDinuF7mUCzFogBKyUyLqdZ0KUz/ZG7c01PZifgicnYdjcpThLP6ED0JaufslX7TkoTqQ7D3UkTWXFt5aCmqFih+AtlSRK8y7ACuP1lvNseGqKZ68ejQne3EDxMd69EmR3Z0VKFs7WFOIo5oAc2LtWacHQEPq1K70JYL+SUWM5kFCueYm3l2YDCbSEl2c7Ze6zRIVRyedBiCZ9EZiSe6p6Sd3NByUNLmw5//lGlOBJEA3BGUK43VfHSMVgFrobPkpd8f2dNgoDAsJ3ikWeMhpV5T6mQccykeF53zTS0xCAGjpnW27B+iE+bsUe7jSAElMd6ZoLQIlhN2Zpwu3UYydf06ovrYBtmijtq67CqV4mgc8pWvMr+aLBeaJsatC1EvkF5HaT86TFH0054dPBSn145cF/nTWpJXMAgcuEaOdU3MtlHvX1WmlKUNiLs2x3xXT+nuTJMb/lomsMtU3HSHCewxKJZDnz5lgiu8OxWZN3yYjhTQlHFa9tKEtjnoDKMvQtNwQ6+xp9mlCxk8Bwgz1ldXNze3H5zAob0ZnxtPGnwy+Ti/tjPg8KpvqdtuRzUZwlPezDFsQ2qqmeMBWkO7e/7qpjk9F1BnllAn+8K1ZUUNzKtXN9//pRd3zlUYlZ9CUEMhMdHuH9g8I2tzXP9LMao5ykLni88dsTRCdaxWKcKCZhW8QMeYr/LJRNrtOgFVxeC0nLZOcIIHmPexWcXZyhlJbqzC6nVB2ICYv3JGF4vvcO+lWzd6ouKDKVqI5dsZQW1OEaEZRMgCSesyJG0DC0HdUGmKjO/4J4cv65LZDMdU9E6Gf3rw20pmNkK6Kf68VFuYhXzDM1NESfaW0yEGeURzjq2aiMK94CujMnKv/Pi0DRJz8bsWB6QdABwyLpceHal5gq1pZZ3i0h49jZkyMdtKfxvBoCkHrrr45jTAa/jCdXNDiEy4thzbga5E+ixotRRdbysA4GS7/UxNJH0d1zkU0U47jOR3j9CRzMEI2+gImfMzbhmy+lABYX64XykuoZbw6zfuXdjWw4dePe/U1d3V9VVqS/LDG3OpuHUXRdNXE/BmZp62UUFVaWdMm33Znt+rDedsUgLcpi7DuayRbFs1EFLnJep0yWsOkaexzwtJZXfeUSQPuIa7fF1d39x5APGdn4Xo8UqSYt0sIY1E/WHo2J1egEPcWQ4XStDuYvmWGKS+G4W64Sl+mvNq4NK2wLCHF0leKiOpodExN8wkkV3U6mtKnOAZDRULDVLRJXQNPOd5D9uZFywDSlUe8t9KCI/irZejBDrZmGVueZcAUOhU0qKzgZxDzv1J+FrpiD1q3ReBWbOI19GkOeGTi6rAnVxr238YBHWBYGO0iLPNBgrkCnEujsq96KpQ9TENm3xcfNI4qb6Etj0N9AhC5pXG7E5oUPlpUgI3R4wq8RM1zCH1CkbghzziglKhohmroK6U0jUKUP//XP1ZrO7bmt93rWZ2a+29T1NVp1zlruyyseM0NkRGQU5CIiMlKCGJEDdBSnJFLiJyh8Q9cIG4jFDuEISAEETKDRcgEiVBSosgTuzYclNlx+W4OledU+fss/dea865Gj7f33jnOgX/Od/3/f/HeMbz/J5mtP+OtJKakK3PlUM1hvVtX5yu5U8Z7qhgyYmTUJuncFDj1Fe4Ukt2NghL4uwo1r6jhesIHUXbFpCgpi1G/ZYyruWPh4TT4KdVROWshih4eMwdiupoKWpFDIeCrTBIJ11xw6MkXey+jiSrtBXQ08j+TyyMdNuIlM5nlQ9mGakee3LbKeXI6ORKo5vgLyPrlD0zTYVxuhTq58lQKzGjYZshJiqlaw2iDETcLoXPTmmX7aQ/HZWRf2xdOZP98LqQH1gL6dTAtWp1YY7okI1hbjnb3G13x+ktaJ5EbCcZJxf4/gZx3IqNnxwdKLM3e1Uh8FzivGY/W8eqiui8Y/gwVKtmyQZKK1I9u0DIUOnC4ZWs+FxxnDHYIYkGzmmbkRNN92a/46AONA/QBvUiHp7HT4mpprhTnp1OiT8xgJ3t6Fa4RJziqydTKooxJafxRCET+AY2F5zKzXQ0QNwoL4T9V3fiWkKYCy+FNCa1JiHOAv0hYEgQ4ppMaTg0VttBlXeMKqPKo0N2kGIUjxgfIoITohmvOB8cCTPYWhx5GNR8k9lgbWJTruoZGkmpuiLUkLycuSPO9RRsUENbWlDiBZcBk2opvaanBr1pVdm/S4UFmMjOb0dadgNi8yXcG4ompjdl1vEMD4q5J5HlQhf2jHbaCwRFagWmxuLOJQSEdxwISJPY/oJai5MrZOiuAnPjhEC9nUXbLmynjhc5ybh66SmDx8TddCUSys1M9MaKnWtz4dIy++2GiGcvHx6cUi9qmMHl+LL1dlbqHFLf0lSXVVv5czNhN4KYMnWfJR57zWygpshsYy+7pvvFS8QqmunShxVyl7wJREyWJTjXl+kVjJTAu783sWgMAQRcNOCelgOdHDBYzIBk7L5BYuDInIuRwoULs2wOzojHM4m8dfq++KM5xZZefGTWoFdZTjdycZw0GZnzuMoYkRjjQ6n5B9kUJyQGNiAy9Mm2V0yiPMPTwGCnQntyiyXY6gxNEJyOtCMDwTGPkr9yVWUqOb5pPtklH6GRnBFZ0HrWTNSbePUrF5+aEdqUlZ3yNs+D12SvykdI47Vpm8zpZ0cmnZSf5Yh0lNKRnE8oBj3aGUDC2SoeZZizAakNYzrtNu0Br11GUp7M6SQFo+wwvyQHCWsufjMwP0gkC+AcPijEuKZIlOuZXbxBnmQT5pyJ366s86RJgVMDl6TJZoTAlhKGA9yOwV431DdSWfMh3C8LvSkTz4xERK2H6ZzL6t0mSiyfdf0PX7hiUqti3/Kuob/yXRfUyPjorBXKwUQDWPsUCC4Arb8F2ORIJirIKCd4LVtlGDPzZ5sYZJKZHJf1OWpDuY5MR/GuSW8UBW+nAWp5ycKV7KmTs5uAFyzR7jk4njj2/i4WXf9HpxoWEnoqrsjqKnw8eCWIYwlFWGJaoyLIG3kvkNpfG6ZCBw4k02oAACAASURBVL/k5BUrFl4XmtxY2XomaBxhzVFw+yM3Z+CT72pFmmO4I6MGx21ZWvBV1IqlVBbIutAdQ6UndqtRoerYp5eYZYfcffXe6wjYKMl1oaSQuUVu2nfSJYhMoLWkzyx/ZOUIYi/bhNoXizM0MWsWQ4MDjjNZFCEI7QKgwWUKE6Fcp5IizPmRnQ6wkrEl/pT1zd2pPSJH/QJ3AUS3FV/yCo9FGOOwXyI6yD6XpJJnz5U9pDGsPl7gfCq8ZNSKV5UIzBQa8E8IxVAtf9LksanoWXOU4DraTK48zvJ/F5CLTdMocf0OZ1LObj9Hjt8CLwYIFweI4J/QS240bTNKgYRpIXwWUxoGiFzFNCcCdeEYHsGBq42sgNAlB7TvdwLCVnaHudkOXCk9BLny2HIMHI3uUFUi9hdFjsOnRxLHIvZ9nrg4yF7l+lJi+zTyG9TDfgVkZ42gZf4LsnGNri0VJ2fH5+sUWB2SN/aILoCR9O8EH30DIL3f6vRhGhNyJaigMwMryqtfqi9RHknFalTsleYnn0hOji2SpR/6qtFRdRVmhSM7+BGXOQ6VPWjLj42/qXThXBPmHFvNxBltwCEyfdcx+RbLT5J35Wkt68wbv7bYZtkOE1zDKaXkzS0z6cwSqUQ/ydbWFGeZZB3/fANfxavXiY5yA/SAJOE0FBljK4gBWIzlzp7IMqrxD3veOOiP8Y5shdKhJCQZveYZ7Iz6KUIkJ7CtYsHZPmBnXi83PdMjuSQD1zWf0UrpX+4iYijyOjupV2pV4qNHtHioq82qWCau/QkO2QmFJxOEKqY1n3GMnreTdbDWxzAKA5TqyZWJbXdN9hp6o8f6juk4/8YPkyL0SMMO/wKycTvZR2jCtQvhk9CS+kBkhalUX5MKANqodnANpFK2TBXNSqJO8Ebdeqq5bAyjber3oidmg9IZ4gVWIEHwSMGqh/uC16n3oHHXccT8YlDX0SbEVgBbdIybQHtuMM+mlmRr13vspv7l49Wt0nXwOj8v6SREq62DrzO8dndwD8kw/BaLCysLylpFEjJ8ViI1UwEKVTdwAaLnlpxNm2e56CvT1I1mq5yat9e3uPjo/vGtQZc1YXw+eCXw9YseRml1/sqlE70U9CbijWC4LU6CNRZ6DbKz9fjhnU1Zr+jD/cAKY2HQr81YTrdzQj+2ANGErsrkHyPUCyN+ZkHlyOpiqIy53bS3Rf9pKy4um/TqPn39BR1Y3wxjcJhpTBof9e0eVtNDUrNTIeH3wLJnCMI7s+2Ukz1F0dRySkshGi4eSW5B4ZiVs0sc9myuQTMYbmBkfEymO4XcSWnSBaEBak8FLcIh8O2/Lg/c2pMatjk9xerXayRmVicsMwJUQ5ZH0yRQWSzvyIsmK2xoQhuRw7wS3Er+zs2h5s9XvVxsC8PZIcWZunNEkHRM60TyU6KK4tIv+8mcpUO702CmtJ7nu2rbgp1aiqvYHq9aJ1adWk2iDeDUhlqkJJkUadz26lk+qoHo2jeJKkLDkxnjIpyAFK1GYGPK0E4Ju+/4+tqzVs033DbtSb7vnn3z9vbdW0nrHYqo1PJurQyUgvSpsKY0z5a29ufoeipL9lSlTthl7DqK0IW8gEgJNS3Tg2VmcuOCt+qiDCdKkrBNOa1wBlR67qvNOBVjEQtelQIX6wGtFNxoaE4TIkHr7ys0iFXsmmEyQ+EQGy2SHfIkiyznDDxzltCXt3cf3r1tiUGjpQnqyf9VQ+aFhaHIHNOcDVxMx3YaBbYwtRDfGQZPFzXN21wls1N5Q9JjD7TiedZlh0rG2pa6Pgfqmu8TFhMWIfcFouuIzrvYL0mdvVJXu2crZp1REbeC+ckU4ivYPp8krPpXD5izmJs6KQbPzD0bbr7FHJ0YWUsTm5yBUvCtWPbIKbnX36xSvZxqmYyxbZEFsF3WO3vBqWT8+shdFuJ+f7LNdLHCdanyp04MTrEFaYlKzjfojjQ0MVxdkeRPk1P3EWRfqRfr/FJ9rN5pT6fPYrSFgaS2IBT4bHaA+I2NLD+hL6OQOPGMLwaDNMHT7sCS8bs8gsOwBj0VxkTQVHaECGAoHBuf7BSuCglLwZOHQtWkvt8CZSAzTuWqVPnIF7y46mQk02GWOkIUSaxPyib1pFT8ktAviryNdgZjRsIoOdh9VTzrxDp243LRzgECuItkaeDGMfurJYN0ohGjIuwUaywWaaaI5SqMvJObQ6QPVb8p1bf9NkwtUip2SXtKL2sVQ0Icgh3N/hUnVHpRsqJUhGi57QY14+X+VG2Li07keHwEIWkr2vLp9Dn8Kisnsgii6ruALKtR4VzIWXnOUoXOae3qGZBZNuv4gs1evBPXp7LyTu97GIuMi8UcJzu2vmqbDsXSAdpCDEntNCi41Pj82meeLs46MqzHtlYkpkvCT0UqwLiZdVJm1s1oheFkSo3dQCUYiSAoKto95YYrmxgidPtNFo+hcslE5SihIT4ao07RlIsuKdUIeJLEC8eqlsWq2PVHSofP3xq0mtiqhrFrQOJRdgKmPHNQLM7LruuVX++MFnNbX5/mnHU6EUu5DJ4i2XHh3l5hRaMg1Hr6J6DROzvQ5gJh87F9VWBgpnQVI2VDoVnr6lxaHstWb+guF0V9GYIdLYBXCSefoJJtGCSfstqQLsbN7KXUccaphk3ehiZjpgBrGlc7ItcYIS+5Dnal2NzYvahxs2wRu1PhocOnFYz8UakMtCpmCa3RvyJGfta1rV1a4zNA5JkN8Fr6x4cfvMdHh60kuWYY71o5NH/Ifa3DGTxCsoFgy3rZNzNUGakb4OFoPp34wuGgOKFJdcOmmiWjiq6+y+1OAgR9szggVBCcnZaYARvjFUaRYMlaWbsxdDYp/qCdX0dvHuOoUXvdpucsVaFRMjC+T81q5j+R07gmaNnBDRAVLLaUEccbTc0hRQPc5aR7OjmQtv1ip9zcQ9hqBJZc+s6rmrp+evdOeMare2pX2SK98KkQhqIibexyX6OOwtIdHnkQgXS8FU62ou3a57CdnOQELKL0H6PyYprxz0mhEiorYFjTbIRFZV8E7CcZxSjhbDj9NBFOALHb4T8KheLq67AfPsczD8oQy+GC7ns2EOgEwGJT5FCNsWjUEzz5KlmHYd8VQxr3UmeZ0pN1brSamDXF6sjVjUSPyq/mskeD3jgPV40UaebR4SK+uDsjENwCeSTr5TsVYokXEIFHdRbAB4AsWLUlfTE6TAdYLBg9hN2yWtvXQ4mcBNi7/G5BzMTehrcKggE/jO9Ej2lsL3aTyODFxtDiXHmZEvNtaGeexAYs4mmrHmy/qc+8JmaUrd2Ld5XX3USLz5Db8/O0V6QU2AkgkpdrcIx4nj1YY++eCk8Y86i0eJVa+MQeA7X+2EkqWYyXi58/v3V9KV/ZQ9bCuXFUJ0rUNHUholP+oBhiiTM3j16gscy0a+WCX2oC4L6c24xGY55FPP2nCXN1RVHiK5jyKx2d9CYnDLGI17RcAhQY4VhbmRvctNyMsZZDU8ktNcye0pbFlNhoVgMKRZnFRExXFLCsUfpME8fKoXR8stZ6SckasgqOSm2Eyc9VOvN1ACpTS4i/cXHLEjoL+qzL9VPdHONEFESwbDeYaX5BEjjqDEZfDqNcyoDOWI4j8VU+ySNDt8Oo03XO8F1jVGSNiyIV839oEULdacVOY5QqOuobles5SypI+1UwBQRvOjYHyKbsWSH9elGDrvY0r8TbYThKGJiSfLbFqg8VlnbR5KJ3cXCKX/TsCMbwFTA1/JlUiGmlax/EQGkInKhoulhIgdZid37REirtYBjoqGmPOoyBqLs7ymSmEe03JS80KZvYkCu53YlcECw+YlhS2Uc9CSHZpmhmmqoloYgyTKW2xFOqA5Tn/wBh48ZlYyJ/4TFVoq5InPz1ffkHQ2LfT+G10nHWbz9xKl/wBWNl2yWSrQ+jU2bfcZIq3Xag4DXEJ388YmYLY9/+FuqAXNAfoEXSCATzBkqHpdTwYUKjRZRfJYwigpUVRrAjzHtwYWMaUSDITAXtBT7uB1yFC79FP75ZLRUsaUy+HMTZ4Cm4s9kGbilJeoUq07vj80oxyFFjKwGxVAt1g9b5WixJ3LC7kmGB7wxugJMpyUe3dkIjtnSukm6bAuWfQ+LazwCXhBwxzov8rBxmOml1grdLCzBdE5015lARX+AQv9o111G8pWzrNLusPzmn3VVbCFPzq924si5/FKGHSwBAoPR0IUR2wXBS4XGUqkfXgDeooGRW3LbAu+zuJ35t8nHPqWSRkI+MeDFPdnZitwxyvhFk/Fkn0nqcT+4MpUvTVcEcB2Ntgx9qzzCkJG3Oj6GtwgmNOvy1FdKsepaj88I/48pfUxQnrUxX4laiEX80DUM5WBdo/QlEZ8Mfz4U6sdQhet5JlxVYbQ9O0gDxZ2cjnkEQz8RCeepAtF0rgb9rb/i5OYQ1sGYE6S5DlmuNDJ6M0kPg2FKm7tz4t5YR/W4CTRjy+XeWlMzaRVoxhHUxRuMRpq5RgxLe+vnOi6uyw6xau9Rg0aBQXBljZxZDBgBYREQNcE1w0rIwayKxgxSGE7+4bNnSUGMj9Z7uFADVG1nGzBvhtWUfiKqURUMTsIXEpR9OA0A4mriUtK1sETRxq58ZbAavwtZARJn+M2MHFTL8YXEOwKglVUrTPa4yM0uaIMQyFkncTONIWm6ujROKEVNQNCQ64sx44lrkZhBEdMVVzhZlu/hrBj2rqssuoKqcVJiMiNschBqSRseN4yT5TU4gJzXmhPfTXoaOpONTK8vzpIIesOYRQB+ee6+t+aq5GwpdqaEy9Y6kfuJ+OQlA/oxOLpLJEO3clfv9gzPm5Zm5SpmyTIR3Bmmcwd1szn+NsMZRKK18kawk0jrs3VNgPuKAsPf36ld8uoM/WwNSFGG26eOclIwalXyytsADXzG/vvHgWneVuexHvJrc3j6/0kMwMvELanU0I6XWhpMwpNA0JBMmLEOmTBloUc4fC4+No6bhDK06FHLrsgrpViOKPUGSEuNHezV4QVOdLFrHeIQEJEJcAFYIvfS6LpcIukPW0/CtE+Rv7wC2+t4guDLHOLO31XDcwt2kgTy61UnVH4ShzqT5X1WtipQFU59EW26hSseDrOutIS14JaYKDqmZz7QM74sXe/6pxLzFZzonFo++x1aZQLYBsljtONPMQJk1yaNWQiYk6+/Chguzxpa2qATAurCabs3R+6twVE/kRTzSQIain0BsW5BNzqBVu+KYPSJlbYoo0qrQpoqyswnVpMZqAVpjcXxGmYod/Bg1pIEkbj61ypW7eHa9LjUkTlg5UR5zLbmsU/jYaxY5GA725S78coyjmshpDAYwMfQfurRmoN2ksYq1RB40C64qzuZia2NpdyVZAIgfLvJqQmsQB2bhgt3K8PWiIbxLmBWnkwRUpfe/38qnEytKykE+mfQiflgR5AAlJ/oYdUAKZ38VmtyxE0KSWXpMGZc3ir0L3GVPaDgSdQwx9WMwiH3Jc4h7YAdtX5l1yZGm0WHW9/ZXMs59MnhUDn7CDMDl1SQtPXX7VGRZI644wUfCRU5w9icKC/QVuaA5Aib4iVO/5WZSNwEvb6bfbgVSaSR9b5M/lToQPWB9OhztnF7B7JNmLPhUMh0Oo0rJrgEaoyf20Yuxo8SKKb2mTLU+AKW2pzLFIjmpar/QYPCzRthcVbNliQqzGoCGMhe2VdiGFBOqLioUsmyMXT6btUm0c0lpoJrqEp3ZH6TCK/gKBMJRDdX45NLGVXAlqMQ1hZJLW0tRbBr/FotW8RSPLCFWMeJbaKppcUxw8Cqq1U6vEjvMOjKPHdPvYlB5J/nIRzEmk293FRvyU7OmF5ZdgrT6Ukw2RMiKQDWWkuuS7pJBdYTHemry62hnK31tc63lh22lh+OodrIOhqMPdbBGwjyjb3yC91yQdgE/Zi5fsszOYR8PHg0UiUPNur3mfK0iYzM/TiNILLLXTtDBl7341TcwhadEG3NjbrVP0pbCZvgxxnqKBKyNMIW5enITszZaOlYFjZFZuMvxaGy5Dn3YrQ4i6S3v1dZrfK68OOzBtSsyvFuHKfeaAMW7Rl4fW1wV4FvRxFz5OLEDX9j1vH+Xz35wY2/t8pb1DBB7NEt3wLua2rp8/Y4Wumdw3L1yfU4xZhDniaNGVqDFVAVpRJSBQ9koZ93+tFz+xoH5qf99sieXNwFSthvwXWngdVUSMkI3qjY8re4EqKVra3SdTphB5l327vERGx9zVWmSEsCu5wmqs9kEqlOueepBsUDXcCuIUpGUqJ/IMh21ulMTEXzJMc0rcx8CBrVV7nTHHTgqNvDwNUsQs/Toihki1QjgeKQg8UinKKra+WMQRVRpFeAtJRMFAJOml5RAoV2sIpJdMNUVF3vJokij+4zRgJ2TqJqVYjfmh3sDsSktHPmruoeFPDwmMtHBrcxT8WVfqhJygATY2o+gAB3vKk1YT8nMFmt5GximFqO6F3men5qQNmKp7YIxBu0FheC8dex6kpYj67ghxgrMjoxE94oUfZXe2DnxqGuw9phFfOMYsHitAFVrzior/CxSshuY1egEpP8MXz/AKhJzGKBFaS8R1+a6lq9RYUFxdWVYo4Z0Jk9eE9ce5zv2CQ2xNFy2P0BDM/lPpkN+Ifn0Q5PoKji1YjBNSKP2bCLynWxYYFjYblJjHquU0DhhMX2s2jUGj27x1Bx4OhajtZFKvTTveXVz/fim18OJqlR67IWZhNWwT/gpxUQZsKbVXS41OG7UcfMFMq3Ht24/XN0Ncz5aVRncWbFA6Sb+om3VTctyeMGcqdIq8mqY8sJ8HVkxW59XrVkrF02+ZpG20CD95OdSGKA5fk5toC0FUaZBWtyl23wOi5zkFt8IOGxVqZ9u2ddaJkNJoeEHaXyZISal9beau/24Hc9VYoWGrNlvFWOzzyvxUst1woNHaNt5yBgv4DDPX4DFPsHh8dsh4nCUHMhqpoylnAI7yID4r8TIGaAD2xO+MgFa6X6wTdnh5oBjpZVN0VM0R9nlI1/MnIzWsEDMSV0ap0tajHXflyvw6msltoiHGml9B11JLIEKq9UBGZRyZud8tUzNIbHJnablptkTJjTKXurZMp6MdWjCFi8GBdDeYuUSC3H0V2gFk0nB1DAQ0dF2SGreBcFAZ6SJDF28/abbxdylyk5i+Rk2qpEeBhKXW8G0Xt7JL2iWtqyYxyxHr08Zq1JQZQxtEYU6ZUfYaAO+svuOLPJtcmaCSwrLZxLcR+/gMEiZS6kol9lOmE0A8ldHn0qGY5BPIdyQhC12mXYCSiy62/Zzqn6yl5I7tnNyp8xJiTk9En/UWTLaw17mimAUUZntlizMaq2qqS2martzouhUtq6odktSY/J2DFL9lUdLERxjBcYX10hX+VtZOXUDbfJyzaBNaiYyRFt5zeRwKdcIJ4NnBxYhcS4kQoWRUK1godXtrIcwxQI7I62OHSuUArYDmWiI2EDvwAGpPnCl8czNR9KyLy0lknhUPNBpWi0bu6S3a1x69JoJKhGNcX6bMtkjQcqqOTEJ0VqdGBgGyWtMZ2eiahdqLCAyyot5AvcdmiFlgZgvNc1OW8fCsZaTbX9XuYRWp/NAw/PsUtsaWz3xsnNIIPcpKxQNDLGariSyrp4PNkRKohpkzBoAJwTj+k5rq14E5EqE+nkZ/oqZBFc0MukkzpqJKJbqatOGJS6cebeYQzo+hIRnfaAEw/HDacxQiaNarWLX9eVeatO14/b1bcbkAYyVHgtTv1hlTru4brLz4doCfDXcs+YYrGAzqWG49Ttbv/twc//Vm5Yxu+CXCfBtgA4VLLEKQswNO2bqosvgCVPCirisT2immO1LwsO+3Mfdw+es0fV7z9JuiXr3AFRwZjbbuOoioUKIvpfLDo7ETLswmgwYJqEv9QZOgKhiv7cMyeYfuDKQYgVpMLJKKOlvcsUV2nQJzfnaCEXEEYXH1A0+GdBdApjuCzUjgDPUNkdKXIERKFzFO43igzTypB2yVfvWGmbQ8LSjaO0H2i5qKCrT0WdpcS1vLXV5REjCo4wBFROyPavV1K0brRfsrWrUnfnttVndPWlWlBnGraDu0FEdW3oTMo5iW/QWbEMXgPIX3w5OBVzhdYnyFhcY2KnIfhuV1Ge61svOclyCX1w52bPpCs2nZwJ8AsCOlT8Pmx4raW0pvhkdRl0RPithtbywtMQouLVNWl7BPHsd4yoR982Ts+NxTf7f3fE3VZhJjYocUVTtKK5yzLEX9salnm4u//HrZy9eqaDu8+4kj3uRtSbEqzaNflQ7i7tat2zKFyIu89ErDVevZRAgt4CxRyFUwZxC7VQi0ak1IilKXS5QWTuRLY43lGatKrN/LxR/9/xrj/CqtK1Thfgek9nTmsXJVtTyjrunuk7fY3FSQuJLyw2P6mfypWWTw+j8Fq3Fxrt7bBKcr6tC4vyzOz6u65z6cul7NlYuDkQWm1blTzKK8chssdNYknfAVZXNtcYlK9XUXCrnNCrQaoLGyUhIn370rEmZ0fGJgvHNauqlPpUjqXBrmjAogqdRgG0dZjURisVrCqGU4i9nwZd+tZm1GPKSG4p1HHLmK8fRZ7+2p4Dq/crOe3SWirbdf2JSlOipQqqMSg5KpUijjwAu7hElvumvXwZI//MDQQ1PMTf5dnPY8MqbgZEOy5iUfzHfnLCYS25tXN8XvoRaUMlc9bCYqxedsdXQZdw2yzobMBUb9HJS16yLEBViP0D69aWCHBejO7rQN/7ZNzxVhqmE8wVlKtsvVOzZZpDtSEjNKG1h3u/Md7Ae/SutGI+NAn21nqXz3soQ78S3ar2OWGbz4IXMEZ0QlEmq0pxnhMT1kkF6AtF8ouogjSqJYemR25K9Ar5s9iOKohyfTHPKfSpRuZLD69+ncGyP1wvfDseAcoesspGPebtFlbTSk1KBfle4vYXLMkqdR+IYm2h9dz1fysC/dN/tdtRxks72k9LL/JQa2cL5ktKxMofZsc9kZZTDO/vk+twlaXvbwWh+vJAeOaMpfoFaj25lxJH/gGuqtNI9ncNxlTfhlzaZBOwK49BkFJFeJU+1CvcretXedC4lANHWKCCr6ao5nGpdhxoEVEVZpCtT9GherAVEhqDhhhGfCUKTBZz8r1QVrfx+klxrf0EW09EhzNnRJ2pFO0yWf18F+JqUGC35clMa1uVPbTmnUb7QSrctCsdZ+4T2wt4epg77a8ATFMq2tE8NQ7Bn3lTVamTG1HAgq7kjDlGnh6NP9bQ4uh5GwcnsFVmxiZy9wjqtc2QUM3g8DnXNBli+CWkpRc4G3pEzyyL2MMC8Fj2bplyquaXP8KSnejfEZ4reV69UnZWdosIwq7lMDwOqWbBY3YANn3n2BEKoChmGqkW/NAjHKcvrOpl0y/mXDq8Ss2SqdK2IbAbqJ2zJwqie+e71548/+vDjN4/OR89dh4VCaV6MUUdLYGfBtfYte8JvyvLu/q2WwvOEXnz85n7Dg8a6nZOFs5tnf/j9r7/15vHFzef3bx/cWYibCzawLqQX4hmXamzA7qSSlLFPrych65daxUzPBXBna4BoBPrx+vrzl18+PH7HhRaNmKn2wn3Bnp2iD3ARxTdv3350wcjNd97fy9W7pBA7FjDiq/ra8C6fQVGYYW1U0BxmUcPoPdRDt+1kQgGyTQzWy3clk6e15J6ak9CzmsYBw1wEb/jdWvrisauNZfAv2Y06ylZu80a64bfERhzjNWeD12tu7zwHPfJKeNywKYILWXpEYpdEYFhVoF80K9yBw/m/BupkdBiFTZHqIi96oept+s5nlcrExW9MX9zdfvbm+u7V3d2dt9OmcU+nYcbmtQi++fDs5vMvPty8/vhcrsKr33Xm44HeU6o8UN9A6sCp1Kov/UUAtEBNZOiBCPY44dYuPO9NQwgmLvjqevC2MXZhga51AEFZkRmVjWtTFzZVya7Zps6sMgtwa5hQGFZAtXivqFn4wohxikwYTY6/ftPSQ01A0em7Oz0ydRXDCy5IrVbkiUyfRjTjbpYXc7NmupSOBSv5oo6R+BePn//ed9/5/oubz5w0VncEU77F0ej/8f7ZZ59d3X6+xpx2ldqEUMnkkBImKOys82HcBBXZdqYwXh2gTbP2C/rcXNyKgaobLoGacqcuJuDu9qfcwP+maw5fumEo9UQqRbUAq0Qz28FRq5KQvvtyLcyP3cfsGb0vbzysNhflrcTZXMHVCCM8AefgA6B5joPAifR3bx8eHj98/NbVzTcPX1v/mqLxV5IebMUToqPDQikXd/KqSLBF2I1GRbLNmy63Sp66pttdeiDHFBdZQp95RlnVcq4pOqZoLFsFABVyV4qVw6PPeoHXLadllfTIgKRkShva5AcwZOkzC3fUXoCPy9rPrnUTpVISRdpNUur2X95YJerION13gWa2qrXrXGverMqPqxwe6hFtE1kNonxWrFph35g7K02DvDMvSLNJu+BO24FJkeEvfzgKqe10qEBqzBIxqhDmsuKfQ+CmV1FQ81W0neWOcKqxnVnS39e0Z1Y0eBldvfjgpRzcJLox7ILpfEqUSt4gIXslGb6SkzKb5buZbhpOyYtOsZgK/cg48MOXrinxlBLBdDw7RUg6CVqyMwhhSe9aD1WMy1sgqV45WXF1V+TAlE/RROiTGfvPE4OaYPyz5sTEYPZTeA3eUvuq6NHpQroCpSUlo49i9BetpfVf+hi0uxSInrYKz1IhyWgrG9UKlXfZ7Zce2rDj1kOTgBHH+sjxna2OhKWBl6GWPXYV8fLsC002iOuTFbLTpfR+no4uTJ9KXYpnWGTH/zP1E+AIIdny3ywEQgqRU/rI0GTz08TgcurInJBt7TBI+dmG73U2WgyNmVj+Qz/7rT/wRZ0xJi7gXGtf9GooT6m5DAe1cCxmuqJ1aNCEMP5H/3bQVjmQX7389R89/vaXgzWWcAAAIABJREFUD1qaQAS02BpcR9XnP/pTt6+vqneNLKxqSJWjcguK5sSxzzYb8fjN2RQ/rb0qI29NdnIXkxlI0oqdJjEKScd9cRzkC+cwBYiZqhYzkCSAJtYuicmdyklLUYm/ywH2j3bjST+IvAXn7f3jn/jFF7//Zx51hRc2DU3CUYvuyvWru//ozz88vLm6uettx/pMioMzfFN6WNk0V3ciu/6HJRCj8QXJzFHjOFwVvjiKKim3jj1l4pr3tys5vWPrL4dh7GBJfj3r4cXbtw9/1x+++sXf++HNN5pkD/NeSJCnx9Hh9PrPm3//LxlGv2rZV/HMDTYJwEzA8DmYnwJZ1zJPIZMpkEmvYLeIhn0qDRQwaTjy06gBuT8t/2c3N3/9t3/nT/9zf+bv/TP/0g9/8OOWdI/BdM9FGFtN8VTLp8pVVCd6bOnlRF3Qc/P7v3jz8oUXKJnMBHv6ozCYcaGKE9Ov/oP/479xrUt/4ZHmL73214iqXhnQXQ4L+RFcvVeJfJvppnuG1GdT7lx8lX2Nu9D5Wax5Ver7F49/4r/3z767v3e3QX2bp4+7Gwd/FxE8e3b38rMPbx7/q3/r33QdcotcLk8Kf5aem86IIZ/NNZiuO2/x8lgxNzThYBm9Vr641II6Mnb3JtrPv/P6uz/jifx1VSxVeqe0ppQrkd799B/7u2+/9e2uNi5ixplHDk9IHu8ffvRDRas5sDl50IPFakqypdcw/czP3Xz7ex+8SqkKDITcY7G8dbGe4oVBkXkE54XyAxWSOHac9x30U2fPI7/xV/7yl9//oR0kvVHNAKIFRWb/cP3q1a/+ym/+5V/6zbvrm3cu4do43nNjjZq6OOOdqePb7/4nf+kXfu3X3r25725PQdhEbFWtGZO3aT380X/wT3379/3snghLRw0UOwhjxjhmDyOnBu3gm1rLBvD9y+vbz/7AH5nlp1Pzum4Byg1b9Hz39Vdf/62/sAFkXsz4mnoF8G0w9OH2Z//Asy4iScwUr3G2XwKjPbz/5jf/5jvPq4+lrelbX8XYULoqxXOlRBSM55HvBPNyIYP25f0Pfv3Z2/vnVy7c3xaGiDuNhmgz/lObx79BjDAr/N2J4+6CZ48vvvU9sdl6ec+whSM9GiNdf/fZ+/u/+G/87003uap5XM0P/8X//CaidBWG/BO9HQGvzkXa+FjcRHaKSIbblh/ef/zG5P3h/e3rG5Xzw6O3j92MGet4ydTD7/3Tf9/f9Y/+w+/fvkkr5YN2Kkkmnqo1PoZlrXUaeBrri1qLYsR8fP/244t/8n/6Bz5+vImoZjccWBh+IpAI6+xI/ZhpaAz75Akvlwdff37zH/yb/9l/8R/95vd+5ntCblV/0NUWNLVpH69f3qZknquGFEsUhD4nFvxWxD97/bl6DL/CXaSXhxSQkFEg+ObNG/jXztTqMe/a8hkN9/HLfBmSlb1R3L34H67fPLQyFTef3zVSm0vqqMY+KQV46oEzu8XFERsgKrn6G5Zqp//G4uuhpZwthyTmwNZYqEkvvCru4f79r/xlLWsjj3k6m2p7MwE+j199eHz56lteK31uUXWiPEb5ISnX1zff/s7PxXNGISCd+5m0aXbkJxpQ2wDXH536dIo8MZgKNIpyn+ZT7fua/Q+5ptOhs4tf/fbffPzyB1v/LmQ2cbcw0bJedeD582/9/B9+efNK+3nxa3xSLW9oYlDF8SJQAytbbOCUYTU5RJ+9UITp/PpZ1kmK4bLNl+aTo+mS8CpTsVPy4IigKvbmzY++efM1wpYmasJNAIIOEvTNOXd7UP5foxR4G9OND5OmSPWZdXCoUTuuQNeY7wQIHQbQ8QEek5j2O124fawzBua7BuQpPw1QxuEEod8jV4qsIieaCE49nPkUUExiFeLJAANH++Ut/Se2aq+4UGJkaVeYYNGxv7EhSA6JHW0iPieOohg7qiY2io1w2rtsBJc4hcYyLGTk7IYmT6wVHRTFDkPCbX0nOwBpN5rhYv5q+qSe5OFeZTmoCrPaMP71OvrwKfgzn734mc89A5HoMonfFLBnxUUduyCLyXEuqaYvR/BtjVFtVrW2RhyHSkWhbWgx8odvLAnVulEQZwNfY6vmhauBOrtv33787Fojtb5DakZJt3Gzs0DTK0tUhLhqxYHU6dMMWWpGKaS3PzOWeLJm55GtoTrViiI1oeDmz7RDfTHcvBPA0iW3DkbmYZF6hIVrpY7IiPs/zFtvfW7Z/Pn3Xj9874sP97deuNarZNWQgMq7sjJA6/vv3Lij1Z1mwelxEcmQDc04Vsbu0VLh+oSpNSwngBswrtRxQ/mfWsRZ+Skbqw1MO45x/VVlALLPxbBd4mADzeuPL7979/Cdzz6+evnsxtP7dn9qdAoYrvL1h4/f8ZR5CIVedaecPudgNtPfOBQpRymWabEh5ClF7qAUIKunB2s6B7LULKCxJE1R5hOkBN++/PjFi+d/5Bd/7r/xD/0piy7iSl4FjhESxoBZi+xxSpgW2s9aVjnSP7z94d+5u5ET/wqUm3uNCF589sUv/7t/7j/+V/71n/u5n300N3vp3UA93xBvIwVPB8KOS8jZkHBSCoCqACtkrsUtjg0oWKwxaFo3OmN8E+5vvf6T//Q/JQxuCqfYxLGvnr738cXtw9/4qx9/+1c/vvo23GoIuYqTgcaf0YCjmRAzlrYo28ApLRN0MDSgnzGInHkmpNG8Ycrrb2cVeqMgAtYnv8SfRdYvaJoWLEmL9djJVu7D11+L+cZi/vHfZczMEI4uOybdy3dzhS82MXT0CWT4egHzmObmA+KSlV5BsuXvqAdvslnvBMZf/4//069/6/svb70IAnqAPl7xUVdxZYVf/40vf/kv/Ep9wmIwO4yfZTm8H959+O2/9Et3v/nKDSFo3OBOgxNF+ev5y3ePD3/gT/5RuOrJGtpmnWFXD8dpRgsldjIHPc0qMgOkti3Npkx3Lo2g6JP30VtY3zUOI7sZIMGmQ3PyukGAFE/AElOQ1WaMvIDUc2OBmbeh8JRIV+bruTN3wfnuwZNyPdtxcbVW1FTS4z6MUnqk422hfH+/50GDX2CJAXHToP2YdDpKol9nMYnSugRqpwV7yNObVNmlXF0gd9Tn2XuXzXz81X////Puy/vru2tnCg2sqwW1fKtp6XRMln0KQ1bBNwN1nAyOLDRwncz9tPxb5Jf64y8fPHLHgriIqCWti/F0Ly80uHbH/h//7/zDV69eyaypb1PE3hwZ06qqW4E+vn9Q9xrYmzgJWacByxHyr+5+6g83X6/6trqPQ7sR2xeRzEKg4ROgsLvezEjdjnmIZu721//ij375z3119/quu8CpREZN64vdBL/Go6WPDWoX0IOJfRFghYJ1tGzWiqZti3Yt58PF2p1VBUF9s2aUb3rODAFIgTQOq6cP1BadpnbgiuysUVcS6BTCRxWbVllIam1gTslUvi/+EREpHr4BlRUhEnuYxAsDXxXJdcSktCR2LgMkMV40Qm8RxpUyb94+e77xR/nDVSmFYHrnNMqHl94g4taZB2lbSUy1rJ7ARHZYyRJK6qjvSd7eQbfvT9lVmUMK7twZk8s2baZ1yqSz7ckYaT8zODvxzTdf/cavcqFyazQgfOYsLgcVUR8ePv/9f+zq7jNNrbg85mF8iuTgNWxB7dKuWrga0YHnoUIsFTJhoMJ2EHRkywZHw9IlzARQqmHwKu4PaowOfoDSqB/JxesL86/7x/t7aHsuHXqkFr40XyDZ//BYqGCxmFlUHjvPm7MHsadgpaHosw2oEAUrcw3MQEqYRhdKP5FIxMkOf+rGsnaphQk+h1Y21DFNpaQsJRdJXHxdUpNXRbAd/hcwJ+mUW6aiWUsxggv8yo2JcqfGRlcKAr99FeYTqZKmV39jQdhlED6+B/WgXvAOTgxnE5zaZfD4xZ0WnDpxI9puwttGnC2DUpG0PLTndwR95bqnHAVW7YJtAzf3r3ShSNs6GU241m/DvgRwdV3cCiAqJX5FLTsrDXIDGkWXh4O9am28TmHP/KYM4cc0DVZqeXQiXSpS7zLBaygC5plrIlJtllVkVyOK8eFJqU6ZZaTGA9PfsHCtYDAPxlOoeBneEgN2qW4pspPfMzVJDdOzS6EzF45NaktVZYvUZLYOuTtF1dPUD+RE+ApklhrPmCkbOjTdbKZL6Jx4j1jeWZeAMSM6dtjXy7daQ0v/1pkb5cUrx7hSi9Q9qntKqAozcPW04rIaKp7gyFntw6Oqpi8RHa+dGWIg0VbzhjAJDUyXWm9SyfV6QS+1ewCkXlmoALRFMaGD9bmFk0o6oXfvb15cvbXKWD9Vj5GDWWvrdqqumtwJXAxxDW7dzlAWcoAccyWHzGwTp34DPt+niuR4MP2h14W+dUri2fXD49vnH7720noLuFN9jWxNnEIL+/02Ks2w/pzND2HvjjKR8LjuD28/ukRizzdCW+OI9H1X+3z8+NW7h6+/+1Pfvn19faPPbRneQ01yQBPWBknDewIStoIpFn35qC8pCwrU4WBlNaDrJFS6XaZz9frm4e03r2/d5KvZRrQVYggtDTL4y5f6vec3d2kfMDOA1ZwNDCZwexNWzOSEatmpOpnRsKB7ewjMPMcHRVLlgml9kUzQa3YiDwY2IS5WKsccKbXq37X1xiu9OFx209YyYmYUstBLCVziV0XZTyZB1ae9k9hRIdHokaBya3Db70hi1Wi2o1NpcrOlA5wVFom3bPf5Zy5ouL256ZIgJx2bALQYyl8/872Xrqfq6gvlXQdSPS60WBYbPbW3pF19/vnHN2856dTo+hsTSpfqSjrtVaKHxE5AqDSl+7UpEEXoFQ1YRzWzAWa1gc+isp6o1fHZaywzDs4y1yx2v0bP44l4fiqMhC+lMeRDs5dF86yhmNopE5NjvuSai3nIaZcwFQwcekEoBptf4JxulGz0Gbcdx6D+r63pZIXshM2FGr0grFykMmqkcHAVlinNYGYGbUVXoGmWX3jdggfp3N1cv3tFwotXr7q7oFmi52pe6j4ueGOWGbLpAhM3UrJXW1lZ1+f0x42WykN83RVm3gUSP2l4adDg8fpn1YtzLTd4z7aRe7fwHlYTV3CnqxhmEbfj8Lb9oivwTNZc3b+Tt1+7ANJe1XiWAYdwR6IoU2gHCvzG/SmikoLmHQLu9rj57O2XD7g9PmqunHdqTUzpnkCgU2nKzP4mY34bcuXCYZBCRviqjCQACVkQk3xCjIGyEj9Bhxg7O8MwmxVtEgBd+Oe6eHS9EB3TptBEkTllcarjg6EwzeaSEoM0yUvoANVgIMpWEiLaYAJDdCfmp8wiRjaycFaOshFlawJgrhlgyi5gsyhhv9Om9RsFZvVycZDtCs9F3/YRsHa2wn5blXA4T+oMtoTRpw4XXFKXHvhaBb/2lApPHaHDGAN5SZeEOctB5mRjlQ7BixunujYXrl0E5L3Tqle3nIGr684EUtVmNglhJsOZIFv9EN9mRBar25JI14JtFkqzyjhYgcvxgXtB3Y/cC8tPMXJaUMynRdKwXM9Af3XoFMiAHZDeDL4LluCoc4sas4fHe5w1oeTbSdB45UEiHOSnFF96nmgr2i6UDTdPmX0fbZ4ykc6dRWqKBJbksxWtFyaS8qxgO5kRnz0m6y4vpS45BeN8NtosmrAL8kOzsqEpVVJGklbIp3d6jlBqufu3MxknYWXLtLblT8ExmihfgJb5tMU9Ngc15sX1YQvZRVhGiuCi4U8YrPQ4JCk5549JZg9Hx/ppUSUUSLgXVUenbNzxxHOqzllBbpYdTCNzYXoWZrTq/hlEJAcmoNhVCUM6F6wKlnyKx8UnI+jzKoFpuRtFVNqfmDPuL67bJEY46XbWHnWIIDBVh/ydXo0tp0fyT5GYxEnD15A0iX0BN61UvHaxG5DpE8RISosY80tfje28HsrhrnSaRehvpotfghakEgPWd2IXLiOXJhGX6nQ9bX3LwKhbXR9bn2pZUY1x1bFeYy2mN3a9W+/R7F+noQmsZCKUb4wJzAS1aHKahhKTA5y82qSOpZzp56iPkkv1NaBTe+BntouFCVKaxFl6tyyEGuCXz3uWH7Lu7gNbu2AmU6WnoEa8K8PTopwSA5pj2vJwl5B+qoCzztQavB0WoYA/JcxzuodxArqJXpmhO0R8ldFzX8VWXjQ/WhxiTw9cmqrMx3jioxnmoCG2b4PIzbY9rrAJAEaaOOfDhdvWb7Jl0PcaAfcN4toF0y/eX7ssfxLdWNpz/bIEUw2O84Ayq1iryjll1mzYo2+fdrkzy4DWc/waNLx4fPtw9fL1eveW7/CIdCa6eLQRz7nqpqGDGdd5gmrVd/bWes8Oeb/y60yoill9K2a+G6UYZOv4M1h+ASQLpqmxlrmMsoDCaO/UPHsMFN8THbN3DmYP6a0UpHt85mq1O3uGQ9FqJhXINX5hlsaHQUk0gicH1ukJrtJ8yM5tg42opKwWz6FgYcL7y5CZLdwoGmtahG3QIJGZIqgTT6xnrRrwFKvBTRsuqGUyQzD4vWp0ZZJkFaTroWdCL4A1BM/ts2EmGbAxqY0q5Sfb7HkAn/SLHKWywUWrrB2b4Kea5jWjsNN6iywpQQzJ0v2qRkizrubZhTbCbZYmoToxLtkARafL9ejc3Np1VmMMSq9Y1yXbbZLVol4B4jZW3K9KVizNMqVS4i9VQ5wiPseh88XUkLqKn7NW+9h9fqos44OVOetRsMs34H4wybp95dV2WrOsb6CUmBlyAa/U2bJWGIqtKGzt4DPtL9jEGWkjEOaaVmcAmNNzu1xJYiTPiG5L0lx1B3h307jxo4hL0/gUUfspJJOI3TlO1tZimcWUysfc10ms7oEpfqb1DLT6mYuUPLcPbRkNLzxZ4N0Htw/cOPHSynUs3IYAwMt3HvklO+/22wixhiObU9IZkoyW+Uuo4myHgUIPiN98s9F+P+x3KjWtizbm5vx1mk0XKFt8HVsm0y5t46YK5CoOzMYXW0uv184aPlU026yDRjnsZFT9iCtzaaEN3qYQUk9gV3uOY9EuMbdVVqRWk4Oi3FAHLLtNJ37MC1U0kUJ8HxdWKaA1C1dl/TYxLmyDFeChkKd+Z7Lgn9TtxVvCIIxVxVb5ZpgZJ8tntygjnvaoVjJeXFcfE6+GzFLsdbrFzNMEIN86vHI1GvuvpVhpX8FvuG2HgPlXE6QGtw643gmjVj/X6lBnQZ7oo5gSxK5z9OvgwhP4FYwqisvWyGNbhKkV5Hid7jU0CtZty05a9NrAqY51cSBTOgJZCZzb7aYI3rWveecIinuJUeIdzyXMmBEtZEIQh7E+xo9RmeV0rrXS0mI0HdKuxuUUPSKSlNeOiEirsEBdhEJ92aiR7JhfECZhhbdT+sn3gzbxUY7oickoEpak5R0NpHfqB4sVO+Qn6yT73uFEPbE8Ild57KbjRayDC80BstLjUDQfTgv/+sFAB7kvEdWaXURtmJTIA4d9KTNfTpFf8oWdMJG4aGBhpRpzrfOJsx0FG0vMHpVVsoYpPpUqwZfw9jMDieHL8Ej50g6T1aTV9ZisziInLbBJ8TWYhFWlOy9Rkp2IRyMeEt2+5EsqaCva19Ke4i6koj1LlH6YjR9hbSVjNp/aEzO1eJlgBeRGXXZRGVhHY1Xh8qLzczGExP7IX8NE+fhpxK5eNMTfI0mMPo05XDtYjU97g31XQTT8w8nqRwO9Kz1Wl6SXNOvGeUdDTUCWDvhFYECCttZHRllV3EqHmCeMaPtZiqTDQZeThMMax7nqaDNznng5S3rGnkZI7z88XN9qo1wJg46iIrFuSze8riYQBRTtVrg2OsMmD5CwKBbSDN9+ZJohVPWcRUj//clPB1+LGymVWsqUMpg2sqNWN7UjaUy3oWX6ZPppUjQXspWMhcZGjvfCPjRMunn17k3Xa0KUPoWekDnbTvKYkVrhcQPhlmRbb+rqXgG8KkmBXOHHFUO15u36wIfL7FoFI3WJvpZMDf207FZqaW7Tf2TLdV3O3zvlDZMRbWMQdEyvY7CAXWr0xzyrDXOz9CkoO1k6yhZ0UgaTM5LNvY1hWORYB9q0MA44p8I4AQ/ObcginhijQZ0NGV/DcpSxSjQm2FTHJ5COnYPphkvF050Neowpu6KLNCcbnJtBghIBeVMFd3KOaYCuqKSaiXTLgbNxHjqMufqDM2bQmMq9f3i8uj0v12wADDcYPte3ZtONrsh2xaOh3TujsRQky8xERiZq9N9waD2mM0RgcMBLYzUzxeynWzzXB61NmtdyYDE8iGGMz1Dm6ZqvqdDvCQ82YFBAqrsVBBNJorJMCWkcD+kqjTyoRAQR3fuB7BhDoKTA7BN5JRpqHPOpiJ5W359LoV54Qi593Ohiybn5QSHE4GieMRo81i8V59nJIhGYRAq3omneKepqnlIknw11DUfm533iJSlUuapA7ooNLca5py15A7NQBzPxy0U3NVA2FanQGs6MMyarFlkhHP5mcSQwNF7g2sUtY2tthCrMiTTG6jULKjjv5aPVbjnE1UhhX9D7zd5JSzR1yskJxT9zolULJNY4uByvljInrliNVSEGNg5SId71b2Pgap9mHzcfbl+/1kDVWkwjINTx3iDidoUaZNW8M01VarPXwnbs/C4u5tJq/SAmx2QeqjPZqwbCn7lTqzDKhFxRqxAo+Q0LCpg8AlsagsC0qYo4S5xSKGyEdGYMYQdPsduezeFxWQJLGM9sWAhUdmn5RlAlLyER83VmZwy+o+fiU7ULjq8gqYUZ2aNlq7Lp2HxRP1ij7CG22DVlnp5F0YFgxzYdQh4IUKI7kMtKTArN4wDNZFCVRiXF/c46ylT6EIyXw6esMknwj0W1sIJ9pEInTNw2RjmTX06iqPOTLshDr+luqX/nJ2k4xtQO24q6NC7/1c925nw8kwtX1EmQNoRHoOQqXAwikHu0WdIUnlGO6iUeY4yTo3qUpYrK8bXA0EmA1eKLNOISGJ+oM0mFIsqHY7CwX3bpkkI8UIguSSdjmqbFE+TajRJBi9B2+c0kiVKP55qLH4seth13Mfi7bLOy6TGvIRFeWBw+OUahRdmToJSSi3LNiuRyfCrVbhlxbUuQg3Nsv5ancpIuNC6lh+fpSLr8U1apDp6O4qJMgPxTp01mVommjDbc8u2SpNZmqdB+MmqkVaWxivZsWUs7Er8YU9l+FgzMJDbKSBoGdvJgFHlwba9WaEt6x2CHqXJxDEwsbbWupWBQZVOyxquscOUdvtmaZ7g3ClyoMFgNR0wiQ6eN0uhXGbAsLOoZ1Bc30NeFJAHlrF2vsILys9Usg4ejmJ2YwGbqETD+ZUpYgfYlTnxKS84E0S+ZXhn1qCQjA5+t7Aufqvt0zBz2pv9aXYyeqCvcWb0aM+ydjPY3zw0CxcIdhIyEILnsoH81SKORlkJmvYSGriZmsQb9cCdGjsNLV1EvNAPEUm+bfOzr6JLO7Eeg7x4WERWZy7OvSHwdootT+tmyTXV87jZOqkCMEm4osHMMEhsoJb4ImuLHDjOHMMwhFFGyAEGqvyt41hUsIYn7Q4RfEgsgYHBKl5Q+khc9w1p2COWSy6LpFeFQUAXIhnYhK6TWLVYmrY+5jEP0MTy0S/QNg7ofbqHmjEGdbXZw7r/Rt2uJ34ljKSSKz3pynMdw7WCCIC9iZ0mgiSJ4AHxLOEd0i7NSOrPBQtlIoWetrcs9dWmWY4aWydJDgWZeDVNJma3J6uWfCSrQkjiAyUZJoLzGjlOlTpehEEHAJ7O7irtC7KYzNtnodJ8iWbcgynatgRuWMJbf1HS9x7subRif+QBhtROsENiAnpIXQPq0peZ+TRQYhX2iAQcL17TIqFxZLaz4jFkUBPEgmVUdnW2uZR395tIKtc5SbZBH3YEyCn7u5U23t26yuYfPpfCs2v2dIBM7DWlHIMGwWIprqXgDZBqbyfiAODNW18JqK4yHY43c0b7j0GYVGtrLGRJnzDIzTfpdisppEDGSixK5iK/HpwYh0wWrmnuMi2v1bR6KcwN993PiS+ZMZUE5Hwul8gXObP7BKZJssk8DZT7otgxnsHa13rCrg8lPgTRmxXG8xJNIm6bSWC7HMcjG3N19H9BmHr1jm8+zanQN7a+vXUuXThlw/8Xl6kQO34S76lBYlC+nsfQRm6dSvrCECFP9ww7ZpDsKXOikYjSUFJVl0d3MDQAnfgSS60laVDmz4OoP2P2lsZ8MR7KgVAUaeC49E9CITp7glK1wNzxVaLOAIVKyjVQfPIazFJp6RE+6xPieP6sw9WoxvTGulUOvKtsZ5lKsBhuZKJRBcMsD+KLN6O1eOLcX4UTOEPn77Iwm6lgVgPvPXceAEFwyC/nalBivGsQzJ2Er7PpV2k/pqWjXXk1Sibblxd/OdO83ObNLAPNjpdMs26ZcAI71k8c+2Q2B9M6Qa/M8WKJJEfR1oy7CBFT8tyhZi9GJysTUPQRxDRY3NvcrYuek0uGaHba/49TDbVkBDxmGJ5HWP8k5VB2XWIWLmSI1MsV+cSTnki4rgjShaG+M9uoIPIrh8qi9Lfjan3ofhRtwY+KBs0yTNhd4FcQnBSQ/Qb5I81OhI/xy4AfV8K2QNoXVcpTvWXkFgqBcWUqcusj+RW8JNhFZnUfBuhvaUWda1Weso6n8bAJclfGwU27Th6E9AuabGJ8dOUfE5Kx9PwnjEdkgTevGC5Gz5govHLP3bH7AlhcWaafwhVbBjCwHYgDzoONRC5xJjwDjGDx9XxQfjKfkESOI2cEapqPIEuOalX/yFKBDVyxsFHI4jeknBodk34qCEcijb2ie6EqEchkjsj9jjOdYfqLND5LLznPF4mVbcoYEKLcWzvsGPGr7/ZLLxnyuCs3qZ1gbbXFY/n5rZ5Y/9mNwCVRFLzKSFRUfbvQxHSuVaBlx69BRogv9qQ1LamjdU6J6hAxV22GN7GKnJSe+j/xI23OcmtM6dtlV8noLAAAgAElEQVRPuoh9kvHksousiihUuRqldoOzyl20rNgBwYBWFuut8EtdyecHk87AU67KoswBnyOUH0IpVTPjSbrVzOUy5J1B1Bx4SIfVOkvZ9pn+5uWVhUcodMVbRyWg0vkrru2Tv5jWeR4gRfuprBAg6BPJ+Wl/zW42Dng6ZDFcsxO+S8924x++dh2jxEwBS/6GvxWT4VEq0g2otiTNsdw5mYO4fjajzskrQwfM4M4ZS/FLS2PCVqrzTIPMhPavRs6XI50ih8FRPdzrGzNMVgUwyBU/6hduNSRxkZdiIWxIkwDJDTlw69qrjzeUcyMlbjrmopRTWqJ6fnt75wRf1nbQDWu0qLbU3C0x49lSKQDVoJSZFF/JHKjFzVDkMTtnPsbFjQxubp8bghPv33VBPQbmedcM86rnROUAyaYNQXbRcxkSosI8bh3bSZTFJNnsd8ImR3fM1DIZOWVGLwhRffzw6tvf+eL3fO/Zu2/SQq8rGwv2cej3457flZCe8JJDM0azhaFKsL8x5VtVIf30x+bBs/mMsEjAWXRE7flSB3gA4hTEtGK7s1NCmuXX6ZVq2xv4wUvstehpaBXZhgnVKuUMDY0kuurCc9sfHxsYuMXowZOIXrhlVsdsTTHUsMDKlE5v3WUW7yi/ubpjpu6LnXRWiq4KC2BflM3clVfEftocXPuZQjE/qSL3xHO2mmNyRLzHK0VZQbA6RsqGjx+sENfiIMosGWmGilW6bgBCwobMx4/jhoFH85zrCV++vH9378ooJx4/PLy/vrtSrnnBxpqJ2oJll8K1i30SgjqImSdMtNDobI69sS/fK8v1qVdLr9zsAMy8KZ4LaXxUwMxVnSpai+6aUMUqW0uweRp+R25cDQ/LZWisj+5ZWqGO+4ZPEGV1TInyGN83j6YYQtdTnrLIe8/Wvap5qv6b5/SAYJOCgQJh6+yFDEFBooRayLurvBmmjDQbr7k+ZdK0uCmGzy/9gGLPll5qnxSSyeSirQWdRFonefSEsSu3eAXDkhdk1GjmXjt/pnusOlbVGsaJlfJnQtLoVmYWL1X6dnP7/B8zytjPqvbRFU0xqWMDJ6+NYf6MZLV4bQGdhqhiETk4+GoHA5W7z+/hnrMSkRL9tjf+HWYmrhub3H6J8zwXE01y4Ub5okVa2o4VRCPaiVAX41174hwbvlOBN46mENPWPAeX7bSGq3dNmOOqqcJhg48wxTTh/tprv2i1k6Lhgie4O+zgbHG/YIqg/3GQdqYZma7WrzqjSGFUkSMll5jIOOfmDTPOBoRKAc1Pca+ZIbFGSVy4WWnrT12DWC2fXjUydZvz0MTH9/C4CHkCOpEH2v8v8tGlwzTJ8bYdnV8KzSCZom0+k1WtOhuNuPjTYaYyOglG+cI4Wyy/8lIK8yM2UntM/RNoKPiKiqkCj90ARBKbY70Yl8RI0i5wj+1z0uSeVInVxWpkZQ+z2Kdy8I5lysGv9IFJ1tHhgjzI8ia1r0T0f9nf4YL1kpX2I5+q8Z2Irv69iEbQlrITGZKxTDbW1cVshfxCGjmaXHB4HOHLbbd0OWk398RvGtkZ0igxqx1IwmySxglhnbIL++SdNqTB54QpohZVV33jpT3i11qtCs+04jamSNqcx1SwbKXW1sdzVpBrDFdFyPphDshgtB+HozGkQXK4r7hHEJeKhQZlcJikctW5pbUWUrGZ/QIqIyjfNv8nJIT0iHOpy+17mnS0eJG9vdrMeQTJicbpOH+dssmIOGYxqYaO+UosPbAQ11p/IhvfugQf0DX7Smb6hce1SwW1ZOgb8tdlpBY51AApQ1ZsULEIWepEkkpdvNAcbVodfyZvEMNYpIdzMisTDAxrqyZjvNeK10FPcx5sx+JE141MT31ijerppynnyqWymgboUqCpqbOCkFUGJ0k18bMCvv0SS8OsSM0KBXqRVOyMIldPv3JZoMMSOvI3xARIdKCZnA0qUDuV7SDszlhsw5VPCfAfSQrEUBeN0+xoWbhVXQ1IY42rm89/6d//D1/84Pue9rHT8R5G0ZppZ5ubmz370d/+nc++eMVaGOFIVvoA9GRgfEM8MRBeEAe7LfcyQXspNB1AbL/xHV6mUA7Lb22IoqAaf+JfGHBHNLsav5RCBe5zTYhslhJdsKQq4UFRjhcSnCnKmOMz7qXKRtg4Kht4Dsztd7794v3tzgFG6YZ0z8wsZIz4PQX/g6uW96yYTSPAa5qO1yps2HpyXLFREtsyM8tOKcZpHZ7duqN6jTbjnl48EKsUZ8iQHZc0GymeCfHMNHRQVkKqSLDT1py5B7/kCqOZLrVwrZ15WtMqbBiqfhr9e1cVg3B1f/9gVGbQgF+8mzZg2DMIH3ulVPfNTp2rbvr2kKBn97Xn7h52ZgC+rkGAEp5qRAb3nymGyl42ji3m80SFpkhEGVfpjD/0FWNEhPIKLSMLYwbuy8WKVT/jnN+7ch/XjJmdWCAH8KjB7ZsGm8+um33R2PjzocEdTTUzq5Cdr6syYlrFU9SXa6ieX9+9fvzNQs8okaQcxwpIg0h1apKV2gpvHBPOqUHOVjErUFpQZo5CLjtVFo8kVaciLlBHCkIeC0d6lpUyzBG22CiW4vlxGY38y5hRglBctELSFLDwk5Cvmro0pnebek91wmZ3p1SPjjEVoZ30OrhwOnZD0CNOsegsX+W4hAnak99scW4Osx2G9ZvI6lmc7CobZMyyfrY4RLUnSaP8PNLSe02Mk5cpjg/yTKYpKB5YThKGdgPSLwMTId2W5LIj2GGmsrPM3HjmeGsrIwhnXvTbKotQIvCUWblDA2CasFJ04cjsipUd+fj4KuEcSUYWdOiy2MnD5qnHCX1/aNKgpos1wmiBheMIOGAq60G0NQ5uv3FZ2tR0C1YF3WDFBaa2jkpPfOm1mHNriCVlxhhFNRCX9MRnvHyZGnlDieiy3CXkVnRZBy5uxx0yTkuyaMjwTeRSurCnTCbHNgf3cK3NXpC9dIJN7RwixOB1BVRxTOfudTQCS95MyEFCHUOE02JfiaZLYlKprTgE+olsaSdxBFOZkoucEUahTLkJWK/+ZCF0dTlGFBMQmAv3g2K6XewVjAw5fq2FZr7Yps9iNkHLPagv2YGRcVErgtBUut1KXPb8JmEpNEQW8RxdvNpznDkyWqX8XfbHUjZTLrOWRe6x1Wr42pr4ySlvUibdLi4SQziUyUkc4gvqQ5+UWB6FIu5gpzcr+qShZkhBLBMHTkrVfBRn/pN0BE9uRLNsNCtyCFYwUBdwRck0qsD4ZPazm4AkIc8+EZxvJHb8nZaohiUhtQZlaKSyWGnZqtpXUdxymc13xtjXkjqaZn1l5BxQQ+T7grRibZM8c50CT7orMCskUR3beEEZLPRVIZy9ktNeCthvWFepWDlMpcjG6FRgRxXZpi+ZcS4kgUyFat/UiS64ko4cFE/7ZSXBdoQkZaJWRy6KIolwfDLC0GSG2K511vt6kPsWXunmMSsLPO1YK0b0TmDaJK7+sSs6uiexIZ06VYe+QcAogFlET8kjFc8hm02CPFNlnoN+jUlpM0odHqvE+pKC8FR6xlkOWgOjOkZMahEK4vVudTY6WQ0X3lMyfbUlFPFVd3P4lkpeYBLTfntH8yQHOc3lndDcUce1tjkjCyqSLLRSR1t6k6jFR3arodKFVMzFvh4/vjtQo5n5548mBRWvFA06U+CnwKiTy99kWaV588Mv3/7Sf/n85tXLu85yyHYC35jH4rCriD2j2+Uj+poGGY35MLz8zUDTqNSY+7pgnvLrMIDQs1cqcED4gGF1i39T22hBPcxBEnUKrIpTzOxVUuBmmrjbFOavwqm7sR2IqNhkE7yTA0Mu7FHaWTFPx2uix0NC3VC6sh14HlCo78knLZBbV3cTmzGvJ7sbuAlFJA0lg+32hAZluQPsrj9RcK1b8do7fYIscKhgy61qteKpZHRWTDXWkd9APItgpS+U0G5k+UccbJRDoaN5KuIWlR2osoMrPGaPLOWRLDODApXojbQPvSC6W0Q8WLzbKxt8wMNAQCCpH8tgw6BM2IygxZULhVj26sbTRcvlguyFuCE4HyU3sDMhgQdlPA+vk91+PViBmiPkL77bW9GMdbD0xC9/n8pRVRkqjjPo113qHnWXQ/AbvTPei2df/N6fd78DCxt58BPDtLIgVnP7YmwSamWIzxfv3BpbV8r1z29TmxaijrODl4eYGWYoa82G6qiSOjSRm00yxzSiIusWFXJnZSPl6he2JluaPV5wLCXs/aarXN8i0W5BdALgkGWuNRMRLjRTdjUGj7QvfUiKTYACYJhY2IDh+foeYpxDTEGt0hFCamjT6Djj1DUtWxNJfvdTAZS9DTBlsnPq1nJVxeKDQXT7G8cS84XsVQTk9hafM39PeXCW1+PUWAxvC/9VejvVd9Kdf5rjw13dPZYfP3Ac7StDpOf80Y8Msyo20Hg4DHeKSQlLaNoNccCjKMnRtPRTSjmZcWrG+lBFvuyRHalLimNUs+JYEutQ6rYsll8yMkMIucmuk0jKzrZ4DkML4XEZ+8xCxXc6wEppDat/Cq63dKyTwZJzG23ijxEVV6MvgpXPQYV3AM8WUn/7maCSy82dS85kWfyiIBiygp7Rt5W1UKwTL86OgmtLjm2qVck8fdZECh2x1OW9TbfyD2WbC+wJFDtrGZAcQWuNrXPQqzHVh8FNqr8cjsPFs8s7sNJihs15ouyQTLuKKtkHzQiPMlSpphVd4ypMF1zTUH29kHfhgWoU/1lPcgXHq4LzbwIkZaoqxyh2LBVmf7mj7KGIneyM8ZQymkvKdLhgvSCu1SDsUv8qHYJ9XWxyUYqMcpKIeFW++pBVpB9rZotaq4k4UGbWUrm6lH0SKKWSHdMgPU+xQS20D1c/M/Ae6fFJnJ2sm+KzyqV4/AMZq0xZWawbmEjwycHSHfc7MDM0/yToUK98+0F7YpheEg7n+M1QShXWks8hEdWgC926JMVOoadIGXHwcdGcrQYMtVIsilXd55BeImPls5WdfjI4riVkA4UYMwuXWp2reg6K3mCWIKbFFebyqXVwTTT3hnV8GwZ+2o5uUyvNEjqFEjhuO5rWlQnG8d6pzEV+ZGUFD7vsejQKTts4yimqJkJaQ3Glwn9IBFoaDuGASkZwxjiYd852lb5SjVSudbjPvWuqYX3+skjZ2kaLly3y9hg45slk4q+1uHANje+j3QBdEg+6bDyyMAcm8w/IhE/RShcpIT+FU/1gPqZ1cGRkLsRKDP6FNxcaD3XyUkv1/qpz61B2MUz+bRjY+owGOwx9QSKNOgVgspMnLeqYBOY4+4wWJAGN3E22BqR4BGR65Jpw4+JrQRTa3OhWTW2UixxevvnKSxbfPby716NY8gNM45sdlBJSgklb5t7P4hAzsZ2hGgNd3b395sur6zee2VwUGjN5odDj492rG6jvHx5uXty+vLppdF7L3ml9/PLx/owZwDrj81D7U2zAp+LF3nNphtj/sNtDaV2rZWtPGSz3/Xsr0+YakMkVFO22vvXiVs0hu8vTZ5ZM1bPzdY5qDs88f39/P0gvvA6J0nlxXoscXM4x2mDs7NKUycF5ymTl3Ru6caRbJrN0d7A1pthsBwNVMkHeodWgPz1Vz/qqWRhPjn3MKC3+AsazjT2xhP8ACFug+zueTDVJiPh0WBWr2UnrDeBcIlSgtGYsa22grrQspgmWbG9qfv/u5c1t72dopGCQ5YlVG1UYuzNXWjfkdYfDlYfD0EGkZLwG0iaN3stx7zlXnsrlTJZbM6/c9SsGDRaLeTcYsxacot0ZEM7qJEZQFkpV4+NTkLORrIVBiov0xfCIgcvD1F2kL5qpTd8imsMVUKQmjw2rqnaMCXoMQHWFyl63p5XofeKr+S0W8HvWjNvHqy8+txM0bU1JoOOHF6aOpVCiC1BC5WRITxqTYTPkuu29AYjMRFVAmiA0MnXPNEbsZOh17caJh4XlLj/jrB7j895k0YX2HpjP7J69o0no2ncBrAUbtvc9Q2xTR3UTvrTzvcYx1xbrc/HCoLiUazuDaaiPvVevWutXowPKQsUYZCLRoKwoqqNYNEknx0y1AXwBekW02/01wDNZAZXULE/bvJLFmY41FqInJbM1rkLTDKLFGfB7044Qzbg25oWCmdSxkePTMCr8C1xvDNxQsPrYtUC1JdXn3hWouCHtvauzekTEo8viFvBw4TgtQ5k9ZqNZipRqFgMCx9yFYLvZ0a5/gOmzE1xzRMWDfQwbQfa50PuVPpNHM07LjUfRHMen7PGf3gfVBdYIZsooj+LhuWDisEKfJ+tVwu5StB2hDRZ0tBCB5q7NiiqQgizlBhzO9UARbwLu5ljp7MbApgVO9GFIYrYQAbkhKIr3U3xf0hwFrOJLndVYQRrBUxKPU1rCIPUzV9bZ6aMZmkVQdclgqyKtJWxFjBCwCnoNBRFFJqqqnjrbeAbg7juCXxslXi3yxanGpGgud2MRHMIe+LzUfilLK912nJg2afikALUy4Ur8hEMEPyl97CG3kPlkmqjPIdyBkhXlWOWskiSG6NMGdDFu86NJwqTGmw6Z6IQkZ8R7qC5YV778TxohQYTTgTGC8zUsgyx3AJFEe6GcHU6AVqDUfS5B7EcgSTp8LoXQpJ1owShOx2TlzpiHyQ4jrbiDdIx0mxIlYoKHrSBzCdBSIuv/0Ijgi9WOfeNWzqL0kjTd+jrsplz8xmc061PsHUXGfFioXmu/hNW4C8ALzAEPneRBFN/bOxB11iPEpU4nHToFXDeLAPDCcjo1fGdHZashKlcN9nBewNaEKaV14/+4N8yfkZM70mAuXOrv1ZPBLqVyOG+GPDxQWeCyK/6yLz6rRk8dx5EcjqJu+ttXryXUECfowrg90DPSGkuKKjHOZUxAfUbhSJSc4T26xkpKBU6p4+30SUBw8iPiOCbHYajCeykY7/4a3NcpP/eeTs8ksQzmBrXeiWPk9d4bSV0WoedpCIF6NsEvdpgrjWnHSygth03ok/2HUMqKKnKq1+wW4cUO/SgIHw/WSsW5JusiomIjybt2qaahqoljwzR49tJT9l1Zq480RNBXgdIlMi4SmpGoMzMU9SXEZ1UkuVvYQMtlze0SXcQbmgkZ1jRuu3//zoXXTqYZjeYUrEM/LUHOe/4I3dm2SLKFEd6PXr5/29ULP/3xsx+4mvnZ7QvjFBxrvJ1/oZiHlHuC5yvjkq3t1/d7ZjMZrXB/fvdTz1797I9/6F22X7/+zrdd+eI+USNy6DxVpmbfEun9g+Eyk2z9KcDBoqFwFXYnsnY4c2YVMZdBUFDamHz+q5XXc+n7820jKAv492+85Ob1sxd3D/dexOsNtQyux3Fb2GnCXrx8dfvw9Rvvir0Bu77FovnV+49vF4KCptnOi29/h4vqGte8ZqjhAqrJm/FLTbbCx7snkAtQijw+9AqKq6vXpiKtpp8RmFEiaz6/Q9ANytaxGkW5HoZlXBTUQC0otoYx1+Aab9cRNv7c2RgdZO7rRD80vLWVUXvKVAeWVBhAa7FV5XCyBf5MpmzDu4b/niLfbXLN8AwOHrKMDGNBQ7s88Pzm89t7o4GHt5/ffL7bYTnEqNB924b1793++6Nv7m+/+Oy1N+nibpDnwoNr96qedzl/vPvw7PqzHsP68NAIlljdszdL3Dw393vhBILwNHAzfDRI7gxAz/EowjuDwcq68ZfXXuPQs+BqLbPpCQ+5dKxCGGwb80x12Rsk0DP/siZ5leEndglilt09rVj2oBiJItd2/84NDMIvD3SBVnURfzHlrUNvqFZgkcfLBV4mjOdBCw2HDVIqwD0VCH7//OsH43b3CnjVVMZlVMU8sgxv/GrY+Uku4Tn71pVyH17cvBIqZknPXtw8fv3V+69+dH1913jmuVvqcbDgnm+vbu8eXnpV8TunlKgWwkKhpsFMzQGBSoUXuALoNH1mFBksLBSMnuAO2sBRQknpnN2Not6d3ZmoXVKCi6wm0y69f3vtSqDnH199t2f5Nolfi0PophP5CjcTn7fM8/UebywGsMo5bP3w5uuPN88++5a54YPJjIeLak1YSS77Z/rq8/P7HtjV4kaNA4pNJHqUTrXvi49373/48OVP4aInYAUONLnM7c1PdAWmJw8PGSHOOtDjKMHQejdlg8gYp1GhWgGTW2sj/NCGOZgo5diIAViJFebNwhHvWMhCMd/HNYnRIav9R5XFJw/18vLKcUKU+8jfbj6R18RnRmyITzRh5MdumDGo1drSRdYpKOpU7PmTc3vtrIhTrt2pwoJKyTsnBlkPyA8fb7x9glEeHy2RaHy0Udo64e3FwL2K2omeQqTZPjjBz1QTAPI5pTMdMKfzGatP2eBXyF+GWYfFKAW9pLOVqT/RSCLOxWqs6shqnXd295gunNCiEJOsJjRsNY+SVNHr3h8v30NqgyWjKzydTzYx3qHrgT0XKh9l9uAfL/DXUSWwGXZYUjALHP8dSx+bXygyefDZo8rkMPXGtuomtwDCK/qchTo5kZXdgZCyA0sNimOFCrsaZUfZKrj24ruP/QraX0AdLSLFdiym2ziFaQgRHYYOE1Li+fW9lov4tnikdzsXEtIvokLN/2e1aMWxHd95N9aObPk3rA5PwqSUcGEcUQwSl6P9bTeRF30VDthYVgMQaqcPuwGqyNxzeIXSXryGvX3b0gJkZ9wnqL3phUUZ2IrW2pEE8cipUglvN/0PrlAexeJd/mE8We1TpsBqIu6oViYPj0cNDBK22iXJQnrNrcTkjz+KZKk6S9HarHARwBg1PqUf6qTZYzBFZrYhT50DTPhrN6vXBPBbe7Nyh9X+yS3Y0rjamhXC5yj0aV/9RD6dhz9flRMeA8uIcRsvzVIsB6+dyWWSlUNWucwd5iE/Vh67stKi+tPOCElhpbUcAzBJ03aslKmCZW4/W3y9/vD69119vO9RXx5N4S1SstwodNNw+IVnUHpmnFEpbIlbXdfvT5tT/eBih6NR+8cIJ8F+fZAf8Ji85qey0QQ3TQvZpSVhfyt78VGEEWTpiwXSltW1IWtYrz588Ydevfu6FwS6oOL581uracZwPczCEM07wCwcVlUVSxjhsPjTv207wtkFwFqRgWXSjt5+9eY7f/L3/9P/0n/3/ofuubwzDmopjt4U6bT9HKb9x7O1EzZ8dBbCTKL1n5cv7z67+7Vf+tv/yr/wP/ved79VQ4wee727B4AY2tp5//Gvf/nlX/qtHxcaHemnrFqHhQ8N3+7fvfhf/gt//Bf+4O9/e7+BkSGi8zOW46xZNua/fnh4/f0bYzIFutZ+CjKPSM1eEuob7FnsIZ7qvHAsDnIHXewvyLNpDmlc5m7FfCGqH7/z8fr2V/71/7VL0IsWZGHmi8wk5fGde3DBuX77I4N+vc+151jSATCDTw3x26+/+n3//X/ui+999+P9Nz1fsAZDGKgH726ub7yj1fzo1fd+4f0772ollIAcxd2NcfRRVy/e/sYP/ov/6//D2m0KlUkKQoxa4tJdv7y5e/3tL3RgK1yMtkw/H1sqfvWdz3/uj/4RnbzCDfwor5QFbHbRMY7l87dfU5/+Pg2+rLvrHM0kusf51S//R//x/Q++3/6QcexqcRCvXr/+pb/4N/7z//CvuRSHya3QZ+2uldOJZqKv37/95/7lf+bnf/Fn337945V2A/07D/4XHMgM3r/3h7/7p/7bf48Rv+C8uvFaqHddJ9O0kBbPb29e/9pf/KUf/eYPbl7evnv02t/Hq5u7z7/9yre7BV53e8QXf+U//E/+tf/V/+aWMVcrhc+bN48UNA5I4+sXf//f/4d/789/91Ek7bopKuYhJn7/wdTtF/6BP/WH/+t/7P3Dj5mXzILAxvWnGhjzXr+4/e7PVHkadm9qg1SI4i6+Xtz8xl/9K1/91vefv+zCaBCZhy9UEy42anoUuG9dRXDd9QnqTvbp2TWmKCwZjxoGRRewiww+kBZC1fnm/Z/4x/8scS56CV1+rdmpmdeWeE/wj7//8Ou//PLmNU4McGUZw3xA+IXRdTaff7j/W3/7//VvvXr1RZVU2Z6vdRRNrpOcP/fzP23wpJI4V9BgrZpoVdXzlRB7PH4TFazLKEQOZKxJwychpfurDtV40iSq9TvtNmVuzqD1GJ165BFe4IiSd7/6f/pXr199fnX72npy8yt8q4/WlKtr1h46b3b/9e3Vw43ZAu61D0ZuQsYJz/df33z3f/Fv/hs1h1lTHTEXVsHUd3CM3F7evv7Oz/3UH7t9bv2Cgm71DYTnroIkRL/6+nf+iX/+T/2f/71/+asffL35mkdVqXTaVc3Vi+e33vH37H/+P/6//M5fu//Ot+9op8alaY04ELnND0cFido1W2VSMDMgnR8LuJoF6HDomoRjPaFQUGXCGIzhiBBmt8Nd3mG/NjKu/ccarV0puWF/B075MvserOWFcU0MK667ykdXV1//6Ptf/uBvF0gYmuRrmRWMM7lOrr27/fzzn/sz/wPje/Loxzl5lkJJNXa++e2//ufef/VDD1XtBM3GBcvac1m1Ib0imclVORKCjc/0TcQMVmpqT+5FJwdD4aswLfWYtwPAsznGrv98+OYHv/E3PI1B5WJb7UrMBfb73uygPr7+/Fs//6f/Cc8ZaxBdejfL8X5IWtl78Tt/8y+8f/uViNkKQkDWK3Te0NrX3Rff+elf+FMYak+qOHXnyQlYFbHvGTrl5uMcUvbJKzGWgaZ6mfs76Rk5fUiljZ1xjA+ualdMlnR6zlgeW+UCRbfhG9tRHzOWcuRMbABHXN934jBPEcYkTxxjFbhkxOocn3Lha8OkvX5GJQpWRlJFP21TV07Sp1z7M1D1Afb+LjxPRaloql3Iz+FK1ciM0xQvY9gO28NlnMcggSPp6xj3mfOzWZmB+vLv+CJ8EFZg5JGMdDIiRZAInzjX5o9FPxcAn0pPsCPpmf/Y1VXshQUAACAASURBVO7Qxt4Wv7HzxeNVxLNlzUryepJWXTZQrovJtX1iKqvfBYu61vFSjheTPdaX0KwLrqlRxJb3NUCkRj1eZCUzLon366OGN7XMzv3RGnFN1ZEd6AYBKCpkqxtr17iEbeMw9kf3AbqAlFETv3JpnFn3kybptYLjGVRHEfi5hMxRT6NR9zculTmfeCmpcdbT6gKPs5Q9sFGnW0J8JG/5pqpsvefq9bUXzV91j4PCPY7DanpvptShwmE4/WAJ3Cqcghmf6k/g0UpcZcpMIaQiKeFLVDpE3h5U2T8ubRm5n1D14aialDFL58JtHCdBQsvVSDNNovqzXoXQcnhdSRexfvCScwsWr67fPTzgf+vOLRd0MPwgrDGqEgqs+c1OhyQhrm1Ad1oWnT7rfHh2c32tC/3w3Ufjea1dnsoDkAR8HjyjJaNeKMwqYsayguTxxfu7m+f3f/HXf/itL1/efnTTJuyPbx+9qYAGeodvv7758Q++/Hf/3H9565ELDw9XRi+9vuCZyz8en73zkB8P6Pjsf/T7X3zx9evXyuihXBRxTbDO++7mjh5Z4ZmhgCVkV2rap4G0mdYRhbTYQXWVCN0WfUHPdjWCAuz4i2FLTXojDbtGQk6uPH/39vtfPvPmSJ1HIdYoGi0ABjReJWqcee8KgdvbqT/X7y22sKoSvZ7143tPdW+hAM9CqKU4I6zeJNDzPV2BfH/d+ZBlwbMwryf98ODqFmTv3zwY25iI7iT1Zie4mIvxlXmf9yspSh0nHFxmg6gezpJ/vnzTO9TUl8gLQxfYdEkO7WoHC6c0blCVbTKCKNodrVbp0bn+4Zu3j1+9MZepTuoz1f2es7EgAOrLHz98/+vHawQmRpbfCMKz0dXd9R3sH968cfj8XSPs6+ubZ+/uXz6/ae734sXdjYX8D++++R0R667eZw9vnDHhWnqBzH4/vv/6+vOrz9585oTW6y+uIYXf+aIrA8bnd0QYkb/9y/df/spXBsNfv3lj8ukiMVYWRM5OvLi+uX+8/4f+m3/kylyjZ4G5mkb81IXf3zeeLpI8L2sD+WOINBQurQWsta/CiKY0X5gIiKyWqVooqb48vHnbc8K6DTmaDzizIw39WXE3EPGOukSsmKpRA9Kr4FISZQPGheaqoXrJWnYNoFz/01U0QvjlB9XwuKj4gRA3J/veP1iqvLmT1QMpieBKzD1ZkwzjlffPHj48PDD4oxF3ja2YhMrVQTFoRG5149qZzy6HcEl+YUWzAkoN7hqPBsRMob4rX18hcqo+a56SFxDFmIJc6Kv8xVF1UI4MB6ZedmlC2WWqDS2sPH/+2gz4qx9/+PJL+GtuWFTNIl3r4HKvjx/v31jL/cDptZ+dXkmCkVuMcHj86i/9hV/DnSlUcQKt5rqgX/40+PDd7/3Cq7/n7358+DLDi6kPPZmK78wfbq5ufuu3vjLd//ZP390Kqhc3q73VG6Lp4i0Nb9+9ffOwuiiwmwnV3wBHOi1XY6QpklZr3Lm08uxSDcnm+2G9zOIoQ67SUaRIQBGzQglnn5qYrTSgy9pr7RXN7zHA169PpRAUuZVdq+ZovyM5pfO81MjPlgxi8bEawxBdWseDKeh1kgW/ljwrO1ly/+rZd3ptELkvhbFqNAfcxLSzoYEVT5JZnhXEbc/7ffcgaoWNQKq6JZuqUzeEwDBNiNvCvuwsKgvhdC0PTSkrE7VPNstoGrXye5N9s/le4OON8wVwYebsWczIvPaiDc2toMmDXIMg/Bb6MfOkvHt1hNKmnZnF0oTWiUeLMQxI7L9mjbQS2KK0Y/tWt/trK/wD6SsP7SDi/SE/KSIzFoyZ3oG8FC89B09S7DqIXRtqx0U1bBM+TSUmUcKGD7zziYGiR2C5R5rmqV7C4UzDxbLGe0GtaAiij+lPtguroB6B1eMARbqW81CUb4uOb7JAn6T77ms9dvgrVuKyL9I6XkL4KtAxPLHzX5LtU8GlAwHvhfInufZKS3GNwqftkvbpeIUvepBj77T6Sl5YLlOAHTBPBQN1KD6lQJMz6+drDp/S22GK6ud4VFJSoo6VyTkAR1n5Q4Jb3ke32hO/qmUOLmbIz2rtj9+4cEopSUeBbauocAKUjIQeWahUo5Ziq9gAHj7MHrMQXtgeR5zjcSy3mjx+WSkga5GUGQj8ZCIevslL2RjTpAz4RjP6EKFNyciwTHTFwlTLg7zk/celz/lRGT7VuVNBlZNdcF6YVFTJGjvpGajVI4OAupo69kzSeg8XgdGrQd6/vOFE4xClOvfvWpDGezUKMdslKhk5E4cx9rFpVG0f+ClNXL/VdmI3F7u4ITQDWoFRQJxRaj9LOZlBXVQd/EtmJjIQG17HJdBkw8ZUSq9JdtDp125xNugTUFrCDAWqsugm9yIp+OM5zrXu6XRRD7G+zMOy33URsVYyBjWkg5vJCkglMD+9n+a4GyeYrc7+5lV3PX72xc3tFx5o4mRtd1y8uHl5d2cI2PiI4q9ubn7+u194JZSTFS9vu1ppUy+/9R4PVy+++frNx89vPQXG4lNjA72N9tzIqHYMFfMa1aomZ+7Rgn79FSulyHEPtbuQhdNYdQ6CNwMXeG0R5kTWjCTD+mVVlnjh8ontEgq/NbIeIWeQVC+lZsmsk+tGBvrEpS8Hulah1oi8a43jPIdXoBGbqx90WS6sev/YulWdf33W6BxtqNrpgtShd6OeziEUlWCLqMxntOgERJekmx6QZBk1BQxy1swrYqxjSGpwjn2BA3RXYeVIxplFnD0XvaEKNwiXmGjBzJUtmcXZCNqjsF+9NLq0tqK3vObNly88IMT9GB8Mp9OYHi4CNpa4vbl+fPC4S9d5XXUqyoM+DTetw6obVOglS++dPXDKXZzMDY1qT1izFldS4NW3PqdaSGsAXWUEYuv73HEefHXn1pcXH79981kjwGevcH/zxkVDnshqTHvnDh83GDA1Z3UlA8sYBV73tgcceEdUsNvxv13cjwv3m3MTnbk0HbluLVR1OmuZ3b18cZ9Nap8z4AbslrCNtZmXAHgiZla/seLiTa7ydAfxxOAsXuYWl9rVBOF2fe0m4A9u4xHtRT/wl6urq2XWJAS9+pBcvOHhZ0bBVygVjg3xaq22cK646BFRRmVixU7uVLY7oMQb8m58CpMP86tpxgsNjlYVTBvIaaQ40ClDajjtFXtirqTSLsw5q8Fw4EovzGbeTj9NClbimP7mHkygJRFGaLydrLHO89ffcnmGMR6bUCS98kEjPFXh+df3H1/d3bhU7tnLW3NIvpguj7c3bs4xKnz4zmef8zwX1F52pUcXBgoCA/yHdw/IXPkPoDc8daJ0F5SzkIvgrq+e3TrvdP/hxTvNCw8DZTa2AEjLfFYQg5Rip21vX2IpADYXXlQf9dMqUrUnspOIhOvFjHJsXvRlT7zhnGEqUtHCrfK26qdNRc56o11mqAZtzUj7oV6B6EdT7UlIga75wIhPBGZnG/NIY+k6kOOdzvuZFdQ7CX6n7EgY4lzWbHjThYVRLb5WXUEGvjSvMM4YpwasyhwUDU3wnKpHnY6mlp14XIy16lgcdBy9/zQCcr4uXqipQjlxUwiqRYTOcoLEVWH4QbVUpxCzAvKiweoe3eskZ371pqagieIo7Iq1W+cWJlaPWvJlkxmSGUNSpiYzyzQ+CuNxgcMj8KngBf6TKRQN2UkdT4wkdL2cSts5h6eSFwNQuIp75IDRPy75MFB8erZMZmvgQcbhohCYpPlIEVHDukJSUB4sysmO27b2+3yiL+fo+kSQ9/CaWdAm075Ch/KSQMbsUeITprD8LlmTfLjv+5T8lDpM6JmlwPrE5AI21SbT1wHpQkd7tHV4LIUgmqWM9gL3IBsHXFYfFRkpXSb4kKd5oguz2fFwc9x/JX5ixYv5pR/AY5NljrR1DE+4TsHA1SHVxyOsgDqpPq3+r2gEGAz3lIn7UW5mh72G5+SHqPqkZLGEDKaicwEq9bS2UcsuiqbZdJI4qRd95ZO8EFK1pmmlaIOqrWZiiha2Qw7FBPtSFgOROxqlzo5mBfUxdylNtTfmV2SWVtI//QEb8ySttsXPntYhWBfX1wVmlAC0MHKSl69CF6V6nupYhdX3GSJa5o6/ZiUVz0UI9G95IUKjF5eaGk7LzSoJVCxoT22/HSxqVivS2Exm9gdJy5SkoI1s+BqQLnFV6wJ1uKJS1k96KcZLmNfvcqd9zZQ7+AoRcEe7RpJYC90WnLuK2vBGV2bEN8frxbWN80sM02BH+NfttMqV67NJhpbsmm53ZhYvjR/ocJYNa37ioHwiDMSN2FbUNQRMrKVco9yYwzquEYn3+d66Hua9/vPu9qrnvaRwl2YSA5V++86FFi9ffvPWJaQvPnvt0tOrb95YWNcni0lNu5XkRt2uTADRkEo4eGCDNwAvwEB4hAUkjurizhZ33B6xa+DTVc7+aUVwbqesZHpmQ9qUA02pkRpwGF9JaBhXityGPTI8uaZrkIy5LTY3YiewAfQZHJwGuGsRXO/h5kEPuak2u1B2HYgWndJWp6Svk92Qn5JMaj5kJ3k5Iyd3DiFgjewbo6721HGL0mmbuZSCL1/LcCoo2woGUwX+opvk1tRb1Own5ZQSFRiv5HaVABCaZhpYYcM0LFUUd0vfVefKXIeDrOakatfCfcPbDx9vG6caur/fKxveG17f3FwZPLlr24DCktpZY6w+zsLBy4mGkt14k1NypK+8shxIjf4JM/V7MBzMT64kmTlMM5ocmBa5vdUCrSVmr+fo2jPAkvXtL+6kO3WBq0GlVWxrv84JXHcPySMZ7g0QKhCIgI3b8aB/I4B5yIsfHvk7kAamGduVPcYK5UJW3d5gEyLJChbKomOvuArErkBooqXFyZzFBcQpV1XGoo9yUjN7b8Uie3Wveq+podqeI1WblU92tYiJDCZ8KxastXbZA19IrJ065q3Z29oreUk2mv3gxvkG8wy04f1p5YbEbe4uymryyB1MsgFMQOHzlr2bTg4VUqIQWI1Q+pAuYvk+jmkOeI5ViEFKo0K9m3CGK4KOUtlgMh+yO5sVg0sNSpRJ9dMXHQLclNcyXuf9mEm5bozY0vMz7YbVXUUkC5W7m2uTzesbd56Lxph73HsrOmYwqwWhVx7GEDKYPFd+dzKirQdfqlnv32n4XKijsqiFu+0eYqaVGaR8Xz1apyo8aorHNuxVqaNGdY8Zay1PRlrZKpytpkux3zVAGeipZKG2LaQ4Yi8zE0fUntbI3/nueHy3I73w3N9wYBrzC43f2ju6nLQDrfIJYeygigRSxAIYcmRobIqh00DVmcit+WKQRNnHd63ZEVbZzTPT1rmEibugyP4xOAhSpyDNAs0ZRjSpaNJYjJkXtuM4OuLaf1IhUwbj1DGaRVZk0SSQm/ca2T/cq7xNhaHOOvShFbKnqMIwEC60mzcFedXR+Wptn/qlbVF6LpqlRG9s2s53xeevdA7hHGRnrlpKqRe9K3P8kwUrKI+4mPrPiUItB3R4iQfpDleJ7SZ4VSfejNK4o3Wi6GdNxAdJtEfawcIFgzfwmCyoiDzAI94WUZCn30pqIGOEe78X1T7RT0fiS0h2TfzZpu2BPMnJH6K0xeYSjok7jcHQxh8nTI4oO9PHr4zL7vihKAACsAix92nrDABOkTwhHsSLaQ5drLUrlTtBP04JnidifAyYjMM9FJ8AtrPk0fXVIZuNBWNgnMASlzpjXBJHPvacO5KFg4ajpne5pUKtw7X01d5Ma2I+paq76ZScAJ+QCsF2L2imWIhCIIg0aYMd1GmiH0/hnFHjVstWzV5Lg9VBWDkU8VZqR8uaMMKTEgz1SjbSqCPtr5bCYW3DJTS5W0nspnK7c2QwyV2p7TpqIERDraXNgtRIS1mTbFxV7QjkCubIeXQJSSV+g/eQKaRKW8htj1Bl07S1XgvMeoVTquDsunRf2gMMQZo2wo+BTkVI89OlRYcMsqPT8Tn8024l8YWb1tVTEGttEy3pYp/yJ8NXHRBTArFibEsmwn3sa8lkiVwLMeQac+BmiDwbuAFzinaPplbHMsaCBpz4RX9EiTN9ZNEQ/HHPPeHhKL/lp0SbcyMOXPDgQm2nXGHr5j+GcM4kOpxchdxNAu/v39YuZ3ZydKo8+PL29vr+7VsV0uqohUzXZ7uIBlctbC2YAYerg25uHt3HbKHdgGVDXiMWc4asNthYeQcwYAZ8IOEU8gxq7rEhLAooa0zlFHLZLxgXPXBKmXL8TPWODQd0GGCs/7D+uVtR85u+34XpXTXsvkmDBC+iEiM9c8msxRRJD8nwZkvGKYiJZ07xYp7QcK0JZwbFyXg3RdJXf2r8yzZwkptgYRgipMy5GHOZhIeT5Kt1CQY0GGFAOmZVpYK3OGHts0ic6nHIxY3is4GmJP1ffrzumjYUtHZcDEOQ7owTl5wAlxIEmjY02Meny+QsNjcf028SRL49iM3JmgCYFYWF918+77V5yH3qfl/eGHu6nEMQYueKH2lsUr1LpbRtjNZZjqeIX6baC97Sr1/dIG80LtBT26JOp19aYzfN8HwhhnzvSoBuR04VFTkd4be9vHtlOklLumo8BsRVIo3UebXnf+G0WmT65HZqBGyLtofxFCXihMjxpgAtDH9rM/J7lwkUhzUGtlzHynAaVM5BjYa7XXTNyNCFIHPX1g8nNVN1krAhtFFPJDiTSBZRJLRCTzHUbFdTG7CX17cswBtSFtd9Cf6a4ER1dUbnZJB0nrDJjNBz0smoaK3VtEPJ548ait5nx2HNWDEUl92WXU22n5UkiO5smceqdBl1MTRoeWlXgcW38ZZiZ7eRRqR4ZSe7tmKOR+t/ZQU9XvsoJeelaeT9N++u3H+0NkalAbL4BMK8rvspuh2IXo/ik09vbx7vH4zb+DazsfPGIrTWRGnBzNttJu3M1AMFujSwRhb/lx4q68DpBLqtcugmnFfoBuxuBg08nuYfvtbgwTIDQjzDCz5ZKapC27Mz26U1/abg9mJQXhrvp/JRdVyC71mnhNVYCTOh3/l+hJGNGPcCDs0l6ezCXEIRfPb2kxYls2FFniSOEaE5Qn1XD+wslFhQHNXUEEPxQhSaYrKN4BILqRqHMvQBmzKLlAawYi8xvlZ+fOjHNZ8gbwfXIiBbVKJqMIVKCHSIZJSscDFYA5b/LAAUrmbkqp9aeAqjKPgtXrgwrPc6C1xii12cUq66Et+Fs3Ia3PyUnBOdmBdwxwkVq1yg7Ci6owqEKmARwF3tKPmSmt0vOhyyI2GMMMXvsB2DKBhNcsXB8KzewczmF2wBPJEwa43RTHVBWOZ6hiJRWjGTSaOp05gVy5E3kw5rUdRWrt0TeEEbEpFvNwSx6ddeQGM6Yr+H2/Hh0sdw1g7TRFceRYkx74NNJl65QS8xxsIay/jKlHDYJfkkdTyPnTyl2lZ4X53/WxKVn3iyQCxjH+XZkvSTI2lJ4MkKjWGRvOGajBGGKoL+AxnpJSRQpEoUh9GJh5khbsJ0gZ4eEcaykABhScW3PRWrrBr3utkAVGVXJlvGf0VXagJjzOdHt6ImM/s7AFMFWbWk3iejYiy8z3AtVTv1S1YyFNbmLHSYzAyhoZqASbv0osdq8DExrFXYFVxuOiXhYhQ1sYNEKKjRDnxf1RcCI17npzuLC5PFIH7Z+cit9GxSMYO/IvkTg8wzAVqc6AJD1UIUkzmjVi9HJj/4sLE0S8i13m9xq2aJtgY5ABvH9PgD/7kiUQsBoJSuSJwd1NxJSQPcAaqxBCeytOz7kKcPr1Qy2gZ+1Lf3hDRasDNKHJRKQIouI4VXvKaAMul1rMlxj5pf1qvPXjPXUqcZQW6p88jaB3FmlVy/gH1DlCEcqGhiehpX4xcJeCLLXkhq/LuYB4L3911cnPI6gy0JAUBzSyZZPf7aZIuyLTICZ83uZo/Va9JEd1dl69J7rGcDbDygUdZYxODvwUqvYaaex0Wlb1nE96PRl1sIrm56WBBUcIXKhS4AF/bFQ9+sNR/PTGmU+rVf2V9+u4HAhJut/Ri2cF2Dzqpeg+tKneDoAlM9iSGtJV0YEcwfZ/TvuuuFIl75WlXC06QF/i7FN6z0KAxLps1MJlSfqbN0Y+j7e88cMUi2VF5tzt+Zk4PNHtLNS4ivv/GgzBsP87FSbBlL98an2OS9fLM+rgQAC6eUr5ODJl+Yo924lHqPBDUG3BsuZdQEPgVokZm5MgucSoZjzUt8fAz0jK6oftNU0kUirj5psql7hfS2+QFQFl8N813y7qFJ92+bGzCmq6vvvrhDbEwGPO74rV1ipFoU0nOM8CzikBRXtc+SM4kLyW43FqmpKQjyTaMxkf36Z74DFM0Dsmrg8VCd9xJLytdheduAuxGcuyDiw/WNiZwUq/uW9DzoK4/wmOtcMhubkiGOCiRDfGAk4HvaS7tFc4m5mH0rTINuw9hsAxOCcoCL2RZG7vYoykRLcHIOprHPy/SvL+4IkewsttZs/uXMLlVk01s3iSx4YBNS3NOgnuhOjeUwymu12Q57YYCHCVqVyVvBXbjhFgiJ6XMmQWGKzCTXlKC6M7bTqpCfW8bVcnhx1f76ksZJc6KQMC2vqctKqVCVQEjmag7gTBM6JWIQFQmxP0lpyormjQ3hykAZaf/bsgnWHOpUkttxmp08u7lzTtFMkjLa8QulwpYP7l7fKUcq64hAE9Sf/ikzgpdeGz37P+uW4s3MlXMfiOt/YINBf9CcwoSA8y0xeDSSM5OvwO+68LkvFX36UsNXO2qysdsnz1YLHcHMm3yBdhbZXgUXlMjLkFU1839UX+2jeUTLpiB02eST/SZg8lZwrordYTjyzHISfOe4+Ac8SG32pNrEC6t3wFHUtBCjWdDw7Hq8SenEnbK6fr1KfNbOFasNBuo6eyaCuCo4tOV4atvyu2BbZQZxd+UV+sdZMc7qJ1g5OIwH0TEL+BubMEISo0ROr/2eEAGEtYtbzu4PbX2fgKljslPP6Hq5FkytaESfe6zoNz95ceMRXohjLivO+aOw35pNYquOe5WBtkt+Fx9mw4sVK1JwzlnbTY/+4yYzJVK1NF/TH7k91CcxqZcS0vk/fr5XScAuzTYutfSZYCS4JTh6bZfAlb7ChYrjANvilbSsvcHUOElX9CI3iNjGD1GJjOPwJ3DHRebJDYESKC+mYDE5KeRL2xyqg27gAxAQKBCkxP5mNTlllrvUHZKMhWbF0VBGYZNyIY5Z1aymYJufugY8+lr29k6uCf7JYonlxRpZ+z7ZqP+2gihNlz2VDH41laW02bsAk9Rg4xSbWpeCCYnlOGfYeSATHfwHY+mJnrzDvvisoSPGjoa50We2wpGy0apWDJ+BtT9r9uMrM3tHEW2iD/O8omA/k1qXenSA3Tw4Xsq0drTyi36xd6ktImMlpzcIY6yJnGqfJE7sVEkWWlv9KPLRrA2on5/pMm6oHIrH+oaqdRYrDtPGj5SNapce/ql1qaXjCjn2FXA4loGKbNRPvwlpTFOT3DJxJCulICH1f7HR6NkJQ5W8vlJqtwFkvM4FA2ptiCZTJg0GPoEGHuHbV5Y+Q79UOnW/6pSq60EvPxWINqlZk6PXvpzx16yg8IYcjbSR1hrOGdBWoP9OHWSBWj5UTauNUGvdtjZHJnUr60fcKpjpMkDFyG2cYfx2YRnJKZKV4uvQSBgtg7Sk64IgnUQ32nVH47uHe0XPWEOLi3ygjrxkWiUl4aVbAKyLuw7PWiZfsQ/2Sjb6NVS0qmz8n28abr98/urm2pM3r50buL01/jfIeSC2Ua9w5Ypnzg94Phtq4vZteqa/6RqVqxvMEz1/4Jms2FZzqJPpaO6nhvWEXIYuG6J5JeC7ikZBhVeSfcFuramQyJirmZaC+daMi9B6Q5uOU0x3QQc6saErcTFSQ6u1kkpzWr3h1iz3kNKr24e37378q7/cLK1F4rzg4hMw/bl+xkThm6/fCkd57CaxiIf2BI8AzXPH7CkIpZR5E1Tirp8GlNICQKXeqDsnZCw6ZLQi4YSktAI9swWmKgC/E+ZXnOiGyZ7Mb7hv4Fgx8xyZ7z8Y4LsIpz7VKQs2gfvu2vVC7utwC8fz5yYBd3pTM6AXH10l1IIa2/NdvUQ756k1AYPaxbyJTzdKZfQ1Xmlb6PB4KsLDlK4o8/SrLNCEyMTHNOPKXRs3RjGe4wobj1jC7fyNEf9bw3O4uyarkxk9jsiZspbzG9Cc0bEKX0A3e0g0yxBWZUhGI29BhMlI4Gva6z/fEFUktcBYlO2ZpAirhQXegq6DFb/8VA8ZUvgvCkW5RiclN5BquoFpRhCztavGZ3hvpmySaeIqHEHqnBGifDfjDIc0Y2DjYCyedcOAW2u74MeqRi1GYWBhWxh7iqaIL3iaTCWzVIF69fKmy9mKuTBpTMNfiFeN80Jho37Rb9GSYRaSGbmJqgJprBrjUl1mxzN6zlrKKqds0TZmeb5SqxLFidu+v3VbVbS/an3tlo8GnbHkVHZhJUhd+vf2m3tn3WzQFZjv3R1AY9o0FoxDTXGC1NuqpxmUp5G9VZENE98/fHx3c+tcgwlt4IHtWjPltFLc1KQRulwJTyBZvBpURNUy5IAMQKG03ifdUDB3pkrRKVhaPnBw6cLLKDiBXIN/eMVupSqQuZZsP0nZrmLh8L8J9Qm1gYn5E66YFJ3CmKHjGr/ZPAkd1+bPrYyUuqf4DC/TtgoZI/8OK590tLlJ0LfGoSVgVNEiXmqpRabgQO0/uyiQmORNW0VnzyUWEZkvhc6WzZ667wNyPNI381sIaMNPreH0Rv+O1KY9yKw74nX1L7US9SbsVYFukhmY9dwXaMnXQOJh/mAQAPpauS2oDQQ5VDyaTye8x8fvomFI+gKIhKCVT9+p1Vf6s9hpCdod9hgds1Ts5Kb2/pSm0cKnKDtTsZ1YQ9nzKmbLZI4dicVPVpgwGeX4DHlEOCbXXyD3jkR7LQAAIABJREFUi7S/DLmdYI7dp+wOl7oiFXuiWIlPBUZ0CEeBXY3D/Fj73fHkJPuUOjJ2AHMtUciDUiCAfRhVNSJSsNTQ7xdDW+gulEmwm2LomwDMenGJL7pljetIngQUmWPSb9uTDOXYPsSXJJXjiWKEOx6R9PGsJ1v9PmgORzzmmJQYiup+/U1FBK1Gd+tfxVONALnFg5pnzQ0Lyz9mtGonHHWCQzRQM5c2UhHYg59w35fI1EiGvTYDz7WdKoT2tMoyyCNfJ5Cil0opKxQM5huq8V/jUnqu8X9h0MJd9mvWlOjkER+rtI++71UWEk6ExuJkxs6en7VR26N0EzD6C4qBqlSqKcUjSiQUgkoDZxlOQpJQ+QVmAipz6RkxQw2XpmCKB2kNeANBb87xHHe5WXc9q1HbBnlojHSl1tttKDWo2KfhpM207baDLnyN89qteRxRSDPmxSbZrPZIjdZY5tDc15A0C3Qgq4I7bE9G+3FffXqawfSEnHrx7NW4c40yStc7zJvcMhvVCWx5xjCsNUEMg5ZhfY55wkhHXVFxnw3Lm1QhysOU7gEuXXWTNrrKmnsx2Y7wWkF9+LUBL5fARrylYvMB4zB9NPb54MYYlX5F6ZiK/9ztEoW9+sr6eZeyA2MhXQwrq6dXUK/cSi8rmypr4Lu+mfhsZ9TRmoh90VFvWlI9t+YnX+c+dTOn1aDXbTCq/n5WyB1VsEYIxRMyTGS5tnnGd6lVN9GqqgGeY4eu0pXdahkcXZGS7lmumCEuQ2ZSw4kx9CXrxd/5q3+9uC1ww+/K7+afjrbAapDqMhoTqepmcw+URtiF/C7AIbOmIsEqS9MuIxs0COOBoUyTQ8oXzwkqabpzMcQY+QvgU31aGEripdompmgWYCgmvnS0RtZJNYaOkb2CpGAyZmqKsPjgaFYi7v1Hj8I0tur6HbNKuu8++mpyC7pNX815ckXr+oWoRXOMV3NVf/MV/KuDTRpI0QRajXP5jrNKHl/YWkwqGbbQAKycZ/TXTdnvb6ydf3z25o35avUXSnWEes1F1mykTOZLs7mw0Uy2zAYojAakM3jniNiiOqQ65+ueEAY/YDslZn5rsbMziLC8v29gXr4vFbxgt+9r23GNNCxw98sFiAave42eX7+9v2cyJzTcrMibCBPfCLjI7R6Sl14Qcfvszt2uF74mpfEQUnRcrF3ky28eCnOTWTSZFLse4ELbYp0vneRpHhG2VJdicqV6uRe2ir3KfdxSJm7pr+qsSEY7e6swNJjOQrZAzVwEZg2HmZR1jiX8VnczUwyPlSQ21M7h6s7Uj9olOlJN94LKDrqwRZ+aKNhEOe9TyMV42ZmKHneU2lUAZ5JcI0REtRbPaqKGw7sEaz6e3Vjrr21lIjivPPRNotdreMwSQdAxSrou5vGgUYf9sMIc3ME0vBylUpYs+Wg+O6RIW8ExA9qPIhLHo0yO1Aq31ZXY1pYUtcnt+zAejpLCVnAoVzyFLJCBGOL2k6Dw4bhJ1TBOruBgPe7Be95LNaPh/JXMPJfYusHObOYvyQVknb9zg4LyLEKZzuburV3Jiu5iCQUgc9TOk1rCFfOlhH8lCJGQPFRyqyS2GcmPv4KhQIufe7KahxcGNYS92ysKAS6GtV29LbEhUIsXLcgMUgrU1OBZrdegFWzVsU0kWshwmeDaSBoEuWoQpE7dJzl002c7gTqIP31PB3TlV+2USIUdX76mzOyDacBwQUlSLf1B24k+tV4OnHZE9TTotmzUXCAsBonX458EnGo2SXS08JUxyKGcjLVLHdlCeIHk6EJXyXIuel1+xj6iE6hTKbH54iIxCLLFRtrP5Rc58TqOnC2iSvHFKOIZdS2BJFlx9B3C0CWSvJJmqf8/cDEXF5VBUoEWMBIxFpVcdY3DaC4/CxYlSgu6bRUts57QyzbSA3U0GoKSllrGEVh5PfF6QYmI0yYLjFIlmZSxO0V9t6HcMTs27C0GBFpLcE5ZeaQGWV2AMHciF+4Xc3F/+iRM2VrnWVGa2PUds5xbeBbiaNHoSvW4RmeBe9ICSjzWL69bXXsCfnWvsp9g1ulLSEvUkDbEmplT/mh68XrM1crsWbPSlH91u1oY8AwStAr5Yj7CqETaeGbjQQw6wHQkILtGX0l/2ctBLFKwqlr6fDkCQ3EUdiu1FIVUHRcoV9PWncFg5KxXiFPdOjYaiM4AqId6HQ1CRTcUkJslSV7zuLJZKS/4C9+xe8Px7jNbBAAxIlxCmy57HF7pui34yUt6KgucCYg4VTqqM3O08r65ocGo7NiDVmO38SF5oSGkRdB85Z6HOE4DF+8KgtleSRZoUJxFyMmKQEDcZfgeh+qJil0dIyqVaKRl3VFg1tKGibr2Gjv4LfjTKrSuNcZFxNabgsFUjeJaYnORT7buLVM7g+yVBdrsen1uNyDU7Xjy993brqFhiQ+uOZlJG7BXN1vOsVBnZXpmqb51VwDx+SMaOswbYKQM5aoLKVizNA2lgapKaT8pkznWNRTt6RIr9uB0JSmf7Sqp7l14ugC9ppkimOsweuRArjDl8Gsy4IU4CspWXmd16ZzCwSaPrlp419PiQRBgdsg1+GgJzuTKM+osdjLFu3sSsWWUVBtzC7Tz/lRqUCsGQl1E68bzJQfzgyNj6HLC3EMRuAy8XJVKtvw9vchYgsLV154mabkstTesqrtVFAzDppbevSBpI2jPdTe1W+DiuXMjXR/CR02q66zorxbgXkS4nz7unRIydSxwgxTiwLha/UCS2LK9eNdl65NrYxruI0s9i7ts28JuXIt2spSEQC3QRaqtb43vre6+uPObhh+fuTypW9KVmsqLLvAoqZzSzNLIkMYkJdoTZhg1cyQWWeYo4P2IX/zN9aoqjTk29TW9EFBV0+Z61cOKYayAPYe1UJpWa/9jehhLxEC4iUIR5ARH1sX1ndcx1PBnRKhDqQ6Fo7roJa3AuMprY+bqYdW9Coifit25GnwUzSHVTRe6fHy48Vx9T7hxEiEzS2lArIkTaEZSlUpLzKprxsKZnRZEG9t14VCHkWCpQSAkObWcxfnMNGp+LfZVk3xWfEEbapaPSqEOjiE6iCoNw0W/Gq+hHm8SV6s10VcePP/s0WnJYvSFy3laVsCnNrBoqmfLzIDa4eLG+Qp7IwTALiKCSjAqLXBpZ0Lr+sTqiqZmx0ZdACERSNUWjeJiZJEW02qXZF8ErV4tNC8JVbgk15izpiykfaV20ABbWt9PtcDuRsMKrm1V4FgtDda1jYtsZbS0fpLBRsw6MONFWrJjUjDEhBQ8auupVEoUq3TlyakTtFNtxQMJkMKltosNFG/xYg3tesZqTmfOpk3jvN1lkrvHD8+LVdNNrzFzJJbsi1aZLGl+Q1Cr1F8FfMfJ0eJ2Jso2leaVGNDatpFxwQojlHnsgJUCiTJrn0/FtC5jhrBWGCOF2Tr8Hz2lTcNTVV3ME4E1ZlshY0ERKpAS469g9aNgaEA/YSe1/czWtvy8o98hZlTpWhnJi850rtCKxFteLOweNzC4bHOSbs7xPQWLbQsZCmmLj/0VAH0pJyhRJimxycue7U5U0tJ7WYO0/MiXxh5DfzhU2N7TVlkFDy1LnLa6kv1XtO/K23GggpXUjq85pJyIyg52JVAtYZGQiKOA3xmoElEetMhnvpDMtJkuJlPrUraDEFTp/SYlvn3vM4VCaqciFT9bxnwSfyk3D0fxqcAnTVLjlH1insuyb1ym5qIyIVE8GXNWnmmrhOipPoLQKSaxqitS9JLCYQRd2z3mMkee1aKc8bTUcR80lUCrZT8MrLXhTNGmdV57JKDrsSGV2CBI4GCz4ljWbI9bA2HFrbh0t5RuVeudKs4tf/xoAZfsxzfvjcWqIXCKSUlEHxdBuadPYK6LmbUvvsu0ua8ITudqX2gdCxbih07SdNzaQ8od/bL5QVHSomZoZ7KZUSqaWI9trh2Crk6pgBGQx5a/6V5AT5jIgixRV/TRxSRa/rSpz9AhfwNNb4dR27LQQXEMCiPjJdWQIS3WZklr9DhcevB1RaegoQr1GSLlg1413j/VAV5aBWOa13CJu5/wT5tMwTiaBNWvHo9PkbZSpbn/6P62NVVW1mnjAvTn71y+Ebu2pAGw+xabEpWcDkQzT3FEjj0x2wDIzYyq4GffevTKHaNbEDlsUJRp2BGurkvAh/IMWHvNaEKW9NtXQuTN+/vXDZhXDXZ9B2L9OiCvbq+/fP/ih48vvvXi2Zv7tEbEEG+NPzyH++HFD98+fvunXj+//dGLG69mMG7o5sREdOWGGWzjJHWjK+oNO7OVCUPqaL+haTCU1gajF/ApyPe05CJoPV/GxUjlVrwdKi6iFOzSLy2si5G8JQJXFScTRLstxzRriadMBhchvaesFKLfP3vz1cPd3avnrmh6MD8RdcJJLdId6nII8MIDUN/tZs8Mj4+xtR5KTXcJzUaAnvakfcwydV3UP25qxiJGq2sbgXUJEVS82+J28aC2egZ8C6cei1+gEUb/rsWQ6taKLIU+H2aTbFPF8E/RxUoXz3TywVvGmqB6J7QrqsFsfd0bA66dlLn/8Zdf31KwsGFU3mksZZbA5u7GvH115w68bkHAGBZngerKdoeueU41ponAftksLA0Q7VCNIk2NmIpj29dY2VihKmFSeP3q4c27+7cku25KlNcdRMINfEJt7xtG7BJyL9R1WUisPNzc8F/4vfjwzb1KXvS2OriBgaG/sSrbId80rGXmzFHMZa3eQ2eYCLQGz7KyN1hkuaAv5BKbHdTPKtpcFOYCBxkTQE6NGbxA+0kevWqJmtHsseUNVpz9efX62a0ygHSHUlh4OnBkWLq+e3H3qvYa8ypNI5c6086TPbt5/bkZ5v3Xb17d3nZa7WMPTSdS69wwuVttPt7c3LrkXVlVKdUNfx1g9dyTW98+e+dES8O+u6vOFvTiZKCzSeN+vtYzZOh5zlEaXXSqMXHQyZZMm5VoPjuwWZW9ZjDT0an4qrStTO2pHwu6H16ZD/ckAxx2kZyRroV5Qa5xunr/+sFLoLtuv0uhoaTHjfqY7nEGsNZStaTxqafd7zG04tdLU95+92d++ur6c6xqsXt1lFcZ9hpYWqmHnm/w4rMqHlRmsBDXfsvjxTqs5KwpqFHE8NghNWX6SblV3Gl5QK3M7MAPA8rgC6G0x6Qut52YZaYDl4LHethq8HOS79nsWNE+WqXQTZzfCLJyyBLGEMcLisSuL3xGsUXlUjrW3Kljmn8PSsJkZxZrnXTuVWV/GicNj0atnnuXO4DUacBe/CwOA6dY4xdRV9kBC+HZHUVuxwj0xG44kAbRlh9pdaVYgTMVsstlQ6UK0gpRobh3RIpzk/JWVVqp6ylkKoseIOP4Z+kNTrCwl3H0VCaSVdc6eIWOCGIkvH/wBszi3CYKtKE1LgoP7UCGNcD9opBRTcz2JFzG/lM5dY4byqqUb3wLLr8dJ1oAGE2UWOfFxg29ciPBHrTH+jldVBFCzeqFPRUEk8aJ6RnXI4G/7HOHw5gnLjtk3uRj1cFJsTcUKVqm/9HbGbnEwYyTtFTcVmYlGsslJPkH0DgUTraogWxPWTv9dFhODCq1HLvJriWh9tkuip3yvvv3SdohGJa+KtunryYA5Y/sQjjy9uengUhwZkpwUvvAfAYNgWtDdMEbyKM8NkMuuyajoygLWlXI3u/WszzUBfQlr51Sw+oXV91hQyy+Jz/je7gBXlfdr6bvLgVLuy2zrWCRi51QKURKVLKaoptA4EtENapOeMFrV2UZDG3hR28ZQlGZsDaYqMyxQkw+/sA7NDe4AE8NsXJZl7za89WD/uP9n/jjz1/cP2qS9Upiccwb/bSWxUxvHz5+sxPMid+wA0oCC83nrfumWbK96+ZuC73rWi8IjKq6NIBS1dDs1Zbm0+d8O1wdkmlHScltl5/tZLqav5QvK7KHL54/+/L2h38NCLoZsVj6UsFqTWh68/rq+d3V3bOHn759aPlIgY8eyZKvcPBbcMb2SZCkDsPnW2umu736zBXtkTx5RVOjrwVjlcUlBvceMz3YtaTjC+RkxOYgLT2peIIRr7rfj2+8cPbNx6//9ruHr70LhxF0XXoyAwWjrHfXr1++eH3108/efOvmresK8Cj4jE3gK1hsJMAc74XMCRGCOreqBX377OGrh9d/+9/7Tx9//IMqcWG10Oblxgy70KLhQEMr47G5vIEl8Vnh9e2Pfv1HP/Pq+evHr3nv/du3PMuyVuqZs5bp7fM/+DO3//if/rlXWnBh6laD+7d3ty4ff3+7VeLPvnP3l//Gh7919crqKiGuiwba6GPP/+g208/v3hnfeSN9TgdP91Sk5Bak9dn5y/poSrMd/Ucwa+L0/NmPv7p/8GyiLozOtMZAihfJIuD9h5vPX7/6g79YJwIc8DHIbvmiE2jvnt196+Wrb+2UsKHJVUG0R0mIk/v793cPz37rV3/j5rcB6E20qpGlR5WKciINI9cYSAI2r8lgBS+lyUFbR7/fyOC6aZx77Iz+OZF3CnLtTUFRNHR2WxF9l6VoBCzghHi994dn9+/f/uDHrQVnubTO5Wjs41bVp0oNzokEx3KZur7YMOj27auf/ukX7rqG3jM037/vLAtjRO8tybd/4OZbH774Pc5U6IkyMZt3arFA8UJc73H76T/6C59/0XVN1upzYh3WpA8MNikjsKh/4MW6uiEua6tqKrq1QHIj8DpjsfbeY9+v7r59/frz7/2R3/8Hf/zu9bc/dwbfBEDNdS9yLQYDvjc8vvrsF3/fFnub9zib4pboLI9bM8x7w+v3P377/v6NsOTRYsiUz7BGuE6WadjXX31VdM12XMMQrfU3XHzhLu0ff33/YApn7M5uRtIN3gqWjA+/GMtRVM5VBSOHYVda6iyjvcYMjb0vKOhtriX/1/78f2G1nnx3V7f0zv4tcjcc8RKvD96V9u4HmT4/1ihnLtz9PLz/8sc/Ngv/3j/yZ59/85VblUWtemmI3+DIWwNv766uv/iN/+w/V3uUVUwlMJl2/q1bIZ1Sc8Lk+Ycf//AtA3ofhGrW9Lqpgp90YiNasPMJK8YpyogppjhRbL83AczY1ONkxaqYIlxDgsJvEVFx+X6yq7rgOnIG9Ored3/zt9542L9Ivc9AdUDaG6rwzu3dy1/74ccvvvvzLZPGaRO5WqNOuGb7j+9ff/a9+c5Mqmk5OzXJZ6crgz7hffVv/9///L/z7/353/7NL29vru5ub9z0/OqzV7Uj9U6G4g8/+uHDq8+lFBrQCZEnl2Gcv2TJrN2Zj6dK6mQLKovvNUYrhjhyyM7P2fWt1ACnY2UJP3aMtzz/tQ/9slFna6s2NcZjVl80shWLVVFX63fKVuqEcO0hNRzMh1a/7l5/q/osndFaRFKy1o2jO7N55Q2MGdNnU9O8aGCsYKbgI+9f+OLbLlar1vGCJQB9wVaLxODNq88AVGU619SaUgChS4NFBLbc5y8bAHu+wpsdyJKTFrMxv6XmGQbZYzjvIr77nCHMU2sWPPhVUUGlces6QC99fvX49msD+So4ZqLo0a3zIpyaRfPNd3/W6wOTlwWoqtlrsYBzNRRX7gkJsXNl6ociCzRyN4prjW0OOFEwZ+RStl1NkFA28E/blEqvJeybQgxdSnoqQHgtUR579vHzL37qs8+/y7YI6pKC6JSjd8i4wPb63ZtvvvytX2lBJFEziL2KhnTCMcJ6gRKWABS17OnvbPaOGk/GH1k2j0lUF86RO5wXk9iBIMiMUS5kkuev9mwVIHePky/843TMOPllhi4S0C7WlRhKAgoTOYRMUjT9S+2/9JQalhGsEDmTWpkG8duiHN9zGPgp0Pdli6GCZ2CXxAsbifliMFQR2ia9fL99zySljOXSiiZxUNqF+/hlrozgQLpWLsc8aVGqYVXVKMnVL5L+6t95/O1vtO6m0et3hjL94p3ds2vWi1V1m+VhlKD4gj4ARXGNwmkYK7uneRS4H9funwJarYr4q7Hz6+uv/JbHfhwZXV2qvhpnaB/ev7//6u37P/77PvyLf/b33H/5+MLFDl2kbd3cOWPDF3w+Pr99+Xf+01//nR/8+Ppur1LPbvEu4lPy4w++0r5bZbZ9+OJb1z/7+R2+hhPN4IuqhUZfUY9McXuzoHhaL1N66rOWBrqmUM1ENvtkyRXNZNmGziufrZ69fPMrb377l53faJ0vNgZhdaOZ9C13PH//e66vfu7zWU9i3W5QkPuuSKzmUGXzub823oPDgyZeffvui9/zaisomBjeGbx6h9IaT18vnt//1pu35lj0vQR7uFWeTELGxMU6p9AyCfFJG3fFPnv8rQ+//Zs/avpZ55QJeLbu9tmzN+F99zPG1a/Djwd77u7yNbep2JYeExR/xplUSTz4/vb9xy//q/v/7f9Om+uSCoMZd9TBLABqSY3LPrz4td9xHt7DH86g87RdLRRqoNyeeXX38g/f3Hy8/6oB5TsvNG2t/dqCeoWe/+jLb/75f+YXf+4f+IX3P3jL767zd5vmzd2d50m8/OzzZ9emW9/6b/2z/7cffuXtYV2/y0T8ZBTw4vYG8u9/8/5/+I/87P/kn/zO3/n+AwO1QEIdAZzP2cKAZVqfwUhVIAPNvLOlXuv65Q9/9Pj9H3xzG8NCVqzo33AzLzXy+6k/9Hv/3n/sH/3mh79lmCK/UXMkdC8UHj+8+dYf+pN3P/1zz96/JV+/Ux967NMU/fnLh2f/7//Dv/bi/q2RokKPjw/dZKJbxcMzSB7evvzsi+/9wT/idbjq3Wn4uanc3LjghzSPqKV+cmvHqXjU1PR7lTDFeVd9iSYVFz4uJXcx+t/88395/hU6WeBwSAYT5cOqIlmFHIKRFt1NANjg/u/7x/6xq1d604bgC74AFWO6848f/9DViz/DpwFTtg7RSCi0IPTcjGdvv/rGAO+VWyiav53RcYq1xgqOT1zFInNKbnhxSg/t9EWVIwe9gVZBbu29yvDxwz/+L/5T/6QrNxBunaBBDyHFgEFeDB/fvi34fTqx501ANXGnOnmB2dvf+Dtf/Y1fvrm5Q9Izm9zoCZn7WxjAIPnq5TdvHn7lb/6aSZ1iRWAIa166VCAt0HQOkU+zLOyZIovWTl8MFphsG4x+pyLrlzCnLnO2D5iarBlVnEnef/jyv/o1dA5UOaojnZO5TB27+eYHf+fDl99vYdIIywCoR7h0hZXqqk37+usvf+Ef/Ad/8c/+Qw9f/7A6j3XtszlMR0bzj1++/eGv/K2Pz2ucbam283r4kHbz2ee/+ld+6Ud/81df3ew23IuCLTFg1BgRFLpSpP1MkIqcMUOZAt29evn3/pGfNoGbhilMyqJ7Wrb46ook51OMap699eSoTjBb57Lg4tL8999+9eJf/bd/4//5195/5gxcd2+aFXiDr1u6ieDcZ59dX/09f/8/40aiBw/6SXj/l5UvbzE3hRK4zAJP011TCxp2YZYlrPvH99/5zrf/k3/nb/zgh79jkcatA04rdqKpp36yPLSmvR+//Z1v7S0E8aZZXuIGJqDs6o4oU/WqezxafltRMOceL3dQuAqLkhH7ti+mZ3WlKoi9jJEUR+20lUWc9oTM6FduGY7iwJqrDtmXjCp2ATIY8VHKgYJNgfyfQ9Jfvfri1WffVtEHhDNrhdga0vqCDOEi0McaUxRGofh02cm6mk6bPfupX/i7k6X34TlICgkXWTmXFVDFjVbFkvR1GSVDKKFMKjVOnGJw5VKJAaACAmBjMU5iH+UMCN7MYzb+8uZ7v++/5oyckYlJawMVbFwhhm091dU33/zOj37rV40oOnfBTAVnpC2zfOip09/7g3+f6/jyRXUGSa6p7+gaV8cl++xkQUfhhj810vVYv5l7ngj/JXmcjitL7VMAxD69wOjHQXlHw9qXCNSkTOuoB3h7oSEgGhnFg4l+oxUnBq7efvmDH/9WIuOJYxEKFIjzt+SO+x6CiYtDcBYn0+KAieqQytwmfdjipeiFSawk97XUgtnu9A7JePe94qMEAfJcKbsAjNfTv9J2HVKg4DqiJyD6k5MSEPvqU1l0BIi8oThi4jNC3/ZX3Nrb4nLFwnnEnXKz50W3FUhVTjhMS8maE34R+4nxjFBixsxT8d25O/uLPukL+yL5mFz6eEMmacDKDGBxiceqpxYwnKVT8M3js6/vrTUaMCyCwa0eJFpNn54XXTN4fpCmf083HUPfIfHRNEoPak3X6VKxrEWuXYhiSvQNz0BGOwaYqkENyzmwpqgm8rVTgB8+fPnb9/pjYHoc3vNuw6r1jNVzVwnr2q9eWgMfz1wcON1HpxLtGidiinnqt4AnseY98AkHOAdlHYJrAob/gL2omcKqVD0mKWlRa+V/1ihUGnJkmKwjI4ZSies5mdr7tKsINpr2TDz0rSquHAF55dgxBFNwNjaQqQdIPoExso9Qwq7OpVIXGFC4ns2gKb0BwfA48eGjtYtkrnTd4wVirMB16CfD7bCqlAontzckuYbF31lRy+NMwBCrbk7YTN14EMjCFTQtjkk2wAXtkNeJGUhESB5teK6jj599dld7KJV1W4bujoho8Hr+/Mt3HvNft6GBWhkqOiMPwscby5XO33vqYiwb8a0V0KLqEQyyrSnfvf3q3Te/9Y2LSyB57pJt7xu2WPPu3a3B9ce3L95//dOvX199dJHHO4u+CcxtHF3wvHz18tX1yx9/43Ghde3F7AmgmlD/LL6Tv+R6Hg8JzZGgiFR/RWGvizKyw6RHwHbltz+G4x5XgphsWC11vuu+G5UzfqY6jmILol56dt43X3784ovnTuKkHS+tKskqyj969e2rV3ewYtpIsWtwrEkU1O9eeNrR51ev79wlqxSzTsD8MrNjl4n3z7AkJmHuYoRsDUqdPZ41Z9KyTgM8lNtz1HVc3L5QUx5xzpALUna0Q+2pVcRSMNJW5WQ2YHd2qfVLwkZvAAAgAElEQVR/AqpHadLGimnz4sP9s3dv72tWVgsQTEZLeq3AFfTaCCO2BzOqRk1kF3XojjL280natYU7NdMn/ZaePmUtofF9dUBby8C1Du/uu8DJze7pz7NqG/OoZ04tgqlkaypy32+m4uqjVoxFcAuZL7y2zOPf916w+lklkoY5Wwgh0u6MJzRqpoCyASnOtEs1Ra0vbWCzjHyk8FxF8fgg4ZHgV8r+fARgdkzJ/a+mUQVNx5HFMH17LuGoe5x/j3VSrhCtLBXuXrk9zLMvFe7hOJb4u96vBlbSi9cWd90C8c2Prt99Y7CENWtYpkl2E6UPD9/8iKaWlmS1auPyyKov9k14nz3eM1TPxBEpLUJCZM8jmwCuHlWdq/YZGQc6y294l1Ear9PC1WKdPp0lNAHAP6ndyREh0qO0nPp7u3lxC/+dbkvljy89sP/u2fV3PHz2mWmkc8/8W4PMK/Y84FP7/PHhjVcM3ni1MwYMQKSK3zoBTQsMt4sDyv8pWRt1vPjMdWta5p/61ne1/0WaYZbe65xEdTqLAaOlWqAv1QIu/6k+F6yDUdQxus0BlZnPZ5ATDBWxpXgj1Aan8ZQyL9sZ2/x9KVDvk4dGVGYlTqWQmrUlLftSU8YiIEfKzJAFAcNV7lqjE4EshFfS6ynKL8yewu1IlsiZGshunbGjDHYYbhJa4+ZZZQJTn2h8r6Gonql6w4G1+q5YfMEMRSvoZIkqDPFN0ciHLTRM3X6f/skkL29CggeYsDaFL/9Iq82fc44oWdpxZElFU1f30YkrZ4x6fcrhUdxGIB+TnhBg4pxWJWiylqVMQDhUlnLs5Q+MJa/3mHIpuA41Zh0ouL+MFkMilhqg1Y1DeMSP4CdfrLtJp4qWIcl1+qwrExTkibqzmk5mzi8gm8J6HN8DIWGFTZu934ScT547BuuYD6mQHc4RU7XTYS3PQvJwS5dl9ZNS2xCe/5Sx5+dYUv6RlJLHdgWnXduKHjqZLRHVRhxLjXO7cmx9hxHqT1LnrtjHYrGQgCrDguQUPDISOQ7TOn65VCtU6IxatrTk0fCIrMgpVVZpUfg+7HG4iIjzYByEvIXiEEerSLjHNPcfORISVn5ySh6fJy9MVCiTyKfjYehC60oJ1j0XwuTPhTJa6iVoqTVNimweXTCgtTUchWLBvEa5do3JVi9J16hH5CskUtfSBwiVnNQBu5CLEWnNfce9+OhEXt2jfX3SegNvabFmo1+wAAB7Y6pjA0Lx0NAqrXUQu8Ka7CoSuhlIKIBaHUbKpVVqv4Wp/S3CTjGqLlC1nOHMMlhPB1lwncDVlga6yMoYsZwWfWEQiwstzYlI1bZaw0VDrGfhyDM0SbBW99KqDh1hw/MY20dvJ8POgzsmN3MjTK1DaCzUaDRLxtc4pDFZjjkC6xS0Ney+6rHkeoYpcBgphCZJE0B8zhbZdfMlyfAnQubCQOaAeEzb1X2BUAvSlGoVHlEia6K4q22N2YIhBqZGCq9N7CqfCrvAvdLKJZZs3aoHr7uUeJwEWLwZbR9OF6ObzbYmk1eZZsZpZP2uZ3LrYXTpWj6nNXUm3ujExJrdHuDned+mAzedq/eY/Bevb28NDh7fvru+9Sou/Y464cd6j5PRXSfHZbhP4byQQ9JxiQaFuWxta2Z31MkquXHpvUjCmBl7lCcNjB+0sJrcbgl30Y4HoTBfJ4fEC0sVFKukfeWUTLoYK4o52/bB5KETBkZIVYOMbbJpJmPHeKqlT2qWkRO1J7MOTjGDIcQxX0YRn/8KtnLwcISgBFl0aqCZkI7lRtJEtairpCNGzD9KyTGZ31CkAmNSx7YA6TAFosyg7vjumEFS+jROlLJK1ch65cNUwyMCEBJdgNK6Wv/h0ersulIjvi5CCewALu7aha62yp5aQIvEATyDyiMC/ywy4DShGO4tyQdKeRepWMfr9NQWERalAGGGXeABsN68CN9dDdI3LKjOd803GKtKqkfCtY2gE1RHe3w9lIpdsK6OwwS0Zi3OBBUW84pfKbgSX5uX8albLktNlfSeQvnJvlgYu9IkZMiKbaeUUCyOYse0HpJbo+IJETdmqxuEZY36O22lPqIfYHk5vq0fzZRYv7vvTVjqoNExQxoDeUMCEY3yDcEpjz+XoNyrRcBx3VBNAakOglvs4X+cVAM00FQhlprYGpC/7Hx28RaEArRprooHtq0JojlclilIyWsqwvLVM0LcpcaxzzzL1gz09vrOxV0Cyi0fBuuqrfp1ZiV5aobXJGhnAnjYtmQTrhb8G3n0VpEcsdZc/DsfxEnWg7uWnUQXfyWhpV+jsUyfxZk+w+Ljn+K5yy/vxrz2YMd+s/D2fUXCjBKP64S+srkQSbbLSjl3NSjOMvN4ZRiByeKFFmlFMmO5fUedFr4HaCxLTzeMI+SZFYs6rzjoOG4XqSRIKYR0HflrEDY9pC/bsoNTv115ohM/XYoqfi71qYqQpcV28ecNNXYhWBgL3OAlLyOtC7Bf3UR39AIx40YEabplkxmw/QuDokvBY2w+qQE//LOCv1SNOFN2+UHZdlFK45FGJOJMJ1HncGxrginssqE2jWgyxvO0YAESjdLs2QJWhRi+eFeZ0CffB9tLnLDk0soO0zEzmqPUisXUtsITS6PVGEWQEZtJsVEP2aq7z5s8Q9EfzLOYq/l6PLbTFxw0iH35X/hAmPypHpTJk3ksc4SjCBV29iQVlxfwFSEl+pVeMTRLOMTTL+DRFMVC/Ow8eXJVQRI20WTNswdh3LNiX5PQ4Q5iEj3poI15dl5aSI/FpIS7jHYTMSeM/kLrZ5D8nGWPsTtJa0dj1eHYx6LDQGyTLKP/4RpRxCI+2UwRfMn8VcEREDEuCs37Duj9xLOsYUWtpUcC9EXJsrIjl5eygXpQFglyjJ8tR+bcJCmrbV8RbitUGmWhX9Cd+hmS8rThVh8Xv40OlFaxU8FetUM/imrhFidVpaXceGffJiIdVJOU/ejlso3g7ekUtyJmJUb3UgxWQbbqWSXPupuwEopFgzWW099QAhxSiu6ZrQg3LKAP0mybKpjXBQeNyQM015ebF45lSM2CdXfhG7eS0ixrZO1V3GxBedxyvYNUiUtteiYkG6CgSSQpdXID4VIOnuTmtQAkDMftD2PJ08vOxOK5pu6MiehVxlqktEYsybNJyCbq0gZhYPKV2PTqs79TuYKGNmnJ9w3nwXoI9WtjXZhEOyK7uXntnN0OcSAwrWoabfW4GSYdVgqHBJdjdheco/cK1UXVHYQvPzIaByPn4s4eY9owl2Kza4OonvNZdHBUwDcTtEhndLBoECLCqc4HL8wwv3ZlkxPPD43BhFeDSFHyQu/OBmC6oPzaWo+4//DCJALfaX1xIGBss6lmLXp1YPY6dgUEsvwR0sxKF82oyW0rVFkOQxd/7EVjboFOpbSC/Jzfk89SebA92laPOp+GxEcoZc8GqPlAFQu/DqhF0HrJXMcSbLXRcxM//W+XLWfTIQpT+4E50s6P78CnTlmT57vacWRXqmL9nAikWkOjPBtAls45Y+yK+DkaA5krFkKfLKnMcXTcVOruQcoRBYcRA40WutMwLJFhU0B072YjKJ4lAWshsjdrUGtWmdFlpE3Fkn8oOz4VnxfSKr6ibAodnNAVQ0YkppanwjBrdk2QQIrFZlY6UeWPSnzI7lO0i/jTMbVOUxGQrFAlgGbmqZgLoHMu93IWoMFYv4mWYhWJOu2Ptx06siVoWg54pCTO8GWSFvtUH9cpetx4YTcvzDLtVb4NjxBgThzvGLkyhHGPgYI7LmjYhdkb3zP0BkBdQ+CEKr9Tz9hNNXNZdFcYNAMU5J0u2j0msnnd6HyoUoHTuvxAshEy0Sl7UGBOnVmPVnVoUZGf/QayWtsQ2mHlCnzh5ifciku6qF7/QEmf4ktoXXcdHcDW+51hMcm4vXut63C9VkXS/V0j9rWqXi9eC2TePpWcaohR5gJFHatRrG+puWba0+ZJS5aJv2k/qhqXQqeiXQ3CShBW2hIsi2NVUGGb07AMf4dMXbN1egl586nUWWEUuTyD0MjeISgkaJ8rYzKKMuV2UKz4X7M60hKIveTFNlIltTQi/BwvRJRNt/hm8tl4LKIemxj1Yf/xm0I7VKypIlmnos+hSI+z/Pq7OHnWYdMTEOoHgwxSMZYWq3h2pDaB04W3h3t/temOGOU0oQObEtW/oZ0BZuFcMs14g0VqLhb/RNeZTPn01ALmw7ye+6iq83LD2PAcFtk2GX1WFLxQ5Twsjn9mlUInXqlUKf8rLFMJn4rFC9qi+Kg1qo4vTpi5YyLU9lNC1EhEZKUOm7jk4f54Rn6oU1h+LdhK194sJRDMvUZ99L6CNGNsJw5La1g48ceyxctF8JGd2T7V6iNnSM5u4scoAT4kDH+sk3ZkoZ3zZU89EpkyM0AozfEyTuEYZh9GZ82Lbgk68FeMngpLYcyscUSP1Q7KKbH89BtBdHOM4xgAcQprQSK6eGp7I6ncih+EgS6pryn2xO5JK1LpOVfmAPKUMEkrrA8LFE87UtLbV63QcILkN8tFfhqU7F8hZDke/47Vq0qdilcgFqFKqVQVw68Gt59Zk4kMi2yJTFqltVz2Omj8bCmnUUqKHcP6wU9bq8ZluGUx2CkzbhkjhrXxGi9pYXAXmVGBpTTjKtQt1DBL05Mt/UZGOYyzo32tp3aaVk1DPBkkwejFo6rpQHhnvma6KcrxoadXIz4KNTKs6R7sju2ciKhUInCHS4byVEKSOhso2hUKmgVkihWOM1/1YEzICFBcKz7tmVEKwfHLOf2Ul3RskpDddxitxjCi7FD9OkxwRVAqZjTSBC0jcUQ5TuyadMWxc8gKv0vaRB++9DoiJjQ+UWN7muiatyNWVrGSrlkH12ZRO9xSYCtsQyVp6oUm06SVVjrKvBKatAxQGd1aytDVy55AcIyXWiW6RMTJYI+wNMDVRrfx7voKvzp7iy9mACJG+ehx6GyHAALW2nsL/8lsWMNB7lw0uCcEJfRZUK/cRQIvH+8/vn3j2aDeibsHOb3sKl43LLZm2BgijZ+6q8aTjUGPIv1uQdQvy4W6DXOwjXNc/nv6E8xUaDWm6Unas5MLJCibaUKcBFFVhELeyYPWYhaluWERNp9mYeo0eW9UYVRTQkA9PIdE6RGTToRrkRL1hAzA7FGgMU0B0vbktcWSL6owbA7JdHmNCFy2O5umAaO6NKHaXhxK6UtgbIk00hgx4FQ7MrJ+etJOaAhsqBsx4dy0sWmZEzYCOWsXVD2dpnmePFdfSEPWiHN8uyDFBVjDgtZf44NA0DeA+eaiwImt6Sbj1EoFR7TvVO4akFqlyogmXy5FyLpBK7a8Eq7SGeap9kFafWs1pIjfExQYYn7wwmbPf5SBaCw78zns82YDVuqDwYCBkQoGTmQmP1nTzmHsOwi6I4QVyfb1hjW3U25yUGRmZRD0dVAfkjLp2gw2EXv+j6ZwCza1b8jTzeK980jxUTcZv9pnRHa5BdMVbi3f1gh7QRMPusSF7s6oMYQHYhqTP7pTnN2s5FRzBSVv3dzdkGu8LradODH56WTYQ1f73N5ZKeffCZ/F0vCZWzzzA/upjAVKNYGdtPAN7999UyihyTagV3uomXk33ag5qtA0nd6HSIVTtRrkWqD3SKR7Jy6EqoqjCr7sqhJnCzExewfu8gR6u5v+kW5Z53TPtZWLl6YY5iW0Xftjx9WGp2Hi/RYwmHbGzdFNzgO2mndqovpyHIxQpn2sN6Kxy1Gw5kdNofkpmziilR+k5WamiqVutiCu/vLslZbwIiYmJWeZKumIanTbyj18qtMwxCeo5dMQxkJt7OMxU8uuci4xhgMrUXY8FOY5v/piDx4TIq6cWo0QGlU3MpUvoKmstBa1elHzy+ATLb9Z21bYsWLOBFVkSqQDV2dBqcmtRvltzOO4InJHKz1TVc+S1jTLhGEtcWkjrF2yRdKJ3Or4Gmm4BbNhkrCrdRJojZ4OmAkWDavIVcBdKSoGEpElZph+D6R+SFjp45fZ0FfGPGjLR+eweg9lP2db/aACi+JzeCKva4ugrymX6JaNpByoLpi0s8p0rBc2unjLhTecmA8X6KryQVNjcLHVAQELbxRbWDYcTNI0mtzwyjtwQz8kI6iilPe7yHcwknE4ueNzKRi5YqdNfGK1AlH5LN8eVfJie/tf5tIiivjwOb/T7ZAk6JRe4xuHE5xDtCaJvRYPY5/IspqBKrrigcgmmRrrSZu7IzwJpYqYDk52v9iu5lyqGeKx7Hvbfi7mIXUdxEVLFolPLcKBEy3mTyZMXhn+0669BqqILwCf0ni7wOSwdKz+ybmU3kE+5M+SBh3fyjbuUI3VMC17BB0WSqMKRo2DolH1X+cdwxnJybNFpGxdQksj2ZKF1gmoPKI6XvgAE/NgpkVPESmp/y5KPSv9Lr91WWaqVj8x64F7QjnEklpmS7GQTjcSq8kk1qiUWP6+7cnJBumy5ODbZ6RDt2gIQNV9SsJ0dI2sohUG94jAJRumC/r0HB8qNWIx7ol1puLTxrNtCcMqLiSNQXsjixuK2LRnR/4YB4KubUpHIWG/vtY21H+CIr2ASE8fRMM2NWXms1N03Bt5hQPIpoiz6MFSW5IvbKXnJAmX1jWbGBNttQxDcyY0WJ+igXbev1yNqeRIYzSdhAzP9lAOz1XwFI5iSKRhuTYwiwU8H1BMbqY4/UK29X9Mj92ZyDpNJAqc4YS2s5ier0LcLhxxA7Fg8JRMNwsyhcJFh3P2RhnmeXFvID5B7LTmYUaaHOZeH0a3Ovwt6sNWGBbDxuiGsK4xqCP4+KIrkqs5Rh4WQY2aXOzUwJWmh8H7h06PWDvk9dxRct7145vNGjfvnEgkAt3V5DcU17jIjRZoM6DOf1ViXWCGzxvo/c5hY+v4BGs6VTqK7FPJmJXcTprsoMRFaCXz1zwRysg6UIPjkIMyVisEXRLkqBaL8PqYVcVcHvdB2UCfKdgiDsULdm5Um5GVKqwjr9tRpD8TpIKg6ojHiVFGno7hZ6vBJi76YcyThxNG0iv59L0OhHVAzEgpT7o/v64HY5RuOa7aT4irz4wH3ObYSFJYuvDXpSepzveKt5h8bLKLtSo0IH1Nam3QZA9Tco4i5M/GGXDCB3K2Sl9cVnz4lF/BC1NeRjd3VgHwqyJUPVTObRlmswNCjfjR5K76kbjKFDlidn18Txwy8HJLTU9gRLTzAE4NWCmn6K6MyqET2diOPl43MaVX8fOOTBOHmhw1iQAVSwE0xsHmya7AH7LcF1bkpyUwE66maAayt+dUg+ZTgyBKumLH6FDjTbVgZ17N01P0wC+R5tKPG2oqTCa7VbdxX5P7LkNRWaxgiDbP86kuC9Wbmxv3l/EOoqwyv+AGYM7PXOCLzxrScqtTvsCjIkQpEXkhHMUpFZp6DMsQAc4p28ulMURb40xCTQ5Glr/iMv5T8tAV8ZlqxQ6Pw/AwHdEErEYcUSsOH2YJnVopnVwJT5TnN1RhRio7fj7+t1SYaiUt9RSkeVyjnN4nN8E5vBliaz0sbLHOuKHVub2qO3ucU2Ap09lSP5mccmKr57Lq4ZPNHjXNkpS5dBh+w57j1aOiPBAnLYzluKAgMJD0f1RCH/bMCp5thcnEgtFZlueT07BkA2e37PObcKVnfiZUTC6YY5uw2QTU9NdGOTemHjXhr+WUKAwk4W6PaBap3KAo6jcqQsHZODmEYVu6nwmNeRYaBDzL7ijCxB7vto9+EieVoMlQtla1AGVJAO2fdo5WtKvYVnhdi7XrJ3qWI82Kwtk3FVYpFGujTY3lGvaJP5jLOuBhvMAsDeVQ+sqEB3FptmPWVDjHT0p1nLRUX1r7o1oNkH1YgZ5Gtdor0dcx08yNKBuMzSfZEi5c2X9MY172pPWbsX6CKWhICnagNHN2LsASe9YcSm1LnMJDcYqUqvhktJu0/nJVbBJVUmW2u/yTgdtS59DKMljBlNxYhCpNj8NLLM1RaX2Vj6mceuQG2JTuuYFaQcSFYley1lPHsZV10aBqJEG5s5e6ZPi0V9NepmBao9acvXq81ZqoLAsJkdbqq9Zha09zvOU+SGqLawzS15hoxrR4ZrWoFSUPELBNB78N69WRC4d5MelByEYN+13QuUWaUIpkglLc+NEwLjiXcMWsCQBe4x6H0Y4nlpkA6fwANO3a1ujWCDbIW0MRPVDsoM76VTLCjLxtP8izioRI20fB1cPTYQMNxi+qVvqUHRv4MjTSiu+npFlyNhuT/LuYJKpsn/4zy3SIa6D6Lk5CK7dPXh/bZMvM1msVKsz/yY/bClYGBcv5TfV+0iwaW0LHBL2iS+0Yz7W9fta6z7KlRc92EDVYULZG9ex27bHD2tAitVF72xmbcYg1xclFhH1Tg4bA+Y2WrdgYgRVpad0cG29DScEzJOLcgo6ouLohTrw93tzspe5d+mtE19Mv7x+cBOg6ZbGjPaSuxtyZfbJahJvZSE9tXVx7DYczchxM4ySpABSrF1DJqPDurWs/nAUY9BnQWQwRZbnfaw2gr1NpVAj4KK0m9oycOPmiaysGEahvzU0MQc1SMquOinatrJ9rqjHqVANKWO3Eg4BFzQmg0s42XS4+LA07RSZvoZpaa8JGc0r1fSmfX+fwIjxHFeiiQ6FxURzLLa9mfrkEYEjN4IGuWwpMCsa0PthYIyQra1hWWNa45c+uJdjhzJIQR43ElLxUrBI/SVe/6XPsJ/3szyRpSWz4+1YkYxLWp6ya/wHBvAa00lSswCJyeATaEavAKke23jyQ9Z6e8iEGxJy2yMo35cgR1U5jGf8++eFwwWRNZYjCULvjZ6EWxAwwjKf9OmpGcTQkOvdlxixSbW4/5FNFaea1O/NsJCZCHHDB2uGCcKsnG/N4NquoFvpueB0gkDtNUAw6GyC4VTbgMO8xqT2T8eH+wZMxT+0ToMrrYvL0QsNU4EDb3B/3QlsN0b7PmGkX2qcGxG04sIlpWnRvj1cQ1JgbK4Kt+2j1JI9kvHA1J8zDNDrtdoGb1bAspjJ6s4eAmeFr6lvTYGTnBLwRxKU+LYQ+uk+pEkoyv9oFJwHcyyfV/cMzWxNF7vGVAqtjKeF/DuCB1KmE7cSwnQAp11Zu5SUNZ+XSiXWf3CSDX06REKxY38vIlU/ilniCpd2BC8x4L7QSVMGZOIpUZCspW1EYcV/9S2XgAY3d+rkCMoYBOVkZoPIdpXsCVs3sMjj2yyyVUppQD+6s4jdxcKqki8PCqo5gupMocjx+k6clFZ65KqnHaEe2Q1IaehyhHRc2QCbnwCgx3jjHC56glBTWadEa04CzRIHT8Cg8H9+5VlS1dZVar7WI2tippryYjU5Tn6xij+ROlJWxBtyEBSX1whHDmo64Vm0LyaNJJsN57ddJwTd2kWbKbf1mU/Y/yNIgiqlQ5f1JAkRyZim/5XSiIrhL8wuIc1NdNX3sHrVaUb2YoNmg+sH8MWA3hZO/fT0ZDdqdEc4P7LnC35F+hMX5d21IstcALkeJ2ubDvJRCq8j3Q3CuSsV9tzM0jkfwifGolJNeRT7TqMqsXNqEsbgYaF9xWvG0KutCKe2Sm6gSHaIpMKI7KfGLxSYAYzOiw6SMNhQjuuTPt0+CQnRhvXBcmUG6GDyLVzyZSV6yuCmpLcj9+NcAHEGz4zySy04L0NDKYGOk0dW78XOm3V84YiVA1zjulrUaGrVy3IV2M+AAq8YKGh/hrcfObsCppx0OpiJLPd05uDifonX0oOJUjxEzHW1h3mjnQhVqCXFC1aKPA2lTMppVmsDU2jdGz6nVa32AlZstIFbRzChMJIxTrYwiaBW3WrgrpQuO4cYYE+dhZbbByggLvXUYHbWsMAUiqeoP2KUyV27RCkYaRZghY+Ww6PEXRb7MgXK4YyOdBZMMadHPAlEqNK0yw8rWEqxoWWMN2NJiX+OfibK0ZN8ckiOjPv1tO6MvUjAgZAn7rq6w9/gsj0oX6oNXA4HP0IzJiTG7STiW830MdQhO8YMlz05xh8Ec9IpVSxuYiJ5pOeQ4Zq3GCV0Al5n5NsLLsD5v6O/HYNLDkDsXVwE1+GiRH8WKWEKayLowe6wvnOPSdb0GD2Kw4Lm+c5/Z87f3Dx574oogoRcKzzJvaWplANHsD3+MqbM6EfNZHscsZS3SilEX3PdYEUjIf//gfRauiL41KgpBSAB+Z3oLVWHuQZN6xJePhh7AsJNklS7N8acukW3sxpj0ILNEN8ipmm5tdBqswdE6alrlj5QVCBl/K7x8Iz0evjOFjLj4sZNGDscZpdS20UR1UiL6XdvID5enAuUX4CElyA3Y3BsXjozHGoFykt8VM8sdrf262JqGzGIMd0xct4jrKT/Lxz8oyaDT/NpR8yKUSq9GoDmwptyRFPqSTyiC+qTwwFU61hVbjCViB1M8GNuhRQHZtSJwEZZikXZZomtl/KYi/82JPT5cucvIoBMD+S9etWKKF+c5rarZZz5qz/A2h8+Cg5yP9pGYuL6WNGAKjON4r15npwZYMQ1+uyvZb7pkxwsPew02C5f5qXOirmCBDou05Nou44GplwZ0fVovlchQaXsU7Db7Kq3bXhuuYffeTffvPDHTrqtobnZDp4mGy+H41zwCW/XGSYVOwJHuK27HBqv4SN5/uN+dOQFw3cVaYjdby76+ef1C+M8VLkbKKSClxlGNxme3hgbbjTPzmEkFXbwxnGLob6+u3cMbmgLJCpkDCJtB76KvYlJWvSdjHP6OQ+woM0uzszrm15+8KmnpKzKiWZuOCRrCXGjDJ6Cah3LK6xDXdkqxM44lqQwTlpVOdjV+9Rup/Yph5QD5T7a5qcRMtJzJSdJhc2SPbCkVzijHMAldaUBkD760zJ1FTls/VqfIyA5nxCmdXPSFmBpkouycEjtrvuoHSRFnRMzUosgQJMcWeN04wbmzZ35MMxry/KrbsMwqABySmrcAACAASURBVK7xO/7ODiHKkvGitqPjmnGO1cYDcypllqqAIJj/eHK1QnXoRKYIKObzLsadzzVzEJbzXIL1GAsKYkwnC82cdKTinWigMl6aHvs7DloQy539S8qXEZ/tsrNyZ3+5K1Epafa3BX0iS2GC4mECisso62DgrLkgkoKgJ45oPUojv5paVRy7Jsk8kgOUbLJNybRzGA6FIp7sYi6lpPvyPa+XBMMQDsonUMcyGe+E0YWf/GK7ApEmoiQ7xKbNhJVbx9/aUIRpGHsgabgUX0N9OQg/XoMytpWcsZ6o/S6SWxA4Ug7PQRn2ia5ckLpitB4quPBhXHJMYziKfZ0jFOikH7h9RxmgTIvJxXaR2xCEYty2/xMAUU/ARZdkc2WsFubyVg5R0Vp08/IEHek1mRki+RWuqVovHaVSaqdxzGoixJqxwS5yYuKg6q6QAVTPbjSWsU56WdqsHmwdzEkwzIuBlAOisDlLQcpaw6uPrxYBszYyzj7sWkipOg/xOhrtnML0Aijb9l12QwDXmnpRAELOMIudU33phHr0NhJ3dDpf3bMghEvtT4RWWOH44H1LjmJHFk1ZA8e8AfjWprNUBpYX/xDKTst2Zc2nR835sMInc2z3JbCOMhU5CsxfuGDZhBoD1lowyI91BZPrK2nbQhGl7SCYIKmddW8Y2sBhKxRVBMpXYDL9HqZFIRBBr0oQfKkFdpaXcml8DpGtYEQau/RvFSeEUePQ8l81dkkX2GdoEEYmq4qnX3EzP6FPRMUDw5FDFKRskCFczr4u17tiJyLCbWuygmoE8GRJGRaYManeGpu48L6qwNVdIsIGZ4yljGsbDWFqs3XyAtfDdD64UNtVC1p3yyuNMIpS/Y/bAFyc7I1IFoJyvAzx8tBjrc9KCRvOiKFv2mBgIWCMHpDWtb1/vLd3/fDmsRdEGRxi0vCoixaE4lhaRm0FP5Ab9mbhhGt2C1MFmtoyy+RncuHcFTDO3OkZu7SiYZmF5dbViqWXezKhizRm1NyRUURf1tk3eXBdgqjGkjtkLh7SiaVDtCTfCNGUdorIKbctmgKlXtJOZUYoJy7Eie16TirJqWoyAsvo/i3heoGsybuLa+tj9li82prCa7KKsRgHbMoky37WkNC3XQUShdhvYFXgoLQLULY7bAp2zKIrrbZJNqLF9GIuS0lLnejEggTm6jfaYg8bzyjaOcK4GOhmTYiFfEV5g3Bq2nfBzHCcd2w1iAnrNhT9ciGKAiLzkBPYMCVs/TPCAyhjR7DNXlVsSl5SpntAL/D5HMcqgko+jcaYrITgww7gzZihEgVYqhYhYxN+s2O5s3XAmr5E9/3yudeHvX1rSF8F86zN2tmYITMFLkBdQ79wZiYP3Hx/1dK6soYXO8lg/JfHbAVH02YXGpU4/rv4DhqB7XVvL73mwhzK2nTL817U1bBRtOfxjN6gi+q1IWx5rAotaBybiy8Wya9ekk3TFy892N+so7f9dfKP+xB6pTQkXe7vVoDGSJh7XoB+jbQz7y8sxXIRdEwIPHWppdVpSTVELNs4KWuslikhaenyi5unFIhz/tyoIJ5VfkZZCYwyeLyzK8Jw1AyUUISkNpJPHCRE/SSqXu2QRn+4nZ9Qpvvgtmc3S+JW28U1gEzFwrAKtzCObMyXZldtvnCa2bWzDhkt3XOH78HpKDBDN+NoYxkWMYfZaSChaDvEC9i9XLL9HVL1KPwJU0austpq3Zng1J4ISB9dmZnS12wUmloJvzUfKQGBLaT5qCB6Ui23Fimcq/5t3TPT11OL2aPfrpMJmXTt9VTMmk4cd9pXaAQk4SMZlAuYk5RoBUIxFTpUYq3f4QtyGj15umoYQjYWbMxZ+eQSkKLbKjGJsU8vZH4CE9PZkvPb0GskTjRfMObt7v5vRMesWgMNWqc1SetyDrbquiC8GyWCegQkZepOSpHiTxHbdhMdyZBlyFD5KnEqlUCtEi6WaxEivapf3HHKxC1SWbKnteJwZuYa0gC2RcGtfhKqSFJmjfLbyThRyZphOg7A+a5cCh2QleT12Ee+n8ZclXd4iT74WSfOJSf8iefZQVeC75ysLG2kFMuZaYWWsdpQ9lIjzDi+58b9DoWyIRjDmVMLEboI/R6j18csgUM0yhpyTWtJfhs7e8JDmjlfhQVXK2d0jo/eyvAcJdBMO3sI1JpV/DuL1923zzz3jQpd4ilovDf1upd6EqRpr9vHU5TUsml7W5SUEs+4ggVJbqsjyRapo22AytleAdjDJCzT41t3lNlc00d8Cnnaje39x1v1dGUVE3KqYp0erUruWlanjC3/A9JlGDXlNtqAE2NgHVuwrR0HFtrOaAjvOlC3wtXFMEvZBRewmYRxc+f+ayDnoCCepCH8yVcZClbN2e+4CIg6oJUogCu5nCyDN2noax4AnNVQjAy3AEwFcDeqWAZaoM9FNeXnOFIKymHBaK1jxD4TnUxb30uimx1mu1QxWYMzmkVq7V/G4/vGB21Lod6MGryLcHvth2I4N4yoma114M3K8la9tb/0Fhsmnw68sQvbzKzRhVorUPfQ2hFBRrz4uuDlYpxAZ9hajXqvApT2DFjQw+DqUj087hllOy+vvnnrmdIfW0v39DMRp60jsGHNiy/ffvAaVm/Wev/w45uuEzL22ECxYcLcr/twFUKWaJheuDSOkdipVeJf3d589dWXz72d7dnLh960V/QYBlkm9jaKh2/efPPw9vr288fHH/9/qfqTX822dc/vimqtiNjVOeeemzczfbMwdqaUaWGTCIyN5JSwBJI71JJl0aFjxB9Agw78ATSQRQt6IISgaeQGIBlLFgJZxkI2FrbsTDvTzuJW5+Yp9tl7R8QqIvh+fmOuONdzrfedY47x1M8znjHmmMVr2ajXEe41I0e1otgPxb96+7Kfonx4xxd1yPrKemM9NR1fv/mmbtKZcfFZmC5UDNxNZZiaXThRyIXrVJasfZYlmSvT5LdV8jFfLBgqLWyyKWQwcVz7oIXKoSZlwyxdiKtYBsUDy1wHZ7zrUg2kQa9f9eK85l33/SSTn9mqSzqNaarYZZc65JzUKU00ekEQuTcdy6ZHhpMvBexEwhinRN6ebDl8+nHVsNZI0BrbVThKJrx4fyJ16oMKflluDaIpeLbXWwtK6InXW1wzkaRTm7ocIctEtXB4vH3/6cWvc0cwOEpixYiTtKRK55vbt7oHAxAUgZHpa4KOOQnnxITMgMQF6W6d4G3HEAgxCOXaYGk7CiJcEEAliQYg1URu4g84sPqPOTIXMkKeTTifgAVB7wJ6/eZWd3//7P59E50f85Dg78wBXdJ2Unfz+uXbVx+6jc/5UNPu+wTQDz1l3+Wvm3rZH3z7rt9RjZZVVTSalDevL5aIdnf37sc//ek3P/26/uQO7Dp9M//e6duVovL8x8evv+nXdZ/fYkjugjmJ1+mPnom/oNTsf1YrM6QKNrdfvfzhfW+U75dOtFVXSJrcf+ynqYwoybrQz/iQIsr2ncanUf7CF1mWZFe9+0RImtSLwbD6fMd6QHkDzkGxcwgZmciHwT+8tTaMK0BewxwWNYEwvOEcWGSRQzVhNOu6o5NtajtK7DuaS/EDEBkTAZ8+R+ghonWIAmDiRIr1BblmB8Z1qGVFgin0mRCK6+YxTt+hFwpgev1S53YF8s4KeicylK7Vd8pZVFkbSQeSOlGsRW45aW0Zyc1CMw9io6g9/oXBMbakif9h1+70GSB5CzHbaEDsPJaZLslnQ6NQMgyM+KyxAagfo3zsR4puenBkIaEbdwm6c1rvyzIj8nrcgits5legwFzeAa+yUZ8VLL1fbqiWxISOcYArKZLvUCAzhLkYobMdilsE4LkDdXmwoQCnUs+Zbnluv0EzBZlboDZyJK1514tXDVOZ0WltvS4PpoPIKZPf1d1HeyklgejQhrgjRV8n6isRlNqT/rRdIg0xuINybDIH4FjlaGqP4PSdUtj0WTlCF3tKG+lmtxBhTN/mDlFOMNOMi9mEGvkaJvK+lMcH70uhrDb/U772vvZd63kG4DPgIQcC4PHaObq+p+ZpDbs+HIa6CjkSVdYTo0clR1lBLgIVEA9w2Y4VT3177qn6T9hZ66G3+EmLaJ3+GQG/kvLxd7766s//5HWXeluZQVTeItSYEaNuJ5adGlhV1nezYN8bEr5///hH3xnODkaYNZuENwI0CX3+6c989eorY7q5m+wvT5idoyKwztBTQzwEU1tmCKxpe78B8ud+5KcWouP3E0sS1bp3tmFYnq7rxfpX7z7e9quyb7fsehzcINE9o4vtrk70eGSjxa9/3Xje/Exmx8Cg1hfVrjWXOkX6pbnc3WCUSR/f3nz60dvdFpm8CbdPsrO8zHMcxtPzBQUZZ66fG82+Lu+xKypywBilfZDgz7Z9pMMAero9h+OySoULNklJry3W7KbAfRiSASXTdToxdpwn9JN7n0iOYATItm9MOkr0sTv1UR27dqtFhfEf797JJ/Gh+2gNPQvnZaMColn5RK2Z/vkLSgqOiYBYnZkiEmZKlTuJ/Pr1q5+8zuHV0rHhYGzFYScD94/Pf/5trp4RolNtXWUJscrO6yIUweSg+8iyx5YxEijIv/oP/87v/OThtfPDzlrj2NDemp8zhh/uH79+8+r/8v+5e3xXuu+EeCY9KTLXGJ6SqfoGjUaoOdNUotXMD50XVPPL5+//+//i/+h5t/58930gDWadBbQ+2plz173vfvjw4s3rn/9H/7HHxejKAef6Q8p6w8Tz57/8/V+8/Tt/R0SmQL8402lPFg2yM4ZeffjDDy9v3rz+sz8OOVcLM5rqXASs00FpNhd2DU9J4wRNoFnUiGRQx0w9/7fnei31OXUcW6Ftjghx9hQvpyYyozJsRLm8DWa93M7KgmFQTBBvI/6zX/3+LywMux3rRS9gNZ/uh5+bHfbI6d3Dl7/1zVe/87UBKoTjxugu++F9hEmW6E/kCemgJuHS/lK6uulLENYMh+x82tGy2jk7IWrA20KOzbhHJm6V+x7p2e3jxz/8j3/v/vv3a0OxcBZ1CXmmHe/fPdz9ED3nL256qYjBfGVo7UzzugWeuJEmGAa4cMTg+86kjHbljSPCwpoVAM4Gh3yGgumj87NCZUyjyjUaNNXFLrsO6EnHzfi5/8WXX3/5/IsujLkPu4pmVdGzwG+R6Nmf+8k3v/jFL/6N//X/6usf/chM7dWrD+/uTId6OLiOdNfvfD378m0/vv6x52l6+UuVfhO3NQN9tM777C/+9f/qx+evUz1blHF76VBPfNZlm/RF/5tv/vS//n/9f/2b/9q/86d//FW/BOnlQ93SyfDP+3G+9Pjmy7ub214P0NWGJmBms1cscMFTQHxOknUHqic9zb1eK2bf/KO/1e9wOK2rulFrHu8x7jzpQuKHzTozUw6ZRe3FcIQ48/y3Tx/jFxoceUG3T5EOZL8OZvq4DHc0fHFHSMEdmCVeICsMYESGTRJcq67SDO0EQI3SbU0BaBmxEyITnUhrGctKqFSmiY9yFSdepmt1UZVO0oyUw9wOGoK20rzWcdbfKsGzBtXBhUTKPBcX0HN4c89X3/3iDz/88g9evHhdMt+9NJtQlUI9bTL2RmK/n02YOe8E885HyUMOZ2lxVpxQOYMXxo0EnBJg0Cl53LObW7Sp5zDpixp55yxojVRT4cIxvAW897qC6bMzgk897vLh8fFdV/fSL9SmxQ93nehGrEvQd7dvXr/4ye8mRrTjYlnmMCFaMVcdiTaR6FgP3YbW3MMpGM7AE5VtqeE/5JUPiONttdiGc+m0igVIsFHOIKA/ffr2+z9uGSZhdqq1ZazkIEvj5qu7H76//+5XG1DlhHQaC6w3z2rRqYvpEZ8YK2ij1NOeoEkCT7sGTVyjbrIcjzi+grtWKEBPbMHkY/ualsiAI/L0NYL6ET6HTfTaOnqq3RHlBwHqfBwP0C5CY1T5qVUy4MNkiJ8IfGpavC7LhphkmQnkJSy6bTSuUWHCjXJHUaXA9XW1LhUkqGwciuA7AqM08CCWpn5Drm4/q1/kyYfdKg9HAElYX+bb3c1WkgziT3/z8nd/8up9Q9iUi9VOAQ3aRofJuCd4gyVuPeEIlSNaMf/7v/j0h78u7rsltLQetNWtfkjipt9VDeLx4S/81psfdfdDN5yJfv2yIcTfRDb0ElOGrXjSb3TKBSZFDx9/8mU/9sueYaR0YHqiaWDpmf2aqDWQ9Aa53oXYENuUHl9XiDs7T550TOmeKe76wku3nG4ISRWxZSwIPAmc0IurjTylvHp6S3Vxdjr/utXK+5YnJZocqZsa6aMoWBidoXx/DmymYF8Qbckx61HV8FOrqoZBbYPgrMBVbH/gHc2d47C6pbYZE97ChzZt7TbG4YWRilFvDxUrDA6LsvqQnyqSp+LTfKG2eSiHsmHbdlEN4jORYDJCTYvWp7DDNM2WLmo2yYp7arOx0J2uOzehjE09Di4ZEetMNZps9FhsP0hSuvYYVqbfSOAU8MQ8MadsVD02cMyafNqpHIN0J7vg23x2yhQ59YJPz/+5v/K7P/zx/ffPH17c9IPEVqGEyMdmGA8//uLmX/87f/Q//T/8jT/31W327oU9Jj/FLpKkFe3NW8fm9NHC55jp/uN9qeDDzcd/8V/669/0W6MNEnet4j/spuNXTQcK2uLp/o9/9h/8K//Hm5t+bDW+1lC7hNW1pl3Ievaq5c27+188tEzOz35LdXfONLQ0CUuMh48fvvpH/olPX37z/L6FKGd4ztLpyif9rUcUwV4qSsK8EqcJKfbYWy8XKDP/Jf5aLjMhR8O2dg4E0THuaVIdVSvHo33BmjiAf3LRPLajknqZwZTx44uf/ft/sylzUZUd7+7uug+rkxnPyb646U6MP/NX/vLXv/PTFMWPibIZpvqNTayItoy+JLE5/PFAzp7AdJQDEu0JpT2cNR+YbGDyLkbXNOOhTfyaroiOP7NZCautgLz7+A/+1u/1mxItYLOBhFmrKOr6ZZD6iqg/S3tLdpcZN6UiYcnTSaNqxIvhYcl1eJt5U4AYJmLOQQ40yaum+1Wwt2XpMa1IYkDROPrjMjTK9ae+S6P1OnPw1QR9NHz2+MXbYi4obNo6n17arCeP6LNPrx/vP/3sj7//xa+6mHNz04zhzlscEjTBPz5/+/Xb13/uz/agSrf/NI8za3hWR+v+oT1C8Pz9X/ln/9tvfud3+zlhKbEZhnl4KTzcEnuXEP70v/wv/z//vb/x87/7ZRcSyNstfuUB6iR+p0+eRY6dmHBJIKHcC1Q2OQYwZ2mJGEBwUzs5PJji/Oxl92n8k//Uf+2nf+abx4d3kSI32xXHo5VAnY/7BZLeossv1XYpT0bpQh8TCMPFSPwrn1BsSTqTcToxz1Zi4sg2HoxP5ae2FRMPgf7Rm37pURFwCqxBS8corB6dWFF422lPOxUnEWHnAAR/2w6B0exIS/Tk/ZXsD03sYUTp9N3KUwQlKMw8cmAE5oUgQgcSZnCAlnlzb9mpGDKlblKRbx5/+PWHX/zs+YseEcmeIU5EI+1ZeqCcZTrV0UoOjuhoUtoJz7XO5Hw4c+T4WjioRgLZngx1pF5IIJFr6v/ax76usFCoggK2eHAQSaoDW1eZJ/1giK5Khs5Lkzatuuuv1x00JXr8cpSigL2LSxmOhFeA1HpsjREIMggS9lUcnobALqaH1dVCwWFdql0EgskAkzS0Kg8YbdKg3m0hSS9+//333WxBDCrmAVe3LX4uI7prtWfh3cjN9C6At+RWsYVX15sRQ968cgLN25dKGhiUJldozLLYBlIb6Am20H8yPk1WPaH76jjY0WEsSP2NlcL+AR0suY9DsT3MNSlGGF5mPNyrdHxZrvb9Q7v8eZqHepiYpIwCcx08a8MQn9yq6JgGASnNt4czSdoyV9a7NBvcQn+iQJXPlg/Cwn48D3iygyD24nB8IpkJ9aojxtrGl+4tBdZNsMku21eS7y16tG++k8v3QFZgzX26+gYvhJiJFLHkKGj64dlUqPlGfbaLIP1Wa7P/dHILr7WTM0ond9l2gegEuhNrmPozwpWk2sjtsz6+fo51bHJUInV/Sbxuk6NTglh6pV4AcwSOg+2LQSdaROPYsX1EYtf6QdcNSinp2NzCs8KBOlWTTkry8Wu0aYrHgLNYY0Zms9zlOrYHLD2NRODSz7lw0dSKK0Luu3piLUbbcdqRMYCKiRLQgImVbxkCJf4AYdzDsiNsJLkK/e/TVzAXtwrMN4ajPhrgQwhvZERdFWcUii7KswYlj1AQinQ+iTcXMxas4VEu4GDH3XCLW2T9cWGJD0OHJu0Iw11mjIQGW5SrDdckqdbxd5yaEZojpJuiZvGV/iOF8842yW4J8vSZkHJZVf4Lqpm1mS75u53fHIJ0ES/6ul+29p0zJE5FR4Z+sdrC0osvbn71i2/ff3j28XUp7WN3kxUUbjDoJqBPz7794X0z6N/58a01TPcIxbi37gs7OrlfxYwJY/Z2wDLs1o/afep98a1i/fCr73789VfP794/3H/vpMNdTaYkjXhNWe6efXzzxVcuvsUvsZI4F3RJ4cblsoh38tmJR7BptFss1hl310O99tWL226Hftlzz2Vsty0ZRDkkGXdXG/m07FzZ3EiMsTvr5aJ5ktc6rJz0/dXmKJ0qxjajDV5kwjvNB7yD1Q1iBCqBQCm3KGEF2slbTZKL9abFoenvq9vbpllxe/HFG6d5JZEGUW9H7car10cyVPm0o4oKx+hjv6KWGLoyA2JSX8pe3eAgHxFqoXD/iTZ5CQVegjrI1Ug0YkngWAwItiuSlckiluYpmYDnIiTeZQapr0mpDiZskOpzpMYOF7burM6BtpleIJEMu7WTKnigbUV5HD5XHBd1KOZUQ3J09gozAVRFWl/KJuymOesdhvwrjTQsNJLE0wl1nZwC6UmHECJSwcBRRSex+Lz56quI9hh9qnchTfcLtAut3cZx8/rh/j3ROjtt+uz6bc8L1Ak8clMHuPv5z9786Ke9JdfEcBJsphh3D7R0etUTAF+Xgj/2QwMx/FRXyI5B1reT3Ej1ZB8vH2XlRCpMGb6iy3WNUxtdqLHRrDOUZHnT0N3P873/1V1vjWOo0e3epPNETUdNftioUppFrAF2ZNm4+JJbKhwvqZPBGXrpSe50vDljBkVFjziBkEHOqJq065WrHx8OT5qMFq3Q5gEZh4yr5sU59AiteKgMPpDTsQ/UobHv4GCY8PbsA/uMdaXtj/nRmuRYj8vI+0oaatB6TWmTqDVM2vCqT8Xxik2sAtOWKTJDQeU+g7pGaD3I0Y21ZdnsoAtEKA9bXNRZY5ETRy23G431SySG3lcbW0zYvqrv9yimuZZ80MsNjwGgEKXvK+EpGxOoNCk7Rmx/GjuDG80LVVBR/fwBpba1wiYwzRHoaMRBPzkXFyWwQPqTDeiCSD48Qo/JqqQG1GdVjofVNpb00++OjQ9gzR3bglMauOOVTxMrquedqamQEIXdcbmhZAvAxeEu1BShtadKEyEk81MwG/cMKB3mJNlwp8HN8vBuiNpYnYIOx7IvIdD2JNvhyLjq+5rggxnG6k7T+sefUCkLq9q23bGOKgoh2L+WGp4UXahUeSFygqMxPKTyLo9UM4VklhrmVGSinFE+SwtXqI/JGIpSCHZd+onRpDBOHIqjzeb++2CL57pYeGOncuRE/AQaC3Uq+gqhbNo0WqeIY9URS5L8QZ75C6aGmYYEE2cKB7X4CndSGD1AV78aNrD1TbadOLWyaBmmMsnDk86cI0RfLOrLXdGNd9PigO9ak2Er78lqBuInVL1NpTuTGygDWEiRtbn3ffde0N3UxNUkeThpXSckr0GjYEvC69XH9aV4ntX+RF0g9b1BcEqnADuIESKw2kwTFst3zNjtgcXAS+jzbQZYPqqCRpqNb/Dnw1OThunc1eju74iq053uU2B9cCWbYBNYJ5gUCYGaEXKEB7jwJQAR0DtSiRn8ijy4jIzpds6f5kxVh17DcCIepBa/t5DGcJoRv/xLwchWw6IdaTNSJX/IJ6oXbax2/AbEHCCmkKqmxhjv8MiGqcOh1RibY4cImTlIH1kp1zSRmDVGhLGmNNrEiEjzC0rLnqg1PtcYwS0fAzDgibUkD3p9MwAGxDOc3NBh08PQU2zhd5gqC5qdmhZcUT6r0hGifp9SV2IwpkXCpCEGA7luJdKX0DvoLs5COvTXz56/fdNCqBsfkkhIe3F4L0FHJFzYQqSPzpM7hVOnE3f3LkM1Er148/js+1qYIyUSs0cM6x3WEZOxV1WRr/EtOTF170ECOCWqs0S6qNU7nAIsCl+23pnkugT2CbKT68BpxzxVFx7RpROrnVBpdw6mtDo61eMWB0lHEpHFYpAEGMNrd4zq6rkq/KrXhMy0I1L17aof5BquAxYYVtQyeaKnZlBpHafOdVx/747a7p31BBFrpGWck4qJD8mdTpBqNQmFIa0Jeb6HMM3DWcs4Uw7AhON6Nkwp8wGSORuo4tAKakG72ZdADLPgLESSOSxxVJXulxrNWLtsmR36q0fpEOw4+qwRM9/hmdFgytoR9XVUmN2oqHr7vmYuEAUX85Nxdj+lIze9BjtUPAKO2yoLg3M8otQ0voVylAUVCObFUl/1xskaBK/qKcgzfh9nBzNVxulsLSXrCL18uee5u/mhe4pH6Sz31OdMwBvGcl4XRgrpFn07DWgr7p0lZba9aDzBkc0mxgN8Owl4c9OMvfvxbl+/adYoMZw7lyfnTJojwKZfAS9457KOKwv/+BVUdTcX0Vhh+WkyJc8cFdW0a7GTUB8/3ZvdTGPqu9pAqsx5mYFkM3BCsu+IVgU5jDClq9jMjAyJgDOP4yN6svxsysDsL3pTf+RgjB68yUYrVt2fzgq47UAS4QkwRBEaAcQm3g52DGEdvBxSiRpQ+xL9gy4y7BMJV0qQggAAIABJREFUy76FxCX4QDPvbhCX6YKCfDCGxgpPlKsQaFoTyfoaqvxEy2pg7DNJ6unmBGrkprgDnHPnVtVUKTaiY4UapH+hVMUJmSMBTjMnFpBgl1+PTnDNKmpKB93wcsbxQPW5+ogWg4CIOmlQn5OPM2NDxJwYtxabijirMG1FQXyBTrbqho9cW/zmn+oKOJDsFhNREKzAncSYk9w2iab1joKj5bj1JeYcg0YhkQJQigCiouIM8uvqdcl888RuVJxf9WZW0kx5+3JBQrZYlvuWFEvXht9xSeX1vaTFiYzqn0hcvFd/aTFhrgFpYh1O7DX89lHofwYgR5/aND+BTkcVqaV19BXx9p3AVZNsfjmEYR2xj6UvcrM9TKh9jWT7ym3DUd9G9Kda+6vcQsUR4UkHwdiGMHpJuaOJqaFNcC+wA7mkgfBEc6zWveTt2DLA8LarWEZWodQ31zsKVpecrUBUmD2m9ywfwCqPMuUrK9+w8m3ZEIzZl5w0yQlha+mWVlST5QJm26iX8RrzErPlOnOUrtSXpy38Nyh0qbQ5VVn1pm7RjAqC3LpVW+UjTncKulfbnOlokBNMSeNLf4sCRWqiWu9pxcB7A5626Qqqf8sKSPjvayk3ltFMyiqK4NNLdi5TGlo/2KJCQLpGWSe27B0ls8umh12ylJV2mpeFl9YRYnR9nikBjqsuSKsdHkuvkT7AuIgNVfY3XznYnKqa+liosy5SKCyOMVjQtB/HQEo7MPiuQpSpY0cGlPl6poo1iXJjiow3ODV9guwrCjVJCIOciBoiw8SVIpJ/D8oJjqrJPai+Ng9uYmR6FBXSDXMJZIs+Dvvs/vvGOyeZPHsqE/xoNqTJt6bC0hhMAgIIV7SFh+jLWOKBrSKUA3eV4eVWajfSC54nRaWzKEXCZMIQ7ZGS2p3HfvTLiC5xzrSRE3NZu4lDdyE1TZEBE6NT4cYytwKx84aUiMo6VE/bpjuCOWbdYJQJo//i5U1nAlFM0EsI1IWC9KocjU+ve/u4O3zmhBzcGBVK12fX+9hzXaeLEXHuvYo9It80aw/NZYPdM+eSiWBLx1AZ/FxgccJCTOwiRDsuzaQBBjcLY5AsGlOBpSoOIczLigJUXJJsSKhVEoYjtIMxGdxFfQyXQE7vRTkGde60JW9nW/mi2zCilWW8P/X5s+7CwiSTlj2Cw3eUSNARe05IEbCMFPdqaJYIcSANEpSO7pgqtvXF7OtxqAKy6XbbG/BoPZhoZgOHGT95krEj1stUSdcPOZQYXXWJuqDzThtzC1SJyhCLn8MHMTzJMnu2n1EIhg2RL9xh6JsEq4WAmifm2V/YEIf9ubGCKry2jcbAjhnmYmJ0X8ZcLSgLAiHkXp78kP5SiIqS+bkNjyD80gWt/VhosepNEq6e5anN61/diEj5v7Pc5kV+0a+pf8/Zd2N0kN6z/yHk+nWUo5coY5JVrAydzhrDnqZ82aO+varrLDyVQJg5824SJzNhMcWTUxq5OkBGj2Jm3DkALpHCKRuJr5JFmaK5cL3jpCOdFMGjLjul/WwG+4oRYaBuLImpV6vgI54B2b9OBGiBt5rKjg/iwEZ7BFAfOyG5cDnA6i1qZPwQxYzAmAwVL4KLfgNh8vNjE/w51YB4XD+KZdxFDzDRWHe3RSXSJKMA0c9hBzuvbl/4+5MxOoCi49iYmP0XrSxzqqFmG9UGNP6KRvv45Z8CwwsP3OubFMgks0xeqaUA96Hs3+4imibLlmPhyo7uRZ8uB1EIs2TkYBjYowGGSBTONICcgKs627xE7BiEMjG7uFvQGnzJPHcQPEVm0So72/cmh0SaFKl7FjMXX+sa9YgPH707Lq6CjEiXYARh0iqr2qxl5ieCylqTZ6Lr7E8qkITM2o4/HZ26J1HXWF09JNgrVRTSR40encdaW3yJNU6up2X1wr5ecbxQY2z67gQ95ZKxYa+8EDIAIV+VUhL05XD8alkZw1rWQEvxQ7vqiEC6s6HVATq2p33FoA190vS2AxUZf0iFd1g7HlSH8b9oh4YpbDU+YrHjmXzNTIR/rgwAtFICGnpg2p7oXfsAOLPqdp0ADE7OmMgZZRiQLwShGVSJZbLT2HHdBkB1MCsco09oyJYSZiutjN23eEco00Q1qNDVBT2164hP1KbGIVYsb7YG2LnzQCuH2hg8KV2LY4uEiUm7PpWbjmQywSAGMtzoB0DN6+5VM2opgrTBdJnP6X5VHWG702mkStzH/tN/9FGMEuWWZcwjKSU4ydGmCfuEkPhJRlRdCsfMyLBglt5mCrbi7IyEXnZ2jNOksqs2ku3oJuNs6lOLvnB1IEz7L+4Zu47ZhIkP2WL8puByYQRpz2fxAoPjko4IriJWtcSFlTt8+hLhk480+q0GeivxVWbfM3gomnmUhGUwdDJX+mUNw9YWtzqMnBw6HxGLNDvQnxucAyBGsqfoUwhG7pz6VR04eYXHSCVPGq+BEm0LEmInRN9AK/D3y8735jpNC6kCQwhMJaiwM+yrht+Z8YRsdWtbtAV2KAp0MWf22tQDzaN4sM22DQJZqsq8Eszs5mgBq19PONqgg3cEaRW5mgVf886mJ1bje3TX81tBZPbmeWGU5Slm+Lu3Kt9dzvHzXv8Mb0mx2V8AwoPFmiJl19Jowu2WpwIWLt3ZPqCYJUBHYaiov7SW73y5e356i643r796dduCakBNj1pdjahVcgul06ClsiYs93eb7MfQW1GqKhZQ2zSUt2KTq92OIlbjRW1bBwq8kLA1XCGryHiYBACMWmAZYVgMu+IChEqjwLirxuoUj7My5owPDj/gbSMqOg5DVimaLCRr7hJLVpOaRkw3n2ePBYXVjKdz0XKSYtDAPva1TyUSTRi0V8J+gcAoaz7VT6Y54h/k/HZg9avQddxPz3sefdQQ6DygEbFJZTNRyUhnIWqJrlsd9ExdU+xP79YoAjtG1a/X9VZDyCPRUbijJ3HXMmGr4YypsG9RheIBSdhLbrSKWdW1Za4j+2Wo2jTP9ofbnLDWtUDiBFa2ctNFs3gknmlNUm9uGQW5qP6+bKnQFN2T7Xr7mWrt7PmV04junhP15a2u7HTjW7nJb2CbBnYzSpMSIliU5veseHMr06ZaxgvHr6S5RpNN40Mh5xTOi+s3awpdwGxZgXKJYClgmiT6EkVHedSNiOd2/xgkSpcXXh/1PHYiO+dPzuQ2Wp5uE6JSKWs9oBDdFGskEydjmJ+DmkOGuT7B1ql0hgDXURlNrOiuIcwb4yRzbKN5kmIsd8jVdOGBPpOoSjZzPHcNEikaL6evacxVKpB17dYIOmbqg9L+ADxJoD4CWB564r8KHlk8IYaz5Fe9SBjpCEx65KEfwsyfR4jbeVe11h16vzcrdK/jXcfNQGfZHFoA9bxe92eGjd1oLPYiMT8ny/oWAK31ulkscuzbsGJgObkk0UAkXoHaWR4lyK57hCRVFEbl12rmAVeKqF2nFw+MJskndnHUd9WsEARIjCr2HT+POXpJa2e7XJaHBy8tI3lcpcoBayTspQIurrwFV1H7gVqzaor3VX2adHzhqVoduQSLgwkPnLkWJeqO81Y6TBbj6Yl0RuiBLGF/3DS6HVOrHpGk65mNxOI3UvuiyKGMb8G6o0UGOdnONusxArUnaG2naVCDG6U1jzp8psbB1Czbg+2bjgnFfCPyRKjDYzYopxLI4bnuFOthh4rRGn1dFC7r7eiS9E8QqvrC4//QLgrdHzKLLM6qxv301ql61Ry+DkT9RTYlYk7FKLZboKhDg6ixAU6Ns022igQIWojrL5yxYLpw5yMYRBizAWS8WW39bzOVXEWpdRhqxa0OqnNMhgnlNmrv44tZx0Y18poTN0cxj2rW447NBgYjeqNaz2v2Pof77vI0OmBtBUPfjH7JIFJnbJ+GQktH+pPysglf87NO1F9C0GZpkb2Wi8vlVgtSa/1JHwbOQPQe04jP+9SL5pLfNAyQxrgzARMe6tX3sJc0WedoTMscJ+8jBcx/hTri+MSe5dKLJPbzyOR4kncwcOgy/OkoA8SnvwqTAGlUD+UapR3zjIa+rOq9qxIuu/NdpCBWiN04Hnp0RnD241GTvQY/O3BPuJLAjmawowDdyD3Q9usgk/ywGEuumQrpXhY0fAuU6iJypGqwLTKOgIGOT6aUkiNEvPSoGOl9hx3TST20YgdQN7e0CFgEFD6bAjQr6TjIYMk52+cLvhV/KpCsrYqjCQvk/hy9qMoQgWdcvOPa3mSnYcgitMyfMkwSdd1SKiyvC3Fvp1tr6X66EJJARTXq5Ily1Lib3M3JPc6eXDVvoKvVb8eo8XLDVz3t2u72da/Dy4adCXR+mwDd2R9McyCT+7v7989ueiK62YlzX5cep/KZXxo008KjLD2Q33w0EPOqDagkYf7LL8fYM9AxUhqww/GR+h32HVINGKk83yDF2EUR3ZEPrr2Y+bzN1BeiZgYNmo1GDGy2jlznLxnHliO65jNveI6uLdtl+8J/DOBkJCR0v9w9YiI31Bonzto0BClKqhRY9oQFGSyAtdlPn5gtULVSq7BGWET55PckyXM85FmpPREaNcHk0o1gxSCpdQr5iD7RFIYnLEmvQs+je9JgdmprOIfYKh0ZQYQhisHSQ2kjQBWrtdf5Nh3aAeyjcjvzmPE6rNEmty+0y9TFbdJjg0Fgdbfu8i/K0ykf5Ye2ROCpiYdmdhgXpjZS9+cN7kWun/pKfYq5lcs+b/Qi/27kT9J6iI4c8qLp9E2Chhpo1jFts7La1uuD6hfWAXq0Wm4mXme+IqT3kOhXHdTnMOmWuTzFoxyVYGnC1iumakAiavPSXFaXiRTVZgpZpq1j41oSq2VKCm6MdlJ0XDHNGe1ABPS0VToZRFu9IgHiGqUpt9zVMYOr7iuw8Tk70h+D0actqAlBMCAoCTvFCx3tCZCmTvsHeQQb+UNI7biScAfQIeIBUPtMhSNe65Vr0I2mQACwx07caAg7gQwAEINwnN2VZlIy1Z5sudANY865AomAicR0XE93iXWkw+hf0G3Iq65wOz05N4WqTEaix7fsGp3NbRLFaXlfk2Vidzkr57KbCwiEzb2lca5fGLO0G/k6jHKabLlsgh2rhFmftg6YUkvyqeSnItHvzLJApeSuMaCF4DrFJU76xJ4AsT5xRql9VB19YnLsB3wKnsJxyCwDAAI7PZnbwQE5jkkSYBN/Ap7G5C+X2ryUV+/gprxQwKVDvWs5q8oRj0vy6j68SG9GU0Zem5iwEceu70ERpor+D2NtTxKCP9sgkBFCw1Yzk+hylbP2IVADUv0fmglTxyI8W5C2xsltbJAuF6UwOI6P4x/sLD5ioCuQ2P5oIGU8Fasc+kXdLl5PEvTbJNqJd1QeXxgsDLciMUSBoCPqiUAaDlBrVcqk3LY2wI4yBqxaHfYZ6liEgvEBCyZn6JZg9ge6DWwf9kJnCCENjnmTuoWte3pU3W4u5fQ2JLi8+r5OsmtflMiYVmrQBZOYgklli2Jl6QgbdWqvR6159JIlDJQwkMM6li4H2kHkq2/4aE/OQDYSx+QYoX1DT+B6GN6JMjxS4EH9Jevjqys+NM0SkCIQWKLGGX5n8BtYyOkyiWEvdoc6vISdpMA1JPMa52FRNXuCqSYi7Cxh0mzNNYhkJOtBWsOY5COsqr9gg6jpTFqnSxNfP+00y7RGYiScPAJ19ChCxhS5aJMvbo2fkeQsc5REbk07OydtYkWPX2fNiXiMQwHCJDvd4oXWVCCgY0xJaWOrTNcx6OhkuUtlwdD9YUMYI1hkJadiwnF6KNdshtj991dbnAAfuy4/VUScMkusJWtq9InMFuC3gNd0sjHGEDAXLo+IpI7oBDg7dRClPrWTnzuax5HMBStZ3izA4B23FquMXmGb1TELYqkbeM17vmTHTf52P2izxbpUxSaK973b5t19wk/IMNrcIdQPaLh57nVrnIRqDhPXTkKakVSfvCnaNLPfy6zYQPPYcwV+huzTTe/davt49/zrjy/edALWCcPH3qGZLu5mJrskHU1vQUlUhjrzc9ZN7WMNLObO9YZTucaUS0WmGIQcQerVqbchsZpIz66HKvq16M+NLoaXKkDoVt3HpIRpyNZEMVDRUVlIwByyAhX9EXH2ikq0RXWEDiadRhmHnFK5T5uRvq0RbZzE2+SdAkfyQ+JUhxMf9fPo6EBEQj8fj4VkyuSg4F3RNAFlcrlmWta/BPPp/6PJsNSaRaBtXktSGeYwxX3LzxhqmrCAlSaVKVBteljCqJ8BKgtbAqoSMqdiRJJqep96AODoxFbZvLDdsESFGqmPrg7Tsmc9txp3+XSCuYifo5o21A8kSw+xNE0+HcRTl6ZTXs5T/6nj7u1vPc6+58RyRDOkTgU8uZvq9w9c6rR5fGO6x+tDs3rfbZfmVTm1R0UlFKIWLQkm7E+2Y9JKaRzlOg2hB+l3JNuYyznGsZBYEn+baDBB7CmcF6tX9vsfhUuuwGm2pyC7x58t5sQO61/zOGtx4WwquaNPyAWNPAH1AoBduY/COWgXNuqn5ZI1IH44lIIRFgHMack1gYaprcPxZK1LSvTRCLb/tHtq0A+EBP62Q6mjIRxRrvBN9iyBcWAzxjSFcsadYme9khHi7aT3tEyi9YFa0qEBqws56yqe2767+9AJgFf9lsVrlsT7teis3jWZ3njWPcMR6rENBuU+ssV203eGzaa568rO5vRBlOm6A60Yit0gpJFE5U9VQ0hLvWgaqBTnOYSILamUsLNUGdjJcPDhddKb9pJIOPLRlbikl1C6NlApO0RIl8rbxYaBVvhE1wqlG+gFpyioC6AUdqJELo6bgUBkPtxot+ZZvoq2yHfkn/5itQPtgUId4tU6wQe8sGKvIAdCc3xDKTPS/iCitcjdAjCqQSbbclk+BQ6Cjoi1ne+jEyIdn6rRPHoc4oMZTupPlOS19X1mDYN21OdoDwK5UZ3CjrA/dXP4yGfpA3xscEmXQ2QCZtXaPyUiMODLiQw3shGtKfMvysdY1dmCYO9I8AERj2gzRGkqKgRkMq457XaXlmwrnmKqbeIcx4BB7Wnr4FKFZIV3CAMPHwzdfHYgDsh7SKEjDccDBLgLqqJSAiXmJb6Omy4bqlgAjRp1ct3FXuxepI6Q6VfTUyikLjFKvrqdIdha5hh3di90dM84izF0gso4xTpZNlmk4yUqakJzolxKqUGP3IXmmQxFcYk9x8YRxTD19mQ+/a3ZQ64PD61JAOVYJdjioPJcUStMMdJA0KA83y2bTBgjnLWmxRAHNl6MAtZZSHz1n6FXO/vgSeQ+JQOFlPjcQjBBwPzZbuFC0IiEEZzOlVJcAU193/zRfDW8BkY1pYzZfzkKp6qiYGkk8EBGbi4dJcIvViZqRe4RLgQdK7bvX8jZ+h4RgtBQtcIata0yaugGzs6ltG6EoHPesgAyIqdCcdA1FgqAO5bZaQ21HZVPuFAmKKY4LkR0/XNJVWgdrpOKd/sXF0bq8GosHKpftklGuh3jm0YSJl6cMM+NWfBx41PU+wPWoYPKTQu6eyFRa+h7RLznEWXEUlh7N78Zh7pZ2YSkm1p7mTVrC5joIzupirakdFCAHSINgt0T29sSH98/dsLUFMjP0nWmF3YUO//rIJq9jXZKxj1RLYtW34uc3ZseyB3rm0BhmD69n7JnmaOQRNxbN8kgmbCDCcEFDLStUmLJEkGmVkdzxtx0FF33JPlBOIjw+ls1q661IwGCIrs+OTHi1c3dDJeQcAEYsKPK9CkgBPrTMVOULOOVaOsfx0vVIeIDoFLIBhU42B+ssQxGVB24xcxUAEG1tghjvxMXJYcd6ylXtOiHzWYIpVeezGZKb5rYOZoOgdY58zxyZIaLP0YJOvPAxZoy1RwLKE67rFX0E2CShX8pSc1tB6EDqE+AJ3kAbiOfAnNMsIipV1s8TgC5RTR40UE17D6XSbdRsdDQHWqmOeSArn12rdjM3pw98qrqq/mw1316aKVotIwbDvR80VJZb4mIQD+ycffg2cIXN7evX3deoW8hPQ5OcuPx/KZbQ1okdibsBAD9XS3Ap65ddXLkzU6cU0Gkx8WWLFmQGZN96tVJgjZKFdkxImZqVlfP6s/Xo9+gPgpKHRSdkcQEjFIWZ/lPAXQy4o6jOBclYm3VjU7Qehsz+2NkbYEObwxAh1PNMV2opK+3BGy/GD1SrQF9suyjvY2OwdF8dGbEtVUNwleCCLyD0Spk0jdPriW5ahtc7RHG+ExjF+Idknec8CETgSK3MKkxWimbfoMCdOIWWtrn/fpCLlsLArHcu/wonjMTKyb9TsQSYbDs1jQkQFYjnuRZnbd9E2DHzcsTAYdj4wnXEl6Qk9LX5tzo54A5qSDpoMgga/+kj5tT34ROBsSq3XW/AqRT3OAXnNmIXOJqthT2RUW6u5SgV3DBGEXg/EpdiCnlV4x6R9bLF13mJUY0u7YlyBPfKc5MAwkL+rEwCVc3+SdtFeo0TParZWBXFdkS6gmCxBGJ45ySml7dmTf6mv9q1nUCS0Zn9IF3vIC97P8bhaO0LXBWmpmPr0/1k5ARISPOFfZFq0rTEDefpybVHQ7Jfpo7/ryx2SAiMcOw4AWawlmtA7u+samMuZaOh2p/6K3/OAjuAr3g1665Y3F5KByslddRRuiz/IF2jZBeh0i54XRYh5isPj5nq6aqeBwlL5jDsKplsUAyb9wNXm08at8mYXVxXMYFgnYy1QOnykD2dbiqZKf8mWO5LMbXpC+IY/VoLKZzJFh2ukwcpdkn9MNp3xdHASWFhzZLnfToVrkiu4C+jOCdMItvpJ62MnHFZDlC0I4XfQleck2UgGoqcbtuUj/RqpudVJqVQFc7Acrn0/Qg0QTBghozu2NrJCuiu/s9Oi5DRaHflHdyEvu2SeoebPenWuHSJU/HyNmWhF/0JuPoDzBwVlk/io9UBbri/IB57Kri0CxEMn+IOrAp+uCdLWW83QvuCjQR47hfNhhtnHFDKNhyZUqRu41uRl+nQ4p5PuTQ+H9jd2Y0/59M0aE7RbG2MzmXBaFPuL4oQsgZM8GludMal2jLYzAE0bwnUI23IE3EuQYygJOEK6iH7dT4mIoAsUq4oMOdqdxOHZH4sbJPncC9N52PtZhEkEvOEx7YVlVdAAaSesvkj6IwpRiJ1iUwDCJ5Y5wajRktM4EseCwzfrrZcNja/37fkZbUTB4Dm9uRwww8IXdvcpfeLcB7hvXmtl/Wfu/Vnx/fv//u1eOdXhisc82cPYs1MOgswd+eBc9keH7jTqSPL+7N4ZOF/3TyrhX05sRJnxrZMVZdwu3+h+nDorN+bYFvOTnLCkcmcDdeEZbibdxUYWUaMXyVjLFtbQ0TXO977e0A8sHZkGjLcgSYZ4LwB17e0ElhnRrjDuzTRdYbaiVs2IEERxTAzRdcl3Ma0L4qt3qDQPr8O3QM+VSdo/WOAg7UeSBwyk68QfAYDEaYbB0Azk+dKFUKqjZxesIlcaoFnKymG4GIntgXOE6/evCCNDUUu9fMqVl1oTLaMcKrfzMAUoc/cAJVIYrHgMFWrp4OpCEO6dCuQPbquMI2sYgMweGUczRHjS3hxd5cGVjoQqKNR45l1fWxCBvPJ8VLMxdN0V5iobzVgzY/aSH+9Z0CVO9joUl22xuBnD4Uotjd9cRnk75+6Sku3Tn34mW/nuTiwcf3deFmiSxUZ8OMxqLmxfP39+9vXt68f/f+5qZ36tYNZsQokjPLT4iSc/srtOaghAhCBnIejn1nEbFqKuap+oqsf2y53M+u1aF6XJ1C04owwtOOuX0BFAaLWroaUdUc+xMm+CykfyPEmMlTLw/GIS3H/5QGfyBzMV4hx0MS3ikMY8+2M08HHS7OspED8kwyR9HuwGl+KJl6DGtgLgfIu3mXzCOD0sTKLLbkCypYllMi8BEZs6dKbQSdTQKJxUgOvtpQSoGlQims0cF7ffOAd+bedc2zJYnW/HvrWidnIqJu3uWjEc8LLbTVjcLc1RvWnv06oQQRC+Y7giX98LIXySnVYJTsu4wLcj02N1XexlRW+vXEkQqJbGSee+PihRCOqScU3E/legJ347JBrUZbkZmE7ddz4a03I998KMrBkQeFhHx+c+sX0LtUuxvW+qWXHmk3LceQEsmE6dSsbqbs61SEXyOx166ZHRzvaw1BREexVqbsMLR4EEKktjGpJFdRWijSOhfhUDV9dEZ8kqlSSqQQh6BAnCPs3B7UQO23jSszCejJgNao+T4qjFW0iXF0imv/Cdpn1UTBq968CAPYBugIh6jupf4oOYFhifM0HzScCf35OxrjcKj1bYtCWzYaOBLTG7+203rKpLSB9MPRCZYlSc3EwUxShjs0anlCgUYMX4TIvjSs4sKDNbztgSNCmv7AEDFnqj1z0IJrDAACnetOWiLfJczBKxbLC4Wmfo9aAcq6mHVkb0ssTNYFHOs+SbDGdvbMQ4fgVnF4S4cmUDEo4TdAbK006CVwCbC/9aVDEXKfGXq9+6I1T6WWiUBzIo+RuZ2TedMW0Ymqu41ADbE03hNT2zrgJaZ06C+x1ktn6kh/6mdlPn71RXelNoo3wDQ8iPEEDOPct9KQ14WNVlvDZbFJ23XPESR8+qO8oJ0mgVWTOzMi++apdTOqymxJyOXh8Buxm6X5YdrmlI185373ahPAo6SNWftVESzqo2WukCwcULIg//Tyy1f9qk7X6d1RUlsZ1ZuWqC67ZrO3ppTOA+LdzSit6d0/oukZ7hR+8eFXdxw8Y/LOFVu0aeNoclZMUbox0qpHMfFAsXdKc2vq7RWdqX0ctDOxfJABTTBMy7ELIye8f9f6NVO5uf7YJV1XuHjmWMJHvi3MyqbmHZePss/tTZMtjcVF15kxIUHvnXosIDKpM4GYz9hCTXd1jsSGzeNrFBah1yJWLuai5bYR64d+bKvqGy+mTGS9ztrOy7vJR1zyAAAgAElEQVRi5ePDTQ8oFKDR7Y7K+LrB+WVx1dtOmiH9+vv3rdTfvP66ESZzf/r0wXW3DOpMvnGkTvLDy69/kiNa8LxOOby1sGHMHUA3r58//tDLJH6I3e2b2/S4sbAPU+jXd/3MfFK5u8I900mn2yYj7WrqTewYWkbN2byX/rOGOFfkFuZl36yVTaMNeebX2F/Bcg4BxaNhnR+A1Rcmy+iq62j+GysQow9DARnw/adI5GuXRKpZ8PAYFQjgWUDvfsmZ3UtV5KfUGR5CmIAooTj86jAzXlVQBWbDl2rMqw5l2lzCTJZBKxFJ59kmnMMX0JDguhGr3e6H8TtVDejJvfBzUlogZNZB0gsn32f6gUgR0h+jatY4EZ8OsR3KJek5UoPt0QoCvL7J1jdvj5IKDUtKFwzEeIVVg25+gHUS9q7i4f0GgUp6SqKZ6B87dO9O3aIznPVsCVh3OlQmeT+/WHhVMb9EjZ13V2x2+dA733oH7odPr3NlP6bdC3W9jrMfeO590MX/w7f3n75xavqq29o2KKVJk8KodTPH46sb79/6B7/+/rsO64f17NrZvqcvIs879df9jFEP61slsC68MSJluzmrdf0unaV6j6t1L0d3MtWr3GnkHDwC3NBFDgR3qGdWYNisgZDCOceo/8Cg4GlehHLnrLqIz2g1ZiHJDejMER0idMDnMV18rT91PC+MzNJl4YO/itrE+ypUXiSv0hEuFuIB4bGedCoIsP4ynjXmfURQ23/g5LgGp4VNMnLl4remgKfqOkTdl3JVLJBGqKjzG8BCafgqxQ29I6zPRrDfP3xXt0qikG8eb0v3ZT+/J5WN3/ZLhzePd69e9FObBo2oderPbPSNgdPp6FJ+uhJ+QbgIPVoHIG3hfSVGfSLJwrIU0u6kLyRGzo0bmoM7gnnoaKZZ79mQhv8qC75odM0pxoVcmwexmNjEmRmjtDWp6Hdc4u7nS+oX7+9aGHh+e1fOf+ynUQVtYflu8jcAn2nMzYveJ50CUXLxi9o7+ZulOxybST2bzzDauCJumpXO8YFDAUDMN5oNYrZgCS1JeTBW6IuyVWVFVEFdvnacFesgq0CPneCNiWZHnzcMBJ5wGeFDaO3a0AcxA3JNYH1dNMLiO0TlI+651BsMqYcLwUHgE2jOw289zySuewAl5sGcCJjeVQRV7RBXQGpkEd+W6AyQBA4/V69uR9cX2TwDQE/wY1cbK9pMLQ52EqxmvJkyBQ4R3KcNu0yXaiSiOuMTCgbnYMCIgCxDUZmpj7gqK56jka/5s73DBah+TJNzv6uyRGcuE3rmKx3izSlhN+gecUU5a2JZNLgQYWWayuAuRbGTMUHJm0QDOa5z9krgK+hNobcrRz4xOhrAa8JSvc+JtSfpBXZ9pdQwOn0ftlGcDe1XOX9E36g2zYNbjwjDAkMDyuOnN2+effWFcQc0UsfpmRdZBqBeYlg1uRg4JhNGC/XGwBhYeWAiG5waSxyPz0qAzearysphIoKLMG3/9ovWxgSNAc2r0EsutbgD5P79/e2Pb26+7qp507LSY9O8vtwLuwvr/SBfvwTlkbdXr97ocK1VyHuYx/4EiPOb1z05J4+7pN95QXJtIO/W11ctNf/wonmpvhYHdroGHRp0GLGpvSILuGKAB2X7/vHXje/6LOSrdjhYjKCQSVMqd1xl47SLBp/c/h7qh7u9AA5tYeNc7PANg5WnkcmHqCN58/euG4Ta/S2vXvwk+8R5p0bp2OjOwB2+YcsoZfTDGqld34jYtAouhiAm4KUV/c2WX7y7u/sLP779n/83/qoZjFUsZ1Cc2IQ9mOefvrm5+T//u7/3b/7tX/z47VtTi265ef+uWxfuPvTX6ubz29sv/qX/yf/iH/vP/fjFx7sm6VTMlWI+YFz7rYCK+U5otDm9NY2ZCs/e39//0//Y1//YX/zyh/sPjY9NdrJx0KZQThAaCp8//OF/kik3o8q+ldBfGL/o7o13L1+//d2/RN4MYp2Lsn0zA/MeTtAEbfatQu0TpEpJoC3rbALegali8PB5ZKjnaxbWkHn0tXZAKiFShNdE3IOoPmAM7XSq4mEzyhTy+tU/+Fv/6R/+7f9kp3BVEzCd2x+PIjtKqB9p7INaRXtHg03ksZo0fbHx2gRdpadtPqjhQqs6oenSFpN5CR5XWeNsfduz2qzUN2KYZr6asjQMBufPzHe4q67maE9nSsggUUeZoEekqRGmfcRVk7r2th1GMrIOYOK1A+TnAFqGf+SW4mAR0oQ5j3x8//t/51O3kDmtdxqZwPN4e1LBVtN37As9UUOL8cT0U5M3MpHbfdzPbm97WrdQ//RWw+t/+V/9D297fKa3AXnP1aecev+hPJQiDPjx3/7fJqbfCmjkcSHFq3hzfZ2IqK9e/Fd+590/+de/oAUDCeFKe5dMsnNiY72BKyLNpXqCvyWBrhyZrT17/eWX//d/+7u/8fcevuiXxDpX6xeICboQCjdq0kgB1S1AZ4oTn1mYLjE6arFluserCkamvb9zGL4CoyCPwDwOJK8eQgeB3aM1FmCO4PX9aULhUVgMCTUc8E7Cfh3BQLZlKoFlsavGCwMgB+UFEsLR1negm4esvmnshJSpZJySwICeOA13TDNzmNTpL0o6AapiFfE/oQYiQTC47zVXwcy9XvkXv7z/j/6/nYbtkszL9w8PNy/kpQawMtj37+/+C7/903/+r/2179+9z4d4JqehQSldZHlUVZ8CkToiD/mqX83swKDHIiqXKSMFbrAiTsQzTIWdXS0GIFudi2VJXs8NI5SG1s41/4Nf/vqxYvOaXEJRglmeK8z8KqBEmhi9BtckIUdR3DINFi8+/Y3/+N97dX8X78O2etcotszy+PDhw9ubF3/1v3woT6xpmyQO2LA9ueg69RhFSV21lYPS7FtF7bHuj+Kaz1e6B9RxiDl3Oq4CeSgNqtUL3eUToPOANhAdluB2Nhwllj58J58QiNoIru1gnOOxDYF4ZAoPx6gzdfvq2iWg0hpXccGjWsN2U0YKGrfDMssil3iTfoLCmKUcfUat7oh5EJ/oHzWndg1EiaQeCfjiPBo79FXlFYClqOBgzb7Ap+cETT86XWhDHLnPNBV4uqaj+MWO6ILQhgjBQWQ7NjO6AElSpbUcztwOJagKtQbl6DMpvFQanKx91l/188iLVdXNRqOSguMFvoNY1Hf6HtVmOupK3zCTggp9YaPfRtdKVznVfaDEqR8tOxwNxi4ZrlDYgjCFDofzHaJVefMUoVEi6DYdHTBSbfiP4eK65oCmGLKU1rz/NEvKylPENMvpbGK3dirkqlHpZ8mNeDbWVQomzO7HmKDHHlVsAAlANoknL3QHkYaK8PaVqFk4e2x5XZToPg1iM2ecJZp4NuNn+BpanWrc5PiUnwdlUNS61bXLh5Ru8h5Aujaa4taKI1XcuFK9jmEi4nyCq5ruT/dItI7nygsxOX1mdLHGvLBjb9jPQMVC3IJoCwkNkoSRjO0mzSkF1ZFBmflqq3qGz0kHVV0SXbSu9qmPx2i39lZBcLFBFAsdNXOtLnjZOh3Lto31gkEkjW6RxntEiHdKJU8d8XAt6EQjX9PB9IxOAtFzV24jZrJJDrfWKnvx/MJ5GHVuT67tJs7nvX+n0wCaRe9W9r9rKevxw4/fNFfpqbWP73543z3NMfzh3fssfXtz8+HD+862fv63/97v/+pnRUFLkhjt94YaA8SVcG484DzKu9GlVyN2q09rRa593T0+//6XNy///O3z+zun2055uEFnjXndzCR0tu/3i6K32GAewbEzvZRnnZwym7EgQ0yTTMdpulVKRXOHOHDT7DVCOAQSleq0mv0jM59zcKZXXm9gUtDTSc3hFsY6WB7m/20V+udzW1FKkv0VDzkkyd+9Kw9EAi8cMjyX6plD4WTOOzVkCrRDin0WshrG3j9ZYwkmyIyKdGXwtKxDKcHHMbC2YWtANLkeu6fF7efxbnJLmAKwbjcbHMS+Czl2nnoHdxMavLEhXl9on5TEGITYF5r71K7+iBxD1ahdVEhE7r4y3wxKpUjrQGsLkmQQ56Ld0lBNfkSrl5Xf1byhIApcF3HCUB9E+IxulBvZjvWysklZdHcP6J8yasqe92iVoLo+Fu1vv/308e6u1392Op4jM1u/X1G4ldzdZVkKrEe4F5pq+nY9XNfowfjXdw/v/+pf+uKLr7srxPm3q8puvdPt8etCWZAtGRdRy5ndJa4qv9Q9P338soufLzrBrgfU9bqoVrf1StOeaj6G2voy7eqG9Zcwy0jpNT9Ihwoe6Jz3Eo3e+7PPJpeBZiHCR0MMH3fkpRlx1kKMsEIdiYNbYZFM7+qPW1HuiL/IUGwsVWGPYC2ZB/A5YrVKJTTWsArFheurF6RwGSeUE5nHQqiy//St2pYWGSrLy8ZcnVPagovB1EZm3VPlFRbhTLBRqXNmvIxpEm+qXbh04ZL/Xjy87Kcf7u5vu/ul9QscHsuuN4/vf+vtbW8x6Hp1C+W5IP8iGMNooDdjRUuETOWKonERMx0oDOnSoeakJzu1j/eetFBPcp/MFREG6zibBtnG/aJA5ixcXvy9H5oxdMrZ2ROyTM0RFhETD9bpCd1i5jHIbJcyARVMXTZ+9cX7fg2gu55u7iXvxImfkSchhd+rl+9Z0KCP/5SY1HiAxGp6qFV19LQrqklOfgaDrnjBODj2qkbYQaRdRzJFDKvwP1s2mahZbg4xDwYa9oJMnzdEEvNszD1xD1nkiTJxiTmoAU8Bx5caq9RFJjCBaqwPkNofK4C+CNrBVGn01raL8EiublVqdzzgGWMahzZyLBeHNvFf8VCcfabVkS4yV1UAiwsORhPfyqSblE/w3VwLKRjCEKECzABOFXYHwnctBxAkkRxeWzWFXhWqajloaxRTpIZgM0gN6mIKHkzCRYKKKkiByCJuPdPYq7kVlxJ1mWXXtFCsL0iyMvToSIgoRgenGQ+xDqYeEXp/RKut5W4JqvlU4uuy9SgZIG0KmsVoYliwJ0mCBWPgMackJaVjhlGyVViMxlBvC2cE7WXWdcvCrT1RmarFHqbow79aDiVFFp4WNVfbUZAXXWKCpWj99jI3mZIlYm7Iwd9mJmJPnUPTbDsFDD2Z7RL6ENmxGthM0+6krgmIbCyP1KXsaGxtLHEqNH7og6OUpXS9edEMGMVpgG6UZdVWKDJuZUOi8wRCWimi+fG2xYbQZLWew+vdfP3cX6abd2pwAsRhQDIe7pWYkjcqr4YSVc9cQcQkGIYOAEg1PlUHGdQ0z0Jcrp40xBYgbqBPphetBQ2eZMb1jik2i2FdHp3Fwmdi4VMbSQLDV91E5UQHaGdr1in2BLT+YEDjh1mFoI1/sUTVf1s28DF4NpEIuEbm66yzJ3p77naieRzSnOPZxw8uxNzeNt1/vC3rG0g611VoNv/+3YfutHKf682b7x8evvrmzZsvb9yPNN88f32bjHWHkDbjXmDrHvmRCmGmQOI2fbodBJfploHU6xIrDQqbRDgIaR1py6LJzRDrKGGl1PPbN8ySeOZYLDm3HXMtLrgqcmYmMdhXVSnJ0FD6soVXuS2fCsy2GhODR0bvsn3VvIMaBzBYNhcC8GuFfdg5rBYDfOLQETU3+COPqys/mkYzVQMFhw95KN9WvjiiHLaTCGHbRCXyZDpV43hQL5jP0Id0h+Jv0hGUYO3UtewX75yWwQWc2+9ikm9oixvYTfZgPhmAvCiSgkE6jOLY+pJR2/EsXZ7aftNe25Na81YwDCnIL3IjRs2QEhC/+TGCMT4WKi7KA0HKAN0FibMJTiey/Vj7zgPdvUxUzoM3v+CiN3MJ/84yVHBgSZqa8aNbzCPQz4Q93HVzhx//6lH0m35OseqP3e2GY5EedtFe1upOnlZk6m4eG+0WnWqarN+//uLt/d2n9yaz2HbmEIf06gSsjEHPfmKAFm437bCqGhKve6xfvrg14+qthvzQyYNLCg1LXUl7uA9M4Jps1g1TLHubFbXLdo2K/XJB6mxjwTQsaj+H3cxMTwaW/o7uQcwcqhPYYbLAG2aVEQk4xhGMZ9v6sSOazW+rJcehchkcLTVsDfKQjA6B2+bN5Wp+agFOCgQ5WRekSNAzbCpp6NMxU2S6bNFjsEfitUQp+JpaK8wzeE9E/DIZ+ie9yxaUbjJQCHdq13HnwzKcTBvHB2/M/fjwup7TEyCFV+6WM3va+9WHAFpSKV681yBvcS9+3O6GVh6Y/lJ6Vqu8B3xZYgqpocRkINZO7Dtz4+UMxlgs0bceKp8YZzNU5nP9p6vRTfL1GO9bm5b1mFh1g1g9o1xaKBUsvRW3ceXl7U2rOQmTfVivW82koReNFGlcP4o9VzsJ6K7UV8/v3nsGQvCTN/EE/M5F9anuSXPZemmRT/pLn2mUgMqrRe8cTR0QImigWlaMwwqZ7hTwDLBuvIpiO5dl5qwUkr5iTIF7rBdUgp5ExKs1HczakSLRb6qeimHXlNzITKTAdmAP42kb5NoGOnXhHsR2x9cnrDMqweDWMn35UZG07bE8fAekAVgRt6anylVH5Nh2Ao0g+IU8EbQjj9+OpwkmugxSWp7wTrH5lwbINUMgnb1w6ytwWE+bkKqcINf2uaAqWEaGQ9LPWxWbqB2Powp4jPATBuOuZVIOt69SYqhBCi6h0FHQKpNRUIAskrt4O/Hh+BS4m1aEMur6MN8sbmYQnadgMsmiaP26G/ucBdB+E6yCa2eZEUDNtP+IcNmI5WeotQ+taJyM+XSCVbm9GUfjrWli9PWrPknO7CpSM4h1Jvr0GU1KHgLJuIzljtW1okymfsqYuipPrqio7tzrPQ7BlZ2CWKjMEs3/DEIo0X4mzhKX+ArRZrD2GEbCC9MGvmxWL2RFs4koZ8bUA5qNpgj1jXFl3mN/CnjStESRTrJJI2Z3/vfLRLc5sgxEEIl342oypc6MpBN717We37gn0SYQOGpHwxbRCJPSIFpRnvJFkMAD8L+D2aFSDDZNDFqDQeUKQEhV5nHkR2J8hjRoGfDjeYVIaoRppMmijBPfIU+cjsREW/KypsgFwxmqxFzMOhMSTcNc7z+qUarW/Bms0pDpGGrxYkBRWY9oxCnFGzPiktl1nTTkxKYZjRfec1XtzBhIY6zXbhbqPZ9doHucsTnL3V1v8//yy7fvf/hQZ3FJOO8+e5BxE8b1BBcfIhu0ulbGNoqlZ3ORootmFoeq/fj4oa6Z1gttS1Ds5HxmEBkK7ZH1swCZJU105iNqk6pi6KGboJOtF7YYBlLzOO6y6CI1Fik80/BbxGOwTd2cQXgOMdsSpUdMJj+Bk/gJkF7JRxAN/pXBjso5IPbhovXAHraVi/aZIKvDhusLVwSvQ/T7J9tEne959KKoue3ITg7HRWs6ni2BDuFDncXXcGywAx3vtB6U0YjSTMMFbZZQtMp7NaBReLQLuJ11AxjoHMjKgTgcyBPbGgPyscMJXJ8AoMykDgYB6tjp4jSRXNDdysgCIQ4ctfUKWMy3imbqpepI9FaoFunZTzbBxFLCcmyGdKvbla+jp0NQjrzMQq26LYfUJiq3lETpukhhXOR1E3/veXQVV1Q0zyvau6exyX1brZsr1rnltARw9lxya1LlnGCTR89XNKm676JBkdsPR/XcZObEszt9XHCR7o4Q1lD88HAVn3qwsrlk2SRYGcoSUSg9dPrp5na/0TY7ET/wGjclYlxdo/CbyzJJrHS12XJad7CR9DiHQeupwMDEhNO5F9L+I7ZYR4QTMmkQnb2TDfjZaTyeBndtxFMcMQQWamSanMuS6YUg3AlOiiTcgswk6YAk3FdyjeTMZaiblPNeUoDKCgvBFgZHtKqN7htUzMcRXBiQm8Sz2/SsVQwUCy7X1RSpnRUbsks6FiA+3fa0Vk9G3X0oGFofeexx4AcvX+rK54f3Hw7FLs7cvLmhIRlOrFVSDJKz+1/8KTHOen0llq3mNFI7CkQSXOwMUoXOCrj4mc0onoF68mo9t9t4ema9NGc8ftajCu6b9fTXYRGdTiD9YPliHneqk2PitTiSXVxiKvbUN0BJw+ZHhUqWqdXrgIpyP5u9F7g5eZPbqWyACXd9a3ZelByLXxFwdJ0S8gat0U0GFlBycMyDIpuUVCIktRrRziUz9c4UxdUMnGzGv1E8NibTE8FTPdoVxzDSsRGgp0LjMZRSMmynFMjng47XKdBImjnm7BA7NWaOoR/SwxUFfE2HJV5+A0LDzNDf+mZw/fOCGclsQ76CgK1oM74Zo14ihxzpjhjBDyNBto/6/gbW1+Kob4KxaFsD7zmerHLwjjVNqCe1A4omvD6IgniqATraviACBkgQcq8mR2HV33w0hpqOx5SOGyCTbXIdRmVBrlK5+Rb7sNyYJlXwBax3zlzyX/GjI4UjDx5DLyl15i5UkKuD1eOjtH64qgTU8dqgdoS2I2FYlf7m9Zo8EmJy9xmFhJI4TqA2dZqET+olvl603LlEdCJF98ZCdjvs6DlyaCfApV1D1CkRa9YWAfw7EnD6z1CLk+XQhq6eJSmOzLJ08kiP+jHvrDwVqBR2bdSeqVacmfnFP5gqaKsiaToDz9zDkyhTDv2q5qNDL+iyUTmhULM23Byzdwjwi6lnIjQ3LT01PS3hHruwcrQnDqNlU8ZphzNKyKWhHnOkIwuE5YmRBUfioH0mPIVj+qSt2uhcACCov290jsnUVs1sSTlKHYxcsi0w2CTLL1svGxF+ePON28mCZ9AqK661sr0jwAvvI4yGKS9ywlmAHObm9U4VMEz3aUtrV7FQqYYjamMt5qlowZLwBS0z93CbNzm4RpzLPE3WvcUWMfPH80+ve/f5/fP3Pft7/9hrDvvhYCcMR5uiqFhbVEeuB0abryRLZlhlJ0QJ0MpQI0kz+AnkUj0d7loIbc5Qr9nNzTyYUXIEEaNFJbZnIUrLbs2EsqoHlCV1ynrVRiACAwyNI8MKRE+h2XLCYrvjs1PXJ3p9Yih6NCdoh2sTyYfkIHm2KvITc+Tw1Y/sD5WUUA4TKkcLFVqM1JGxIqDF8LhpHf72iI5ge4iO53Uu5mg6XzQGEBBOMzBjxMUWEXU7qMAcqjpuv3wQTLpEY1ISeM1V6xaShObCpxacdPeBL9pW3PAaaRLMhxfzgR1Ywm6bza7ik02qW9Y6hJ/UoR4zd9z/AjwZljSmH9ORrrYEQKHAamZTntnS+I23p/tZ3sLGUEFyurtlkYrik0mqjMBigAIRrSw7JXNKnXXMxGjS48aePYnblb2eNPL6gbrSm84rhH1EE5dMAqLnvKX9eG/8j0esGkE6fRBC9x5RYNI6WWuxKcqpe+WuwKJTD93rZp2PCyEQL7rVpLMYt9fVMNsE1UQvwQPQv/qZs04TzM5SsjVgCnUZT5+K/+Z4wkGoc2Twk/dESeojHB4zCIQ5veMKfaaPgXLxtaq+wNIMqYqODnooLJEm1TG9w4g5Ul5d32qmUfRrmH8MtljqbLhFo6NKY4JB7ZV33ofGeOuZkWh0OFxybUsRANtioZjFxoyMIwE12Z0OaJjHD2jyZGbXkz72mEcBkO+smPjpdLGUatzSokfohIhMQ5gTx7tukileHh5vNq51nSfQFuGM2LSkNJOJgVwXrbic78ObCtOdouSUKwvzFrjpwC5ub+mvriG6aj0eYLC2YBbXBW1L+86Q3SGxwSLJImBsjkIKS5eJRcLRSWsKlsPJUIK1iNX0JikSIU0bfzvT9g6s/pNml0ZSb0H44kOhJS5Fb1tIOGwdav38qbPRnARzX7RngAmkfrXJqToa15bcGTy3t/oTjAgZRpK0D5pwIWQKnTeIpIgKClE9EAr+19PUw5nzaD6CowTrFA73ygc6K6x82ukxNBwO5KXK4C+giPHP1BpcJKJDxDF1EPx0DWWMqoj2iLVTsmkd0b54aBV4H2sDGVkuDNLXUIdztR4qDg77J9oHtkRiGxWQWovRakdt9FCbCgOty9HktPDQJEQmv6CwtAICXoeC6bKGwmxQ4yXoIdwBOqdN30/b46ZQDnB0kD68GbeK3tMVZSv2LWP1/IsUPiqlyDGvfjKctEjNidIsKjAirmLGXa8zG622tFtYJ0Nb36erHI2GXzVxQ+5r4R7fdBWPCvXc9MSuKXj/vY163OrauS4GAbZ0o7PwKUPFcKyxD3eipS0DLnjJcV5LmmC9BCY+Tbxcfdvdh+Cr65/Kfen3U132l3WGgt5xMA6VmQl7B1VpbRvXicHgBGoBxlZvNIJWWc9sbEmCXj9c0bVv104boTaVCK/qJnyd8ewdyQFnhLA6JyFlo2tqljrEjfvIjXqz3iSfGLNDkJlG385QMq6DrUDhUVXLD9Ibg4NNMkokK7EWUbHQmCb0Y+8V1Y09HXnu0t5RG5vMXnlRMAZA/ipZoHF/HNkdnuWmuoZxl0jJXGVlVp2F5yFqjvlSqTVWBKtJ9fSD0iQmtJKtA0hLWS6taKRxOJUouHQdVKBxdC9yzI3CDLlqUYNG8nbTf3jFY7fzJ1OJ0H39obbOngThe3U0SSJ0+6YXvfUarDRPQP8ZffchGGCKwFaRIuXBgBNnYsRJL2a2EPutpPpkTy+2dlot0gKmZ6Y7YhgxQoBtRqn6HUT8zMFOSBjQgmerqHPJ7JL8IGm/KsZGqK/5c+rvUPXiACZBCImUULkE/nyfzsGFEFOkdVAu9A3HITUrUQ4BzfwMglYHA7cOQZ4m+7FrZ2zrGBXVYJCYCioNU6D7C+6QqBrp6uy1tV9nfKr9DF9hgIcepminuiQK+sQHExYGWLBxuhboeyKHEgdyLaSsLQr+qHhkmRK/4XWYHFjQNS8uLkpstHkhtLMVyg5mXPtJad9nSrYvzrGIHA0yenXmtVFzxmsOPLGa/o7cZcamKufMsvQSCgqURw0t85a62RIAW7Wtj0vM9WIUhUBp7e6ubnfXabN72cpYnRu3SH+iyE5g9qMAACAASURBVMzPQkgT9kTqOYFumqgfxaN76/q+ve2+cAsl9NRtXMS6TF6f9qywezmSyqQsBh6VT5SuuckBidHkaxmmgNw16roQQtzS3Rnw6iqtxYb6sssRN1bKXbXYWx+O3aZc8Onaf3WzxVScSVgm5zMvBD6zlRnEmOONiIwEXZzYRWu2DHSYG1TBw00sxYNb1XjggL56fXcWLuDq4Wj7T7bxHGcQjquJgJSi64WcAPfAMxV78Oouc3aJcgtJ5EnMVjWmFTORN0gihILjdF8U1BvrRx5j2xkVxUI3d65yQsfiwwdPWN3c3vghiMhh8axFEqCfmv13jxC1pStGDIP0+xCG7dWf3HH8MDaYpFbpTS/Yx3AV29lR2HzyFC5+PociYrj4qBEQnbE8u0s5BhEVLJYB+g1svsgauOCMuLvIFHoc67x3uxGcY123L8N/+niTJSPAxCF1E1WS+3cN7tPz3g4X8O1tbwCcllmECbkmusSqOp+pe9o0a4JwNpE4iOmrPPNkkMpuqeMy2iQ9izIRN5K/ekWgtewf16XEQ/9Ei7aEC1kB78mRAO2HXvFgctGqra2nBjQRS7CRppKNDnaRbHcF4AHSvA3sBR587DMRXQ4F9C4yh/qEQ3ULIKMAa2yuIzFMhQwfGXpNqYzxmWaQl7g1XZCwxwMYekO2D9Si2oXPNBelzyiDgbPtFKZ1MrCQHno1XiDxkKJnyXHzRSZwBKhUcdFbSc4NWHhvhhcEvSbHtR+DYwutbUX4GaqKCqgGlSxzPKY9olvYx5qdWJ6WjsuYXY0t1sN76LnV+myfmvc7UCyOkK6CqFIkIuA400sllaQPWwIEjSrdMBAyY5tKMCuXxfWkDNPElchSMTuM6PRNvhi0CXQYiNs2wd0KU5zTNcHOWUOs5Df5aTPCyXXQ6Ix7LPZpXqijkB+WN5UdFh1NQqDpYYFhAqYWGwYmRlg5+Pizh67YYZullHKFw9ihHBQKxDXd78p4L35096SznTi5kzvzBVD3jUB2Cd0qFyPggGOUljnsG4GTLE+dUzoCNDCiFY+m/j2ahLl7GRGsTEJiCJFzrlI1q3MgyQMise8kCKbGeM/2Ia5yDYl4YI9uxMCZSYTcQqRvARBeJVygV5csU8hxjInGRNPzBNFIY4AceVk+yJSRKYRcLcYS2gLgiWUyLUGcf9zZUfiwAVZpXmy0JsrXDWQ5c8ZPPmwIMDuZmSSs2AyePT8+vHl78/ju/qaBrYnLs2dvuvK9txG1HHTbANNzbz0NWRe3Qt/1AhHb7KNForH9nL0C+NicKYax57JGCnFRjPQRh1IEt6RADlNovEmeKCdvgd2fUxWeo0SxRlSbWD8dnJ1Yp0942YWCIc2EKqsAjwjci8Koqq4gSlhhht7vaCbz8kPAUkMg7vDOO7TuEHuR8ER8bJ6IgzhOgxdwf+0WJDDa4tVhGzMcOvxxQbYbRt/9jUsoFw8OHuqgs9WO4tM+2PZZKZzpqQ21jcnRRFcDmpkTdjh6+kQ9bcHoNkVOBAly4C/q1eKVkkeww+JPGPzw3vcFiXY08AjT4MB6OzTvklBjqY37ExbpaRmcrgx5wUMBWwudiVEy6b6YWlNRGgwpe1ocsVRp+bIYUZutUYy8pLAjJANrVzzGu+ArwOoEDRzFa0Ht/QTP76If4ZB69Pbh0/t3d1++7uVcRb07p/nM+27dKjpBuz+nbFSH0JWcPz978f79/TdfF8huEE+GV7fd0Ua5uAjhaddtjUcvVY/6V8f9cEe/ipfa/XtMv3vtWmTubk60dQQZIzhLMN2P3bME3XnULeDuTXIdQBfQ3n/CMnIY3B5Rtqr7yLugcZldj62PtRg1FpkpFQsIU+MnJ0Zs6aqK6LfWtgwuo8QIuyxGuKMXdqI7udm7zt9MVL+agJkrWp2rpRFbnxO78skuCBOhiFmoFtjZ3AhCphzVDYrdSRWK2W6vYBIPH+9afTsvtRA4hcdhTp5pORYIcYfEEl6/UthJ0+NjV2AMWjmekFV2ufS+GMuhXCigEtwJclezU+ZD5B8eexdot/xzxMOD9+KnJ7pJytZZM3FZWKSGZGO2DFDNAUm2xlLWYbT+eCgz2mUlXYID1Rwc3hWVllw2LI1RAC3KIPqpG9hYpjvPiuxIzJNUJoCG9QrPUeaJYwhCuXeusRZXfwIijACIlkSV5pKuErwyvuiAGaTnIq6fCaNlgmaLfLMmCb+qiAkyGlGmXXpGj2MgVUydaosVV7nblhNqq1rYLk+neIaqBShWNKuAeERHixGrPDwCEHda2rT3NSPvaNWn7bRfZRjRPRRBojGaGBN4Nm1/0Gp7YkHbgz24J/AzxOQ0/qLabzhRR8UTaQzi2PERtXr9yp+stEYWfeKdZ5QPxdWO0qFyFYlHrv4HO9zM5sfSD2UNNR0AhaM0wgOeVoM4tljxCTXwizIvt63bnULows+B76l+XHqZ4uIkLHgTXJ+LK6RROLOG0alC3C84Se92ycxhcfpxN4mbHdg2IjBb5oqggOwzYQR+d/CJ6WWuo0nki1RlwwVPJaMb/RBJFHPXiYBkhe6fxlqCwm5QXEdqSU/1grFCgDsLSBKzshbL3QeDmk41xgE7Op3f96wZq9RFbWFOnUO3tFSLDNlGALyi5NO2WTdRMmr/kREodtEKLYI1xhgRUrexxbygF3VYvh7odKo1Q0p9mKR2WaCXDqdVlJYxXQiIvhTILIF32lOyDgVAknBcl0S8wcdhFVmFaTLFkQ/DKYhxtF2JZ84AJDfppueAs6DHkBjIYkC6uDf3/AC7i7DUSDLTNo3ZLCPPTclKQz1JyepgVBnA90StglChDZdLkgkVVmG4fSRWy3tutarFEOnKDi4pLxjAErURZAkMQBp1yQL1DqoYs+QbUYakNeNzicS5nj5AMgBfNOSchp9gHPNmShXLhazlw97nFsHjwTJ17d4zWA/pvRavb+/u7ps/PX/dMqXHAHobaWLll0bVYiEO9x963XV0HWHdLERnsAT64f6DtZnnL7sHtqbeJr8fYk1oVk7ARp48kn9ckI5lzLNMZ2panWh1Yyp5jehzFD5zRyRYBJFJ6mclpi/PNLSeWdO4MIRBSaxAipCjCVsTE9Z22RHMIMGu5BuJA59dBSfHNaT2LSa1+soDeih6Vw2yI6kVOS3Y9REqh30g83GSoTBpBPC2IRCaTQgjAAGObSQGH+G1Apu8IDm6A5Qy5+F1moM9dEdr7dMaYN1tuMdFAFFO9Fari0av/5Ndas4/LtLpjuwSGf1yyqgKqYBXiRR+E3xhE+y2xQKfTNjFUODEYJLYQN/Wa6OqBSnQA18gR1am6q8wYceZQSLoJBHvhX3RKL57gOg8pbLzNuIUlkKjjhdox9vNsVG/siX+EwQT/aUbP1rhXQYwdxvb1lSdUXx6vHt//+r1m9eve+V/SxHdi2/GV0ILOfGi2s3QKVAfwbFF1YcO+6GF3p5Sb2+xNPhP7rRrHq8TPXvtpDoTe4pZAkmvV82+8kQiNOD0LnaXEBhKl3XPz03vImVv91J2dlEnErPPrT3nslame2ihU6N81FApE2YBSZVtC+KswB8IKGTSOqnc1FkAuseXKZetCRZYPZj0rg1CLWPoyLgiMtO2S5G+j1cMs5Hi9rzBGmkriUhQc6SOWX27tKumjwznlhkk62mFd+2T4wg1IqTBVt5+2VPQXj8cM4rFsZ91s27dlq0EklmkEbAfuWPQ3s+jH2eWjK8TpldSgGLy7mgPtQRu3SQ4F0tT1B1APf17Jf+utzjpNGg3fn+6f3+Hn3uuOuF6df94lyOic/eu1Lonto2UJh5xSJGj3YnqqpOhCJnGC6K0YK516KntVHs1s2XK0HZEQuLjNSa7jpof60BseWtJt4vxGy89Akyjzt8yV5YhL3UyTNWESjysGSVsjwd01Nl/YJXyNR2M4kqLnlTY6esCpu5IDqOofTFW9th8KHEmuVRSr8sLfJVwfAwysgZkSg5zVcbjvAchru6XuM7xzHKYMWmLgxAinp8hy4dka4twxWBFUUzG6YDXkA2eyix5tsP9SIDsb7arLlpEjRwC02m0q6vmoK/tYB5FyRP/GZGOYOsC5MwKFZAbGajrEWtUiy9nl5eDUlPULzIg6QBTM7IBjZD9QYewygrnX8vTBv+p3N6hW4DQmWt+01aTiPhcsdIU1nBcVmPIw48Gsf8EghqNald/KFRVDTeIgViYBwxAff+B9a+wGEckOdKZsdp4N9LVLwV32KQgi7pdAHGuYvXMzODmwMvKVXZ6WzrYxCPQeNdaoEltEPsy2yX3ifq4yb2EKSCFl6wFhEjEedrpfjNhsV4hkMGQ2v3u9bjyjnlzk+FSzHMvjkCuZdHyy1bawkgGPW5KnomjFaKOCWHITdoNCaXkut2uV1r+jjkFIt9f8ifuJEdIg6A7EB0pMO65YbXy+KGdds0Zp0i7NI/0y670rRtC2SbVRFKOCPPu8aGEkmrZcgqMDyqpvAEnYCot9CfH4nvk5COTeQBHrORm5ODHIp/JPCoX80XNRblclqGdTddyMkOgXtuH0k7/UOW+waXfVBU305j8eB7Tae1oPYtFLhkqsfqEJdAkKx4WYk8BMO92V0DC6UepAxRSrPaloqHFoZajXt+LOTjXRp4wYhDffipBNWDEkkNOXxVGGQ6xmszgWpJqX1VLhD2eVcLNjB+bE3TTQmbpN4ny1pYnm7m/etWtw0Ldb4HldpIkX/OAovJ9Tzd238LrV70MNMc/f/X6Y3dAvAvMxZ5mYKLuDLdxLIgSYS85LDgYc+KS3NlCXYuxWpTqvdlKiYvfvAla+wJeb20rzKOQblkgffOvzrsZX2EGVcDsrgkQx3YKTDSLpoleRIBqswoDtunAkWL9TKNLFt3BpACZUWgl07W1uShdN+oLKlSERmB9ANY0Y4Sma6bZZLhihXuqICxozZNNPpucqU8kB4ce7NVFO6GBXXgDQvfUDK2DS6kjDqlAQD1UKLeq7ZgjI7bzycAynzJmn5UHpT68kwbrPE0Rlkar8aLYA0voWelog+OQ+qrcETfJzae7oIlPrb5w/NRFwXpDvWkkZtx8mnkSUf+pPITNEE+0rMpwgUpRARhcedGETF7oP1/o1kz42aYzzySTb4+hL70DjILAU5F+85gJfnG4MyOXF8eweVOT4CYjDTQx8cA8FQ3RTkYSYhOhKMwCj5sXvnh/1w+E6YqLnxc9ndmI1ISsuNmZb2ykzWrqwRWab9e/Ej4JPry769298ehagqlbX40WbhAi2+4l6lW6/RBHL9h9fP3mNjljFYS1ajRvTqeeZo12yZskfedYqs7KvuJL4Sp1tCKE+3gv7VrZ9ZyBUVRNOaIEwzsFEYYsxqszd7QtkWvumEOY/WOSiVc2tRlj9oMJ7RkzYzDQ+AmdrJD8RAUfW5NVUgVDerT6jbbOROrQ/JzUfonmxqLCyy45htG1ym6Heuxmw4xVt8Z+rqI3uUsGTGLS311b1UYTeSOgLOFH3DqGPehyaNeaS60te3/o5Q/eQ5UJcl+OLE828rx+1dO3d+5v3CRhht6dugwZasbAZnrgMZlIwp7pQTlxcvJXylaSB7PbgDMMmtMA/ozKeUwdT4+hN/4By5z6bWdrnfbMCYFwL6ytGRWlcl3oXLqT6knnJULNWJYBrEOJ2IjVFoJkWE7A8tgQvnEqUhJ1PDLoDLsfuc93+JjknwTMmShRaoZFd8ecFhuMOPugdMbLL0mz+BqedMx0JMyB3pELIf1qjkRk4JC24zTOf9JhhE88DRrM+FWA5RsaK2lbrfqJg6javttjcLiwrKYhr315pxrwOEIY6gilSoKiVCvM036soRbZ9liQh+0ONkA0a2pHW9eLsm7FgoRJhjfwQQwPBajnAH3paZZZWKzJhfvwED48VjsuVdtqIUyFfTk4x6sEAX9VVKbPsgKZnkCqv8IAbAqSeSw/Q7FM9h9SrfkuwORXQeeirZ7Qdwo3SsgjFhKdpstOCWW0clobmguII9ZVQr1jdkKw9MoqAZ3lzGSpC28tZ9zOQz9qBT7uonZhYfggY5P46YDlbDGxJc9VyyDHVDViXc8DSsC81hASZU2dNZe9kDTn6fsyyZRNOwIgGUjEZYREr9EKq8GT8+t7eycd93EBgSt0xGw+TDmnp7XsMH6ZbyKBK6XLelHrz9RNzFSWqVoO6BXb5oYqWMmEPCpj1MqY+z4sbkVGl0yDhIQJZltaJHoOIwqtJyrAIGrr8mvB3D2sZIt+Du3r0r06wrQ4Fwd3uc5sSRcDDxuY3VsYMm/L6N1x1Hr8boalbUzc4rtcn8G4Lp597wvhp3BLgWOsy3YMd+TtWxMDcBYXxTJ1WlVpXGzFvIF56/uNAn5I1YlAxrjSd9xN/Rvya0gX0WeNY0k9yjyLcjzs1MzLagiY2bdVPRd1zE6ZEYBiOnZaS8i06UfTuLB7b/yQYK/kly9f39y0FN+jwMLNYqFxzXt1Hh++aOXqVW/rf/GVnxo1PenqQUm8u11731RtP7y77w6gYO9cbDFL20Qh8czvC+FE6CK5SI7uljZZqmlKD0r2BtImUxEt5J/5KbdGh90EN/s4VXEhiCZF1vKQEf0YIRpNZF72M6yhi/twF6Wzl9uJgmMe6Llhuyo3Ub8csJ4PSlDqicEL1ALigDOh2VhH+kYXv/lD34peJ4+mUyY9Yod+zH3KlTZQL+wiGYXoXB02q1CDNDov+rtGZTzMXqRYXTtQf0L2Qj/YtR5heXhgn6vBj8KEqYTPKJ6vhFx4X1hYoHlQAlQCeRY+azTIMNJVrdPmrnzVBKJ8y0lM5PGPsPbHHBV4P3vMZdNCffY5Ioare8kjQJZCjzqxZ4lMTTh37BwPItdHvR1CgRY3wChRc9eMRF3ve5CmXJW673rXDgLXBKq/BIs81I6DZNmaJy9H5uWYcQgp1np+ByBeoqEJdKklKzTvNqAt8nuTjxz+6dMP7x7qOOEimFZ1OkNKnU8MRHXdvt5/xLQMfZIwvklYfXPfEAvrst+wjENJVn8hE0WacX37/Q89Yvoixs/eJYmFWUC1vXh5e/vDw/3L1192aS/3tFYNo7HvxY1n7iWGN5nr7vEu0WZx4tI6KCIoRCyyDZrMPoNnJzbbV4uvBCzXzX4hcWXyDTvxJwq2qXrV00rQENF9iZ0t3b4sBblZq6WK6l60CkbjmtxMmL7moAxT/HekJ+VL5hWdCcu1hvGHfN1BEjX2NFrljk54vGy4d4V5IKlrLJYCydww2cs5e5F9uSWAqCeVtTaiSRNZgqzH1p0s9LvNnQ1QJKEfvWPK/P3N619/7HXGrtIkZadpXRq9uX3xokeuPz3//uPj+/u7boP/8OGuxbnShXvAehikN3P2oqeysaDAolH47MXG/JAIcWpOMynSMZsaq6b/ArKSvMqWCVI68nYp5jhCV4tyAqejMbzZjzOrtIxvpi4AXvaQ7uOn3sVWxzFuZ+WMVleeoZ1FsfK6Wt4yHu+1EE2prvReEsj3MYxACidK3hE6yPvZma5HvX5d+AeUlec7fs+PjS89npj+jF90uejLGqs4SnCBjYeZRbHyjlPCkWPB0fClg1jtaoEr2DVtrmAywyTH1MoOspclo5iLJqyr1g0xPbww6CiQ/V0Ewnd8trWc4yJKLTkJm1wTDhwtjg6Xdw46MdZyvqZXRfGVs7J8XtJ0WeHQmXxjE25NKALSN0gugKGqmzGv9gH5OsIoDWiWOTAVFwSnftgFw/KN9Jxp7IY5G140mHObfQeTKOzfwJAEi4bWcWKYtn090SuM0c50uYPKmbDjfdaidUchYwKkj9onKBF22KptaM4SL3546Fa85mF4dibeCkoxPusGolsUef2Vy+ZMcunkXe36+HD76qbUWi+sFfdIWOboBsQz6i1NOe/Yss1y0zWXMwU8na/JbRwSSNfeCM5pjJaoHzJ40d+BiHQyXHZIiYMbu5qb4ZCIdAmgJxQg0Rew3vv2zRdWhk7273psNw714pYq6lM3r/rZSqaKpp0kU0RHJlnbmPI0nBpX6iKeHU83Dvzls9evWz5ZlqxpeWqnV8a8Fn++7nalLOLaKC7pkdD61GEVXj8ElvSe9jTt003MfucCg3vmyYDQwsOhzmyw6bixJ0E/Pnv7/NmbpZZs5RQkDUYm6JZvutZdtnUpc5dNGiAvI/H4i9cvbn+8uC7pPPhVspe7K4aUr0N5dv/+08OvuxB6DDOhsxT76ISJ1d90YacVFwakSJHjjynd4fFuuERMiP71408vuw+srJfKznS4sa5aoOSsxutgc3HeON12PlqwJD0VeIw0bZXRJojQnqK14NtufvY1/wYQrAG64JzBGyEKcotVD0VGLZ0yZbzf//69dUs3NPeDAK+yUuEtxd/ff/HV21/3VvUXH3/ydS+vy16d8nln4f29y9mdBPQGub/w2zd/6uvbu2ZZbrtKzYJ1Dui7BdKNSSlCph4KWIykanr1APB3b+67e/n9h08P73N20eAKXE0FRMnZoJbrGtqpnXp9UpxFlJoL1Z9f33/67ns4HTurj4EMqI99hpuvDma1x6uasyRfKYxk44EDu/5mSeQ6tJtBk6fO7NRUXUNO06wvv/kqox0yMOejhU5qwK43GWuOy+g0yfrWywyMPFwdRpqSp6/pQnXsd0DOoLSBi9dBPOJVMzFPO0hA/tSEOhEFB6aHfPUDO40WcmsP4xDSmNTYQXKo19O97z69web9Xe9yLVxUAUBY4XwnPCkksUoFxChnk1hJxznA/yEKT16aGQZYYwYUEzTVZaLWX+d6ORmzM60Ic/ZGSS+MXXn6xu/Nffrh1x9eFdhwn+SIwgQyEcE0HeuD4WpQc7QgeFpFuTx09CtHp0LTSwu9N93OUZ+6DaQX8uwUqMPz1oxI6tJEqaMldeKOmD5wVkmr6Dczvmp+/uzxpoSYAOJBL3BWXDBnX2kt0cxvzkp3VmsiiXLd+OOzf/TPf/OjH3v3btjLIleCLkh7wr5b/b7+Kh3vv//VLyNbyqjHk7+OGw9vfX/xoz/1uzURjo8sHTY3PbmITZKpDpPx8phu2X/qB+4uF9boitvrtybVHS5+WbT2OWo6dyTgpl3RL4QQXMrj/De3/YyC1wuYiHeP7rMm1DVmEKcDjZ5N65vulURL8UxUKKRmzwDwS+DG9gRoglvnNIyWZU0tW+F+/Pb9r/7uL7tIGcH7Dy5H946mV7vySZvGkx/Kh9kcK2HGBtYHmaK/bvL//tv4lmqe3XitpyWS6LYg1cn/xxdff3j/V/7UnxKL7i/NPCX1+7LoeZvTh4/3P3396u/+6ocuk3x60Z0/PZPWKzHqBkKtZLf+MYOouIJ/4cdkom4+IckCvJ3JSf88xKjH2h0EkOdmmwqSIKjqw91cqMV7v+73wpPK4fYIyb2Y+/Tm9uVtqbkf9SrpG8ofX72+aZQo9Cj6+Oln332vmxUf8Sgcmrd3j+3DQzcydUUZESxcNm2fUL4L1vTs5Q6Pj3/8h39guA9ITVdgmip4SKaaYF+/+eLtF98IA8GVDjSehIpshSYOBrxpuxBnG+cV/bTHXcZlOqmZnO8AEsHpTjFS7qgvFU8dBsNOOqZLeOoKRQ1M1U4nbT+gWEsMq1O/ysRTGsziBU4fGpzqnJuF9YfPRNWgmz54wBgwMYd9vmbBA1FDxo5gO0gDG1PHh3L7pDvw66ugquKlQ7/v4R6O/N4W07Ol3KQI7fD4LAu4JABpXedoaPeEukowwyXDWo68a5zDM8tBpiepLvyUYrALDwzBU4a3+3PaW9URfru0njjH5OFGLIojxFTQj2cigUK2K1tU+zf/+MPPP5jBF807+d/0K15O4z3+UqHRok6eQKEsJsBkyd6MkgWcMwDSKqmSG7uTOH7yxcNPX5eDFmd7V0jAvZYrgKjU53PH9++bYZW3OzfNBnVH0VIofnz9qhl8cKyRsNV6tIlqMcSHL1eiIG0Zpu85sQ7W9PnNm/jUO24i7BJG2VNBJ3A/BsHIkkGiLBLnlBhkd4qtFaegjiB1rOwS20ny6qvbpu46vdUlqycE3mh18+wWEAeeHkg8ppsO3jORQepgNknoVUskDTpJhwL++Fo9mVIpQ7fET8b110A7I/pSfY8NWdoJ78wqidsU8fnH7+V/fOcUuIYAZgP+6dnbn/YK5BgEXgK+1uPL98ntID9+CwlnqkSrwdU4pajaBqAqYXPEPwhrol+wAYWQbsb+/gyJjw/9WmcvBHFTzfMelasNon1nK4IuJBPZEGqIy3bHJ0Qm05RjqCNlxx0kfpPO1YGKF9GBhsLeJa9mFtbUTB4auJ0D927BJgsvb4rt/n/01c2/+3vf/W/+H3/7J1/0S15OACzmf/z4piG5n7S8ffnrd4//9H/+J//7/9k/cv/r74uxjZGNvJxnmpWFvfLiXSd5xbk7fdIsfS6ZTeBTL6wEz9aLwGV5pqdDo8S79w//4d/6ZX1scbrT9Ik+Gs2VaDu30IyFO25wt7m69eKH+5/94m/Om8xQGwMEOGcMRV3Qx7vVnJSJnEpG6z9z2ieUMBpedNRyiHperaQL5ERQBsiPP/md3/7q66+vCxfw+DYhijjg1FRIbexwiBpmIzoxr6/VwSZIf8MDC/M6uhB5+IAc4FWjHPDaRqvDaEwFBNb/xxZFwNP3KHgQiqIJc6Ejp4ZIUHixwxJZwdZcI69/+w9+9Yf/6d9vYoEMgmOnNLH5bhq3nwpBIVnoT4InOWqDEZ9jlrDqEGG2xPDdt985kUSb5XND9cjKLEfDrSYwWls17JXrqFKQtE5PhjFWCM1WqanjdjNBKBhcTfkB6FjShvvQDS8JFtc5v/b7//o/8w+1QlKTTtd5Bjv4da6jp34BpTaCTXhHwMnRMlPZqguFjOK38WTP2sprrcXEgFFQLhZPij39UJZ9/v7Du3/qn/vLP/1zX7am0QtXWp+mb07s9yvLPQAAIABJREFUqBjs9pXbm3/hf/iv/a2/+fM3X/Skfu667Yx/P/NU6umXabPFl9/8qb8wMyZLqxJm1WyPPlOKeaLXhWO4czCZs7o4GKuqe/vmizpy8MeYfZOA0dNQ7Y6O/6jc4UyiyX8nPM7oKse15Z909dtVLLj2MG+++sZrlZxvUG2eDbpmnoaZAN7w02lPpitFZfdS7LOf/fu/992/9/flrD0knbRhZRuTw/i2gta7OZedaBJi7/LvKuf9gwsmHhq+//b3/9bD3UNBXwLv9MmZZEo9dNnk8f137//Kb33zP/7H//Ivf7iLoTR1YqiEU8ffev0v3t//v//eL27fvM2AcaACIZKbQYJPsIabKjYGRlrKGMBlP22zlOoIhBoNjEBl9/YZm48A9t8nK851wqB4LMhc0e2BkwLSXORFP1vcdOhjN0b9xR//KClK+yhZR49k85biI8t2JvDwH/7h37956fcW99BJkGZNUni2zxmWksjX7A2FeS4ZIlJLj1x/+w9+vxNk174S2+Qh4S22lvNTpTO2N2+/Djy3zwL8MGOkHUWC4V2DSCrrAwaUS50XP7z78P2vvk0C5xMJ5ucyegVT9EpQidPkottLK5gAyIBETHh/os81uc0NsOmY5RNAZwwqAVbLU4Ou5mzLPRUnXBQ1g0cgzOEOMudcLTUdKmpsjni0owy4A3Vx7qsW5kAZd/WVjtiYToXNRio7gHQRDqO/0cEbCUmv0tQZj6l02B5ERMnu6HwO6k4A4P1Gp0k1cLAKUGyiWpkBxxrvU3MAVSqddoF8eD59F7WeBQyNIGQqwtlHEe5sAVokEEs+OIWwFkKQaigK0lqn7Mn9l/2SYskVlRLVVguikZDCFbt+JFJjd21Esnt9nRLYS2PBzy46b+xODFdbN+i4NwTEt3ShF7v0CKMordJVYhH20PvS93NWOmlLvmkYnwR8vPHAVgqIwXh0B0Qj3CSJWAqWw0pDAdQhaSQ5zwwVrTeko9hukpV50qyuVUcOkqKzYFrUdU6EMAnsKDNsycR0A6d9LWw3c54BCTQNh9TZkxOipszdrdH+6oslFwoHd/pYZOcrEfjsroQiJyZCMi4prr4yAcl4WYsAkawC+qTTbGscfOG+Sc94lpoatMohi9wa9WtJNOajRrH+pznXV58PT1/Sp7JWzcnUeV7HSRaaWbi8DLN/fIFaZTq61HIQr/XsA4rNvAajfzgMcezW2/JzVr2nabXzCS6IoDyV70N48PJvpz5DymvkNGcmV1CHJnvOJCJKExVG7UiqBgn/mQWTBO9nuzo+ATAhC6QXXRqKS9dAWjPpFUwtXUcshl+9ftsp5MNNK3Et6vf6FCaPTC8Wefvs1Z/76Zs3Lx++78yyd5u4m8riasS7vSm+ltZe3JL3pNuksZ1kXbTHgRnaMrm4buhNxOJ/o5X8X5MHjWZ7Br9sSmw2iwJ8VLluZt7I2pWBVHQqnbwBzG7kOrY4noRhfGW85IAfNAkuqGFFeD2m9o5Jfzl/GNUmyISJmNOYjiKQiTYbiGXBI9LS0XiT4fd4Jj0TbDEevChKB9GaTTZB0M7j2mie/jNuh/myTRVUEjGChio6PG1rPLowx3xONnCjqK5OWxmt4YY98UdK8ogu87RLKWw1bxo5i58JZVXEXMopDKZaSypEtpjciWbhd4VoHCfrQUmaBSYVsAiQPyY67Y6cOpviQMp15yjp1DDTNLLTUty2K8DtCXPAyVJRX07qGb4kV7Ktc0myGykAsWZmRLl/CqMTHr6n+iJ6VFoQRyXOtfq1wfa8//jijVhOkq2OJC3GcrApSySTpz3zyFo6OSNaPtdJ5u5QcDfiLDUAmf8vtUnJTXStquHMelNIJnkfOgFnhxdNsYxwsaibJ8fzevJtwdWdJm+/+NgtKSnfkNTdKhFjaeq+/eKNSailiGlGjGg1YyRZoEkyDdpbypoL6dV/0jBWRAOW2WbDodQWLFe0p5sXx5D/GLXq7DztIsQu+lyklhqPL0Y/S+jgQlsHOwOefBdVxq3+Wl/QiJfXTmSHBvAybLceWpnfq8hMAo20aQDPMpmuhwiybO7K515FHYxzvGddHhWqXdxJu4R0K2NnBzun69z00+vb2zcvX/7y+7t3Vvxkg2YRpfSxIbOF/65wvHlb+DFWvJNAfNrxVQNRPheMPC4q246ijMxQWVgrePoyapB7zpgbxGQhBZAB1oHZXJgVLGwu8734dNO6SbGbazvfjE73NHb7lSW1kpbgyyoFYIbiyh6Mzng1tTKUYuSakULL3Se+Tf/5Rb/oL10Lze6COsv9XNxJgFvRMrE+0qqok7J6BrNGMYfEVSeZiwXuIqrKtlooOFHFx9GdIdqWh5M4eYq9eENdkAQnPzFLEZd1Ky+S8UlLtkFWuZ4g/OEO+4otbf2pZf8Bgag0HwV7HdqP5rqJ6hEebFKODLTozA0jO4o5Z1VECeug8cpax+piMznWEuAkOPsAuTx0bJ7wRMPEGDZxMWZf1SnbbsI4vLaZySHESfCZ6LkC8Bn0iBeNSDAbQ5EPefriNkLZjS6jtyFuEkxeAoY0o8MbHCQH8lcEUe5Q2CVUf9pCbJMGZ89x16YHjdVx3yap9QverYMV4gLWeR7OBBMOqDYOYIJeRpmrCywVoUfx+EaX8P5m6EVtr3N4duPNNvjXM8iSnB3EhwnYuELBXZjG0CLQp1elgtgkRZxVJl79oCoq2qlOaVsS+OMtZpuMR3ltxwABH27kgF8XqB9t5qE3OI3CKjnZIZn6czzKIXDBgoXtyCAfjV/F9IhIawC84T4Ht464k8kh2NlHT2usnsCo48GUyK6AqCXT5IkiAwPBLPyJHWi0nFZMWmhtyLTNZeojF8BCiJJTgodZI/XSvLMykTEBD/d8QMmSd+vrigbdiEbvxCKHh7FFN9bA8egVO64+4lIH4LZD8vAPGEhCBrCi+BMEjdEVOf5gcTcFpljfEmz2qJEsc3ejNsfqNAcKJ8XZMpDFkr48S9ZjKYPICE2Iqcd2BA4lLjkwKWYkt/VrzMe9TuS2CwFekjjjtMLVicFNY0NbTX1322jvt2va/+b183cfPnXl+NPdXdeDq0eY8PjHNwcXyRiSeNbSZlTl7oTh4SENRqVMz+L1n34r8jiCk4q6QS471H+qYoXDbPSpuyTGjeV9I3O/i7pBvACeOeh9zDL0hflYL3cckIsqYU7Qz9DVHr0O43gw41G2g1C1E6eOkZWsvBaOebRriWkqyeigQeSoWehCGuVo2ccqtpGaj4QMeLtI6wxQ03MBYcaAa9CBw1mgA4R1aITnT9MqJuaFNYFqiQxXrFt0lNjESHjdQvfreNQP2zQR09iCzF8Y6sdilDFYwzHBsrFInlMRJ+ewWSO8aUqg0NqpIi4MbRraVzHSjvybuMyieOQomQ/USObrBGwm02HICZiYKKEH/OI1LD0R8oSfTLwwLcZy6eiIQDFRGKXre0FAJ/9jFSEFC6ZO+XbXZZlENCYqMWJf2sF2kxrQZ+LNEk3ANPDWREZtxp/8QzYVY8CUorU9h1ALJipm3cTYOny3YvQQqlilT5xv+9WwLtR87ObNd3fvv3xbFmjschG1TttjP3pzJwW3d41EpqH5ctrhSgwSRj1+Eqx99QTGXD8jSAxlWf/BZkSaB3aGWIdFRYQmPYR0mbLVnL7OAM2dZ02LO1wrJaqJcx2buRgRGUxlhSVd/Muy/UTaJiniY+6JtncXpql3nnr+4XmPkE2ojLX8nK5oljs6bGncyzGTKAskVdYQAyQU91WWzZOjU4ug77qO3VLUp1f3LfHkpYb53sfUANZZx/HAfNRFXXOGrsB/uNt1aKNmKsRh6SGKmKVVpEUfxaYhA6znxbitykRbtPBMcnQwX15GWEcmH3Jo5qQRetbNOSUpKaHWXLK75IddTdo763OzU4y6WOTEMqGIl05ZPtdWjmTQnSB0ww/LY+5dSYTyOi3zJWHq05DHWwTrhDjBYhFG6pyZA2Uy7dGAvRGHxtyrnb7xOzbSfGpqJ5pPTjf7j1FxQmBZSOhXM+qpJjWgd6gCUc6v4qmjIKucyB07LcCm4oVwJBiJOKwZBbJexFY8WgMINf4oIhKTSxtIjkBSHpt9qvhMuNLZ1rbqqRWxy0I1EG+WHiaq1aSGuLJhaIv9+QBRva/TVpmKvuimZbsKJwQvhJpHpO+tYa5aGc5BHMEoqdG8yDhcqmsrTWzKAkTzsFe/40NIm14GCMghVrmY5do5dJpODxC6yRIdxyxnqRyJKpoSVJvzM9216FJT6bBHzzs9L2wA1MPDyTzVYD0Fjv+2zH6E7Sok1lZrugGmvKkXNOBPus59XSVoBtDZQf3FzQwSiNlJWd8Y3nQqNpqaZbnHIxkoHLuKdTDdQ8+DAbWm9ePMdbwaxSYnsQ7vYArcWUlgCF1RUFu92R2U6RdAbU7yrQkMSPQtIHWYqpCCdgx7Araq6mfbWWPHc0kqWAlYn9Yt3cnSV1V1xGIblxkMNAP42qSFcmOE3wQAHp/VXtxKOmMzoXJQJNsSBKccWY8l4aRevzboaUyXaTvI2MyVGSTfYqPPTWb45FDnJEJmaLqmLtpJFp1JWX0bw8av/9gqV4p0Sk5C/RtgnwhflVPbQbwlghpn+rwSoPFk6yudQWkYvnoUk7IwI0wBVeGkCoLUNvYVVK+GUBpi2A0C+AsAsg6qhtn2QAeZbkXS8+f9GE1h2qJXT0B007anMhrPiru3XZrufRivXrdU2GDx6b4TyM4TukZc4PbARhdbeuFPJ5We9L7viQUxzO1shxvdYr5AnByxm9fpifXE9V3oteMStvFDpxFoJHVw7Ct6T96GKgHMpDNJZTaqIhFC2qwqSo3o3d7k0jRuI33lE/YLNU3tau0cTDswdFiSCusU7bP+WkakAHZgZAg7wSoEuCsPgQk92keG6VegVTZl81DYhOuPEMAEznEUhFAyIxFmJ8yYD8QIIqnxfO+oBpU+hzqact2ITJyUYuXqjxGIcqAhXlipptpRsINAs6PQ2hGi3SFLVBTdmZhDKJcln85sg7EsXGgxbr2XpVCGz4bEJXc0HfC/pI4ZEHW+z1HOn5erLUwo1AxiE9EKcsLxgwaunYtGQ1Yf+VIJvyZnhGeClA7rYhKFWQHXASQX7cLtv6opO3C8SH42mgA7fc65utlRvPZ2yNL/FmMInDFCLBacm27+f0gzAiLT1Ugi6ClP1klwduEXknHe0o8IIlmEJwtpTYXbBbj0VYcdO+NEtUlVD3ZFpsd/W+BNZDxN/urY9+96++h9P+HXFK4bglolMtULwvBDAHPRvstb0NjkdNsME1+mLVkaa7SE0Z+Vz4JAMo7CqIxQiugyEEQejMxztIRWLUO1PweJHC/P4zb8MQAtuZOE+tuhIwCjkvUWU0TWrfGvojOcqCk14+y7O7yc3/Qm4tctYJXJi9wyWRnR8Bx/rmsJqZtGGmkeXWM2rWSBsLJZxjb8ynylS/Eo45UHWk5335Is2ksOHntu2c0nhU32V2BRuffJIFGOZEq0ct+pIeNYSjPQJ+8sVHGGmkkCiHScZj1K88c+wbMnc7ZZighxm+m+1pBmDSUOSqv29OIrkyQ4Xs/KBK0MJVvHjOESR6FVAHeDZX/6dFba5scZiFNN15izpDjAsfMAPMmzqUhzhNtQ9+PTgmY65KSnbTUdOBflQEbK76dw6VldgjQyBKe4KKdnQpBeLdbEpQc/ilCGKejjntEc7CPYjtXEBww2In+0NK2xYBt+NaNeMxa/2bC8jg61UBMQtq/TdhHs4KkGylM5XTJUFdrDOyYdNdID40sYDJyaRCVGlavua//48CvdDq2IXmxYBzyLK4CodUIiHy7TH9ON7nijM8h2vEvKrs7Xs0/GmlzHJMFFBLTPokCNrYqCRMgubA/5ibHKpKo9J1zAHSVYFDJLpZhdGPwUM3qeDZxMBLzO4aCmsCSZGUq4qKd7n4DGRdKsI9QDhYVEU7BveobwsdESlRZST3dJceLU9U/4dZrcymmT/gTt0lgc6qRp23NFuj5/+GWNKDadS58SkJtMeXKuLHtFlFgYMVylvFAQc9iTSWI7qKTkouQGiSqTVrEnboGsU7mqppOjEaKQLgFFr5ufJp4Wih1+9nPR6bEstaqZstKmFGOlf4xLXGfP0IKKXRZnZqbDCdeI1zrBWa/mq6Jarbiq1C0TEe0+U5xa+KQajouq9eK0j+AYRaxyVNJU1OMVNxqOO5cyAmGGU7BsXAuQFYlEAixqKT3JJMTFAuGIAUpI2+rCFG0mh7PFmSbSsuaJyS4BtEsqhehQKydlI4NHoB0F3j2VIy+KOwysrJor43gFCDN91pZI23QLLU8dI/yKGrMrIRAb69UqWs8jZMy3S+1COKlELqK9vO/eY1/NnhOgewfuuizw7O0Xt+8/3L/7vlu8SNua1rte6d9LRnpDz0bCqPZYnUHPFBClnce6GyGm9MpOhVqsUz/+pMyGtOJ2VmLNAn66kqfy/d1jrxLqJltXor2AKCgRMqh03FEcdsq9zkIHRDOBNfh5sv1lMtK0dYQRyJmh0pY1YR3s2bV2kodwDmubtMeZGCFA9rO7UI07nGWuMR6Nmi0IUr3Jh7cX9be+Plyy5jcGAd0mVQ2zdHBqxpkcEMEh75BEQqvq0QF4aiqARSoBQdpICnKZ5lTChD6whdIghwkicnE8iyYBHTknomG45IkJOIC9swmoxJP65g1rKJLIi1hw2jg7q8xO7IaTM3WtokO8aA0ekYSrTXYgf+BNvwI1J6sS0rQ9Z/JTZrHGjBSLTNQoR4HFIav5CEHhgPwIBzn/jaevEp+8HHgzpvRVJE2AxO4jpAkZMKncIdIz8LV41CnkWoT1OmelAPY79MWvE1x9ccyoQNsG1YqHI3kJik/pHX/6Zt9qMpgF1Hg3SUVXXwusttkUV4FmlPn0QcIy3NXUTKkF8J7t9JLfZw9ejYnLw3v331XqAuA653ptgiCUcyJWYzaXcFu9rraOStCq+/QVyDUEmKSorE41RuwPeB4YNUjMPvvVGlC0s5jck7UzUCYZayKUrCRHv7owGZJZmLDboqYbbTe3rm7sm4LHvKa4s0r70yf7WYYfLIvFKeMlWZPW+LBUlri9cWrR+turV7cM/uymJfyW9OKOrmmkuPGmA5thvlPI2h7u7zzP1zXSDz1Y27OwUns/BMEMr573TGonAz1ZYNUva3YvTfdbGqdMs9NA8ry0d1ekvNeVREHxIv6UcpDfY6lU/dbg9IJ1Jt1D1+oZxFgcs2S39XbWbXBbTtFtWT3rKXQyeLxb8TBw1YJhEspAFKMMnrTxa9VH8uwpAVfIewIiaxhGx5mxmUTujT9nI7l+qh/1zHSnWV1MZvuUnWhPDhzv5YTkqzLOuaxgEWeptdAhMmljlHTq1nfHTQ8XOEUeefMVuOoa35yoiYUJNa9HHJXaMZ4pjsU6xM2XHY8Y7sEORQnGjq+vKI7S2S/oOOvU1XSwtVZJAeTZCP756rDCUW261SK621Fz9I+GgwGbvKM4UYjEHOCrIPZwfFGMI+Q2mibGMaeqQ3qizOxjNz/AGA1gB3T2V2w4HsUnOwQXSNwVBr2WoXfcwWcbxKpDLT6H9gEOhGmO2Q+ZmAShefXFlLBbSNcVD7ZWYQAxk21o/0x5EgVweOGmm5ivW9L09ke2sBGbfsX0ZhiH5Vwy/vEuFFa7MCJXwnQZyyJ+bz/s+aGXryUJd/ht9rEMdvzUiQGNusfCHDBRx9L4Ew0JEP8a6helaj0wjcUsUx3hnH+bopbMwBGWVRKmLagCvcuULe9w9rTS567QDSkBpmSMZqt2NMdlviTfmrgXjx3Nxkc8Uo4XrmSKjF4urAMTnsrVBTnzjMgaa2jTEKKUNzC1BxhpZRTbp5yJXoc4wsVL+wxzeJP82PKSA7XRucCgY9smtqEvf65+4Xo63JElPs2GN69Il96FU/UQCxl0DBAjJbmsIFrlm9ObOpgAy6rEDiYX6XTL8S2fT/laDJwtC3lCyQWlKB/n9L0VEiYLKrqF08gS5JCfJoqTLUgOOLzVwTxGEniNM/AKMRekDF0L8ec3b3pA99VDS/sma0F6hUi5+dVtr/QpuhKaXv0+ZderP9x96DXV3DYRuuR921RhEuDVglo3xZbdy5NClDDkMSbOfcHsdCq6WbLEf7zfKFADGdFNhgyy2J4a/GBATP7GzcI6Rjm7e4YN25ks4y+Iqs1ssZL3L2uYljSEHcvpGTGwHeHOLED3Wf8jMoDJAinxKRdJLHaqNz3FhgbegnlgN3thak0Nqrzqh2BTstpajXYp1vA59mmbv0cn8mN17XaIcf/ModDGhiucr2HO6ZVqcUztCrPkiDnEY83UoPqAn0p6jvA8tKk68gcJYv/97b+W0ZqNsDmk+DGDICRdFOc5rHgq1hK5qgURrzNOWCMzOdm2DYtVmhJV2FGaJ80AUiiQK+2ypUOiLgvwe5LYwqZLzeLdocQwDqMaoeProkJjn7yI3z6bFwHXyslp0Hf02pEEW8IZYHLjbJcwdayJn8TBaSbcHn2vQ8jVJonRNM8rkiKDxcxn1ED3xC+2Ae45sL6LoiNN3zSeXCIcuwI+1uGuOgpIjmoMUlB35tax33t1uaRzAFe7RV9noRzUmNQsd7lhwwrKLmZshbtziuZ3Kd9sOGoZhNT7FpB8j9deI1AXqe9tBVbumGgkIiGsuK2XJG+qdLhv1QosfByQ9UIXPgnm8fHmxMVTDyiLrxr7xMp9JrMd4rP7nBgIK5d25Nx6EATi+B/LXNNyUMlXntLWkJ2HMov1iyrYojPYpDKRjHoT3aa8RxFrH+RIodL3UkooWxHHynn+1p2aut987BV5WY4qzllI23dbrw1NYw/49dS1l2FLI4yMai3Nsyd7Fk/TKqVjSrZViGGs2ELUQ+r8QwCYDAGrghVz/TU6hhQlyVIPIPZCWTinRC8vydRJ1gQmq0I91GKnVFW5LhO5AsyMuFgIciYgnHb5oikTs+BdqEC1QY5Ip1SOi7DjQadFnaFkryAyCEuHIksOa0i1VUMYIbLeFfWn7jZLYHcMQjk0BEw8FlV4ilHnyqskhWWp3DKo+CFYPCE86SGyNjEOa6fKtTlanV1opyIyq72a1hCJgQAiD9in9gpQrkNNq7gIAlfFFitiKJTbDp0ln8CY5KrmjlOk7DTSA3CtqQCiIrUmzROhZeTwjl0m3yUU5qJqNKBPelIfjud7ZM8zAMfsQcXzjP10oAmU4R3oclpqVFePqOYI3uEIVzHoUDvflp0PCajbYuAf0DJ8hNNKFkSNkEBHC4yqGjf3jV58F/dg8n53Mqz7Hsg09juLE2FkxN9ePqCvz/RGGwz2fWBOVfX39w+vbusWBnjvB2gxJjt0m4RLI0LY/Z/hSGniPd3qIsU9NmmQJBKupVk8krR92b/OdVuf2TVBx5GvRV91ci8frL8kd4J1dHQrWAvhmMmESK7/RPAYKWPpK+KEbuxmLKFkHJISHFtNycu0NYLNTJQ2coqPQbFLSvRVxkm6xIt0yNEKJ0CklSjWaBH7o+H6OslnGUGPKsDhaWjlYeRCAJh8ZV8L5yMumWS5DoeTypmI2BFCC2NoNSRLjkhVWpSka6TsZ+liPrHHmXiz7ZwdhSNP37X4npD2B2vChMLeh2TjTnCEthIyFNdWk2J6eKGHwUDyfHPb0o5nu2nCaOEElqkCjf4CKIF5kiapymDT+Qg2BF9rGn5xNu+U3qukPJmZviNmBJss07QXkXrDT+533b+64jlXdhLSItltN/3ftwZlVpe0N6/7haDmEMV8v1cqredRgvbehp4gtG/Ltmeakj1O6AeIIPWLrJQlzjQJ15lG4mz8M5GvwXgs7c4IwXmnVvUZqP9oLY7Eq9H1uGtpO3Nvos9UBWPG9/sDNHVmwHDFwJY6I+JkFaEkQnM5k63CvAw8hMtK+a+Ngi3CCr3ERG8Zdg0ZWpClQn/j6e0gRj9TKrZaDKTCSepiieZth/h8OJJoxylhKJg0Acwsq9VYoSp5pt0xgbbY4GRDmRS+QANqU5HwJHQE51QFUk3/+h3c/sixVBFyx4Ey1kTBp78MaG4IKzXEWw88RKAQkrK4rHiIWsqfs5+Osx8LjhtxSXAZ/ghQk+Y4rpT7KqmZHFN4LQJCGlozNQZF36AhgyI30dmkpvpG7QEHUXnCBUbMfF/T7CB3qxuBgrgD28jZj+RCyuNatRa37dqSSdTLB56jdJybIpTpqpL555z1BmYhktsvxmssiUmQSUOCJfrk1sp17YOIUSEc14QZshwi0K1W5obFodzeYd2pHtrss/cOYGZa7871brKP6usvXv7wQw90vuh3O7qdjzi3tebdXqN8QuCSqHicpASIa9NYxil1uF6XqHqXuaCeywnrCVHINEIlGyWu04SZUhxYOZ/d10rrIM2KzXyaPvceZ6926NaRVhdaGvOC6d4hc+4QTO1sER9nNeEw+pydQQwNWbaaArJea8TvRasyqhl1Vimr+A3kZq4du5U3LmWnQOLLQB1Z2nNiw/LRMbQnVTSEN4ekdsodp/shW93fWz87seBd08derdbiYCHSw1TNs1tp6dcAyhz50WJh3LlyUaS713Nkreq41aQZm+lX0LA8xlfoMCz2E6CmtYWWIIsKzmacDqrjE1ttwjUTJWRV0bDiv+aQa8oWKZ6VwtvSeQgJaYxPs9ZNO2J3dZvJ4BBbAZhJbHhVlaAV/Wd2VxNY0nhoyLH6GljSBu25iNNz0Hb9EOWySlLEPb5RJyyCIom+ir5nj8jEkkEWf+1J3V827VsHP25TeYQi9cDXCraGETyWZiUsJsJpWTOw2MWH7JRop66D0R76VVH1bBkI4eT9pK80A8WASzo4Gxl4IzpYj0kBMEkxWT2pJubB6WiijMal0yDQukh0jGHkCUk+FPpOuL5W3dAf6wWrHeXmAAAgAElEQVSIeACEDPKk/CzjaO/kdfrraUdONJ82pE8zXjTidpVrQFPx2hJC1Bzm4wp/aueEgxUoxWGZT0+zCXeiOw5rxdUfo1ZxqWeYCLdIqFAy6exb8LaOvrsNSjnXmoKz+7ocqMkUO711BlogtcK3QXKR25l2laYCdZojN9AW+vWc7q3uxYpdDox1o4GrXz3a5KpZf96OLrTLL64jxENmSXjd0pb0VZUyZKRoH/uvlx3LBR8p+TTz63wmlh2FvoQr3JJNJtX9jUtXaAVcve7PnDoeSeQ6fM1bZrdAAtNDk5v9ssi+BMNRVwXi8w0lFNtqBdqH7WhBHToB0UadZHUE6XyekHYEkyN4DUSHJkV6EMKJ0LciAiW6ASC+6jWllqYJMYGpfLQazRFSEQRbFVhlTWcfOZ19sudRXz/hGipiXvJywgMzKN8ESU9G5IYJkT/DWajvDEqWdJoWFZfvO9OMLI9RK9SycsNEWAE5K0SESxeL7Di1L4GpjU0CRfIklmCjMjxQ6h1MtER53qv6+8mLRvpe+mYOVAy1+uU04E2J3TWBm349rRNXv+Pp3CAFS9W3vQ9Utu7t5i8/dDH8trdG0/GErIjVs3rcJLLmT7Hch/3Cir0xbnfkk0lcL9bIlbgqytMGNoth8Z9CjaFRHP46SyX6coyX7oY3A/i1U3KGFr3o46dDzFqVQ6o1WNIcYw1XBzlGrTkZ1iiIeW9/qk59ZMfQ6DXKpJaY8xW5cl8t2Cxkte7X05LMQBvnNmdZCShj4HtUm2T7ivXRPILR3XRrsUP2jmfjRCJLrApPBX6YOsUWock7YUOKk/I+6yAQVWwHUonUp3IYoSRJbqAOSc4WHvqJ4TueCNUsfZVIm0pVrFwm7HXgvSc8Co0SUa5/CN0xpseQCJ9xcK8kPPCr7eJIPzWXjFgeeSeXfiZYIrfaOFdGYBLT+yJNuzgNbNBsHGj82O0oMRNOVOKcJIEjEBsLsBD3TCROrGpWmOJLZI0lpjxB7NJrA8ywjClmIY7Ct8Z8NhGblY5haiMXu2eUKEQ8E8gJw9TFsCQ1DRIrX9SnEtdss389KLulWqMBFoNvl628nNV8t5X1TvHzUQR2Z/zz1zevuz3dBK8XB0lXsXj8EM6Lm+6J3/SeSKy9a9uJS4aWhd3v6oFaM8JE8IwQ2chdTSoESr2FYYVp2IBGo659Vm/5dzbdtHCmrUmWd9uMTjw1aZIhQsB54+gc4WbaQs65Vn2LYYLDvPd+bvmlYnzP8w8fouqhfNk1CTofSFzt8UpCB/P1puHeGrnk3M8i1JUFW1e4mqRSr4mplffK5aewSpU5IsYRCSvjm1286h1HHgdM7yR8uLszjr/oDjGkUnF2eFI/MY6ORMhySPGxTiBdpsWE41dh0xAtUq5ecWIuBD6vayg4YvO27YTPlSDUhknjpj2oL9w2AEErFJI5lUrTSVlIOPXqh+G9OYU4/Y3qeq0aTIIcp76JYTFhNbQww2nfuUOtZjRriVijRYr2G99IXEaYFqYGjQmCKfYJ8zkx4NaHt6dg56U93xJQMjshIZnRKo4rJgwrEKnYRvx8sXhQyAy5QtawVWLcaLo5DD9VqGC9A2AiYbKiUX3HZ1dR+6orto+KmvbLU5VyLEqoC3uYbZQAZL+SowO9ToTfhTReaIa2aQkW/YsbRVTGXDVqqWTWHh4wm+LFaLXX8doA1bZkj4VKVNdYQ6/cRvWz0J+bAc0AdDr0j52GPzoT7cmeR9F1WnBBJfaRhGlcGAvkqaKgHdX8MnqBjiGrkFjYAGFwXTr518IUFcpzXmLTu9C6xfimgUt32sWwviNQtzpkojup8a3m+CPkmZHIMl6PB/nlCyHaakJh3es96yPNBIjz/NN7l1STQEjWf6SZriJqjcD5GJjIWZU0no8KRvl7ecyPlmz+Sn99VRbcKkxie/74Es+UUV+NTASKh2nmfG6pYMSXokPjtfCqI0aFp27PBYRiw2WACRnYstGsEcH26M9VcZv1J3TVB4HpUxI1bFZbSuyANuN/LEosW0pMP8nO9C8zneorwg4QRzd0MqzITixRouB//KByW9YLsD9fbQCjCZb29cEqD+ZYlTARoXo5gNGasiS7yd7RNAEJFlbHQx0Jns+rJsCYjWia5tFa1Iwl1WU61rCWbkm7Ygsg0STNmSfk3+LR1W2vVgjE717GgC+C6i+9q46YqNXTa8iyREz47DGT1NKGBSDFuNjiVYeQIm9aqMrxzfzzdPSaGaTyh3fv+6mXsB7u350JeqDF7bToLVd64vv3/YJq7n/13Q+F/12NG0zFbgyCDOYk363kkVgfM9gQKWgwhLFNpHkzZapvzkva6TW8PJA3q9kEMYjIGK6wGYWgdZpZJHPOcTSt4zs8oBv2Osg8LBibvgQBo6bCIXbMdche8i2VTM5Zc3F9AmkU4lNjBKJ8SbPejV417Zp5XG7IzPxV1zIGrsdTfEwTIwxxPTKIrkBUtKroX3l7hFOmhzWmWIeihTZg8HUYtSoiO2rhi1gEBlM7kqM9KPlDzCZa/lJfu8AL/xy3T1k9uSiqFNPjHdHXzwPVboEh1Vz/jFax62Qwzikc3yp5YGe70ZorEOWETIAVA4gEvZu0umIUFj3rVQdCr6skIazHX4bk/9CJPW4xjOlSbA3qD5cRwXZu7gtbkhyE0BfMM0iBRyexNC+DjMn690yUdVBOJEtIs95MPS8Uq+uUvccZTYM/0bdVEeOOGn+iSX/Gm/CJUr5A4kAo9QeEA4/AmSkxQlwHiGbmToz0YQg9Mnad7VsXomQQTXt3726Tuef9dF9ArVbfF8HF7QeXI8Ptppebqi2SW9Uuc3FlbGmHf3PC5y1nf3gvT7a83W8GhwK6uW3vwlsWCsxcrLEjcfuPELdGbodR4iOHPmKqUk2VJilLynyziECA3TEthan+m3W7y96ZBO1q6p9N0Blt/s3wz983X45wSww94iRKW4fDMtOVcIkQYFPUUt1snM7xMcIUv86x/MUh1jKz8LOu3K7KdGvdo8F4kdvpnYCtb0YidWqLDuCwIphbrRQw3dG0+pZGCDr5I3nFfqW4LuroUSE22WPRQj80GULEZwxyLVqQYoIoswMdxKZtdASRRJQIbuiXX1lAhE5cvc29aGF2QSjZS8oyt59kccbQ7Kmbx6ZXJNUtUq9yoPExcIn0wDoa/0UQTfJseeQUes548YKEgEBMzgirgruS0KiJt0e68yosY3/6j9ExYBUKHSV+oVfIBz87K5nxHQ6jcuCsy1QZIc5YRAQ5PlHDUUwGkQppA0AVwuRjM7yPAIdC3/wxBVZkWdzOF4dezYtY/Dkt0k9o7DRhNCn3fZTDMcedqgRBWSMB4fjmWGCLr7VUHVB/DNgfCfrgmCZr2Q6xkZjO1OoIyWOQC20wVXlRx6la/I0uclWyEHRf+4/yKRxKk/kwOwzQpAkiFQ+eVLBwHuqUBiNahDWKQlshBPz66hNWtZSdzRdBF0kzmbJSCUNuat7kNb7R6Xl3txZH1cCWBZHOH4IKj4s+RlJqm6uKnNJkboyRrPM0u7cY0Dl/zxG8/eZ2zyu5JbTuoAdGaGckVzqep6iexcjhngpKNR621vC6R7QsFtV54huFOqcsyLVdunA9kwjslO4M3/4KTmTEU+20mZFqE2ebYc1RdAtLJ5iOQWFOTn2LRCUHyxvuAm0Z2PjihkM0JOTjjHqjlcfjdLgJy1ICmv0256tMNDLKSuQOcK4iazxrjd/YRnspIzJV6u7LAaTEsm+lvrIXIvuvVBmbVQEZ1ZEIR5vvJ5QBO6yy8v6Zb5aUdmJbPuWDTLg4yIVPWKgHTJcK7uJJrpkAk3W1nNy8YfM9GrR1hUbyDqCKBhPXnd0v/ti7EQ5IDGvsF1dKu3f3vQczV8+GNI87wpc0SZgwM+KE2pecK4QnCdsdK2AedJL29p7b248F5PuP33zz+v77F9/f33kSJuEao96+LsZ6iPGnv/2Tv/nzh9//1d2P33yRvXoYOClaCHM5+O55T7P/7PvHX/76/vXLNz88/LD1LObaH8ecPvFkjuLXMFhSnhT6ZzTtCgrGm2jcpz49p0K/R+NaQga7FsK75jdLcG8Yc0kcF2OzaLUFjJdyhRbQx8c7BkSN6tEFPasNf+WRicYsZUyKB+JBMO2gd+RQ9JzJWjJPC05R20l0wjuYRJ1Buaeii/5+I4P2ZYYuajvZWtA4z+Fx/dl2BIReUfgojaMW6eIQJ1pYHDy+qvlY8JGYLAM9Gik+cQCmfahX5RM/IlTVGBuQbNOxIujRSIA2ZekDKdAEVRwc5/FAgn28uXn1Hd/0lliYAgI0Wc1Qo9NH6pyRixid+hAaGE6pHRbftfFJJA5j6j638rwnpbIhtWjaTqfr+ByRNClEle/TQxMkJ1fm7VkD4+OI2CadM6H5MaGQo9NEXlaU1jiojowMcofzjhdwte2ab2k6EVzziUHdy4lzCbg0Xqk5lNS7Ka0ZF1mmYMxpzQBnzMA9s1dJbPNinecKgbBoq+O3p3CI/SA3Kp1p9hxTfTbabk8ttiMiCrvc9/Nf//DL9xLX43u/TtuWMk1bU66fgqrP3r794tPtbaTc6tO9Q8277rpFKP495/qy36399ttfvnr12rB3+/zD4+PdBxNbv/9qgW1pPr2e5pR7wSn5uXVfyZlm7CfCUy6lGm/aeE+s8KtooWCWbL8R3DEQam0UyuMd60+QvNa50JIJs4aR2tp8dnE+YU2lBY4Q49n4G+PN7xO4i56trWWiGJFkZ0qR1Cu4MOscZxV9mcr6f4LU8Tujwt5YsMiRDeTC2f3+5Yt+SzH0fkGMB7vWGvXWWwgXYZZKw1oopXfUQLvp+FlPxqmGONSccXZUOXkkkzN2OhqhjnO9aGUTBmLAM+VIcy8ysq0Zu9o6NLXgB+dLrfZntxCrzGz9vnUpWTIvslrYsMBC7FxGogmti/GEf5KI1LVNQgKbiHfy1cLOzIY+TB0J44QNKHXQiC+5kru2gGpAzIkc2py5SVdxlxt1pYO/EGeshoyh0H7Yunediqfa1igzxCoSljBgUcoGgsRYJhs5r+qAaj1tENRPuBlhpQCYJ4OQCQgP6ugHcwqFVeuTbsOAcPwVEn1CzgQSBP5Jq7KjswUKqg3ZCk9NRCTUtgM0HY/PA9MWUOcAeMCs9Ce3EVtIXKqO2gEC2cWEeGfQiwvdyX7UHS3qjYuEGY9aq+i/sAiaIqOHfxU6fygR1Hc70BrQwbkQ1n4CV9vAELINsK82nYhoseQHCub2T15CVeD203fPnv3Dv/2T3/3RTa89WXIoJtk9hQKtpq/Qzzg9GaJxxvKa0P3Zd/c/+26nW0VzGbQXP/hV19jpRN2h8G/9J49v9sblHKsjzQYskHYtjEVFX241wkFJveGMRr2/+PH+2x/u/vHbx7/080/373N63eFMw+WnhHMJ+fVd1zgdnnxRjR6wGMZL/2Dw2UjxWGpe3gw8/tqJJRN0wEoVauWIyHafxV5gDLcOKQiTJR170ymRq9eTju3pg0Cgldg/cx664dVhpYQaaIi3ynZz0YjoxJylKkBz6w2ElFkasxBXE//wLgYI+QypqqxRI+4lhhnj0KpuhUm0Ylj48TLbIHqEJ8SR8vWLmx/38rmIFjSstGWaqQt6nRtognZoajfRUGOpx0/vf/2BwjaicVU2K4osItGtDNrEumtHTb5nTo9kSWn7aa67+2ZOMlhWiXu1EWmrqgIek2WBSonVzh2GycsOQEjjP3ZhNR/52INoN6/+b//uf/qrbz0EXDK/f//QK0Fvb3pVhdT/s+/f/faf//H/7n/5z9x//+79B5e4iryioQsGGb0Xfxayf/a3nr355uHPfP1FVxO6NcB7T2ZQvPPYGYeSldaNquvyTN9nQiZMoJxcZTiCpRZdqA706uW3f/zux192yT0D5PbBBLm9c8o6RJMbP+WztVL2FrprT8Redvjm449+d8E2gRgvQQ4p1qk2V0PA9toa3lSRhFiE1VpILI2s5bLzkHVnctMcscDEefDutP4Hf+8PDC9VRKyIjxopKjpfAMaJAh2GlnE+PGvJblUSRlONbcZUPKLCF+ovAIAjD3Qoo4fp1fBEZCodRATWPIrXJELn1FxdYrWTD+MVxwo5hNsGUvNl8yqJxxwmMb1Z8sPNq34lggrFwt5FedZBmSH0mzdvW8Q4ZjumS+FLVcGON4FZNV1DcUwQ6n96/fj45u3rmB1LYj6JVki8ZDzCRCFw3bxzt0gsQ7DJtOAUzDbXjok9yLBQOCQDtc3aYBSmFZOTqk816s0wKpiMfNltDb1twjrOx4cPe9p+P8re6UGP0H/142+6bYFWJO5rUTDOOx5RjEk4+sanCAolWLyxWJtDKlbVSRWL1EN7YvPh8Zcfgn94+cnrKP30pLv+tnL3/P6PH/+F/9Zf/ge/apLX2+levnvfy+m9EDMqN697k/3Dd99/+rf+rX+jM4HW85twdamw1/5+vLv/4Yd+3vv2/Q/f//Z/8a/9Q//d/+b7b+9ff/H25ZfeJtwvG9Zx3zb57a6cdcbJyfvxZta6qD+TUEbjsQyVQg6ZIh2ujZK0B5cAEn+WXVVfi7Ogiy70APE2HCBLKZu8kaBGjyV0t1LP1Vlx+djP9bz8o7/xR+/+8Je98ee+M0m/gx6MB/cx6vyhz/0P/LKRK7rRr9i+u01e9ZDE/ePrX/2su6k8wJfzHh46K/rUS9Men/U21e72ufvw1a8+vOi5a+tnHiYuKXfL015zvAu83905/YvilM7LW93DggYp/O0P3xsN0o4WadmMWWdL+dySEF9/8VUxwZwBtCTfCUaFmC375sRy9+eEN7oBhz0rPevGr36noCl+wxvq4VUh5rv36uWLd48P/87v/V60SOj01SImMMthfjqmi789QoFsTBPs2tCRAj726ogfGinmHXGZHvGJtyj7eP/h9reevfhy92CdEA/pBArxAu38/pe//NnJCOK8yiNLNEok6ThbCJ+jULplp0IiJ3YD2If3ycweITInPZj2aEhLZjOqVt+qcBli1hbvh10MmsZpz2pFIRxUwuOT/8x2jMoaoW/jqm1jc4paIWMwCaLOXSTHdhgzk8UR0mI+to5WHD4CIwNzQtkFQ47jNHricrb5MeDZ+HMlc4UNcqyfpKTvFI7mxFgHHBRzHuA9A5AhLhHVM03GOooEeUw50nhCjHJF9BdNimIHHyCK+1daWB3BIIGKdjwcLXROtRqtPnzFEldITpNqBQWoVHXWH/uXjz968/FPffmin+NgFqf59U+Txgi0IFJ/r9gHqaraX4p3CozX9+/uVBZQrdg29e78+O4EX8zqJS//f3/v3oQj5kK7yuTCi/DE+BNRiRnxcRVA9+/vP/3ZXzy8+PbVpw/NdLp7sylN6fthP0+OaSsJ7ti/9LWKwYYUG4PLpdG0YDTbTDE5eLaeGadTJbgRVZdmTNeqxsC2dFd9N4k6Kde5iZnBAm/fTj6I6PH1DDJNkDx2M77upGIIVyMih0TclXkno/BorH3XIDhOfqvRpKlYqe8fR1SlEBXyz2k0bbIsaWYLjQxC5qVvAowVI2gKkW/4E4OTAHgq0V91AvBGbg9WM0k6kkrCmGTj7dc/K/jvIy9Jwl0KZ/jHHmIr9Nyhlfu6tt7iGNcvQDwNEncjR2K4CTfKns1rll4eK73eZ7nu1O80xNxlPGZn9nF03MwGU1Wgk2PaxIRhJlbtO0/pfNbb6G6+juLLf/tvfv+r7973m+6lgVbvmnMXZj3gW7L/+a8f/jt/8bf+2f/BX/nwe3/U3cG9+T+dPJBldI9ty3+p86x7AJowV3r+shdmJ0wsky8mJwXoPc0J+tpta9MgeIoEVgxNg5SL5uTMNszdCdLtzZc3P/9lylvPK4Lmopxm8jfdY+X36KLF2KFbUGWUyon0/L478f7Mn+4GiEugIJxkcV9mLjKPORc8h2QVbRPvio4TQ6vl7+wauGg68rJ5luVO1NQu7Pq+vbn9xR/8wR//3d978ep1EhezIlsstPjnWaARJXsFEjNF+IcHRm3XIZnouQoD0bhHjt/7P2I8TVQm/2AF6gGGHIfswuxDma3G7dAdoRF0jPO4Ty/6mRnF0ilW/ooggSfUvlLkSHspwmPe9pHbdNd6drwlziljuvb4vOtH33zdXOZImdzTbbBjX0UaVGybbTpIijohS5L1KyFX4bLiBcoCCWwy21dgk39YHREzsqwByHJspyuRDe0wwDOoxEE++jnLcVLX4qGGjQsDrrXM73Q0KeakS99OAPoZuiUDZ6vP+9ktScBs0KT3k0du3nx1s1tS8wupooXzYYULa7URi+X6pr3DI0/fYU7Fk2snaJ5wfakp++O371rCaiYWw+n2uHOR5ucvHu6//ef/e//Esx99ffeuq2S3fpl+w1rn8b0g7+OrT3/0d97/q//K/6nXX3btj4k/fbp7fds8rusW/UrY3a9+9eyLv/an//p/6dc//3njqZ/8dga+NW/CkSFF6EVaWgVwYoSSRQcP0GmnNWKEDUyP1q63VOLkY8OQnvqMFua+2texqsq3KMPoG9cLJypZT5D02tOySUsVz9++/vgHf/T+b//62f3r07WclblHt5iQTZLqu1/8URG+LRYNto1hYpilmj0/PPzo2z+2BtfdPlspP/d26iielPh49/VP/6NfdTnEOaehpfnsXtI9UQSn3tgMNT3IyteZKxXErS7RTzk/tPZipDm2aM09YGfXx+nBMGF2ZGbGmoWjhrZ38//6++9v/DqPnApM1+07Zq5R9EjI7e3rLlaRsDRpdad022AV7uP7h0+/9/NvE9E0I6OWM5s75CgCx4hQt/3uqRMCRkekfQ0xjtPLl+++/fXd/fuKxN2qP4lJlzk+PLx/s1Eg4eGLhtiPVvys0j8+f//990XuMcDx/jgVcaLFv60WelGP7v0niQ9W2y8AuC2h6ThgMkMdiuiBOcaTa4RiEDVUYmBy4pOnNLZx3LXpoKvEu7rThObMrW0yccCEQkz/aFCKdxiLA7ZIJcOoQZYqR53PFKMXjQlWy1QZ53AwJegk6ND/RJkUFy01bZPsN/IfrY41lHXIxOx7wH05xmCCjIhMOA6Dmn+ItQ3HP0H9iDVNUk4OAxAyZf4zW+ovXscG1FFiVo0iaJ9oM81YLCqXHkCNLcpoG7Xo0oWk0LJwPdjKoe7VnzmjLu1K8q5HlwNP6mKezZXlrPPHK1Gk53pBEOMXq/qxnEAttV0QuH/s17V7lrJrht2PIDWF47a54+Y6Yty7C7PAFfISy6aFZCKp1wffpnvT0F2YCDzRDBx70qgV6cLZlHEyRSDBqEZWrKJiptTfxKwyylE75wnST/CWH6qexfA9pl00kgO8cN/1De8Kq6JF3gCXw4TuolZNH4PjyU0QBXHE1yP17SezjeFYLd7HR6gg4kCJFd2X2Dg20tHKUCf68ExkotY2FBVIBBM7eemERcKERAP4m/M5Gi4INqVlqIxRjVGpXQdxr8hvk2lHwbK3ni4qSEUzIva3KjIHK81FTx7kYRw4WHAOpVnzzsqaCRQfZUNDS+tKmXfXXEmbpz51v+oyVNTGNtlItBhKsNGn3ipb22NtB0ygehFQnTIRikxKGq6aHzx2v88P37sB+O0XXnxdoJX8Pz7eF3y//fbV2xcvH/7oF8/unz/8cPfs4wenzf08cGY0dmUZm8tpYsktuPIrtkRkkxmTjQ0IjS5VeGQl5KzMDsGhlNhPdqkuWdXHh0R5IlHT6wQFLBc3ItqYEqQ7HALX49hlMjmtaNmtrvKsVxj55sNgW1Nydp3yTu9PnWwjaqIfBBI8357F+w5rZQSmHFrYAJ3zazEaXekvKFbuAiCn9jYVv3XfzKAwSKxktnJl0ZAKixn0ah7xYDJdQsY0uim6HjQZYnfCyqCVcmvElebFFnnIPKkJi88yAWmrjbK2QtDXUTgkh7XFjtem3oEcgxppicKaOkxUbAc8L6xxlwQncwAFdUj6EXmohExx4gmrmAxfrzP9zmKU2TxHSKdl7XHLYZdAZIjCRo4TAaiYLGy2Jow4/WI16qQ+gUp67K9AOFOM2UIE7dL/6Bc3xzZ2tqiim0jwxW1lJ+J1E9EXd+5J3s5hsjQJZ8jCr4CM9sum/QjoMk0U/Q6UK2hgX97sei8NoxzmDMVUR1jHzFa7OFk/qCZoKCuBBD77foZ3vGd7O1XZrX2GGrO4es5GjSYWOej22dvvfvHDy0+vy7QPnx46AUjEwtLzqS3r3rz44dffffnF2x9+fffe/f23Oam7imLcjameBeqCws3r+1//8PbZi7tOEu63tLEnoEmVfPKerJ+ljiPDPQJnWs5jwaNQYcoVoGsR5ceU7ZjUd1W80FbwRAjx2ezyOvcHNs7acYBwmaXb8BqGO368IZRPadc68k7NhaZOuwceLMMkXKPjq5vOFbDs36JM32mFuftfioZSl8WTEyMe/As+CPJ1y1TPRmdJCYqynTh49YJ0Fh1pIILJlIQCIpFCnLJkXpQb5U8Ua+/ZbSj9X3kDyhDODHJai8dO2AQcwH7EF3Uu8AxKVDoW1uWsKLK1bJMmXSRKu5anOktJ8iTpNKBXpQcUyDwm3SduhJOwc55Tpm7tcZtK8Sjf4S7eb1oTnacixoYxTjRjm0vcjTNzbjz8Jx1LFaUdLiBaBQMw0gy4TKPXZZagkgWes11GVEsx3QMpBJPNrqOQYk75KgsQpswuAabRmQYGZUNtSLM1qiEc6wU/lkjYRrnmp7+wBYNmsta+sOEKGCIly2JBCw7BL1tphXTRdHjUmI4EoNC2YUdl5gAmJk/0ADlQad3fJIP0mfwIIxW6hpro+5n4NHoCX8OQET2EJVlYcdwtXDHJgMcnyI3aQJ4wDh8qHE70DkV+qFifWcvB7dgwh47qQRUNIIortjqyIzUzAl0ziEPoIse0U4+orDUAACAASURBVHJeKC7aF+5cEef+Lryqd20Om1rJo2NNK+HCQNge+kYpxm6NlCia9sM3o5v00JOsBFEPb18nWU86XUiHcxc1oQs5d140G7EApopO0W6W3+2VzV34cCLTjKHqz7f1GYuwV5/UufWWy0IBEkma1ttqcVlj8YGyGVl7AVc769OBwpPIYcc1xgOAtHXmIgxZVaM3GI5oYxiiVRQN6YaxGuRVBwGBVOyYYEsBh/NI1cqGgKs9Fqguw5MFpc55QFIL3ZNmkA64o8NNPeRUDYorjzBLTeg7JOQRaKIHpGoaREfLkV4EHoiZYmZiLjzLTlMmgYdOzAkX5Zy42WnFllE6qzSFCBAbqkh8fiJIgpNYtV3ZUFxQx8gzv2Uoh22xbWAak74EVxTHKYBTrbn/UJ56Z2FnVQeVvrRGbpcRXna/W8NS76t9d+e3MV3D6mdrYtyi9e1NL/tvjNidbJ9evu6e1Z7z+6GrGGX00yuYQJQvxui0qf9c4YacaZFiSRoMRzfBalfIuAGpSRAxBVZ0DIGMSqW++DfXtUfHszVMlAKo9x2C8Tj5OvVl12xDrDnCkioeosIfk3S+MW+NQBaeGc3Eao5s0MBqRaT9ocmmfM1Nx8uT4jPV6shH2OHm1smrBhE0icRTEskG8V48IhXUTk1PBVA6708SK0BHiPQvxOKQ02SFdhAn6lOAd7BTLbVGWsLgOeAhp4j/kK09zD4LZXWTnKZHhxP4keaDmaj6mZaslWrBzy8XolSriQpFT3DLLh2I9YUaRviQKwMVqWN1iPM5qhlmulVoLtpZfrzMUbRMlb5EPo8RgxwBMTgp+oBb/6qW5JiUKTLtokBKJ3ktOB6qiDjeF8BKuIWbD5dnOk6hsRwbFDMjF3fyOvUPUa616jNLpGT/gUbv6oz5pXI3OGESOtiqAJ6o1R+9fLe43bTyCZ3eKLH0tUWoGJDAJkyNGqJM9Wz0lJRoSucajzhJnkQCwWlOtVTJM896n0ujXvM94Vbw1Sm6hNxP/zX97+bYhrdulenxOOcKvfjF7O2uH/2r9z3v979fvH7TJYLnN2/fNM7dvWvq+On27ZkrO78taTkRSLJUxj6x/S+nZbcJmdisGUB6SXlcdLnmIGQq2KuvgfZHb467QNTsyNfT/xWhOIkYw3vyWzyz0uKUs3W35qbxE54RkDzKKibzKp93ItS4nLH0RM6YLF2tjW09ymVbv/pT+uTRzLvbe7wccznL6oPEHnRkNmoWPoui4qC3qqXBOk9+XYa+FJqVpITwmGZh2MEmDEm4rpWeGTalTCm2VK9T0X0BkyVZJNxUw6Vvlo6i++UNg+5ByCrqeOVkJMI6KWkrZaV/sdKDjKFwTqA8cS7jWr1Kg1WEPtfMd5YjO0SCFHFl/vaLxgRwFppM4QwyywrW/kv2/ZSj6QGCmQBKNCskteCJTMh84VtuFjNNotbKWqg5IthgpvQCcU49mMDAAGaxOTgXei4eYUJXUMRYHjMF0U/VRZmI4xNs1FHrnxl5BEl+CjaGMPQ81U/0tYyGegGXLMxVfRUDW8h2NEUmKjpBgwilPYX7L0YnaPsSWk4+JAZKGGKPcg30ERDrFfC2CbNaqtfedvFZudphX18R0UziNZQ+7OPzJN2qyanlfF0UAjlIHRMdnZlk7NGsqgqmOiJjOjJITaNTWN1/trGGMMd2dFA6OA6PyOM60kGKrJZyclWD8BhWKbGU8moIg1gdzwVRy3D60AJ3IZLnGT+Igryatvp8Z7bxDrPbBGvbAL/Rkww7aRYd4tsdmd5I5FR7dkwoyufE0MnQqFQnTY94l+Lrk92eh20tFsbz7ahSFMyxlQAl+Hxy0ioJ61MpQbaWKTr99mZSeY+1I9B2CFh23dIIG3U/euaZF6J0N5PqwgL98ohkcvhNhLgfq0yYxDP0oX1tDJJkBDki1r7kcjpS1ixZH/ETTPqY1Atj1pl1Z4T4MxLKxGGKOemy/6Ylx5LOe3TCVNAYxZEJ3p+eTbgAKkx4ki0MyAo+AAz47XRqCPzSGBHl0UGrbSImVWZuq2IXSGPiVMpKhUG01ZYPD91Eakzfo+clv04FTYurOjwKqQyTPPFd1fw62atJKuyUQLRXQRYarO0px8audsHSmCFwAkohpLtxhmqdDXx492Au/+LF3V13sva6z2ddeu6Hfluw5BIWYoHJgNjMcWrHbwnskiMZ2HheJFnAGYK3ZB7zjSSYKc+cRjvD1szaeteSWVAhL1ZqamKCUltXrMV3R7hQvZA1yAuBumGyNTgP/rovDlawQU9rIrUhnwMQWGDsSPIXbdrb1oHATB+1xGRoEjMtEYBKteuTlQKvrNW3xuYU3UZlkrmIQ1AfKFuIu8bksJV856NIRwQLjEQZ2levq1zkYXhNT7Abgomgcl9k3kC2CGVyNKpNMvJWXVntqrQmJDZttK7BBmkhtd2ai+S1BLcLqANcqINGkL6baJYNUpNwdGlDsQpBnmXiua6btFTUmoPGBBXACCrzUIrRqykE3FEAXHlXHIgQDQlrmMD7H71TuEgiuga2MCGpVW/Q3KfWLBf9cRzvVYeGYIoR40BKb0RacLZ0agrVxHkRGuVkWQRFMftJnc2mugeoguwQP31e9KP3xPMSZVpUpuu+j2CXblEMmWVXXamGDq6YLMFX7uuEaQMXM2V45/ZwO1qKCag2FqiiCzRpFIl6WVHnKeUej8scIbzymkY56sP3fuy29HL3vqeFxE1T4fsPYUWhbJGOqS39eDVPimNY285hkhJGQpO3rxndYpgW2rpGpP1qm14HyvcZrfmhDx33N2fFPWD0IpCbcAIT5y3MdVNObzfiB0k220XLnK0QtPjvyn/LduncrDqcVK7NVDXqu1XfJFUiJ+Urg3Y355CgelPbimdtIaewmFSkgzd9ZBhSna9G1WhHmqWz9yIhGaoxAgip9BBl7aalWLz+nQx0b5cgrxbIBbMnDbrO0MPZvVuiybZXD5vioBztBXoS5ZqQPLGop5wemC22fEKEyKb36YbOMIyEJ6GT3u1r9GAg+aWumP0EF0uXuTr5mSNSTTIaKB0YLkppwSbrpN3a0KEZzfH1wfO4REAzQnMhNsJwEytGaGPq5ADXcSKwUscyZQfVrSNUrlExwGwRVDVA9Th5ftS40Cdw1qi941qELhJAHZ1sWbFGJFNjxnfECeKMKHgQ8ZAMXo5DAaLi8Ws16qbDycTpCu5iqwgjIdA6MpGzIl6wDZUdP0kLKHUBiZhL/CPKkYDULBbEWhMn2AOoDsvMg+pYOl7tWnAcKglQ8AzAZFztADXh8bQdosgFSGgMbGpiPgp9zXosGuXho+9Duuh9JglnaNd+EIgpTPK6HN9NMbbAyN/p9esHhJTH1y/K3mdVJNLLVZMrhOMPuGcTAaQBVvjE7zLegWDLmPUlDPdnzaBqVnPKHi7jEGlh34QgKtXkk4iP/eSmSyqEojsUrvoZMl2cM9o1kQtRnuAtBotqwuhJUX9ikimrkd5nyxp0bRwYOaQtANVMKcIT1J8DSN0OXppwuTKNvex5LHORTnfgaVZpZJGAjvbEOlcfkk1eOwKvX3XIkISGg9tiQ6fsqKaZmnKAcK9WbOeyatgLwUlst7TDUFJ3aJOiL3kZAX0To8WtklqCkkC/VaFjZJyKKip2AsEkmtpI2jdbVXPN3ACMapQneFImBrRFSLfyJ3F2g146awjRwRsdBamhQmZkhTI2VpGedY4fyqzFdORY3kCRfZiG6AusVWXeBcFpCLyRaDUlRHSmUCm+hbp+3yeOz/w6ffn6izdvfvXiw4cf7l70TNyrl70LMNAu2z72m19uPTPHXLxMd47e0jX2uX3WYY5pGxeqzWestHidFuBm5uXQGbLMVXtUA+QCfQZsRPrKfYUabYqLzGf8YbI4HmU6H9j1456pqFuzdJynl8vujRWhzQJEtoSUWulBiovnxEYfP/fDrjx5cOMuwOhOrOuLpcFHaaikp/MhA336JNE1GHShnGp1IpQCqOh9SvBBw62PJZ5mwZWOkgK+V8+y7hg6JxvOA82QsW0Alq9EBsqJ5Wv9JIJXp0PSH0NHMdEHiW3V2xL+4nfER2Nww6HekfVAd20Lap85JwcgWkeTPNsyWqeS6aHLzSlASR8Yxeoemuaz2qu4ai+eTFH7VLFj7KIFz1M7dTQjODXZjOWgsS0RBhDSOswhWMOILDsN3fF6shZ/IS/wAm0i2jaIpQiA62k0zVLzUuUz++lMZxEfiBdP5RZuc7tQil4mHJOWV3u7StIeHV0QTl7sbZOaeU7R4QUX0LQ9voyvptpr5lyQA+lYXzr401t8VAidrM2tGomMKxFMIoXa9j6lB0vjZoYJ7bUEXQHsZTVu/HAG3s9vvXznx2t7ALS7Y169fdMT2InQ4kXrpyQhG3sLZ9Y4U9++yeGb1v2ht3wWzIIvCekwsXNALphBSEa82KCMsG3NkvtcHeUypjjMJPye8ScH7dDkOGv7XJbY9Zpm0DfPb7t8YYaebEM+jphBUTr9RJzK1GglRKJnk+bfXRi5ydUD6+Sh9iTcqbvsLRIzKcEQiCNjU2qKTAXCuaES5GnLJ3pGietou3o9iFE37LWPkcDrEgD2C7746UJwDZTY+3lRXXK9TNRqjEsCtNv0G9Gaj4Wu2OrOBVdNe9LQQKCpbYYPtsPFnGRV9Sw9nUY3+EXSNYQHTBRMc1Ng9YS+ZorionmRWySDcYbBFHweBCDjDt5krqjzB4KKemFCSRxGeP2rKsecrxXzKgIzgKljeUSPTBU7CDgrprAOGy6CEg2rgJ5nOl75UNY6M/giziFDvVAXfBDMZC+DD2TiRCZ2qM4PK4mgGB/WiaMyhwvxghLjIzcqIjjCo0ujyBBCVwsqTHKTOTj9Cd2+OA2ZHRxdnmhOgRApEebA2GjHM64hZoUDI6SSLA7k6xknxxFehiMGEYFUv71vOia0YfBAP3Gb0MEG8znIqVcV7QLzd4J6Ul0018apMTvguugU7ZjXJ+agyTSn02rCDakuwCATC3crOMdk0EfDYe2/ESXos7U/0nHVb/w0YeeFSiW93OcGiYDNSIZD1/gfgcR9LHqoqviz6JCxAwDbKUmoEVgoqpG0FsnoTcGjz1QK85IoVY4pjzrsQIfL8LpSvHRdFFlmZst4qeIYNHbBWGatucvE8ldeCDHx5LYFOpXCZngaWV1mMrV9JnPE4oz6xKxap077A5UTapuzVl1ccWJxtASa1FHeWkaiRR+bSU76joJNkitb6MREOkodPQ5G2iQIf8/upD78OZTG03OlNTx1J5bEAUIFJKYz7SaGVgehYjG8teww8DMjoE/Snx6Q3IyYX1NJXUEy73N+J6KNKpP3jDl5JSFKocdljTS7KKtq6ow9Aaliq4INuLz+xvEljHjJR723uxG8u5CtV1Z587pnjJ2hdjtSRvzw7sPrL17dfvGqNcKeEm4VqYeYkzAKWyI8mnrbVTw2u6H4EYMR4m2ciTL/PUUyeYRIEPK9TDtC1oAo3xEB/aSOW1flLmFm5aeWSpZVAVTfKtCCtKBooLomwSIkmgY1fbh+FP2OQ4iHJjIu0PizjzDD14ewC/tZcpBrPRQA4R21ioG0PxXUQeHpGMBGmhoGpcfMye4kaHHuaOP0TxAjlVUl87b8vykzocNPl0s4ET37443wmg/6EZ2lo4RMmn6WkTQobzfUHdDnNCCk6qQGdHmIyXhjOmteZx9XvZyCoU/qQzQvCUWsDVZNChq1ivdDIu/lm8Ito19zqJkRQcyqy+EEETEIqY7KooAfxIPWqucnBzOS6iQ+pqwZ5zAvE9XY/JumTCnp9T2exyAaRhZdgRUUodIugftWx38RHF5dFYUEE80pbGlg9E1QuoUnEt0v4byVAgHK3AK22Lf0Y+W1wMvTEa2b69gSVsErDRAH4jEGlqt6kjKKDHWq7fvsGDwZxZ6gosGEjzkeBpKA4xPjpdBqm6z7rd8s1vlzt5AloAd/84YEnkvXe2u8f/Zw1wXAXmzTcBSFV3edd++0hjQ9SPu+N4J2xi3Q+8lwrwd99qJ7VCOciF6qYwiLMNE+93zSEjmKRj1SZ2qFgI4D2fpYI7s4vzJMlE3pbUWq75CvQDEfCyBi3B+M41oVp080+mlFC2HNa5PNGlHTzvCrywJw66KBRZE0bEfDRMp6cRupzpz8NnLqMunUKdpbKnHjS+6E1SUFp1gRdjZyYqnbg3g3u8WmZrjn0vTYysXVheVUMNGnOmAWWUPnlomzso5SIRa57FO/MHplubTPUhrzK1MJwKkUaI0kyFBS907H5paZNYPgnQKPz7v8+/J1KhiXuwyCf8qFnaQkPKJVywMzTFXt43C1MwsVGO1cLAg3Zr8ZtjJSV5XnaFgxpg+VIkNi7GI0/+eWgmWBG5sYEaWAmuRjSkbml38w7QtI8veOF7O6yTlEbIJqN9frf1yxG900jGeqR6y+ukiIdvXSA72gTj/CRhhSQTl5p8G0WOefG4VNaMdfuB8NS1aRnYqj+P/n6k9+Nf3e/a6vur13VX2bX3N+x6fz8bGNjYnBYBwiIDBASAgkJISSDNIMQiaZRUoySf4EMouSWTJgzCBRhJhERHFIBAJkegQYx8b42Mc+za/7NlW1u6q83p/17O/vOHfVfp77Xuta1/W5mnWtda+7edD0r5iBwedhU0euTaLI9TmqjiuochpnEAc1Du5p0Cf6HdTAVgit2R8qzngXhLNJZJU8leKbM9oSN4E0DubAnCsA0QxsVCk9gqcmE3AOuOU7ggA96dc3NRKw1u2lz3pm7J7w2E1uGNc2/Haj316yqugvSJnGge5AdKd2hUjU3NhsIWcXBid2JD/OQ6IoIWHFouRzYbJCInOHLcnz/+VgTio8FetXBNXf64pHbMMUQC0HZ9VyduNtINK7BpZnNvM3rzVbKsGYJXgO2KobFGmnMIDtsxE1V+FTx2kXZvwvsXkuO5CxXopECwHmsq7BSCLEj3gNsQpHaGd7ajWXaqEariGdTTZ0Qe/EZstC+KX1kGWPBeK6UFDXG09lpiRbKaFJybRHXNZrc5xS56DD7lANoZaqatu8cxDzADvPkgOWXrmS2eKsbOZaBJzdAcowx6MJLEgu0KMOnC8CLjv73lFwol66OgKHK79FsFqYQp/0blLf+7Bzi/20R+o+LknJQQ/nGTgZViOqbCA8yJsoFBvjm1/9m7GyW1OZxukyPUF4ozhhZHd0YclYFql6/HwHUBDiHn3zbIOgt8m9ummiv9XKZ198/vrdh4erbu3tpe26nRcXPt55b3iDeU7TMfJVAVzU8fLmQvZTrRgEp7Czd6LZTtvUtu+bAdIkK2bjEHXYZwFxURjRbBV9s5qOES1Wx6GZVBy6Jz2FN7XeWYDo7gILC9f7Mry1StGdgGQPEdtmkdyz4sQOBvSJVnsgYT7QOx7kJ2i8HG2Om94ApuYO9wV4gVmvyS7zfj0xuAKIuP7FP9VsKwnGckI5qTjLi1Ur7ebj0zGKpbirbVZ25PV11NvnGl4iK2VIGrtQroWPYQ5HiCZmlUXkkE1uBjiVQ76jWNS95sE0ZHUhbUdNFUXlGC49VWqeNSNUiuLwF1AbSmZm1nyC0WQneJGGcpZafuwwWJlgApCQ25Q1gSide+z2xbREZFNXfGpWfa3hHpdQOFQeW7LyTBsfhYAimkQb+fZ9+XY64Zv3M3/LJqWepn15vLAz1R4qk+N+AW6ntU4sTsp1LOffe1pGFLm53s9EaIpJckgj8ei9PcZIdniSnUqH8LtwWHcc6gOXdLiiDaBb+VNmBmo9HpdMJ/14uvPRT33NCLRhYGnK1TPyu42kEOuHK1vA8iqLl48vn324vX95cy1FKPYugIeHB/eaWEAwOHnU/vbuQdwyy251q29Y2DIDljkgaMvw4Z8KXdEExP5CHfaFjbJLBv2Fzk2j0ybc/hUKM8rcrrDyaZWV+ss3F1qt0igq4Dzb7HfPemqGeojYBowaP1kX3gkLJq6M6Ro8R+1S+QbjrZ2ouATJulqvdTvWKzk1X6UEFoZubCgIassmGagzCKVqQroo1bsvb02t9iyKTWchnP26HDMDlT1ktM5BMHOu2XCYbQpqSdqlRacoXOAqTb/qyORluq6Aior6AnSdCJ39fVq2c9rxqZ96QNSFoNkqi3ReV6yHO4vOTO2EKKm5o3/VZGQ1S8T2SiM706jaf5edjTtnnpNxW4HSXWrrr6Z21psbbPxVwm6dHC9+kp9RQKpXtxhqS+iaaQLnQiKqNVeZ14vkM2C2Codvx4TXhRq+CrgLt14okWnRhyerRh7QWmoTcR9FwElgMOj0k7+PQ1UBFhcTJTSwCo/4uON7sPcVnAUuiw/16jwJmnZlARZlB5LjMkGJTZW2zkm1UJeFyCUmwz7VV5aWHPQdSZX+x2V6OgjmqY9BhrtY7HDdoXrl2Qgs+c3+xaYBcXCst4pLSV8pTpUjaYLtbimpNvu/nRliMoZEVbpXfzmm2wCM6cqyyP6ywLDMymHWasabwMgiYcSnieV3gjIB6qK9qcZcg1m6ZrgGuYGM7ingkpmEnpiJCP2LF176lVrOL6bcQie3nVnICcatCKwkATk3Lj5yWQfaO8TJDC2IgWvmvecFMsRIFrQtXwxDfKpqUKp1bNejlwPWRpBUBsRWlJt06pnD1IRo4xaDtUyQOlTYRQDjiVMAY1trmU5fINTP8wnj+Kq3pYjy+LdTestQY5X15JoFFDDaRL4ZTothA34JmtkzW9PNpIJCae2HCFJnZtIuJKm6NukTO7l83TCV8ZR0qRyNhnPaBEeaqec41RmpOOk40mp38F2gKkAEZON3qq5VDIoMZAE7LKb3KUiFQa7LSZetKyYM7iMgOyScRMPtzTmtGY12nRvQvGigxxFUwxp1NelYfhgCgcAw1qjiWmantfUQGXS625dQGLCUfNKiwczI4Sc/86treJ8+vnt3+8zKT5b8+ME7AXvZ3KNVv04WvNY6yWcCjhv+rSQtGKYPrnRLs5I6vBvhyuA0aCbLSmEdnOAGrF7JdEOVZjl4YWHVqYzE7TOO8uZl/Yve7nG3kytLd92zZCyZY2oVvF0oe9Vcx7P1Fyb41zZLsXrzo4jByFixdnj+FCian9W28jbt7ffPVgBc4mccarw/rVSpbLTErrkgo2zIyPDmHFq3usYdTYwuQay9Epkj9XPdPK52IllCMIQu5mrtxnVZLKCJ1FlCHecV+Zq6+X2oT3OKFhYDeVSJ27jGRxOtwU8f+/krDx3LQakOo0Q1RM2e8Qp+Vfk0azlo0mKENrM414siUh7rAaZIgON8MM82q0MRh6fqlIUM57BX6u9sFZ1rCzsOfxwhGpAtPx6W0y1vTNe4zGX7HsPMELsRZkz/VRQhWJ7aLFExc7M+DYqiPHI45DU8OHpP32/Op8iRjrjSbKOhdXXXVPUnu8rL8LRnoOJhKpx+GGfsk5/tcMporDALHCWmgVBTM00jkgBqSFk4Vxx+f9nKIu9sUHLXjEVlB60FJH1amQAp+c/6wTLTfKa0jHp97Q7BVy0mdPIdTr1MlgIG6uZ5ZqI+Yphokrg+SYVmRACEKiAKEyCcBsVHPSblUj+V4psqaVK81pVWelTLAniGczzXHWaCcbwQ1WJbjGb6+kcdwM9xHjEo5zYOYAUgfTXlUmuU82YkYnXbnXFUaSQyIHZ2xDS47S0PmGgyT52um7N2jpie6ZvSpzsV7fZ73HQ3iA1GkDKj1pSungl9XwbZrDyVhpb4Wab8CJBzgObWZvgbZKwubZ7g+kZdlRd34SEO/u2TSUJUcM18CeMK9TTOXbBUs2GGhHVAAGMwZ2RTHPIBHgprvD5SQCFpoqK9LffjhRBMF8Hs1Be6J7bGGdy4LQ6KQ4xGhcfS/zEJLqsi8OwsUGgHUhQxCgIMfLAM41ugXtqFLo00jsG4VAI5Q4Y+rEeL451jsgbG7lkKapRIKKI30FHp2A5YjGp+YdSOY/NBEZShtFQQxYYLqpFei0r2QSAJjdKXrZBJ3HrPhTA1coUvwusOaGox9tNgRoxMUdDiQtLTv5Wl/6XVYTEUp+iYo32gx3Y4D7NjssMUQTuRZKVZ/kJKeNK3jcXTAVpNclrtbGDl9KIgc0ZMcl+UA5IvjyYX6qfqxKXZMcLhNeYKOiruZ6P0wKqIHt8ktjMHtqeWLYeJQecpH2Iy8dRDU/V6w9ADq8xW6toWXsBCruOloYL9J8z/vKq4GJeXp2BKYR0DNZou/zquXMWQFHYYmnmhk5pNrApG87YlKf0errgQ7DORsYoaDSbtJz2KMNcjiQhqPFo6nB9mnDWMrul+8w8pH41JnjOE6DJsYIFr3NrIymdN3fEmGvTTJUDJSohX7uqhgmwT0clNGXZz01AjjEVISzUOWX+Qx4GPWjbllD56htIMVwtHRvlDurlImLtp3JWNeqeUTbMsy0xLS7gWbljn2bkgwfgM6KVozltJdb84mu3WKLi1KbL6BmxsURQVhfKaNUOeqArMzlUS1qpXvskoGJ0gqiLbbjxjrJ7MftmCaSU1w3uiikd74cjAzXDTYLj65CePErut9OGTHxU2BJvAW3y7e7g14bh6cdUCjBde+6kK5woC6uHdzevPXdy/fvXmvUc9XnjLx4Pbfg3z3T9Kl1fXd+5tsI7XhfOEb2ZF77S/jDBNvqki59dVsnhpi+lbtO7GgvYapzSOSWrTLBvQLcMWOev01GxY61yIVpG0Q6pT1PrRGs0i4mfy1wmg2WhqYHFLoht8E46tgLry+J2pSdwL7MwY68xvL8vmszI7BMu4GbiiOPhXQEaLmguV+IiVKn9IlZsTDX4GSiHljYBbne9MaRko8FFpjIoFAWyxzYF+FKBCPFNM9Dxbr1Cslqe5LMMHT0vTxs5408c/9jToYhFlhelDlqPCD/cZPN6oRlToHdra54Q1vgBkZJQ13NByTQAAIABJREFUKqjtEhvVvsYzj4WvV50IKd10CoRGGBR8a68tx/HEUJ0uMj2HD8epDmZxEHES/GWMjooz2iUS27aZLx8e3KSovigTOUmg1fkQ1+tqQ1rqrs1hML0mamrNNafDZXoI5vbaJEtwVNge8gI9uLGTDRWP94Bo0PJqPZdFxKCOtCTkhudU6r41Y0EXAUFq9o/A74Rox70XqxSQuDj7DGai6w0T4nt7VQRuqaAwzQQl9aZGqeT105hrnT36gardLFLcdV9H4jKpM2Sn+PfXWx7uRwuO7Y91vL3R1ZRPH19f+z3y27fXkgpVujXcz5O/vnnz8M7vRFlFMGr4pVsOD2uLzR4jCHRygBImeiHtSwtTIidJ0keDTtcg/s7eoFFxGC/EWd22m65yBSnYYrf6Q646ExzrpB8ZlRXBvuaqvvzlxzlvDzfrviWdkOI3x0VWIMYgDi2EU4sds6Uilz4w1C5BWSy4Tzo3jClI+61yw+mGF62CN7Yo83V/eb3Yq3aBntgVRMloBlADfygAQDRPO04jV1rq+nGpypWXUm5anS6JL6ujcKISSVAjBDVn4RhIvwnTU4W9AanfflaFWoQ3EOjcDQSJG/Kkr0nRd7TBJ6Yxx3M3NlGFLoGugtpWW4/jRyxCdU8JJ+hx1C6rYlwYBDLbMM2RHG/BOuw+TxQVaLBnuf1nmRg5yFaxmfjkRzCucQ5mvIck5a3xLBkfV0YHWDejIqptnwO/mu8EzAAbzjRoZEQX2XiTt8mHsvIvphWT7bOt72jGZG23W9XaRxBWhshyhh77RChOrdP6MMlqEVXH3wSht2M3rSfr7DyJ9902fU+D8atFzbTTakwdZK08XuGUGEnlRW4HnQAEb8ISF5yqL/zsxbAthaPg9VVGlVKVPzFfw2pP4cBiIBXWSYf8Im9mr6FNvI11gmKqaDKnSiVJV3yRdCqzQ/RdpysQJyI6JVk0UxaiNeZOrX33Wau1vcjJmhvzi1j9ZaL7re/ue9tY6CeeNgMqa4ngaUJkTI9OpwOcLqHC7aZYesbRO6QtrFzJ5HUGD2maBJsgbZm3y8fe5GwaPDyDt0SmZ4OQrYCvZ02HirAcVuzty0IfP/qVK++iUeV5qKZ9zZskrFzqDcCmUw8/vnt81yWOmg982TodYn391vVVnKnVoZTItzhAzwkZ7vr5p9cN7ak6BVv5KEXa5ifvl3ePd94JU0Ke3Gc2/+zKuyy9sto1Sl3+hTcvGDBj37/9QM2jXzHxYyLeXO9n6l8+vH94cdXY0oQJZtILzxakJhH77DBsye9gX9Asg8zdJa/4qyX2UFBgQRBBmvQd2mVwJI7Wdsxz7Lq+0fbZ654C3NDa4r2YwJOJsghr4eVZXE0rQRh3wZjPGqVwZdvCQVFKj/ZgUdm/uvvwLhF51fOHx/u797dMemdI+OzN51+89Ztyzz59eOaen6acnz578+rh4zu/QPR4/eXP7u9/+rUf8rxxt8LVlffivbi5cWdSQ8ftbbflf3r29vHjz3OZbhgwrp/9m2MdKzQ7N2hQzxRknSA6K51+UfSV5S5r9V4YbJbRq1GowEED3R08MSu/Z8mpQXCeiNDknSTDrV8nC4BX7HWCl7JOSkThRmJDlvs+vGraTD+H4QkIlsVoqjSKYtiwFK4siDs9JjZzq8OVxAyMKq9MOcqkYhupBcQKcsymtTklasWrW8NCjlhO4u1PH+8+PnjQIjg4dOOcaVQwM2XrriqaWIWBcBNE4/EuUG4UTpJf3DSKkqR8GHZESlOS9ZdQPEG0s90QX4KSVqlmA9Y/2mlQ/XaHHoSOZxOlR6tRoZvZ6klIeXsnLeZ8DEtJue3K0nIR0tC9HDA4YF5d3/mpxKYcRCUH4GzLHRmons0tFVWRUBiKgLwDxYGRjt9BGkb8Q+ors1XLdDsbaXWXec0xgD5V+WKAfH+noBZOFHIEwjMft2uiB1I6SjR7rZSLYa3ApHtt46OlF0Hqn37qwY9jpFbYC6/evuL2nib/r/y2dzcBPgh8r3/XEsoUu25+gks3cph5v7jx8kiivYSrOSCkQfewql0syU3LFFiGCEcqnjA9wbzptcjREzLas+tXV3fW50H/8P56c1d8MvxshY/Ao5Abefzi7ycv9Ow+H6Cco+s77vBxWv/p9ZvXlhJ+/HMc3gAqddx7AuDx8ebNlReYufn/q2/f/frnn//wl3/5xz8G0Y0mKUUQhzYM8r4rdMaSu3u333fakfQLhrpxwZt+RX7qAa6/j8WTkkUGvWu3mtjPDJXSAMdS7PJPvNv6rGD/NlbUfrVuyRJ0bE66Z6HevDGbDAUpG/8LwR0iz0q1i11TdhSWU2IU+3ZwMVVM0QkQbhD1LDTuoC0j2m3gik9lnZ2d4WtAh7Ez+em37ry0on2dMadjGT+tiasMmxiZmxe4OHjOwo1bz19ZaVgfDM9Yfdz9TnJOJwAprqVOzvWZPmCsiZaaNewkMN2OGw2oBZBgcLYqNKYAO6TjIrSAcXo7NjrjToSP7TvBZUangd3/xk/ZIoN0/wLSmDmeatpvmiR3nDl99s8cKNK3v2DmsQyqkPeCkOr4VlybUVXY/9odCypXq7DIcrD0GUutFYqdEoWklbcFw354K2df9JqgyNNgjJcl80VH53awsCeEXcKJeKt3jDKDpuPITycO/ra1uuyqZ7PolGJ0bCTBFOFBPQwSStqRB3TCxv3ScHX5E1ktEu3fQRCnAD3xOnA69L9K/9vLXKXFHT+1iNUhO0YcOVIDW2iSkhH61u4X2xh+J9NRtWO0Fpp8Rx+bqjDJAe1vjWsfh+n5nCTKHW4z0d8td/zDEMOopsvyzxGgqo41At8zVI3YLxX6X+Uk7BC2RpGVn+lJjB0eRNUdYVJ4P5fVQG5tRMz/uT/69m3nL7oDkt39H/9JqnE8wqfbCXPdVH/zFbxrPwX8G7/0+OJHX3jl8n7D4+Mr0arKW1qke2+SeHv1/OZnYbUNjzg6gOtmsuAO8J+VHaznlzerxevmR6/f/Oilaw0p11lvndtuz0gZBT8++5XXz5/dSpdZw6adWnjrNvjYC/wclpghwaU00fb8l2+ufuWqO0bNFCJvgli5VFJKur7/a988/Ly5g07IKg3aB3Md8/HZ26ub/9YPPKilWPbkc+vRRlYjFj39BuHj7z3c/Vdf9U46US8f3bK+4dad7WU0uWWW3Ok8nGwyR7UXUh/snFp9DXEaTokQXbreyhzsH6WjxwodRdbywqZEFWMK7pMPn73942/7MXGeTWov2BAEZeR+SOL149efHn7vQ6A0TPsMEyUtcDJRPn2hescx559RbVeJsvOYqVYuWz/6Od7nrz9/+9Eq3csX/+F/+PP/w7/z/vrGdYAGAhzfvXu8+eJ1U7dnL79++bf+5X/lf/5LP7h59+39fe/+5p37yYe/1aM311cffunF9S85ZwNxc3PPBW/lqX5n0rJfjswwTrk07zzQT+A9iB/O/PTi7aff+2+evXv3cHffT6XyoJASlkU7bXpLoPXCehQtMKEZTelBF1Owh8frN9c/+KM/cKvhSp23eFiwauHA9Manr949v/34WYMIhpL+TFeslI0zGlv7WLwX/G21T6I+0FEnBr5Pmb3ORiMbjPrKcn4A5iZKhC8vNX/Yme/co+AkI/UKInn84kc//Pz7P+gwdi3pAdS90cwjGB+e/e2/+v9N6fTPwD6iDUvzs9ff/8GPfutPPt6976aR5JqinZe0OrkywN/8wd/87W9+/NPewUI4mSgwwCvYF3VTxRaovnBexXRP3BQMQgLONsJY5WT/2G9NEZWZRuxBcQ+R/+qf+tPmi+ubzWhTCvuSVNcoJMPVOqFpGqBxnA+zSYpsgCabwAAeimkzMwEQUVguSthP4XDYEXapi6YynUOrhDRB0mYiI6NQtlaY7lOuIH+CVJCIW9AH5vHFp6tnP/mrH7/9PQurc42mWmJyeLi+dftrf+L7bz97ef+teX7Tpc5LPWmK6+zvBvw3f+Yfwn9Xbq2VCBj/jAs4Ofkjp9gPvp24FwFBayIR+qbkFw3UMElzlVDgrxqHGCj2Ye3WZB879xc5I/t09fkP/ta/8W/c/fbfuv7sDYfQq7wT+95ZWTYVgP/uXytm9crMlH0GUL59+bOPj3dfvf/f/Ut/2hKF7IBv41ln8q+d0RvKPn/7R/9ff/Mv/z/+p/+zL9/o2ldeJfDqpl8D7hSqG9B3ierLHz3+iT/37M4iB+e403w4UmRWDI3yLF7Xvaia+S9o8q/DkQQ4mvR/KotsxZHY0+UvVKTFfVuWjqMTOWsxBk+NgLy+/uqv/vaHn38tNdVIbmli3W+vYlS86dzvf9qSTTZuiH6wzPT8kx9FaCWOTV0tje2JxqKejXFQ1Bu768LPvr3tjUF1mxB1LaAFCXTuI1JQ3loagrZeUzrSa8ZJIxMxaMKrxAbDFuzZL0+/u/UeVjP10h3Fwcmx5rUbiGjafZLdtnV0QlS1k4cK+qmiq5/8/Of3fuK91N2ZFFML0H6cohkAfN/FWTjnBxaFqX++8+oMpeXyZkYfGLWCyZvDH77ptqpUZoVOz1WI7TT89Pj+2/uf/r4wFPiYUUSjOB/+s0ySKvUFTDuneiXpi88Ka4aqr4J7LBimkFhFqtgKvfhNnPTkCfd7kg+VqRcT96+b5Vp8uv0gaBlt6YKDmlvPeKxD7MUEg5AtCCbuwK02ByYrQP73z/HBuzQQoNqkJLJ1jMOI9ftXLpm7n2Rx7kQHc/xgs6XwOHeUcnGtarWjWI9QhOmToQFT+gsvH3Its9CaznodtDOoSx0dKu0EgLRk4HNaJOtpU3Hane+KR52icTtpoOb2jkEuTJZCV5LoTDM402aYBvUgnYwdz5iZc3SJm9IZZEtrEWXoahYnB96O2WwG1TyaHURZDCFb0BxJUQxVTHI2c5oPbzRhX43638tVPn32/P6V9RDJUznSwQFGO4fZPkAS/UUgZoKy0cGtci9vLdA/vrqZ5slq7iVFex/zxHYqX/qZUZOoeP/jHkQ4njoA0fvfUDGkEXYB3Vxau6OQslYnwS0D0tlJgBfBjIkOfpoE19ZKIJcRuFHspLESTN2rKalmjUpW45q0AaNrGeDKffZKUdHtVp61waguYHIP4/JDzV98+fz5A+dVgrsTIU8GW8eAsBteTFjdKSVOmNQwxiyW36wO1znjR42+hpwUB6ntOEvtgwaOO4oMg5Rb1ZNFGwx4q8JTs5ySGZScshhgcTgk5JSH2dzhhDGYRlC8cnbbTrML+4JzVq1hR61A8hYzcW7pP+j+7KBIUIcHZ/gTRzhz4WamfXP96t2tW/mf//irT//mf/XuVU8jN7nAgrfN294/3F9dvX734vE3//Qfe/HFxx8C5SxrQxcpDJnz2PHxhZuDvHEnHxs4PnnOry6FzZR9/OTaglYZEOL8FhLzgyUgM6H733nXMrchFjbtAr6v0GfVWb6MZGcjc0G3oC0Irl+/vP7sunfTpeyJqXm5cyMvJn/17qdv3n/7xojcrEozf4MgNMnK1D0wZ2dWJCMUs+IMduIke+KvcQYGpt2cFjseYfBG4CDMiBm82q7m1Kxx8uKUdKtqMj5+vDZ3NJTUUyiXNEZ83m/5GUk6x9VeQTGvjxQGnXvXUUkLw4ubz972c5ntInYf9j2tnz/emGsiMY0IlS3MExsSe/taTVqdI0Yg4GmzqybklY3NqY3TvLwdHx2nUMd4ibEz1RDPzj38qJxuuoBlnVmfYhIir/gR1Jd6r/tP6ojbwBWGG9XKgjFPRKZoJ3tfTG9vEoOWY/LcnOGz/4fjweQ6SVyQsOChtTxVtEa5AZxJsddIC9qM2eUriUUsypqMMUAvX3z7/NP7HRvoit0c0zJNsyUlz29uzPRevP38mlt5uNthuoDj7jsufXRx9cX3PteTAnKS6DTis7r1QTD2oOE+9AUublNGhhBbhcPRY5aijcMapMtqBl586RS5xJ9VJP/vb+8+fH3v7FvgFl17Jljg5J9ne6ezB33uuu3diWVMhxMXWFpjef7+n/sn/+yzV1Yoep/Py+vuByw+P0q6j2++9+q/+D/97d/+f/71H32mI790wc+DxeaeLXFcXxHnFwdf/bE/9+ndbz18/WNwX1xvVWHKp3rguSNN7U7F4oAVjrq5IbLUPF8sGchz3CeuVc2X+16MLLpixJkkxL+I4rymY65sM+rLq2vp9eHnP3v88C5H07csUW5DF19cDOi33yoSehgLosTrdRBJo5zUqkcxUfxwf/28XGAL6adnHoz+2bvbZpl6RoxU5FpVCdN/HfFj8AJAiiuGQeB0bhJG6ZFJ06xAWOvyidBwB9az+27TDA9lYVFfqpVNRKBrSlYapJ0NXxyy1kSJhyB4Yvibr7/+cHebxmudKQmcGe3ZuXrlDgFFDejQ1OsKEhaqpw/VWhxfOM7SM1Gh7nT4xUMjUhI6++ulDB7c2ktNnn+8V3b7bswMKJsdZO2sxwakU4JZVSma+YAqUaisLEu1oTz7ueapeibLIcQu/bPzbATqWhdmGmackxj54yzqz5nW7dzrdvvhzPmbp2Wbk8eIS+G56mAJDa6VH1Sos+PB5xOODmdnoKI7xjrt1zDsaHzEbAx9IV7HJHAMlNvNOyVvGLKRHd/VVx2PKA6UhZ791aqeLhdJ2RoPVWc7ponLhFZxoPnKohGuEiFbtPKqhqZhOiz+8Ofh63M72XD/L8VDEnvHNf67vxxHPkRVZ87J8KFQQFZ9doveyxaTqDv0nbLx30GSmptoecpKsPaVuX+tCzr+zabjL9LrgVLWkOPr+xzGsONV4BCQyU0k3mXPxIi9fuDJJmVsoUHvFGWJn2olgZb8CUQT7rypCkryQwaC/1NfzAYXrt0/kOCIFdrwZJd0C0HFyFaBoLnF2KmQjSIMtUIIlvhkM8IcKUzj1csiyuxr21/9c/bsZpZ+3LS2uxJ2KEpjKVGIX7quXteacaNaBllKJkNaCAVrN3Zmj9CubxKaoKnQCuLKLQhvBcSNH9Y8MsdmVGEDCVEzqS1bMHVdPYmYImQi2X6RAF16kJYDklGIZKsd+6xhR8hbF3mijDpASZt111T1OnMtQjJ58Y4yOiBgyYeM4K+SzrhaIKvJcXkezQiaM1VfwqwwuAjt7oBqFyVZJo1qnajIs9AR2lzno1dytOJO9PMX1y9vXz27c9nkQ8tXzzzM9+H2wxu/4vni/tXN6x//7ld/9LPvf/zWTMeJFOdRkOBW+zhGoMbnmXUcUpVl0MWJb6rlzhptnZIujgMVbjuXO8QRnlCGOqVSZHb05bD+wuaV9eG/+mjKboZOv03aAv/LLvsU3P0BY2HL+tLti8drevbcQ22VU7F4YfIZmkQEfti4CVCmyh8g25vpZjUftd5+4dmAoAAHspKYzBEptqMwsMVVYYJZjGNSHtq3mMpnBf1+6E1hUzK2i6NTXGbV8c9Uo8HbiiQ2OSAeBd9EUUITR4+9puOFyzsvPrz/oLqgwqH3CYDS1g5odtADF+DhzPxVKFc4vIqemp1EetAHYbxqn5WinnOUnxiboQhXwAM6Xm8D87RJU8NoigbYtWvXn3+Pd6GZP0OxgXB59yJrUI7oYc496x0qlhkCP2doPS8lfR6q4lSl+ZY281/yqq9ycsOjoMJjlHZmlDWSnzq/kreTN6hqea71bLOY3KptwesW4Z2wOfnqnkweXB7zoIxbqJnY5kJPDyzB5YraB74uDPwr0kt13VtULUnTLMS2yYgs1FXNgtk9g1LGTnXAMGz1NYt2fNgqvN280b2jXTN2rREEv+XlRz7EFHit71isd29fWB+e78co8Swb25qQZj2r1rt2dvPVz96/vPHWf2q7FNzNoZaknPR8+HiNvzX/128///Ta5P7qRhf1CFFOiMnV9bWgePGDX3189er1F86CZJNzJ1WQgQ82BadUotMwExxPAYcKjcNjqOoO3T7PfiaoPMuc+lxc4O7oYp7CIe4Sbx2vkzklzlIemOWD3UUQkvZw686Q5WMGsm6RRZQuuAqDjJ/IeKxxEbaW9YtlTtTpg1lZXcDgGzLFJbtGd7vlT10oHdoLeJo0HqfNOgEuBd/pfFmtPBYj7EowNeCU2iQgDdoNkJ9w8M3oLZaEL3uDvnpsA+BaUI8NyqFwFwehRhZEhhoQlNhmA9phAjA3lYIAnyyspbpgrd9a8unKRvF4yaSpeNAx2Yt7kFkozQHL1hltcmu13D1mVNkMM/gZJq1GmQlrevSPdhVDDxwmDfdZCFdm0nSeCtO8TKcGi0j76z91OC37sTAl66Nxgj2Lt79IiG2ZLlLFM8fhgiBOdeFEVpkZMGO5FUxkmqypytkwd9X2iYvqgk7WzxlSUAUahWoOTLQaZXPaaa8+isb/kkPybXYu+1UeRhdZVR8cfR7C2Xickn94HEbt+18o1TDxdo577ER9Gjw1i+psSmxBjn1ND48BYtyJyiYxeSJsD+0RlpGlELT8stWkTg6HIYIYH9ohCZjt9BmGn8RDdCRMzJo1kSADJxLs+FeUdTdMuwWp6KxGdJQ+DsoKzUaXzUPfPy0Ep7HQsZB56fpRZbUREfNccw9iy/ApBmDMHbX/BGot+Jmms8x2ozlWaydD1DJwcDe7BmwGatZ3MSiuVZyutXi+dNEiPUCHBYJdtJ7GNOoS9keDm1rLpwXisEnt3ZtkbNG6LmspqFtC8yh1jYIAaEJdjAkoBZhIuj1R0t1MpY49dGM4B6b6jALTrktQoxXjtIzNbLp5UtcNjLYC0KpGc01mbAZlcDbetvSt7GM/UsMtpsBar+svqoKUjbJIlPX09itSwYZpv7KG1xHW5ERmO1UeTyHPgXHyd0yqxeRocORV3bYJTANP7k0krkvbEzpYGXBgCocNG/x+YRv5xKy5yOg7VLXJOAEPPqkgGHFLPh/9fNutQVt2sfrk+q6R4O7+k0nA1dXz27vHt19+dnf/+P7DPeZlQQy89//+fa+abar5+OJqT+3xTEs3vWhnwC9KclAym+0DuoRaIpZ1co3f4H3YLUCkc0PXfUqhPrJBtktkFhYFwaZfSrXND3XyuvZmybMQe7R2hbTVR3MQnkckHl+6tOHxSieiRRE4ocJxYyT0415c7WxzPGawBWmL8JmRrP0db2+mUzdNyUxsN88UNhinQpB9Bbtgz1dpsD2azTmIFCxKqxKpU3K283REJwcNn04ImQ1xK6caFttNonQxfAI+YYzbPRjiyK81Ne3mpdZiu2qfwsWs3ZCEqKI+iNyBj9RQ0vyv2kvJ2VOp962Jz1pFrLRpR3vp7aOZ67odBO63d/HcjUhYSYxRz0xRLW/x7gbCxtUqURWiVMR2GmeogWGCmTmENnJV0SW5hri6v4IymRYYTZfu7gt0yZAAlMVVdmaOThVLkXFD5hpF8/tNYzDifYBPDiXj6IzNZu2alH4Y5DA/uE/AJL6VlDMq9DgWZTCDMLnd9yLRlTMtc3LQbszGhzB6SEw9JJNPm4ImuQGcuOM+sd0tHB3ntVN5dg/xrMRisYggrtlqVgoIlUevBxqdPBGPQne+et2dOYzCjXK4k83g7b5K+QKu4bc2ELsWm5MNRg+V2jEmUJ/1rU3c3HiXQK//lyJsjQjuSfOsh0zRdQ7XYbowNz7eLvBKnFvnNQ9tDG1o3GQq506IwkKguK1kB+1lsGKFgsrmrsbxbZdiMYS3+k1KT9WaaT1DZYo1Pd90FiAo8qzu5rP9XFZ4w6C3tTvhzcxQ+W2U2dXZUdHLelIPVDmtgb3lCUtLIqybxIr4MmbcUE+tPJWViEuwmbYQNWA97KoQwnTPpVVGFQEIRfXgaz+XB5cC8KZ1KjazhxblPht7wVBZk42+gt4BCUuXxegJiEalDcaKcsoM1ThNrbRQrabAqsy2jwFNnkOQAChU1jMAHg1jau/Oxqc2ihU0jRhFnz2IUZghSuEzgSivKm1kyemTeGAFCWVdLhHHqgiIybt9zNyTH+JoGhtKB6vMkhqnUfpMybyxWohyAeW1M6MbaVEgFFz/JmgOykNTseZNQbXHswjs5EUMXrpN7fWuoTma4Fvh9PLRfvBryMKXsRUH+y4sBp+obdHV+GJ9rnGYgmt0OgQUha2iEkHk2SQBUVkEuBwm/9ChGkEt0+FsB1TNarF/SXuq7vs72lN+DstkBTzSEwK5ZVXjP7C1/Ls4jdlpr3lqXbaoxoibD4g/JDX+cZoRNRtTxkr1Fi5YId1m1VEGjYoIJ2EfCcpQB25FGjdpKTVdzKGuHqITN2LkXaKR5vZFW5I10rh+O5NVUUgcwXPhWE9a89baRIqo9WlWJmRKFmHVH0Ygy9nF5kpEyfAOgIMQNzzN6PWfE6m1RVIQ9x3DRs2xOVoddmN7xpfBSc2guP4BPtj6NDig1b9mEiJT0l0YPmMufQVBJWj7NxPNE6mR3eJVn16X1oYlu/bXJXLcw9hXgjqYUtbwT2kBQUStRiXlBWm/VtXzhAaY1lR813B4PO5aDwBVRpY/Q4GJBI7JsQk02dkWrFwdpxTzdzxAxMFymveZBH9NZdurQWyGu/1KVEA+wimDM3U3CnD3mC8tT/p6qjMcsGaFpOfEOaZ4g1htARB/bJt60a2LRzvc+T1TqljqDhMFZA703ZqQMBOA7ka4Nkt68fLGA4i9ec0DXddvXt21TintN9eYEFzcw+O90c08vfuTyDNUXER0MYAHGspTkiHKUoHpvK7rFSW8lqKnhOB+0c+Czl7r3NM1+zfJJXJWixZJnxEli60yIIOstHDMM7QPWNciiuoui7de+/y5WQ0MxTyiLFf7LWUVSb0OA8irolUmdBVua3NIL16aH1t9Goo0WnYNS0PClMX8Asd3ChIwyrQuhAZXSa3Gh8iDp0KzduUqs5heUv+Ktxumc2uFKZJo2rt0z8/4rAPVftmnU55G6f0mw3OXMnpJK5VKOAnV+uST+FVJbfA5AAAgAElEQVShqjLtk6FlqSrt+lR39s937StIYcBzmzb7RrAmx+9HFP0749Miu8X78hnbYlfzuooM4MBfl+U6O6dJeLRv55i1NjjFYnv2fWOeXC1Wq3kW2nE6PCGs9rgoxgR3SsW6pJfQZ5gYZOg2QZkdukEieNrGqQIDRpeMwqylhvxUihxJwXdQNx50HcybCHoLJHIfIj/dSpoUU/5wx4Nm+uLKrY/q3X1Rd8pdBNZna3BsnQ39kaqO2zOn6z0qBw6kzlDnPUXlRBWB7r8tKwUzn3eW0xlvj2Gstr5gWeY8FUAvrdmgi7E49dio0xXnPGWGrnt0ggQ299a/ckS2eP746rXejID05z18hW1KMZOkoeblzZU7e+S7+h98925Rf3x+/fqa3o8f7rpKosdAmNWLCETrXXoMpdJ1iqRauzsgK7fZPypWnufX+hJn9ZwmXWhPl3yiH4/DidEFD9UDxy7E2Y9VH83VjzzCSjIdbvUox2WyptSdN8wufEMcGpP47uSMF0hU2r06jt0NV1pAR9NcBSCSmDkb9OCeI7HQ2X5XU0sg47JfTDuRwA1FMxmAzyIw7NQrcNoojXUKsHA7M1sdM3MBALMjN8RlMFdQtfHUQ5gIduJu+gElX8+VY9niXVL28IHdBSj7sECB7FxP65LE7HcG1SM69S7x1uCV93JcQaK8TNARuxcElm7UZ9hK9mmvUx2Axa5mdbKcni64Fdc1ncfWOrUUj7G2lIZxEuqmB0sGLCZwWVwvxgro2m4rkFCtm+PueQ2b1odXgTnhyry/4XRfLWBLxIlcDdLNx74rf2KfvErHseIsdPq8nQRh70OxxFR9cYJDnJTOoFU255m3V61NEsYChwurmqEcWUKC1DerLCLiWqHvwjhgO6g0WXHMUumRbnYnOk13EL+25KHpiyUw2/EuEh2CClg5n/U5yrgn4BdNVUzLagI2idodxjP7RKxhlWuwz8MoPVYZTsyGsqpSa+yYtK5yNCsEstoRNWEALj5CO6fldZgnaMZfRp5xQI3M54GazdZorgiGmhA15SucsvtCEiMV9YFGgJJfGqf80cnosLQp+hTAl9ZqsUmCgw1i7WgCftmzXrXwOyaqnd5ISjWgIKV3ghTOTDjW4eM7qArxj2mHF0EIUJjZ14dRvrQAHE0dofMpCmZFACYh7680uMRMhEQi74BCgeaQGwUlI5eYk5VpGjIbzjs9rp8f3WaQIVEa/9xhC3GWhErCzTn9OHkXEy7+Su2ZBlhA+0HHwNfoWD5eBSSqrNtH1eM86Ueq+V7VFa+6XXvrFVhUWNJed5rZEEQ4kmydwKrz7oybZoWhgkwS4+oEw/biPw4+FTANshWVeRtBop71iYko9WuRTzE+qb+U7gWCUj0mWBQi09RI1C0ZDl49d0Pp+7sM//b1K7/yeHv77tqt/9/euQ7QlL+x/szoDPHWCkEzEOhAyWzaSeRyCWVQprZty6t1kqRaVOx29Ob9KJ1WACM83N5Z4kRxSRXItK9f+p8Lue04xneMLirOJlq1TbHU6mKaWdYMa8B3LciphAsbpitgLcJ1fzbDJNitZnXKxKqNcE5UCoRppayd/rdzmTwQdmSewJg/tG/QrGVKnJ52atIxdNhmB1+OsPNFj3D219jVLDFFucMFlgIaP8DNkkr9jKRdi5iHNpmu2AhyJz2GzE7UnL3Y97i1UxqzMUO49V1adXtUximEsAAyAH2k2/aOAj6f4LXDAHVkRKXMeXHk/NL3CKJPFZ/Z65TbqazrfuW6VKGQk8/OaLeEMoMrXWykGHqKgBa/jFh84Kh5HaNYLmqrzE6ZNGmTnii9KAsdLyVOTbVRxnUtsZRhOxXlDaTVt9t3BM8f7j25XhpRksEqFk7ikZvEi6dcXfO84ZduEimQ0XWfTiFteMZ6pk6bZmPUVwK5ZfRm8NGT4kdzB5BzVBUGtV12rZ+xNfeC7Lb7QJYOisp2woP51KGLCsbK3uSwiB1QKs1J+2aYqGkzIzNsAdEvQL0WPs3Y4Axphc75pXXaluo6X59ADJzMaEJlceU8M1Yl8hZpWbXXdyGqw4pFk/uC8/rN1dW1DENhdnP5zT0+r7zm4e7h/u1nr62F339wheDey4I0JpqzxXfhkhFtF/+wBcVSNUUI6X/+Ugpee6nvU8OiRjwo87nA890+bF11jgq/zMVu21hbWFRSw+lQLRPU+/iRavGLIYHGSdXrt0zAmDk5Chmm87TA5QRyestT0j5diZDSQigLahwKavS8HQi7nbtXXm7My4sAEnXtqMBNxFmmCCqyI6ugyAhxi0bTgjVHhFPF7BboppG0fXEXsI+uxvA96YVM0B0lN3BFWEy7POUG7u6G2ilHyQjirlBpJazrSPEEMmbqtqI4Jtk9U8cqkGdT2L+iPH/QZPcR4NywtVMaILI/ogX+acwyOUesFOoL/lQe45xDZEabjy/xkJsC0QeSbsJrJx1HTrreW+6t8SykegRh/MWWXDUf70T+vFs1LzzkCfRAFQWTkZzlW8PReCgtdm0aK+GOhelubcAm68DDUyW1mQQ621rk9xhUpLMFT+sl1SKguME2gyBUXcuIYlAJJoG02+fYdBDIKJi9jBKn0A+7j7V1aEf7jquMScxHbr//s8Ahj90kPMlDOiGKnQAsqjVHkpy1eapO0NM2OdWmqe1Ir820njmQp9AK1xQQlOPNlKkSuixlW7/a7iRPrRjjQflAPsnMHkmZjpdPSmK1+wAwVLs8klnqWoa5De8jUUlC9KBp4i/7H+BRH1MmE3NUhdMQClRiZ72A7R+CulUzxKn6Hcw4bpSoZ9ceP1sQdIAipm2MwYEZeVFSYdAi6D+cqJXXAM8xTRtRZZ4RT6AdTies9XGtEhECVWk5JEV88wsowlbdOkqE9VsCin4tuluvFIjUslOIQ2XcsyadxBo2uFJbq1q2VC99It3/5d6GqWQiOGqEQk7swmisaxwWLGlnSuVeFQDCUFhYtIAKUi+8N4mCQQ8yG2Zqqy4qphnSIcBoZguNxj7Kd+GeDWc/R201ON8TfHYRK84u8elgS3Z11wgcJnN+Oq0dKckS7aSJrSFEU4I36kTZQo6ki0+6bfhp5uGBvVm5MannLo27+kQX3bt+jV7SdhbUIiBDG8fdM97DfQ9vrl7cGqvvHgzedpjo1c1VuU1zSgDU9YKWu8JRrt61w7ThkDIp9xauRXpqIUuvuWQ+JKpThyxv3fveTx2xN+D9lIUde+F7tec3dj9PUnNtrGzzdiEWA20y0WlpHDwPKJoSi11TFelZi7TrMnq4Cix/1CnyLfZrU03WZkyzaMZQIxyzeQLpTM48OAiXYi0LTWRVZ/4DEL41y1adB692tKspuyQq6IlYKzvgKJjUNAwqpEqg7hR5FgO1dcbWCVqXpZhobPJWp+rstjuvM1RKdrtei4J11dBtAJpAdUVTfTFMg9NJRHZOiXSqfT5VmYU7B1tpR6fJtPQRWSFxKNdsLOpRBYPbP6wBq86bRbR/k0p2hBcIp1MDOgCJAWcUCV4EDcwMl+nyWPUzXPDaY0A2UVf90aS9MJZftdESW0cZJc7t5t85qztTqscO1BlN5TFSGfqTe+NaAV5PrFM0N7IiafZszhusWppdvXRz3b3zycMtSNjMBT5F40nqcBX/nXWu95cR5aZkQ1bn4tl8qW04QtLJBn4px7U0Ea2za8fdKaYebVseTudpKl3iY/DqdlyjgTfUFPYQZIGMcJpBfnvPY6o4TCDSO+gs1CpjwF54jsq8UImHOh4f77r1z12F2cC6jRftOut+9ebK+beWkPfwd+9jKI289LyzU47deAl6Z2zSCBu+uN70MyP6jxJzsnJD7OfUpFM+kpzGeCmqw/rEJmxplDbnULW9U5nTz5biaph0hBraFo5KEjgAgtf7mpJAh/5bs0C/J/VCOc5OXQpxKyn1oxltD7J1t2GJp9Vq1nO9tKX93FcJQ2jDU0GYOpzwqmdez/nUVFBj9p/3ijdozfQU1elnbQIZZvxBKX50fxAcxD/jtTYfzuKj8rEksPt2nNHZ2X/lPa1R9iQLW9ru13LSybJCES4MBNgsWFiZshcu514Ye1OeDHFD4kkjSTyWLfOrDFk2RFLwdKdADWuRNzLBJKqaPsqK0l1Gk62vXjfmuyFNMhcfXd5luzbN03bffIp9nJMowug+rrPH+kKUFRVDxYsulX1sfQh5HC4kmPMAahabDLujU1yXGG/DTSdpTrlcPxkobDXjgyxchCjNXgX2Bu1MR4RIPPEWWBGhdOXhDxluU6O9rDbEhU/8Cw08NhYfqTFlx2mzThPDDOG/kSSGoR+3w+FwvxRqko6+kpva2cMWqhqXK4ZhDSgU4ahH1sda9tlOOH3twKTvic2k1BKv0/DQn0b55DQZOCIOk6RN+GnS52kdpwnZDiaBHPMKLoW+leL1RB2BAxopHFWzAUXyHc9O4Rg/QYwEAhnxmV9jCaCCnNfuAGuXXDwcZrrB8JU/Eo5zE5OLFk11vMJZpfK8yUFFg9hr1P8OrsqCJvEX9X1NTNFUBGmkP+wJ2HwsPArMAAaCE9YhitfCz1/M4XlSTrmQr++nv9oABX8HBalMhDwFY+ybmRrGllmUBKePmsygR8b8D1qmkqtbhaVIK2E4lKSsDRXMLf+7ryTrLciDqAlWyQ3PCaQZ5RgmqMjXpDnwlkPyGmkncNvZawkk7svKRiMW3sZm+e6FO0MsO538MvOTVI+aKtMRu3yY5RJ0tnkjEYNwcckMMHj7yMwrQvOLlkyfUbPflPiuR2OpODWbCqRx3OvKGhdUKvtfU//QcEPFYuhktNUnKdya+DPi9DPvr1B3SWSnS8LKINHEt/dNNMT6zZ7bh093bs+97hyp2bifxTI4XL9899WHN19+fvveyyPcntCzm40QJpUtpOXUxVBzoHxO5ZzFvYNU9lBlyOOaBZjZUB6mITZeTJlVzwRp8V9lvoi45ZTZ4diJSmmfppMw1kyEZPEy5bNICReIzacYgCQgN9fqHCZ8LY91h8wMxeoGmAaS/NyCsB84mIQu/NVdy4VK1yPAzRV57sCIRyiKTZ/Ai+mMkflXVY9rLdvGQry7zDIHhn7tauofRlkp3g02dY9SU7cz0Uw9pdO/5R6d5eWVnVyFcCC2fruAcYym6YVoPiazElVWsPk851JqcAuuf0OcF4JkPWPYVJwYTEh0/lQERJeO8pI7VZA5RgCYXOTIQjeFJTmBNsHMf3QpIZGN42FrkOYyvHXjRLWLT+K+646wK1R9ek5UWYrsoUV7rHhQVosc8o7H8YgLacATIBFln6Rhys7U6rRZC1YqGwqljeqJdV0GIZHe4NmRIh2mqW7x+tHPT5TaW3dt5MR8HuyZ8yW8tKlP+O4sThx610kzSr5R2LQLxy39hs1Uwuw/38Y8FRafjH/w+oxdR4uA9KwmwnaOWlG0e8JAZ8Q/TvW1j7vyBpD6ecuEtdDZRYv0aMputf724eZGDrGob+fqvjk+qs45JITrm2ttnY5eu4u/h+/vXYJ69bn7WBjZVK3VfhM3adfmwSJgVbg0VXzOgM4NHu/uPJ3j7pFmq/lnfk2DtrSC2eFFuYryGYNdwiVfrqSP+mo6jyZjRBrPGeZ8xGEk+6jJBOSfATQU2gv1koYZcDPTbHWZvufjaArXQmgp0Y1P0p1V//v6nYsrZLPSnjuy1i651v1LOjM6m8IhLBeN/YRipi+0tK6Tye2J4az8ynUGr3NGQeIZrEsuVJN5WsgXwwzZJGMstSp0iuRZu9Mt53Qws7xzOUJKhleonNz0XAc8SDbVJ0LGb+ZqUn93Z0TY7Ly7DLMtZJ1rp4go7fawJ4PWt9Ps+CDbLGjXKbSrk3vn1vp7Bhr6EmcPcvXQUiQzVCM1GQp6bNCk3+WULYa4HF1WyfaFscQborRalNgHyW4gingWlzcdsJ5KB3XVdEiWeExvW17bHJxWShpK1KuObVJSat5T2Vi9XptVeVtov7opyOCgTNF9iduT7Qbt+LQ8o5KqSJfSZjA8iw2oCfQRqDTs+KLdvIxtoaX8qLa9VEE7mwA6/PGJKg7+hF5h8bQdFcN4xPWdwJEXqgGxEWV3VX2gCE60tiOgKLCt8MiKVwJqvP+q+32TS9vgXziMxbjmv4qPCezF6lLii8kucitf7SoPXVLODQoLtFn3D2mIz9Hnwl0Ms0VDwrHVhUlU6XLAT37h4QJm/FdZ7yl46qkplIa5DZ/g2AqIaIVgxix8wKneDs6LEH15htS39Yc4VyG+NVNX+mloWNRqN2m7oz0LEpYcgieSxmNOiDbmDSWFRIcIY70UfWoVXJdd0Kv3d6xArSrHGoqxvwDLkwM4A+SmVDiI49wx9+BW68m5OLiOsHQRDhMDMzKXvq3E73bDapgT13MOQ1m5WyFqxRTx6oz4LSgTREYZsT2Fm7CU4WIQYKklFLlkFI7N3coipcFDKceiobNred0iJOV6zUXmrlVZHojuAcBWSSYd06NGSiNI4ZnY5wpSO2vGY1aOz6FQk8mixKPWZyvLx0YZNGtWk4tlIxyW86WxbVbuNSGO0qJtiwsSCj51flQWigoit74gkfq7hmu1WDietRNCCythSjXT8FBYzvP7vgW2N8h4dyTLv39/9+rmxi8++rEwdmheg79oXY/AU/PYJpFLDUwpUW/ZG30U6WNQOW6VaEt1D71FuQ4i1TL7lDcI5XggIuUClG7jMfKc+8TWgQqDY6KuFnRyXIRlhkI6JLlvZukUKpNnDP8zDPU+mn3Y49n7x2d3liizftLAZIEQMFrz5t6IEk/oChy7LvPGLj3jVbcJee0qPrt6qKabWTXfP2hk6tWGNAU76DMW5x+W3eoWs/JF48KG9Dp/oVeUmJHn+TWsrf0emU50DVXUyYZm2akrYJ3uqMImUzBC2jZSLxMlfOtnNQvPELcb7fpV+2EOZmKGfdnugKxkPntCseIpVjhn9iazXMPiJifltAkCiemHms/SP3WSobAQrCrrH4kdBHFAVK1izbt4pTYNU6ddhIWc71Eg5wA81ampmIIgRajV8V/0PL+TLqbLrGh1n3aEBs82olMpqmao9b2xEwzSSc7xR+VuMkObF4ZLb0LNsU13rJN3wW09pZO3/mgVbiMGSEWpnQzQZD/5BLYXGQk7R50uqvbtY6KKlRJswJ5ste9ME2VnlzXBrnPul/fuQdKzesmsbqYHLsK2/AC8M+R766xdTKinTXR9ttuftO+HwD84Vb55/cpD/PQw1/3w4YOIurquO2tkSJLoH83+paAXN9793zBXLCe/uOiMJ1SWKVLeoACFd4+Ws5B6gqXfN7ZEVLayzYsFdXodiyjqKnFBdIo3vkY9+2SZjJYcu5XbKTvYCqpDRXqwMl0UHVwo6j91SxobKjyYdPCX4wAuMZnb2mrV2LbRm4mdOXVvjKJHVz5Ef1lTVIiMosRtey2LVJ5pBQI32wOoLhWCPg6e1K7RSnziMH0zZuUbBedAQrJUltfmMoHDtyc16igFh4q6aL0yvB0A4mzOUWcgYPWrOJ4J72Vo/vtNxowlRq5evP9w+/7xA3cWLotxZxqhZmQ5o0Eni/FYA1Ry1BXk8KTOAts+2C71R/nQlf1G5K5nXr1//vB+7jmJtzh1EdNAcyyxC9iRejJNMLe1HJJLjx2ThDlZZwLToaa5fKGn7b4bGUJdVd1xjKJt5KxfL54KmEHPIyrtV5eWiaiu0xG7jzIbe9LDHbQlkAQX4pkuk3JL9EVryZXLk76sN9kHCDMqzEfjwJghVxiAIq8wCbmj0J7QHk1H2yK1gwEXt+N/aAcpJSqEq4DCPwOvnY9Dk85Eje6QVK9VrlU5dLG9/FUThY/Ju3yfktWsqrrLD9/t+NRcGmOb0MOBWjsYDEguxat0kFOmYgUOmDNj2GKJz+YZWeGiQhxUIZqYQ3eOlH6n0eGQNZi8qB6zkt9sxc0VZa4LgrFfSB8Drx67zJvnGsjm91WMnwTQdxDim6chXvA2KEgoimbgxhsbqsUn17tYNgUPfrvocuxcG5MLH62kV4f6Nh5sVJxllnXRjvsTHGiyV2DSIHEZLSnRBy3uCWjUA+k0PlarDo228ah5tont9gbHkoE2JlElcfYqsXSSRs7J6UDBZkjqjEV09+BPTCe6svDvqDLy6jyBPnYf6KEe7KZyemJ3lmtZH7NiccC5AQZjCGUuRrZ44GEn41bvUc5gDLzbfn3vZADNrFvMENhImb/tBygAmp3DfTk4OCmUQbLFpcGFMOLyx+y6gxitjL2zbHbzN6eeIIMtVh2czf7M00WM4oywKhI5gccltarav4Yn1abpDMu8LsNbQri5unJlwHu45XUhas5x1U98Avfi/u7ZDz67dt+/ayMGYKs6rpAY4W+u35gy6xcf7991tcXDmgZsjXvWrRVTM+ewFDHLUoWyYtkw8xZ921qhOr0AL/f5N8UHDGul3W7bEiUFhISZSTbts4/y+jEgdhUlit6NydVkB8w23GcUYAtCg4YJiZOXzf678NCpCCwuZNQN2KibsbMzyNmzsTpuTk/GtsHIn4NIK/I3e89h9uvq66madd0/rdZ3qgtX/O3uYGjDfKkrINrHtKidyYoTSaSnMJcJCgxnJi2jrnNufHTS1U96tdE2REv6biHIlM1oT1Ko6xY1DdtmZhml6zl4JnCN1W5zMKOvNOQbB36BdfYNuRr/MvhpUQLZbt6svtPpnTUJwagRN+GYJ9cYTf/nL7YSpphjox0y5PNwGI4wn5moSBge6o2qyJi7lKsIcDkrFnZrXmcYDxT2j2Di1DnIDvndl/6x+3Wby2kvH7GblmcGz26MZl2mSHbVTIVKJ4bxyd455Xkvz8W5i2WmjGYEYauLudKYus1XejCgBqa8ZKf3FNaXMOe8zlfWZyouUuKQHBD9C9o+SWSDi56T2lF5YdG5/pGaKVnz8sUTZ71Lh8hJkiYEM1vPl171c3v68EdLsX6kz5m/vt/itweBPLjaZF1alzE++6zHTOy5GSifPX+8evjkZZ5Nla97zEf0ht41gWZrHgqAhN1uWo/4dPP6htA76beXajQh7vU4R1cByqQ+ADeC2LMDU0GcT2lciCDKDAvAOtFceDpD1ooXhlR2MEuNeBXaZbxZZRQxzbixP03J6F/WKS91gNvl80QU3+/WRUdDxMwvZcvyCxcUy03CtJUfOdyvBLgyAITTJHJ0xoZ8AeFOm1cvZdlp6ncRH679MAJZzTTzm6Cl35a2iuAGv5L64C5pJQky5r3Uk17zSJ23JK0NmGLCkljBOpXzkGV1U/66wv3dnSpqmcSK41uXp1yccq3cAwyvXlzdP7v9+PCNN9V26kbjYukiaFfyQ1pYD18REREQ2Xb9ci6c67Iqf8oVy5aC0b1Pz559uL/zOwOsV1S02B9d3W3Dh/5yfX9nUbDpmYSsHywzTxkK09MnxgmkX5v9Ka/GoMWFhv4uM5Wv1aYCzUOKmLTgb6/GO8TS3vRc0DCjvBFjhxn+pO3etWANzU2A9SsmyMnNOhoaS0HjJ92VjBZL+07Hwj2PJIOd4BQ+U0SFwgMVyIaoMzHUnbK0WFrIHszjkL5wVaJpJO2PkY+6UEIUnH+OVt8nMlBqeBRHscpOh2Q93qvlCM/nsVXmC3fijryEfLcVExOmpMvutV/DwXhqcL7jQmgHaUFY57q++1/ZQVfZjDJetZlimkC4ZllvltcgfmNrv35D/t60MFtkXFoPIumWaYrbONYKDqKUBAg94nxASGNBl1OiVOgjSWV7tUQTk9s7btYUVf2iIOzIR54TxGuCTWiaBiLDPvLooyO2Co2cbW5McjS1Iick0bqkuKzPdzzwF9yx1Ho9kZDUmv1zaNJiFT+f5QegIm2P5Go0iPMRaohyg4S+V4TOJgEY0ORCWbCs4bGpojQIVaH++Lr0I8C9HlpSbV2B1bWX5aWcXtVi0tMMhi/3V6BnpNhOtzATnlrhJl8XTIqSBtdcNgC+XVJuiBLBZYrnLz5/9fFHJY6XVjOcK/jFSTNjqx6GOvnHUsdXzVpSlcqTUTdjERym1XFRohNxPmeJqKJYYTsF26mPUMmF4Rh1RMphUfVpoRDeYmMt6tAh+QWD+GfOWgA1aE0KO78atIW4CfnY+Ek040bM/JDNXSt+L3926xoADi7LG6/1gyLQ8txP3z3+/O7TTz77/Fd+zUnAw9uXb15eX78xY2NqgNj38dlXH77lGjPz+4fb/NXUoaxrJQzw5jovr+Eq8fFCs5SSKyryoDbMcdKnu3vcCmOqmnnzcstjnRo+GF4errpXXCh6OMHXCYu0gYAeBgZPH07xjMI+MyJTVot7MUNhdgO9mGIV93Uo6pGCF88/+343KmRVU+cuJrfauG5d/0nRcco/MOaydtunhBhqECkaJ9ynaGNyTjGu9OMD33xYK0O7t3iE3gkTZRTa8mUua38bK2VdbMaxw/ivbL6nRVckdr8WZn5cyTmAW6gNYN0cYqe4xsD7Wz3m7BUrRbl5532BIESs1yZTj4XTGYPu66zBm1hKMom+aFi/j2QhuY/iMIP7qli1rbIVFH/2IW8GdwnmBeshYa7mQclkLj9u2Bqkq/5K6qrLfmtFzJy7+9igyOZJoFY95NIxlF3kEYqkmqJvvMqdqZMlLugwcVASS97wHbj5OKZ1LI6v0xzCZ/2A7ee//ks3X3z28OGDTpN4f8JdfOb3lmsfvnoHKObmICYom0mkTPfCf/p49dnNx8dd5R53hmFoEWZK1+80iQTR+fKVDjj82Y0pqOpwE15Jp8sVU0MnqS7PRYAih54gz0ShWPPOeEcxrjRnoGOQvmfALrrOL3WNrjY991vEpiulXzemJ9BU+7NnN7Lys6s3TfddrHA3y0e/7N6rmeXq5WCv+nzuHcEPtzH0iM7HT7ed3DDP7fvbN997/dH7/dPX9b4rfOnXwFRX/PTmxdd6MLkAACAASURBVFv3xdy//3D9+qbH0kWIWaMzoe6LyYP3d9/eCBbcVNO1jRc2Yga+bd9Zi+mon1182LUz6r6OvRYkyhfUa5yj44Hcl3D3t0xVp19ZZAWHzzwllUXD8JacDRmnosmo+k5rsK9P65m1Z4m72xZUdmVTznJnYfNvy9UPD28+vmjoe3GtF+gZbmt3P5WHSc7PQVD145X357xySsXQdw93fre+zNkiROAalFJaYO3Tmo3dRYocHiRm6AEBJKyuiXatgACnHYliBbTZzQ+1CJ1YdT3QOcz1qw8fbu8f3t+/cbnCL77AfeWXjz8YIKnphE26gfjly3cvPnswPy8UN0DawYgYfgpAp5PNroeZaUqAsOhoJausnzs4n4dP5yldtTnDQGVN6ebD/RhsQDnpAju4tfZj5p9/z/P3DQ88wInF7uRXT0XsMxIJ6z4FUOfZwVD98dP7D00dm/9niZw9K84WMaw4cSkwVkVKJIj7i2CtfMz82NGzAHYZ4MbtpKUUB81ISt3jErE/J8+9iKNFSh4KWXplo1Ep0jbHFP7BO9Yid80LNet2d7dMPNKgrLf7NMCxQ898qeqwVpdsN/BhSKvFf67KYjEI23bjUYuRXJRD0v/SG0p/EWTgPvHt+0CtWYfIzu4MaBdFfzvsGYAFRMcXqSNZoyjVb//wjhX77iP9atPXhByW4599TlwdbiGmTWgvVMnTdMnS3pQO10Vwoo9v5Sq6U6UWQxSjM39khtIWPgI6rJCkNIDhjkG5jk9UIhAEhDY9XbA4wmqWrQNxs48mw063e5BcLwhXmO0k1Z5eUVmSuvPDcDLRmaUKHTi3NNfBXfAMdhKDpTR+2Ghe98AnSqT4RxH82o/KfvE0YqVbiqtTIAlMKOI1bTRSPPvFrn4xg1QC1yCHB7/AyD1Gzl+5fvVHr5sSdQZA680dSw9rnbKuYcr4jQhpVz8ZtPHMuKIbfGtUQA3MMNVToibNZD5T1Epb198ltM3ATDGfvfzR9dUPDNJcwvx+J/2h11mYGEv2V2/MEe/+g5+8+Eb6K8GkRKqNWSwDcbTG3f+DOhgdnO9G707zCiNwyKxVFgde42KgKGABe6G8iMCsuo7GXZMCJAu0dJ3Zmxq04IiP4/EDKNlG826q/fTs7duXzz8rxpRzNPdbWzJjNgG7ef36P/w7n/63f/H3PZhnWmLgef3m6uHu45ve0dGvZ/3tn334X/6v/+m/+H/5p373r/7OnVtY3Xw1TC3NPT7c+EWw949ffvbN7TcFsRA3gSgCOK9bMZ0N3zz83l97/u1PP13dUD1IMHRWkPoKXl6//vb3v3731//Gized52WNFqT5zg3QCETFJ+8mNIZgxxaGTgEvXs246g24ZNDj+BmL5sesM/JsVNh7auz+5ed+WHXLrLUp9j0V/f7r3/wn//Sf/BO/+fj+XRfU5o988pT2ZsuUy+f1Zezt0fJ4QNw0+6sfqcrHyWyHAmL88dNf+bf+3ftvhJOHrrUUVqEtkmOl6dpNbq38ac884e/W4UoSd2IhtkvJnbOJUKPJr/zx37SKMpUMp5HmgjOgaurHSu8N7p0YlKc6rRJqxvBYub72y7/5m3WsmWuygpIqfZ0u3t567HwQRk0TNS2qbbfyleSomWBBHe9UqNLfmvVpfix9FQ8SQRkFU/UosuZEByOT+X/ZUGR97C51zF0zW/FdbITBR33VHq6KBOSQhfswC0tsCqMaVFq+Kp6q2mUWxR8fv/gjv/zlr/5SYcmIKFrOfmIH7POXP/uP/uP7bz6YvjUiXHXHfDBijN3d1es3z3/4S/ppabnTYLo9ujfGqM2RvOHMqxzOKeQPHf7tEMjBrif8zl9JRZBIA8lOnEGlQWq1BdxXnphi6dNeKvWR6+NQuWKtY9luMd0co+6k3+KgpDMMD1zeP7/61V+9/rU/8vdY+9djAO1uIKbtHNqKgkngZ//j/82/89t/+93b14dXk3Mhnh/27kiqvPq/fmMKSUg+peKL5zd+VQQukfjx/cMP/9Sv/FP/3ecfv72+erPTfBNiJ1hOU/t14ed+ZPd7v/zCD80mnFWxLUvXM/Qd2swK6ZcyO0rFi4Lf6ZsJDsU83eH8vOlA7VZwjFIIoB2/8Vk8H+ZrzY2d3OWkGYrdaVeDSjUpPcXBgGbl/sd/YHLH+PBnuV6e46h7XB7f3372xff+0X/gH7WivsDt3KJsdoLV4ujLqx9/9dV//Xf+1o3fizaR9G69swreIwcN2lZYrl+++v5nX5Ys9zqpLmw2dpYv/cEuHJN2NMxE1MsRfT1/+eH+25988/udDjxz8uYK1atGW4nk5Qv3pn397psv/4f/wq/+D/6Zjz/76dhZ8jctWRfss7h+yx+pVvhmeeVV7b+do9FqdzAcxwLBY6+I5pGmPdWEWt66QPwj+PpVuLrq/gkEAtQyu5B2htCjABoWXxNezkhuMEArm5wzs5zENqWEni00675+dfXX/z//xfvf+0BxPSAFcNp32ixKhjjFslvtmTTVAzHsw/+dGlO9tumkN7BlDQ6ecUx8/8THy8dvf/4Hf+OvtkwWdP+0OPC1N21xGIyJHE97pFdURSH21R98/HDrHLKKDfCrCLAu4vPDz78yR6iN/wd6kVHM2wIPm7/DMc1C5+j8R5Jtz1ab0+7ijplEWSauapUXVrNSZsBKeTywjALdKbPvUpgaTuK9J+aKx3NiZ+p4fMc/XgV24dOug8lVnodqy8mhSEowhMnx3sROPC/Y1lBcqA8S0oMNB/EUXJzTdZTTwocZdhfRcuwGhVp2kkZ8A1r2mhEvja18LWKDAMfMI9TDRoItGfmLPxud8T3JToOnrB19TENlr6txZUAiu5Na8WRWVQYZGprEWkNaDew0ClnxlNwQiLMIOs6Jm2M1fipq4h25aUTCu1yPveNKbeczyjJX7BK4qhKh0mj72I7oJAmZrSJf09ubEtxGocxCZmjJiKb6vjLJ4C5M4KUNsrghyc9pl90muVGW59bZZy4GiyAeU5aSjvt/TvpdOTPaHddQv0c7r6xyoTBZtW6afv41Yclnae84M5RKYp2S/l00VbTKUIc/Tad3e5coj4P2lOt7NBgdpmvU0shiKymjjFvklnQmr9IwkpXg+OT4Rc5TiwaB7teMwvS5jJJkM3OefXn9wiNKpqUvXj18vDXht6Jza73KSZCfoP9w//rm5Q9d6XdTzrOH7/3y570K2sKVk7Re2M8rV/eP9z/4pdd3375/5fcCzGuElVWpVgHvoHGHlRn1i/dfffz6D569et28fxHRQG6Mz2GP9+9+/unbu2deL+qp62b6bnUAdN0qhVK8k79G2NaHeBqfDbDpnjIEa7MDxqgjZxZMVtW3RnI92hZCtkymaN21qBNdVmHSyyz6Yjd2mm3X1VqBVcM3mPVRRj95XXOAUr3n6eBR4V/RPWWbCPSgRT8yrWVzl3IWAqvfxfVcGLuhnj7KB0MMZ+Y86qPmineMO2HCf62tgYkKeAcLQURpspUw4weEA+NcRM28MMs6wqXOE3P74U7MMV1xlP5I6sbVxjesCoui7R9r49HymtIK85rqTJ9eBd/lq0aHGUhU6HRMyTkhRN5//wIi0ruX9pTVBtd1eVA2v6m37G9CECCdIpk1JpqUBZ5CIjnY4atqu7VZYR/+oS9ltaXs2RMesWlN/MgtOKsf8kYCF9sKnXHebVRMQUoiPt5b7DVbtVw7eC2F6taqXLDB36RDAgMx8wqJ8CD2JWLCnnMe7mRf0RKgPADpwTlLoz0Vam1xUJ1XbWkYuTECVRBS7ZjkNIwe8oa6s9FtucdtH8x8777/8kZ8URTtZJvH8k7jz9XHr25vvnnvVv/b5lNNyQKtj1pGYQQea02H5DGd7i9u3NwjBVhNuLt9/fbFp3/gz3788BXmZNQG2r1EyP2XPTHr0qKHc1gZgo1Ai+buxkvDzqoL2+XKtA4la8Xm7DKGPWWFXN8zQ99qFJbWnygzQU2T5W8UffpbU8YZ8yT7eUQ/U+BB2OSEAf5mbLKFbCB0T8C4ANoN9C5haKuxCXTDjqXfhnCOJ68fUZCA6vluOWO6fn9Xmgsgv3vJpDdHvfj0obk3ANrPnUUETh/dIWNUiH1JQwS3/L/uP3topE0QMwozY9tZAWC9iatfXSzLsqPqh9tM8OzVvfc/CAyO9PT2zfNPb7niulREyMUuVBTDNUr/i42OCFRLB+DaMKw7U35+OMZF4RhDgFI/umYyi7XOAWwZ2wRxLPaBRycbDXQoWvROXrLjtumFhs4/qx8sO8tiw9lFDxxPJHSFpIdxXKR98eKuDFploBhIn29OYkBqUqfMa3xw7pJGOuNaYZ9Fy5SOcQfb4CkuGShra6OdqhSic1SKRIqX7CFj4/xequcnqlCgPuvDJkCn4oV1zsMnTjgbFu3t7t+E10ZcTYcCubGy3HzM8YROY43OUTvtRe1rfWGKddBxoLNsdPMI/Nof5QOyTpH9v9vYLRu3VZ7W2xgCu9puq+4j/15glVLbjXUt+ghSthKfHU1udXWCQV1xYg7ceEVYcx8XyZmBtevpa5yH58dkpU42vwjtaEITPPI03U5STuIr/uqtFffnuB6ZX74L4NKNQ/zrlA4cVlDMR7b0Tos6+Bk27OEx83Y6+umFU/p83f9Uqm/rSK0iNE+KI/ZHA7KlBTQrL03XRPQgsB/TS609DGEqtmhkJ07xf3KN2FzjFJhs9KhCyoaDP0BTJzu1DeMUZs5jeJ8VDHphKYkDsq321cpt/cx4CQJUU82mNmt2UkN0zMKBXS5sSx2muPBWkCEu/xMVCRE+14vw2tkL6AlPNfWMwYLW12gjCTcGN8oXJxW1dQdQQ9onL6TsLWZrlrSsEvoU3u4OlQvfS9cs5SC5YKwzpAdNan5pFcj6yTB1ML7Dju7ilaDWpnp/yyrAj5z3yoaqEyZbNUSe+Cng1kHogb+ckFABQsGiLMfj685ew/LtjfegMnGprW/XdYm9sdrELNY76yofbzyzafwRqMruVPRrRvJhj/09v47jXEuG5EnN2DsdMDIVNfWA8BiaWtoPStE2TLmd6c0IqN3AVkQi0aRONWdjx1RrpDRZs8vsS1ZK218458ACqLBhDULoZIjd5GFXvDXtRnnnUeLNFHSWirnxYNf3g2EQx4O51m8yWQ5YV9l+jptj0OTZ9WewSexcxZ/aOnE3lN3c+zWFHB1dE6IioeEn309HH7kx09iriLg6bBQ0muPZJEu2Ah0BnVGQkDcyKRF72GBoFWQv/OJokMd/o3ASANS2joQV/HOOo1RLK9ugqMt4i7eqWNU/9vUXSQD30VGQ/fMZp1UVxWr2v4ZV9tWO3dxUfrGboDEcn3FWoqyNdn2lZgzSvGMbIH0qzfm+KXdUcHT2DmkWPxonhXHWQN0QTDF7fFqjJYk8Wo6enIRynGbN8RLKI4zn0XAebII/qUXdVMa+Br0fqIzJX52JzSpFWd1uQZ5S/p2pf5JPL8nRlaet3bWbiTA/fp0J1RcejG/vKF+DWST29gprLJq6XMIKXf47YPKAgiYNWm2qRLNmP8Wr03ejcxXHZa0un7AEoy7ZO4I/946TT+8+f3PtZT5KT0qDRv9y4tATFC63Ji2ZnfZ0Eu4eS9A+Xr92d4T3CXzjuWCVul/32HBNMyILTnemzYmmirXuS647+XyqYRrOHDe1cwNyR+mejmtegNt5Cifgw1KTvutMkdsyR41nnB0rutCtu/FP809icsq6nRJs4E5AN6Znz7hurHRU322iP3c6p9GFwY6MJNPqKoLZecN+FaGuCYXTABdUF5/QNXweYMiJWn8vyBNIgfzB9vhcnI7YpgR/NFN+YUUaohLbkA67kBDtyPxug1ZITD3c9VOseCvGradXXnr7cz2xdZQjQkQWyBkoANmNBYJidwrvKGsNRX55oo848QX02S3XsKKWnWwnoeyWJxAm4Bw5xG82CCjC/HP+2o9rG8YxH7ZRJch1RzrVi4Vuj1u88APfziT5oF49K0JZ7i6yIiQjlToj6Oal9mI/bwLo+zsM/JMfE70wmvATJjMKrme0QJRTuoql62vjjAUs5gEspVbYWcBZ6qq/RqsujUlMckqcz2AOy8CgocOQ66H61MAm/FBlvG0ZfqXHakGyN5MHxJ9PYmbs06R6W+0QAhyeRB+iwzks7fkvKIFBHtra9DWhHe6oE4AIodzOpbSDEeeX6vwboMOqXULHLBjp2EB15NYgVw3oRfYRVqOstrY+Mmr4h28iTpti9QJ0VZcP1CG5JIkZIJsrHspw2ulQ57JfVx/O4mt9eJKyTB4fWR24O6b18c5FmXO9bOo3K0uLpBZDhWD0in0lNEXTUFfsI02ID7oWlccnBu2qr8KObdWpvohNfgcXgtrVcEZgIhUxxGdCOqh+W5wP24ChykjZ6MBRF5AKfVOgRZ4SSwwo2O0LBbrlPg1i6tCZgI6xG0XGqTOEU6teagh8ggZkYZvRJjwAlwrV6c32jNO6QZm3rLAQnTG22jSDGAJBLIgsxhifMoxFLRn9cgU3OyW0IXAGcZRBAp1y4YYn9afwd9/BedLsWOzJYMEPzhDXELpLXlZ4tMuJducBn0htBJXuNdmx6v0XZvBC09yFzCNHIuvVaeneGsPShkn8g/vfrX1E7IGzV59dvZL9G3X6rQDXDTy7Z5R+eH7jd6Pu7j94FsslAtl5cOQmcHnFiN6EO1us6CxeCPYS7Ytry1wku8fDXUue/OtmDydyMhwGxsLO9+jR+V8nJ6Ji8JviLm3gdq7AcJ3RsJe07udHM012K4oRCp31WMboBks9PMdkgHrLsWMi8tNxVUMMGmY7rOjqFAqrRqj8fHJ/5OWI49J4Xmxess+mM/GioBnBHJNZcoyL/YX5JBRmh/O5RxyyVuBicHo0blx7GWw0yqIroFd8pVnCUziExjGT0TPL7N2sjOkihpfOsURg41zi1cwQk4+FdCU4LTIUHJUgODGdtVZEmkg/8YXoYp+E19hXJqWg4wyzckz2HXVod/hUf/gfEhhioT65dra7qM6X+W2ip2jH+zeOihZ5SrQiYnVBiOcFX/yrHIy4BzQ4e5cnykNd20u7dI6ZYw1XUQEz5pokLlkom8UisjUJHVmpoNn1lGzO0ojbZ/c11ZfTJErtnGvWGsNBjrnDSJQ7ynVVz/3bc9B56MUIwfdf6PCPbjjPLUoq9G9SCv92jotqkB18osjk/Z3/is8/9FTXJPljcgxAAa0yX+XV23f2IvC6Q7WXB1x57hnEK9vrm9d3dz09cHW1gOxelK6r6ePOHJwuUXwvuukXSPQHEWve9cILdksLbFjG7x7CnWidiM3spXcmLLvWhyWcFBHcM0aVqe7/UXQ6TrHKIp7OvmeZ0lYbHrSbetFNvzHITh3mlyQdJmleG70RzjJq3bw+2EifS1EUurXyZ7eTnewm0TVJQjyg0lz8o6IaYR2q8dVFSDdEPMjGD7cfcCYBabKTrkVXY1HudGOWCWAc3bzYLuGcU5rX68/LAOYvcJJXCCDOqg4Wj5mxFYlK4JFg5Wb/3YjlFcGte/mhN8+x+8k2nnVlhnS0Y7FLPHjBl9B5uCy3iMes2/zS1V5Gzd5YadtEv+7lIMF84gTPnoFHKRzYDVKjSaRZANGkOqjZhNptT+0QJQT9mCol9RgvknpFpotT9zOAkyJ7r9fOPE1EB1NH5NbWxsbpIiE56P2r5xPSgb5P8npaajV6HZmVHoDrbwXJacOjNBsj6vMwoa06YXyajjfDNhoufyS3QYh9J204Yia/T9euTWLQsh0rdtlOA5oeE6pqP0Ms/Owtvyzg8LoYrvDpYliuW9Chgy1gZGX3aFlNv+trfysfV42zSo5Rv73vWnSosPJLq8v+QdTLtJMe+1MxyiORUTRXAcjhMTKE58hn1iEB/cUZtUhg27FQ5DMw+YVBbQ7bXPEL3gTFV/NFRiwn/MKsypykrf/p0hyMzcQSE490Zp10JXmXtzXXqplAM5xZSsHmb10Y7nQ3wxf2brX0pOAYasaReUGXK9vbyRUdkj1ueGIPgKiOBr51M3MpSi5imi0EaoqhyKMztp7oUCYOVRL91b70225K+86zY5qm03zNVYDWzK7atDzGxgsesBWMwxg9MVyno/hSj0KgiSdva9dZX3/UWOawANJ8Jm0XchknVSYOn4DN4wEBobqyxzy9grpngmpUQEDPIdSpY3vz3hKNMqNP9R418g+F4c1luTIfCuTsQ5JlvljPUBuvgpmNc3ba+whFgupvEzqc9hwVB/Yy1ris0VSteHW+ejpzjFaQtxO4U5A8qnH1voy5Sbi0jYYJ065YsgNrLWlQqi0WL8HYHcrKs4E0dwYSd/ywsuHaap3X/H35xdvb9w+372576duda8LekamN2xR73YdBquf/1rOOrq5lm8o3rsj3RWEAyfDmby+f6WePGv0J8KyCGreqRkRTM2QRZES/9lMD1x72c79VyazTDHfOlIc4oF8PgNQB/XzD2kGKpuVF26IRdxXHlkVXu2MiMT97+doNzXqKcRHSLOY3znoTfUe5Osj29mHaBYhBm+2s1xJa6MQxjyej4KsvFe+0UWSjjY96uK9mMMIXzyJiYw575XyFJwPlvoQ3HoxtHA+nsUxSNlBZep9ziwnA3KqroWHeLw1lTucXvQY7xZy7IgLNO1t686ABKxBHwPmuesGzOCk4tFO1KIlkOJtnNuc6hw10wMZmJSGlkM+4ne+zH8X45YT2YhjFdse0Frgks23fcT37+aHKpWfcYzCSGDDxetN0APSwmMAJY8y1znn5AqdkzzaJ1by/faovQvhnyUQ5bkpwyzemO9108XQYn9JFbw87LEaPtFuzd4LXTLbTPzAr6I3+TWGm/nn4TziRwZUE6cXc+p2ircIGS90sFYQhG4SCJF+wUrfkbA6jZ8hjGAc7ISJjnDNff5lUSf7l6vhmqLLMEQRa9KmTyO3P+XUZHLNfJFHVRxisJrt05szy2YsW/Zu7Zxkd2/z02UtvPanBR4usbNWkFYhefCm9uMGEd81zd4nbgvc1CS62ukJGrnMBUOijjw/ybFMGpqZILFyNl812dX94hpgxK1hgrfDYUN067cUS03Ac6JIPtmUO2C9HR9ExK2D6S2T2T3eNWI4y5ab6fvGl92mtT0cZkTpEJTiHjA2d/u52D20+PfeiBdlSx/TYtKuqLEkjmvnPgOTRxg+uEeIECaNWg8eOmTJRWLJEMNLfSglBWtFWsmSlOm2REChgGnvSgH1CVBuhuSmFAB8/Q+LosjPzSn0kFvyfbsH1Uia8ezV0N1Fg6l5NPDunSxA5ajeVpT2R41WMEIq/ajQh0h9Kh2wCp8/MpQ7CnSGhsqtyCjagrKQ4TEA9IR83cWFH+9rmIDsxyzWGpfYmoqBwlLwKnoQ5asJ91l8ErFfS9imWWaUTj1StzbCVOWezdMizMapgclgB3YYJtSAhL9aTfGKG1La1q6x2IShM60q7CBBt0zyWb3UsPtvGhpHL4EyGjxa1KrTqKCnGTBo2R9HM31aWD5g0GZh0CUQthmU4ztFkJ7C60UXmUOPYbQCoxP8wT/0ZcxzH5KnlpVi7qA7HseWn3OOjgDCuOJglUna9+QBUeET9wm7jAk2Q7P9CXp5wTFRiIXU0tqUsdJUqX6v0U3j2Ez3HwRMFy4m/w20l+DTMKDtiFa7lGBDbaWow8Vx5s5h8M5HZvGnnbF84HZBlOSDD25JOQ0Ztwy3EZh5jfDMGzbNK3VvfXvw5KDQDVIeOTf/KA2msPdlbPFa15HBEAFJmMKXO7NjiIJaKJA1mBG9hwfmEZgIwqPJ87LvMkHXikB2IHcIpOq/mglpsgtDOtsNMRXYZSZpuKw/Z8h0NWrU0hkw2czGPGosXma6fAMwV33VDUsdC8yXYWiVpckoQDjqbgFao4p65DM4MW1OG1ly95f6SMkiuANZ3rIWrxqHVvPwRyEQNqA9drASh+6FO383pNKgz105xxFr5bCf4Crdrhz7ZrOqUGObLTk1rtfqsC8A8VmPHJnu9KW6sATvdqRb4jWXt8w0f1HLFmXv+mci15Tt3NjZhJKvlJk+VSeufvdlrZMyIF6NvTMXvnH95/4Tf/gRFctwdPH43mTtobKDiO4GUwUqanhsOSeuCzFKqF10NYH6ayk+h+D1Mq9SkuyXA+/YzFkvKA2ZJEn13nWqcs0SvdcVrWTCXN6uyUiiEvfivh890o8iySV2IjdYBZksWnf0Yc5oX89B1n6VXWjy8/OzZSw/SISUKWkbyS0S0uKoXKW3RZYyGBvdjbxWB2+hjZz4SG3WaORfodrJ/gmq1IwXdLrhaUguu4pwfTrs8dYbBi2OJnURAxkwcR05igLTm91JVvhPaOTTQWbJIVmwkoEf1as5C6aVvxxq0DNcApzEYx16BCnDiaLmurADBjKHMvq0EVDHykh3xcdGS0WNnn4CdM4y3hgXiqMegj5Ee7msQoLVb5bHj1F24UgOVDU3M8lp6JNzfxe5HdITB08L/JovRVta/hq1N9SuqoY9FLKrIo7FpW6s1S0LN+7/ZqEMspIwLqZpSRlbRxtSpe7vbnDz2gK8MpKM1h7M16iWq15jIT3YWqxMuzgOg9025+KoslpiiMNe4eyfNpMNEk04A0qh/zIF+yTyEi6mEJ9RnUYYt6comM+n12waCTHSUiN6WLXBctGWBOkwxoyIN+upxKff335uK6+3e3+WZZhBwfeiHAlq9vtvcTwQyThwK1pKLd/n4cUEFDVheT2Xtz8MzHnXteeHuxu6+l15HIHVkzGyvNI8bBhofAZe4ekLA0hms1Qe4uMSTnhFPiTL1Bkb1KZFz0wBtGimNA9invylGttoRzoZBXYJnaUzzUM2jy/KA6EwctPcvVsRtOgqNUYgBA0Yt6qJcLTcanRpEYPMGoWIglkU8/C/v7tzo30KO+qt+JBPXrgAAIABJREFUO6wbirqOcHCdQMscG+tbw5mCTJ9jSapqhi61YN0btpgdrtoGyz3+hjpYGAB4K0B9arSJp+s3KeRdZVsl4ea0A479C7YElXaL87IvNZIcb6ptWt9eSzZnc5Qk4Wl897hB+prK14fIhViUmwwix6qMLwXHgG1javqSW7E+a+R8AURBSCGCmzQcV2ahkpLvRcR2BqrWRQlRU4QtfCeyajt07wVMdSMfOYMihjYUpdMs6zM/TvZs6aBus2rFLYfNwgcvYWnRAYakHCNcBBa0yligTpMBYx+xn8FjrKSlPVs526r8wF1wtd8lnVWMi+ZiJh+mjaF2XsI/zCSkULoNIQqcUzqFND2NFNT4bBWFqcq+p3ZF39UHLYIot5+2YR7V+TrKokCA8FJ3sUslbavqGY+O43eKTxMFRcW63Mx4qDWLa3/jut00rKumZKIyXVzieXBmH0auNj4OLninZ5Ine0arSaT5OJRZ6ZL2wSnTlT78z2rzYIdHJmdoO9sd42Kmxf4NMMId6OTihye5zuU2hekKViGe76UJOa53S9RPdYESZWfqIrwRwl6dfX1juQAqODYgzT96XWwoUlTNHmII9+0/aVb8paZyod0oD6CWWNioUresLK1S04FFhicuBZKGq56IdlOwLUn2+hsBlt3rTVPLP7y1jN8Eoqw5asyaFKVgkkw0p1pQUvWAq5IPMlR4uYqcrF68D28Ci4WVZtJ6vast020A63ytBETFpIbvW9PM5KDJaufJIyMgU/MShk0j8p3Z1kx2MskkZWINi7rBmQVYcDkjxaqIAz4hm5RkZctKn4BVVWkqCY1RekH4DKUpzGqrxtu/3ABbOclWeYJUJIqcgigjdQzAjCrq/GTsqzItJj2cmg+dhbfU7VLyC+tPH95cXblNvssktWyp3quYrShf3VgWMu5/fHXtfh75mKnc00+JABV2jBmOLhznAov5rmh1hfWx91FytTHHXbBSWz/Cde01eqb4GpjfW/8HwxuZPTLbT0KiMDq07LQTAK8Hv7/fcEi3zdXJCktnIzincorOEmWDlVrFosjz6zvWqtUszF4jzoLiO2b+ZURf6ZJDS+98kO1Xm3pZd9sIi7VqC+Zz3pn7490pU/f9tliQdVTjvvgMgcgXuRkLJOcFrqkoG2K1WqRDfM7O3KePAGNcX/Oo4npKcqlhyC+1KWcTPEFLbD0ahgU5qVonKh4XHIM/NVo9Qz/RyR6StDmypnixldhaVXFQFJIq4jpQNc6YaJ+CMYbbRsBcaM8ACtxpq2yxvQiKs6OqLm5J5v4N0TjjPwhrj57Iekiiqgr7OQ6s3j2IiatVZNEfS9WmknXiDtLTvE6GKGZQN0PQloWYKGpRkgBl2PfSXYA76+2FG618q75vSUckecDd9Uy7nUdLKaLfQqu7Xtb948q3T4iaCbVEBloujMFAijDa1CV6KTgRklb9RZCZLodYNOhZ4ZiKqWuvjj/dOkKWzlG1sFjyKL8Vv5kjk59AxEgIlfrIn8IxwiALWURw8/+z12+vP729eXNz5a0+7pnwk70yhqTd+5C8ewqRGRolNoZ5cTyh5rXWHZp0zqoiX0fxUnlP5GA+GM0LyfZ4ThP9zlICa9b/4I2hhHvyyFpA1JWn5DRKgXJdEHNwkZwTVxzy7SKZqTrITJHmRp307KvI4QVn/DjYzqj1z2bVCutb3bvfY8ilYB7uqd+ZG23U2ta7A1SLhPB10QDzGVF0TRQgzHgird+IKFk89mMs0HAEB9Rp5z8oU467iUeGF2vvsHGsud9MNzejqGE3pJGufbHXcNDQWsgvSDwyhKTLEb1ff/f/qIDw3i+/uEzBU+4R5VpucLHi2fNr73KzYnZexk+rno2roZ1QFdn+gZb1V+h0ovBRMqv4iKARVYrcm19NswktyOsGeSImjrJfQ7PiebqSbheuduwa+2aTHcZXTSEdQfwhLhEjbg191eeFDuC9uOuVR5AoRj9vpeI4ch5f7V82XzkiuymXhbPDkS027cVCXZIvxY6SmeC+GX2CIksYJu4LLRjaNFLWNcOaE3wMOl3nPmdzF76mHygW6GIQAy5o0pT0RDVjCnriJiZENUFhVwNHkVzMPK2CfbZE4oOAR0s8FQ/V01dcMkEcVSydrG4MV1vV6tc2qpqcA6y1rWDt+0meU3eKRhY4J8hHBsLwhCES29Ht75LUOEe1Wmu1WMiEEddiMlc3uytw0DGDrcVKLkDTfzAy2oXDZpCdXtXolCenXr2XISxoSTSya7HoB1q+ejJ8DYtlrdVKHHVh47+OHwx4+umTljmvvCzZuhF11I+5Yd/4wRm9K9O6ZerhU6bqq9mzzyDLKeWrnKykPjk16/UjUUrUtGonSISucePRsGkP3gnwWq/BxUoEXTrMIGvof5OSPNTBtnbTlCSuqrzv9pSHL7y6UJVTZN81zzRrsUQVubtKqDTuqTgcIE1UqYxw+/GJlY8JT0CCqquJIGWslfkWJmHJvoUMWzk3YLMKj8O0GbNyXxPRqtzw6rMbBSdNJunS9vhPdMJOOwTtHp1hzXfVEDgxKsuZCS7jOGxULlwvlAlQyR9ahqqJQsQcedwx267uiUKTemx8Z104jynHS3EL9s6FispjZ6t1hlUzbirqbZbu5CNJvwSP2iDQfMa03MXfK7NLacZzYdqjJKm5xm5oLLV1H18BGvdetLrFnt7G0HXt/YwX+MZ09b1OAdRSrzLZX3tD+81r6zCmAsLCy663iNgUpUzn1eKW2EzFAEjYMWj8sjF1i6RUZ/iGi6xdIaWBcQeut6hsLtf5dFWW/b2BhH1balruj3SGngmRiH+qsDguBPrIhIjDLh6UJHAOS0pSwYCjhf71SCQ5D2N1rfyBqr8Zb+frsRxXDMc4dvjrkaYIw9ki4hGasWzyi9OnWBYfxbKr+cVFM6RmKAyPST3DZhqmqPrmLjCCOwMFbAGKeM64ROHCfxpjDVsqhHOmdMxaK/FRLntSoYDfoVa+Z8PkdcCO2zsE3x2IH8ETsf8oIs6H/fW/5mO/491kUuc5xZe6KGJY+ypMKziA7peGF7QOU+SJcq0SssSV46pElJdGVJ2dumZFqzwlOTgh6vaRIzncPXI6iQUafUcttTyOreZO9NKuk66ybDMFs6Xip5GBk4nohC2pGBZUGhdBJndpa36mB/FdLVsIUDeI2DpHKPx00J6lwX1QCxNMQz3nkeJoyqyEecZgBsvyEsCMXSQX6INRJLsjUtuO845vkhPou0RViOrDrfjXR/Et7DbfKuwyUT9SRz76yJkiTjvr6PYSDxYZcu7f8ICXhD54z4/WjNejp2ZCzOSvRvSgpvMH9W3pM59DtQhik1OTrQNMxS3PhHhlSU6F/Nafj3RQbV/nWVUfdLjwUpnmCRzpyfVmjKPRLt9LHzk43cd8/GrRSJrexYfCUCDw3/FYKgpc/xHjkMO7/74zyNMxXE4Ja06/nLeLogGqcTLyaLuYQtD9jDB38Sk7XLKKI/Zxgys0G+2dmXpqyImBZEHbk+J2gpr6fhCFqU3lTTn8BJiE7PTSLZr3V5rYbXV/U8yuZRWAzeUByS5iPGukZtjsYJjeB2+I1xHEzbF4mazSaPECpvlTVLY1xFcqwyC3KNl3QmZfjY/wMVg05LIVxrQF9TwElzb+4Z/FI7Eu1OJeLVUWQkK0NEm7RmbtiQGqa9TM3r/w4hfhnLIAyQVTJDOEex9HJ+hE6BqHwwa5ggyy/0HRySNZ9ZBmCofadkGmGvBMBRcK9ux4zIZbjYdF3olY/LLUGI/XxMwWiaNLdssIhyTGKThUxybtxsHf8Uo26/8p7dvehc3lKOvVZJvww3QNfCQsE2W97/jUvFKfl/pOAC5bQLetfhRiOroLgtgpXtcdB5WzWQN5RHGO9x9S8wleGC68plRKqltRqWW4k3SUP10LvyLSl85eJma+ow7L1U91z81kytd1m55uOi1iDE2AODwG48y1hXYC/e++A4/e61YY4bjl0s72XPHcj2ZCZtJy/+jljOZFQtYw0owf7yZAbLG1pXEvbLtkR9rJ5BYFPYfZW122wSJ2INX/yBZVBXiB32hi6mAgWRecZQJedBx/aruOmRWbb3RAqW0LJMcxzP3HQNMuVWNxqQVsJilTlIBbdT7PLw2MAhrFgAdX0hlA58k7JVGBPAkFbqwyIRS54mCJb9klDCGngPMHgy3XPSGJsqMSrt0Spa09IpvE7jXWuPMjb7dyqLB01+7kZDcrIQuphuuKFzAJ7e9kEFzndLyFS2AjStrmA7VKZCrsRqTgRGFOwGea2vRyxQymFaFnp8nd+MwYmcQUiYxNPsgJQpYuWGpSxxCWbbVwnqnGzf33Lz9JJF1Zarx3S6rPPSSw08IFw2ai4snij98IM0EvmuJZOqpDdP/JdFNmvD7A1G5+w8ccJV5nELGa1zuOMJ+l1SsTolaqHLlfSKGL1E1zU9kyIubM1UKV+QRn1ZH4qDluxzlsZs2c82NHiSlYTH2fXX/yHruu22SBjP3ppbU71eQJLD1iWUYTopLfRQX8B7ApW57rf0HVP7s1JjcjFHP7XM+GuV6QI/NbhkyRnq/wFHT5esvAuLSuxoDNdbaQ6EzH+X9uoiwe1oet+mQX7DoxKwI7OqMC2GyyQIJQyKhOcEq3n43DduLI4Wo1RxC+oqTtyWwkwZH+pZcMmSVSRtlMnuXWcI3SMxWJm+NVZTvsngS0OxmhACBpQ9h3lBu9KrX/xHoEwkVROHMX/5htDDRG4V+bC/PYIhJmmSrqxE4D3jkiBiA6bPIag+nP06vV6GJFBiywEsp3WRT5hvqZoJr65tGCmDQbRCbjmZy3Gws1K16P2awRQGDhcs+y41eCFQz+FXbYNHCx8LKZhnb0TGRMf4yvjS4KS3/AIw9k6frJEJO/rKcChfSiPXIkjvDWopYZJi71v3luelYzVqPL13nSJmmagWvcoQZ4ja+Ibay79tS5Hw+7sv5NHXNFRmvFujdednfgDIN1C1v9rEpDlYg3fxS5PR3x+OzVR28AFufZzB+mVOwuKycmu06Im1p4+3lcNinjMFs3yVy0TCVV+wAA9Tz45CiQaoF5H9suRjjHuaRwP/UjLZZafqRljdJauZdhQu0Y7E/9Kom4cciuGkfpEyW/7ssuKIJKVf8Lstj0UQw6Klw3v9RQq8iVGO6lY/2a1ZZDl29FtRb5Tvvt+dyDICR3mqg9NEDn+qqw4tQmq04MfHbDFbubznbL+14Lz6e53inDpAtG2D2n4b9fYCl2d7YWkOz6UnK2YDPg1OvMb+pnFIUBC5kdoQNNfZcvpW47gXYJaIaoCiFsF9/EZlGK7vhLVcz816J4k8vnJUVBrhKPzGtvdB0mCICnggvVrI0+x26ECiCIBp3ym9NNV6etdSntdIZvjwTszB5Ohz2sdILjAe3tTHRWj3d/eSfnXqByQAs08ByYB4NmI21mwjobptIko4TsYjoqA1mG56zaqPU93MsGygaCfYcE0yd7iquFZVEJUSd52h3B6RagsK7bX7j7aqtuwbyjDsc2o57tQn5xAQG2lZWvcMT9HO4LosumsvIMtJKkx7rbQdRc2jxR+740qOZsWgzLxfRHjapQHuJCznGdN47JOiaobEQ+4Dtkh0HsKzo81MThmNJ+fchxs/zpt+hGIcEp5D2PxLj10e0MLXoys2tUZm+gigJ2LwXMyjHprj7cgkRKPcbLFq/de6LlLm5Z6yxidk9EUW+8sgrzrRGBvKfAai6LZ62Uk0LNw/dYZ3An1FKCS3kvzfI8lUVcT7T1Q/TlWcnLjKT+0OCXSf+w6vAVkb6Kx4zXdKZLBBjXZgYPAkX6p6+AAsgvuMCfoqNdPiokS1bxgHohVXysyaWdHLSspFTaKj9ZPqb6cZk2WBwF64uFdhaoz9oqSSqC2NpCUDSUhCqtK6nrItpI6U0pd6y2EK1oswI+y7wl+FAYzc5g7YWYpYyehfW2HCsi1G721uUDCpY3JvcJQxDCmo2qgS9QI1LS9HR2lOoTSXrwujRUbLm8ADkz+dmyN16Yg4HcfYxWktscaZwvJkGQeWJ5MQIuqRUMogVwlkzl4LQZubPLNw/PX1/7vXq3ybQ8/+C9b915/+g3Ft+zHSRvXjz/4P4frwPCZ7kPiwJ4sufdZtjLAMpE8wbIMtj1999+ur9+dXNdiJvRniGBY4l3b481RL9J8JNnb66vXZP1RIKbizbM5Azza01+/rP3rkfgT5tkZ8FWXZfTLlEUDlVFZBfBzI9MXlLcSdvLK48xdx1XfWcTm78YvOwq1W+zWLFTJGYZpho3DFdaFKmJeVOTFbIDJHVxwJq1L7Z2dxiCjWab4LnrwcV0XCHXNts4+VIv9xdjfvb08cPtbTOfwvSj+0C5YFNAzCj56dWVN7J6njL49dw0cYvR5gU08AhFT2Zrz/vH3Tm3ZTr+dvr0/Nm1d91ltdkjrSl7VFV2tM6qhcViJz7br0vA7vBimMXOqYtgTKtXTuaKlvVilJ0y2eGKsUC03yYuhiWLjG6FCR3ZARsHfZAJ3HzG2XFaHzvME86rMZh/SGK4GJpzxz8pRE7saW0/BSyG1riJEzLPn1uB1i54U6I54WV7CmjI9r95SideQ6KEIfcWkTOvBVMH2ZlmEzJNfLZgyhDSOt+Do8OddLV5Tb0m1uknVqd+VjnAFS1xp2RTlaNds7oV9OSU13Y9dwvOEpvpWqtpa9/sIXW3YM0stnyxTE15EhAEcvQBm0k6fZqxqSjieMDd0ceINc6YZ14iF15/fPXs5ssvbu/efTBKGWJcMsgX5SY39Hm3YfehPD6//cAai2rvGbvrsR8BnZdcU3W34cOzm5s3fkjg+lkZ1bJ3YvgGPDTuAPRAgF+aLQPC3Pv1WSdL5Mq+6m6+uucqZVI2k27LUIra7MZZbWGzSKlE9eXcqUaHr886OucxS3z6LvkYb8vPwrIJOj0dILywZrpyGseu8VBqn8f7n6AD4zJQoQK+k4Ryoen29say3KWPxzjsrfLFJMC+7PSx/Smjot4vsKQB94hDXCydsPL7wQseJ2olfHcR+NkxMeMXAEx8n3u9m3f/y5iuWU2qey29p8lgJDP6AWx55cXNjbcSLUf6YO5sgz9dT1gVvjOUDgpGiDvsvK3B0y1eXQHt1REkXNTYDVFEGknZiMJWoaZEyrHxsWFakJbdMkbuPRZYz0nEagKkmeAzYzhYnkRVnhWD1h7C40569aSbHwTLtV7WjMaCaZMcA9PpHWcSsoSg60xZ1H2P0b4DyioV1N9DYjfn2uuPzehpN8o+6XmqLPiaYe08m2o240gjW5GQpVMvB8sa0r+wWULVgwqKxNJVVYdjPVALlCO+QOtU4BLtjoqayQaoE9jvmjH9sD3FJnmMFgKQqvuOciod/GsDHzI0h52afOVg3BPnb8xHkgkq6Xv8m9rMNJX9oa3KykceGtY+KesMA9N5rDUaUWy3c2mSqQvGmD5JjMnQPbVRPfvFqXg+zGS+2qVCxtv4I782f0g1xUHxFKEO/5d/7+7HH5Kh7/U1m+W/5dILeTk+IOlQYmuP452Q3+fYsyg1qc+f+QU+yN2RodyvJP3Hf9MtpI33w7lpTyEaj4Ij1ZiyMAqSbkZSWpVAb99//JOP7//p3y9xOWtpwifCqCRHrIfrAJ+9/PjrP+qso7gCzWlFT6PXhTeeZITMcgaP4xDHev8EV3M6xJxUGEd++vJMuoIMWh4SSGcv8OukmSW7H0/B9iRCn9XbPvkdq9eeO4MnHlmxUlHPJI8f39e38tthvP18jOHKaN3mMAteTjCqnpUy5Pd++dn3v/fMb810rcHkcyneCNU15/L9yw+/++z6q90RWT7r1c09o7a3o715/vjti8ff66JtnTRTXbrKbFIftk3D+Spkp6Top0a3uP7aa2/Sl7rKM7j0YLY2W+Izrj2/+viTd88EmCTZ3LGAMm1YEinDmgtnO4ZdVZHRmHLETHKWxZbFlmFOJnHbT7fBvPj885f/xG/efEabhxunhFjf0+75C78C72nc333z7v5n7/7tf+2vff37P3m4fXjfr5UInqeg0y+cRLKS+XaAmLj5MA1RsGVTq9v7n/yN3+mZASh6KX6vGc0KzZ2dALy8u328++bWb/K64Izfq6srA75R45Wncz89//nD+3/+n/4zv/XH37z/6v1RqX51YkXUERvXJgZ6YvG0ZK23OAlXkWHe/PKv/Mqf6nnf+NVBatLEwtHzhw/vb773JUdc3FYkNcnRMD8d1636DCwVX2o0Ie3Vu5/99Nuf/swdVHRmCkGQ6ynZ8pIzjuePt35JwmV37qbxJjHx6KzBBP3V2+vf+gf/NDTkMmUhpH3JzsbUV1//nZ9++7u/27PUiozxxRFJBfDHh3u/qvrH/6G/4BEKb6Tf/X9Offxi85Hfe7ud/P/Of/aXDzjlOPuYZlOlQ4W+NipWVfCgaVKoMNIR5NLp/sRk7RVqrLsPULsOsuUUiE9h3rr8RdLYqJT0lGtc69UlNbvEIK5Ed7f3m1e/9Wf+7KfH246bqvna/9qNEHH//O99Ekyz/e2MFLh1zDSKKy8wiyMz+atXD99++Nlf/+1u7TjCwzDZ5QimwGzWPjup5XiRvgYM9MWv/9GH7/9Si4fy5sVg2b+2flDpZ19/+9VPurjaHF6ENH8EqMu5WOs+Mm9y4kuxmAcyOcIo6ZVydjOT0DFDEHTeB+/e/M//0n/yO3/9d72Fs+zjXx0ri9Mwlgjj2Kd/nLSd0ak88vpKoq/L9yr0R0WvbrweIZgoqBh7pV2VENLPP//RN3/yj7y5vn343k0LqV5s05KnoQjUupLlrWdffu/q5o3zfwHvBKAfEZFYso8gf3z4vU/P/8Zf+U9vvHZAgjOKNX2rC9lYCeC7128/3nzx/PbbAC4gQ58pQpmqDTYiPeVWksLqIpuK037x5wN59RnqxFgm0mxw5gNI6wJjsiFVvYZOjSQNpfmtztdpADso9y9huVH6MWzn6UGZnAvUC5i5dfDJMdR2GZA17u7vMOzh5tgH3+8s20zPHWNeieGbuMM0iZ1t0V2uCa4k76jTAKs45fCrF1fvbz+8v/15N2OxnVcpmBzkwMeP71i3bvfpBz94+ef/sV7/z6kReFxrF6fwcZf8z//Os6s37//qT95/8xWujVJVYjBQTJFyG3PUgpJZAiXhBIrTP79+/cvfo+UaG9ZWqgPOzXrNz/7a793+5FtPgedAoPuHR+MIraeV1HScJf5gbpxjhRDk6OOpDsnnSHVNsdrsRUnWmixgChWZ2MXsR+tNN5+/ffjpN49f3Z5lGgOsNIq6dFxTffrx/v17xtvcg98OqEQn/SIm2ziG4RScESTYjscn2v61ksoUSilquev+268Om1jw3rwcb4eHXie5e78rfm6nbbHzxXXvrwtJoeKX8rwpm8VqkwFZPktsKMJjbBYYahBFZWuvJgi1cuzgOGUDXZOrKvsTuKuLbLRcJxmsz1CnbhRSnim0Rh47vaG519SewpN7WCo/G2C7tfocgZ3BbLEZVp+nIBa2QVXXN7KDvYpj5WEd8JrD6fGcbIl4pFpli4uckuQEpOsO7GB+UlACBDtZ0yEFlTCYofacNGjOZS6ZfegUWtThXIDml8PS2+2nQDzj1EE3GMCmca9k0YZqZ4hqVinu3YbRkp4zdT2wCZmJuJ9lRJhfm5ufAXU8VjjQuB5GiZnYVg7q9a2dFvapqHuxS7BCms/M/d7KzyQ6HYmAhIAaEwul1pmaeZNRcMF/3JSEGWS6rMEap09FmGctH+rOpLNDpYQ87djDWcJX0uxocdfooaSW6p6/ffPsTb8k3xCrfr8kJc1oJyO/evv89uqD3ZbSqDCcU99eKFqOGaAUXiMpsLuoRKdyvzXzgx+9+M0/8fLRFFuGVazcuqtk3wOqRm6vj/n4uVDuTpmTT7wSrRmNJRTrKQ9v7n7+zadvtzDWrVtH7CIgMGEpZU2Z1G1UOz3dAS0/Xv/xNy8/328hGz36pXfv/NBMlLzw5NXzh1e3f/CNn51sbNGiDP7xuWfpZuRsicmTgoKj4K5/LldmA4daLXjBoECTD+ZqQMbsj1x/+l/9+TeWg8z+IetEq8v03QhkPPr+l2//1b/8+//i/+Q//Y3Pb3oYAoOuI6dTTwPHvYzPVYTsWjON5nJhk5Y9veLaeZoxKBduak61xp+MEr3L/Q08OWpaTp0WqJ6/+On9wz/7z/9jL3/5By9fvydB9GSB2umGpeciG9dUzG8st9hZwLG785wvfvVHf/+fe/74lUsBTNe642xA8nSk750htP5BfLbLX7nNjn+li7rKYV6Z44TRri5z+/Nvfv8//ytd4oi5W33MAvP3nNxQqw+60Fc2VHiu9Lk2p62A/Pjx+s31L/2xX3/2+J6dQFLGHskmSO56eXP39bffgGepiE8XwxAU7RF0nvrme5/fXHf+4VRQuLtaUq+Jg0xzd/ste9ni3QJAmjlBlBLaKSAMtXW0o68OcAERwmMSkphmDKb9rKIMq7UqAtvVcNFX1eEWs50Xd+5JCJLOM9TawZSRI8zfhQS97AW3W41X+vj67Zsf/vovPd5/6w6wI0OLtAuQ1vjFqWyl2H4DT1yTF9n+z5tYJ+iIVLzZ5Lc/++pn//Vf35Jl2UcLYVG8jg7foNGnP3atVTUyI0EJ+Hjz/S+vv/99e2ktMup5x85Nkj89/4Ovv3YDpwtdM6jsDXOvulm4vXx+8+bzlybZhRMeddycxQj2MUrE0YRhmr2Ri5Wpw8P93dUX3/tL/9W//2/+63/lR9/7oqZs0iif6zTMhMNeWXUBL55zAWmK7JOWiuIA+vS1Hzr/65j3H25jIjP6K8Fyst8KxF/sX93d/ze/8r2Xf8+furHK656Q5MJPlZZPPJ9g7Hn8H/33fsswuKUUxbfaudUQS6r86Puv/s//6k/HiDC1AAAgAElEQVT+9//qX/rVH7gSIAydADh/0BmFc/Z6uP324U/+A89+6y88vPu2zqsVJN2IUiykTU5Is2lYjz5KhnMKT9PKO1qlnQ6nYsTjle/H8pQXqOpywgpUNadj0N7BQtaqqlVIub7GaD4rsqGvbaFZ2McrbO1VEHXjMo5/8w9+L6t1/uNJYMsuTvU7XaKvJv7ptXILa4RxPq202AibOf39RxdvBY6Tk/L2dCLX6oBHXW9//tWPrSJBgkOvV+p2oJ6olkTuP7x7/Wu//urv/2+/+OYbaaoRweXEQLlKYOx5+dmLP//47tu/+a//26/cASUfGX6hOqFk52Ij6q7XNoTXEX0c05ibXv/6937jn/tHpCI0YlJUwlytIalkc/2zv/zb3/7XP3t+XRdglay0FfOirViaxruIqopRI8jAsmx88oAvapcSZ13hnr0bnaLLEduJc4bL9MoLYCPs/TW9X13dvrv39jmdg9Qe0Zd6rcA+e3739c+/+cnvnZbxaQR6EppoUTxp7fPPIEQwJPsOy9khMzwgw56ppAvt0rOMnWUchrWT/Ta5Qvp++Paby4ylMaTxKj6FlUSjS6TRZNSauOyS3SIaqcLZak0SUiZrG+Ca21appSYdD8DgVBnJVC02Aj95VUR32tcyOVX133euqCRCRDvwrWbMRtgq87ZqL+TkjlnyEXVUe9uaJCbztR3V26nxkyGi6+jQyCzLOGmemunt+wAd68m9SFAw92TH9WJQ5MeEZTsmPw8qBaK4bz6etih0jZmUfg4LwaArS2j/L97amYI0ib50EvJScOO3mZkprrmW6IyjyOhUWGbQdW0Kdg9BYLNBPAJKSp2DzWdvMS4uFBtrZJIz+pwGjj3BU5MaxLBmA37Gnab4/SBJ+mKHJPXrrgdoOsVqwreTmRpLKqkS8ZoP4/q8pN42o2DaWDa6YcS6dYWZaz2cjWOfNoy8tOKg+6P8OKLlW8aKl3kbmc+vcwSGDHC4JqmOgUdy/OkkLSiFMBTEq+oD0vsP7pGyohVC0+54mQ6n73M3uD5eeyfClotHnLqpbp7XS1e8MOHd/fOdgJSjt9G8f6l3dLSXmhXY1CDsdQYVJOT24eXbHgI4J9XhZL3SrJfzmHV7YRy6xgM28iLOzHSMPTIcbWPdrFpZHsM8/VacMebkAG52ulHC7x24kfP+w6dv3ll8uk7f3Xxyf+tudW0/3bn860HGj8/+6A8/+96rh3fvGwLCJRKYDy/f7Jy2dejiw1bI4uQwlEz61mMoAehdGZ1SJck8lVZZYF9N+fCRczG1NiMnwih0vafUWIWNjmEphIKaFLmmCL0K0GgVi1Zu+kfu8fLJ8ZRwIvLw8fZbL/3PFuQ4qSYlNep6Vt5qtotfjJYu52tG6zRPK6vrST2xPXnM04lEMx2nijfXe5kR0PiwSGephpddptEzGKLOSHWnkd1Y+zSv20TzwQrT3XXx0Nja1L7J0/JMLtwZjnuC1TTgWXN81W1L+I9zY+6tudduL2wCIcJFsuVtU6nOfj/emcAJChqXYHJX/jvRl1oZxXeOY5RcaeO5Pplvhz7yZ5RJrXgM+kJRsBSWyIqJqEeuSinRp7XaijvXQlRN9JhlZH03bk9cqs/qTYpMLotqOYuJ6LRenlgZUhjVt9Wzrc/jpcQ3hTpIUi5I+JcfTumnflSucx+PnwafPr4wrw1i7YPVwTlCwd2VVLRaH+Evt7XyraK12MqS49D1l3Kdh9oLVFIg3BRNllffpM6dEaY+MwofKy2m5ICZZp5KvArSZfFanThZV/l4R/yXb195hD6/nq0wSeVKpm3ZtJQ6ww98BwV7EPGu87Jj5gFSvGyeJ/B7MUBXDs/7f1ORNtQA5/7OTeBffvHm/vbd19/6KQ+L+gRSt7cjsCUncxbM33zlWSMtPLnoR0XkkFYSOlV+8erHP3vvN6o/e/OFtQOXyZyip3cL7X5C2DqIB9/eynld1AKpU8TQNtIJqm6PbQcW6L9zC1XKShVUoyH7pW+6Oj6GmVEzEpJ44Gq3xMQZxWnHFR8BbL8Jdl1JbfZSUbLCVJzi3Hld3UNBjirO+hA1/oqJwpaLaxiPAaLQp5vr1xywqybWnXrSz7IGiq45m8V3gaDE3XYakz4GeA2fCMOtDFrnJCvCvNv12p4hdIN7/F0Q6KpvZxlwtIrDv0Xa+9ve6bYbJaVVKMuQVmTcFGr/4+PrN2/Fqo5ICb4hleU1TCu+SKdLwIakewd81WFfeJ/R1Y31hsZisbO1m++evgXERW0OevX6Oj/RnJczon1tFmeOs1i9ah08qVk5jZO+/WGK4CiPOkjHDjNWA3s2j2Z4mw+WL3ZbEpZkFVU5LwC5K6H1I6Hq5GclOTzb1jIDYyVk4lk94oBUcXH5qSuY1mpMRl0DLYqaghIfJg0+zbu9vNsbGl/qSJ1SlS6AURuSOVcbCFvIUVARUOZRIaomriEbzAiyIEr8ivC11mo7+05CLWqnvHBHHnDtlFO07ldbQE6HQq2yIgTQRFer/VOzYIkhwkN5Dk47tBrttsV2D+xxm5QYahmC6JLS37itgJhybiXDFfVEPaEIfm3Xse2kbi60F4lGJYoWRwOnhPV8nwyQthOqqpFI1bZaBYpQH2jLx1oJbvV4SW+8WgxpUlLMCsjzZfYUTzFsGa4BWaWN7/Bg+GYBjcPWTD59dPNurfBqeDkIOuMvUYkFzAprKDQ+2NcfEWrltKHw6oRiwaVQlBvwciCAdbVKxmoLwvAnRUF6aEu5Kb6THNY4CEjLBijpKAm3d0ylyTFk7VMnI1V/ObTbRuwsG+Q4dSyQDTRBmhnrS1qvo0NhEICcqVscyvytUmdhLc6IVTpjGPpjgW2pgWuLYvS+ZqmAZDCAWTn1GvmdUJjiIcB+aquxTle4d9+MUd39VYgmXeMmUn05UbNs4rBXpM0qZO/OJAhSPkP5B6b9KT+Nj/bV5AgMGCtrUyrkQrRpj/swNauV0zfjYbbM7IhRKm4XRbk3nQMiUM6UNQBo0zuRUYx8xgnWSj+9cG7jMSOXnZ1EWYRnFAOF4WF2tTAZi0fTU1wf37x5LW2eKpd0829M45R4OhwdjeNdq1Grqv9vrhq5zXXCXGcJN+A6Qt5nSeWKsnpMzBqUW0kPT95fWXLqO9hyWWZiM5FRDANfEQhd2AmXvGKi0UqOlws1r/tkWN2sROVlNHAZ1WS8gNiEJUT4LNMFu2CZBwk+YYlX6mOgCxfjqvXlOSUgtOtnUEOaTZsaDGpJvLA1kOj2eS82jclFrEE5ttkkB+68ot4NT6NSe6jZLfvN5SyiV3f1kO51uuWTgjJr6q3nVIMqJm6vXHzoUQdSMnwxlQZDVPbJ9MmK94WB74rWaxVtm3+odI4uXzXIEJLI/L3+GssLs5KpIxArTNiRS1QVk6FoPXk4GJfDcwiLFI1MhUmh2fgHk3a0l9wYxFbI8cKRN0PtEOf8ZCNFC8eLFdbRQEtlzA/39GryGycyCB+/GqmckGWJJ7QVqYExPvyzcY47FQPXtNB+qUR4OI+V2jaBcNVNEqkhEir5dApyrkcpArTPNsgRgQhQ+PwvzicrqwUZjd/q9lpN0+V+N+r7z9/cWMoEwPwB51j5Q2aXb1TFnFZHzCXAFFUsDlgy87aTN1t/KqVZ+e0d6Z2e6XDuz9ejstOLF6+9EvLx2f1dhNqUnjsh9ygR3V0t5bOHu/u3X772nqK6Qq+4K2ncfbjt+VEvu3zVGX4v6PIislQuerLPcIpc5waOGmOe+Um7fFE+gJBZMkNxG5baZq9pEA+2Kt3jmK2mohgdhaZzVc39nQEGs8ij9bcbKNvlX0RJVJejpdg1br/JsIpy90jj0TQNwWQmt+b+ahmbdJEJu9Q5ZFvkwH3x1upO9Sq7HZegIcRQWNXHJ2hCC8cidwck5NbF4eYGxNRHksYDGxzCJK0y1GAArsqdphri4R6M7tCpU1SB74JNv06DjAqC9NTbRrAVvFmqTrgGOibxwUPKy3EM8it6PnrkwzIWBUsBwqSVkWMRCjZ4npFCnLVGlOguRMyiQcNpQZlpsJ/5NSpYUTOqf3ou5Gt0vmGIAaur3TRnevjYioxiTMv0jbJ1yrgA3PJZkdlCVS402CSdWMzr9P0b7bHU/KlpOJWsMiWTmyaDzB68N10iOsD5o7KxhJVeDYY1ONAqMCxzUSYdd5YvtPLG2nUMZf8qwGpwOmwoHKhTs8+o8h6jbI/QIqOYqs/jGupD6vuUKSJSYf+rjMNkHWFH8YlSOh0THWEfT9X2Z7XkEHfETDKzip3dZz7yCRuDp9azd4ziF+NMdPqyAoBWtAyQzCfNj0CUExnlZR8JAzb1HsCxf3JPBhy/9R9y4k3j2DYT7ORhihVeW6+qQ4kNTiFni3ARy4UINLXTjeI69uxrlqn2yOiSBNoS9EY48Eo7xbaKPfGTfGLEJw5yZRPLSiR88bH+vtkLP+bJ0M++vEcj1/Ig1xUWPlmtew1NYsuXtNB7e7gzmi2+B0OCL+Jrcz4bBdK5DE9AI5oWGiTrO+Nky+w2m6IuwfJTYNtWqac1KOn/jR+Zvy7msCefvHGslbKlumxARuwSkUe1smvun16p2KOceCSneKZXK2N1V4ZZKuyLw8rSyJBAHNMk0rplxAzYOggC/I3LD6VUiWHjgyznKsNqN4MuAmTIHFuncZiTMy856ySJDLB6gieuY6VxVTzo1SOq3q7I0F1biVxPC0v/0hkJeTgsAgQOP0rhVa0YBxQYNO7OSglIU/9a2naodYPKUAGNQxZrcJh3hrwOGKlkQ7AHv154GgHNYs2FLsWe2xMGr92k+epaw9suUhPSQD8Ppn7svdfPUL5rFH2lRPiZ6fM3N35gmNdMGPinDKW2+WpOM5aJ7mfu7xCyQPYIBF9YCLwi3mwCcwpBp7Ezru40mnZimD8dEJIYO3S1h5aHMoB7JZ3ZYVbOKNsQ2Y8Wr/8gcE9RvTITDfI+4eKmIJxDFiuWTIF0qJ2fsRdW3U2kWOh1tuaBsp1y9CbThNUizhI4BTDTBO7TexgbBTXNlSrbWJhVWK7LgFyAvFM6JXTkEGZrPHBe5Bb/5lth2pRo5icN5qnPsOS3WmtU35wAg8XgFGPi+Mc78BmM1BlgZof6Ar3QSsHV7TuN/McsEntpVgdL+uVPVaarsF5jr+MsUiuV2te1NF2dymMsIBK1g0zNhSVPaufOxS8e4DuBWw4+EsaXOvvW1xCUYDClIWZ/iD2h5Ryja6mkbYmuiWzwoD3AzlTpaIcOs6hLe+rHfzAGN13XZWKR3cnUMjVcs0pT2NSZ8V/U5j7vxEHEKzmhCPhDJnaoPaEXP0i7R34ZAS/bbkYvw2nrOc7+uRnSzah3j9fXuml9AINiwGfK7gIFlwu3hpR4EIBvwkptsfKRwea3UshGFn3fzD4EPRGAVwEDo/LSoBMEvwMWCxnBU6ZsouN2rulBtq4E7MWR8ZAoP/r9kJ6Y9+/eg6ie+SljYOgkPROL7ZfOal64cc01wCuB/3h/G30zy0FtopRlhTaTggt110RZHoY5RzVPdHF22u3rHLDJUXF6BrrA0rhkMYMhjj4qHt63qv3DwjGs0WiUoiGJLHBOZozeZdFYhMXxQZ2ZM6xStYd/khdR9cTIcUuz4+y8oz7T0P0AibNCPsiDIExQsKewlWNObSstDAMdShA9V9Dcl9e3RpBq1Ttv5BXJC2N+lAnzkO720UXxfuetATud6dmdoTXKCf7bWwAT7YJPoeNwDlLCnXabRiuek4IOyJm1VBXSwZ4hKel8wdllNybRMCMI9U09po/elJYkWAcMgK3DwrGtwdxRBqUMpAy3BCJp1O2iQb4TA7t2VtAZgVMQ0tOpaNIjF2nzg2bz304wsDRSbCsC4vJ0mjV7d52vcm4pI7TnX2K1RFHAVJhoiNIlVzfbqUAFgoB3LWjNe29W2w5gMNZnUf+0SUiJN5aJiKiIrcbRPJDExVYGqygFqalUE5Ga2qtam5rFKdLpT4YmoV+LDjBAG90+pnLFMU6l2h/ESJQ1Ij3RX5od8kGuBnUnACuNUdtgnD0sYlMhVouaBCWmLp8VvkMUu/7iBllV3HsYrmS7IoSr5rtI67kH8fgqmbQOjqWWyclJWk6awxBt8lpLABtPTdOHi9NyrYqAYy6O4RZJ1QxaHaB5auDEXgNcUbHgMH7k2/QLyqbLnRpTJQABxls+jUlvSsBGQXX42XBuOAOwgHa/hVsI9AJNy5wYKzdyRHS2DJs6ictaAB/C2inwX+YgI8GTH83BpzKRtYxsXeiorARmjQxtxWsg23wq144eHQj4zc+i54iGb82y6Ggagpht9pwgdVmAdu1gX0Q39Tenp9rL3mH8dA8fNUI035UFpt5AKKvXrmxMZu8ycD6a2vZso86CXW5uKS9DQO3NQRYtGg33U2VLyaVlJWBaSCinnJs30rE2oLDe0S4PT8eXGBHbQXGkOYpURtC9+C25lZS3VLker6JL5M0Ypt2aAX08kChaRZR1G2FgxPxUE2Vt+HSjnmkIrVl7Ebt48LaZlHNb5PXrpuzFiMmQh44aT51oeWff1evrT71VCquuJvdgRG8of/RyJNcLeLPg5F4z37JekX/bq73JtlUFGDs+u5maCo5eqndbVDOPZgv9rpBs/spz92TToQdUzBD2Qv8eGWt6sKgzhAnpXptLdNFGQXHi/mMgrCy58wAMx8xi0x27tE5R6PwbIsD2WNXclNHwn81QRXv6fdS1OZ1rNqeeaGz55jiXEJx3k0O35Sz+amW3j3orNZjj1a4euQ+i/lbMaFgYZFl7iMGvbB9dN+hAaEXDtAGxqD90uT9F+hwTYn0nNzjMYqU1uyoPakN+tMVZ9U1Ea+ooc6ymiijCdPZPAcKAHlF9Lt6CiWdCa3WQ2OuoFtXFzHFBF4v9BfLYelLzXFpST30dUqRrBuGaWharPAA+/StPzN1DqpwYHMiEu7JZtgZHPuAXz6b6sSmFP7rXbpL5RR+s7fgwxsqPFZaB6qT1ZVUhPHCUxM4Si69zAnZwlIGbYQjftGlt1wmphRXtzVFCWzdpsB8Yo1P+L/RSGM9jTAfp2YngCfX2sXj58sbvcN2YfNbP/bC3zNOTgqo1dBFNQ2GIqfgPIaqpNIfEPcRxn0CV1Jru530X5nckmucLG+lgk6sD2ktPU6vO4ATB5JOiLrIF2ZTzJSR+PaS8TLhpfl3AOUoF7qC999orBHh3XpBakiDT68E9LO9U5tPt7YfurJMAIJMJmz5K8Q2Gs0On0/az20yRx9O6E7C6e2oso9abHc/YC4KjcGw61COjzOczeE6twQzYQQEe/sXcqohix9y/6KwZ9/aFbmx8N1mbvSam8vEIc/+7ZW6vkQ6stt2j63yIRcWD8I8kAZcttkroCgwxJyovkNO8fkFc+IqoMt/mskLu6vUbFwC7hnb/4GfbNH7//v76tXz9yhNwLI5rGAq9nMzUN+5ubc6ZQEZtZnHpaNLnapKSgQM5YHURpjZBn3g+CYUrEB5RsLhY0slEc0ludLpYL28mowxusr3szmjSEs90UZcXtyHZpYT8naO9QJaPtQsCPjntaE/1HFYsFB7ZrQ8lDUz9P4oxlrLjj77U8BnrkNk37K090W/BZMfY7BiDSZWR6JszYjg3wqI2i9Q+6GEFsH8VU2jR1QHkQ5NhJIdRRdOiVhUG3MYwuykQjsNyujlI83E4TpgIpfW3SGrSvG2YMF1JjNMh+azGZh0taBKY1ClkP8Azi73xnu45cehGTUs2r930XpNYJyC6w9FnO6dlXJMT6xTyv1Xp/a+w4gsFDisfu1Nm93DbodqxjrD4daBFRnniMX+kkW6BOiNkmkaX0ucKDnE8mEbhxvIYRKBVuCeJBuwlJjoHXfgf97dfGrNaBX68s209uZfqbp5du+2FchDysgZuc+yMk8ebe9VnllYis+BtauCZQm2LiPpnEUgajzmvLcKjrwWgTylPaYchj/EZDE44KDEkRK6mj7AA3MJA/0oD+AqhjOi8ZMpjV3YjOztg3Dxu3a9T9BOc6pnJh8+NhTNdBbWKczCzeXKEaDuJmSMUq7JfwNZtVaVyuZnpvIzCAkWJnegubtCj5NM1C3cx9iotdQTRRgm7trBRT0hQ2ANet842cmzT3X5129FGyOFbL85saPuP0XAltqbBU1ColecyIeMHSBoKgA83BTVVUVGeq4enfS1jQgKawTw+UER0ISOkqpr+podMbyCvZe6Jd9Ux6KOLGEdkmmmER+NYdiYLcTrblasJpsooWq2GMEmt52iWmnHUaHp8enh/f/XWSz+8CdRLObjW7uOHu8boIjtfezDdGzlFLoz5szyePQg1SS0Fd0HmTEynPjYt4zIbrDXo8kve4M3dECHl01L/YLbU6kE0q+BdeTCPdnNA0wunKaef8ID5PntBjRtkXdaiSJlogUVJK/tcg/vmF4VSumgazmPMi0/jsdBoeFh8MQmFmKRWtcMN1p1r5MGiNsXUl13RMM5O1dDYwEqYPzi1Pu5PLu9RJo/WeTmOoPj07TMp/p1HCxQFwnyX2vjWTEnPCF71jnBvJSe2SJhXNSzKxqBrCIsUXl98+NIYXHZWxfpaymMnd1cbfdIR2Rgi66ZcfB2suFK7mf0gXZWiKPqoSbsZJxnnf9RtA2pXsco1OuSLcOaa/Z3KjSZ0QKLLklhjaVdbR/vOJnGRJBNot9jOYTmp7nD0WeujX9M2QYtunbgYvJis2MoEtglFlnexyDsWULmguXOsh+8oQJnjSutpFiezqknunbu/JPPCMjRN+62veog7y+gkXeDdVm3aEYxRgPc9E0WimLQqO9hJOBiOzJ86baxlW2FX7E0hEaHc2rsENA04v9CPIKY0rgmm9V/MMYzJYadUAbtkbELsWT8WcN2rg7Hr0SGtxZx85yaf617RVt9LPX/abcLXO5w8nXKjK/Y7ALoDKu/z9UNU11ee8+l9QNYM7jtBeHQ1wPNURW7epuuNuzGcJJcGX8gxskNqloZkzGM06hkaspOt0wPyuzpsQ1Dvg740VaDRurhDwVd5MTkViA3fFBqf8SKm6eTqi5B1Rh0a1LQEIfuwVTzDkjV9OKkpfuqqoC7oklXdxBGL+OgByGklNOjcL6yXhOM5rjWItNydTTJsTO3gpsxfHl/frTYFMFVuXA7mTkedEV5dv/70/PbTXRdo3XbvPOv6dUvf7rnVTHZdHser+PEIQKsoJXU8kkUkHWyU8q9slYuLXHBCvEE2ko1fsrehD7C8jUknhR2IJYtFW1VKh7DzmN0pB32zHX72rGNOhb/nmRgzdVkAuDpuBrLbtcE+hWPsM8CBm4EzS0WbkTm2rdKn0iwaGklgy7ix5dEuhiwHsGg3AtlOCkpQ7Nc6MGXMjDDdfWeoEJ/tAoVtG5wWRCUvxOSkxyyYDoHBuBll7Mktl7WYhdTEZooSQ+diZdgntd38l+SwDXYUQcIU80H2nctGVJIvLuo/WTLKgS4+kaxl5HGMtHyaklPzEGAU0g4mreqaT2KFijWs1J7WyxEhavuu5kIZFVKJMuq1GbvJGuz08wb8GffS/pAWqWEZPk0T3Aclm53bOoqmD1sg/Y9+aNtPxGEjbhdyqR+mfQxL7QBPgzFaE0xYJ0LjeZf/O//vFnJ4K9kpxC8CHXEsYlXPziilkFg6JHoOF1GS3eQjJjHnFfCdl67VygqGuS9VmGGWyLhTUxac6o1TiWuZYSwxqp3y3iMmvdVXwxMc/2WfZXsz4/UozIEBB0bVG8tIgOnIVb8+ykG5OelZfQbN+iPb56yXYdFDgVKtvwWjkoKs/AZK5cdS7fo7xWb8NWbZIr3kqmIPO0ZkcsiACe4oJZNv5CoZ6uGVzRSzQ8puZMwU0jrTdgqQUtHZMp22lWiMq8zF/JmC9LJUJw9BG1TlPO2pj8LY1mBj4MpxGDirC9CLT7etpw1gVAFKuxlkImY5zuoleFXgLpA31jcId6wCvfjOkPJvJ5SZH/20Cjn/W0Yqg5fgrOWotLa5pG03FqmCQ0OB5Zbk0JluVvlUVBKT5q6W/RUVZKayvSBUY2NVA6jo8KJo43eAJCw0xVXnBtv8kExqVg+i/73+p4GXf/bqIdJJyQy51cyAswDojNKVB4JALWbblLXsvcJCBbsUSJHCnzs6uUiSSEoL9fVBkCJyo8Kc04PEpVG3FvAf+gIbLXM5tJNRlIY3nIschqFisg9x40SNIhZdwGViX0FtUMSuKwl1pvUpleqU+zf9NSwmaoDlPEQWNpekoCRNsC3SKQZLKBxjm5k9xNwLUutBXZtqShmDTUmINooG2l59IHdcGOJC+ayd/GaQFTQQlmN9gTMzQ1Z9EFOci8Scg7Opu5SfokO1+Gy3Fv4i6d8UTSKNAnCKwlXQzc52mgsRN9QkMVc8QhG/cm3dz4Smk5NFwK7GVz3THHRdIc8nxVIa+n/kZMqplxRcs4rIswhtr05V2iHHzuVj0ZfSsS9VpvXgB0qZrf5Wg+T4U2amz55C0P8KUyNi7DkrE8yJISjuzMS6p08V79Pddyhsueag0iqJpGWc/FCrBIemiT2Cq36Otxvi1hfSy8JScMHK7KmNzYipkv5HjrYR1THkntMkXYQF4vwy7QED3WCCmT0KEVFUwe72PRWfesq3vhcyHxm8UNzVWYx6ia04MjXsuoC6TCH99vwzOM/uXShJeeHZtKx768zwHh7u3MNnNVqyiKj5k7DdNLFLYbL3HkvQT8A1Dsgqqudg/NdV6ZKFgZzFiOjMjFpVNLG3ZQM0KZRnMkgmywKq5h8C0ta/7Nkfqvl1duvcptKcXYu4bctKHRW0C3luzNGzfy49uLNZc/LuPSv9OtWwBsTR2Pb0bXoN6tpl2tigKTowSVzphWRmCMM0yspm+FKqp65dk/EshVV2ef1175p7uOvdl9c3XTVxTZe3iXbGxGRHYc0AACAASURBVDBUGR+sRQK7nJBJTJkK93JucrNDpswgebI7WkuprOcG0lbqUsSivhtAZ7Wy9WBxD19p1gnnrIlpdo5pGQx6hkrD5EnzWNUffK7IPmRtFdZG69KaEsehzsCzRhCPEqmXr2q2/xHVPCneytiJRU7uaa6rZkOKl3rtcaRmE9pOWH1F78NRXCqwHahKss7wIVE5XfseNDVHwwISZFfWC/LsUZc9eh45g5k84rObncMuEJpVFc+0UXmaPmFaFF5chmTUibjUz4eL/6FpLAY5hmSNc21YO86JSNFxOVqf0n3mnig0Hv5Lk18YZlTY1jPG3eulQAn+nERIyCZ73yqqJE6F8iRnUI7ZGKUyPAEcXW1n6b7Hhqx25pu0WbRUeJFSbBQ6F+wJHIsxqjBfKOq7PhcWzBpmVJYTMPPXBC4dNvnhpCyRNP9A9S5EQAulrhU0RZGkw7cFonS4e3hsQMivRasuDxVpOqxwJAcnC6GYybTZuXODlEZVgXbYx2n6qCt84RIvQaBknSKhG5HqbOjrM4yp+2za6FiZbDTGpQWd7xRmZQLTA0l8SAMgVzCNdiGh50qJ7JCIA64cHkUic2Dt1yCebdlGuikNdNF8142RlQyac8I58+y9iiB0BwuhBISgaWgWnvpsTNMWQ2pYXkjWAQ7lDEvnVaa75tBePolLGNBDZ82rSM3oYS5LcuhM0bDUqKcSST0l0/EQDpvP7daXsmpnBeXEem9WwSBAxOJZGGXuDaBUkPYV5g5yS5vR+BNcvhaCOSCjZPx1JLio2SiniZt3yMiUoNw7DzmgWtiQ0YDQuNl/7GwMy/AddTuPxG2m5QXpL140w7ei5jYAmOcUsNAEbHYgO7M4ZhP53N24GcFRF4JFZ9H67NVW8amTe8iqD+0B5140l2UZyy1VFCSLWxuPvOfYefFu9e2CAAqCumE4kxBuMrH3NHWHEg4ccezQtEI1GsX4a9Bz9N0sR7veMNiqoUFqhj1jj3Ot/HkJ6nZnbp/Y1G/aTs5l4e3sIkydL93bNrOTEBSNgAfEcG6MBDYdyeTFwlLPrywPqLMzf3Ttmxax48b1jWKbDcu6trzLgHXbhWdn8U4wgtfwREuiMWTfshJMBdXCMQvPJHk5euqVEqJL0XkgH0zKHBYv/zMEqahwnC2UzkyFnPptWSCidI+ZLdpM6sjupeziu9WFLhadZwJd+GgiGA4kJ4XKajDAfY+5snDMTO1rZrgWqM0VJjLTjjjU+xcf8A5+1jPbQBO7xrgEallqlPIugCdAu85Ng9UZb8Nz/zpOQEGxI0avKvGQsSoXlNz5tdWCzFp9nkkJd6MhITegjCva07qq6lFG2uWZ2KHT1AgQmyOeZO1lP1V6YjPPggJ160j0j/2uQy75HcMElhwxkylmhFJk0jJcUqbEaLDC5MQ7GsMUnLqg24y8fMqsm8ZCE9CD0eoA04GBt/+aR+LnEz/5fboryAGTTUhgUBhdJbFS0OrCFhpYs4fgnY+57aTLiL3vTvbyBHA3YZB96zVNXSo3he39ocwhQ+StzFjsUWAB6R4kyjjWbGcHi9b0SXv/88lc1WkCy+XFtiwxa3DBiC7GnrGydkZKbkbLX/7rp1g6rMkJqbkBmGwpSqhexrOvoEYZO2dpkb2XDxZKscCJIHODHiwqr55zMKqX0lKz7pWRAzNi5tIkpj6JuIRGfjYqWfsx83/lHMtj4u8fvKcs3+QmF1e9Venl1ZvX9+/f7afWTTbokFINqgNNBnLimTPbpamyKW+6yibjVuzZkRiRpaXPEq4yTi2Vs83mO4o992HcKQjo7kpzJP1LOBYlH1trSS4BTbUnLGVVPZeAZbgk1YPOHKkArWQAA4sueCtImeynp7SrikZctP6faNXd20v44bEOJaVgj14fK1bSt4Ee2VyoRjtCEgNpRsJ1wnxmEuzyDLpjKypWvQ/y1c2LqJjcdlCFOaAN9gazGCQh09tWC+CJr2pieD6nFrIjd4XDduIv99XQliDcDhBH/T95Qk2m4wgPtCUDl8n0NQjaqV88nKiIT1yhPDwT0JbOaBPYX/WXw2oryADzBVev7djkkEPY54EafRQEDcBpjv2Zk6zwSbpWR1rc88Mq9l0NDsEJz6pzv51iP7iX2pVBrO2oq8gOeWQXNxHX0nl5V+JlQJNS1upUlnmKb17MpaUV310bPsxImSJ7cDCXLPEs8E9CysX6fK/sYIs65HKNyQQBOkpjjDhc4sfSQeXdV1qwxL0RrgEVsHVEPzTW9E5PPj/vpQ2askwquF+gs/+juqr1HlrkLtsU/YXd14EU1xjQdJnhZrtMjvduZ0xEBrgwbPgbPwEW0uxf5o6H73W+y1wnpnXy1dIabtWNQ3qFKVRsNFsiU9Kjwdad3UlvqRuMBsFMkgotX5jzAaJxYvKiFWv8SnjWQ5QlCOmAMCx9ci0JoYuR5ilZ4z1ajbLA7CwCsktGUFZqBqDM0ZdtKdWge2+cn/eShTINeeSsfCTZNsi9mkBlT0Yn3SaKxAF8Y3kkOwBRCBDeT0EfnvFIaCy0rq6nTzCr39tlGRfM1TadTyOW0+/LNvY7fcVI6PrhSD/kKXRcwnf24HLk/TM/l2qVr4eCu1feK5tv7+4t5RnCe2XnKy9KRWnm7g2AbGpwsf69SRMt/EioZhs/9JTN0Jd8s1f5dW4LlKGIhXtWeGcXphnXL3u3oBfjPdx6IV2T72zXKF+n6CZaJzfOC1/eENab7mhLby8ar8OhMM7QvFGJfScoay8VF7n5ooAcOFaa24g48ZJ1Mns4s83+7DIh1GsNA4uxpClfJnd+0QplNMZg0cveF2eFjQjBbyBmhnVD5i/2Dfa7eWxBElrrofMkc2Ow50xiXwye1YOeI8DZ2+XjWMwE/9hnCYfmUHRWjJ8I8DC39VftNcqHBpgG4QVPXXBRm6LjRmoEMIQ5WycF2YzR7skTBQ4WulUY2p2ZNMncCleM3ISmiIs9uqJQCAOw62nq57hifdogLnDDkl6ZAm1TB/2Xwwhnt4G5dHaCWmUsphPO5b5IGapY2FuA0wnjTfZnmuhSIqtr+p0Zxp2EabJrINsd97CnbUJKN3EIe2U48C2GRVkRp249bblkobQmvSmryt6UX8anHTUbNOqehZ6NWfJB0Dr2qUVEmGultb5Jm64IiYuUyMOjCrgutKPpr9QwMduMYBocM6eHxhUDPpCdm+WzGDNqi9DO/bcEc5ZaDExhsmb18d7DB3Rxo/nWqrSsbT928OLKYgQVSgo09JCAhef6DHlOhqWWW81u3OojQLtvz0NR3Ggp32VAWdrjxU7/vYm4NQTzQgsUD36g0Bz51flt7MWCYJKfBDttXNjUGcWV5jn0uKXpY7s0KXlm+ekrpKPa1VtGrjYLH1uzRzaeM49Za1Vhw8p8TzUFk7PwyYYdVlqnSlPISS8uY1soV9N+R2Xmpst0OAbtXiAc6qXiR8SjiWWSc43gKkoSV9xgJ4cMGKgHYLbvUZMGGMZ0P6cW2C4au5QLdavyOLWcM7l+lMBr7lqBPt0EOAYks6jo3K2CYPaf7DoPRvqlFlmRiJJGesxmCMO+VZiu03cKRydDA2Z4ANkiT9c3SjVx85G2Gi3Gj8q4FYrJJIBG7JSejsOSR/zDsMOVlhoqq66P7bcchsFMiCrqEGY9YtNp63RiozybVTXFyKITVS8tkEUZwLXHPLyTMbRsN2Zqp0hgExSzZCd2gVK+rVQrvaDhotENlJwT/KoCOOZ6jCqqa8+11adOkg/PWfyC5KJb0jCIie/pOK0COAhDnaEQ+GiTTMda/fkmBnkb6T6R6JGTwCWIhzgxcYiVBmdX07xVu/H+//sAYyUs6VTjO8wXMTPvpfSwEwO5b6+xSZ0LwiNSAXDFiJ1jORVJXpvLZ82y4qYgkymkQY91dYHnrkyQ3kk4GWEN0z4IXXZfAw5DnKl+8PnL3/iB1CY+xc2waK220+AOz8qoVrqg+jHODaxn1ePr9w+/85VFFOuQ4Hz0aE4LGH4B8fb2ynOWz5/98M3LNzdlHBBy3WFRMMeKjE4StoxZ5VyFDwjqLbX8kS9fvvjC3f/PXfhT9qLX3UyDzi56Dmv5DxYnF7Ph3JkNLvAJyk79z34FQwfUAcjGNG57WLrApTsNzdKjN+1mqw1/LWeUhEE6wIiz1BNjFIyOtptJ7l0V3vJx/Jv6+OgdBl0ObWUo9yh2Z7p++uzlZ2Y5DQkuFxBNWtp7e4RieU76BOzNjGKOZU4IQnZ0B0u5mYh+i6UynwFbOlt5jEo2qahFgZc2dcGybne1AMNi3CyRdb95fLTFJXaiQUGT1N7xXsaejLSPVblskh3UJHOHh+PwuuRizQiMD8YkJV7+9N38pN7nBCAL+v0cl7ZbUSvG+hEzgynIvcCeu4uP8huMUJNSuslCBV0awdPavHiU8qzkNyd+fPRrYzdWAtjcSOG3isqKboS1qiRuryFF49V+L59dP7v2e0HOAbLkZVXG1NR9Za9uDE93j3d++3Oye5sVvc1eG+M7U73iow8PnoEx5xXkKQRN8/fnn759fHH78cFbqGn04f3dmYtkNsMVMYbWhw+frj57T0vTFA3A88osYwwHFXAvHj48Pnt1R9MGxdxB32ZY9hSV6pkzFzOLsXAe25CT2RvAphPTO5yjyIy46X7h35quHzH2lqRen4RfT4s3Iuq5MegWha6/M+PzqwLQY41Mf81oIN87sfE7d26Q0hA9TLFmcF7Mw/g3lj+zgtptqQAGZNeIylQp9XDf+qnpl/sfCsjqp5HPjfMGWnHMBJkUjI26RasSBvt45UUya8GwBKQXTpfO6sv9bTmea4DMHmEoduoXiQY4qLHz2XCZWVfk47BGvoYdd8/SGrk85X7fj6977jOt1163jFnBDUhmYWNPMd5G0wT0GGFLdGLP7Xa0aIAEoOtOGyK1p/xofQUl5cd5aTeYQWEXtZt/jU2hBboeVoRQ8P37LoPBsg637n4UG4wgJSTH4JPeyWAoBvMav0/dBGjO6iS2n9NFqELtoUbfw5l1jCv9DsZgQqArigBCd5hmGmSQvizIx7ZbZ1+9fP3F99F9/fB4/barW2UnwOuvNcI/LXTtXSoRmw5zYb6ANWI7idSgbDcRsNsSam7WjRBBsyxbSDJ7IKQ8wrqI/fzZl1eWC6zVyx8Y1GG7JhPnl++/vfviey8/+8zqs6d4M5Wb/snhGTz1tx9+6RcoP/30/eP33r66+3BC54WTAvN7v3R263fsHu6+fPH61c2Xt+9/3kQxc1KBeVKERP5jQym/fBaD+oVbOTo/aqchLW0TTmyj9/JgTqgsNYu9YqH2WTA31QDNDFGXL8iq+85gT2wji1ca9XdIVmoumfUNbcI8ZrVGVe/aSkGnVejLGEku4vzzvwxNke7LBSEsYc1RhQQ5SKBKu0pJy8tYNL1e+fOXd/e33sHPifcP7zb8y0gEGhZSsZ7lrMqs5dX1TT/QIElKUzqdunJwXMO/reTUv9NyinaG1cixzpNCnYD6LgOHPXu2pnP36s2nz1+/lOgwc2Im63LbuqM8RrjVFrxUpCQRZkJO8i/6FqUtrpRTNjIGLBPQ32cGZwd5MGgHbZUz1CwWudba50R8mSm6GTpX2Drpfl5/iyYzgpFBBZhTTZi3IOWw0AUkhyQ9VEEgYI7VJ+a99UMlMU+j/LavTsgnMFSrzfP4UXHqjzDcu5aI1hlaV/aoN0xEBqIwmHjskzgwuX/ThSyjmkyfdH2S315mzAThOhQBHJu0OvWJkkwgRGQ7n6f1E++EhgHTP2SPDiuO18W4a5aoEV8+AlbrSW5qdak+dsxeR8FLjYLYThDWf4i8Lh71U+EvjFP5VIo8QD58TqqqEysa1iLNj8x1xCM8kSouJbNFmp1/WUqQ66fGHD+F+Bs/vLr/cMcx8k6Co1ww6Izk5ptGkM3sT1joN4LJlODl37r3DgpPhpElM/TzPQ1Aj4/ufbSk9eblpz/7K9cGE+8zKfEhivv6V1oFMmeUVKfciQbco3UC8OkHP3z+8kefN4h7EMt0wSiAsEsK5fNeUdFDSLXua6Y6ep84i+vcp5Nt50zrY59q5Ou+t94o391JpiS9FF/sGKqtJ6Qr1cVvBi89adXUrXMjUS/O3Gv+6bOrjx+Yopuhyir3vUjOKwvweXV19eFv3j/89u3LNy/l/BfXpS/Z6rnLwuZ2es2bT6//5OsXfypD669+OPflW78mYxoBJ40Akr3UgtT0muVWVs9LBYZj0HqjiWAOT11/bVmlj/Jh3OnKh2T6qmexuXnnZy/e/IUv8F9/16J5EvUbf7R1g9vPr+7+sx+/fPW6LsHETThJZOjYZBh72VFSPgGKoN4TSfF06dAhqaKsHyX2U+7ZD1++/pNffjJRqaCJp6ZOll6+dtblLpqXd7/z4dPXTX8msMTMEEgBsdsfWHO8fdnGxaFW8rjzxYuvvr395/47X/xL/+Qvf7zrRhyr8TjTzhO6vp1uWPX7l/+P/83f+oMXP/zibVAt2131grlrmf3Fi59+e/cP/skv/tl/6Ms/+IMPeUiuD2YTfPMJJxg/+9nXf/zvffuP/pO/8Y0fY/9kNsCuusC51g8VcFc/+uH9h2+/baZWpU97je8vLH/evn/++u3nf98/9uz2W4BN/XNwk3DKOl30Y2aemmVLVy96DFFjTAoBVek8yE5F8lrV+afn7tlHdaJileUVnTazFdY5DoSH69fP/9jf//ca0AnGxytOMBErdrR49fbm2eu3IptcdnOJXxx2ClsKyl51RD/npI2YwIJp1jdhE3If7z/88m/95i//5h8LN/48bmvewDbFnGPLrDoUctZShTLwuThlvO7j7/vH/7yyYkyCgXC9gfI64KvXn/2d//S//Op3/vbNq5uZQ2Io1xWPZgsm/6+f//G/8Oe7NdjEIsTAF4lh910HL6iTnV9WY6/vsgii/vU/G1LyzBRariVJJrh9+Dv/2X+5pZFj80OSJRP1/OWHr9//jX/vPzrKOm9tsM9KjAnhp7v39z/4zV/6jT/zW06E0juEur7EshMJiPqf/JqGAYL0UOLPGeSbL7/4Y//wPxxBxRk3LrUDvrPfz37wWcbEt1JGYB+8MiIS0nBa62FOxUykOYSUvf7isz/yJ36jp2tsWYprUNrZ3XSvPv/xf/Jvffz93/E2n9MIN8syugnjsP/9o4RqIXwxq8i9MY8uwenaorU5zW988fG//y/+IyFfnjvOU8FjLHVzc/PtH/zk09fv3AAXznW/5RlHG2iaXZVPFvuZJz/vQhNVbm5e//bffv/7P/5mT/n2ZgJy3IvzeHdHTyKsF/zGr730SxMfbnVNMZZYSfv21m1Iz1798JU3Bvzf/+JPncB7HVcpUVK/6YoFOplQtvrii1f/i3/hB4X/7n3p+eAPt1d+V/vZw+dvn3/55ff+lb/41//9f+/vvH1bnLWg08KB+2kbhlLaePlrf6o373Z1co5d0DWMUqaFcIXHQUGvGySZivSrxx66qPJdQT7fa9sY1yB4ilAXAfG006d/OZ4v99ERfsKaryGTgB5fepvC5Cyc6p5Ie9FU59l686v3t3e/95O/o1cKqvk0pXAiKFpTDG04OilBDF88DglnOUmodQUG0zpNPaxeYp3la5drX378e/9Bjnr56ZVck8eUSIeaAXH/+P1f/tVfv/vpZ88fr+7uXn28u/p49+rx1nImNJmQLBv0IbKFQiw69NlO/3tFLAAgSl46XuWdjT8YjH789eN/8K/9+7rC7irWc2aOzm96psSQ/ezre9eG1jOCP4GE1ceOdb/++e9LsxpAUN6LwwHT7rwNlWgYwGyTn5QjzlxaLAJWmgaO175W+Rdw0CGrY6h3R1BtadRc6UyFaxH9YXKcMXkZfCbIR/bA4CWaDJGDjNeX1j4GZqThjZ1nMd69cytJukNdD1Nz+qgzYf1dtGYWFcjFc9iGNuXiGWtBMuMgcdg2xAQ23TvCjj0djVMUuaDvOCC9lJ+jmql4MmHfo0WU1Jk4rHPTd0wwH6qYL1c6PNtMsKPDAW+tl2SfSHwjuGRb8sO1bU5bcBOdQr5Cu/Jj3wtdX2XrC4xDKthPrxnYqrZlOAJPCNnPStNMcY5qSS9Plk6rLneUJzmj8CdeTyupGs5UtAjHETJquejwOp7jHeviR5uG37CTmivjNAB6LS6qLJbUisRkyiXDrlLPEpC+dHjSMnCKBo/REDfwZ/VsJBkoEDv19U7O61jds+S8nzlmkM2HE5W8FMaIP7VO+bpGoLPzwKojGGMzxHSIFs+6qkuH3iVAa2g8yKpydlla7pQm4iZnPTKLv5RFGLsF3xqHWf3u+dOKTIdZz+9yO2dx/zojW+O1LCQdX7lMabrWGP+i9xm8fHh3+/xPP3/+/RfPPvSSaZeYLQqB3tJ7gp01QGmSxZS4XrRMp8LM9Vbqq0n1tiZUjJzRZwX0UozC0mwnOJGVdDiCG7KWld8fKik2OqXR0rkME7k9A2tLtF9bXBG7JETVXSGFwIwLBh6to+W1OrfoacWx9fgwBxgPjf2/dEE4SPbBMily/fzjZ2Doy53N8S8IV3u0JrDxKlsXKzkCy+anYs2AmwgbPMS2ov3RA4VlHLUeAn758uH66u31i89/cHV36zzRas3zuzvDM/W8t8NZ2P3nb57/xq+++envfvOFlR2D913Z6pOTOvH88ePnV1dfGncePn722kpizu0pNJHg66NLNc9ef3z9p371zY9+7fX3f+Ail3W/ZuletrGLZgLxwbThg8n93Q2OdTUXjZyGdPnFmci9WYAYefvlGyHezDWfmQw/eAFhWpFhikGf9++FwRa06neip0jDrQ4nUqwhYj5L5FmFs3edqiGTFfmM/RYWF1/4cVR2VGpSf/3aIr4nxpxyuBySk7F5fnNTePt73Xom8T79eoJltjr5Rm69hXPIF0ALCgtkIsc+t89RJoPXlGJVHmrpjGKlfzE5lIVkXlw4ARpwHzt0Dlxwffr8h581lWfcAhAPhhTQV3JS06NP971H0gQx26RlJ9knNJzAvnz+9vM3Ls41YYjvmvtykKTQslI7JdfkOx72qg+UZjCCq09EdLFL3d32YWRvosvUnTfHBiXWTEgkRz5++vp3ftcVJI3cSWAi6WaGJgx1Sl3m+e3XfixWo/p8okVvMU9EOOqsgTj/8HBUgusr6k8vb15979e+XwUOSmqzdlkYBODczb7BNXoEG4cyewMxZrEOgPLcjmJaOBKzn17dXN989rpcp613dN47f24CCGCPuUoVftz89ptnj7caY1GIt9iA54NHZO/fP//pj28JS5EmB5jL3ucMwc+4Prx5c/P88zm61AGRed1eQ8TCJDy/vrmzriL3mZBpvPPoYBKSpev5lGB5Rqvfw6T74c+cH69eX/3ez9/f/y7Rfh3c+aJgV92J6ASZn0o4LtE8vPZiGexqKDQ+3rx2bcbs5ePf/umnv/SXH9/emLq/U3J/9+CX8vTUu/tnMsJP3r3/5//xt//MP/HFj38u8/jdj27vebhT42GJF+8eH7/87MX/7f/9e89+/JPnd9avprifCOiyD+Sy3VU3Qf3w1130ZNLcqbge3hXB3FWslWOVqJlfhHHf6LLHfL1vhef7fJVJ1C5xVhXrWWxt2x1TUnxX5mOZ4tkrby+9DH9dhJZAJnI9xVNSxvkG4kZSGNzu9PDtz8fuCGnaP4D1kPIZrmIl+Ucy89ob8TA1FKaqXLKsdmo5LDh+6NwtCr/27Nqs//n1tVv+ekcB61j9Z00L8K+fv//TP/ubX754dmOicPfeC5v8dpGVwszDB/gSG4wim6odw3N291lgl1Ia+9wNhnGLfCgMSA8f/9rP75///Pr+xUu/AQ1StLEqv8xTH1+9vnIZFdbdMGXyELcCvQ8Z44VbmJwTijnGLDvmZbUnhM1ccgTOWSdDrV7jTDYmM8g5RlOzNT3ftESZPgluRPXZ0khHRgaTDBcBDJwn/6NcRT6wc3xlINlRIuPqIMmxtaNokVJVcoI/quzkz01a7955GeZZsTjNMAEgunQz6koAgYwlaXSfuvog30SSzL5T2ne2Rzk4TrTqGWuaeBvkO240OUWKNQtWojbaHIxLdxftRpO4bcXhhdWOs33sDpJsPDPMY2EZPx9RqO3fWpjufbd9hwan8lKk8Zy5j5YOQ3DsmiYV9Bd1tPsORTKlzIIif2wLYbA4rpZrrZYfanbcFpMMKp6jytJ9H6kHF39nu0nHKl2J0ShLb+6dO5Rd9BCkl2VkU82okZkByKfTcjBdn+v2ieY5kob25XGUhklZXCqFmifzOCmgdpIRxMK++VYKqJ6maFOoYOAwyUZPaoFkDGPUJHNsFGmB+Wp91nkbT9J3UbQVyw3ujNG00z3WqmX5RNEm45YuHGfGRDYXKwjr5TNZRt/6iwmdItta+8A0sjqYIcr6aEPLZiZ1gaiIMmL+/5j6k1/dtvW+79vVWmvvc25B3ktSpCnJpERZsmTFUuI4cWIkgAAjjRRAmkGQrv+ddNIL0ksjAYx0A6SRpJEAthMgciRbhcWooEiRYnWLc8/Zq9o7n+9vzHUu597rfecc4xnP83uK8YwxxyzeVtDSr9xCJfeANiwDbJC04q2sbIp2zgWT5ehkndio16RbOoIBl4UFizUd2blIQKsI6z5PPJBfdiG0W1XAYBZhadvsI0mTEViLuwxjrpCJTJVaRtuDXEjsZhSZhgkIGtfwEtv08sgu4BWZms9ps2z41UJKgSxEKbe1GET9dnoBgBS7gtQ3mFavGaH1+41AnbTk2tTKMwlECyFuHR911kvy4/ydN3BLYY2NBc9vHh66eC4+P91/NJ1mDCHi0RGTSMtcX9zcfOeDKYarYZ0JNktxZtUdV97lF3CzfaJMLLIXJt2q9PnRkrzZpcHI7QMfG8fdEkZfqCw9c7C5qZh2YUMaNnESznDEdQAAIABJREFUUk7W8mfy3SnXD5TGEAtPPdKyZmYnKk3ZCKlL6mXOiET02edLZ405RJTMMMz1+cGvz1A3Jy067GSEgjkImW/zJkS2hTKDWsfDtkjXTkQIQvGY/IBgXkCz9XMJjs+Dcq+4VUzVxas+hFhIN+UGO3iNzj3DV6zU4SmCPniHppZkGu1TfH20vV0ByPBbLiARDfOEncR19UJIP9gLK402PLqgXSJp+TBdClZs+YsN6tLD9ez2r15Moq51wyN6NuOAugaX1VvyfTKpBBKT75+I65tB+N4/5zx5AEEB2XWS9HGscTcymd6yMYIQxOn93e2i6pXfu9KQ/3czOsjso+ulFamxIYmoTq4AIBXTfKoigr7byzt1nYrqy6HviLcqPmbMN5yDVOc+kFVonTbLAbFMShGR9KoVTYhP7kuaLz2FyC2+xI9TPTMjfEgz2WK4ubREK6y6dnr4miA44flsUVwIyMBJIaAxwoy3uw4txtOxebMHPTv3xlyHcuudiEAtmbuBvgAIj/8SVJgYJTeWAaZTd1LVVo3zZxhdyJPtisC9m05Tp9LlP1WscTy62A9zkZ673P/Jj74rshAxhJ9/8F1m8ZzZboUV6i1UvHK6r3P/8gdrNm/++E9ffXy6vb//7LKhSwdP9+qevZ3GSf1Xkka3OllXbkkrfJaERAyv04IBbj88eLVo/ut8cj5oeFpfnW5zbQGyKBNpqjJwOmGXVVMhnbON0pmqEBwTRshSGTMAfWsyusKhgnGKkTbEYSUByGFLQWrHpxYl4wQHECUyDDL+QkWhf0lZhpRznLOXOAaXMYO2TkaZSOs0iBfQLRYXXImPtHt5PCEvmD7d+9UFY4L1f3kXMO9ckmBEgJsv9annX3zz5B67nqF7a33lHplejg/+YQ2i0bMQsl36XjY7qvksGT65zJAHsv9ou69HwW4X1R2oXMhkjzBb9RDy3RNGTq9+CFLteRZ7vEh2kjwDlivMxGmNKEgzu886fRxwnFQEV11dL2Gnfno4ZJn9NQrXVKz59tchG82NKaBXWofSyw67uON3HUzDJEWeAOUlK8ejgGpyz1Ek8T9Ek+WACxcRGte/bS9EdrPTYYLT5B4hCHd96bBHVGz4cjzZwVUUv/3lb2wnfT2hfQ44OGFKdJTbFGenFtlyhjLfbdfngk63ewEaL47JtexOn0O3JkQumK/W1UVz6orz8EYvpw/qi5TILrnjyQxpNBF9RV2DGK5NBwfRt2gvKtT16orXoi8oyXUoEsJTCrDnL7NUfXgHP/LDu5i0d1XiaBfz6ahCj3LfwCiQnP+OGk+KmouVmHMmLLAJa7iofIt6MWpZ1uDK7NldT9Hxs+zpeuLSFF/oGyR0aakuBMMLRtkgsZtC8V11mMsdqQXY6coEl5lKy+jXuzUrBjIle4Rq6MduxtjQ1OQUqBQMHMYoJ34WIThDVYRxE7/DJeuXDyPPupqOiTOB+GQcn6WLNgru4mnzp63wyY/VzwLdmLLL0HI+A9bagPTJhWYirGSSjKe7Utgwu3qWtaU7ZnTXSvOsZucISjlHifLvjIZYv74UOV/5FqCpYT/2BIZFRSbTqU5p76Hu3vXcFkFqlsXWSdlfSklclssmajpJMOvYfmbeFDP8CxcOSjBzFTXBosHSg5Ieh3t314/9FFTMJF+V5NikELCs05Su1fGe360ytV4wp0NbSS7LToBAlOLk3npAVe7pt+zqzh7zCZYmrFtFPz2WjPamamPJ073XOTy9M1xL2+88qgvY4/vvWtrr1R6W07194tavzDx/+nj/8fPzl0VfgWda1jzDKymc6PgF037WqyswzbScwlFXgVM7c6BH96RysAc/TJ7mgaeHHpTkQ6X85Q6klJljMlZxlt1OvBaeAkFTsZfhM14azkFNoDtoQFqMCg4jjTl0/rjszhqaaps5NWwozpS5ZIEAd2vDz2/f3/JeN0WctXwEzg2E2U7ukCLyrGQWpmn25DHn9F2rmXfnJbi7sT6i1gU6nTH8lysYqOtC50yERgXNgCHeSkFx13TtnAVQNZxdUiu+A8w82Ydcfb+lhGldh2Q33BfTS1V11a1K9syNLSv5Et1NruB+3U9m1dVjjEHCCkG9L2vzSaFt05KXju1eIjAHgeq+H5eArBs/m8Xm326Pua/TMEe2pXP2Dm2zAmwU5YklT5mgDlEYw+WFs/Wm5h+CjBOVq2wVpgXR+mbWACqwSDLgNMMQzisPN6dQqcNmr8K1nDCZxMahD4I2O2fMNMQHstrVaLCnoo8xr5xqswatUi2Tu+ivg2YUHDe9A5EQ6oWfgT1U5AQhp5uQdQVV0+JzPZorQo4xFzWz145JyxspTo5+q1u1Qw+8cz4QCLKC0EIsiYRdkpwC+bdA6JKZG2x2jY7BCRHKcBe+rl0wc9gst+ykZeeOpW0TVvgEvMdVbt48ewXQ05NLH14ToAG+Xurvk7ne3nl/gJ5C/t7uRWDZZRHpVwOcQDyINUp99poB1xx1hSeZyENWzRHdf+hcvX55d3d7bwnhwS8Hn6crRKVWtk6A26NoPhEGp8ucoa1UVL8oopovM+T8nfKLDG7hu9y0cmyyMAtUD1aMixV7HResa+l4aUUKIr8yf7pLS0LtTaSegltyCq9EN3JQO1eO/zjyee7D+bDS/RdpG8cQFmRDLslg7D9XFYrpnffbib0s3pKSAtauoXvyGyJlaJ+dTEsrBYAnNB7k2gKmyV8LGWlXN0+V00nABr2JceiyQpIziSjOlEYtYYqtBYcQO+PtbH+SmSOvz5zHgHGtIyJ0Rj/WFG2YZh4WLjrF6IKB2JingghNJnq7c0Fq8JC6gXGUArPJwauE4Dk72vFGDKKD4U4fjh4IaDQjYf9GQ5sOkqnFFQ4v0qLI3nN//IeqAvSxzDla5zLfFU1Ce/ZjE10smKuUt95WCprYGGi9lDtcg/dz49MgVMja4jNbvMBZ+dGikC14mCqevv3lIs1WnHodhCdzosNOYXGyRjNULM9f1ruKoqqN7zWo5fYynF0bDtfeIZ2YnQB0DMzPq9GpjeCF3Ur6iG7YD0XAJ0HptqThdpqny/QoQILQF8SKKdpot+4TGXQoLjEzUeRtK652HEaJLLZCdxZnrdldqbSbmlk5iUmShMvggHF8PE6CKKQbd/KyiD3sRjMQfI54A1uEW+GDoGXYgZKWhVTZLejB6aOROEglnGy6DLKVhkGi/rAFqw6ILJwHRDGaVv5O+hvWlGmLEGtMyT9ddC5OSG0yp7pM6jCFkcOw84H2Bbb2zWMivpCRbPqkqmb+Zb8srqEsIIWUJfCi1/g2qgHX03OljQ1xOq5JLBzlQuZ0THhm7V/G6JI4aMzlJiKUGYSh7MGzYbUDoAKwwWFoxjLjsEyVycDS1MqcmHKyimbWfVtxZ0qMG1Q5PLqZNRZgLTvk7byDHW71sL5lYtrNqUH2JyMb0LumMXmG603Z8FCpIZWykhXwnd8hliwAbgxQnbRmD8EuqSkEBc9mRt1eBijPdY4VhJK440ItrNlsQsy/tbv/+PjFzd3NrVutPpoKWILtokXnUQ0fxupu9HznmeCGe3OXZw/umc1j2mQqtoZwQYqukwOGevJqb5N7gnfjB6m9BcCE0FJ9C5nAOM8pPGqkDVT+l08yo9MPQ0RPGrjDKhuHRBgwV8hRFzyNHOtllg+72aawVMhQnQZ0Ccs8YV0Kw068ccZKYOQXXt2EO6MtENZN8vVM00fzbZQ888kjK4ZEd9O2MM2iKeBj2NhcvKIxKleU07M0BYJq65shAjyjmZYUI7TVgIvsgYbWTMZCtZVdLJwsmVbhxomxCbrmRV08bRVikNZFBsOws+et8aUloac3noCp24N+mmNohq3TFA0xVDy+axY/mp/CGmSgmWxUWUuzonFes7NN6PDRqZIBFvnX6bo46Rd/UrJEOei+yGDVdZhwLNOKt9lFJYr6Ol1oKRBQN0Sxd/NHgeS+dKWyj/vM8IWitLD0aD9YB6GyHsAqI+hTbJAwnRrzaJxgZHPmPagL6i4iOVKL0FbQoPl2wyRs+F1OoU1n683OuwzUzTGqPz007dOYEonig6ce/iW6ayQt3ix8OoEMGw/pNvmlSE6aefneGBFsd8UXXP66CsgymQb70mVtEpIZihclGXfOA8Ek9fQILjPz5AetvcInRJ7IpGu/7CvdCAo6vHI90M2Wuo3bV3Rq1jBBn482j3V6QHBirqk80T1L+e6m+bpHl/tV38gjq0MD8/T80F1wCtFQ0zMDTYtpW19isVZ/cNfMIoPlB+sToiOf7i1DlwWxo6NeU5ezpSyd7bBVMXPskGUqjYOW7DySfBp1zIqFcxThtoja4tIGrPa1QFmrulSdPaNHop86Ckq+bLxWWkhcl4vXyUvT45L3nBgO5sHJPOc0NK/OZISwF+4knySDJjOmXcsRPUYRpEIP3jSpr/cOOgyY9Z1bKSUBpyW5Z0HuRQqf7u8+f3T3P43eeh5Jjo7NWF+Gy2D9ZZT8lPYlUjFFsu/uUACyU8Wm6OryQj2KXKlWzAs1Wa4bZIXqoNVroQpkfxX6V17eYBVmuch7QXSI1OZ+YvUsGFKaqWdnufBwKKyiOb7qaJE4/0zAgAc+aUoAzEdrX05XX9t2VEvGp6wTipl6TSkax0Jslo/NrKPFRCalaPOJIkSHnATG869m3anYhmQEdgnXxCAZffZi7GJsdJUVw3XjKvCuYq5q4hXy0xJhO1npCoLaXoiml6O5iuQSg38TNfqsOwV2UocxkWc7Zk+0Tem+p0x6+js1q0rxESCyx1gE+j7NfLY7Bl0BiOJqHNtM8fPtUJ0m8EpHh5MGODbLmQZrkFV2gqhKu8OzT8YZnxO9HUfa/0VVaEgokoMStPZqeUGZVaqb1NN0B5N0OsFm8XFEV/MiJBbl0MxhV/4858F1BnoqQ9WeKYKFGQnVjdfdC6GFeQnzH5LaH9+/uDz021eORdUXlvXICtMn27clXx6CqySZhTU+RqiqoEauJFQzXtxIH3v7eGS9QmaFnfwEoU8VGAcwDvUPx53y1heFVezNC+WnLjFb+JzO60fFhdaB2sCwrHEAkhT7a3WKx0r55a6s5cK/wbjJscHInEWyNH0MWVpsklS2bC4Vtv7PBNqH59XnHn02XCLtCIYUDH2TGrKkBZzkNYZB0vg69vIOVNGAnE36Y+PDP2aza6GZQIyyfrKOvZY0FdROzfyTPRomMiNikwDHjQ14FBzKRkomC3trSr6CCLAeKm1cZtUjILQHn0aNmpTIDVmiP3qon5x4AnsEQAq8lUEOSvaNOPxk9e3x0aOWT/2WWbPi19bp9B6B+vjx6Y17x3dClkW071zlk4sGVm2uUHOlHvZO1Vwg/oQJaS3+eTV4twK/+fj1/dP9rRDNWHsyoWmG9qlNfWbuEoT2oAskITQd2jVRcedQdzXkNB/HyGXM7AWkTuahNCrnvT09km8x6CaW9DUYCSP9Lhb+5Zb+nWxVadTMskL74+1YRado4+Zpde4QhHSYvXutripRwYLZn3ZtaLTsFPSTV/qUWe2hVd6Xw1YzC5cjt3ueisYemchjRTtM3VO1yAY3woFlNTaR+zo5Cad+lDJYFSoQqmE9OnfKmwgss4K/kRd7bCBcjy0sFhLPaSaFzfMgib81dYQzMBMXThxVh0pPtbHZ/1G5bT9BqlOlflKSbAOqkyLf9nNIs+K1yQYhd5yYbZpOZIHWNpaVHXkMuyXsqpoVYMGqPNt8A1nLwlCu4UnLIvyYOcqzF+cc0eCJQdfZVLhS0Ul+zk1qEhcwQtYKZyCbMgQlb0yBlAIYv2AGHYdOmrVsHmPytgs6WOryeVV/sMy9dM3cXg13c9sDD9o5/WhqaY8gVuo0ICSYbgZXNiS/HFn/g6UsWz8sPfo1Ixp5Rqtl+Gm/tQvIrdJLOE6kWWVhAkjLUBq1alvPa7xYqqaXUOZ9i/fcb11fOIl0594uGAa7THTihhCdpQVXp7Vuh58VPcv85HF8wh4+ul9TcJrEdyLYSyqZxMMFZvwPvZ/OszTdYdTJdAsQWbZLFp/31rXU3jNgDOIq8X5ByO1RcgOTBFwU6JhZfn0zy+doPHCc87jsGqbr0zXKtlnz8l0SmVxNPOsKfdofIaJvI4StShXzReTZsf6ydYYz3VmfWtO8JYMSZQRsZCkiM0RCDjQBSnAcSeM+ezpJyKYOLdeiE7Yer9j4O3D4lEemKLbYGUkL/CbkckXnnK43UnUXiptcCBkOjJKrOv2TCU2dePmT1209nWAPWNu0rG8yU1oyRUHTftVF44rtu3zlYm49F5rZL6OczfHmNSKFQFz4SxNBiBw24ddOKIWybEPz8suWhpyTZK6ssRPMBAcsMCE7dmvMfnFXVl1cDmSSLrwH1w5r2U6KHQrfcShctsWkPqqImscDa+HjyDx0mDYKUCDIjvqHZV/jTZTjJfdycVYP/BTYVyDc5sQ3E304dES8rpqZxip9OXnyx/xiH6uXmNU47uiJKmouwjoWuhKG7/HDO2eSzZoIYxz3tQYwJdN7FemqQjUWeE5OeyHztxS74ziuSPs4RNv/BfNhXitULZ4EKnJHhd5BcTCE4+UvijghU+nv4hz/lWm5ARSL4c8K1fifaaK7miRR8UApujj5hhAZ9RaKMTzQlC4n7rjW/LGxAhNp2honiuzaqb4wiMsZg9ut1fhkyMbLLJZYcVBex0nHqbAr/5HOlLpBIGdm6zpxP/1K2fQKBuZjhnXF8wJozTvlb0KAGbGvcEEgq0ShDkoS2vUP1fK64i1JM570EB9UcY+/71QY/Tlc18Qvk6FIIsqkLbTGXRtDgQFPXmqqVHWDhvFEuYKtVFEvNOHCiTFEPauDs8zq9lOldbCFa9yKWvazxn9Nzll2Y5rcsTXu1rSat8TUBCs+bAty8y8Y5ulkVZ1Vstz60Y6VhSZFwzwuUW/UK0l1JbWJu6Iom8zVZ8sGuIOi3VZrum/l5FUi2TsTpaW/8vTivmF6gLIjDok7vnFM11e35eozX6Q128SibBUCJUlnT2xIM1HTJLfAY+kf5wFrhdfAkPBiuJZt6ThDXdjY6d3b73zvS0q6X6PX1H4yfnePwO0HY4pBRtfuEgqDGcY9bXb3we3KN/J1ioJmcdyP23krVBsJ2cIilKmztkYwcxCve7IuRc10Na29NSj5Dbj5Y1w0hses5937t2YLFPSEnanpFrOZsFka7MrL0nmQpVKJJ5Q3dchIhWWhREz8IsoeOpgJyJLSsQLh864WmbY/vkGJ54YjcLJkbhN6lBfkBamgMovb/DFDzr2R8aMxNuJa2qGphT4nAM3tro43b2eydbYAFkStCOTHs7pskdfLYQqz3ptw2h6AVGrsDHeoogjw8PelU1ObPtlY5bFFouqwIVpJ03H/usBCcNG5P4zrlIvYLHxApr/qLFdvIVuJ5FHpaUBcO6qKU5p7H4Ej/YU+OuxjJyoxU8jCmcbOoa8Ks3p67JJ5NDsCUG4JPHWd/UoAwS1lllFY20r5fkuVA8biGGY4mzAD3V8f9YTTW6ZRZtLRSK+2StenkHVyonS0ZlTNwdsKdIZJA4qLhbh1PN4V2QZeJigt6end1NC0X3PtTqbM0ipq2o3j6e1emlu3zXT65fqbuXTst2akRzjQXJfcKU4prXDaBTZNhsBxl4c2KuGpm2TKhUAYNHcrnfiiV8YOT4oCe8IVFzTdTtgNST2PlmUZNiuWWgomMNxRJk+TLxvYYxhvm1l3Pz99KIWnOL+cUa8c4NULexIaefKd0ufCPFxupqdgiQcNskxbKVZ+U6cgC2dyPPeIf888ZBEA02BhYzd8kXc6mfPymi8n32yZl+OZzPnLRwooz5qAOEY4NnbOUUg1zgH99Qk6rrV2KB75KKIDvFM7FBx3UaheX/JElShKd5S0KUgSZluin7nshzC+KOKJa3FyK9CwZQTe2HSBGXd4ZhFzNd+4yqS01LPfFlicOKVrkp6n9TDwGkdMubtUa7AsX5UQkoupcIpQIlWYMWtVn7aTSNAkQOcP7H1Vj3HdQh2nEqJkLUO6tuqOYuRQIXNN9exuv9S3SJV7egZE69Z9tCUpvwcPBuPdwrDUDBXjNMdg7gw11BOcEMWJ7N9kKUhD/2smg4O544B0FMJ4+T/DKn2RG/txLLTqtBH7pL8aHMd0xaHN0tUHmHryWn0vvpWp8jebnqM036LFxu+Jr2lA0KU5+pEq2UrJ2KRF5kv24WbvxOiLiBrN2IjGCzmfxi9rziMvcRXpZbXJ83HsgDD/J2dMOkqTI6TyNrxWtv1xh2nGWfXaYzgTC9NhWLMQZrBLp5oCckKr/dQ7ojDEofBD7J/KPutJWFSbskPXUZEyxjFZS1qcNnGdku2ozMQ6qdZ5VE3Nx30fI407QpKo6nOLDrPNpKfZEVf4FkADGHOH+ampdb+E0sEpMLGbMN1P99xsJtOGsg+dcfPIpsjUAjDGJbFNcCM5ctIBTfd66BBmfvFYlOaUJBaCqdXwUp4rJ2cLStrJFldUT8shiBdhi63MXPPBWMvhS7HYNDZXpXFdlBEj9q+VpRl1oMvw6NKm3B9newo6Icq2Gc2/5Tfnv2aOcEpYs8lMmBCDcWYwu7hOoPJU7KbGeSiNhk3MtuCBnxwiGGYMyLJWuve4Uaa0n9q1Z5ZyjM8ds1vzFLVHPd7JdY5250daqnXVsFO1xvsG5rmrKhLHODVRpW9+VcasrMA6zV87AaSjNfJXXV7P5Gdk1aARg0NNH6RUyTfRWDRSwo2R5RdIUwLDgpIjQQh9zssTxlTq45B5I0JBQJWNfLHV2LetoZ6G7qZwExDnWKIzh3t7d/v4YOJR2IlZ04dsGn1w+l2wmze3b24e3JztKoK343TDA7W68mvx8OHhIyO6SuBnLvpB0MwQCiOjuCww61CtX3XQEKNZd0a8MmOECf9G00V/19Y0nh0VZILcua7R1CbOeWzTlV5rQdNixWlGhnJHDQJ6hHztW7tDNd/k5Fh+yx1F3rpmFqqYnoQV4+pEIuqZXXpn+OpdUjfZFb2dt8WynIFLSDZTA6hAYZyoVQJb5iE2p1oeIcKqKBqcGENVEbHbbNNwtzIrq4F/Mxu1BqXidFj3Lz2kkzYFf4Y6Y207+Kb7OMgzu3GLi+PfIkJLunOPJplqgkksprEyqy546BbPopKeDDvxrJm4ipfKVWDRtAkQYbmJXbwQdRbPXfbifAzqIGvl3MpTNI2IiIbl0nBaNpXZKLtpgErraeI2u6BXmO7+IVpoJQVrNHgoXa85Qk80zy+BP0sI6+5QTfZsqO2xam5JIByz8I6yVAEW817/0llreUEs1EMnGn0dTXmT59bFe1pTf5lWAbNDSB2s/Fj8JKVguHyIJLXN3tTXZToD6qIKAk8JO9d2+w4VAADFLJ6qMz6uaKzIZEMkTAGEoYe05bRUma2zFPiO/FletqLcBSIlnUW4GFtk4mX5ofPbmYAvdBaoxcZ6YEHbi8LkiG5mYwFuQctJKasbuKs/PVlYo/SmKlc5AmP2XUIomXokgY2U9SIB6b3b/JYFZ5ZdWlkoHq1YkKDiuT7l/wTHWWOsYW2bYJJfnFnI5ClUUyk8Wb0uCB6OImTvhlACMAiqEaRgd8AzjV2GmguTUrjl4DCPFWT4a0MI26fnBoJVl14ENVb6ZBKzTJ+hUtJNgmtYJelhSnq3dfOXpGEAuyFe8oG1Z8frYhk+wpJNzg9W9c4Yxi4hGIJVJWxZL3go1Q3JS3HGAr92dquNOPswCQY0OMXqUrxOtCiOdb03f7c/ro2cYs9NZQvSVsTN6oXGTvTrAJw+COjjW1M+TIHJzpJTaAwnuaKMFNHQ5YfMOGdhUFXOr7LyjuznKZ9pclQILA55K5azT0nKQUGSsSq//kLRLpBtY4iVYh1hFzRwt43Cx1BFh1dl2fAkD5hyWC0JqYbQJYjMEcBQ4hC8FKi50tF20IaStWMQPdrFz+E3gkGpSxFPJTSDoTjs4VZZRfWOEmlvAldW5aCvcrUxnrApMjF9jCqmte+ix1U2KVM6XmvaV3LSJbnoSzYrc5iaZz/Z6ZZdDu2BODGZ5ZC1E851rMqirUGFF7NI4n1stSP7qMo+gcmUkfgnMpBeSLaT+5RHCYmvRK9lYo7EopzvFvx8ORbu8fWA42FGxbJQTib4pLRaitEYhqDDA2GfIM1mM0lioD2eqk1bQ2BTDZ2oq7d4THAaNB75HvNBJtkBLqUAvEpt5mRZyN9MFaomQzYIWaeaeneGa3LYvL5Zok5k7lU+st5bclsLJY7XmSUeCatFpGMfPT7otjMWRB/U9O5zppWaJYMSsEvrOJk6DFmwIwujGXXamZ/Iv9TP5mB7RonucmImKkfaTuJlBb2CHbCwvxma/N1NtXjW1RqzEVBz+TtZWpcD8mWdLJ3sf+tpI87lmIqKPFPqqYNVZg4o1hjglksTwf87UYl6dhhUpowkmj43HzC3MDv0mYXm9KyhOkJAnDN4ECy98Ompgax+OPiyW/xpq33cj+mcZHj00PKf11i7x8YNBK7Od+nf+P5w7wHfW3yN0dK1KYu5vmbAsdWju1us0LsW3xQmzZw2WGt0r7I7hh/v7wvmx1ePXQ9xO6+nHnftoFVnl/S7vz98jqwbvm3qZugSR0yf5k4AWsx6No3AeVGnsEtnqub4kTFNAZ2J/EsrQLvNJhCMX2dpSBmJGU8jqagbZaY5Rqh5YZTNaVphNTZxZI6kqIE5LkEp5mucBjpvjz04JdDx+5eArFzjdguJLMH6x+gINGZkh+uirbXXEYqOA0GbWmldqWrxLHKLWDhinALDKGaWopjlKFXdEd+YFiFocQEi9+sfRpXxQ5gt40heZ+h5oV3NNk88Yk4n5UYy0mlaHTmYsgEuiYp1MQxlNyAxfH8if5EndDszNAGOhvZETd28nQfiOz7jPwjAcaHJS2oWw91TbMfAAAAgAElEQVQ6HdRgM1+32aQXMP73XqrjuRZDWsPGMunmIum4ZmOUeklzsJ080F7pYexChlVwEhyuJvPlylTUnqxQja7usS0bhbAuRN9AZTOTNGyLRVHt8dam3amRtF5PvHMqCLJjT8gLsHJD8pM2eaRPZfoIvKhY2YUyoAMlc0m+bibyMKhIKddNtzpfDOKBG1vu6fxUClyBzYIe9PfwPzyjdO9fs9CbO/eJ6LT1P+Kw7N7DFtcXSFASAeiS5HmfFZYkCTj4us/H0pfbL53V9/atDJbcAkJC2JUxSqVWwOpJy5KBPYTDTjsq1MYlpbcyiitXXaTQag6a5/bx4quaz3YskY7FShIyAsuEf0EP7ZybAaETuIcqB86369JxnfVGNR7IwJmFA0F3pul+7t6ssBf6beGGaSTK4rDOu0hIlVqL/9jWBbq2be8ypr1AaVrG0SxrTZbkmCLO2ayRN20QLzzT0CAMwqh/+RBrnVYEOb5dC0HacCZKiHK+yNNzREBCw71Y1Sgg9LS/r7jWjtH4B1k2itM8GdT4Vqud22YLdI21YZJOflHX/8b95ExkZU9At751LgHn+Wy/DEKUcWF88lCigynZTqM+AhAyXIJcw2ohTF4EoTzfybrofYuIgVK5JqFFWsOxT9kXTivrCGlGSdARx+wdVLVywcg75/BQAti0IhzlDSw2jAUrU9XBxwCFrX3GGm6XNtKsD7xxFiUjGmEkGKdRwg9uvIprR/wSx5RP5zhgsKOQjlFGFnNI0yru1duCFj4tvy3L31dD1FJ3CQVpCNbktJukI27lSq8NVSB9qd5VsA6utkOAMMmjH9nFLHTVvHDa7mG0GmBPPSwb6hAgHqeXZom+sCIe9ov78Bys2WAePDodfGXRcB87bXc+IvrgSvh2Kwjnhef45Odgr5oZsqmeISAj5pyTnmZMR4U5qgtYPSJPdHjUXUXn+hoIlhi0iaR1Q26mbQsZa+Vzt4hEiXQprd1q1zGbxc64qa9tCSgzUDhts+Xyjib+l4q6/7lykexztk7vVpuGu8mzvOSfrNDF5EYCbKfGW2n7Ve+WaN0IKKaIB6HTZQCGSIm+RA7xolQSXDrLd1a0PK/WZaTgbt6cDbs23alO4Ft99otc3aBhdco9haYaFq52M5LJX5z1zEJrnlWS9VixAdSC2cxgElrGKqzgz3NZRL9pVrpVNPPd7rZcisukY1tau6ZNSclCJS6oyN0wB02viXnXbxw8ec5WhmhuZ/Np6G/SkNFi6UNqv4xfNvTfFLFhciBLighCt394mVz4B2Q9I0/58mk7HvdFkbIRbSbDALKTbC2sA3puzLvEG/IZ00SBwW+8oa+s+e7+1eMdx2rvnfe9CMRTiTf76SJPDXqWoJnZ3d27fiaGhT77ccpORtwH/O6uIcg04LMfog2Zd4o+e8XPrG6YMz+YAffI7zpIxu6KOdOYR7ov4sb9x3u9YqbU1Xs7YFeqC6E0BMvQN82aKyrZBB3cBsgWvkrAmUE7Zx+zDDzI6vczlmZZDJM5RNka+O7uHRYPVBndW0qcEcUMyNN3Ktb6ze3tKy+6rk6IQlFIBi/PFRtrNMB5OGl9gbzvziL8UG+lXbufrbUDnnAB0pRB+JXqGlsWYeoJCnu99oCOZZEbSWG0sCyNcVvzYMO0SYcliPr0uLdeezhouJCbXUNOw4AOVSIzFtbrpKHeTLwuDMROZDSqSyVc38G2JckibnlCjLIiqIkO+TCqnAWbdcGurqSmNr3nYXxCkoJYrIeIWArkE3RO9rx0uF9dQgTw+vh8pgVgtbTFfVqUpkJZDznSMkRx4861ThNFQaT1Wn+ia2fyoi9LTISa/pM+04/7kVLYZfYSJS4565CWTHJL6xQm7p8fvf3mbUvmvNHt4ozz+q7+3S3kmUk+0z57jD19Z7x6Bw7Rz//DlK29vcdNOf1gboksp9Qfak5NzBMuVTr9tiqvLIZFBplbpjdr90O+msqewFudZVgT0edPd+9uvb8XA4v6lgd6REo7N+VLBKzIbrt2lz93Eq/nOs9xhePEcUlYPugEJyd0Z6LVCjAB9PIfUc0INc5BkC0ut0cbaY5uMr91AlnFM0mLil0dXeeGn9upzNy0xYkUX2cotp+T60VxvnyOLbdWMUA+yrf5cv6NR3vXtl2HatELu4haUo85PxfyxPslMEnSfqdDVMz9mSjlKu/8Nc5RxLlQyG928U22kC/ysJ9zkahYFLbYf/O2V8GuceZHrLAGYqaTs57jxo/NPFsSlwYJY4p+VEbJz2zCEPJljEXXoiItbFkOhHlheCos+9X4260wSuuGdvzXkiiQWX8tOCpdYjFdlwd2nEtiX7EdXkeD3Ymagh0j0whfF1E+zWkT2U41KXFIyIsVOI7t78txDdoO2XYbyFdaOGSKF50Kp9VlRyLYe1/DGYfDLVXj+MI6poleBz9qXQUpVK0GBUY+GmUGr4Ke88aBjEODsBqapsJ6dVbWDXOW/FZCUZmas9fYJRp5LQGOomWFRUxKQH6RjegyRVqnx7FYBLWIC1E25UvOGzyVTd6AJig5lW27vg6Haq+6wbJfxYFXk0F1ArCKw+BQXIQrOkhyaTppHc+2w/6SrCwCZm4rZMN8KCemwkw5aSlnVwYQ6yubsYeonhWDPDNZ6vMFapl+HmnVaKt/J0ay5YuzsQ+HJotSc6/h0q6Wlp/QBvyiWywG1uayQFltoMvykAXZxMtNFNpgOURH//W0WGncmPdtd0xvk205VCPl5G04kwFCEdPptTSpaHChpWPTiZ0tBKfW41B0+VkoiE1wL+B10L1Sxs9g9bOUundBalTAz7jRmq14k+iw/F7vlSvsuy2xwRMGFsj6fgLpC/f2dDvroFScLc0PpzPC4wVH2qh7GfRnxXDGJw7pBkclLSFnYDP+10+3H+5vP3RppSnqg1GpobSLsBha6fJGGp+9ZD6NdKoGQucqHlYDo7MIv8n8/J0vJAIjtZW5N3decNkrGrsGPhvc/Oynfv0WfjmOYSAirb8sn3dAchymoiHAjFQ8GF6cAT/ffv7G0jnaXne9yrkQe6OpXwHS+kzgp20CtGYXjR3wmFeeHL8ag+fc7Ijf9ZFBuu18KLSpVQat3n6GxRCC0krriE5jKNhI/8qPLr//5l9/VNmLN3svpzermL2Z379+e/v6i/ff+8nT5z/95iOzoNmlZt8FV+8Dpa8Xgn5hIv/8+tHdQxml24L2U2J89bPHe7/u/PaNn3l6YM56CETmC4E7bnzlVaLOQ7qFPDV0KFdwYHzgrE65wHl86yFlJ17FArW2LJSOLCx7fa5bNaNymNkYv/5i3tx5pPTjEka3JXROiUYgH/v4XqdaTqkqO6VbVs2GM6JofvP2iy8LZjV+uCrTJ8KZbe1vvY9WTUPLANWskEbcViTENpH4LW+Yh6GprCTyzY9/+snNVwzTkZPFZqTraM1OXDh8/4PvjX3c1tNBwCg5dbQADVSOLgFRI02mhYsMNx/uLPY6c9vim8DTSv4gzAnp080HP2wmkxgO2ceEPfXxwB0TUnSb9ukHmx1/2upQXblowRtF5xI6mFtHNkFn4mv8o+mb949lV0K/HX3LEA2TiUihbN4MqJhVltT21ZnkW4HQeT/ff/Uz6QnZ0/0jIGjMIFvI9pPqv/AdD6OSgNPV/pgFUUION7UYxrU9VyTYLjIGf3r0zhkodHYlGTW2VM0YbPr+/Qb1WYWAIYQ2u+CN4+yfc2K5SChNBabp75dfPH3nF13U6iyZGHeP+E0s3tCS1Tn4d35k9i4P7VSeLYA+/ZVd/RC2p2ZdWDO9kqy6d8ISBGI9gx4f3r/95uPz2y6DdBtZSQzozcCLWEJk9SdDxdXlgkznblgi3glh7ySBUTZwuq4T9lMMN8+e3NF3umoBTJcKO8pWO5W2zmPun7eyZnfzvbnprcwSFX2vM/Tz3Om7V3dcA2jqRp74NfRdxKfoLJlT6vDN9THiCPTEtbzjJWRW1AXoekkcnFwIGPyWR+ZbwqvpS0vNtS6P2KjvWxUz9RUS38vQVx9SVRvEtak/MFVGwyTYDJm/687NdHUi9ode0rx7/PRu70CjYqoNGOrJ2OfMtJKJaAyh24Bh3ZYIjetnx1waByNN/f7DNx9VLCfIgV1xffCu1bfeufrWr2PWGODm39pMft/p02FxOZJOCVqywXbKXVarNr0DooVDX7yx4nLFkgJo/rNr+ZVJhCHO4BEQvz41ZN5Jbb+yCMKAi0ThZdPChsuFXz2wO81cNHLLaS+2WobNCOjLKuQGapxjMmQvUA/iwzvsx56Z0qaVdgHuAKt29KvGl5iDekgcXo6ttEZqjgnSTvVscwIJP51zwRtZtkpszWx150BUnkw2YuCpr7da2TqcYt+CYXYL16BM+FirO6PjgRPP+ldOyHeDON+EDCtWsh1TV3L24B629YihS90Ff8jaDkWFtjQbFLtqLtmoyOuoytLaxa/i/c8EdkLZlyP721sBXtEZgavb/qpjN+VPITMIkgtA87xT7PvitZbabzvVUR0WR3iSI0u1qrKjnQ4yMTOVFXJC+m3I8ZGgGqKu0b7t6MC7uK9KT4hVJsgF/vuOekJGwDLc0PmanqET5iysigXdxBsbwuTVAZJoMVGq7ffnZs98Tuoi9Mx+KkiC/zUIU+n5kphUDTp3TTljgE5jRlffmMRwde6+VKgwoBNSQzudwKc+jslVYjD49OUvvS/z9vOlFRJYEktpwm/lfjOpTcA3cc9wRXAjlouQN6+/+FvfffXO++CV95bppmwByACmH733Tgo7miZW0yKfNckhL8hTtOg1o0gz9ef+/nkmN7KHDGidS50kaXyKTD5++sEP7n7zL7/55hup8lZysaCOXac5g4+B4e+pV1PHw3B3hBFjFtAI/Or2L/7G5z+PrYLXZtr8b2Jkkcpcj6ZPX3/9+bf/S+cRGswk9boT1PlzYQaYylUEeKuPSooLHnj6uz+KJ5uwCnktD+WoPMBW7N3y5txEo1CqDoYD469f23r9/ZvXfqcpuyS5Md4Zz+4p8Gv0bgPI1ZtqjumcyLbsliuZvt2SeutX7rM3efPiDs599eHLd//Jf/rV//4/+ep778vUnkd0n+6Ny83urTAp6cLtg9d7GJT/6Z98RbizKSdQLhd46R9T/vSrT6+/8+7v/C//6o9/7489H2B63M8VkdP8u4GiKdrnT1999dGIDUc6mOc0ghbYDPj+7u4/+7//9ld/5CSumHn4+OxBYx3EiqNzpk/OAm7+6X//u7969+Zj4x/V/aCYN5PeONN0aM3y/su/8G9951d+7fPTxzNsdWlIb2WiFG8l8/5f/aPnn/2ot9XR6viQmfJTZu5cERjI8lVdpMM8Fa0HI25++Ovf+eHf7pdcbdb7YXdqUohr4IIJtwcMsa1WdbSDzv5STuHPRWNagYPoo313+7t//+9+9c/+pd9/8HIwk4uDnGweo/6bL27+5v/079SNa5GMAbNvb9v5LnxUxxxpS4r6QyH5+Bf+5l/pFhPejalug6o+oIgStS7ShKCXrrh1O8UbnulXwHUSXWjBfKx0MkfoCOTK2z/+3d/7vf/qHzelLV20Qs/VcsYoxLt+C+3Jo0gOXOIqTnSVK6w78KFBdkZMvITw9qs/+tN/9H/9f/AEAER28wyuzjG4zFT08/Pf+Dv/ndfefkgrzVHoYuDByUtHRHUZh3VoFPvVZKabmx//7h/8zj/4x+bkaV55YmeivWLl/du/+t/997zZqbM8LeOPaAZEHfn+2TsInAI5hd5qtyafHu9/+Fd+69Vf+itjvgm5OLAkweTGBO/7env7T/53/9vHP/jjL770BgAA/XiCV+h4VyaOflj38dd++Au/9uv9flbW2TmY9JR2zvilZr/r9MPvfX7+DkyhLrkPfiB1W7+88erv/ef//M1nqVFNNsFYgtIVOcvS/t/4zbv/xl/55SwCuc7QxHrpTPvu7Xv/j/6z337sBJJK+lsneZyCjByr+R9u3v7VP+9H0bN4SuVSiZ3qdXT3/H/hrQHP1rAZADz4CiTVC3+2c1hWIJMG1MpvqH1x74Nrid/5i//t/9Gr27unj16rKsDKJzFB0kkAf1QYf1sWKHzSPhNtw/x4SeFibRRIoq5JlomSVUOC+Bz35V9xGhq7DXLsopFhrTkBKWcR7IRw2dZeI1yB0i45qQTuQvACim9MCa9zjXmtxFgzjsRX+urz7ZdfvP4n//X9P/4Htx++NH8N8evP9/ePnq9S66qyi0rfdN2G6Wu+zE1coT9f+DhacLmZZDz9WyYuGwOYPipLxougHJj4PJDyPe1g5zJSxlWTXp2Z1yfsgVZ6QCMKOMgYgaOgsLLz1R//3tc/+kM+Ih1fhA2BndoL47pBydDAH6wZt49mz8rzB/75KD1SPx595ZGXvY4ClNVBXnmKHTNusdJhCl28Fqwl5ND7F+FhjiBJcUqkjGi6dQj2OZaHtdoo+nc4J29/ZgCHTh9DsYE/7x4ZpOWVPhKfNBVn93BKyXA4QuRc/+HxXjfR/SGuQjSVpIk2zI5ZomvBsgHOTXkwJZQetfNh+MYgBJYfKmq3sov8EL2QLXvXalBPW441TgR6qLWdBWuC6WEV00O9ISWaoLRF8Gc+HKxNqIVdlRwfCcDZYNwrPiwquFgQW6ur+ZFYdY0jyTeOqp/0ZRb7DvzN2AtLRhunSkpiI6i9cietUDXr5adyDaPHLkccuHELezyKhMAXvkmfe4LSWIuqlNDRwB1YFWxmlEXVp7yQ2gAZdUirCotDYpKS22erqpKurLdwjFZZwtFBqP5s9ormumgz1pixdCJFTT8EuyfYYp34bGDpTRav60595fJvZwkmCrKC8HR5WIB+9FuAsc4MxhBtG0p8fv7s3cMKALJ+0wrX6VsdRzaLBRr6mWXfBMCI1cxMzvZmxCyX2br/A9H0tTb82a81Gc9aoTdvB9NpAC1LBRkhQfnN4CXks5/x1fKagcr0xg+mZ0x2SL9gb/4YJlnKHM97+/q5m0yLT619h9eHI27hjUbOKSRKpI+yqECaUpZvvFmvyGDMmi/tgU8Y08eHb5Mbipg2AysQQ84QWrmEEp3GTW3jr3AjjKsV2K4ku2kHXfbNgzkzvpTxl+VwbSLfP6cBD9/ce6/3/ed3X/thHnup4qe4pJts4EyrJA945d0bYJr35Axr958W0El7azxyjaJZAXK3+ba66GoMO8geLWKb6ZQJafQAjdre+h261ugfjGtdF/BGdidjve+8m8Z6pVynkm8tIL57/lFiihaRqf1m3QtXTntNejaN/U7/xIahpfeH5EIm8+TC48eE0pxxREWGS63ssvBq8Mh469yo9At3iJkotexaHLl8t2HLLxOdn45fww1mnJZnQhDEZCSopZtuLakzzfBKSGXfjVNiVUrXoCnEm3cWWyFELQLqgAzUjRZ4M7vfa2OROOF/unWWL7yTWlj4nNSZIrZsnxVFiwa99H3qtqaGDuJGnTXSFsF+dQGnFcGGai1inC59JUCFSLbnvzJynr+5f3XfCrYj8yMKcbmKMJUBPJjYVGiN0uLIQJ0E2ms2qaF5kVkhE5xo7jWsvbhQ5OQRpeObHYVMXq29z/3NFxmEAxkoICmjFVSFSwGQQyovuDsV9sBpTWaSAMawT40f77gMt3r1mF6SUmT/8m5qxzGvtFdJ4LuTjANlnSQWXVO/5BUNvZwvc7EzXr/d5BxE9+hKnNAlcTc/1mHqiL2wh0aJ1N0Lnty/N0i57uJEomAiVGyncqq3aE6uaXwOMHtuYpViXQ4lPku+vnv36cOXdOuEI7uWdc652euH54+vPj/0VtAeH6WF1aKUmy0Lp66Xvv78C37zroslUm7ZLEy9mrL7zd7fGFOcq5+0lvkEBKNnH6I4f+kJosJU89ZORjMHwuwur3d3H8TCuy8+yDBHcQDyYSFSb+hzRvdZzMfVcRbcdz18IjeVo2bbaZHNdlB9ZWXNqE/DqsrEqhjV95n3ZMW9kp8uiacpDGIskb7bSY1a+LtE0BlrmIozRrhQmLsrXbeGb8V1l9yNx7OfT37rp7LXgxS00o+nOyRZrutsnCIY5FvvHTLS8kcZd82JY6JCIgmNNYthx3AeSWEL0wyX0qeiejDJ64QLwSyarUosmJ5zgjFOj5kruHOJxhmhCOXOx2++ef7Zzzy4M8cez1h/6pmEYghUbyfi+9r413b8Nu47JnZ405w/rupcv90ZPRgBrSt2QjgQiqbUDI5Fts9HuESe1RXa0+jaicjfPA6x2kNbdUTX9xqdo2xYMSyahjSG5SZjR2ndFJKT5XViUNA0O86adI/tNAlSbHYQqgtWv6fZYz/QNEqJHTTaGJhq2HV1/3AWNT6wPCFw4RrXlJ1K51Pz+KHvI6nJnR5BQ11UK1UG7mmZh64NMfnhDm4NzsdLvfbjrWZPhqo+MTdxR8Shre1VqMmCYOzGIYGEbzQuVg7hmvRx2m7v+HsU464VRMeiWoV0YPu8lPIVUaYoIha6mawcW5+ZXtXMpNnWPAZC/oz6CK9BmqZ+SNs2tX3hDGReU+1jKEuVNNWN3b6CbMsh9c32Zc0/w3hLeKWLc4Jg70Wu8cFctmy1bWOBsMDrhDcmwgBLijQUKSV9yiZnUBOddsMw2NYymrgrAHLOKKyohPIIn2EqMRQrib++tVuUU73yJqM715UlPAOQORwbuZlvfEp+ieiScnaucDMh5VmT1wZf7Z5AaEGqSWMT3zpHsPFcpm54NTkznTdKweRKIo69nN1YyiPI3nz2XnsWlCHhwHl3SaDJt7tWzhuSFUvQJvw5iin82BCLZqVioZig2nysBJLSeCt5x66FxKy91lSr3n60FGkxlmwyEwnYskrATBOhUlqf46aepHOTQK7VBsZEHkw5MYYr5BiloYqtTx8bd/K8U415MFclGatZtbat3xkq3DXx2Trj7efv3t2//tzE3A997V+WczYAkim9G/3L3bjNYKb+JsBEePsn4UYgQUo5l+2fH3rrt9mGG4N2k1V3GnQFIJN2zYH1m68JfSFWsIphUAuGfjus3w3obq2ZKV9Twb0w/EUzbZzn8HBvi8rN5jzvrF9myXSr73COUCMo5H7HwM+NFQOTAcNr99Z03cQguTgo9+Icd5YU9r7GLGvx+/aF3nVRkhGYnKuyQ43qby3LsrwG/RXPx8+FodBzMAccXzEYAt4pMEoLeAip3LNYAqgYI8IA7yTsI+3isIvA0OT9E6Vj2se1pcK2RdLJN5rO4Cm7AXaLlmM3CMANRspnPe15JHsRgyGP84EDPNOCR3wfguO64k+jWq1F3lPmgInq3HhmguUQyiYnNVKTRdoKgkRqVBivB2UiBbbMmeDW4RYv+BrfehhFHPVEegzzk79y38WCoKQNSwwq7zO8c7eDXJJL4xs1X7SgvJxmaUD8uCADXT3LIzzF+DHEgZbmQ9nhOOOyKl85Puue+XYxQ7hLFr2r8dJ85yJ1rPjHHI1gkhYsOfRj2F0lFgxslST9tWc2oOtE1Lyq8/NmTtnFtUF5yg7eSUhjNtPUCahnbyzk9wMdJuY3+lD6FGlAi8AupXqGNVszxM54sc2S4td8Ulw4N9KnLPhkqILprBONQiR1L1a2BID0Qo7VMK3KbwZT4Vwz7GpxJuoWTWPBiX8wumkUL/02C2bD4JHsksP9A17ZxD2Esk0AGYmt9IzrYnvW3pR03fMlDCYJ05AtAIEhhZVOcHewmFjSP5WVzdrFBhkF5Do6UvtrUCYrJsIwbxsGY9m5upKFaYpHp/k4xiViPBIuVB2FbBzW7vCKJ2XrPENZHJX1mDGxnOU0zB2aTSCYS7gKSdfFJgsLvZjtFngdhcDnAdrRUWuEBEQwDPXrHcWhqF2rigqgDrtAkBLbonBJPReimUEqxyXOCaHbksUcWlW+5kSq6rynk214eu3X56JdEo8wJgdBBt5+HPMv4ypIzmCpXXa4gE9LwAa3/LItR9aqcQGHtcxAkWV3hZM2VRUmZVaq9cUktduNur3+pbjtTM/au5yZSY68THQcfRlxyTBr5pCLzyWb/mmr4TpRa5PxZI3NHHcCxs6jQNvEAgL9+HIOunmHMplkMaA1lggGVOlBXAvFJSM7a5/wae5rNplkpVMzHlFM6VSzoVKAcQ2uHJ2oF1lH5OowdtRJc+S+1nxc+qh6IEYWzQoxY7toJ7avMGYh5dtddU3TsLqxGYNRKgnkt97sONpsvZnSwPi4Wq9lHiDp2AGb0aR0ZdXZCtABUx39ARdlf7XONERkmWJFMJZtzTtE+kshGHqEUiW46OGE8iiMSnBo5mnP+b2iJWtzn8YnegLTbLEV7nxoOtVTQEXb2E92vC/YB9kOXwREOaihjR/ZS9l13aGdTafQ8U+DA+4ifu1IbRalY7cCQU27c43qtNpwhZ4fLduWuXoSim7HCXG3f84SZqVQrB77lGKThgvqLiMwvN05jhmntYoeoEPT3LB1MM26Qkw3HT1RbVJzg5vqOCvf6gh+Tc+kVlvSmk1GvXOzRj7PtfarNa/fvb959eD+vWlYqwTypImkkS3IKdPGijGaw8gzQoeo4xAWDWk9RTRk9GZhJcQGVO0gzw25IGWxO8bKUEoGtfOOPBHkgMDFuOU1hz400dxwn08capTqxCc6D9kzcLolvhvNi+dmAIu3G3fxNllvhRXHcGliBdPj1V5z8aDJ8/v3N94bkm0P65wT3uFuTubmIr8MoKi52bRPZrfhWJIPZ+SdtC1cs2bPY9CoE8/Ot6ZQ3Mtld3c9hxCO5hzd+9Er5p1vskDrQJb7FaJI+cnLEDai3Ca07lKQ8Cqh7l3iBQ+Iw0UW0480069ZnLHJiuirBOfMrMDMtGzXFDdjRnRcohl6JWFX2NA3NhEqjWO1io9NC+CEdD9qT1xn5U6LPDnxmp3vxQExBnijY6dhaZa8/tO5/fEMDib06PkAACAASURBVO75eVkEYliKTiQHJcwAkc2t4UQ9NJO/4GAp7QuwNKL/MbcS7I4bKmmS0Weq1G1V4qyRrhIwDU0WbWphaIwHdmltTZQV3wpDCBam6iE7BcnXkKRBKJ78m6tSGsdUYaXUse0ZCfYxRy/xZAHb/Lh+BChNyz9hm1n2TU6BE/0kd3yhEJP1wJFlFYNkz7u4dTAFtyJyBM3OufywJXc7gUBQECiYQg4P+826M/IqyckVqxT/ZyzO6Yml+gA3gdZ6PkNZ2qu1qa+AN70GzvpiJwUW5tPFn4l2L4aJFdJGnHj3BJZE5vQmBxn6U0Bc77R892TDJUTa5hKS35hldjlnYuB1irFzoKNq6ulVLiHOk0SVWuqJxX4mT7cCIVkzQVplX2U6JGBdl2jiHhRa+67blL5018wvkFoW4fzGmSDNcwjYKFVEqAb9j2sBWaCWl+fwmXgY0k5RqEpVRdrC2Z6Gx73VwnoivIqXRkRPg0SoDRleY3bJnhI5fhxyRDDyXPuJaOeySq7a8WKdKnWiQgFfH4UfHHbt9dsU/r8tFLZ8lXVmKq606wZcIdPKDOZjNGPWz3BliX2MXYksiWM9ccto9ePMUWVGTPqseaEFraIQhi6GtpZ9jDqJBE2crf3UwCU32A+qJkJjZ2xWSoRhMUheOndJM5aSHqaxIF/6mMRsl9mTuP/BK6vXxNCwgAlLg0rQGkd8xiUF0sj/yroshSD7S7h53wYW2k11Tm2ykeGLYoEV/SFVHJZVRxbCqZnlAhCjClHUgwKC6sz3Cl1jBieNgyp0B3Jd5WIUf/thHgZ6kxds0bxeYBKzgoL7hUFycsn+9JuhHKfCO9YhxzI4oaLYTJNY/1Ila01UGdNxvE5dXRqXdehVxPPQojxt8VTSwb6vr0TZDkl1TvFrQtQ4XFUqFATg+MPEo2azyTFNBJcbSgMBTtyajVcT59OqlrZk7i+yWh/uyaba2oKgxu7Rc1qlq3bHmnacc3W2OnvFTjAXznm9tZoYrKeyh5Idj6n9SVfeTE2F6swx3rOLsBDyLXeQZpkHBymxRRS0TVbi8cbjlU0vyTnpYOJ1NSUIXgw1K2XSgGFDjRMfDpUdffE7+SFtljKTIAfH3X9CN84ijxAMc7HoyilbfS2KBAIHZAgB3jC8aG3drZEJL5UDZz34rUUJ0puxmfbBx3cTkRWp2sKBYJXDk1kzwoBFCtqUS0eJAZhcs6B1xaNeptrQ4UPyyav6dDhbplUrjzC4M6JkaHhNhJM0s5oPPHfptjEGf6+VI0gOo4/BiJ7EYdTTjI19RtfZDspRhjQjG42Ym60yPhR9qsv3qSMzI1lV+QHK2RqIKJjXkLwy5FP5VPBPFmKGksrclx1qjFyio10kCwl7djLRvGaHEnlqrjDhqBYjS3fxxPVyYIuLSmJK0f2KF1qx5W4nVNBZBaSgmYLaDGX3tfdLSKSZ7q0nBBUrOu6qZ66NkH1+7FQJDTN7OnhmzdduLscIPuN5K3/zTEaFAvCinsHN5VplfP7kreYMYLqfCNpmjVa6ZugezzD5aOnIXbCbp2JdzAaEHCwtMfphs+bVDAd9rpSjecXepHL2DKVNEAQ4DgCXyXMiaxYOFeHeljbE0AWPeoRDFulhyiKNIIwbEdUxb/yDjQVGmKFprNJh/BUdxBYau7Ndi5T0sCwVbu/e3n/tRTHNqJstmbunQ1fnOg2Z0YYNugDm9WsHUyWJ9ifUOyV2rJZs5sQRBvDsKMyxqVZErTbMtY6Su3rDJIMmIei1CQYGDUsJUZ5sRcVfOdpezmBIHTQbD1KZAues0E7NJn3iwkyY1hEEAOu1S7S/kpWg2RO6r92tk2JO/jpZLWahOoYeFvQkZLFsk9QktjeReaWdmcRngjNKpdQYEo5hmHXGPonvUZaLqCx6uMYy54rdQOA5g5pmkUjkFM7CSrpqlV39FzCLiJq4WKmHZTEGbCE90Cz49PD57vZWuedw2LDtnOjCeTJwnQDb1EhXboG+2yoUQdwpR4jnr+CcCNt8IucuiVHZGdRtN+gXzrg4D/VGS48NdLbs+pa79719Ezb0XmJWNykmzk8BdkFDvjQZlZp0DAn6k7uGytn8n9nmgOx/VCi9ZJUe4JEgEIiS/uuhDQczdcOudl594w3FVPCv9ya505TV3FPlSmMZow7NKrI9BjKSQK1zK82pFHT2MvF8kzfbn9djOE8cx6NWW6PcmddOGIa4vV7Tlv1q5L9idBE6Og0Km452nBb+JekSOs4rqCIU/S3w6X3wVgztaddqf1ZlXrZQ4wlv3hXwqZ1tPVnRfEHs7SJV2opczYqDUC/euSWM8S4SMx7ZabD+N6uc6o2Wlz6oIx+UATofdZP+xyzdiWz5jCjckr5ZxKprS1qROUZlXAoIW4hCpl05bdmiGUJs+qN4F1uXqRJWTUacaSd/ZQCV9kMwx1Ja823BCaRg2ndgHdeDghOy/iVuyoh5GPcvrSqsIIq1UzAGBUKtfDS0h9dntf3LsHSKNM6dA2AWwqRl8RGufcpxEU6lkRqhiQj1WJ5cV02Ha1nMew0utXFdCrePUcAJXzfLIKPfEBaSo09Ck9Kx76T2JEjQznwCi4AfoioSXVEqt+NwHXKMhmfGmD2UXWRRxiNGYzGO4+cWoEEbR80gORSRbzsliK9DLKKJ6rAHROurPgmrOnZF1M62ffvwP17jiFU6Fk2+xnVyUi5cqGdI+3rXgk7JagoG9fm2tqUrUdoEc4LGYR3v6Dk2pOqEkz1YuA4PNpt/OCgCyG6SU8ozisn8/YSWs3zVdY30lYuJQ6xPc/wpVLeJQXrAUUIgDCuzOu2nt4LWzgKRrYokW3Vzf6Y5Zqh4jAY3dWJRjJWMUioGa2fn6LHVJEp3m82qB210JhvNwJswBWzvBykq0gNBLBr5hiqbdkeQorTsf0k0ExZvxNKYAR2V8NxADv+W/Y6TGBF1XjnKLOsFuB1DcjrHBaSmITFKv8QyeSB1L6PGoYoN2OY6W45IPWOvkexMF9dlg5TEMcR7rEKL3aydU9EMU4qUi/MjKJbKmhylutRQX41X497ZMWGGsvWJmTRGs1lOq9MHM23OH55XFqBQCICqjjypp2nGGois1smO2wCaeMwYaNG0F5MXhFZwCDCgdlbj9CDLZA0r0CzZ+mITlM6WvDmp2/nvexz51a0fH2p2+MZNus0NaFOSR8AJC06eu6GguQlMzaBKaamdn1SwjsBHnG3YavcfBDNndxNX/cJfkxn3RHmaPLoWPhmlmcebzZi7/wznPA7RBhkWj0fPRuNX15uAV56tjL85QyaaZedHEaugc9L5tQzOqJgyzpuGqCFqJKvbopwz9hFtx8kAPOXqyYVhZwPRFJEnVHNkZdkBPjowClcnLQwguLWXxq5HKWknTBv405mk9Upfqtlg6m0ogAzbQsxH1ROd4KJqggv/9bZATYVFnL0VXIWIappvwljtorJQjGSxSiWc8h3P1K/QxF08LnEJK+BzdDuDEvy0jskkSmyKMMVgJYvlUs9MzIRFhgb4r1/uhsDAXfgYmDvkSwEW07EJ4WVSlpvCR/0+UeR4oJkr2bmjFjPZrDtvKAebxgE7nTIJR8AMOmaOMTlxQpj2l1fiWYpI5/Z9tYlCFs0OJYe8jk1pAgycuuMovowktt1cZ1cgA1PayN494lJics7ZI0nKOV0naaaYsFydvdF2mhr21O1f0rI0n81LFcHcwFHH3Nla2jiLUNrTPt12LB3IvSFWmPd41THLVAqG3cI2azUL76Y+Z9nl/wTX9QqBSOggVuTwEw/1NH35/KgwnEVSIdN5u6WHvbhLuvn85sO7N3dfekEBdvNdi97ePCbtvJMw2Pfi7l3R0nVIxQvqzTpy9UBmmNwzk8B8eRZCLV624mPZwedFS+1cfDyf3qkVm2l3GtrVcuXRqU/z8kI2b0t22CrPkO0FYa367Ap2tDTUIfgQVTwlOxnAKgNOPL7+yDHTWX3nTU4S0V7u0FBIJBbQJAcny+fCIOjEx51WBoogBIEn6thhjTAeNjiLkX1FF2OHC4IwZjyh0tR9dAJpAhHMKYc8utim8yQRxfsnDDJJusZrBmtemqghaG/nQOGcB1ML2AtfhNM1ux9dfLbhm6w0yWVVdpAu5yiXVOpYxWndN1NmpKxPDl21DcWhrl5FLM5HXGOjxw2V8hIHghq108U4O4x9OmTlNC17aqVsTsEtENDUaHZP7KAJwJLc8iLhBXQiiS6EBjBYgU5M1afePvqhUIaNcocpcwoH+YWbNupGYA+ry/SKYndqXsww+ejhngDH80ns8feXiAnvCkDqvSg20ugOjzjzfRZai1CsIVPM5SM77FTFeS0Uw8gqyvzlNDtZOSMcLmt69fXaVjruyyVrAuK0M5gsoDMJSn6J64yrw1BuapHpSOiaQthPdiuagzSn1armkCUpT0h5Cx/7TSNqXqJE8djdKZMe8x6oqsFuRWnKSMwmUjU8mixKYtwONo2UOx9AOCG4GddcBS7hktQyiQiEISyps/yb0KAVQPbRtSQf8gu1dFL/bOah1B1GHFSoljtGhT22TciOC/IEHRbiGcvUZ8dwJAK/xJ3/Z9GuhpUcf3JIOiJntbmob3Ut7dSHoYklLrYIKLBgjykBFdlrIDzRdgjJmOBpdimHW5kKtyxDUQ31Uy/p8+yp0tzn1AFHDM2/WDisp99FPPnpF3j0NuNdz+iWqLWPwHC2s5aWtCVb8vqXK5fcsnxXG2oNcsEf/EKqCq61Th+f2fsomcQ1UJYM9mawpkhZo8q8oEWX7xXsCaSOK818mJt5eMumZwzevL7tLupacgi0OTMULeaZYQgJCw953e3+Vt+NNMage3usE3orbrebHGhZ/HAgjq0adu9UF4KKq2GevUNZ30rDYqlm8SlERBaumqVEq5Lwu+SAFCOvN2wW1BkS+GnrZplzlu13hajQPXC1S03Ezw99s4J/rJgCwV2vdWlI3Ihjko7RSYw1UYHdpKbmB5u2TtDddsscTbCxam7vRuT8GKaxZ13JQwlDhjkNiyHhU5kdpMdsVeWnIaIKLFUyFV6AersHrmktsTh/oUIsCpFYo82A6Cc8m+a0U1EtpdR2nOVpEUVeoEDm71MkwF2z7Dsem8VqqiHaqUAAmhJLmSZlRm8oikqfbAk6Pru8kyKm6eMsojxgA0GKplTKh6NeGqeYzaNq9I1wq1oNe1Z7enzmASdXDUHNNospOpGrL4RyikbLgQSd5Ktrp20wApKMY6206PDIIGqHOTJGJABcYaZShRpzFQ4UVFhpvE5x3x1NyhFVwYI30vbK5GCwD04l69ivYb7QrwwEnjqwLm5t3Sw/ayDkfXSF37OXk9l0rqmLjXmh6MgFCcdQMtDpMHW+LPqOzQrY+u7is0IGHPoqOnFqNev0WUA/vf74cO99BdGJ3ObyRDRIoe5sb2E/g5SbQGR/W6fJ5xe+ssJxVqakN+KFNrCO84kUoa2O+dy9hAX1LEGB8nFPO/bQ8OcH7xt47ydEKPngXUBWG5hGIsiASxb65YzQeYU1iAGx+iF3lf3YtZ4Q732ktP/NhS9xma3CrDJXdNy1jLStZqVwZ4VIKgnldKxnFAwoixsEbbAhKWjjpY06jTqSYmpbWSVrNzqOYqaOOaRJvq94NFPnIR7vMo9sULS3HBMt11gf6QrMHJp8IvYXyARPbMw7Qx9ONBX711dU7dL/ola6rSLGC9Egw7d2wS5yM9l+2LPFnm3FymBnOoZxi9dJyZfupBmm6JMlSwjUKQawPdaYPXwcpyEfPA1CfnCNECjtxDAjVDAyVEeJrH25fTpNgzW/8E+TGejKN5qOP3Ls6DCW5/MIOS0JS9wxjx2Hq6h9ir/UHEtnpPk0mir7VwouMudq+/Hy3PZIyl92msMlu3mgrzUuEvRBrq9CD0L3sg26/Jxb1q8vYRqXY4bqiMZrp05h8b/F2QoSnuLHULFVWLIqzOpqs0EfaLLO9Rc0QmaQzBaDDrbvI07XFgunt7WPdTTj5evPkqF2OEeWEvAc+rpnkX90qTgG/i6S7Kasohep248g9kfEz2XV7IJxcYguiVt+VSuQjxXlKXiBrMEw20MdsTja+rbckCBNsiJhp6tkP6zmk2yHpqPmLA1SBndVlQclnZtS+BIirvTVP2qRYGhw2lEFp0PUcxxFJzi2IyN0JTQtrAYh3LzWJEKTzezoYVxodhfMWKdLguh2iWyukLwS9E4W02yqIa6/jjoMwxQqoYfNrIyU3qdLGz48kjvyIgnhsQHJCT8ptb3SRWdeFZ14wJ6NUm5Gb56g/TAPq1I2K5MsgLJfUVthqrBwmNuVcK58Uk3Wcs+PMePQIWEPZKkcyEZSc7tpFOBsKARibeEtYdHIPYvPC3uCynjYmEXzCtvkhZ5JAIVBKiAx20NaRxrioyCe+PdvAEeOZZYoVHxmKtauZcx9Z7J4BHscx0DgNacnDXaUFOEKQ3PBplU7jZvEsctuNj72TnZsduriAJMMUaI24naP6U4GLjguRqZo837Tc5KHwukwHYllQ+8Qv7v1GkSPCKss6SFqCnCcoiglILz+rvDQlJy8mWtH1VQoMibqTPP2OKSBBBEWbtBCmOSUBQFgCufHinKFWQZ35Z7wtziJuUwaGrcPZdFqyq3USedOdc94j7XAcpaTGrMae2rTlTq9qz6WpevxxKXT5ZZxb1K0dqnbFu/4HHvbS7n6PLytY9d/ucntT34C+Qys4LmE4qYqDiqMxFVGdnSgKzyWLErax5zroqC/E5VmfaxyHH2kj2yKYr7mgTubAj5AUVA2qiTHR76dlYc+686X22kcE91ElXosNDjm8mJqK9D5R9vhPpE8lAkhFMgwkNFxUtmibltosWmyscsjTX1UiEZVqddhCNfUXv9iUCt/Gq6P5YYd90G7jrAfJsIvTdZ1ak3jEgiSNjvYDH7NZ9xgJeUUTGQ0ldasncu+GionjhFCfAGbcscu+b8gU2uiJ4pdc/t0v6UcDV0PqPXkrfFRUs2xurb+bSlqqxVNAxbTXE+LzL2wgSPQ/nJGSjDkrpnYMW9W0qMtwi7GJRj33rjlD0b9zqI9Nl2c80rn1gLwXrx1fpWAoqHcU0ZWgmFyyblMnb7+CweWIKOK1JGRPMMw7eDIODIoqT394iKAa5luPmqK9PCQo+QvvO21aNHCkNe25iP4G/KcZjT7X+clPEdAVzckfAUTm1OPQ6MJP6mFxORHWESsMUihQlNQIEsLEoIcT/zCXMOT3hQJsLBWqbzv6valZK2Aqk7Z+cM/PrbFf/F+WYU7laZ2Z9SPXnSbOxstJQ1V5Zt1h/pFak02bvid80QSEfNjwDqjSIzqgVuLwKm+RIep9sn1rXj6L+BE01Fg5veEFxKxsiMjZflXtGSmo01aHZB8x8QpeerkhySczA87UbWbzEGMg1IFvrZNh3QMfG2PCmQEPtbpdzqv3YlDnCtP++OFMKV9VZWn47TqW0ms93GB39CZ3x3TbdTqaxb1CphuOu+IphugjouzapzCYx+3GShmrUB2qK6hP7mNlG2qtbF/4oBqR/JY7aDGmiifRVIy1Y+OGGFwTBVwyWhyAvOiwrSvUVqot9VRLgXHderhOlNfRovvhSu1aswSxyrHIAuwaXMpMtN0Blu7eUszbddypTHIFhvngZ36WiPZvu+yVBijmsyaB2C0634KqP3tTSdTgYIn4BOWvWo82FUfcypJNB14p8nxennWKwtAptcMiRfJtF7RXcVz8qJiNsvWjXbGqZJRMhIVj+xla4hXoevG7LP3uffYogxr0diEwoo9Wnf1dfd0fVxA5LWaSymbfTaawigZrCLERyGF5mLZzXifHidXbfLd3KKuYIjoUU4Gqs/Nb3kBi/xrj4mzcUYhtS1GVcQTXT29qmnR4eiykPKWBB1jFvvt7SZ8QbpVmRl4CNMH7nhK/Z376rONJ5v+nlgx4Up8+hWTaA7v5oAZz6TuNAwSfvhMj+Lb0UTUby8PmPS1nzuPYEF/eOacSYJ5fa9Rbf0FwfxIve5mSQi2nRkqP8o2McrLGUdUNPQmZ4Ddbl7Ky+3pkp9CviFwVrQ7i7GP8CoAgB8RYzQPLatSvVnmmketjwxUJZjiTKCI7SUKWTRPNlhnxUiUFkhUwTN2tBArmaYGZmv9RpvzNCcObNioE1mz6mV15J1LIjU1Fn1N8KL31Ip+ZiqAjxfst1Tv1n8MrMYVo9YqXLdPgfCkRXAFwnycYVGlcVujKSlb87aKuOcXm0pMuHcCaWli9Kahz1xEoJl0zDAthGk+HnyGzFtKAGOSrj+0uTiOmJMT3aU2Um0imvH8iE/ubjoPuQ5CexuGzy00+qYgB6Y/8tXBPHuyyKqnZOaxTp95VVJWHYNDl6YUV5F7Mi4/6ISYAt5hKhCStMJnNuLBd92DsfnYWHC+Ni0L59tFo+9SRAZIR23lgLAmIqsUkbk7nROSRGT22/O/sbS4aCC1Oz5rm7tOx1ARshLLEpTqKEmpvKlVfHrOpw5YyU7Ysg5wu4NJW5P3Om4e5aNZIx524A/EJf0AqyuSi3OSc9b80qQnawYBw+ahSXRXfGFkVbgkoA2fJQnZZsW83xlg/8qSx4mxx9//6Z4Tsm5dG+G6h9r1wG6rn+8IP9sSxYwFd9+RhrWtGDi4axQKoubuq5zvk+mSSZ0uHOp3vbehxS9KWf3xvpc6InWKTA0xdlVg9VnAptVCeweFTcmmwS+16vPD1dkpntP6BIKJtZfEly92N7i8sBjSCqkjh37lwkt+/ZoHnDkJSp3JLoUAhYigDjoFph+DJdCPG/ZWR4yw6HxhkU18iQD/TCxGyhV5XGFdNkVq0nH/YHja8x2eEOiiW5fdPt2+c69PCJHf3vkN9VcP915L2i+F19W0fXp65yXORBX0Pc9GkW9NX95ElG5zd7tUcBymg2boJkB51fXWIUsoiR1cRLOtgn1XjCJ2NbARxix5IwhTN9ojaiVRhYY5Ks0/yK5/V//YuFAHZ6fynvZZeaLqORq4R0y0JGBDN+txjVugksUQMcYenoDbSSfg8DCM9VWHDVn1J0tPmzAWe8moNX106JtPN3dcHpC4tSrmapZ2Vrr4SNSeCxNlncFLRw5JgVr4iFU+PpERIwXEDG51WgJZvyiypIcqDz87p/2hi6fjcRjbbHg4YjDS5KVd1b59XuriOOJZJoJCO8wjcmyPYyqqBcB2dzh00VcUWbuXYok/zU4NBjNUcKQSbh3DomV+GXRlWo1du8rGN67bGapZr97W6KqKTYdXi5qWtSgqa3V1cTJBnpGzfnl+LTBcqAbbH7dl3hfIUyW743fS0uiyFPKBS17iSPeBR7jtFu2VHDgH2mlRSU2T1xWAfc982+0Dk8rXfExXqGwyhPCxmoJZ6aXxANTQX20HP4rzt9ILYFWhHPerIv6HZU1jA2ZkTNK8PPdv1fQso2DaslHvIn5njq6uZ0CSvRCtO/JBtordFd5B5PxGJTm0+789Ealkw25aN9U3SOH27CXst29c9KxD13wDeQad+iE/pc06ukUoxJ79gdiYlnBLrfe9UKH3P3iraCs1W+7lec9NUcWphpsiioej5cJ6bqN78ZENuL57mQCeWRKz/rt+REvzP+KKwezsZAMKISNxIz3zjZhsmIBqo1iaRl1vo2x5QxH0i7zG6PR8896rQt1T0SLuRoL4YIF/I5Drl+5XUeKYtgPIvkXHMc0MD+wRFU37mX9t5hi00FdS0z4zZCyU9i2jurN8VEW1OUzKdQu3KzKf/LyYsQld5speGcpWrFDNyzTr5q/dJB/HbJMK1xyhEx1Tt+FBPlXSrF0nTxI7boVgvOg8dM3Vl6QvA872gQ+6A9Rp0EheNKVyW7ds7fsCS2oGQ9jM/wIfaV6eI7LtmvvQyJzeLMFZgb0irLmK+3R/9KNv/My8RSi/ek9Ctw3LFG8+WZ3+5vH1x49P7v355vPXRWTssqnzn2a7DhKWVXoL/zHfcYZCYeKnx97fLWZ3x0tgn738R5AKuc1QvEmw26N7dVHTpsxiPi/htfntMS/4x+btrd+KbXLo/oHHvV2xuSntPAzgNRpb2Dc+agJRk5XYNnnsQTonOnyuT4pAADIu7QNPSW9jpHIKN83hbjt8Fi99piBg3p6PnOZMICTyjvg55l+Pyl1RHqp6YkIo8+6L7zh7+fj113e3XuwtIHru891ZrZub6Zof3viVLvyEVmwbHpOMa6m8YCP5hCW6mKPoYyHT9wpOb7FbSW72leOjK/x8jqSaBU4TApxrXEoebTOvAs/BZ49pnvm37OW3BigUi5lxIprMfn6455pGAbA2U0OT6+Pbl8OmO4neDIeh5wNs8Os+l7u35sf1kxxzy5H1Lmbod8BkCW9Jd+CJE1bKEk2XUOLLFrrfy60zhE9NH4Hx1ce26VhEFbo2wSyRBuNovxbVa0hYfLSbVdkHXbtxy0or3sehinBz0PWFc36REBmgKc/XP/nmzcPz89ef7v3kyFnx0WG7wPXaTxQ/3t+8vf3ShLiX8BeVOcLpcEDsO0gINuqoXmgAPXRZ952f1XMKp99+fueVQXTayMOxLtI53/AQsOd9PVrwJMh0il5vHz9KdfcjV/vbeJXfF8HxDoThqo8wMZsWSpuRQ9JM/IDIXCVE//QIs1ShT8eWCxj4k19v+frjxx97s9EDPxskvKoUI48bdUHg64d+CvDdF9+9ZzS5yI8dS6d3d7qwl6X6kTKXEZ4+fmX9vytzSzg7zzwhQOqM1MfpGx0XnjSsLlBz3oorsIX3HPuK9IJfsEgFtV17Au1djFYkprfVyfPNZt0xjKq4iK06XMbUeG2rEQNlH3UO15xkV9ReeSb70zsJzVvbsh9GW7PIeMfCDvdIgFuwWrtpi8Xh6mDhINEkKeDY+MxXkxqQQQhBTYN3rBWikuer28c331vHrFLiw14Ol9dEDgAAIABJREFUMhvqlcweUX713kPjp2Hs7YU1ELa4XFJnDpOTo219NOlRFXGz8nBz3sXtQK7ysszsFtcxH2NHdKR6s90YlVrImJNruUDN7I2BR19tIiyacb7UPlCzTlSR2FMZzArGq8rzd9WueNRpnf0WPgcodVQFvspYtB2eDnSciGUoB1GerJZAtIpac9Jvr8XpiKeDQFisxHszBQZogoXFDFMTtEr4OSX1YMf1QoFw9A3PwqKgbVhSmZMTrnWMF/0E2qv72PlWczujDMCLWooWZVNxpKlk8w4QH7k92gpjVdnPv85eJLbgjnPoRzXjtSS6TfFxddZW0kf6HXE/Z/0CcWx2kPxQnL8axSo79IHdosaI5mAR3KnS59f//A+/8T7iRvutUg738iK6pollQGSxGrASWaz9c1v5ux/7HXeSm3/oJ6Ydb70xxXseMvubt/fPr/4/v/fkroqdvwcFM1VRBhVZTp474omuB4WRGSTcIPnw9Oe/fvz3/6v7Z88CPXs1ynSZYtqS4EckPv3hfY8V5tDGG9rHfAKwbU7n/H6RkR5z0zyVfcTa6x/efP5uwVnAhsmkWBXN9z6gG2kq5XE/6aHgdMrBLuH99PTjT88/Wvybyzx2FaVVAw+Ydrpi4cLw8u7NbxZwTlYuvYxvLiP06gB6vn79XdNhrICat9cpj4EIqSZ7sbkIJLSYyIqLi0y4v9O7Uin1Z+as9OrJLaZ/9IdmjWWQFKZE3uf64uDt3auHr99TLQfUh3ArJnyop+nz53e/Yg3sS4BnTB3sxcbBfX73+vbTv7rvQkmOTTa0gdFhwQzpdGsmE/PhPcsgSUuZlWK+EF8vOH07oCn3mnfcMusXs3bV3kTotbcGFEWZ4/krUxrPITQDi3haYjXvUOqYqxTa/JP4IVx9y7Zm8v/z/9lf++Lt89PHrjKBKeS8OFwkPT15O+irv/QbX/zB736+/6bZeCvRBLgX59GPL+BJoCHDJ65Z8AyDVGrHPKCs9fTlh5t3v+IHiTizkL5934uGyLi586b/V6+//PD2z//bndp6ycludmi2KF5S3VmjX8r54v73fvv1Zz9a9PyqG6n7xYkCxtSwswWzJUmo+5bIbGHftyWT7kPtfYRvvvyltz/4jdyDOheWjgNcAPV98/72XKYz22CWnF50maS4J5q2t3/yL/7g4eM3m4AqLvQajPJA7p0bUGcGfM7McjGiRJy9e/f+/a/8zX/LFcHTd5P82YvPl47Np54+/fj3f3z34c4jQ01wP/UraTs9pI/T/k8fvv/9256S5EjoRWaBFHaMRJN/Fcd1iAgdkMrYYRom0W5UxZ+2jR0YMdbz49ePH3/6jZX+cTQLtfzrsklPmJTS7j48f2yRJEZs16nm1D+cPz3dfLj9wW/9m7o4o405pQMAxSC146jK+gHoRdBCuwRBwaevH7/6F//yXe9fCryIyuo6vi5aQL76k3/5k9v3uxbWZL9MK0y6UEAUpHdvv/zBL7xIW4ZPMnm4HFPoRoNRd7Lldrb0I4FV8HjH9Olg1lx6j3Lb2hzjRfOiHXugz+2KuGD2kQc6MpYwsM7SfOr1r/3Nv/b6Z7/65ZedQfVoPRf3DFjM+m3uV89/+M/+RU7//LFgOnyGJGCbRdBmiNMHpnSbdqYKXvv1g9/6jVf3fm6Pe5whe7zYu2VbLIj01av7r7756Y9+Fmy/Wnz/Se/rx8luWg571Q1Jb795vOknKWabJCZK7y+Q9eOb2+e7m1YsVNjoFQi9i/08rnrhpcjLSWOWjdlueOoiy9/+N7+4+/D5g7h69U4+oSPlzHj9RgkOH9/cfPxnf09/uMft3bunh4eH21vD8WNngq6/PX3/3/0b3/+Lv/r8zUPvCfAIkIQgmIqkOgIHkE2T4Oc/ux1zA42rQlt/4QeFVUWn9FChrOAq2t4xWyxqc/5qNdNcAbPGSkqAKMa93FJfjK45ju4bP3/13GLl8MLC1uxfQr55/+rV7/qx349eC3VCPuAWNni20a7zgfsvvzAWzQMXR/DnDxjN4Ae43BYQWicmE/gfCp19WqelIgdh7hN6DN/9k6fv/syZmlOSwedJZy76gCwngv/l2y8kaXvL8GW7tJqeMaxGSYx3dGLkFBQyp/KiKYjP7mwWwHpQLOedVcaxkotye/bP1Aa7skPStMnr/tZ2GgUi1qGNe8EwCDs7Ccs4h7n6cRqzI7NGKmbFwEeGJgpsGfiAOeCTajPHMcUISkCSEAb9bQhrOjinuN3+ohvgdq3LOXUPOMaLKNxKl3hwkvUp3m+CAU2TmPqeuerkcJSth+EK8qJiGZaMgx9RcJJX0ZGJ8JRc5Us7WSR191XrOlVNNIz12rd7FIjD9rwWAtjDemIjGfIjsiYve5Mfp8LnKh+4Y8uiQZZ4gRsNVgWbXFZ3jpPmBEDEUgdMOAqjjq8AG9FFmFkwSQVN2vOXsdktxV6/+uk3n979aQaWXCaz2T+uR/2EEABBPi7l5OndBm5gNOQ3DwJRTZfEQ1jyP4rszsWPz68fDZwo0iIvIUl9H91e2Txm/Sr17IBVSS1gcub//PlrI7VlSJPJcrG7NTSDj0Ja91QkbN3VSfE4pWjcaXBiKomO4Fdh2ttR6pnlfHrza7e3f/HtK2NBd9DrMauYIQIp5noayblMmOlQ5tqIMA3evvnq0/M/7cVylGn+2MxGzJovNiTcPzy///e+d/Pnbl53X2HvhIc08AD0ZyYiheGf5lnX4NkibKyGjxBbIQY+bAn1pzOmYfaczaa0A63OBK9G/M5Dbz79/h9+/vrr5hyanjeUPbkq45qQuDJkuvs14FgURn0ZPp2ckJmpb37h5t0v3rFaskrOgd0Sr1buxb+7/+P7tz+bz9Y2tAOdN/BIzWkBcIGfKypkpXwRVTtIcF5FQaBlYdaPIt39ylsnICndDwh1hW/IizrJwI9yvvpXJQxHoiQzJrDMt3flxJfmRGRCgdGseNIg8DKnp8//8f/iN3/4F96++urx1ceP1gq5oNcB7cWg7z68/71/+JP/5//x73/vex/yj7A0g3nwu63dvTZLzAFd5ul0AmCsIQnLqh+fPv76b/zi+1/64HeI31nIb0oAneW9L9184kbo97/8g5tf+jfMj2Nvit8Uc2ZgNHlP8Vd/8s3/6//ipzGhNkVoBgCDvtc8iwfM9Z1eC92uNHQeXkbUr/YiUT9n9uWbD7/6629e3Te/1081zrTFeQFqy0AuJrDnZpkJr99NlxzxB//wt7/+w983oZnxFDf/91lPWZcDtJDIjzvzwZxfWOPz88evfvKb/8F/8Ot/69++//onljwTX8durkaACLD8+1/8n/9v3/zRj97d3kLjpMuDzkYE+Im4/+b+1/7ab/3m3/53LAVgH+y2fda/cy5lCqrEp4owyfBFcvWrpM9FRe3uNeK9fsKJr9/863/xO7//D3/H6Y37saiuX3ALk+q/xLC/axe3pqn4MR/F19HrnERR592bX/23/7pfq+KMjiuv13WiFYwVatt+lZXM4kWla6efX331Rz/+6T/95x45V7JL4WyY9fi2PPrq3R/8V/8Av914xADmpGZHvRSSmzpB+sXv/dZ/7983u8UafkyWPNvJj9w6sUErqy8666Bq6s7tcqXPyENJz1QJcnYe6hRoN1aRRNTWXpRxmn2UIfPR7LlEJhr/W/+T/4GFiM6wepoFEJKaRofo9jt/8P/+//7//k//2Xe++KJkxR8aNVKJ1BgQm5gDKQxAR5ZmOfjp8+3n3/wP/4PPz9+UWhc2Fi2q3jnWu7vbf/b3fvcf/Of//O7uDtgWXnq4tMdqh7zLZL/9+68fPm4YatBKKx/QFUif33znw9Nf/pUSBnR0QccFUDjWa7II6wHpMpa3DtjBZGslFOS+x4dv/lf/w1+WGR57b1wzmfpfISr4nQK8+qOv3/3H/5v/g7MgASO5AtnVeOfBzpG6FPj6V//H/+tf+Jt/6emrnzQ61fX4IbNwrJ0O991e/jiljqD0yXR4RDTC9Agt0/W3g1WssI+C4iKfJTZmax35xSl2uSL2lQ7NGMbYv6bumTD2h7Bve8VTnw3s5jowffri9fP33j/9+EMd6c1D5vWPiYoGQePa5803f/pHT19/45cd8StTzUVjnAYmxls1JFALFNMr6RN2fVwHOU/eGa7DyEnI7775xd//9KWVlcJsw2Q8TDPcuvz51dfl0mY2L/wWAEeVkNjIeFG1o3ll36udlZlpIXsM8YIm0hlG7QFaLNFnnw1q+C7PXsaeII3q1FNign8unOXnp0XwMM75Oal4Pjh9+lcoTHgAUi6cek3hPNYRnAYvPh6qfSzq6wfWQh8ff/aTn4JP40wRAv/n4TXXNWKYphNs9+icuf2bsJxWO0CUMr3+34kyEaZNpbQiOiKgL0GiTD0bZ6OYCqdBbm9Wr1gqCc+RHsBTE8PSXuCK2MLOIV7HobEI9PBEfMojetnNfmrql2hxrkUAUuHnWyJfjhKhxST9nKZoD3OVp/OdNpfYIrZ8CmsnP7aNRMnCarAnNQyBQ6AwqQdYqGrTUZlzXbxCJSYtzeEkL+8mcwNEr184eX+mqiHyWjGVAVuSfZFCpleRmXFUMv6xlPuyOkXyRW1Vbt+5Ig6KmHsDTm26faQ5Q34gww7UskBTDF29GYdoMF43T4zjljZNdZC2jPrKz4fRAixXXVu/1B7mxrVA2Wbrb31eu9TJYJt/ytGdw5rAu+jc+hUlZsOMj1vJqqykuNQRymLFOygNwM5dkG10KIb4KBftWS+td7HWwh60nx9kd9TYdDZ2bo2ldg0a5tmhVyRkC4KyuSogo++johOQkKRY40DeX1wXNARnu9kxDI1/gds40UyRSSDVzIUNYjuV6tSL4ZpD6vczDZHNYuHJa/nTQwmdbNsvnAjP+AwjW6a6ooy2GhLay+IVlAnsV9DopsyEMI+rPH0PkdLUHiWGGjg7y9B0MhvLZrui4q5r6lCX6MmmU8HLBJu6qiYvBhQBgwXfdAdFb+5nFL5s0mxF2fN/OS7ve9end05/uvmTP/zp93/xy6cf//SNm8lA0zCnO7F/8/Dw8fn+Zz/4/vsP710GoUbatLruscGemSYsw7KIl4USonkGhKlRRhK0gvjByZVrYia47NPLhnbtO3sY7F0g+PjNq49fvf3Ci1Dw54yiM81nTBqaDNzcuv2DLJMNMZobzY5pWvR2zwFfBcNZeb28KIhHLygDQ3h/euiV6oGeB8XWsgEGAOtFXouOK2hZzpkPl6qZI7t34qbw5Aoxr2VaGA6zdHdmO2Rb33UOXndcx8ldssn7u++w1sM3P+0tp67zhwdBbsdAu4d+yNXJRdD5dLcDOf90GADl3baVrUjIwUXKEUpA8CuPQHv1PycZlqiJChzcsNWXNYHdC9CVaSqF1aEW9uGb8RfWJms33sRU3+4NLerSyUcKaMkMzhMezU7cv60jJeOqrUemwLo8H56aEJ6meUJ+cwbC/uY9PVXgv3/FMZB4d1NZ7rkVDa4rCoVmxZ0YJYROhPAc39EyAQn0UddRndowc3ayIsg//vQpu/igVM6J+oOK2s289aQXoNudndZaMRr/kl/drC7Qa6AnTwy+3CdpUEL984Nb7J5N5hVa82580LQXqjLa4+fHn3k0XAjq0OiLXbgzGe3AnAcJs8g3Bqe1niDrd4Jk2n1/X/ByUkMCt3ZqPgl+cObBqaMH0qah3qhYT0wGDSQj0f7utduPWgQJrC0V6iHOwfjhpjuT0jU7EtkF3YV9XpIT3MAnqPolX/Gbjzq3rdPhIrBu3n/42U9+3Ly/M7ZssFtZOED8+V08f59+4cPdxwcPHDktkQRev7l79+mjq5DPN3cfICyLP90bNfx8QWGapY9N7CAvrO3wWaHsMyecLlNRRz5r5CO57VZwOXVhU4G2yvBp52V/36MeD+2Ls+NmDABJ44V3pP3LdYqPC76FNAGnQXHSCoOF9Vfv7m/dJ/zq8RsXPIrL6UNnNDoe5Z4fulDFkMHFVJj0lQXI0gELDAGey1QMDSRBHKBhH5ZKWdAn8a13NiY17HsMywUg9/yIWx2qWyYxtzwgWq1B1CGPMkEw2pd4ko9RqzEpk8anSMvZuM8sM2ngNKOpP48X0qpxnSlHeBiqn1FTMaj9pehVmxhNjgWInQxwcr9DyOaQCaqJhrNJLhl5jYci4WprEDufNc4qsaow3vGws/9cs4qxpRAjMnqTtLhMowRe3VsPLu3GqdK2TJHS4/ztxyhoUt3kDdnGn1xaIR6BZ8AhEBwLsWaqxqzSYZnnkjZXvGDXdnyTeSlyGDpeJGThIJUfBim6hMbwwFmFgxcCNRlsCo1m9x7kkhDEfiquxWl1eK8grjGKuL+z09fB2bFtZOxnSjsypUldlBeBa3CR5fbAJCXiBcG4YFZGrbupL01syByjLIulQUAP0Ky1/wScSoJ0gLktjyKWXdE3+szOWLZG1YR1Ktcj2oHZCIbeXisd3vLBVjHGsanfyYya1yAhBrfx0M1qlsz8qv+TNOS1qqObPJHHU5UajgmwgppEUTjx4RwcPCST2aR4nhz6R3T6CEHzcPnODKoerQiv2k1vtOUj+yNMCsnnr6mS6EMPB3g1sqqUNshOH2iy1ItcKAivhuFozMoLMUtZ+8z11uyhwRLPrnhClv38vaiw9IEg6ySgjoADyEHyUTBTTJsDZ5wHl2FUOIN6suaFA9NyuSxqjy3dUkXIhrhzFhBjcuNnDz8TCN/zQMdEIEgktjku6xDSoYrS3FTL1FWl+M4eQtbYz0iyxrFuksyaarj/xZZdfxMxhcYz9s22j7ebXIGf05k2+mI0TDbR3lWQrEhOyMlE2UNluDhLrDGMLGmUeWKVpx6pNaF/fHq4Nx+wqpoj+21nd9xr6n9chYgCUMyYOdOUuZOQM6kmGx170szbO4ZlnlLc9K33f6wf8O/eh+jejycvRdnrR56Feu/6CPgymVlewUeI8e525nIhrMh4+/7WXTL1mRDWZ7rK00w/A9gUmkNhhB9FwOl0Mz04KJULEecPTb46uciJtJjlqDe7xhGNyUYXFpQ56rfJbontWZ624jDnrUO+2D6z5sOg10kFS/kiItM12ELJ6MrDmsVcug2hv2ayQM3H/VSaN8ZkExFY1GRfDNrLRAU17Tv39m/1eXXqLAY70mSfNcWDsRAYLjY7cuCcR3m66Jc6gR7SnLJWCVXqtuMZljJN8sY08VyR/ctPnbMQld7NHDSOKqiaXjbvMFOn+BpFlU1n/Z1HOapTBHAw1XcDYh7KWIngWUmlKKwTmvgkyAW91EfRMBhh4VBfrra1k9C2jrJwSuswiGlBklpx6jwUF1vWjCQmbUNU4dlUReOzklMa7iizwDpmA3J26DJF2rQhKoyz6Ww7XGUeBm4i0XKwaXqjDF5s2ypDJ4RpItybPxFYPKVrdpnSKucxinQdtQl6VqZStmvrrlSWdtLtLICz1attC3azyc6fcJMTp7ejZOfRzjEcxXNdhB6FWKrpT4pCP4GDraZKDGh98LZ4vOJJ6onyaBb2z35pRD/8+Pre2f3X3zwZhpxp1OHevvIYiOcaut/LeVF3Jrp+TOl843Pwjw6DQD8ygrAPFKmZKWArlxepubyU2BY4KiOg3Imjlafny04kVdlirmZmclQk8+XaR48nhohIWtQT0xLTuE9yo9sLOVZ6D2JehcpA7yTY3Jvu+mWu6ca/otqPmixbZz/rK1MovwfFROTimDkvpDr4PIRElCCbpUhKdo4M0dEGzwKpSU+NXn/sl3wFS9eMGZLtxA8+Tu+4EEltBcSkA1lCY/XSQJbsL/JCztdYqqislksRqk5JBZFc1j4MlKz3qBjsq21NBr/yNbkqOJV2xVm6rda+kostyQHxMUjb73Ckq4o6TBWVqggo5pNoZ9FTq4RGZXfq5zRGSTM1MqhH57IlisqWFrNDHJTKmyuPS+Gn7TBm7h3wTu1SGpp4+l+N/dSLRz2tmO7AnbmjkrMUBgr4OhkGZLIHwaJjfEYQ8iQMTqw7yk1xzoDbhvbQB2IKH6JDsj6j4tC1M561bfA9wI90AsZ6fP/Mx0Qmdh0lG03l6T/OQVSaZwLW94vEFzaqw6+nlUqqDul0SPeqQ11JdVCOmZ1yROXEKz8M+pIVGxTVCv93dQlz6+x8MtfcI9a7rlkeSFNMi3sdtcVOrtRppjS+DcmZUVlAbeUFDWVApFhvzrfdGgYxKh9napYlJaXm1+KMZF/mqeodyYdOPFqyruuygw5rEIQECzJIqnmSj/oiwnp36iyIsmlb4hA0vzAN0o0dYVpiEsEpEOLRFHQhSeF6gKNGhuFbhVubTSmSXFnqY5l9RCy7ympHwTyxlBo8u1HXwCerZK4O2xLPVI6aEGnEaBRQTIt62GpUnTGuJiXoJvRFVT2PgORencYuT+VrcwfQvfG6cylCa1Kv8WfCGCpDbTNgu9hmKaxAwWIRC6qKde6KjuyEJ1EJ+ZoN4garCDJveOKICJUvAhAz9/SL+ykaQXGSlhuxNoa2KG1O9PZza/RmwFufo08MOXKnm5txatjEfBZp2t0ZDooQbEuN2XTcsVooOVeriarwFIsGoQaZBdUYTJLxKhzjMXY5h2l3AxoNm6gANx849St+YVPv7UEWFD0e35X9AsbIrvs8PjzdfrfnS03aBd7FUlfRpCSbss2KcO0JkqbT+aniiEqNnYrMdGLAoylsNuOxjZsTa6dXF2A5sdUy5mk2BWyh5HTBVrQ3Rpt2ubiRJebzRDd1m1cHr+eP1yALTFtIOB/ynAJ1oMRWv9Im6KxawrYNSTjAbuC8BoYK1QpFrReu+mTR1XJr5xturRE9+RnvPkBTSQS+mRn/a5auIozUwElFkTGUSSiiE3SCIbui8hnPojARzJgsDFPY2chTZwim3e5JwqF52JFxKZ+buWeFkzBQw6B9k6DkkxFKH/klXDVQUmXmCknz2iybI9Wa8+WkTGdWWGLy+9omTCUr5OIIfaGlyk7+j8v6ZVz8QUw9MZHteLp0omVUDdu+Q5TOq89spHeWPE6xQN9RqU+ZBoVFXPp7wRpvVFGSNG65yMlNavsxKxWN3l0GrJ0rzOrDl3ZSjiY6GvefUZtmY5eS+WIX2JOnXjpUmJuGuaycC2w0ibtUwSq4lziygEQ9SFrhEM+IsRtqzNq14NzglM0LfhunsnZAgpw4vZzxj7Jm/0iyguK0HtvaRZekWlU3GwNgnQX/rvOAZIK/dK1/GFX9anCHokwacB3+8cHjbHeed3J7k5FuN6wxn/89f3xjIRzXOTYA8Gvc2ciRlUjKd26X3gVydi62JI729r+IqHnFWWQ2ycc1iSnO6Wj/1H2rjwbpne8iIm28lfQvRSrUVmWsFnG5S7vFc9YUi8GYtGU5DdgTomysUoeoR5RsO/szU//kx5J5ysWAogsHjuL81mOS1X5AXjaiY6e8qlA6SF7o6rEIdFBmQBOxdR+cLZSMYb9SV0zeFLNOA1to5uVudhBf9b4YpUDqx2PatEeVNFGbeM1O9cQQFIioqh6uOMFU6rlMPc9UGLB4r1Gc4rWvdsf7HGaS2GTxmSNTHMlkJFV9RGvWUTt95Me5uBivaK1qoGEa2juCfB3kgd1BH+XEsteSVfV8J0WsU6Re/BchPuf/yJVVh9Kz8XpPh4mHocaCuRhp1Bl45hcF46N3+ya/NsK+73rf4VkjMZspYtjLYjOJ2m1JLH32rSaptrT05fMiq3ETtwO+6ikx2hG+7PUdj+7nmEnGb6yDcBW+UF+m1eCFbDDHIJF5LzbfogiDBeRAJ2QiVhmimSAR2GfSSRnWi5ECdcViLDOCz2SMl4P2G7toJ++ZjchDzbJlQjThMVGXlk58F1D6JohjjEKP0FXq0rHfgk2HpzeUOAJWOqi3uHu/q3jRYk+zpplVCxS7w98ZHrnjWNE8TUi9NaG2YS7711kMKL3tRKz0+FzHI/QBZMQ+shtGAS3PhEhSSUgAYSXE6Y6E7Jaeln3L5aNDsw7jIMq6dLzwtl/N0KStf0XtKse5tQFlw6O5eY27+il0NJmyikHQOnibgda+NltS8uVfHEklLETTRkmx2f780vdBOHqqVTFMWugMchzN0TpxmlEZwqunY48tnPpWWOqx6biQyDNG0oqxaEJWN++Wl74GHIqIUmDr8IHN5GOXvWLuOOyY+gYKv0bKZfqmIM0sc9v0CTeChCpKqw7re+4cg8VD1bGUAbQfhhOfBSwPV5b/qmqvVb1TmKEUXd405+70oLlplheFYd7YKGG0JlW28W/QtFtQZi6GMkqpDJ76zWySnF0Dna5DEsMVRKoo7noXHE5ITGLuLTcJCGib8nQpYK8KPZLY4XgnD2ciT87yjlQ3A2WYgrknoJq1EMQkgSK6h1Naz4fFZSX86XP9ahkLQoGacbI5tE7Ws0IDKUmLK1yLnlZQAY13JwicFkmyNFSY3xO64Tpv91N6WQKX+Ztlu92oGRU+pjZKdazsFsmRj1VYHPiIddUmSShb+z/syG7IX7OYo+pLSdwODCXai0OFQZ2Ghzi9iMv9Zlj1acT498iv/51bMBeCphmF9LlNMTshVbBJIeZnBWTjHBbMtPviNkvJHAVHUYaBfyWATLWeesIpHEzGoBHogNMYGTmk1yDxtXI8ZqR03nEcFm+o8JycfsLCaiX9cwIXxmb2iC4O+OSvpBYvpCY8ep/B4GRnOPaYjPfsRHx4nFOduGROFas74FJxQPNC5ZlcGcIjNRxKWqpRGkAQYpPdjuiUZd5hkP+3mBqmbpNZini5xa0b/4paDfkqUfMMxqnu72KNhgWUHkiNW7N1oZBimpcBLRS4CNlDVusywSMOLUsOmg7XTs1cYJxgqIIOMXtBE4HKIglrM462jIRGTUhQ4bwSgliAMVwF7C470ZYsty1tpuseE0xSuhFCE/Hfiy7GxSURL85MosEEAAAgAElEQVTKrCOWLWSRunES4faJTqtM47sCG+zt+ptouzvhDtFUmMnChWRT4ZAfYx6XUk1J7Sruf/bu5NCnZjPXJOdNphi1cofbPceHDerJChhOSZJuzR5YiS9oXvq4nDTLy5FhpSnl1ciRWrYtTWF+cNTZlYQZqMvQy54dXo5ZVciy07Z5sKQ5RrQSflrlOXHov5zYrX/zSti2NvRUEsMldy5iCM5mLD9TYWY3e1xb8iIAftqsuN3s3kFeGq6VqakHr+LsBBm72pOUlLXOnrUujmK1+DtSR5jAsTmfWXDkp/0lIg5tKfRSMbSpoMP2UZym8f4Snxey7HCnnP7h5XUMfykUwwgWVO1ocym8pkhjPBYq0gFBBVim4tpoX9fDNj5KIzqREIRrDI5zbXlFdNM/qkDhDjEP2sZ2hPklF1/iahq+a0tG0q+yVD7BG6DD5+CemNNwrI6negg4OkoGa0Da2Xaod7iKDQpRHyhxFDUvQawJqvW7xh4oOMhnRjv/52+tlU/aaVEd64Q8Jfo6BjnkeOKWebDWR9dN2bJcW6ZrXrNu3EKFwtwuE8pLLKFHDGsMuaSsmPCVRZrYOoXd9traz/qjKj6acUrugUMzHOdXD2nVz47CjOnA1kYhtjFJfR9ZpAHFuyhdF+znhKyediuC/tmTUnSxsDQedrVMfp0zxvGTaU5KH2fMU72lWZ+tlxhNO3vkh5YgSjppowAm3rHNaqrYQAIIFjQbw+wSsUG/5ebEH8m7KWjycY0l0xyuITK6p0JmZivsYETcLLudpmvZK8m0iQ0pvrNPts3MV2FIVg3GmYqFOxiANITMv3sitvuUxm4fMxIotEodUZJJNkzkd9xaS8+lzt9uih7ABYXxWfH6s8vu2Xp/wQxI8QB7WrF6Ryo09blBJAZnTNHXW1xRgaBinNiX8MNRCM4/LXc3w6OgGyPui4nBLmo0cphT8IS/Oye8uqgJsOl+gghNh+QceAmsUQU+YSiJ0Pjp2XOq+Z0ZThu1cYGnTWHAw5qXZtrjpTyqsOAuVDpw+RjkPTtraal5otaP3vbperdb+bvCgGXiQ2KQp0UJLaB5CX20dcLeOzTpTcgBGC/F02PJDe55XFvv2czinbuMDbBzK9cdxaYhFgU3iswq6ttV1gRDsFIt18UhX2DFgnpKiiuPYaWpkNqeopm2qAKdbAw7uXnYfUj4FyfO2JcDSD40eNBf3SxBKNjHvEUb62hIQKE2mvUIbSuL41EpK8701dQAPKBOj8sjqVhQ2vexVQkr6tkhmAUz8zOA7MYBDhGmfZHvcXCtZiQZA3OXyNiBZJpaKXae47gVW6gIP43jW0kNcArKWEC80mrk5MyJLHOtIUXEQEWR23wOsZM7LReNqOUrdbqOG5fvIiCgRn1klNPWLsBaEcRWwcsysV8D3KdsMCaLBfJ4h7MfslUcNSahXTv7a7eWBNN2XFcwGg7xP4vhYivIe6phiGTYOqm2JYAyz8CDIxuITGRdjLA3y4embpHdSaRAphuJ2JkfU0kH7s6hWDms7/jCZhAZoVm2gcLJG4YQ5287Bhb0ch0ZaZ7+ndCaRFoUyJgrzbnWFAuuTOCoCNkVgEDN+ERqLTZCokTbDBP4DZxlZMTxY/nX77znx1P65RfEnoB/lMcMRa/9TnDKLhBkbMChd3FAa//my936FQKs2sZxmlI7K+QlGLHtb16qaMrklKNUJbYCMOf3RUhswT5/Gbx4OaIV1niOYfGdfXzLNosWdBAiV8vB43VR1LSyUOQInvBfYJCaZfS+qqUNV0ac/wAsH3lrUwOTMeAQTA12tdULMeW4InfsZ8kEFNtTYqZ5yRTTbN6qZW5oNCcTCk+M8Zn/6dVJWnogMkincydyu4Ewh2bUeXjeTNxcfYEYuKN0mSlBh0NlmVPB1MjU45TBbKqTuA/SwzbyesqKC78oc7mW5zSgoo7XtU9tfhxlgrfZuehfDkEYrtrhNXKqxyABBLIyB2q24xeiIoR517qZVfZPPEJtQzYs7e+f0oQnbpyv75eiMzk9jTy2F8OuqCNODAgu5FsMLz8XXzFpwPJVD10/BnDuZjISNKt757tRK7jgzUoB/TNosvw0Gz2J0SrCu3GniB6jFcY5pjVpw6f34ZySKwQivII8krNhmj7jx8aETOYsQ8q1XUg6GqwaEYT2wrDD9Pv5zoBkiDU6hJfC8Rg0TOpksKPStIEkE29sMF1QVhiaZPdV3zocIk5XPmmnXCRhYxb5JivlgHjmteYNKuco8apFejbcJh8lLtHX2Fsrcq29mZvjHA7HNE1oW/TN4jxs1d2umqlB6Nk7GbYVy6VDPBOzvlF7VAnVQE9eGBfNWMKaUBAS2J7RX0O3Z+jtDb0aqyk+okLeZCiY9ahlK03RDGx2iBfa/meYfXVPkt1m8ezsX/pp0uMGAcuhxmm3c3uxI6fgE6tmeQFDiY2dWEe66C5PLHQSprasl1j1HYeigwxSNMSQvg1ssgS1TOIb4/LIMU07a66WouW0qbMrP2xs+EPtW3lYKilWWRT3elhRtQkOtq7OJm284hwUwFyC7+LqoAx/NZOKbeiIyM+DGOQcpTkXBNteWbklYTeFF1RDog4PEnJ0/qmlmg5ji4y1N1bHB8+qMcuWvJeNarStaUrd3X9kUeJm3ETdaURwM3yZQNmkng/4sk0tkpDQYNRQ0GrHLE+P99/97FHkc8HqrJRrlvnu771mvtXBZKwVYFbAp4Fn/pobvbm7aRLDThsDzV9wX1YulMig3mQWbPJhaAyt3erTOzTN0L09MDs7TkYBNKDHWpcJ8MB1E5Wq84W/zrD9cBIUPEg1RFqzjrswm4Bq1TG2DMg8aLpInmFjAHMdFBb7utkWEvCo78xNAxtg5JnSXuklKTXvjnBfbBiaPJBBI+5MqbO7zFLLdHsxfpxHlKPynYoe6XaEBwPodHrlLPHtdaL6iNwXNV7hEpJk0yfpMEspyTcnKf8d0EWNZ5XKrNosPdWRWjFBmvjaUiojqTgF2ZdejK1g9cU7nrZITPVo5HZMuu6xaSZsnaNpIi5bH6VJS8UJRpxPU81WSkzPad1bXKdL6bBuTCkvX4JaqPSe05qkcWZKx5Su6ACempmhHaIDW+z4VLJW5xAPEBo7Ko+AsQLrfQNGhFJoiSK7xG42CnIaB1R4wzdd6oLZoqwz1eYMeE3PBGNuDEj9O0ETme4qZwXl8dee8eYXzKivlAW0LQVpxTIAJcNT53VyNAHPCp3wbfXNFZI9VoA01eoEBk3JPA6zxosWWSQH7pvqhAYxq+QC1ujMZnnTc8kbGXO59012mmJ2KfXf3t5ZP8KBenteYWoWSzkmVRtydXMFWWjaF0rhISwA2eYYpR5RrvalFr19MGoXrc+TxR1dBbUjbKxKKlmy9D6LZj+sry3hcKZZXA+H2OSniajmoBrXCSU90m3LwTG1XrNw82uhlGu+K1o8DTQdBxgDT8C7M6oLJe6D2iIE9otn/HwrIqxT+OxHscaN5Zx1wWqnus+MoTrcdTQLTPo4BIfhVLBsUcQoVSxsFLIw9cFLeOqGZNlp9podKj9BPoqZKkEapHlB0BFuq2ovTv3NMpn7oo5oxlnbxof9BlJlDagzo4aFStllbHKJPVtfMToJofh7sYKaMk9YfI80YtZqwjCrOWynUlTzYS1WcnG+4AqOZoDFY8hjV42d8peDzKxmVinlX81HuP3q0zC0Aa5dQZtn/e8+kbRo4oebQGfeqptUlT3j3s6Qnk6CjU5qE0mDs7oplJjJSrb/mGlZ4T4qSs51tJ0kXKWRnj7x0iz0ucDNoiFI9+C8fFQSu5f2Y5VNVprUSElL7nL4oW5CGqf4CM/Eopw31ZAkyGOx7FAPn15X2w5OJZoGtGYVJ0CODGj9UxjSDWR1cW7I/Sxn5cNHAgZ0A8dYTrE6d3aGp2rfDaO1ANAgVWHOw9NUZPbhqXamr1L3Pfcy8NY5pky9d/hME7FLdrzwTw3f7sBdMm/SKdrcEfvOw5rNjUSwjNGw3LvELd6a6QzWGBTpMfKRABi+DZ66QGLScfr0U6Duwm51im752YjSeEr03sqYxuWWbQjK0LsZMYMoLIVlZnqqXDpO+ab/waCWfHHsjguz01ripxCe0fc1/hEi75hQX3UFpyVjnPis21GOLRh8lKIqO2opb8idwZPzhm70ct9Ld5t0JaImFG1VKaip060M+XIu3exBSsjCiaRkiVDHQt5OCII0EyloHL1wia2DO0NmyYRlPW2OWlQ43s3KirSMRnE5abxROq7taUaatFfeWxb2+gxGqVV2GOnOTB31Q79ZhonNk9RZK9WYchdKq2gZbr6IkMaz1emAm3JkUhYlGutCzkaDYLNzoVCBVlEAoCb2zq8i1UhR/1Qh39zZFJ+uLfm3KI4wO771E0GmKXt7qHeX9LqbztGukGIaFjcPMAMRjSatvQWcwN5QnuV4fTGdBfKUOjspC213uCTdOy50mZ1ALLrRNTqquPSuO8cPtwUm4g2fNGl2jVXhd2yM/RZiOkrb3DoXZxx9O65zGTs4KHEHfacPGSULnv85rm1WrCZX6lPHbLnW/xSiTv8lh2KRBZUXiFZHz6CArKixJdpfM8+jW+6Ia3zg4ztzMKooz4ekToGJyGpBbBaYU4maMqU3BxVRlUlaAXAcRWuXodLOzk4l9JwMBnGtghSgEDncPxaL2/TzUXH6g0Wrclxh5TOydg4hOzJCLDvh2ZlkgUI6tdCuawwG4OnmPLkmOlc9vbOdAnP2mMzCewma8NCuEgwpIn0GOONlpfORxumdUgoHPIbVEwId/B3GClcwkBNuQDHJ7cX/2i/WZuOpR5miFJR0LW35l3VAmqsdpHtc96nc7PkFQ4UZ2wbBxqriOfP5VFEiyG6I5uEXVUt3tTXljBpd6SzouY/18m5DYcym1Ia9rhUUUOFBMk21KOzikUeu2BsIhUVbC/mY2I072ljPkThB0cN1CckQRN/c+Z3CcxpcJ+vdOGDvNiHndkZP06Ksn5Uz9dxIjdRJxlgNz5niF8GDiH51kNq0hae83v66R9gdq4kVlG0hXou8lLQUPfLVJrZMNZq+yFwLFZVjEsqZOIQa95HpxlT41og7LKK2TLPBLhwZo2ke0OBLAGbBWDMIcwwds4/O3aFWCnQdP2Za2FiyGCKGFgTDMG6WLJKaD/ZfzI3vnMLkZ0ICTXdaQVOGq3tRJQxyOH5M4DSEZJkhbcay0vRKM/BKfS/b1AtnGqmeoVa5g2+PZ6TzEUl7c8fObK/JuS61MXNziRFtrrBuO4seQBomzV+dHxwYBqjQjvUwjZYQB2T9GZhrvNKU6t+0xk/zdVNttrfaKVQYhICs0+JwHYoj7kCa9OG7BMzjGg9BIKb0ZMJuMH+ykLphYeHK/0nIyqILt96iwOzrX0c9+uWfl208A5VFfebCixDJMfSJwXLAZTWEnKsFgvNXxVU9zpW3xdLX9QyAo58TJvDoO62qO1sNvt1q4A+seM1RcazlzBIx1TGb7eMRbVv0GSO6pbFcW7uSQAocRR0fVr5Pd6/gCoN0xIlqS4DdlOJlA0Q5fcoryDrDQ7VIiW/MJaZk+Z0/ZBQIku7ia+Omkk2PTd3Dh3WtCNn8LMS9peTkMW2iSVpciUmoA18c09DhB3/9KkhvkWsWlbitkzRT7n3O/RDYHl3bIvFS67EMgBjPQeuS6XqyJRXS9zIsNOmU3MmMeNZb27LN+Te1MaSzFIybPNO7zDPSuvyGfwQolnE3e5BN4LSs22MQR4QZUTk/cVKfKdp1+r0srlRCTPSZgyzOcyWA+OLAZCfE0WQtla0NFg1liGZiuAcwRmrSc9c3kMhoO2nf1IV/ipN4OrZpL0u6L/i8f0SBnZgLHfkRZAZ08xU+9aL8279sYrK3pUlHk9zQDnGdS7fzUc4oUIq9cbE/lMcqnNzll3TCANfpSWNZ2KOsadq/9ULXGiLC/cxNk9nmcxo2Qqb/SorKtQ8KKxGS5E1FTBCKdi+Aa3nuGr/XCkX2pCUlx/8gx2I4HE2ZKYEnQzaFnkZ8UaBCgLPXCHrFIT0ksjfvvLTK2/1uLeqbwooKbMhwVqYzPT93xTtoTcXXWcNevyrPZUomZeljBEetSOaX2JR9yReVPWrcuYRyBsoui8ZTGwXaY0+BQSBGNVRIhb5TfAX2xWphnTJFkXuLaCaGSgrKaKCC+qvNfRc30pFnohqmQ+GQW479tqcKeaJUp6Xe23npMkGzgmbspFDaS+5bNUhk4sb3wJQZWloFPU3Zw9rhdqs+6nUGkalEksp+gTUdBbf6biDEl1Th23jZWTH2yiCKQZuvoreptN92U6yHJsRWr03Z9VBIZ6o4EJAdK3qx8OEFpOp4RkVIU+TZWK4zXbXG6baxfr95k5pe/qQQeh17zHadssFWOOWArjY+cU5hSIUWYqKTIcPc3SgYp1dSSys5LIuk3eWjZTCNhvnA6/Ng3M4L4qJw2PeJKNVTKQ/3mRnTUdBiD9gIksZJp2uMlwNaFxyZH+7AF8ZQGIJ6br7bwRcxmnLHbrMkMfSbB9rRhiwyJAo7UxlBcZrduOyMGzoBp5V5WgoJdt1mQFSJsJ4MwKCkWf/TuTJTW0akm+AW1uS0WgJoPTfV2oAMp0Aa10yTkMVAc9tebtu0XpJ0JlQbF3DWtAOvAMApxZrcHe2J66mBdcD6jzMJCnUfZjDW0wDQ+GBYxwpWcvNwRglYBXXr7XR4NoSNFYiPNyMOdeS1iDxI02vFnWaqKWUk1kHMml+y37zGGEfpUQTu5BOtNBBogxbq7NRjEQzYCkldECNMPBXddUvO5fpMbcVQq2mCFlmcdoVtXRHJK69P/dq9cG9v3Bm8K5PrJLCBny/116Klu3OdIcQqBQSH9RiYPGdpUUgxQ4bReE1gQQkjcScglw0kp+InyoKXQ6dWdlRTUrj0zD6zVn5C5DhLJnr7GWQEYneAZu2IMucx++Gx6Lag40YxItRySmdBcQpk7BRRcAqEig7H7lvCmeDdKYMUAzB813Ae7GC7McR9ICs7aCNXgWVUhYqaK+LEWDnFX4A7pZ4yQcM1VFFrkv2DdUR+a4V2DrG966DjZgotGlwvDs7OoiSK5Os4pbJMUTAqAW7wTrpLcAbwv+ApvRMfe4AKUPQvwF5yQPhjh409zTUYpmR2HPIVtDsOcFQW4z3gV3Hb2vfV8XBV9PPakIpB4nJ8X23jYx/hXIdrkmsaYcoWmof5jMCFa6fwBCjKS1xftur9aR/mQYh9RmhkIUgLcXzykElDv5S+6/oZNflaTSITxBt9WdgXONiXYjtD9uu3z68/+pPZdKQ6Ld51VqDXsV99edPkpn2q1xlTkKbmwRs/J3FKJ8bOPJDq3TP99vvfeXv3q8z2+pUfTLcQ4LlGS263NyZuVPj8+vabHxkKa+RmhxJzDWGOF6h5EKIuvIJgZ+yrzt/mDmA2UVOdedbB3HS2m2y7Bu91ILsb4ZjSimxJiLMYorlHximtxC6Drk7f66mvTl8kmrdvnu68btJ0zMDW3Wwt6nsC6p3s1E/OMoLc7qNBC/dmsA2WkiOlkpZs+VI1jpVVMFtlLqNE8VEyToRu0U8p8ZBfk3znh17d2/j6Y0ZQjmmdiL1KgcWB8WenIBEUmk3AWlCT+jpXwc3U6FNvqescDH5aMpaMhGHefwAo2DtlCU8xiZurDVwtVDjMnF2DrFHfLG3MDXKom8et/9y8f364vzRC6DzE235oem5tZ5B+EkdEMZH2mzF0h0z4O7/MCCpEKL+AnoWiDwxwxbGG7GlHES5Wl0rzywFbtcJhlSwrzetApVc2iMe3/Mepj2ZXVqHbxjGeM+aR2hyjPQGOzePnp5vCnlZ19cQ36cG+nwJ7evIK8TsuePCkaRc6GmyYGWJ+9Uuzr99/v9+7aJykX82o1HyHgIVdPzGnYzS1MDUvDrX3nIw55KdXjzdmLAzqvC230CbedIKC8QDSOg0vOzXz9dQ+aQBk6Fdvv7n/9ICyyEmDBs1xUSaBcHDjOJtk8Dw0W+DYFOrBAxtSmOB1mc7u0gKEWCWzCKJHNrwKWTWa4GUCOMTL3XtxJDBbOrV5tYvWG//8PJAZsyNhCpny+ZTknEh/FU38SwCSRjOC17dWCr287rauyOJeVZzPDeddmNzrX7uAqVt1kuYUvbcN1LOLrE7nW3fKfYSJ04dHdwaoX2zOpDmFD1MpDSk3WvrQ7LTyyX91ws0nvnp69aHaXTbU4wRfwXBz7wdEXr++y33Z2JMtWrDP4Y7bsx9vYZ/b9zzv5I82ZHXZlFj/nMvfvpfcPn76hH8y/d7ZIDBkDu8MYjYNYTVhPd7J0HXB861m7q96LRUw7dBw8HHfDDL6hcmUPVeW0HGoJyv9mIZi0KQ2+r6+/dISuQe77vZTWOUwmtSzWoDH1uVdXG+9KTOgypLUyUWWRiCNuEf4tl8KNeYYgsKX13Gi0Y0f/n3nRwrptpS24KeJzDQtgZrS096+f/UOZwDMhaLaDCJ0rXFY2ZKCHCNDzLx7c0YUL1YKn9ozDlBRpOq1j8/3sqlzj0XVp35bgg7+Ldny2Rk06S7oWjKYb/rkMVhjJ8DuX/vZs/WMYGYDsRLmRVjYUxSA/JFmbUxzkgVKhcXxIYqeGuwo+TRPqn2aruHME+HhMX0vqhXFX7M0r187KBqKkcyloL/24wvQRZ3AzCmCozIo3nqy4tM39zdv/N5yN8s6RfdDDexQD5MAzyDYmGKg2HsLehtc7/4H3xjw9fPrn7x5/8fP73/spuItQ0lGOkDGAKeIyGmh8EMKZU4QiiRk+vvj55t+Qi/wYURBm04D7VIQSCnA1deVViabOlvEZrzMQ7wsqGabEY5DihdFY4FDplGWRWMNyAm+9tsOdcY/TUYNTr1YoxzUlCCTdoKY2dmPxBRcbFQXgvHP5Am/oiH+Jh+1eoEyiqjXYpxfcJxQTtqRtz3chjn0ETBhjfCrG3X1z3BajSw6TS+VtsCGw8qAthe22WaskjJRAcdPLdr40kBsC92mCDrRNezFgQxE4lVybo7ksJZMkRF2kCkOZZOWyjJJ8K+/wWfiI+2UV3UQzuYxW8GJJOwdHgZrlkfpotUW7tTUjAAla+hT3J/dWs6hZ6e4QjsXociRY55idnA4YBxUnll8HQO1P2x5YWY/PBWedn3FOxvhdw6D0oStrphAkdS70puHvfn0F3/4/rd+cPv8eJ8uTR5QaFiXwwk6stk6eS1/Sa1CoEOQnMn//k8f/+mfmCkSWkDduK8O31Y0W/K8e/Ppr//KzQedpl5XL1sQi+78WIvOEyZn6k9ZezpZg+D9w9N3/tyb7/+17xskjHGtjz10nc+g3qyDSqT8zk89JuRlfXNRHQ3DWF52nFVbwag+i1zWnGAaubvw13/p070JVzPoY0i/GPXGz0ShfHj96l//sdhWkenWOP2pizEIdDouKnpK1i2c41Lwlsie/tJfePvf/LXPP7tnIpcpuYJZPj08GtiLg2+eP/+z33n1YNrbO+E2drEtWY03uUsMNwc31GG61Zaip4O0eXPz9Ed/8vzHf/jq3R20QXzSZWbtfoqYx97d/elPP309lO+ahJlO7GdDm8eofv39N2+/sMpehqMRtxcnzd1hIePT0/d++Pkv//XH+2/MefUlqj2T0NzIre0mnO+e/9F/8eane2mzavVCNOtoXUy8+6LFtVcGNZl0Y7jyzo6Y442f4rp7/PrT49/96qWdkbEQx8GMxh40b7/rxKMJaUy74wGF/bZ8mZfK12zvKKHtj8cqAQZHC+AA0tXAyXTbGg+cqPX815pkMnt1yDy+LW9uZ9qFdH/E+Dfu3I5PZxVCY7OPCnYB6+2bX/vr/8a7zx8/PzQK4hT3T8/v39+5lc0tQK+/+OL5d/7unldoFlN/6KY0nKeIOwyfHt/eOEOgJmnjQcZyDY4l31//W6+/+MHrp/t3t6a6MYDDlMIM9/n+4ebmLtpiKnOcsaPem7rhyVnt1XBptWWzdcwsJvv+5t/+tx7uf2OdlE4hjE+VPiWSdllkfymNk8/OkXSOp6fv/OA7LTo0V+lfET371a5Zcyv9SjekFddhZMccVhh//NMf/au//w87P8wfRalZevOHTt/cUvj4y7/5Fz58/7uryTgiBgjIwlEH/Px7//i/hi7tX/kdg09+z8BThpkE+ndvvvnTn3WDSvnIGZSrJr1rRe06HBSPb3/wS7/0F37j8+NHwZNShPeS/hjom5m1a1Rx21Zbqhb7hZzPHaZXVGOeXWkewedPX37vO3/t3/9bnggtgFNAluhnSTv50kHu3v/+3/svv/r9P/ZUJEtllPVLKYEQ9nn6+ut//ff+vpukE6U7xyQwdpji4f6bu1/+c3/jP/p3Hr7+Kfd2gSC/IfDZ6Zt+Ru9BCfilBJg2hypSk8rz/1QaRplQKwRsXSuEUW+nNtmnAUbr55/+5PNj14t7Lx8Terzy8bF5LR99/vH7d88/+Bt/5bb0lffFsHe/vnvnhEA//2Q2/PGPfvL17/gpX/fGhCbpptROyjTQ5PPnf/1f/rYliYx1rFqvWDzR7vXnP/y9n928e19GbiIsXOurwKIAPGMt9KZwKtuZw6bLujNfpNu6dbavlTYjDMylfQbPFP0xVx+v4Xy8++F3v/eXf7Xf+2u+1OLmzfu7jFNSe9UE9vWfNOvsN0daOCoyCoxIskk5S3k/iseBhMXlnPNu2YjRKBOcgGSEjFLpsIgIVYGsYf5IxUNfNJCjvAIVR+JhpTUtYaLw/qbX4Wr3KA5b+9vQJT1GCS+X1F3b76joyOdsF1WFaB8fbn/57vN/+FvN6S36vnl3t3Qsupp2v/l09/bdT//T33710GWCXOZSSubBto9Ort7e/t7Tl998/mQa7odVmC+rjPdxFRt2fHm1cE1NyxhSSGPMu3vLZAxhODtbExTMy+dmj6MhgcIAACAASURBVMLmp3/4LzNoTwQ5Yz5bLK3M+4UCv3Z+5YFUyo4hAzAMCSoQVpNZCj2VFeXZviodwcoTXZ0ENCCvHx8fbJl73R8AdhjVJSD6AmLRV9txDH2csdPtKS0mp1UfRxzSgdECv/75Xp8yqSl/HXAXtqTpVxOAdefQ+qihrFQfDQZjHIIxdFQoXu2VRbP2zKB1x2VmNAfdSrMb3r0xQHrLmb/0/jucu6mArp9H/GA8AJibU8DqB3wK/Pglrm1Tr3yB8wyxarBG0KlzvUbhy5a+7BTCYwkVZ+fn+DPQ2lxk8RSSihZUc+g5OHrGbm0yf8BOwUTYrXEdrF6S9D4vRAOiJCLlPNhNkTOb7+nUYYFzqGqZrotPdBsBwSqZlKJM6xO7lFkbRRjVwV99/vLdpxu5yCDYtGkOYdSscXpCpIVjkK/OredIShqEXp8aYTtByxeNp3DrNK1041kkDEMxER9/5hlMIqiiJaT0HHI+l3NroZM+vnt+83T/yaCNkjD+T219D40lIOucvmp9cBZEBEx1mm933DNPHkYqDdYp0otIS4DvXT1MMNHddupa7YewOJNp1Qc8qZoypZJMlqdzXZNlzXz6SKe0sSq0LpGGs+F3P7y680vj77UH0mveYHobzev7p4dPrx883vqqN7gfZK2b2jW+ObmCWSbMfp2BnFsimu1O3MKDjPuPn/7gT9/evjdv1OjzvVzQe9jxz6CQO9mAji78o6X019hXQq3YD0Df4ahCjSHG1QNg+DT4zhXefLj7/L3vv31y03orCZ+7jb6LGOZS+dsU5GZXEZz/Q7pEhFMB0CVX5nn1+lZsNVkhLrND1QWR7mjo7s0ff3r9U7q0+tNVWiMkGN776QFpi7SPj4a+V1+Ad3JcYyWHFJziKW4ZPps5Mokz6LYePexnxC9x0yh3t16xtlvkWyOMlx1p5Vgz3Mg1DDuiKfYzpJkDtXINBkm00ScnN6QpYfDG1wmvrisunbi8/+LtnVk4BGf0aXJ8ywMfgl6nePz9/8IrwAVUS87ddpXzGUlJ55Gi5eYD/oVW62EtaazlCJ6f7773C3c//BWdhEmB6tpF529DsBjBkFqglfKCr+o4PPgpAoedmB6tUxAE6piQ/ODf+MFs7uRiqh47+URUUWY/XJT4F/eCjE1oaQpuFY/wLgL6IgXb+n4vd2gtTXm2I7yZAYYsWEMQrII//+inv/8HfyikezkI+0j4pu+Mw4xvbx8f7r/7wx9++Qu/+PnVQ3IlG04QwPSbNQTVH/+Tf+7sawhpuFsu6DET52Vt+p3d5zzAEgi3tpQIv9P6+PC9X/qFP/ebv/Z8/xNhsAlBDu9WDnbuti39xRnp5hRanP+TnzmL08K+eMpYuMa3eMkDrgRa/H77/s//QG3GdjIBkvnsPFxuJcnvDNtqzEzSnm63G2YQufPhZ/d/+Pf+Ub3JosvTk59Myt2jf/Pm5uHx42/+yp+/+/6HTiHLHJA6Y8kTdcNcIl4eEg5lELUMSx+VOrZHbPiLin2UBqkWWZQVa9/HjpXWPN3fusXj9/7Fpx//tJ+5lY0e3eBUhtH/4bSc8/3vfPnn/t2/OszwFPdScGcJrlDi8/rNHz/8k5+J7ffdSicmzLo2+0h2YxYoP/0ZRbo26oADhdZZaWiy/+r1/Ue9uchdp64/7+x0sZiO+aHqYm7ACxLHhoEFOMVGla/0XFFSgEKKpJoRpf4sFYeNDKDH89XT3fs373/py1fP7zu3xAT+YHVX4BcfPrz96uHTm3/GC8aeTnm0lfwFcCE0dwTGpXAzrcbbIya4/orWxLQJGH5Ki+HIcqe6G0DSEVpBmopR1wQhJahJhau0xgVsFhGmHU5MDc822oJhIx+4q6jDQwR/xsb+RMMsO/7oZ7girj7QjfZ5TFB+9/3r73+BTe4fdxnw3Y0VSdfKPz3asVgE1RbaS24UngfRW2Ix3P3+q/d/1OudTP5daRclQWFkA4mGOsnUjzrLD5y2cxlVXzsZpWz4ldXDsFets9sXcE8/+6M/wC877aqm/FJHZJpNSPBZvxQvsawJy6NPxHRXOpvH5FvTT8Jx4khPTbDbw9EnTq/ffHx4+Oarn7Y8sZAMYJFXeKw5PxPDI4VO7Y+fWBujJPrK9ngGAKirLP7R+BpN7ahQHOXbcKTOgHLM2opETeqm6ekSaiyDu/lG87MjKx7JXaMo7MfyBEcCV1bjIyZgCvUoc0+UdvzXv80pvrjrOstaFD7WxKziRN7PRb/zTuSH+48mH60JFethGFfgkj/Zw6VFzYIS9wxBFwSp29Ex61URwginaX3i2gZZlgqx9uCEfIzqBg4uC0/yhB3ul8qKJ2wcI43PmNqZmQcshofzOA7L1blmniNnVsmpa/Pi9Lg0XFGozsZQBUD8YtNtIDzV3SsIx9hugZdA0f9k1tjIv7iq0Qm5TOYom8JeZ1gvGBAflYkyJGaGpsbGePWdp7Ve77NT+8U1QeBa+aAubqy/ZQ/TrjTTlpQgw7NZamNtYou+HJJPKSDYsY4jwuONo0Lc46kN6DMa6pVoF97MUbO+5KOKpO0u8KrOBHVpizK95e+YuODYv1LexICq8aKVqZm73FMIS4Mt5NC/BIHIivlyUqYONmPnlc+f39/cSuyuaD5/+rgFdf3I1DhDUeywzlb+r2MbBGgRwuxWsbVr1NPXPHy3BMwa6taZ8Hv78PRgpZ5nCu/azfFTdckROzlkdgFQw+5JdjUoM3Fgg7XHcTKWlzFlHOmm37Ztlu+JXCuIOqeyY0otu1DQ+Agh7/BVTwiY6mXDfhTimml1jpEptECPh9m/3S6Am+GIwNxRCMzNDjIf2zJN62RzFcNIjKmczIJ4QOJrotkC1qyX0WGsKxQ/6834ilEVaX+MSpyzVQm+k0DxEOa2+Of8zI5hmlXRLgDm5HFJuT6Kj5T33Yzb8pJ7M+7cxeEMVjtjZP+a+vbVss7t7W0u5aNuYzFVbh0/kUZAl8PVtBxNWhm8yFeLMm6kOMl4lBIFrPlfs144qIMU4IBk1TyRInaBrmAevz7KWsO+8vpXULWjijZdGrPnASFbKdS2zylA1NIumkROdwjHYcL5mTNkEzyzc8x8EhPZBOQqqoDH8oiaSBywnQ9/8f7WSQTrfDJzdUZhaH7rBidJSnqZ6crS/BlmjgOyEWnmZjxL/vXKmp5z6XJLCcpa4Z2XCnS+S+PsW+6KUARQy79s3oWaj1EXCqjIqCsE0RmJvUR3WjPEsZqZEcUCGv+1ulxRVo3LhOmVC8nEiWsyprkMHJfzv8EJsMSm0hr7iC98DU8fvviwhTj3fZW3umaeWNj9CDSzW323Mso3aVo/cju9s+ubW6njPAXBK/NdXp1T5pqVhqJm/KBmKtlJgaPY/Hii4gwYM5RzjVrVHwv7smmYsxMmLbZylNB9+77AeLxnwVY4tK1zM6yVEc61RvD0+cEMXsm5ZxsKLbyuF5tsAIiJNdOVLnGnZTYArnDy7OiNs3AFPirkBbOWpLEYDKd0uly640o9li2aOKd0B3Q6OyAiE5Rxs0b7oVCv+YwCT+3GrVkbfzy/soKrHfUEEV/vbE0OFXqWMptLJNNbrp3d9T6Augv7yPZw6+uOnZ7uhddCQTpN5FEWqnCSGJp1zlklLFH1OceFqLQwMyjOjiMIevpGGHVYqrfT9zFbu2WJFGt8zri1Tnr/Uh4fXr+2U3RVVKZB4uOS69WkZE7A5NMTF9JV57XFi+7rWB7ycyQV486PG1ETrlBaxPax18GWEVKoiFryS5OQTnAfKScD5j0wwl0GnUmIY+i0bUVi/tWuBumPVLjUc/g1x+SvrFtCukYIjW1gBWxtNhbUONucjyBVJ8br9e1uq3xEmALhP2A8HIDKSYew9NkgPhuW7CIehRajyqThGoDT0mc9MFbNVsKntkQTMQZV1GYNx+ZqP6+f4qtd3tc8q/qeaMhWmukyfl9jFuOIojq0sepwaqFJKJro2iIy89+0aH6SoxoS+AMHa7xu79BVt7ITT5V+UlNdZj8mEkvCKgEYpN46SXynQNiybBLhyAdhsa1FmkV5SsK9cMcx4IcsmGvimK44OibOJeO2Ds5HRImasNOG2Gw+xkpqCk0FF7M6VRZKnZkvLLNu4aqFelu+PM5bmf3oj9w8HdeOLuaNDnmnLUBjGvbWX401m2xrhWJziyJspGGoY9ViKH0EfjPjDXWBj2YRqf1Rj2OkS6TLEGK9Hm5KW9hO+Wmzo0aFJj0L6/KsO3y4BVytpb1WgssHVJBunWrSvQEwo6CoddboiJIFbPmvgKgi2FVF2d5lv9kiS3SFqF42EU0M0SjpZ5218LDjhmRjkZalNTPyvgV8QCLXCZURhrWM7dv/GUJtpjHoanioKCFxp5w1vq7/ktVzSWZ6Rmhr672qsZhJyemshQyTZ0wVaYhpgZ1xMhFh3X5zVbBT9yZLasODxvy8FUGvnZ95tKnbN+pltGZCsbRX3opffts8rgF0aOPHGCkKzJnllzrevXlrRmGVzu9G0zMfAcLkm3ZkLrBJC/xpmt9wiS2JU4HHjnEYAaJOMoCyuBsG72RilmKjSX9Oyhb16oBAatLVfuCIyHplDQGdvIjUbF2WAk3cSSgUhXvcM3N0gW8abSBpL2vr77N/qSXB6U9G3mwycTjTeuHVjBpbbtd+lHnMoFAwb4HzRJdfqpuYzNTElFK4p2gnebXErvPhnD2VGEpprrlAdqlpiKXczNA/rfdSo6Y2yg6fWUx32XlSmDBcFohRAhQAaUvdS/bprOWeWKNc5Q5WAO/pbNGrrf+2Ry7NTwsldfwWZWc2e6Pqu5u20jHjx2geMtg32c3+8yVdtc/iTbMYw/WHDMVgzx4I8TpdEz1dwXUuGr99c/fuxv33EXcnTLMBjCaiSHEuJJoshzMNri4a98tZiYqhOOkcm9zijiFnDHOOXRlOlbyf09O/czUO2Ep/0JVUl/1EHDEJblGwQMUpKSTEZf10w03myLgJTYCdaCs4vmXVHJTOfdZPGZjbMclsdBaB+rQWb2/dGMbVEUaSfwoQ8yBJVIAxAfI6TSeGhOhHzj3rpADDibnswDLpg830PHiGrjY7DDdqx4aDAcz/wNWo3exLlQ6OggCUvlmopSaaRJkUJmRomWfq11cDglNgjV7AxJVLRS9rIquf5h8E1w0aRNYggWldCHdR5KUBp8S32ASns7wJK1QdiyL3+tVA2hGXdfPAkd030fvp4JQJBjXr6zPszvPq1G5L+7mTVWX1mOOXjTOt+goxKZypQmmXrUzvrYTtDN0bWl3jLFeY3lBDj5Ju+3mHze+DQ2cZtUgAujUJnyQQ32sw+K1beA/kGSG1gEhN2Js9Q7CR1h5wSFcXTrT7wl5FhHNRLUejoZKTDq52800t067YrI2jlZ/9mh9Z7URa26GahMM9c840LrOrKzDNxTsj1CNtdc9Pnx/M60UIL66wVFDatDyTibcgYqA6Gk7zRh+H9YmXLR0XIb6JDDe/gF1FvlnUrkZIzc+Hc/GWtWUbCrKmzxyroCb8Xy044BGnImOBGg0YkeeNVfUVkfLlzaiP1ttzoHiU9ZhY1nFSJveS1AdSdYAPzDELisSowl6TVJucjRsVqonlepokPDbQUqfuMEfUtGYSeZbDv6OXLaXAYZrEUzBv+jc9Z4tyr75bNhm8mKbrIkKzs02bGb7mHa1fXtg1xDznxEjd8i5TyMt6xeYTdfl0xXkxkylAao2QiEyfpPhkptgNgcPwnLKrusCKy4pPTdAqXFONa7CvMcwiK6ksKS8cO2AZ65bGrnZHsNp2bfZz5PaCMjZxTtZFTpUN6ppn32mGtkbbXqRWtP1YR9ZxQ1qxN8Mp4BnhWafalsB8lrCmMFtipSW0kiynMmtWT3viD1XG5HNJPHkVkzWGF2ysigmCitemRcjWVZdxsoUHz3Bz1tYicZ1rDtrAoYCEoa9LrDstBnEv5aScdNkYVkwuF26GSKmjS8lvlk3HYwikre8GtDnVlIpPyLJVLQFynFakT04c7QR10VbwjVrRlsxlILuRaXaokTLvlZnGMw2JLWkWph7YrM82hm0peb05l1gp3yShe5ZMo9dmKente0ubg7WRID55o96Hb3aub1NqarDJ3OFgwLP+IGRMB61ywuim28iVbQqQz3pCSq5tYm05bez0W/cbvPWK/bysO2G+3j0d9XQnDZ9vm2IWEgRqdpJxvzbljk2WcCOGoYw6NJ4D+tT+nGPsPM+YKVKF+Wb9dAkkiYIwM4iU8q+YZI9ii+qNf2+YpawoEXR9L3sE8PhEOyvFO0zTpG28nEM5a+ZzYIv39blah7grOjtul5/X86otkmQFkCs7VUst/IuFAh+5OlI3TMfbnmAHoIhIaDHWSfa6WD6EHHUjCIvlDBwiju0p7KIH9eZ16uBRlJd4M3IRQFvzN2YhPp0K+GaE8PhvyDwoGbJLbQM4HImIT6wOOg1DrSQ+wbAFps9MYGeUM8wmyEdkE9721hKkJYmMOeR1LyZYNCVq6iXKQUxPhOreiiZtXljYDF3ZpJrs4ySKXwDvgRZ3hM7mBL81C+jOHHff9Ey7frq55jTINYQ1K9FexJgOL8aKoPm2m4iWA3LXuzdetpNzWbs7WYleeijkSLzRiXSWLTA3T+M+we7qUI7mj843abazINowMYOk7cbYVJ6ZjqZwzeizCpSZeGPueu8sn1X4uq4SV+SOCn63QrqIJLFRL64WLx5bhI5KdzT0cn0fBRXyJC5KS4nziQrwuktC/1LKjd1EFKYLizaJr2jORzM2+4ppNsGDxLRc70ionfW02mlMTn18YgG2gZZTeigF8SpjMuGn0zSBcCHCT2C1pmBq5QKjR9j7iawnjwTM6lmjuXFucmJTODNUOtcZVVJ8aKYD/omehXzrPUF/2SsBzzCWgFgk3PVWPPIqs4gZGQ2NHpfiKRzzBU7gNSkLFi717UTVQbGZ55REssCoKB96CKrz2LLb8So7vXbjn1tXdhpQoLr0B4+e5OpWZu6ZFFkkD7IULDAIik7tysdAptpgZI7Mn4eKxJS3Oao5zTaq1NlZLVVSSLBm1wijL3DKaB3QLKpMe9itTeFtm3qoajk+YxH5itZ+DBd7YY57dZgdR2GfGYO3jnqGdGMKezarq7/rhq6GojxJ5U2XhgvkmunPmSJAiuoWh3/OqetPElOnsf3kTl8NIk26uiLoOqi4gnI2V9CyFmIsA0fe9Sifzx5SXkjUONbgIVyvKKqwy2iza7JGEQL76q64j6XmEfdfQAuW2NU2Br44olnY66d21oCLOWaDSN2qAUKDOEc8UUnMRjOJki3KKYAZHbJsobqC9Yj8nfT0PKDHKKj73yS7EpaqpLLXz24OEChpytJBbnCbFqoXVhVWtk277a59nBuVMlUFAWqDZppEOoLwnP8hzyT9714GXpILrIC87bUHBuiBSUHzrrwScb7bO9vGPbuc2I1ozJRQI5kTo8mihYxLcAhP2ViAF42/6reNRSevtpfiw46IUxhJDabmRRMAshFcHCv3xxfpmTOPb0AdGx8K+DJ6ZYcsLTBR5rvuD+DiYJ03j7HUgjVja3wqk7TkVb8KR7OKxGSJyWWTAqWioTdgWPvuZLJCcmSpPQOQUrFaU+yWqeoX1r6NV2XORIObSkuZyYA3xMKmHp4cX1rFjus3228PlSOt0URXdgvudn1Df1oXitM9DVE0ttn1D1Gf6+c1NVZmK7zBxn7BKj1HWE0nnMpqhmmTh0amwr3CnRjVHo32lc6XzTEcWpH1LG9W0s3RlJncKG9ams6UBeOMKExYgpM5rJG5wcBVToxaTFGSngHAqAllSuKOQ0RpGIn97nR9u4FC5ZMJzVmgePJeVDWlCU8Id5OLOWKLn1qbYAebKplGlzfIwNX19pmu/mOVVdj0ZhUW6o0cTXRoZScgTh6cWnRnMvPMsSYgXjOUJQyo4+tjMBtT3ZiSQslqopJ++M76TexsnFVCeNtrDc9ZUsPAGSkV5JHFVt8mhTuJwSfbQ92UIo/OOyjsbam+anaRnUuV9F0PMTPWSEVJA0l/rsTMZ92ea25nLpKaqzlh2T7yVn0Iwo4uRaLyhVKepylW1GDckunx/wxHk06WmgUkND6xgKoAKhYrTLmYiDEVUlfgQn2Qp05RLWC6P6+2XJMdXbTKglE38qXm8n5mzxxLAdmHrIqWrAFJuDIc6yI1b3cUsVqEOEKp62umPxzfnZhkt9PyGCuj2hT2N05xOGJ9jjymcUkouqVtyGnmiEei1vzAzLRCpqanlT0KOvTROVvqrqPsMl0aCBsDhJ8IpNY6Sm37j7v7Jx71CmvCAq4VYxWvTTTrA0kl17885LrBOyQLPO8zWKREjH32iXOKBSzoTVgd4Loz7WPC4iSekAfsWGWDdmU71Lad6tIsqspxzTnN+NLXOegCr37aefulZbkh5LQ5gy88ZgM6oFYm0kzkN5iLoyJVvIUFxrH1gTn6yoYvA0SSVmh2FP3qg5ezA1cQiAcff2YmM+YNt9fCR3xoUdKIQbmr4z2/UeNOnTJiNOIztKW+db9uesHn+Z79LVL0a6zY9B4m68U7hwOEQA0TMoxpB1z9Zl+cTEanSw77qIkWSyrFv4zRC0YEV1poLCCJaWc5t07DsNVM2tTPNM9u26nYv3X5VOxg9iVc6gnRXBxVHsXMuNAP2EsL4oprvI3K99Onh7fvPbiSg4pnU2GKd4ki3cinVuGnl4fNfVP9bLBy+5BFMqLFSypHUxQTmD32/9iEfuvn81xK1d4/yIXLDtN3uihqZyNCZYvT0Ue+NLCWs8xot643dvHvvBt3H5D2r53KRWNtSMSGswQwtVKiM8CEKunae/PaDplM8Nv3f8Eeg3xa7KozIxdCHFEYYXrsreFsRGxB5pCX0pPIRFcQ8znVznYDic+YDEsLOphv8AkCHN7ZYNXu5vadVxM2Iep2gEZJnHIBsTGzLVcCU3A46qNxsZ3jOJyrpl9ITpykJaUcQZHG/l0McyjCFcVro9XMGJ8xeuGyKEhXOxn3Ek+31TT/0SK+c+VhqUukQ2ZJVbs+pMGMeuCvJl5105WWSbOZ4MHM3DRfzjnRqvGV/W2J3hByyjMLf3LXuinq2Rcha1SU8IDHTzejbjmgEbWMX7tMV+Sg153Cm4wDPDNH2fA3qJke86Oe1iOYmAzxQn5gDm+QL8PYtU3nEewQ0ThWQ0Z3LmeU4F+bgyOyersJgTHFlE//FZ+PareVs8Y6B2Tltgvp2U9LoH2sUd+jiXjcT43WStKVIQ6t/ZoUB6fuDNgZDTVzg6dSPEfRxMpebXNrrMKuTT0pxzaC8sQ8LDEmrmb+Rys4sklDtIY8VOZGu8ZhVhwym/o4tlt5BTzWqkfOjumoLi8Gc5rWzs6pXasZuOYHr5xwEtsMdmStAWXjIUc6lxRcs7P026SkxMkEGygsfpvjCrIWXmpJA+ytSNCjxKBEgYY4NEmwGE6BNEnaqrQ20ZemsjY9zRUQAV6uN4upmKmsLYJheGiybe22d/Ls7aPsWOqe8fIvpWZxcCa+gVOBP3fhZ/n8k4nUYi1DWVXShkKNvigT1DGdMPRREoYNKplY4x7M1bxbTiGG1/jQSlQUh3fdNAtOUM7j7mnbKn7WqDbjJCCR/hGhWcZObsaJw57N7bwiCuyMix5jXn7rjY21HqxsVCsMWUBZE19SaJRZ8cQYG1EG5XKcoURuapHUTmP1WJlNhXDhB0r7MWwivYE50WnfvdSbSxX+BaKZjb30NKPyliW2Ij/BiINgf8dZu7kF6oHx2dBuxU4L+mIE0zEx1KnewYQeZrhVNjqWRiwAj+YiemktuZ+8fdWAGU9chCPN6geLtNpn54FLqYKB3MGCFVk+SKoP2NRdoI70qAvjoESycHGU//7MNqvGOP8pH4/Bv0oU1OI0yjSopnScEpsXWwptfbhB3drn8+2NR2+SrVfVBg9nhsKHzVPGDf0Wfpg5kA3u2C+0coP6KhQ5by9ueI+xSOsAM/IJW3Qv9AcIM+s4Bg0u1nrIVNhv1bEHDzJYTvU50yUoAKvanZMzQ3jKkek3bUHLlTPBLLFgyVQK22JalONbydyyqowGF9RYORiyDYYTmq7HMVnIhBK597fqA8GmJHwWynafSUCV5/4hadcepZHuAtfoCcsrYSUzyiFfWYj7v+gJcp0KQbT9y8zrhGEnKxd41zAeSa1P4jsWLNcY6Mqip55aM+h3D7z3aI/A1lhDbFubx5xV0mSvA24ezOhl6sTO8aP34d82OmXhfFgpUy1zVZL8/HLUSlJ8khKcwPWxXKMIdU73gWXzG4LXI7Q5RspQSR1VM0XYpppU1xQ2Qcmwa5W/tyANBEwlqyUTF3b8YzsrR7df3FhsMvG8+fD21Tdec8IsXli7JZBO5CyPMECusw0s0dn9kupo4Y00s1/qAJEKSlbw8gld3b7OnwaBrdkATvGKjp5XoJ3DRgQN/kwq2dGIEzp3L0YcbQoJ8alQ26NEuY8wYI2AtiNWkc7nEHFa7ti7tkYFWJotieV/FOm3/C8iWovMM2JZhc86HgvTNRVSmaaYhEPrYAbEbp+oj1Wnf2aoB2NTsxp0Al7MuhTVkUpgfcpRoCrJtrGLVUzU45LcChUM+tmvSO1hjDrf5CD0YxAoyc1XHPvzUfYrcMsp9eVYHWlHDBKH/bFcqg6+OhVbSMrZtSpUp5gJ9RoMntIQqo0oMAFr+jTjKcMpo8bYbkT5QAHDhD5LKB6IlwiptmYHuTrcByJfNUrntMROYlExaZ1ULcXqUUn0VVpKQLrpr/FVdbpYlqNREIyAM0yV/QNOZ84sWaLPIKTLyNsP1AXsRdUo2qKOc/SpVPmpW00Vh4N5S+wDsVbjXqqQeirLimizTwf7sP/yv9qjWTWKR+fDlnG1Sl9bHFDs71h6AhvlanhaF3z9RbZWcOH5EtLEzBPnMAAAIABJREFUC5ESaDlsYb2AogAg8UhAIGo9ro6zoZqMuLR78a/8QIDQTLQzaG1SonCYeB/Li/HlbGbJWJeM8Uyv5fJwr7qAavpVm9YDGj5aF52pMsqav3zVviw/ctomojhHjd9oQzk4+NuN9Q7DXAU9WhtUYaW2iOk8yEJzGcrEwAhgmuUFmtGbSZt3EWYWomLrtQGgXZPSpjJAowxo6zdYlLitZkGaDVPrAIOQuZrXGB5QOWjlyTI0pWWBYMzs9TP79NBiH/RYt1WGcQ6pQ/sut2BvxuNrB6BoVhAR5IBVZK2ZS6fxumUvEnH+gDaTY5h5cOXS0DZEpFPTtAza7Ckx+aFpGjPNbanaHUFx0L5wMLQleg4xGwgwAVnmFMYvIGX2FVrh9uMdxaWL/wpLDy2du3ru9SaIlN8/NlfL/MYXzQu0BtO+y8Z5sBODJVnM8+zQNE0uH4FcE6crT7uDXNc9Z4JORTyL9v7m3r3Rn/yGgyvy+GosGGTWPuDORIVZjj0GTz8hEdeCe/kiwuCdyws5XsNqD8KsHd+csS1ls+Xxy0rLIR59LDbZuZZ1L3B2B3Mw6Mj2aoSiiwypn/ByJOZljZ2xa3WghT3yLhWhA2ouH/Aosk0Aax227J0zbRtGOo6D74QjOBlAacKKwlEvG46g+kSOy2kZk8yxraJc1zcWBr5bb0oRXGbdWxieEQqDApeU1M7szRq7smYvUO0F3UHwmhf5afAevahfN5ZtLQngTgWYawvqxao2XsvopqWQnugVWp1hlgFC0gxmXPNnWmdBQZacylPu9JTIIvcPVc1in5UyAbJNsKuICHXtwyAJ2Ol/zCuOlUaxqZV8CpWnGvZMKXBSQ71wTaJcPGIrhHchq4ivn5b5y2NzTeJgz5QC+IzNTc0Tc0mNVbKnVPQvYFZclYK1R4PtYVXmWs5x/X0aYNkUDAFf1BGgSj9U4mF8tQaiWf4m+o+PXv0pEZYsO5OnkNM8P+xyeyPKXdX8/L7T3aJkFg0PPsFNYrvxn0HGvwJbSNRi6ru+jLY2tCh7UyI1ApNDsxe8SCKyrVaxjRb5mYTV51k0pZd0w7DmubBNoqo7SokT7EiFyX6nOt1D5x6u3vfVk18LD7e1ORMw4y8VNbLULwwfAvnpm4eP39xLXt2Qhp83Sjx5xfZ+QXKapj2OBMDjdG6aqFGQxicCQctvmaOdadcsMHvsI8WwSQ1ll9miGyfHtGKVdhBkn+iTEf3YZGYXM9L+ol8tgizSX5RrNCDjhJZzcIPdOw/CFuO5ygyuy3FsPBHwSwF7dJxnegld6AzMtSrgxnyw5szG66AlNORHfoDLe43dsRVRkNXfkxl5qd5inAuGbu6oqyM2UCJqUHPv62HVGBvPIsnihf0EYalwuvpaGQGCp4pjlnNQMrMXQKaBaOPu1EApCuJa3QtPlC9WbNdolLz02nefx5CXpcOdxIToVinbZDF6fIhYsyDbXvbX4hxTqZA6Zjus1o8y0GyGDDqcNO47Hfc95rUM+4hGM/l1tAP4pUcd0XWwTqn8w6jzA/+Wb3NB3P0flvRy9KLlZERdaZlRmGyOcaweqrQTIQuQuMe4BB5wIAuSKRqX0ffd3znEuAZH0dP+Ilvh9dzoGmdrOz5rfNTPXiE/4MO4ch997y83bUOnYCaoZgH6IktVePzVkcmJ7YTUo9tIiN3ZdlB9mPSE483j+8baes8w9cElxWPCsQhOaLWMJmnJPpIrQxAAsyjZ+/Qbo2UltiYD7fTJtOuCR81jrqZPhzDqlNUm+ROyZhInMYDkspx9NNNKcZ/z2RruLrmZJsSHIrusM5ONffEmg3TvmCYL3yO/Q5zklGZ74apamj4iEsNO3dPfqfXJ+zQfa5UVyD144JBPSvP12l5XAfzlx+Y1dDDvEMmsnjVD2kE05M90dXmR/9lrSVCYZnvgLKvsRBJF7jlfoY+Fv1CglgP5z1CUrlWVicNJb12qBVTyW+VucC2dpU8e6icLmhrHKu1daG6aEvam4/HIujjRUFlU6rQ+k8tM3V0oXSjQfDl340qPIPTgrFMLOock/FRuZrLcgqD//TXq5+vp4TJ3dwB7ajMxXgPqUYD2iQWCEIQZCLbAbCToUaSkqFCcSU5fyLR2Wx+9YUmXMnpYE5tsTPuu23SVprePv3Oe4TeJQvu4X626UU8sL8j1tOHAic8cyqmS9RoVSHG2Q9mUSdOwNbL17Gkno8NQs4Dh5TODaVbVEDuI7dFOY+Y2xWhtRoz0urWGeBaiC97myqGCIUUMggJYdf+4m8A8N93HMyOcrdKLMlhk7lDlkXlABu2F6nJSllwXUdUkzOdpiS4DhHxCfC8YpwmypOBXwpEvtM1HRbZyRhST46TeP9bSEVJNw2gaugKfu7OBqqLwtV/M0Ly199rhCE32CDgsOaBmCvi8/5GtG2uCQuuCAlGRjLQiHYRPs6LJc/1gfHDUmTIMBIbq9EiBY9PaJfTU2km7INRNxBwtqqx+vUPV5v8HX8U5puDO6IzSYaXt0XW2YBRSu7tPlWkwExSNZR78kNUzwk8nIsXWqXKS69w51ccu1FMKTYiOA/FMO3/hXkVi1CvTcrDmuPYFWCKDPd0AQTWPT3HUZZpWFrDgIhP40hPj+8tDplcaz3zzvtsO76yDoH36KLCiwrpfeiGiG4HypH1Qwndkh2T72bv5U/hVba5YHVJsIvKn+YhXvi4KSVlvBsbWC+nrV/5blb/UbDJduE7psLR1lNnoQKiuuZKkRTBO/IKC5SwgxC1CzUs79O1pkhEShg2agD5/evj06dab713/eHr4xtP9Df6fev9rP1mXG4Lben99TzzfIjWniVWUQvIE+1qEEgrvRh2+gatX5rWh04oyAttREbXizGHzwQO+R3xKMG9HCQfOd+M8sghTofPBEy/NXKtPSs3iyU/AdlgQErGDEpWwyWTjzvkanXGqoYUZCveSH4a1rr8XSfa1UaStvQK7u8RmDPvqo848NoaOOoCBajCsbXRWixjGmeeWAbuWb3xsKE9CWOVYrbpltxYYSfVxg/9IyIp8iP8BegLxJfzISHLhO5YLqlVqHbL0HQFxwWv/gNeCuev6K0CfjOyQDqfxINBHI7ae1u2PN6pEELYmkcYqAVXMOhvSRq9qPn6xWVCom9oMMC5rjKuCs41NLDqcv7UK4QZF5lKoqWPD8yHLUEGI/fIjX7LAqS5PsFKGrT4XMLW2Ok+WLx9vPhXTBViEdn3FLhAVpIPuRk7dVJEAQjNlB/UARpw2Tbtau539GqJqENm1bXjA8xyqae/6std65JE70cTPfSPYBwBJn7TaXdTh7KCqzBT78x2Lo482lb8wdMQ4SCk/5DP2ev4o+1DePxJnEPsjrefaqVb3zqBKFMSbaaUhD7ccDBMxMapzdfJW1cDDojOrghxVkEyaQz9djpTXWrMnYy7hhniEw3pJj/rXakGq4bJZzDWs/xRqOW30feG25rFY4RRk0oJj6pQnUsHRsM0dSdHywp2AY5d4FHEdltSMAsILVjOErEM+Viced09tiS37pFkci5OQUrYnBNOqYsh1VSk/Nczib9HNeM4epLDmpKWofgCrtfDApSyeljzFHE5dQXGh1wsibhnKcggbvpNqGi/Keo3qZ26LszlITkmvOpf54P+frT+JtW3b8/yuU+y9z7nFey9eZERGmQXYTjIp0naaNLYlY0sgkC0hQwcJaCPRo0GDLk1o0kSIHnKDFiDRASRkhBJhsLBcZhlZRGRERsQr73v33rOLcw6f72/MfV6ExNx7rTXnGP/x///+xfiPMcecay7/dGIVuW0nO4loALUA6IvqmcJos0TR7Ncv6QBBnVkpLTINLad91l23NWWT7hbBDBTybCPB61dxpK4p/u3L9/1SB16tXs27hn/6I4Yhw2Eexz5JD3rgxyobdpEFtgp1VSYSm91blw3D7pyBNEnAtxriCYxGhdGrNz1BmynNiIoCwqySpVcizzvGgCmwZaRmmUT69vIb9rn58sXPXjy8/uKzj36MuK9AeOzMk8cH+vUEIxB3LyR22ZejUrteAL1Ttfn16NRTncpfRJR1eNTzXd94CGJSr5k+3ot5rdvLFIwRqGKuDxsTM2UBt651CLjKXCqFxaOrQ9Y6nHK8uukyy5nJ9EH303mwPbwmJoB4lTmQIEpell1atDuxF5LhUXFRjVNcahLqCyYerK2sMK54XBwmwdFxusOjVzasZShG01627CiXMJ6s9NDPe2vsG5OWOTejzO9+CMj3WLDNAp0NJq5bsZDiH1oZbI5qXjeggrUS2k7t+c/+7iSarNjFptnA2vCBM2T3osyQ9pucCUxiOnUQWvULokVPn/YIpgeVmu2WUII8/WeFdM3Mx26AZPlqruZHEcUZJ3arCPO8EMDN5lWYU0vaW5g8jVlvMAq6aZpDxWs6aX/mDTLBupATmqIEB+TByEQZJ6yap0meyvTT5wQDChEeD816j/r65NC8sUYiviG/vG/q3zy1G7qy6th1272qFhrsFNmcc+JPPPs1cD/T0LdhO9PFqd8Y0V37tTXf3fClo/l5MINLa3kHEzwP1tD3D1q9I5CjTkelBJ4v6mUmKhSRtTzuzFCyf5de5V6G0rzJLPO0KOmcqrHsqE1kUZ+RyQpL3j97SmwCbH0n1XGgXtqGGepsGfIYe364VfwnWejxkWd9Z+NBEnKX/82H1w/vHvyYyZu7zx8sRfS9Z0sifTE6SJ0it0adg48Wad6j8hk8LNklaP7bQPA+LM+VmWF6FPxBgjwjjXqHYxKDjHq2OM6aDpP4HApXdfzQGk29ZRCMg1DzoRpd7HpWXQcxHIXOrhjOvenGSc34jZwzUcs9WAko6rciIMk5ubJjy919jouGpfe8kOTTF/AuFvsIkL3qvGm17jBjKCjcc64YDM4FCRsAkxBDQXOqyzqpWs9oG89Bj7ktLSZ1R3kgEkX9EXC5KyDY2tQRHdX+0VeudkAS1G228R3HqeVNwxrHm76ZTSFMFSz9pKhWaY+hLBGuhXGnU4eyNv0jCGGNT3tNieMVimOYaEASO5BIJS884jnPJewo7h3REqBg7UIO9jHPEbEFCBon/xljAjkgHCpRGMSPwxwn+gi8JB2IgR3uSa9VW2N4bYEkErMdzXTTjthxjDZ4wW9/Msw1UvZwXmm0qXtERjaIGSPDL7ccGFfFp1bH5TVIpcGZpTJV2Gwh7Gibz5CpDvIneUOXaaKb7X0sMR+eYxa7rOFTW/Dt55BsSHLCYdAgUzd4LNWNdDzVLN4GJGa2oQhOFGdmgZOUli+7bi4wsswxcT5Iahu+3qZBOZJW9TST4Y11CFUHpKwx0mZ5F+wzcGiR1F5ukm8vG04rbzHEJH16HYk+021GXJniRXqqb34wjSoN5tjR4sEc1u+MAZcnPjy8b+5qEJBnTMSRvXv18tFMuAGimYPp18PTzZtum4kR8UsKTR1wFhBvPKCEfIO1n9H6+AbWwBfqhHZi6oRiFmw2iclnn7/8/NEz4DrVePj4yjP+ur+BOUw+Xrz+4jvmeX2HjqIaQ0inhJr0p25ms6nIhkaL9G+SZGZo/C8d3nzYD401NPnq/O2N79iZSfcjXDgZxe/0NXeyjU8nJAaUVqak6sd3716+9SstJO0u1npK6jQEplTd+r0f5bh5ceecxz0XdPCLlQ8umui+iCzgdeHeyN4a9do8PpDejXOwmyq0POv8C061prm533cAmAneD/3G2LcfX9671mv13iPDuwQcpQJXY9+85r7OGOboQLllCIwkGR6Yqfe5hUMlUPZ45WI6VTnh3eOjAeXz73z2+RcvH/z8bo9GEa7uyPr4hmIvP7x5e/fmy8+/uf/929efQ+U8w9OVMrnAcErRSPDSj0yBRJ2NTDcf2NZ5m1T94sX9/Yf3fmQtl7NVMzC+a7cI9HZMhB+XxcFWiPibdVhi8eFG9Me7419tC31R41yo34ttojJtizw0cfD3HJdTfgXImlwd940yWlBOL13CsFvzeuwZSIYEZyXXFn88JlSRoxIR0OzZx8Qf+Dm4il+ULj0X+QQwRzMbfY7TzG6wbHR/en19MZe1dLsPD91UV+DWA4jQWlCwy9p2HitYP75+u+++N2/rNKkZQKFoUin8Hh89ZTzMghbWmxe33T2wZzIie8Ssu/xDZc9crOYz6SLkW6bunKNVP1ymU0opCQaL4pVx1TgV153yz0y9ooyElIdLV2joPvtUHkNts91l4iQA0gtYHy/1XT+N6069uwTe3jbvKAbOXCGPlSnChpqUhJCwKSKJ94k0Hdf9aJ30DQEoGtAFZMdpEIewxyVeNuGRIdurOi3TDV1lnbM1uNTlnBkzqgIX0XSuJysZi1EnBXUMbuYLD7lfwnGYAlj5ORG/LiFPmihbdm1Ake4tEnVG5LlW7gD53E0Xj37tLhBDluwQZKSpECrGxRGyNCkit0ty1EPr83A4jSCQ0yjudyAp+eDrHgy7JSwGE4oqi5fY8UGWmACnN5bts0tlwgYU/4KmmX67ydFzzezLZIz7wPTos4TfLdpDFLhDdnh67QeOXtx+8/DwziLLzdvHD7f337ov0QzkDSs8PHz4+v23ty9vvnjz3Xc/+8oowOLsIy+SmjYNEy9f+IlxCYsgsKW7wThBlgMZq7fKbQ0cmU8zcHymXBW2amJcPFTjdUq3U8W0W1hOM+wvQ6PPUgk7FhiIzHe4cgN2tVx1l6RJJjjYiibSZ4MXWPp8RSaNN74R9PDQV8Ezna7m8rHuuS+II9UrvLsKTI2CkHTvJ9UOUxoom3IZ7mjJTuGgT8Jv+5kpvyvSElEeNazqXHv6FC+5ByA/1hA8XyyT+KEhL0uvZ9vDZzRhj5qEbuFNeH8I0ldU1NVoLbYyvAGOwJNwI9SURZZDcoNJmqG/c2R3wDZ2ocFyLtw7m0/GMXvJMVRtSU0uHCQGK8ChI1C2gKc/ROirmjbSWs3icpJMdStgYEUIBxKQI391WF50UYzfBeEKiTIyrdTyXdlgcZk6Ieq9K7RGUW0VlK866YrJ82kdtpMSxSzAlik2ABnk7AaQrPM1vKwZkxoW6aKw4yG3l2Y5Y3I6qOiocvAl6hf6xGSk6TqO4+tu1bgfGYuvQ3Qo4jiu9QUqClEVBb6tdm1KPu2fkuy/kFK+2nQ++BBoCZgenftSZ3imiQCoSCvvMfVq1E+R0tIqRd4Z3itDEufGllgN3Ih3IEYydGyqqndENVL5ntr1vNEjrPfxdblDRSlSI02fdc3JIbs2tWWIjg9aKDmvxMu3h/DYbSR1mUOqMsSk10mm1N4Xbvl/fkBc1xcNCEtpaDR45hGDc/D1w8Pf/4OX9zs2uZeC5Rrx2m2a4vD1i7/18OHRHIW41re6//LxyW0p/cDO4/3r3/js5q99CefB8eque9RzzctXbz687ZdgXcFtWROuKTs1skpecl7x8vWv//nXvy4VfDTJK+zzT+OH0JIAZR13jLLqLwy3xsRVtoyeXTOzOUFBHlA0GcwJxMvHnzx9/KMPL3G67XfN/ADBw7un12/8NKhh+uvbv/QbX/z1f/Hx23dOB3pU+mLfpYxln9dGFz904ToCjnNOpudgAqXIYuHVi8//ync+/vKjc56SxLxiMZy6Ass9rx//+P3Df/DDbtEBDh9jLP/qoRwgoD4+vvzV27s/95k7V/CiN8FgLOX1C8MvHl5+9e9/dfvR/TiJNulneHOiaNyrT8jLD7efFff5lgh2eWSNnSc47DSXSXN/t5VL5k0QG2i8Nm95+T/7n//dP/urX3pqimHA2tuNOdZjvzRuSvLVu6f/5n/lu/+df+sv/Own90TAe6Y7vMP2TpLMeu6+/z2/1dqdYyz06rUpqfUq+2YtWf+1swEX1+4hWPAtH5zOxWWK6gKdG2fTQvSEacHBw0abp+/9xtvf+Evv77+RO91lJBL8vAMNO+vwI8s+vvM9D0UT9E1VWCEeWUN7AdXegq1uGYQTqET3h4TQlfYxSq2uvY7ZN9xqr3RbOwWxXj2SPo2FxePZx7XiqVDd0as6L1Y0zNBXiJgW3v7n/vo/u7AfjPmFk3YC64e63vzsj//4d/7G/+fzu1veLXKcib5/uu3cNRxvXt/+4O/8vZ/93j94cqZaAL7228AmDYu1VpYE1Z/5zpeEit+mD3x2vn3Og50EvPzVP/ebb3/5+y44+E6qpOWGGTcdA0zd04nu3jhjNC0bspJ4ms5GaMo/jz/7qRs4OoGdqtNxDiie37+6u70DIGewJZoz6+C7iuoyeSRz1HC75X7Id6RT/7m//Bff/6W/oCUJh29Zsf2snYp4ZWwTQMyWyjsizQmJn5m7fX+/p80UYmMaCmogIrsljjFL6VDFOERpup00PkfVZoGmKLEytry6/+kPfvaP/lOJ7pxklDFnyEZx9O+f/N5Y6WvcdkLQiS9/xP1RSnj68LNHczBdtamVBKAH9TMm/p5kkA/ffm3yh1jgBKfcaAdWXjj6lwcIIER7nNMoY2Ulmh5bFZ1T62jFdUpI/5XvvPylu89MQUTb+nWTP41Zz1SfOu9fdzkir+csb3i23wA4wxeZAoNTjggWAih0LgXf/eO/+aN3/9EPbt5iJWMbNZ5ub26FWV/NoNIvvflf/i/+tXfu9H96+c4CE+hypZ9wdi3M6sdnX/zv/93/y//z3/7f3kHy8bVrIX4CwulVXUcngeTD+9/+p//5L77zW93CFEhXYOmVY5gmvFmIyUR/uHOrjZzzuTY0OsZaP7U7ghy2zceuAXdQESnZwL7w2V96c8dyjdr+5o3RQ3Gip/fJGZfMM4AttxlX4zFfAS41cDHz3r56+fndw+/8/k+/fnf39i1zuSBiBOG1vKm9n/l7++Z7v/JbRGgNAGa7mD9ZycO7vl/KGerp2lukhczrH/3gH37z9Y9f333eWKqE+brqcupfP3778/uf/bATNg5gdvz3EG3HWe0wzcwTPu2VbfpTaUSAFZOjPn1MWXWh7hO+5YNj044VZkUwDGB5k/sCe/FfLhhN4TjerHuY+axtfMl08ev17dt+N5duWNmi1wOzhqNheM4sOSQCryWLeD9v1eXJo2kOT87emvhFeoTGP8FVK+1t6qotWgRnIkqhYXIzgpT97beD4y1cB23wajlRh6Pj8mSijnBHF6QjRsXBGJWWGZhKsZyRa7aEoECLiUpIGidbo2ySkEEfxvQalJi2aTH9DtF1dXEkcYif9+ka9rGuib0LzBk7M0bFz1t7GhStagBxfKw0ooXnAY9oeSgpAZ89lGTdA6GP1C7yMnUpeFVA7LP6dgu29plRnAWzcU9B4sKeKtw7ghlHmchMTQE5MZlReEbfcR/HDbEBSgzHSrtMO55J8l/JWsezQ9NC+d2qmg6XNoaJA3uGAmwdP1rNcAqaSZGD1N/A0DgJXkkSkf9US89WySjXmnOmGu9VvX91b4Y2GuuSPZkh+Fm4zAnEqw9OD3xFqe+smX712J6+kuWK8fLCx1/zHS6TNalbEjRjrj/4LRPCm6g0LdwthDtluuzj49LGFPGW7PBb/Ak5HtLc7j0oL6hMwS37LC1mSXaoH61DhPRYBI/Goi1Op3w2gjhT+p+/XL54f9vA5rTC0LbaGwOVDGmRsVsduhLuQXViRvuAN7rRyAx3Zi1jN8AwDo19f/n244fvlKOa7qdViYuhjeVOHT58sSA1tPc8VeccqcP2hrF8ZlHdSvYbowftc2VKYeaUp9OVR4I9+R1laV0LFORDZ4SVjz03SWjfEGXgB8WkGBV7ne8evLh9Y868FBH44hUlbODUFvXNq//4b//87/zO/Sz7eP/4ZPgXfg8PD06/fnp/89u/fPM/+G9/xwlguhlzTRxNFZzmNR5YlHr/+s989vrtZ4yMe0LId3LiG8ZdzciTTz8RMM0kyEfjDGexnhmwyk3zWsDnRyVR1nkbUvnZSuHt7ZfOPNeLG5+6W93TKh2T60xsLsFA4AolQVPDuNtCpWJs82khTfTKVj2pJ9yTu1fUQ9Hh1QeDi49tVYmZZNUrmLhDmyYR9yF4mg8NyCHpFrVtwLx68dmXn41hJo15EtbWKqVIvLP67UTIc33mx67A6WfFL7K3nuX/45++++ETr3rYojiJUPw1gaiTCOcvf+M3nS9qlRnqozqOu/VYr+epf/bFmy++/0u+/JEq84gu0+l3yNO201ZdoDmoKww0xTOLBNKeU+OfvzN9vO7sLtss9jf5liecwd1++V0zlWe9MmF9l4r9p238yixj6IDbGSPuhHz88vvfrUfrFVmlotPz7dU0GD6XWIE+KuRtULGfRTJs6a+kV3wIKsGqtHhoq5PbDqYK0rFWbQmAdd6uU8NXlSId9fbDu28ffv/3uvznYcSLPZrc3lq9jQVrv3r7pvmUNEqowQWCknBK3lvtdxngw7toLa63NNxJ2Av+LN12FfXuxYOfTE9cxupvYI8FUyabhBTvoVZATorWH1IpBVJ0n3nQ0UKImk2wbt1YeFviNl9nJwHnOz25AJj12qy1mzIpfLhprro0Mjrv+lVTzQyjXXeqNNbcvH7yVIGv39//5N3BUqLMkp7gbC754uM33/zz/63vvvvw5tWrNzq6+43klkbBD65Jvvjie9/9v/9f/8Yf/I1/78vvfuHZkzLcy7suqBolGtip8v7pt+6+//p7H164Z0jsvZZ50zIXs4i/2YbEhW12yly/2BSIvDbF5WykO8hqI8au5tUfW0Y8ohFc+ydg1ri4Scglpxw21Wt2uBclOZo4tJJDusjkejSD870xpfW2W47gGs9Iev/+3de+1i9A9CMaIvZZONE073TCmwOOymF9VkPtSC/h2W2jNIiF4OuX337z029/9qMP7gPFC6SijmNkCBfe3Yv47cO339RRgltcYSxMs8gJt+D4P/bxMW13ZG9Ka3nst0NKZrTG1zTQElk547CLWQYMt3vidnEbgf4kifAEAAAgAElEQVTgj9txStoErDReYzk3DQdbiJAmPS/8EPbtXV8u3/lZTUtRrV8dg7AaYaEedH7QCLtBj6+qlKjh2vVxhLdnO0pGEHH0dv3np9MqxSBKxaqlgliulgWEdfKjqVXBXUwckYrX5LwrzH/xXosjLyFZ57JGpGM+i6pLWE3ywrZUPa+K7c7xOCa0/mlr9+Kk+vjvtD5NAtDxn7oFKMG9qjjajGTHB0G1g5FiNr6wHQLvvFykaXw2KHXrGkQSy5pRZVk4e47dYvzZngO7qjDWOZg0oBn+Of8/u4ZI8hYAzLrThJy0Mk1ITeAgN+8DoE4L5mBE1pbWR6E6zrjFoog172tgc1+J6FnybBJe+0WaTLkGcysma4trygph46fdctozlOoSHuyDbazsHgDnXZVirXwyVtOFGu247Ktx88BZVmeGutlaZvKE+0IwCn+NWxbxmvGHlAmgd5umb6m6y6WkI65LJGfiHsOMKRS1K2xwav7SbGD2gIIkHUDiaVWrFLYm3oiw2N40ubSGxHya6TDcDbXxpEw2Qrs3cDtheLbAZZA+GgIGFinFmim38NltxOpUdprQEy1Nsdj5naWWllcefQHXgh179MUzGOmdIqeNmZV4irHyiUhRarRa3smAFT031ZiYdhP/foVA/NqT3Fsft97qCzPl7vFoNZCZW4rt/oQW3KiHslmtit2DVfijbkTksvLSZmPQw5KL97CkOkBPFQxWSTL3Y6f4DX0zWrMJQBtWtP3ghiXavXt6/+7h6fPPLJG4D7nfA7B4DJyTjq+/IfH9l7ev3ty96LnPnIKgb3cQwvG5biczLz68c5eFB5iytJaEWNMAYj7yu1HfuoNjHoQiS/R33oqUkfcG5tAvZuKRXzNzpzmvPj5sztuTAMtPyS4Oz2Qsw+RFDeA67skG81H+J/Ia2OOopJ4ehkQOjw9mW202PUkwOTEZmPMRXf3nuWY6hTVmPtTXn9fPV5IWeTWuhfR8cdiK3FPjbCazlSucJRUHuDG+ftO5/dRTYIZZCzupGg/L+c7VremLq8ot/Kv3gxKY1Kk9KVw/u2U0JA2g7ily0uu2MVH06KQAhxdP336750E9dCMK/KK3qdTO2cpAadwNP8J2aWGmVgpzMyeQ410b2tHj5v1+KCeNp6fCzDLrZFm4Z6hsmP+SGZ9mF1mhv4jGwIHaR4xoplwq7U66qR+tnejKQjJFNj68kBaNHVIBP8dtfDDY9ZE4xrLxJS6LGJKSnSuS0/61XYfqC8IVkl+/1VvMm7tBi/VzBgrnX3W4/MA4NMUvTCSGl2lC1EwW9BKoktIUI8Q+zgVSXdiUsASRC7SPxYyIdRTDHurFxdgnRwHKMKdj9rEXanorxVZD4GH3YJ4eOeDOMxfrQHrvlKA56cyXczt1VzLsjrIb3Cnhlb3sOElMk9BlSGWJLZ+LwO7u9EWl9Zuuflh5wdbENpJXr77+0be3nzthePzgbrX7xzdfuEXNCrdB5vbh629cb7598+ZlV0N3r2Yt+8kFUOW0m5dvv/v25vOX7/S5gG11geWNONM/NWYLomasmeocPJvocmaOSYFjJ0cpmD4psw86q8538R7BuFYbSeY+NTEqnvsY3WEl8YeiRjFgPYidRNks87Cb5h9cgXNl9enRo2F7NoPnQLxym57OVg+uk2Uz4SbeMj4OaomK3fJo3bitss2ofOSO+WoIQxMIFjXMvPnsy29+/hMW46rO/QDR5cwYuoNQ9DnEq1jMp+pTMmOnH67Fkv0ZZT4On6pwLEQy96Fdf0+yBguwEBby0MYHgpTUBWbqSg91O0fBMXU4y3bgla6Jzzo7Xi7tcDVoLKEVwSFPPf0Jh6WCta4rBlGl19yTsxOilJEUrhqH9iMKgEaI6+WzhCrgD6E8McqU3WgT+WxSC4GgVlFbYRAD9cHa4NSOdq3a/smtcI6ubIn/Uqv6JZHAqpuCGXiE6oqrSQqyYFmcaFRi9BHKuvN2Ui2QY3SqJ24o4kkysKseLhWuza36osHC3qXZoUnXw6a9Y+mzc/rIxK3FzFv7s1FIXtQiTP534VuVoqJfufA/chGy3ERXkDii9hYvZclWlFaKU0Ysn/vbFm5ZM1tFFrMaSyUo19SRjDuhFWUErLwuJIJ2hQmxkdJCxiGroYGr1kcyvbK54/pxfxp7yzm9aR4t7Wz2vYIW9vpW3IezZKCfSuPLAwOjbjpO37jltFTaWWWV57ihIFRJUxR37+UjzIhONXNUpd29Uu/Xtjwbi+nN3oBlI124yXGTtfU9l7U3j3FjaN8rPVg94jk1NheOtW4xK8fX3c+l9GsUNyi13J7LVZJM0PR23FH2qD6XzFJ8R9EMuAbszby1Rk3BcszS14dug7m3pPJ498Wd04FdbdfQvTXOBBpiW8oMWyfl2mX2eJhfDANxLdOs+86o82keImZTpFwKdCcbKPuR4BMuLdjDV27DsusbPjPgSycfPSK6hljaYV8z9W7B8hjzffeTnZoLiiI/rHYXAdpM0+jMT9lRbVBTGK+8+er29sY3MLoPohxLC9P0F31fLuNA3IU037lwQSQfHbP6bhk9PrpM3727pv7N0jwg6FHny6edzIjZqYMT4FDlK7wAQ4F5FhdI9hj8Wx/ERLhY48l0D4UurThk+TjD57IaRkwggmXv7jBWUUkDoZSr3BTC227cSkJ1MfbOhid2NHCQB3GWCqvNfEVNm1rHaDPcqrJc0ArPPr2jWNWhCEZsLsKoxutI0CABKOJy3oJ87Y7VYdyJaekr76lltFwI6qSiUbDQM2v/cNeFF3QtxtsbxJTqX5uC7OnWb0eYh3dlpkmniddwxlD/1UO731thITiNyMyiXFC/bA6SVvkuW3YqMk0WT5PZulnfUEcw9RlWh7GFPU0AaKpXF+WdwrLJbX00nLGvxCuzMlIpqcho9vjJzPhkuvXfWRJItZ3wFWY5Fm0tc3qGJkSxVuHIG5eC1Kz+WB8ZFFSaZWeAhOhHdYY4beiNu5f6kYBNP7otnhKXwU8CcDOW++qUOBPrbC1E5Zk3umhfb+2UTPcsRmGocxMYom3Z7VilGTYdF7LToI7dRY/CaK5Sm5egmvZhyoj4zNIH8ywxuOlfIGV3TbwRhPOKMmYNrd+r8KWTVz2zAaWz9RnEuyMpMP4LolxUdByQC9KJ1CtL2zP6ku/sFvesriS5VWeA/j3jIQc5PapPNFtPkIMXVhke/P6FH2V3f0s5wO8Ge7rCWzHY7ZemosDTClcXAt1TuLgN55sXH790wdZM1Q2WQp/0QiEEkBRus3wht0SQr1Vmi0YNENPTFu6phZLLT90IU2HtRxqdJqWx/fN6wuzTZn+HANw/sRGIgszBObKAtcPXc7+rsXGSQQXLzVtVAld3rb9jnf3XzNu+CxDyGW8+r5PUH6cxNZKzAApjR70BQa8rDKZxqmYEy1UbvDc1tlcAUUwtqRnrYl0vYvXNeeMTN3ICJi+njg2sAgbvuUNhMsi70B0mmk8ET1JRYAeIKQKpZlqlgr1id73zSJiPax7Dq1kfJ+Fk98KNbWiRDHUpPWUam077QEWqEtpncIXJeVWHi6bsPynjov6iXZsTF0lAFCL1ze0u2hq3f1gkbWx7r6YI6EGuBcCaYgB0tUxSSfza9pHK7eUddBe4MVterHAyqN1QkAKnxVrl0v3HbBXiKmlH3qmFZD7liriFJWjHyedd6/jhEMWnW4DGcVa4IjU6W7an4Mw+SQhrHgpAy8D4TM5FfbSuXus+5og4OToq1URjrQodNON8KCqsRSz3BwG1KlwYVx1nDXFs6ygMXofnGYkFMh2Z6EA5jkVRfFVXYtQVOHEYSuF9fYdQKyINwKjy1DVda+QlqmdZGCfCHGnsGgIuDXY8q4SuKpJaKq4btBJbO5xEeHsx3OgEefboeJvKtsUIylM8W9tPJmC4BLEtir31JWDjQWKb0NP9Uaf0fVOrjDKVctMQhyWjRjWXAkweXaysD7leOUxyNFQP37YuZIRkxbIDbILAXgBeWSzvhCFtaEgvnIHht3mmexiOCqYucc1SU+QoH0CUObTKNLWghYBrWjaHrkHL/TPNbq3Ju0351hJTC9J+zvDp/ixZ96Wmll11F6uoG+7MeWFIYNraK/gTTyl9MpdWpKAvwBRnx7yllR7eh5X/JmFWsrg6cGHGjd/fNJYNbfPorkq4/bpwC7Xncpo3AFsW3P1A+nX3/WN3q33XLQDrrxmPKyOkuPGgS+cxHZqCcl8kyAzsQRUKmKA4u3NSUdZJM2b5XKnzRzgeP969vjWX84VRtQ/3fM4MFM4qnYcYQfy0KhqnzE2+PaaJEUh44RvVt581qNcNTCMazzqh6t6jPo8BiszniD3GGyqgM8+g261fFfIVYNc9ykUMGrFY8BCHyGWIOWQRE2mhL0ILsfzFDGMaxxnL0axXsdfxFys+uy4QV5OarrzPtatNinV8FUaLyfVxKhyJ80tyvaMtkhLsohouHBM1/wazYXqs0OYa8NcPBlyVYG2JAKLeyTQxrNN4WorCXeTBUCyIuGnVQmocrY12IlcnqH91haoOkn1EIJS+CuOuCR19XbB5xyJjN5JlZ8SwZ4mwnxcIS3QBTZW6hP2sT9G6RhY6hjgrbhRFiElVGtixqwXQCC/u83tEcOEAZiwzZYm1VooxmPCLTZigT+BqC8ZZf8AQMcO55FrbOnLsbWOy/laGS0LvBVnD6vFbbiPWW6IDg0X/k+Zo11iYTkfjIDUeaq80Jzb4EbPE1KWvZlz+U41exw52thecNAhh3BE6LBe0IlD5KUa8QwjtlEuzBd8iqT2qHJGE6C5hgW/inLBUQLMgWhZRXFVquzJZM5kEHrExSxZc0GTdWdiZnsCbT8LUXr4JMQiaKBNx2QRGt4POmGtsEut2npD63+Wp6hjr/v7R909Lvnp11chbz8Lbd4DT0gKUO5O6gU0q+NhNm5+fK1RFVTcrdlEwADsxPBdaMwp4GZhiO50JHCL81HUGC2UK7zhDBm3Koqp5JydNfI/DAsLLvReLypXURdaodKoDXj0JwaXI5dloNYl0JtI4JInObWQUMItQsFME9r7i1dXgngpV996gk/BIU3kYznGAewGoNO3bO+omUrq+xqyrOID7OyAIDBuulPKrIH56ovxEct8M5kzpFUuRoVFUsV7I2Eua9tlw4lMszbBSmJJUr0WNC20fFdRnZvDMA28mPyVV+LOVJvSUdscJ/VXjMFjragqPSafyoViiGrnxtVaJyx9YXpYZhwraYc6Mhl/SGmQHNzFJHFE2KZsmj8S4hR1BLTWNbl3GnvK1jXv+pDAZckNWSWPN6o4xyVdjVbvkn8IQ7CgKhVfLVXe8lrCOZnZJmObRB+p6Szj2C9faUXXS7KLO6B1O8UCv+cI1GZwybY4wBRXG+Wz77K6GFR9WF8MKBydAKdhbliBPs8OBeVcStzEhPr2rn8OiPg0iQXSJ1jAfBQW1nfanBD3HIr7bCc+Ju2J0virBULwVJZqHgXHn3jM6BADUwzmZQ4RgRTVK4LFMMha/2TDsvftnWpel8Z0rYrK795Cqm1KZp1zvsOn/IgrvDSCC27anGzT81Pewqm9j3NsRsqI49jepgzCjFqrRbvS6dME+TeMxHJkGzrW+HD0dFwUQyT+bnNZpnAOYr6NtCpjgFrxEZWuKLVeHQfkuFwgx0wsp1PxR9piAFAKjHlX4S8IuCKQXj+ml6+jde5NZDBIHX54qds6mZeu+8RmbYG6PhPpSA2cOyFTOH8oPLVCahZcXm4IbRZ65GcIzRGtO2ra+pYVTNg2Cz3rnJMvnQCe10ZKHZq8AZtbspotn61hkXzp0EkEbWN3xpGKrDoGegyTYRsp6DjiHH1LtXDNPgSa9feag1hc3myKZN4vTdAv1MDTEDwkx2dI7yzv3ePHKHeKphFkLAvFyXwg1Wp7ntNqz/N1nd5sYCA7ftu63C3wP+PH+AS5TxQYDDWFrkbMd5WXVIi7/BKuvBsywZhOkk9VtG5E+DxjMf1ZfK05H5MsIe5vJKsVZx1Z3BiXuMXoprYf4kga6DN6DFnuSEvkqiqWsZ8V6y9v5ITtMxDw2zzjOtX1kaUQRXFt7mCtpj4b5vHdHmfRqEUFFuXRbHk2c7eKGdXpfbX1k99PiDC/aN3NjD7za1vpIOMfpomppK+dxp7t1UAydyTzjiKtzMQ5dffHWBNS1LSjYYko2R41LB+k8RKwi0ks307/nuTg9ToEhCfe1GteoX98b3Ny/9jXrX5PCL7/hfOIgpoKSHwJalHDMGHtTgraANrEoihggKHbXrc5lRyxQIgjttlRufzwRNyAlaFTbO2QEhVf7rFuTiCcl4x+OlVuN8R5LFs1CS0GljjIRNkpTt7GvA/UYROgzxxdybESDSpomHZOb94aNBfaNBVkMewzf93iAj28zh8ZaaFlTilseuRXNnbzCrGQUKti1k7T4X3Jm65kFyrBk83wWZpQDPcYa+BzpqocSp8JJSjmhe/TZhARlPtN//U32YiVaoHKHxrPZBBI8WGGsBTooS3xb50oN/6QYOvYohdJjucqpZV1BXDh7Lf5xEnsvLV5YS2gY+YQOs8KbvEVZOchD6rrSjRNMpLZI0iXWTNBCx3EqXcY3VS9wWRHNnFV481BOp5dCVbPMMOfQQ+3DbiZMl/4zc3U1TYu4V9NnrbLJgmNNvCnUD+roHUR5mK9HYNG5Z+WqndR33hhDih/efr2iyDJ44E1rFEsYCRMZkqyQXIAmuLbeSEKer2ajuQJAwqsNbi+qDH5GaafoXSzFgXllFpm+PD539XHwd3bXFCBrLIpEi11tMM7BDajEjOJoHaTUogRnTlnvxxZVqS9WGqlDmzWZLIRxJjdfYXo8VTxUmLaHc0RjF9H+4z6B11tRVNnhmPaURj0OMerY+7CErX02iC0tD8Sqp8DqZ7V63diMg/KMEIq4HXCsuXYjWxyUH6dQfD7JvbRV4q+QaA+zHdQ4S1zkWeCU73Oi1HcwxsVEXigLVjYjjsOYjltuD+nILvMl8Gyz8fPBdEyzELQduoG0qzHhz1cAwvHMJ2r7i2pk4QjhtnPO0sFAHybVXO3Rzrh4pNn4CPmLwcX5jKUHEMhTfoBCq9EV3e102FyuCfFRHA9B3ULsMVFdC4tUR5/95hxHzxqpTIaGpcVygL11Froloa5zZrNY1IoWiJJoMxUkUR4j0txJxNdX6lgyXGUFBj64qt7+jIYP3kX8vjHaQYvwqBrkpo++K7ZkiEvxRMs8rb90YX2gxUSci4xWZ/MF+7Wm2NpL08krItJYmkU6K7BYuhjRLOM36LVWriC4ljxkIklb7rVY4V6RrGIV9s6yAaBlD3Prrl+izLCzRK1LfyQsxdfx61xLhw0O+aCNhgHNtn17Z7ZXxxZ0wWr5UON0176xakezdRD5JAsTl230C9ddzo/daPv00WNMH+5dFjD6ZNC4EIhreZ7CJbuEFltVh+2ET2LybbKrYQW7pBcFaRmdh6vi0ERubupdu1sPVOEV6uJJspmEmHjt529YlmT6WfXxDBBwu8zy6o7gvvlVfBCZVsuPMmO7+bPvM09mMma9bAs8Sfdm97s5YVN3PHytDNn6QnNq3u8525YbX7169KVt9b4DUPPOOkQH4bUyFJmIu9rjooVfJ6Uvbdyc63zt/aNb09U2K9XSwlUXNl65Z3c9qZuLfBk8m6wDKs3JxUdm3b+jXLWwx4qJ8vvOBesl3d8+76QXGKLaeSXpIozV96WFOOK7wDpsCwGmykhFTQCyV++4Z/+h2ud5e/Yw0lOVMyOfrTu4iMfLUSUTs5rJQJG1fiEq2oaRVPQfP4eOi2ml3Tg3fsrWQY8ixY3NQac6ZY76A5c9+e5GdJvk5/eicN0SM/9N42BykrAs0Aw7oZ25uTef0aOOu76JtQ7R3XpKuwdPFEYeLrzClZLey1a94lZdM4OOOizR7DPFYcQMVhcqRg9hhSi2VweJRQ1Q41WDwjuaExmVJnlsFy71+KtQzakIZwxmz/ELbG3zTLD9zdTbDUNARuGzGJO9dlzozJQ1PaLTBZFDWOLWwTgMlS7co8mY2DXPrAFmHTK7RBVnJ1l1k/KkmbDuEKZhn2qFYA0LhxMNoQ1jx2Gf6KlRg9py1HEoNyU2by6XaJcdj3rmisfK8dHsZIpcvsGlbjiYtVmiYHZ9KvWQQt0Mc4aZ3Mpt820Flx4BKyQT3cd5E1uyhpv5sei5PcYAvFwOd13RAOnrjijEWlYu8+y0Hl5dBmipo29AiR6LMm79mThByTB9o7ppMIuxwm6MlLcJWcxsWtqUeD0jA86QhGSiyy4+mAybbO6MC4agR8u32cReyDSpHBmseBwDVnNU7b3egIVdBBszmD2WCghsZyNyCBxl6vm7FnkWi4VUixlDghez5Bh/Y4rMlY/OEg3+g5NAi0OelIEuBSLN8WMRqhom+6D4VJ6EoHEw/6brKAg7W/pbO2FNDXt6974EzFwbwfLAQNWcOqiLbNJnrVRe+YmBeAZhIo9uSV22ribNFeeWbBCwNNkHk7BiDHOGD/SnI+adGBNZwlxuicEssrZxWIdVenXcipxJj1M0S8wDFvtxzxCHd4dKT83gF2c5ONoVn4M1TW7a19o+qtHCEzmkKqedmjj4i9NhRU3NSfaeOmrGpXoUrVEqnyWGVmFWiMHFLvBoEnfCrsMVLC5ZqOE44ilVy1qcT8AwuuyZLFUjjUF/VUdezSodRnCKVE/zlVRa0LQF4SK8jis6Po9hr21HSpwn4VNx4qJ7JrJ7UjjK6aGC1Vmiftx2jLISsA7ulWt5jJlq/qMVxHE5Y39nIRUX+pkwpuWBjm2RO6CakFzrDMY+LXYGIvRx47/iqglskGIZ2ViPVyPxOXmhjK5US1L1h6VptLmsKk5zFI+FgUJAUHeUNpU3bBQsZjYz3hGJMIMg61JdHsGV9GMfa8ZGiQyn8dLr0WTpIPQTP9p6dim7uy0wnCl8h/mdBJ45gHODQfQZu2oT5SRK7T2YMOnvPTDwfMfL4rHaY8C5Qzsgmaegd87gJpJjD8WZKf5dep0/cI8+q9tRk9gkq1+JndlE/6FvrDMM9FxBBb8a04o1fXwnEne/GvXx5R1K99Aj09rcy62U5zwkF7LQ0M2mE5XJ4RUyjIc9ENMgaE2Cp1sjvb84DsPwGvsGuJOccPVWdVIIiZNMWngBZMxz96tpLskNdtV6a+atzEioZb91m5wirxyMKn48QE4+yF8VFErVceJMsUGMEoZUk2bP9TdZv3GDv2d9msS/fnn35sbzOo3LnZ1iTkgV6W/zGXP/IHGwr5n6SZ72UolxOglGlqUrQd1duJoJuB5fcyYsjsxMBzg+tXR4IOsGhBJAbArsb7owKSuZSqLoW5UkZAWBQm+sfYOVa6jbGWdmUwNOamCE2nsWmbxLmpojJTEhaUM/0pg8t9kYF2YNIplb7awNQAqfaxTFYZyfGcV2pKfyEjqZsSImrguSPo17CRCedfDyUZU50mbettrZWQIph+hcyBAXoLxQPivsc1wmsd8y3kQV/kq6zJXHQ2S/k+ZwR3aJQ3IZZe3AwnR2jCCcvY0BKYf5L4pPBc83O4iBgoLhCmHNlkM4aXiydKGFMLExX4Snt5ZzRGaiurqu3K0oSBFnlhDAs74UDsJsqyigZocKKqm7Rs14NWu3bf5duGYavGbTDKNGaIegPpcdiq3UYbR1isKezNPfgBGUiizqW0TpmzpmwC7NuHgT23EO+Havt3rKZBxEaW5L2vN74kA6cFOvysMm9RmFbvWczFM4FADHnj6j3EAwHa5m2S050yo3TuUVrRSgyeP9tG3Dv/O5WmXjq3DHBFxWz5Gt4tc+aMPWo4Owq6KljVXoxMU7ZjKz+W2L/0N68CpnXz8107yzL1YQWpMDe84DgGfIvXJ/4De8UT3QIRpI7ptRw6TweG+NUXSIqvJOTjRzhNM6o8Lj3xQaETNvq9VxHBk5ZvlRXI2SDor2CsSyVlgWNiFW2ok4bll0/poEj1QoDzsHqpvUNTyNzy/EyXgMIW4JwnbJ8IRw/P2nbGEdt5RJwgHmvf1nI6zq1NakbY2LwRQZBx9d27dvYeqo+cy6fpCwPjdFSNEjIkMqXgKqjxQHs2esI1tIjFzt0sxxZ445Fi+xz86hDsoIsrli8aek94a3dJrsuGYVKHY8BwZpQqvI/peJRoNTAqMezTqgAiyvV9XbDsvzvgYrJTIo/kPGiRuQclHzlwCdz/pL6CKNNnltp/1izH5l3ocpLR0e9Y19n/YPogXJgZl6a4NeLBba9qb33ubxwIx7jLZ/vNeRZiobKq+G2UJJg8QloorTiuAL6PHlZd2x2VsPp5h4cofDUds+TtMOcVlJoO1mGzS5oVwQ74H/k+049xwexsjqNSGbOU8zByAGcizVXyCyOPenEmmCMwByihjCdkT2a+mOiIhBKIu0fB6v05c2qGQqBFrvfB1QHdd4MOZoxaNui0DgT7cmRi5YBqBho2eiI7YJl9INBsLTG8Eh8a4hNuWRhUs6xuzwy7TnTHElqwh8gRBwfXY9oTyLQ8uxddV4xYMAfblVQJmi8wHNmFIlKYs0Zai0aDDBPgUFd0+p85UrOkjWT+5Pb20rAzZvpjJ9pAlioutHav3JAx5LySAWp1vKtkgtq0mMGTcXBHqHnQIZ9eviUE6dgiFD7q0erJU6ezDk4GMtLGZdHrFuncmTmwtMB5voBN9StDL3okBs9ej9k19NSWDpslDyoBMmoctBMENKFiiTgmEotAZPiFzVfZZRKidyRD6zexO1Pks5WdJgxH541CT4XW/xbAupggUthrWwXiwA7VZ35RRsRmYMIMEEt6VdZ1zKfH+uU0/6YhWqlD6sidlNvJxbiBRbjHpC9bWfJXKdgwSItTUQZxN7La9huAk0mx0f9fSeEHJrl10Cd4T0vBgm7h+kHYcAACAASURBVDmnk+AJFey38SGn99SO9ZA8lEnCUNfrMSCPXVWoIit5YTkTAjtqEOi0GygKDdZLv145o1q3n/nugmVUnbjn/GHtjCif5D72MQdhuc1Xs6BFyBSO0WSSo6zq5K9LxDwsYQ1FkM5EdEfTAeXKxygCll6LlZ+8EuPji7GDFZ8TqGmqtvA8u47VXhJ9AgLSTFyemkef24ccBe0YN28LLdNNPitFrOEEdkPzLDuwTkaXTIe7M4REn1ZFjf6IXxHw+pX7/2eVpE5lbGqRyw/K8R3anBIYmKIe5iI0uvomWNkSTIfoMlNZxSujmyLr/qjHdyTZOiv5wHXeI6CqeF2vWmfCaaHuskkAotA+88Z3BcqSPiwVqMw2JRwwu4A5s2QRRCfMijy90u8oLXxzRk2m7D4vCacWgwkrRvGMb9rTt4K6pYhvaaC0sMue5S1txN6BVouyD3MpSYFwOchQuEN8ogedFrbgn70aDQEzy2FF/2yfQ6sLE2FxByhmGTTIa1B5pj7cyDzVE6LpUnKVNQvmpDVqxQXjjAZAF+b2BbbCCk95eW0hjwV/sm++cQuoRQ2JYqDZCnkswJU6Qljblg6u89MepVaJyl1NdIaaYgujWOINmowoGUmksGq9YIvLLm+FIYUD6v3sLiiv4iINAK9Gi7xCjWezprdyMvGpdTbodbGsa6yoj+pDB9hx0CyXlmu7t44OKUGxGiOfY659hiobA2I9w2Qgpm4aKzl396w+utumdP2ZX3vW1kq7DTXl9KxKjYUjdpN8BC3wE8vox/Y1ivygSrEuKh2w9j949sZ7d1Yalpx9tCSkGY/GoTMxFLl4HfsyDx7pc9TLy3pA/XZCyDnGyVKjUhDGC0TpLKtAgHvFyB0S6z37BNZ0bAZLSMTZHW2jZeXF/wqfiXJtWh+u1IimFpMSM3tDoEUCT52DCnPOaPamYeRXk6nVQakQWUrVDyIYhMNhXaZdvgzKqkZ+cSZye97a6Z9V9Nn4aO2DqENS4dh2rJS8iZxGvE7AUSY62hRkijLSIKS30lA/b+0vXMb3DDwjmERyOgjLtsXcsxvnz1XNbBjsFqBoNZ5Wh8kRPx5BqR6IkK9+YfpsBLUVjnif1WI8YvuFXyavoKP0S6WjYIWDPDC1rCR52WKD0YhRZSs1petxT4i/zc1Q9xxF03Z0cB6WBl7obbHzlU+PsdGyunXEQEh4kr3W5kYcsIS51dayVzNo8zLPNduNH93MXZuSRv4mvBSSSEJXMS2LoPUdt0a+sGprVNFvOi85PeMoCPkpSAtzXitYl9mwWvBFXdDqvHKqORx5+vuRqHKXlJt6OQ9x0OwyySo8DN8E2XevPty/enz37WsPaS7Ysga9No3IyD0d/t5tGaDJVe4kqdYsxJOsu6vTI8ye/GYTaz3fnM0LAorF81lwsfp0UhG8xQhlx535mbu07r1C9ePAOhnQSPj6zq/m+n1Cj7JIVU4MJp4nM/ot3y42d4ZnGmJU2rDkBMkt8K3EuFjx7DRSnDrEeQHFppkRxN4LgtWUiKPhrxxWhZf+Yd1vfbfMlImcctjZpYBupWn87XessHLLq+Te96QZ+9633FzR9pOu+3FlnAkqpnoSW6RcIHi6pr7QwybhRBgLW2RczyD/6sfqYqF6v9Il3n727unHvm7tQojnlGdDT/jpMv3N6zsPfrx/ePj+2zc9Qr7Z9YxBrStIZuMWkzkfS6coWnful/rz1NOjn6otqRu0+7WHggRtKFGYWnm2OLV7MmhRmCG9uP0kSRHcVnppQqDZwsPueke/ikqd7gKy0ze6ackf1v6L2d30v6Gx7y+6jBLrBoZ1qsQkLpXLrTkKd1iiqg/jlcxtuff5qOS4lkjFjd1ac0tr7qfpaVRNFBsGLmZ1pBonYP9Ja3suvqzQR8xjPLXVO4oyiY0crK7vsjaV/CTdQ2eTHMl0jz1yfjK4o4aE8oAPfzNnnmrkNqP/YszAO19J501UO61I8jO69gcl0GHrOGW3OXouq6aMFUiUqHfkcy2Us3KDdzhKWC267K0O0ykd1x0fVZ6ah3X8lOCZUeO9V5VVRTc3PlN0knrogFsrY2Pdf6Bielg0Ywl+vEE97EVek0gcha178FafKrMe4hQ8XFNrEBAJpHHNE03GXFpzol6PFeRNy8ttkrkK/UPPPktKWsYi5GfP+8AlT1JVVU4lPyJ2p2ienNwog50eUSwpdhEoQUncT7C7XURD+asgQh07OUqz4qmVm8AUw9MSr8IL79ORteGbyQ0jGCHNLmWa2acCUIIW71+QXeRxK2LoxADsEPnSARYkl166b2djpRLPGJOH5eKWI8rGtb256TkE3Unq98jdjeL3B+sjuBFq0aQlEwloZ7caDfxCLMukERUYKpjBgvOK1LPfexW2LNMeRewrrhM1VnovXgrRqlI28lSLcIVjPSYTWdygXeoJ75xYyQywkmPDIpCn/XmEKVVqoS0fSelOhsrASrobCpdWWPR3o5ReQjajdZbQwxU6GMQjuYL9FzcEnzoEQDs4b8pPq5UcX6aWemFqzMQr59Zv21eqnFMjXePeDsd4BiIinwmwZaLs1g5eyq+Wo/A2RCtbADef+FQ0Plxd28qF2HSJ+aYdOTPptfHWALSD+MbzyEJyCVDClldV3I+qaQlkaBfEqBMn+OpcHUTXXpuPmf7UVDxrXLXqtXXQ8YBnNyFYxUyhPDhpEitHpZYZPwSYFwCTejDZf95URzIGax5hSinZLrYjiFBNdgvns+BKrvaH3LsUUj7AJZSLllMXh/GhRo3+9KZoue9YaiBStybdNPxM3NBwrBrJSkN44C60K6uCc+EwGCR94Q3Z1SQa7R0XDTlmhxVk/kK0VnnvOBKbVcQ55hmgofq0mG1a9byOi9QZfZMIc+PYvjJTT29zovjnC58JV5eH1mIPh2zR0TJG8zh56uYhHy5jxKSeo4+a+TdSa/nq1U8eX31xc9ejjZElJGBC2bHeVfJrWLKYASG5G5mqsZDvjprbl9+8/Ks9mnJwptq8fMJ/MJk8qE0TQcovpgkoJfRp/fgzy99Ln1Z6e86aCWnjpFsn7r/58PbPMVU5GNawNTkLR18A5aG7Fze//drPfr1627dWs+zrF7fvu5vTqu0r3xT99S9e/Mr3PTxSrMlVAbdr1sJoJmUeZ/75G9ADOKvj3ESl+SEPNg95+tFPPnzzs4xSls/UwWtqaxytx2hazzmBUL8qLWVFln/z+ctvvl0gcVOuw6SnBvXXTewfPDXiX/5LqQp7tqGeU4IG3Sbj5sG/9f2+XHZ1ymIOcih8LgEtbLJQs88JzUdHHxKkcsY3t/We9GmXLmgDbjzpR3YqcVeSOar7AjzhLU3XAz43yX/18gdO8Mxhg2x6BA7vMI57lviBDbJY53eZYQHU+7Rt3CrAdzjbb+inhMl+c9OX/9Sfe/1v3t1+cSM+urhhCY2hXGx2G9DHlw/v3t38rd9579t6bN0QHCgYmsdABlHRTq3mqtruiYeDRwUg/OjB+4fHDz/vNtWbm+7wFeBppw4ap9RoOhd6f85gHMZ4GxNhCz+pDOmQFg6R5u1GCL+f8eGDn8D5yQ9vbt+8//BgmrWhkYx+yg1WQF9871eEJs74lRjy3HEn2PGJ7+EYriWG7KWGmartoNd5z57D2FsIfS4UtKzXXqSRx2/O9BFZPBFksQ7Olp1ytw29CpVrV0EsfSqShk6fHo9Gv7mBI19/+aWsMlBoxUa3s+E0xhOZFvmU8MVhQdvwRu/XL29/6fumFp1K1cFfeBao7tk8x2m534JDgVxOqCTl9rcAtkdqaL2djSppwO4lSeCPXqlo6wCXJdACv5YAed6u76R7wvmrW7c1aO+WwVKEuS/ms8gErf3hGH6tcQOuj4oDkZu3kZ5DVhjFYbMeGIyrdbighWI03pcSwVJIOWsVP/7HfwSPQ6YIcA5E/iwnxtvSqvgyOyMN18YUv1n79dd+sFzX7Au9pRfKMm1XW8+EXXfIs0KybYAPmMuq0400jadDKu6vsmmIPO8HFwW3LsulWj36m3ePzYNfeQBrUjrtOzrue/sfVF72O0aY1ARd0xCNml8XGkuro15AHaOyBSCpRuX2oMpyBxnqOoAtbQU+/QRrtkWQkbW//6Yne2ryYB1q7YWbxWaGdCnP2OGM1lU+5rdM4VzfD890hUmQvS50NJRAmjBbDzuRW/iVabKYFNCD9RzVS9Mk32TrYAbkF8F0sK8Xz5lTJ2VYuvEj207dWlElDxRlqb+CtFqIxNVfrpkpDvmEHYGjnxoju4DUJ4udJBZQ6f3gh75OsDDAUpfu6AbZjzoql7xvEN3qxpEX409ZNFgH5jOY0BQ/J4Bz5MkEGYKXpl1mq+KEiumC+2J7WgWNOsNq5mBG0u/wWNZRYOHz/GlUxnZAhU4aZoDplEbVLjqQdxSSBq2MGgfkxYofv5vNPhoMwxr1p41Jlojwga+a2O4jbhnP21q055UNlNidEGVXw8aBpkL6jBr9oKgISo3GB+OyVKDrEKdLsFmMtlUjqg+CWit3dLZF+6c6HLP2AI7kgIz0MOs9vT/pu70xHKfZKfLwB/Nq1w5ede5qt32qhOYXg5LS09uHEZqlvZqXERAi6Gg6nPesHPWBEbft7yNrV9JnNqhmB9tzNGoztVHjcPbiUM0pWN3hOYJDdWxaDgL4EPbuNTkjSudjLMVZKDgZRrJbEiREn0Wbj5LpwJuyqRiIgGu5RQH7AqLlS3PrJomk9y37v/sH3/zoZ8bCckr9M2FlruQtlJbfziyM/hO9dNmc2xyq01jTm00Qmy7txp7WX8mRyF7/7T9+lLkaLVYZ++kR2gaaenOGzUeNmibrADY6exjyt0//2Vcv/xtPb1r6y/+NmrDVYi7dvMGvoby+7VkuRoTMYDaPlUO83z98+MHvPrlzgvip7GRAFn3dN30+fHz49sX3f/7yO91/Ugq10Kz7XX1DQtTi9Ye7P+/hj3G0gA15KcSI4TSBqlao/8qvfPjt33rlJ7QshJlxGweLqQxE97d9eVQbY7+7QZodlsR5BL+yrcXv24d//MMXf/RPfP9Ui0ZeGjg7cAOi3JvXrY14n5/Zx/zdBKgTjJ5oz4/uTjHJ8aPE/G41qdHH0/c50J8Fse9+54u/+tdePn7NNmlX9sovpABz09ryI6lq0ynHqCZMRC12fBSMx0EnieRqHs9x+asZFP9rFZWX5OZEMAVBz+avfuXGrOso1xPtlG4sptfdzd3TD58e/pOv/QBZP+BqvOz+ny4DW/vvzn8/pGomzJWtlPF8PZE9RFkm8ZaJwghACWjJGxBuds5hcvCv/4vf+bf+6i9/+Ma9Uj1jSJh1sxb+t7cmD68eXv/3/ye//wc/sfSWMFz6w2ZDaVI6Iu6Sm9ZcgEAcvPCDYjff/OGPH//eH71+cwMeu3X3jSd7OJ+82y1MHz58/7d+5fX3boU1VKdP1ry/AoCEdEiNRbV+l1mnit9xVH7/1dM/+qFfK2jqb/g3IpoxZPRc6MeuPv8v/Csv33x+Tl9CijlnoivOgi0QwhpXyszJFxkgs12fbVEjrRCukkqlebKSHdE/ikxQyVq0f7baL0qmaU1RMigyu2HpzUF7MQGTN0XEKmBUvLmI8IX36fE7f+aX/9p//V9d/i4kR1D7w840aWVrloaxFGlxP/DEaSd2wrSROyxsOGF7b92xxBLEaVl3TVESTtFYhyq3xFZ5zB34326HxMI7gygtgjUAR6R9/Xu/8/jwTj/xk5xvv/P9FzdvX/YD1f3k3FKoIM6SnyTEaTIO91wXX8QKFp32gtXxBeIZXEwyz/we21mKoEwiuyQmJ3kxp7z39P6f/M2/88Kvmy97Yqsvm1t2hAyjBoJyXoz8S0mWbNbj9THL1Z9/8eo3f/XLVXVS5J/Wmlcie379Y8k8H3d9YGAuRlMmXJs1hzqBacRNwW2govdEOyozp/JIQtSPNt7dv3v6B3/vj8tjPRMrofjMWNF1wp8GNQxOQk4oioeMoKyUslPuSYviF8ZdmhKhdYVx1iRkZDNDXwxDLaMY2BrRO7Gs4zFgd/G4/8czJdU/vHu68fu+zvcafbvXUe8qRSCRK37wsw+3wqM7TD2KwADRV/3vHx8Y4WdvP/olQVdM/fTkvMYi1DA4dhE0DUrGWTupmUsFEwVMafpFo4ktA/TOBhWvg0Ft90xHGuNmOjK0zFCVYFCTw6TyqsdKnT1hlJ0W8dVFuuY4PxszHqg7Vl0zm4RvWPzJz376D3//79/cvDlyBBCCbhkA0PWQj4/vfvXXX//Sn930QG8P4mAebhiuXRUpF6DATcc+Kw3UL97my4D4Gx7d1OMpukEg5H7H3Yk6AGUGS34G8c9dh+ncpK6ARM9Gl4gUWcZRUdRiSa8CZnGSLpdcSNYxhoaTFBfCx1T42RmpMlVoOU/ZIS8tekV2SpAkeynarqBK/BUBPj5pDaiTmWHY+QoecJfuLss8456gIEzUdraPaS0qTjhbOz7E3ldX2SR0uKJngkO5IxU4JT4Zh/LsXkTVVjBp0RzDTmItIqs4EtZDXLhXk8+uVoyGkJv6iY9YrSrqgY8aeSyuNodF1sjG/Z9anzMRMYDXkQ64WUFN7EeK3AkA7iuo8PmgljveJwbTsPrxPAyKqGAe0TU9BVmUFzUa0hEfZtU4HBDO3TidNUqxQ3s80OzokhhplH3G066lTam/G2ZJeHX/+Oqb+24Z2eIiXcvIM1iRBXY3MmrX3zGTRvkgXfG0h2jjbLFvOgoI5E7unx6t4ZoHc5YlcyXlqWfvR7WwHYvU03rBxCyhcM+Im+g/8zyWDf1HXFRIg5tknRRKJ+s3rS77ZSvSmpQScsxqYtzgrzebEmoBsztAkqvYCm4rNC3n0w1PUuvQGRO4uFiU8ayQ+n5i5yGFtU9HJyt+wAWnFgvcio4mQIYU3FpL6PYNgMw5Lu/ks+aZM1KMCFPVBBdg+7t75/2rbh1qpBmetV0Mmbq2yOYJcF2y8OuVnZMsXAaQP1w8NrrcG256cGW3Bn1zD71FjNQjrtkAK7UCKQkT0spZns6h+0PRFObqYqnpRGj6Mg0XZfhCpGEsQy0oQbV6bVQ2gcCpPNjIxEPv3WLQnWAGuM7qpHLcrbnwYPdKCZnP/L5udk8KLCQoffXq7QvXwZlEg2GrGBiazGLkZpgaMnwUZU5lcgea8PkxyffffLj/Bg+eNkfg1U78nPKYSj+88hPA77/7+d0f/PDbbtfpWwct+TTYxAU5DUAqxhb6Ae/eGx698binD/dW7FwEzOR8vSf2LDLXwFWcfgTChf9AZsXCp2gHVrhiU5xtbKkrbCLomDrRqAKi4co5o8v/DjKDeIGGfhDxr71CombxqnFOPCHaHtsVzlkuy9aYMAXRFjz9ZdLDMhYVVpAd23PsP7jDlWVn3tygqoaxVB5H/Gvvfy49qhyWJ+hTI0OsjPCSVUZOIo5i4JqKgFs8vLwr/9Rd8RwgqtdkMBcgIdg2Dgc0brWfrrw9SFpNzzVGFpCdDdItnRxnp5RiwVOiIlHB3V5iU6G3PsaknZJih7WdrQX4e7P+F/fvrTfgV7B8V+gUpjWMeDtHlauhD8e7MHpojqGwPPZeSghDBufauAx5Hzkby+r8p0FlEXlHPQXl5CJcO0mkX8KiWOmrR/okuxvufOgAeRUePeFEX7zMYMe1NGfqdHcrPlMoLG5G7P72nEnuYlWD6BvPffrXB3cKUTcVv4BU7oV5/rEHZZZZ/GAzNBoec3eIMC1HC1CJ3Y86BHttNBU2JxIzRQpmim32I3Kslb0AHbTHqwk/MJI7eGub6iizZeqtb5SZ6hcrQNC6S7z9im+Z2c0rfrOLwzQr6YHkXscKjJJSuGmucwC2ERj37/2CmvOY936hpViXII1ngRNOWxQzLya2EQofd5e2CpOtvLLp9D1+XdaaHnMM6cGSl2lcf4EJD7k7cHZTKz7tVRVT2vhgAMZbQYGgXNnsGfkOJTxkqrLSbKS4PSATVQVLxqe2GpV/nRw18hZs3UWmsJMmLJLaJru6VufEoLGzyx2Ti13N2N34lQOHUotPLQnJ2w1CF+wJDUezJZudhCRGINWD/LN0o1WZdJ4tgJh3iLnFuOJyxE4UGZAjC6nkIykeC/q9Kknhki4O+GUWBaWHAdJYPxGiATjbSFrtZZpKdqK43SxeRlzIkXVxq5RY8IVEXLv57UBJUkXr4BnUAcpOW1KnLTQz0gI+ksy4it5tHdUswlGenbzcXmxnwslSlq3rlNtWeXa9ox3zuQUhmwVY2UzGmgnYcWwZadWFeeVJ7H8a1W6d7TLThKbcwTUvjXxmq4JRYzJXnUPdjitJ4bQLBep4JKTPtTgcpxfuEISiraLhiUFlYte2GFi5QxSrqsJWJ1RYkmgL7mAdKihOC1VjNSJ7HVQVt4bxU3sqBq+S/kQuksinZ/mh+sM1dfwvHnqWiJ6x3qRhRJvamaLKY02sUEtOjQ/ZROc4Y0FdggAz7XgljaO0PxbTcZqU4FG6kKuspGKZxmUAFXXZEtYaNnFv0QWTXgtt9aZWdcC6kwam7dPAo2vq6cpXYXGVGbMnWfFTZeo/wXXQFkbJFEWNATqa51FmCvR9D/fgrZs5xV4PLZxmLQkgjhonLOWYR+6hbvfJt0beHZwMgA6BCsOY+2iAYdBZo3zQ6oXy0n22knmXsFVo1G7RwJu4Z7cmohq7Rcdsse9NN+Fza/uc5ApDK5TauCSaOvNljbJOowReWaea8Qenq8n9fEz5LHPQIRYcQz+JMxu3kkwMi9Q21VJjXFJMnlzEFSzZLq0vKSlh1zjTcIwU67RORpeCaNaTjNwwlLQsnyNgTCCTkZQjSQaFDhykRXOQTrfi0/le1tq4oiy9UGso8DZxwe1YIkLCtEqno5mSbgyYe/EQbO/6TagSpfnYAzVjB4Vzlzs/Avziw2et1LvCvrTu2DP7nCT2A2CklnzZrkZgQ5zKmbZTGkxSHgLW9bUKwKzINw/sPIEVSM3G+35ITWdiusXpAFGf8b3SKlsTG0sI63s0RxgtUzXy2KsUqJ4tmNNGPN74JyExxVHY0tUelpPfYbOvtcvx+I/fClBGeOiLxQw1aXFWMb8FNPvtfy0mqO6zxhM/4VGla8qsUW2CuNoz/8CNBIyjPa3UMwn9184JlCjUrcoq9IoRMDNJAumDvCZVBzidvM9dzJcLeIcUshM+6mDZW94LusIdN+XbFoOzM92DidEEq8DvyKpV/9Ue618IM18daVUFmMgucKggQSykYJiV44CawsMUy0TPHAmyG+btgaHtLDbIOcArIq8+mHIUKvrvVU1hmMfpXRZQJLe8+Cg9ConWO/WF64xB4CHuRLc+wTkUcwkVpT+Qj0xCyiDdzfCh+5r6JnxDK/amZ4ppXyfo5z6yCQRtqTKqAQtwO3hlKQeENWnqaiDC1Qdh2TpXgrGIwg4wjI9+5cmLaIPLMQIDN3nLuhkB3/W9FGXvykJ/OlWqxg4FGCci20E2+x54cdnomNmrzPH0nHEzbxMa0Jc6s9wzw3b0Sii30NTZe4sRzgd206PbDU2A2dm7BYUM1zjACoVWp1RdXuiMoCFOdyCDnVp8D4no6q6ZZZ4Uo112POh8nmGC9ArDrSpzq4k8XbbZbzfYq8XgVCl4DrsMFEGt26IMeU1TvK5pY9mQ2bGXTdBMeqiyWF2/tGZoaLMk1fgd1yYgkidy8yuTFvGJselH/iuKWSXmCV7bo0h48mDFw1fdURN1GAIVVfUnQ8ZFMX55UNX+R314gyQD1asUptmReBiRpmL8lqbiiWjYaoNl8QASCSgaU1B75URN5711qBDuFZ6xTFDqCoU1Of2zbjEU8d3ueQ8jUBNeuzpjDGelgv3ZJAd/jLeXtOTisuPAbndNccjK9pGnTy5ui3676TL7dRwAVd6iqjzma5H4A8H7c4NoK05KionoEcccj4kdI0crIa1BT110dqKZYKJXNFsloWL/qz+HWfFqGcRDcEmsRWznz9TQtkGD+fPx0ehie1g+F8l0tsqeX9tJdhUd+J9rVhLVL7QsMMJyaNdgbyhKTO2z0IKohLqYSoelGXVxWmePx7NztAu/ouaazZHK+Ingw7KBzN1UbWyyYvnLFFcohKc3d2r4aBGjKn7p7DcmcMW8WOjG1sW75pjjVwez5qwr0wn57oHGwapq937kYlOqtCo2kjDtKWBuE3vTrnnIRWN6NY1rxhqdNt38I52n1zyiaBquT63TBEM3M3RpknFM8zpguuYJxDjUuDXbfphdTf3Le3N4Cgy4PUjheQ4CKXnXQExZwMHNFFM7N3KaoNM0Tx11WhyzkOawYgh2g3HgbWvasGmy3yo9IyxtVtGwbuy05uCJSdaHSO9L2a37OnNxAwhX4Jkfu/6r4e77FAcN5/muu8OzPyXBf1Om4Tftd5GkL04ZRnKpyTtO+aLxAy7oqZxRVUBNRpUFCidW10wzDWCoQfYRFS0+1FHaN1rVOPOUrLWJJfC1x3oZm5GTOOMwu6jAuaeU2t9fzs1luw3+I1P0HXINTJxyk//EB4hyeRd0qAElJMznbZpAIBx62XwB2Le6+0qZc61Xd00te4DSk/uAXGNo9UebBXFmALLHy2Qnd7JlDuEoPFmGpmBr3JgkSKxdFSW1zTZd6DihUGcoU+3BoHUIweP+753vodTlwsrfbELOPOsXD9RkyF4FOqGYnOtPuDPStHdi4feDcIzHcDX8XKc9hXvqBAv5+XB0TJQq876ACFOgQ3AINUkivtidBhX5H0qh1rTjUDO/YtVnmx1q2GHStgPCOtl4OCjgg5QDmLqOUkdIr9MC/3VexwnCqMOCHMl8XQRNQrLRUB2fRY6d0Gt19cALY2aojfLOKw/+Prap/UXhqc0uxMAELKkDfHRKqtcxkr26UAqNFUBFT+47VWozHRK8QuenA7sY9xwA76yrNgAAIABJREFUMbpOffUisp7V1J76J7hP69lU0xPR2KdOrIdoMrab2Y5h7TBL9sIt1+1zaxkMJ1x24TPg1ft+VD9+kQEjLm9oAE+TlLDxl0NCYXCrYafuXTs9bUoA6YdXPWB+CSOFV0qHwn4E2IU8uxIVG7VaeNcfsr3qwuPoluSc6hAi5T4HzI7MFCMJAiAHa1W60KIbuBun7ObG44Z0GorYBA/PwmY9OP5Hv7UYRZjQZaKjCdJFYmyrApzUTAlJM1cpt58TkRwIAqn1he74wiXFGI9PQsMgoEp/H25dZn997xtvLQKlZMOVSf4mxI5PIY+5F0gOI9lpQMs8hmVdyuruZv+llyGo90PH4A5LJwGd7Y4xj5bDv4osNJ98UjbTh7EtzWKW6So7ilM6IYxSUQeHNur9qSP48ldGq76avOOf8iy/fYsnrS26Fh0jZTRv0lEaIiST1NHYBYA4lsIK7gKhmNo2MEu7SAEd2sE+6EIYbdNwEZ5oh/bWS5rqHAKFlYdwTWhUnDSI1QL9LECVhCE7bGkLsZaOO5WG7bwCcgAWn1kgEEmYLYr8Q1CMp7RDQTKyKi8HolqjgUjvel7BoLhuQI0zA9ACjGMdxHE6NrqwYY9RUJMcpNlrbskqthoH+xwdzIhtp5XPHZ2eUPEkHJLskgDFzwU+PzWc2Oeq2FRJmr+k54RD7WCNxjoaQVBoZOVQa+G4LZu1XVZ/ZlLNM4IjUJOcEsJhOynr7MfgGCXVDzNS7A/SYYQB8dN+VPsS8KAcBDE5yqfVdYAyX5+CoBa2Do95j9KnYI0qCACY7aAt2rXCp1eTIb06HFOiqiDsyMECqx5SHteyNhoeDD6lSg20blHKuwekd4++W/IsKyQJSUqTUhfNxsukAYFr/1rnDrUOdRyzenOilm9bkrvODMLXTe8ewt4N2PiQWp96Nn+yqHV+lPVZhfWbxJbQTSDl8cziNc/HpAIfWQS7xd7pDwed0jIF9bdKq7PTgxEhFNgm/9nSfelNpc3/8Ou0pMlbzGaZjDchU7+4U0HJlrCzZgaURljIUyPdXfKOQF9VMqndfSb9eklLl7muFBzT7E/g2uKSPtllipkKLr0Eux86eW2eqjPL8jL+sG2UiTy9ubg3CyJx6PrAhiHnG64n92cAgZjc17fujqKWsmVYT8N5fMhlGS/rFS+BGCJqMlDdqOFMq1MMVJkmB3A3BbwVnJU18RSMAGyNqtGoZS5cYpBBC/7o3QDkl9H8LBYTQL4fKAC7sDE83r66v3fBPFIt+1IY2I3fzpQ6+ez6xeHaMB+6DBl8DWriM9zMAQzPtuzb5NIXnXMtpSirJzu/YtnuWM3zyHZNqUj30zym9Z+9fVvre0NqDLrUYa6TmuRwsdumO+9lDH4BOEs0+8hwdbedwKT2UbJYU6P9uYCca4SGM2zcZptnDYKfOs48MLEXa631xr2PjqybYrC+8do9bfyUc4Dpr06glWmDWKuzsr/CuARz1uogVovOdjtu7GjP7oRixfU1QopxnKPI4+uK6pfSCoys2AdehUdsFuQzyATkclmLLevOB0kWiWM9szYXklQowkLQiJpwW3oeSZGuSSVrtpYxHeUAATMcB111s25AD6uRZmIAhtlObdKf2MrGIKPuL+azZJ/tIoh7B1WQkPdX46Cz4/qLpLFYF8tN3Lg4nLNt6aBWtSO1cuLjpv46uJgDqTyRkR3lEjXQQa5Zx1V5jQ82gvK0WrNZLbLRTIOCUWvtLb7GQJSXLUvT5DiY07ntQNI6/2WmQCLj1hPG6yVjtt6nxSD1dsGftTXNl2ufNcYq4qNPjTIMdHX99A5I6jdvBvITaUXIQ9OHfuewVg6hzhIt97Q3EjF4WWAsGr0KSU3yewZHNsU6ZMYWTUKlPCEFRXHc1FRmLXwxqrWqADquxcwXMwZtkUgYSMvjTIWIW/hItszjf0ASIhoKiA8vPUygpFRSQSg7CqFahds/a5DkojHi1g8adq2Vtajuu2pd4GM3eSAj2EslZjtJS4GFi+kK+7N2qVfQpA4RyTgm8BGP81K3XqlqMbY5SA4an8MDbRHDGLApnwXXvrdVFGS5kuYpYGdJO5xGkXrk0bEAJWg5/GIZB5VFxYJBhsYSVcKKq2VO4BJMDdven2VXUGVv0zTPSrdJNcw6fXKZUVGoA8GfPifUe+W2WsJ+nF9dhh51cI+JqFbLYTAyjhXSCpgQaPKrjKrEbZtOa7Rp7E79qMksfHhcEodEJaOdbYVizdDuMxJVvc3BZFTOKMTNnjnoMnPMo8uGR8ZpqHR84nW2+bjdCP7/bFhkg/gdBBPoOKnP9HaOYcbFrqrQR0HA0mCxvmbjc6TtXXkNapKUuWCU4ad9oa7yaIkAHgaaqTRYPj6sj84ZY0R7Y31MlpnGK5cMWErZcRTr89leBu3QYrJXWrVdRRnrate0b+Wf7FC0HIaHB1fEbVve1qFnGAVppsSh2cWi5Dgu8VpFvPfaxrLGDexrFEVTpWXDDhLCIuXBOHdD9my0xCne8C7lj4tkdPEpyBS5fXWZJB4tTvQ5Nu0/J7SyUqX9J6XIfd86rokcMozU5AlG0SmAinQSeYr7ckNNE2XH4GRdqjMWgL3ktGXQmsmtcTCG2KkD+xvU9mNTESEmSS2Nrpt1XRpz7KjKLlp6b9YHmJBC3kq0wMjeTmZa681gJSur9jXZBNe4+f6986YXvpul7YMHUDTryu6syT4NVSbcG1TNmoN+jJadMYvR6LFOKLhSz3IiODxOMTfz92QTFxkggWrDH8X8J2u32u88wfUJkVuYml1Rn1QuwWI/miipFQhdCy/pyBdlHMQkj1kMM+XGN5Zrdb0ctP4Q7ojpRhuT9TVeTDOSjZsbUlh7Q2L23YWUzgryc9Zs3T2/7myyr/aue11WaXJ//3j/oFVf5TCCcdBcmeLY0YpJqGZakFf5rMK6POcUZY39zkFPh4Zq5gNZbbh89h3wggL3HqX34WPfA+7707CfGHh6bIjl8cKBmrRh9qePnvHja9LQa7+L1K8efWmmO4RePD30UwCGYOug7ukXjAak3UkhOznvgxb3gsfwyzGAZcDuejI8w9X3Amdc8SBw1mVovuSWPTUIvVfgw++LChm8rmTI4mi8SNjMGtdNERhHYRZqlOpoqvM5Z5RKYtybA5aZPVdGQhWXOFbNexWuCcHZPCbJx5eEsKaBZokL6tqjCqJIv4IAUEUHYZObk5CZqGA43d57ym6DPouHn7AJUJJKVVfa9C2p1WFyDuNElUQpRqB2fGLbbuUpXoCrmDFDeHQafSDiufbJvJSKxYEXMJ0j/nisHKQNBAnWUWKAv/QrPTmbJaeyMmwaC3W8YGjQaiRblonfTC32an9xvqQO7jGL2khtcTu0Q7uSCAGro9utGpAxC00OKfbqsxkgUjCkLNckBVda5faFznB3uWsECeqr+XIPFfqSfWibDfsrAeFrutqza8dcNDISWbqzj5l7yOyJhmtEjmvm4hJ8W/4vVzfEnAQFLr5OdGfvdls+WIPiekmo7pkL4Z0dFjsYZB6cp/3RNfmL/IyUR87haGaWjIZC7cktkaTDMXXZ2oCBhLikUWuDVK5IQ5+VO/GQIdhh33ryVYAcHex4Fwl9Vw0n/d8C1Iyt5LbFBb24POl30PMFgRaEIujbVTKo5OQSe7DjeLTFZSBaV+h5YJmoQXkh52jYfWoyVSAVdeLD0ZRrhpqlDvzz6TACNvbOAEfW2kfAWJ9UjscAlUxiVGTVE4nWcOJi4yjPtHbBx3H0qda/t0nSrVa+mtKHyVBqHnB4pMXaJcg+LTJ75rBz2kaW4HHO+etn4UiSkFmDaI/LWuHZUabSjjU6fVK0fVztJUHrGu24yhiG2OfURpSEwTjU9e2ZJAHtJlqbtYztjleyOcoqB2yW0TTi7Mpm2Ddm19qrXFD7g2hSjx83WI03sviHMqXnEiXDqmg9apWF5REVR6rWG2PclpjTNLF/ekvMjCpn/KJF4GyHvPpTl53Gv4r15yNikSGrrE1YqTY3P9MfHefkwzXQMXluv4MiqPAguwmS+7Vtgbv+LoA5CZGmGeryymWSq8lsWzJzXKzGKCwDP6l/UnC3AEVyDHYRR5XAHU5IFFMo1SFY38qra37xcIiqv5kKh4mrydx2zdriHNHkHok1SpsxOLtXdRha3GEaydlB2ssj5qwii+YLBJ3kuuty5kIdZYkhbzakTh8S6sZNaqYvJCrkn8K3SU9U5nF+0o8G/ZdWTeNU4L87cPDNMP7KhdnVdroOWeW8Dulj+tbMNa0aShoQbE2sln/XJnwp0YXUwIxfo1cHlvfNG7ut3GIKjJ2f5FGLIZU0U5cr92ZqRjRFzNxdkZAgl37q3EFosj6ezVZ67r87E91q79LJiztP9LNYbQ5YACKV6WcMRn9thdiNnPTdyNFKA7zDCYDAn3UNha1KlxPLOsjJNHp8fDQBfnp8ur31hIRsu1X2TJAB+TNrb3qJgZEDzozqqkH+9gwc4zCN3pDdONIi0YYFVMemAem0xpTcZ2M3eJ/8ErZlWICaqjIBWqUaFxGlpWJwY38dtii1NRHvpK2BmuVfv+8Gqk5X4swCzSAiYTaTf9+weHp9ZxpBtm+Nm/0nwkTAzjkVWmbMJEUdFo2/QqLzgYNlFgvZ6fy+Go0CZtxNajjHXiMJA7Sadm6spdvSft73XwxRsTumfJmc3Xey4FFR/MB2mHc3Vv2mW3R30thXfsuhnQ02TOEXwELYZQZNcgegriTcCque3tMdTdRwfah77FpK7AxVw83sZ++18sYXjdLKiChlaWgfFLeEuah2xyy+gE4GyxY5El6eWLeOFp7es5HPmar+Ll3lg9Jfn6vZyVVttu0DPRdMv/bWBWdhfBVgO/I8jRNZRQqkxRhPJ26EiooiHSK7lBWmG9E1RYwUycS1cyQqS7GDnMFSu5akYjbGNTsBqFHZQfUz0Jpv0nmBPGqF4oBCmKyjz4U02Yfh4VO9rWTZvJTMMK592uE1HO1ellOyo/qnOkfhKzlwcgVNiLXKdJQr4OrELiCOWYzqRWlOLFbtXFaexNpdlSlrf4kgvRCP7UHQYbAzZg8Hg1CQoq864I6Eni+ZPEueK4rDVnfOX9ZPpXpG0pDa9Eo7ok26cKg/QM3FGNvlqJEWD8XYvEWvmtfeW4yqyLcr6N2ig8Jqq8vcdjAbu/gLFzmM7Ai0TZXLJYlJwmnfe9/Oqh9Mg/jN2OGxBSDbX6BWvf3BUw15p5O4t/nArIN8Y1v7TWGlAkf+2K2urTeVr/GxCrDH9RItMe+ys8bBqaTkMOsxXUJRuBitV+od9QtfeYchPkwUEAwNNARToTMsm55ZTsPMqNAEVgYxwvGJLl7KspTBCYalfrq+K/31vKzI9xlOYb4+ZoSjSEq77PJsoLzUVgOVqs4HQCIrg8yFp+Ghg+gcRp+6SRpXTeWjOFZS3/ApBy5JbchAAN0aynul90qQhQcP04Fack/LJtJ0xjtvWXYnlFULlgNiaMNQ8z5qELc0GTr8JnVCVC3jTki2yxb9a7tOpJXD2QKUrrFgE0lbeQnnqLcpBneZtsJMXxxGUlV8hyP+QbuO6zhh7dg7UvRa4FqXOSIrrmRNvbefWFwKh4KhygozEcyBa+tI63Mg2DQZ8FWuNJzN/h3MRYjt1u5PbA4VRh/S/g/PU77iUU+HsByKSY6e3FN0IclucbNRd4YNw6jCeKogVbr9Zbd4xPhAATmDbToSrAjHN68f/vYgyuMHT+KC3nbek39KFaynVHVxuyo+0c62uwKAYDTCVfO0i/FeV4GjVTQshUrxL7wyBa+Gl05X4wJl29EtHjOe6ddhPP2D3EucHsH26kEhnyhTNQ3KWgVQ91hv1C5dHxsVlRfoZpRabrpWWuiwRqcLVNB4PDWaAbYVcgvPFFPWrRMAjI/55RyE5exRuM1A2iGf1JTI7+k23JJ3Ck4vC8bNvMIB/GAlcmihAGtkiuAwCIV1SgUOdIu8Zrh9YVKtyftQtGbS3auyac8Ul4d81TcToN7kry9gag+QeXoxRXTQs9/xHzg78zEmgteZCmrwPARDU6Om7JoFfJ9X41irZLvWj3JEKaRzgMzbSYPQ7vKjSatfKnh4Mgc1XYLg5k3P0JHw5PTdM5L4ChZFgYx/psTOnoSaEQg3yHg8qMdbDkcJHzHprHC2cBwuWHSCwIDpaAwBqrLMe1blmE++iO+0zNRpZTSCxpxa/sW3Cz7O/3wR2YOZ5PeY0tQ52NwPLf/29YvbV37lPe171rJvPbi15s64tXre2mRlUawJ5zAo/TtrZdH+unEHEBx20No8xznHU9nSl+EOs+x/hjlmpfP8UjRTm7UaYbJdTu02pObD/lwVoLnNhfjXLx+ciM2g7hzrFIlb3AJUNLboz1YYdALYQmm/RNHMCqwxmPykZsgFQX3QOUZXh5gysESDprMGMHcUhhFFoGTaFiPpotWW/LutyTPFZUo/xKFS004nWLctUkLz1TiwTToHrCCzD7zj4E0I41ToYK0P+Ii1O2FAU8KRaZjhUS50wPLfYKw9/hejdMBK62JJ1Xqf+Hb+4zTvKEfh0aFRXdxmIvUHSMKmfb2+XgJgTBsgixMHOCSX9DrEIjKSCqKb+toFsmMvfz4yZoocNlNkaMOjFoVt/ohJqOKS/tWi76jG3JrrZma4JzHn2ePijDw6YrOMsDCNkyguYyZF3wiUwma9U3NQQ5lOiR1fmOe2TGBLj4oOkr3rkpVrEikGs1S7DCncc5tTDqmwpyZMpYb/zOtYzRg0bODaTHTM1OM5QQDhIZhLImGgKOfXCdvqp9So8y7wSxwSbjY9hsl2s5WC1Cqask+GnJicYlNJINNGxG6kkIEiNuSdANF+GzyNSqkN9qCm//iPAN2ATlS5JKFp1d7e22m0T4GEf6JJvwVPWXEnFbyUO6TiCeNYjY0f3dG3rGByX+bm1gaCKUwtjbIpU7OQTBLo8m23vmf/HmVRgk32y5euMd76dTYhtCiUQX1d7ebNsrcw16e2nsUR8o46SpTOPBdaFZ0WSNDIqGStx6fqLOYtUL3NAQQWvmfbTt0QkPYDnoXmuJQ4DlKgvtiPLG7bYYo8ViVxFW8nRleRIFOBQkCWKpghW/oos+ZDU/+K6ggqjrfaI6CZBNKD7BP3HSqc7xyE98AdCVnkpwdxGHzqJJX3x7O1yWj2AxfYoEnm4b8kZr6N9caV6tN5LKCLeyabMUotMRl9ok9FtYmw1WDvfbQ/W2xv5gmq+pLLyQgHlMLg4avbqgptHzNhn42/zFDzmWCBOmy1mkey9mlFdPHu7yqo/gDMDwM5Vh3YanmqO6jklG/P24pmhMprMpvYSe1aP9NfYlY8dVDKfxfTfV5xpgkscc5zs7ggSEeGaIRbw2QlEV3hmXpUEkOOa/v8alK2WC8ajklV/UKpuByTxWJmbse2dOazo1Ss2T7aKadTo3D+hfprl4Z2niMhTmtf2/0/vyXsiErHKmsahstsjvKUUk1OlZ3tHkXsr+DSZuwEdgashXbwreFhRCVZqt5HNGWmoecbbtmhaY3cxMxFQnOpLH46QvlOu7h40EujQW4oBDsAvlZYyohWmVY5t7TuSH59TZMrZc9N0wNHB58AglRwynMWlZptNRtPwdnnkEVh0mC0WXbwiOUtT2s2/I0YqWDyb9Jr6VySDro8a+pPf1NFtlGY/uaMPatimjYkIm1ZZR5NN/nZft6wi4pVutnDSrDH3vmdXUgtO29Bt19owtiPAchpTMSG5mmzcCw2GctAJXetm7TJ9cB6gp4ZkjmCp0F3GvHq9duuUYCWwbVkWNhov1hQtsE7v+ZHkHWbaNRcem0l2jDcLGPPNDbno1fumwuPxetMdK252SuDzJ3A0l+7zQ06R4mA3YxtcykxsfGvrXE+yxRriqUxy+71YpUaOhnoN7V6stPN29d+OQuxL040a+7Z/LdCw6VwGr9+c2uCYjFblDRbYofiCwbB1ENGaLIxoNVUf4veDCKiLllwl7IzvBMGxgxWs9AMVwooQjTdzBQlSS6+O1Vym05ymrGotlbv8VOPL27uH/uVnic/M3TXc+u6ONDKf5fT0Lx8+WDn9cdbIcYwrmkYquHkTV9ghqTljLqJhdgQXO7r6323vvHQoqaZWRGjMicVIxmYZgzeJJ1iqaltWoxD3Py+UXdMdXNGi5RMmNw8pDG16t91kOndyF1OVIGoHmw/ZnXgAestMUmrNjnHrM+f6xT5OsITbwhwjGs2D28q72QrNVIBy+yZ4QsyX10GUSfw+HM/eKSJvg1pzeMaLNyyQ94KhihXQkpwQqZwb/Ms8lN28GtRb4l60EYZBAjLFzUc4LNz7Rdk8Dlip2PsCQlLG/l4HBQOg9WHXnyBHMFAIox485j6hFZY6lbCBIE0FVnnO/A1XTuAF9rTM5FBSYJAsHv+HK5sLGvm8GDWYuiqiZbvS8XsvxWBGS2AgkOp5yX3uVTM3X0VvuyEHS+ob+pfvs2BEz3K2IKdj9lRrm1ulNdgFuT7RGOv+FJm2ZvD076FjvotVVIwo03R+HTuKJcWHhkLp0V9um840G9a/ZkVYmY3EF1MWwAry0D5NSDT/lgpWcMcbo7PVo4VnqiahNiNKWiZJn2zZpEVy6pZxSJ6S+muZC5oSxAp1EQ/xYWuvFCsv3/oUapnmp+Lu1CYzQ+SEIWhi9Ui39pHfVt9V+/ck9jzol/MG+5S1LvDrGd/fHKxkIpu8K9LZdKU8xsMzh8e8sGLh8f7TuqMEe5sDLguphcyC8ZyVEtJ9TFVgcG2v45nFcWx7a8NxLYOs4Rjbg14trc3ykyEtKOr2dWcIYudY+5MODUu8sQ24p7OMEmTqaRw8x7F3LVKsJKS7IyBVSRoOLFRx9H1NywExyFAiIbcXoDmhcNo1UpGlIoAHQnJSB8ABNYm+vYz+QSLM225vqZtYT2QEkXywFYT7152M1nl7VU+LasiS08YL/W133uUaxim2sW2oTiLhnqmvdoN997W7JnZao3z9YtBvBAkNH3GNNbrlpMHbmgnWqsa4nKKVn7ZdftDe1gfmybk7J3606L3OKTFefORcMX7ELt9Uq3ulFsP04pr6H0g7AvfGp3jTDCG6OvaMVXjVQZBNzztYpH0oz9zoCxLKDuix3OIwmiHoX3M0TWMhVZJqLytkk/K1gH6DkBUSf1TJnO4VhofgWPR22FbYDUEXq18qBiTkoKdUmgo2mpW7FwUB0WHNduof6QN6MoiPjsJiuHJkCfim9hLwW1+COrBzTKSjxLl3Z4Y/2THwLCVfDNR6u0HNVN7wEJkaNujnxfqs3DZv+m/Lyex92548FurdNFmZwm470y8Ebnx5ti7aYEaJWYGWcVc8N69ROvsadCABEOz5ADJa/UNU0ur5G9kRAm6m6ABLkGYynUvKYVMlMzN+xaDNJo+zWK7M6R7hB5vbt6+8ctZbFj4NPnY3N27ss1EsFwS0LaREoyGzJ7g+eRG8bdvPv+lL92xg7jZioXo9EEoMExT+WBD4hywzMdoBe7ezQfe3H+2J1AaDMv5Td38aozv/ppnmm+CwfKd5zSDoPWmRAsFYcl6S0tqHAEFQEruDpx9AeP2/dvvOLuhA4kN25muTclevaf3ApFt7TR92WDfOUy/hWKkqw94GZdEA5huUDIuUu7VE/xuRr+jPiylHfNgy+MIm22YKN989EOLhkjON3VgfDgD+vLO/S+mAJ+9fc3TAibO3cHECubg7z63uu1Oq48vH82q8wYKl8PZokgpXJZC+lREviSyccREK/nrQVvxDjHNprGPNGa6QurVq59/8+4bA6kTN4j7weNi8jj5Z18/fv7Zyy9+5bt3X33VL4226J90tnA7mSB95fdrHh5//sf3t+99WZvB65DB3O0Q/GycdjJMoC8BFAfU86ZTmCukJHNZw3uXLtgGvvAJaSiPb9tVW+z79GGa9eHRj4QqZxAnia9uP/t4f9+30VfSeIcfp5kDdjkkWF3aSrOmWl3jUI2GhwO0ztXY5jAbhyD7BMqhVnx360cVrO8uUszY0Dyfmm9dVFuMMAu9DpIzwq0X+hG2ZkN9x88e2wBnDpc4P8cg1nsQeh7VVuS1YQLb7g1ZvOYyNugv/t6EfDvCqCNv2GHfnuP2VEbhcJQ1PNWKLysH4eKHLl7+8I4FHmQELJmTWzdrOjiTjWYsJ561NFwSsYOElBJPzxDLVc7U9vWPV34WXZFoWn/NDVnyzvxxODWLD8bMj4hBNa80sYGtLrSrz1ttmPS6QmYT8aqccji3ZWU4fBfLTYn7WUZPfGBpirz5PDtbDklm70LxdPbJMZHUt9w8F1868KO0mmH4xiubi443LbTE4gAJXd4r5yDoxkpYZtuR9BbUxagAqFtBH0M7YIQsIrlQKTyo453OHR3V0QyV4uo0hKDgr3Qcla3wUioeMS7VH/NVosngEhjj8Q5G1haahi7I37598+D7QNYyit33d3dO9d8/+B2yj1/6TfGHj/edxfvR89uSldwGtYzmVxLYKoWs69eDbgoDQhuLug9LIr198+bl60djpuUR48H7x6e7fhTSjMiPLLx9/Pj6p75rdPO2381yLsXqR4ePd08PH7819b/77PMvf+mbb38O783Lu8f3D/vVcGPb+7ubz5jdw4V4DDdjacMWZXgDl3IUazLAOp0DwEq0KjOJKkCP4SOrXI7g+Jqsezg+MaO+Su21FBQbwEGNe3y2x7LsXl4auxk6RgGomVeEpzJ+KAdwzoww5AKuACG5AQ5VbAOLFJqoDgwlcfOWwQ/vqDvMJ4o06XytRhVUsv9KOjpdayKQUvyTiIsOob00WEEJDlW0aTEZPopHcqIE3acYCkQ7yLJnYLNfH97bhj+4AT6UiTkHvdtqrxCnPmp07TpJluqTwjw4prd92DJrDa8t+h2dzwt2PXy4nsnm1B3EEaua8EPHAAAgAElEQVSUbK/NTm8X04vhAH6qPzuxXetOjI9dyJkzKh67+mohMuBJStXL7pNxVAlAmtUs6iKjCUm0hzrLJCOd44O0bj8eBw7aZ3teGqh/niRVE7trm1TVtelt/9WdE4Aq9uqDtLU8dKfg7J+a6YkwzLbzhuDgjL72V0EUoV9BpPanYBolitJVanTFwXVc2czcG0WT533LJ0Ykec3dh0z2W99/8+tfGJa7eYXlfRXzdNwaNVWbPsRYtCu82aeJQip2F/frP/z5+3/y1SYf+mHN1b5yV4epx0Nrq09/5Vfc56FsA0ZID+wmCKHBp0lXOR9ef/ZFgIrXH2+++fbpN381elSQqMJ36nvnzY/myv/wH9x/9ffv33zmTKRT2ogvrzz6IpafIf7f/X2o9lWN1tOhpLgTgCR+++71v/byxb/84dXXP6B0s5qE98CE2SDdA7VEpBWLNM3O5n7XLCwf/vHf+N1/8PYnlJXAW/VCvtXpdOvGTaw2iV7n5ihAuj7cKNqdnV98+fZf+bU//NWHr/0QQPcAuQ3mDQu6hFC2dkr24acv3v/QwlKmwSv3BzSExmUGbygpJfbHzE3C2Xr25OSHL3/2t/7ff7fHarozxx3xfeksBTpFK50Fz+E+vbXH61ng6cXT48uPjy9/9yfvfnLfKGwcZ7fHJtRNHXr498sPlsn/869+/usNXx+B7JSKjjtrCErTe0w8lNSzTU33n3LAxztuT9aHD3cv3v/uH3/8v/2tr7/s14ubW/nWBAfc+Q0YUw1hcPPyn/v+4y9/kW1y3TIyz+NSolgQlFkzO012A45Rcmv/+L179/C929ffZSLGym6A22+Avn3lysNHV9v/jX/uN/6l33h6/dY1Lbk56+DSqtv7D9/5/PUfvf/wP/6f/odv+xYDgTsRW4R2p9v7Dz/46um/+2/+yr/617/79VeeWtqotwh48fBwf9NvC7PV5z/746/cGHF8Vz9gEicPfQHgtR/9uf3eZ7/8577/4eFrBrmckZfP7tWx4cYZ7jwUI8P4+5uP7+5u717evv3ZP/iP3v/O3/aVjy4lDYGeQhG79fzb27e/8hu0ys0da+5mJZGqWlnD+ZvvfLdwqrePv16OUhO2ePnyJ//49+9//s3rO5O8jd8GBmct+rlPv6Xw5Rdf/tlf28xe8KR/Qbg+3OHN6z/6nX/07Y+/Qluwuonr9c3jfRdz4JB/LF7+03/tr958/nmhVzY/Ou6zgoqD6TPAzyYoxE/hRioEC4wIK7+sHT0x3vpYmPR5CisNRKySo7zeXWcoUqJawknuCuoY435a1uD5H2/+0YqSOB5bB7v/Vz/wQ86qm0q//Ozb5rsCw8NAOwX68P5X//xvvf3ul+aUKBOd7EGeLyZjjEOIQZ4NNNlBbY/nBinJoc9IMtbUev3mx7/3ez//wQ/WJL+WH5qCtPROrZ1++FJTZ+Z1QG2lBX283sWoH9++uv/OzddNGk4aLsflEoJ17rsXL96w37ff6l9nzp/4pfa+U/XibpeJu1ct1jrtOMNs8luKf3Hjdsevf/IonoKjQx77+7Jr3ySm+P3jt1JWJ63jnF+UT+90zwwr88lT2XnGyWPZoQ/0tZhdBnylmTD6rJZjI2ZZDDnFmZIM6ZTVz7j95m//6of7B49jc9so1DKEmxa3ylOjx8d3f/s/+P0SS3n4XB3ceJG+Qui1ex01YQAZZTy7Y5DwDPrKUyRe/+5//AddDOb/3Uf0eO/6AO/0VYGH+5//S//Cn/83/nv/1XfffPvhhZ9Ef3H7pq9GkfX48N6J85vP3vxv/td/+9/5f/zNu89uXGFNTyOv3zinEAl14hd/+Z/5Z9/41a0FTyN4+a0emmn0mhPkWaNgaEpSnNdwpmFIrHrzqpMx07P1I1DelRANa7ljb2yoEjnnkIBh+3kwElvR5EMOKUyQ5DCcigLHvSU16mKCYhjSjl61U7l241fCqexsa5IeCTu08TuoIxEmhU0bzxiIE7MTXDvNmqtcXBQ5F6VW8Vp8BvvisC57+t/K0CQK1Al/pkOteZVJLULbLoSI1od3DNthP2kRrVnF47mG9jK3/ln3HdtnmB2F2lZ/uIT6iG/sfM7E7SD8Bar6gO5wIBIqAIRo3GoWqLVvR2gnVM1h2gG1kjmqRET8qYn6NTksqlu4rNm8p2gtfDSsFGchy+efai4pqoZ9DYqRxCBegO0gxaLyen7fJ6Jh/9TyoKXpnKVtTRJuTh+EcVidPRF1iYhtW0I0uU4ARleRLWVjNjP0udKmKVEdsx3hiqJPWttlpmkwcUlQeMqHIuY5+JJfozGZ/FyTlnlCwQx4Md/o1aiparOclnOag374tS9e/MbnLx97CopaI8HEhYtLE6ePjHtvJyZ632xMR/vBz/ejtVvNQNEkzl9fe8PBo2yefvWN2xubFZqXHAvUeucDdcFZCrGJPQBEFpW7ImR4fPvi4ZfemEZLmQ1MqdpyZnN9t/WUjj++fPfty/uH1w9TutvEb82dG3JMr92H9PuPr/7Db27uzO1h+PjyzZ2Z5Yv7hxIPiT//8OqX/+DlX/7ywzc/L/372dzGgKzX3eT+nBIUkcxaxp5JC4O+zSxT3N58/MOvHv6P/+nvvennZnS4Swu0ZYXjjOyNUZY0h1am16p3p4vlnPuHp3/hf/jh1W99fLpvxHZW9vGbLlV8eNfzIKwzvfvph4ffuXdSZvq9fkPlsIwjRvXbCyprtOKY/VnMQN2gfvPiP/29x3etBWQsQxrHCQnuqg/Cw49AlaHTj1nmSS7w/+Gz2xf/rz/6+d/+6b2JPqfySONczrfA4KrRx3f37/9Hf+W7t593J4GFPE080LPZABc577N6b1XLqUp3+Uu2TasN/js1Iu3jd15//Hs/fPF/+Eevfvkzs8mtkat8/cYF964j3Lz+6t3T9//ih4/vPnyzgNLmGJPKO+kq/jO12XSrZoqpgGrzrRev33394c3DArpu0apaExWBWExTA6YP/9SvfXb/xccHa7Jv3mRZP1B/++rpoeH/l24+/N2/+ZP/09/40ffe0oyKJa7ds0KGS/Mvvnn36r/2L//yqzcvbz57dfOF6ZAVfxc1Xt+9+FxPyMivb775Oz/++I2mLYni3sNRQu3KFdO/ev+mX6qrfF5s3maHmILPazBn8NJzNqNvq5LoXfxH/fpnP3v6xuWoW9cvjAjaWMUTLA3KbH3z5u6L74tZcOKmtgV5WBJxZFpDfHX3ZgYKWQY1hxO/hvFXr7/+ox99+4c/euEh8YIz66WGWWyR8P7D3a/86nd+/bf9/lzs6puthJ7UgYP4/NkPfvKzf/R79YBNXGrb5LPuhlW/WH3/9OLLViM0U95WfTGZ/l4KwY31SjrMEvhfVeXI7KE+y6Hub20ZYXarLP2rbhspa7StfPu6wuyqZMP6MfzEfKIU/6Ot6ywzqDkFI6mbnBIG4uH3Lx5++u37+86hBd43f/hDSwf6Ab1dFXt6fHT58je+9x225qFuCaNaVpjW7ayrD+fh2/CY8tilUSRpxSsapdUsUwzlwJevvv7RT3/0O7/nkcduFm91RuaqWfm4hi593b6ROPQ46eKSTxxLpGf54O3rdx551TiCfFfIOn0QGx9fvi0Xf/x4z9p5dIE71yqXxF7dF0p00XnlmlSUh/JNVwWYw+2OTgB+yhSYm7Bu2tiPpgmtvkKAMlDurkxH+gGRLWaPuTgNZKMK4oHz0q3jjOI9j4qlBhpU+keM1ECT9Rz5z5qLrsU2QuUSfAz48OXrt2/UM5Qz1sLer9POPvL/j3/w8cd/9M4t+wTUiHJrM13ygC/sv30rN+k5qez7vuF2gfgWqC7H/fCf/KSs0DqRC3s9EsCvvnSSfPPm3Vf3f/Gvfeef+Vd+892PvyGiZYW7fhymPP3q5v7p4bPPLVv88R/88T+8fWtc88OGb0j89t2D1Rawb17dugrxz/yF/6KAyxKksn7qwyqOWhOhIZtmhDKUt8Grv9Gljyw0g0ds5SFGWTG3nr/xPYXtjjqH8sTY0vfYGXP1Ba4YmBVm/ajqnhiXelYWBQ1wezYqLxJXLdaKi4i1PL1grZXMdTk6ooFXSFaS1/Q6FxnO4DEIhqmfvOLADuzh6y9NZ7BPuxOlrK1WWaiyxDXHwdN+W8bebkC3E1F0Q+NtjR0K9opi4l35CfgxPrRDWGeL71Ev8zv0Njm9Lf9n7ZQZr9OiZscqKYmwI++0DMQRGn3CUmkNVnAVRrPa620Hl5UqwqRm0wPPOcnUIiGRTlrM20qzEQ7nQsrhSLQ8jq1Z4HzwyfyuyNFUbnBAf9rEEeWoepsGwjhG19/gHSsdLFXUZhUxsE3iBNi7tmdDVgIzml8oUlu2vE4AwoCo6gQlYPQrvvw0M1Ce7ElLyCdDT9Wow3F4rH49psJSu/rTf5q2ndaz0og+9W2w8uDxwVoe1IxSMxHQI9+gUJAM1+bdt8FgWbWll2Q4OS5dkty0dYBoq6AhJO2wIWZJJP8k5xhB7suzdffw+s6feRZb75ERaMzzcrM+liHmupZIu/Ojm08WoapiaM7SJIRgradxJqaax/6ghnanCu4tNusC210lWjU3aQIPYBnR5M39HcXk0i/GrnEQLtnfHWlGw8/KKN2nEvBkaD/4WahAKWfJcoSXAzOO2faLp1eff/jsO29MbJE0SU4IYubsQkCNs9L0NMDhqyQRbm257/4Ag93tz1057nzk/ePN29v7b3cfqAXkLte6CP3h5dueElS7JWfy0w3LkGzHu8qt7AWEUkCYZAB683j3nZdP74zct1bUXVTBJtXDkXGPoXdYef4oDMSaEeKDm3C+8+7pS7cs4LevR2M9JVi+W/Vfv3n88rvuoP/Qjyp0ScQlcxw6kUD40jCUGT/cnBMIB7xp+tAKF2FWszwh58P37z5+7lsCznI6VQzF+y4AWNF6/+pLJgHHHfkkFjKcSoMMCyJtFoWcghn2qV/fT6zYc5f8XMYB2nbGmMPTuUvk4DkH+Orb9988WpgWfy/dDOdE684Jkrh+dfPzfprn9fc/f/Hmpd8M4y5nlckhw71w5jROVeLFiULSfD9ULisIDT9wpgNqYV71ytdEPB0xuM6gOpk1vZGrP9zdmXi7MrO1Oz7LA9llFt5+cFeg/JqbnmC6ag0dKFpTnOZdwco4nYm22sfUbjCYC5qQ6TioWb/5dr0aa/Bm0gI7YYWF4hMXCuss9+YcJiT10FIyJ/NioWOScePJrYQ7SHDt8WUR8R+OHhbJaLbzO1Nu/fGjDwlD9fKFb4KIrI0HmgZgNpwR6nDtFOeV2maYZGz31K6wsknnh4tD5Yo+HTk8XNbem8P03f/JhCnRf5JrWs5Yfjrj8VVWozjto9ZH7Q5roG6ZWCkXo2K211YxqCw+GbHl/5tHz511OfDWeRVpZVHxOXzJd4DNPtKVqX+heaTHQZFMiWx0CGJl1l8ey3pLWy9u7yyAvHhz209eO9/QzNUrfj9DSVFLthQtOMBPWEsVdutL7nSLfSshcjaSkceapvpiqy2TXd6wFUMz3xBtPULJMs1M2ejQcJW0zVcE5rG3tnFQjkERo5WgVZx2bSHz1p6C2ch+RY2Cl7Oqv45URVfDUZ1dlBe7s6N1/7k8uJozHrHtZw+37tzdunXK9U9rEg+PnQOo0lgKFOfOhZ1yZ7u5f+BEdGsML1yXc2ehWx8TBRUg/We+Y9a+Albv3Zzu42vrU1UYiRj1/d1nbzni5z/99uO3wsVl9Q+PvkDlm2++3euM/fWt84S7107d3Znk9O1u3nH+8JYAvd85x9s3n/XosSTatnxDx6ynnjFZ/jJPH/a96syZVIMMnh9Oc6oEfGqehqsYu7Sx5Z/xnwGPimtTXQRnrpu9S0/G8ew+46wyC53kHfXiJAAs0hMWmg8caSGz+wzs4Cg2awZ5OBY5MTmoHa5mHHBBi5Aw3U6r/gth5Aj3pijF/TfwHksUvRUuNOrRtZsIjWpQ4/N5TNhxNh77qKNZwMcn5dO+ZoOx9kk7O1XYrcreUUTJ0T1exWwkdC8NH27UOsR1qEQm4rQqy6eBBmL7cFcX8+kx4sQNaRLGYgIPXWVtU3rlO8wotTmvjrCcqIvm1Atrw/i0oVf2yC81Gpg+26a+0ktxiZPyDsJc62ukWM5Z42ce65lkNEed9w7ro9FQKXhuwQr245vIZM5TjjL5JS9cYb8C036o25Taukc6lqdwZadCXWWoG78mKnqxc50YYZkyg5nA8t8A1C4e/GQvXLnXx6iqusgqa4jy1ngK2pn11zbqmd6bbUpqL4A3+4LCvfsP/FEvEznWD63blv6SqfXuE6iqCf9ZWzR702Db+m8RF6htphFN0dZ9VRRloUJiOMKhCUezJ9jB3jabl23LnKh345AxLH1lq1g3SGyWk8r2Ul6ydFN4NGXODShggt4IatCVCzszWPpg/CazZuFBncAeZp3eO+t2nmOhx3TeY99NuLViA7L2lun6P7wSHIPuFq/cn2VnZy6Wee9AUplxhsx0LynNWG0kc+3G98bUMw9zX7z1nu5uh6ApkltQjC55w4313zaJ5M1l7+yTCtnA8I7fsAzNQohlGlFJyGRlcAM2tL7w5+ThxhlYKrn9iFODs8hizShTbtDxz8TQbZ7YHU3EGvMsdJl/54ss2ETctM8aPRubwdxBVjcudJwAKG30Yorc7cK0vtrsYq4Pnj8+anxMjU3hye/Xj8/Fgj0M1LQyFbdshnFOKdQZsSDIKbAR5SSJ5K4GpBT3RZesPppXcbYMeQynvrYV6wMB9OY8wHUfwj64H8VXut3V1nP0zGq78pShRe7Lt3daUevOA/vype9pvHnPWY2pBl8/dYfu49ND3+vF2rpmbhoO+mdYiPNsUksBHLSrRsU5zKxRxCK5TJQC6VnD3tMA4xj57+sKzT3OJBtWTt9N+ae7zEzR51wBxoxQX30pX5F5OmQh3XLmjEe29rs8lNQ2qnL3JvDOBFilc1V3QszBu1i0dB7/Q8+mnMBIJbNirUDwuwtvd2Mhw7+6c9jprZOsIOU8/qXAwm+ckq1ZOhcubYvpik5h8DQZXbTbDmVlCma1q/26vbIC6OIXQT2xtv4rjipXVVypN69SWOMNcQnJA88N+owdNWLNe2OYp0ueij1ywH2QoW9zC1wLv9Fb2L41oZTrtnLBkXWKgYgjYQS21xTpyHyOoiNU3xyMMc6BNeK7ycrDZXNMRIj06XaRNyzYdFo700v89ZGaYcArTVBRlmvTg3Axs742MdiWyuJFcPZZoDrU3Illk4qZKG4VxiXbDCXF6gSCXx85xk2O/ayb2inbzGAdvTwZVVehoAqR44Iq/6eoBiSqqCjc6YBXx6sOTTxtypkjv/mbSWMxpg24LXsXKgrIzHpzv/RkiaCTtBKvi4HULDA4jhrE1ag83om80+1JnzhvM8hE40vaOkvi606oNcVAx4O3wA9beaOr1j3rrOulXct1mbDv5jHbe12t21a78tyiyd2NcwGGv+kBEu8fP75/++JOP3KHpxSjXWcEDYy6mFNxenJtuXQrL8oJxjcHzLTFWGYIczg7AtMHmFrNp5nQDvyNC5nrUKFY4EafQcci9x/+uST90Mdzn70XwIk8HzlQm1olLcmtbHRYMSpWAqYzgAoK9eTXOs68dnaUcFLWDa+/GhwSn3WUAFV0lDvRAbYmMayqXXvnbWTVVDoK8lMo7hUdwuRMPZQZYTUBu3iuaEymSilj2z6Q1cGIOshxZrDxryxCrQqfbWnlbzXK1+p0yBpOhQwchFAlcPu1uRgc9ZvZ2CoNB/KJO1RDVuUzVMUXqO3BNWmRRFvTGcH++FXc3zOmo8oR9ol5zj0NUujsHSMsInj8iM+Sh/KEx6IkecUecVkEwWSUekFF/twmvshiUtJDZ4c8JNM51hV7J7yG/ran1YiScbSPqm3aem9JNb4rykJsOg6VbDtq1W8K/AgOj9m7ApuS0y6zztlZgV7es8Qk2M/boV+rVG5HDg3wxSp27Ua35urPIWtd5bVpWhDjiho51qmOXd2JbtIulUhv4UIyANl+J1dZUDo01JumJq8QY4Tto28WVYaKLr9uZNK4u08nTS7Lnj2QZ2v1gzyfxdUcxKT4DA4gy1gzXMIDc7k1pye0DbMp8t5qjef8uO5ujeQWrHktNezu1bjiDn5r2hVm7WbefUkT+0XEbGRfei+tgA2PHBr2DQ+iS3Y1O3SPCjoTRN9bhtO1a0KwS+kCc9GQTXot+TRQZJSWyo1oRmR3yRhFmLoIePXGVxM+fmhimddNIJpPytvZsZBtjRyvxoXgxba/rCDDYyOVLyoaa1taPUqZHYYsE9kiVl4zpQ2zVbFl+sWTCJM8CPmx8SltKyfqbJ1hdVPVB88ZZbyGpdnp8mXgsxrT1IyWmDcRMvH06KS6TmMqJi9fP9jjX/a4vWlZWszkjU4CiXZzbLP8fmehh1Tt/pnTNfFAmI0bQEMevHbXRxovGvXOWV4apaax9MEFLsEV4WzAbc1PfL/h9Stfv2AyDPqaeHNkJrFs3+zI2VOzdD9p8PBgYG2BL5fEokcYPbiFrvti7lxYKHRCkmNraG5vuktDIWfmUlj39ehc2PwvVKU58oQIkKB+esPmjG3TTgZRhZfwqi+/fOpbkqyIqom+yr6aDLcZeqygK1zg3Ol3bXcOOG71zqYLM91oEw1hgeGsoB8dExyiwM4bv3cheeomO7VJKywzPiD9ePXVM/LBNJguaaSgbpG13UVt4js0fWeEoy6F8gY0p2F9J29qBM2xiD2cReH0ipuCnJq89X3957CLy1WR9uOMyRERl/ybLosIlICNH5Z8X2VI8mJsbHnFQRDGJUhFaVvE64e1UFjb6FQ1q6qnj1XT39ct9zcM6E4I2NDi8NoJtXUNYlhs6k+vZocXEgwnHUGO7u/AY//EpRl0MxzdTuQ3ydRR+xp63YG4KBsu8LXyoF4nSW85zH7qIBCjC5uosg/62Tq9gl7P0CpA4kSjnX4SLpOFLFFnOj9+JZA6u7L6d3mrK2Am364NZUZhwFiUdWISF7jmuISHs7IUmBsi5xn/O81P8eHuff7AcO0CqOHeArS+kO2oc8Jq6OpN6Jwvodl+SwQNjv0+uUyXtFr4Cm8Dk/UC25mae1TDEmZ9OM5BDFpa4dpWqAU4JnWEdYjB4eliUccqJrYglamhCHNfi2/dRNfV6wwtlkc8YkjoyDziqJxbeLBhVy8ZkKNFVKn7ycjHhq39j4zhQwNTUZCV9pdx2uryOIWmAhRgRrwYD8zMmCKXQaeoBmWeONTsuW2wOpIdZpupH1WWWOh2qVSVfVK1HV07Ga0tFtuQZMzyjKElw2hT7XZHOnCKDggIg+m1gD1Mq1qLtL/oToOYB7xRcy6DGvraX9tpMJ+cJlVd/kSSoIM5ZZQfOKOPsP/D7GIZMRFkApgJBmmGPf1y3MKdo4Izu0SQ7WpcUSGcKa7abON/rq1eFXnl52esjgc0nke/idvhhTG8gzcTjfXax2tMvSkgeFIzcBg6K/sTTRGsArPy5pApGag+I52A9XBYjgGSoGr/Y8c44gv/QroWCV24VTDRuUmDymetmRSZRQ/RUqPajWVNtj8pwx+4KRnJKRmRN0eDA11Dl8MF4mFyiJKbUlskPEW50/EgbUfxYNS3Sps4xSLXT5s4xPxPIKkiO9Sw0BIpiNKh7TKF9jWJYgh8RpCUBNURFx+lGkS5r8/eOpTn+pbraUXcVU5XOboKBb2Vn9pNfJgat3wGKbGzzOKivpMQ/ajO3Lrg9J85UqjYLbseWyIvc5eU6gcqW7sMRZwTEaG/fBX68Ne5sGjUgdHxOe8a8b5jZkAxoBlg+jEnSdJUDqpZLA4L3L3hHPimoc3GGpykVyOe1Nq8CdzGKOWNl3JqMkhc4rZDuWjw6JaSHNvwSIQkzFRBzgMNrukjuY18/c9ekZUviLaI8/7Vg0lvX7rtIW9PHuMg37/wiBg53dcEHxVbJjTakhFq09QM2uhgLApp0LJJj+5pDKmwRz+bjfZMGLbAvgdTdLs7WIhnQcbMCgGCPq02U6GC4SZdWthrJrBUnYPf3N1VgN3H1/fvfGUkOz828bW8eNsv4SDeKUj4jUXmuMpgcHe3H0S7M+ExgAUo3+BIbpm3WUgzUd5qgtDFAb9fU+BxauYuCg/yOkS7hVYN4YpR7vhEJUjWFWivtvr6g71k84b/9C5SjUKiBhuN48UM3dnku7UkwOL0wTKtu9N7DKiLBf1SQQOuZ/D78sbIITrnZ47wclGnx/Pdul+oyfJk08LzQAQSl1m9c57DfXkm2XTpGknXdQIC4xk20zGq4PnPxYWT3fabtxdrCFiCFYWITp1VCmMVOa/KZRHvqDueSTopaXGaagI8Y5KVOOSIqEQkA522q9Kp++KjsMwtnFIs1YkwLhPMBxcedeFjmEEpCOKKKsrA+5ygYGqbjoPqTbPgb6+3gCjw7jM/2T0arri3XFCzqo6KYzjaUwheQe4v+vORHcc6hSNb+UKJIBxCe6zc1/qHMBipUMvkpXWyMmAHQzhu17xf1jjffJg3hHiWcFOQx8U+8let+IDBNKUWSyDwccCVjZYPs0dCUpO9B3xaV7pcf2mQgYjKhP5UyiaeeVB+s1Il3utidUMO7FbPUnm6+YpQCUuhWOzUzkkvPvkLk9B5OzqXPnL+gasnlZfLlCpycs2nZcpxfU2zZxD65PK0iIGv1chwpOBgGpEx0nzqZc4Jj7SmCuCLZ/vx7CPaIUy0vWrD4Py4UaXGQ372Ujf74hBtQcN/CqZS4Eu206Fo0SX0Kip41ITrkubTshpjohHC2pca6mYl84kqoSXKMKReex8g0r2MUkpRwvZDO2A0Epm84oZKYDv3aVVNKw8Genio9Ob13Ye+MOD+n8wJQ5eOWp/pOdHu5jJGfHBDUM8q7QKmuxadAzhfsHwkiEFNE5VbXoMAACAASURBVMhm+mNdyGDIWFAQm5288mJbKSW7FN3rWlPzkDhOeRqlWqqgqaD+5e+0n5mLRNu4xo15t7bCAsZnei+KMlEIjo22j5R6SjPn0PXNoivyr88Jugw8oNPmArEgmQpDeWiH//QXpTk6nZPOyjm1q+ZTd5BCEvjLWWlCSUzHzVuhA0xRNS1T6DKGmrjvSIs0jTMVT1ENFdTxa3ttWdtGemKi7CiSiFF7VzC2UZ26iEaTzEuogJ5pxj5/HR41Oj7BvkhsKzTbG210E7y3OXdxkzOKmauFnQjgjP4c1T0H74IzitiPu8+RHQ4Xm/F4Ju8z+6DIMLLl8+GhmLxAJNDkZQyfrRTzkCetPRSOUiyBvS4ci8E5on6of9SA4E/YB23kaTzrozxYMApygiYlzvIq9knozX8UyEN2zL+qq0nE02GUPDqfD4Q2YG83CQQgDdrFvUM02hzpR8xJigXzRD9TaBT1YM4vgiA9s4osItTZtye2FMAM1e2Mz7mxK9dobXEreDEq+BrVsllHdZgtECYpaJMXPzXmoPh2M3QQ2tON7BE8029VxSjRktOan/e0J1O2glsqjusxLuCy6OlgE5wZYk0yzx0yO4Ro1VS8BPrkW1AGFqSlwqob3uTvo7ajnlcpccrnDFL6j2t79oOLPGgsZiddNu1t/uTrm0kjqNzPXs3dg4nSe9tClOIZU8uB9TZTxcmNP3537NF9n3L2e8ndQ4DuiXWbgOmjb5OaK5WBx7bVnfiak86Tk9nQAgygiWjbCLZl9Nlwy6IQmt03zfSl6CYYqC8j58/0ahAu4U7nzf7z8aQpciph9t5kgqV8HXn3wlLdpWeG09LskGJuLw6Vr1J3J6vd3Nfkgg2a8ycH2e5zZasG/MySJ3PuC6PX3ca2VvrNUWb00Brv0m0TRy1+0X8WHavCqUhddOWHIo6DOoNowBYlReCs1EiiZHPULOEQJfUWo4HpL0BCp/V5FxGcAjAqhVoBh2wDOU9vUVt992sttn3VYme3AakWN7A3J8pT3bSjJqUKKgawU/SGbUuaBc0cobyY65pZgK5EUQzUYbXbtJomdYVdMMEdpTaJiDFaA0HKXJLm64lc5hN9MZsAEbFu6uO4hcATusp38SKX0qCJaz6lfd2YKSCHCJBFlRln4FStiBEuP9OK5zCty3Z/FYPD7sQ1klD5zBZcWUxeMK6izHHIDo+CYB3/ND1Ve4/T2UbQbjL/RNRM1BGXyBjmi6xzjknSZPvsl8PsFymIF5btrYeMO9DltU+wB79UEznr1zkYkV+oHlWOPb/QJAPKJZ/iE1dLF/ls2xx57StIxjS5wBz2ldlmFtbe+RU9OjdLa+sKLGzJeMduWtyjomQRs0wUQnc3ltjpe2Cg5ZR0uxBkZFloFkg4wqNoBgA0m5Hdf81By0phZQG9qvwoPMBZZBa2Wx1YNgOvs4XZSnVCs7LNO2Xax2nRX/ckfWWJTOeRknFkTfQpCsB4ZZjIAhZYYR0Tpzu900D/KuKjaXlg0mBtXVOlx5HVtU0AOPCA0mJA8cyRZPeNl2XqScEYG10F/z2lGlX9IxAXlCOuKQ6mqDAxDKUO1OXk0n6drdTa2cQmIBEbpnTQTgDSPgDhm9mdBrTOll0yVVN4SpxHF63LhW6SdxQ+dDGtvA4wdDBnC0e9c03ZJlmRZX0mAkdJu/3XoAryrnNDe2qwbGd2jgFYJYqssT6/AnNu/m+OkMwjFqu4MuPaTgKc4YtKYeKbWxypA6EK12gSykfHSQjHd81U4YN9LBJWk9VUgFB4YLvzfQQUnSapO+fPO6OU/rSLRy5rO4K3OzHDVv2qxzzKNKrpIfyT7zGrOKlnN8XDOtaK+veKSRbMGuKEx0/54NQCxZyarBoJg7FsV6NcXaG31DhGrWDFO0zsjg4UlAORoAMy6h0dThEHtGLbiDrKTwVkRYE5DKbh4D/TJq7tqFLDBI8kjcOEYsw66n/HZQFRpTEhQmhWiUudtZHJXpxntloMQp3rYDl8ItjxaTDWaBa/WhwDaX14hROST9uWop+xzSERXK8Yt82FR0on4hFcNYGKOgRzdX0r/tX3ccTH5GwLy5kzrVpbqGdgQf/UPfEiFxwMM7/ysdv7eE67ykjFQmt55/DazKg0g4HAobhostgw0ITBG5/1SAhjkjb02lGG8ipvxVtPLImkSxNI1DiqOopxGLzVlhtU1qtRFqOJkoK7m31salGM9eENFyTj45DE3i3PGm7dnt7XcjfA4ZcvNZzTAglrmd682UlPzEzeu3VCTfDc9GFY6mFtzmLUl7Z8TSukpcya9n3dJ1M9RmItooBvMJwqlzAluMepRThKTbGERJdV1ADw4v7eZ6txN5/3AJ3H+4ZualO/H4vxDULnFj3EPdHdOpKZ491+s8h8Z5v7oGykqnhrRNqg95YWmWhmRsM4wZvRNxpmcsrMe2xox+Te4LKLy4sM4/touh5tFfzRw/NNahuStGRfa1E9DN8hEGyYv7vVqzjqqNsAAD/Oyu9dpcmC8XWhhRNM102xSY9HhgIzFrPXoPU2GDgK8lyWaaGnaEaafR3n4MIic82Pixx2KJtnhiXRjNfUnQZ5hCtN9k2nSSdIDKNfyuxCEH0hQqc6A+/6TMI7D6BiTDofq1t69ranOFn1zzdUrJuZdHWTBN8hyTR9NaNoPB2+wrn2hMvipCrLsV09ID5ejJNCxSV/7e7tGk51O1lnHdr+/oe270LEYtGeveqZ4eb6KjoV1z9nZvoqR0mf5qlqihzoXQPxc0jdFLGm46wwbt6K2fnMvi0eqUDFeaj9mqGHu5XoaTshBUN8Enxa4mWHfAHTYP4LfsenCaq9t6r8td9RFee/oyFbRURRsWG0Y3DpmJ6kOApejkIwfsXYpwaKahifDJL4fFGnaQF8JvSZrw+0+DoaR6fgTJ0IZtucXKW6/BrR7ChuiAhG3BPhFZ7g5FUi1Se8A4SDENoL+oLTsSDvm+clScwFZ3fqJVr46bNShJO6wIBah+X64A1TpYXWJA1B/BMSC7qDtuLhGaaD67xvJI6TkAwWTpSrfbjP+b8z1v0OxuEw7Bp02QFZDq/FilkoWYT7w2AfHR9uk14hol5I+WMGQhDxaT3RDhpdI1wXwYPhKUrSiMNQd/bQCFouJhfkrtIYDbT0cyXBvLnxbR/n5iXHZUXNWVRGmaYWmc6NdtI2kx0/DdxUqCOFR2zP6sl3ywIgXSIAPs39r7vTJ6WFifsP+5LYuUR54xs5LSEhrY1zhEWQvS7rtb6ugxeUDWIimGY4Nkjl1VD1t96QJTuKYqgUkEjxfdarc3pUXFsIBGgMmE4yY6nCNoQ19CqpXPuJdlA3WA+Js4FBwqFurui/kDqEISjyOiov2+S4oS8bbEhF3bVumgUxh6ZK1Ru+BqFOOyakYRfbCVhxpnCEOhjVrA2psYl7RbMPymWwQ5IfEKjKWPGNbrxrc5oBtZ3e4nYaVChDnibb/VNNxyg1EzRvHCmJUnSxPPLigfLZeVoNFrrQHlIfY7Ueu93VTnwqU/TqAofyWGGSMDkij6qxsR2bkZBKabXa9KlkiFek7ojLH2hKXlx4wM0Y0/EYL4OUd2M3HmN1LHpsEdB09RoVgtk+FIP5Jz/rqx3HZQNIPGOQXWYzinQUnLWOWWUdxfm89X6prXKbw5momrBMToL6EvB4xT9BZ0v39qOY8IjS8pn1M4Th+hMkIJzxLgQidCwTc212m2lMBTDKJZM5vmc/dDPyytQ63PGFJscsSMmaxkKhVGb6nCDM5y9VVjWyI82bkuD7rAqqhqVMgjZjUL/Rq6MdqI33Og8I3e2wrK6+mvMfQBDKtbNvjAhEUcw08g15A0iqRetNLRopNgNV3Nxmrmg5Z4Et7GWcrjDEKnLvJ884skfjvmRVkum9ZCu7bHQEh4xJaabWjD87baY9lLQxX+8iQwOqF+FdP8A4Y7UUNJHVr6XCcA7CPhk2mY2yTO7mUsOzZW6Z2/q6Y9OsGw/gnDupBKin6WSV5Ctd+B0LZyVF+bOBr64ydbliw0Pr3/MVgFrMhhu0ln7HbfwYupKMhozKTVbTx5uC6eJXmd3t7hIEL5lSCH1ziM5W7PX14pF3E0sALVbFjU6TWl3jegt+Ai3e/NFz9a97O8HsmnDlc7adBkUZJAZFSF5ywgAfpRGhKNLXJpKNTcfONeiVo1GYb25dOibaLEgXM03m83p+nBg2i2nsKFFeXQwkPwOdmZOg7nePhF3Zq1562g7S/eOjM8M9NoQpT/WBS3SiNiLvSxHhG0Z31+w8KRen25Q5deSq843ARqsmdAEiznjfQ6hYLNlwZodCMinFvrCx9Jq2WIYjlYqTPpgl7EppzgehGHFCUdS1NnGvGGPyeFgLkVBsZB0RJkTd3UVkcjasFCnG5pgUkvgeaqaxYZlyU7BwdVFlrCJTI5DHiAJrHheSx37dK/scG0XhoLfxOOUVQH5Vpch2M0nR019mdDYcjoqBUrfZSeSJz9G0KzrXrzYpL5BiPHU6m9as0AKr/l+nrXbaMX2aO0osrXaWa5eX4p+JPnp4gI9nkadUn0rj3jS/iAlqH6sM1H5eyEErVFByOeT2UBQnXN/CuylUX6fRBz263r6b2stWbiXHokuC4PvCOt/VIVX1MQuOa3bJbyHylmkkkdhy8YAeJMOAApjQHioBwlxbPq8E+flr5woOJktoLT+pq6/m63xFFcQ+OjwlO1hBzarNijxls5NsrBAHJkG1zDMR7iACtakCRk1g6KqqUuL0WZmvKHGwc4PCw0JI/Ywsn24LZNuW3UGoMzqUmbQUBj3c14iUfF+jS2jXbIXNwVWfE0vxSq6E8Pj+s74OVEY1znm3XybD1vIQHyXf9WVKKCkB5sH8EI3KLh3Yg8HFxbIxSiTOAWYWnl2gNX7NUgkGK4s1+Pkf4YmdPK7MezZLwQ6HPmUUkBm8bAga3vNB9LU8Wqokrv3sKFONH8okFhcY1lyruIuo9vGqOEUPn81DEqLMRCRT2J2IgLRzXoCm9LN4PNl4Vm/3dBt78/ARuRAjEJAQkDjz9O6+VW3iDNRk2knXWcZ7Yi/syyOOsbsUXl0kWcj7GsWrDEI7RkjB+K+DjF0c+88AtbzEtX8sN4FqZxuFh8XBQvFL3hpr9LxNZjxCOwEOEqgkZ9ibiGwwHCGe+IHPKmt63g+sLM2lXjNKu+nSOH2EeH/mFs9UJm8yCZ3iAD/zpQgXMJ+CgyLSjvbeniYYpbs531A/E2bAiVjPndWOQ0c/ljWtp6gc0hildG+n4EAS0itVnXLpeEjXMhOz+bXvE4LRD2YnAI6f2W4/TVe5o0NwDHHAKKkRtq1uRzSlDyhdUdzNcngwkcoETMxpf8AiKUQhm0UJWBRnyyN8ZIwWYoisYSyiMW1NqLsNZ6VyrnnV5mdYbTYRk4a2PF22bx43dgtjOWBYa1+6rHvuy0kzzHEZBimxld3TNJtkGA6/vBqN/1kbtAJ70JVmE/uSWOGx47qyQDApmTEUh2mmzoGONmvNWeVESdDKuRwb33EpTWaqjN1Zxe6YiFd3ekuknNH0VsgQC8rpWTQODXG759KRWnxYxDdy56ry5iA2ctinkHoML885PjymiNkXugZpD2IyUTOtfu/rnH4ZqJXE13e3ni7DP65LcC1zWXI6i+IiA8GwBPDEAjziJfd12wwUmryS/gfeidfWMHmocSP7sAW7pI322tIsZ2pnGJkapZemf2m92163+u2LBG73x1u188Vc5cutj54B/tEll0yNTy6rluIgz9DwKO/d+UOZAkkDZOOW27R66lGj6Qa2LVotJ4AKehaJJW74xhtu73At4TYOqgs1+pn+5PsFA27NzRaqhOQDtV2TcdGmgUhTZfk1a+1jFhTT555cimhSUwY8V1Q6H8tQmXOGBCSc+7KAr+NtwO00B0PoWdsqYMYccnMzx65Tfbzv6RweM/L29ot+RNk1lead3auhiR3kOQDul74zwHFM+trdvjNCxmxCxzIeA4JmIlKXzRdcyPpjd0iLjQrCVAbHU9n8nhs3rWGKGSqbRGC9rqj2j6T8MGwg8aZvaOQVHhYfabqwQen4ZA8KLwBThHVxJniuOULKMlnVmwL/SQ1tyS8m17YQUu4QTXLSqbcOAlFo2TkYInKsdLWHHvyKidO6OKrZdCxt1TDLm+01ybvOAF+5T0YooO4t+vNfYQ32ikt8db7BPwmlJBZgp7n2WGeaCjsilnbAnSgwnW76GrcALuu8dEVxmp72UAYr8MtHscSYtXiwpV+wk8Ky4eh8Gyqwo6MG3urx4v065lLHbgjZZLKSvhycAYW2NtTkXBzmyIWHXQqURydaVbLIdKJwnY+UomreJv7a0SBdXQSsX6WBvKvcNNpMuY6jqHls4M5KSmKLx8Bky0WEo3RRc8Jj00AAaOlvAcVIFdR4hN7S2ZbgCism8Lk4kyWskmO3zpc6kBfqAqifG0DewoEaDmAj94vuznWXCMPp3CbKqvVkEDwmrFvjsDqgfPMqs5JVfki9dFnXITEapDxZaUks10ljeRv80oDRa92MgHMflZtWffOskzo+ML4AlwMSmNGJyIbYZMf4zQFghtaXzTJIUXFUX+OMFBxvoT065ePZlKswWgwO0dUw+04oiyUQhDTMetpVte4fw2TVqhxVh/KX/6PEpQ6Je3/gpkaGkWMXc2WUdFnnXec47CdBcTzwVnjtDcXKsou2NU9hJMQgJuQ6zm15J+gBzg7V+Z8U7yuaSkNQxYgxDHFv+Yz49tWexqfq2abBoFcvisTAwQpn9IrjUZHyqrfhZ3N8GtQnVnfZJ37+MnmUuOT/drHbZ9Rr4nM6jd3YPpMomX/5oF0tYhvw3h0P2mHUe/XhmUk7zKY+VRXq2yluxyFc64WIpoTPWetYNVYHeyzSQAnKa28YIqFCcE55hOP+HC2X0E+NToCNatZp8CEXJJS2DKa/d0o6fY7iMZ3RwjzqEaPZGDtoKzlvmD0bFLkzxkGkzafSIcbz2jA4mmuZx2YpZsjqVEvqJ8rZ/EgE0pYeoT/s6uNjUMWx86Wb0oL+tCnPHPCHcTbM/qoRAHExlBmyTUk3bElBCUMwknusX45rIIlCCi+7HzfIZq1/aLYIqj+voyloNalcn5rj1Lwv2SjnTwEd3FgpTVILGM2Zu3a9u8grPpqPxltbH8WFmAOzjNnAU7oO74CVTj20wcRlwsBQYuWuE3wIConlRvqbib398vbDV02tQDiasB21OrfrTtkNDFqURKZ7MFsA7mGGWwXtK57huhBmJmcVM64dJiDehnnwUqrANBg+fvvwne/efPndd++/eXpxVy82kPtltb5B+/LDjefw//D1tw9PX37nLm4LmCteuHi+2GH6zMelPewDQNiN04k731j1xHs/P6p0Tx0fgoGY0cssu2rMKtHY8hv+Tw+ff/bG99CETcxn3LmsiULJ2+zcT0F9fvfZR99lhqfTiw0y56TRRNq0o9CoOc2xOXKd+eL/8Pjll7cPTw++XucqCJK6bzGcLeflZhq5MO36noLCdiG12atbDcyJ7crWHGGszHEOm/qDKi2Wip7fgxQToe3ZGd3olZ/ykY+0npQC1azrMEj8+kIWqC/07T1XBnKXR/jNg37+2jP7wE288VoLEx3jtTHYj54WgszRXVI3r+99ufAPvy5y+5K21VmPaW/4ayZhef3ly8+/+/LmjRlUgee8sAdY2dwsVtr5mOEfMzJ+9ANYedZbX+v8qfmfwPJgKTPSnfRjYK668RRPPnRzAUkazbBMSUDr880jX71xs8NDS6T9MHM28RPQD0+v3tz6hs/9/dNnwcgUTWU4aW6eH2YpE72U7awp12TsBAc0qL3n6Sov5/lY7ewbD39V1rhYaNjOzTlzdac2ikkgbexVX4ESpP5UU5DQzBpNmSDXu6+JaXvm41bAY2ha2BIiO527uQ7T6bBY2hmRHsK2L2++ePHiXW3M+IVZyyxYDLXO7JH/nr7vBI6MubaBHBTB6fEubkNslffj+4f7isHj95pmm6Lb++CmrmZjXHVWGh+q2MjkS/6xn7XzKtdi5XaW9298hcdjWPlii7E7V4CnyXjffoFY+ycl3ckWtzDsb1Bwj693ldTP8DN2dLm+BqtMQTRCzux/ZtCdO1XFGbb4NGXihAacTrr6BWvbBoN2bMd/20tsCiZuHTApIbThE6xQVVJFzi18V6NUdanCP5BqI4Y9+HDss6c/+9VEJyds490X/RHe3lkC6FfPETGJMDEPtt1/++7VbU/tYWDc1pH2aCBfk9KldG0poSiLpLNZeKJbwkpqi2X48wW8nVR4xrKf/eIFv/AV+M4jfLi8Z0XKT1y+d33m5ReP73+kK2ruRKCfGlTXydXWc/pSEg3rq/q71lkFi2KJin5fRbPrjEFx1tWASnwQ0qzGE7plMwZ97ALbxVCV66/rGXB1ujJjevpThl2Q1KczKtr+NFPT0ocGEcXGq/LyTklTISmdSNJaCc7h0nYbKNrhiXJo5tA4be4Zq4zFAtHVsDO0Rlyq+uz/1Bx+kUQUHB8qY6VpvQ0ropKXGgV3LA+OcUoEdqiYphbXNg3KZms8eeM6+dGkZtzbHcspoDjwh2BtR9qxCq4ZmggG8UJypMTntH4uXvnh38ip2ZrX1JZrj6gqUmQ0mXYHHdei0ufN8amsPILCzvuIHK8j9mk7bKrJGW21jfVRu+ZoZtQ6bM1mEQTRDoe9819lrX0EKfmCLQ0Vs/bgXL46AASZ4XVssaust/5j0OzvmeUcoAKaK6IiM4KPaWQzQfb171UofWr9p1wSAUC9J9pwXqtfEJ/dUWBzDKGMFodw1FpcjS5GF8cKE753SiwiO7xkFsYNsmkY91PRfmfqo0vS0TK6CaWlQD2rE/X0er5xPOfXyId81Ncbw+tQbZ7ksfpTHbbuJRfW1ZX5tBGqO2fA/K9hzw00i5KG5geF8Vdt7KutMwfNOwGbg3V9jZm5lNfyUcJ6a7WjZlvwLoldeqkNBb+RvEL7WaI3rJdb3EVjKa0nJiCnaPAyDbJOFghIVgtvShD+w68+/K/+3a9pa8YW95Jjy2epbSALyRK4WtNdF2qFFVUbAsywX3zz5MmSH799CAOOODCRzpA6zgpaQmKw0+HUBt9hA18LPJ7s9vHf/j8/ff6lp4LA28rHq5e3fsrx1l2or957nMNXX398+OnHN7dV79o0e/xintW5Vw9BKm2Q3yWHdprW8FkT0Jun33/3x0+PP2hM2tq8OdoGqIX38O4ta8DcUHW41V3fe/T7D76995Aigw5brJNE45H56Tvf/Nv//o+QZS3XG0rmnBITOlO2kY7o2d+IahrsMBtG997v//74/uVnDX75lXUKJaaBJD45Cy5YRWT3tBRAdYoFUBTh5RjcSMmEcaG8z5zt1GKX0bVml0KswSYvx2Pnb6FT0VP5Mx4EvvCbWIwOJBLzbXUEGnld6Lcl2hzu26enH3/z7Y89KMi9W503GsvjQgQkZhVv3r76fJ3uxcfPv/vZ7gJ69fZ7XzgZ+Oz25g9+78c//r0/uLszR3/lQsrrnqfU5MIphDvD/PrQb/5T3/uLf+VXnp7e0aMZPJczSudMXUwwc3GJ4Gn3brAqL6QX2OuQ7h27v//wzT/43YJbSY5nzj5p6H6DglWLf/SHvoaesutC5+7wkYrzm6/+4e+8//qbFsj1OV80NKN99/jqzd3j08evv/n2t7//q80nu4K4/nZi4jhh7slyw1NQZLLjo7wGKpGVq4kDOtvx1UW2xuoP3XLBWuTu2vW+V0LaOqgkKgRno66dhWQ1ejBDCdGb26/+8A//8O/+vS62NRfp9m6pQ//sVjVmfv/iN//yf+Y7v/w9PxIR730VJ/7LZho9Ptz/nf/k7718ePTULt3TdN7crK9j7gSrU8pW2ZsJ+oaMuSbZ/IDDJkLs/eoHf/BHP/3xjzxkhv56hqqqyaJgihxtC7ujFuss6tPDNpNuXxtWivmZ5ws53y9698t/9lf/2X/9r98/6MUyZCfEWDXfS2UwX//u//c/ePjqG0Vjl7d0EbJ1N+slekwMz9wqEwTumDUGSPU2pows8QPgq6vNfmU5pzd/9Ac/fdGSxqgXnHl6ztHCPNu0e23jW3Hcm07QvEzn6ACiWr4u/ZbRS+dhZdCQt83Lauf7UBZamp+idm0+Sj8lCVw+/NKvff/zz/xcYHNgGaylEH1qurCOXwT/3d/9YeHjF/FuXt2/e7h542nFnBkbP837a7/5/f/Sf/kvelgb1+a+3Hb5x/7CLKWCG/52dcDpWDi9060/vP/CD43NJhjoR+R2JsZZv+13IN99/e/9e07H+0U930zzu4H3D84aWJibb37pzet7Yw8HqEyaJ5c2J5qoQu3DR2fpnmDsK1vlBjHG9fV7UZDjfAap/YMuG2avhoMFq3KH67k7pckUyjTHkDcIq+1sfHhm1/7YGN/AHBfVsfcQDhwNBCC/ubn75t235aKYXBlVsmo24rS5wAgV4VwdEFslWGbOoDbuTIRShcowKi6n0ZFcMEVdTYjai9+Y55LCUjEDTUTCKk5A7xer6M9Webw2sxjVn6oaURxSvTdbR4vLjib6FBwUaolGHbza/EIVx8fM0a9y7BW2hSSC8XZwxHQYwaGpdFpfRVDnkGfSX5CFdqRjWvnlOCoUJteGV+EcA1ymwKkZukxYPlgtDs8YlMZ/5SGoSSEbgXeDMq7JG4NZt9bkKA5LL1mllt4XXQ0g690FTxOeC5TPEgvKiKdSiLXBRdG2Ga24Fsz5+LA9KBGv5VqNxPHBX3Bnl94D3zLxtSFoqykpYzhhk3QZQoFgX14DuixcqyDuo3bIASoe7H3il22U8UNT/dBlmxEdNPbVrckVRoM6vnlydtADe6pKtzbUNsEQdDoga9QNqq+7tcBgdycbtY723IOV3Jky+aWUhn6AKpL0jQAAIABJREFUlW9WfuGK/RpOkuYJi2V/eXojmVXFCnNAM0V1uX9zlLlWQTDppQyRmXVsM/3K5cs0k3gaYvzUjuzpuETjTKCyvqRr3aUlhnRV2fpKAqUOg+TD4/t/+KNmZVZ8QrUkULQnAVVKXLA1TpyTj4O+i0mZaEF0yLUgZc4EumkfLpNKnVSlvJU2DNCIUL+i9e/8baMJQNo1CXjq4TrOoO4NADnQHM9NF1aOU+nonP20zhJMkYWyGmDRD1smbrebRly5XoKVTBVoSLwTnGzddDx9NZ1V06WAnEY9TsSw5ImW+DMQY2Z46sBeNJvx9tWJf/JTkpzLuNBg6nqyMatEGYiUD2G7x5Syv1veewRT03HZ3nKXe1taP0NkZCska84ivujFcTzonnsjPhfjpAPNXDH2gix0k9JYUclMnQXyeVUhpquSdmqpUbHjdawAbDcqCOcWa+N5BVtpw42/jV58EDRad8XD2qlTF08svf/44esP7+89UOXO+pxvCvbjoC4pCGQreX/m7YtbMbNZjiHURR4mDZiluY93N7dv375lUKfNd/3YsCVJSjQZYRk/s/bGkJ/nPLKnNbmk09HYWPjiIRtQNnsUX50BpGb/4sEc6enm2/uvtUqf7JVdZwBk9QU60Uw/z069coTWzWctjotf0x1h6fyjOYjrEj087P27BzydpdYlCFOeSkyceTP69oYWOqxsxGfDQzk7whiWFhycdA3eArfS2IRxnPOzwpMYhzsxZ0Nyeb/qyrxlgLPj+BAU1Yv1i2mKm9g/ffvDH3tmon1P57zf2oWWTfBarHj18O43U2dbmJT776X3Oxd8evrqG9P3x2YtTZAYRHUrnXmh/uBkPlSBKtrJ7DDFAHpx/7P7+6++jTE7LiJVRp0gfeaolqHyqCJv2RDFDKRopL3V/9Xn1iaUr14/3D/82q//+s1nnPn0yk+wcVTh58RXjJtEyvpCOj6NSuKxfEAPXq9vNsVm0qQJ1Sk2pWZIZ78Zcl4rY5Afht6Vatgzx5y8f7x3pQR3Fq2/TU2CRrZPoo7vEQVlmfkoW7TstC0Ih3mpZfTZofQi/q105CLYFnek5/HscMJmhu640l5VYlfkCU0/HTNxGPhx8M6REKpIoOWAb/wu+RbXM46LAI+cPse8eHpQ//Htd9+8l621WtsLRczUzhvrebiBfpgHTB0ru6D3aCKvYJmF7vjo1zcGgxe3nxH57uNPPHPZmlmNP7y7ca2y357czP3Vx6/08AnaL4Jkx/3hjtz5wOtXP/nqq/u7tzLG0+MjTFSTYl2yLm+4rtglbki4N3OprzMvB7NmaPEp88Y3m2WTGvjMHMXnJFZwtsiDuo91ODQFN2c1iLB6Q7DzbSNGPzizQafYa4Wjd4Oe71E7WvxpZNMqfx8XnyKlsfKvbtdLI4s26rCHreRycFegW4Q9+8fEf3W0sJ91FjEhP7yJazc6RhnGRfAMVcuhkmdz3LHS4YiZ6tkpheORAFJt3pTg0cEgh+kCtMLqUB+C7Y+yNlNqDCaihjluqtYk/9Vr+0RWzfYqJphrhqFgTEYKf5JTGljZQVXTtil59q6iwhWjqbD2scLP/zH3YJWR1j6xwXSgyWG6nSJCWT2rnaDZ30iradOUqANVdfV2FE9FR2td6CqOyearun89rh6gnlTgwtsVLHXl7WcIMQ1Ign0i/8R0YKo7r8sUNYjywqKZE4C4YbFOErbErvTIAaWiWR47KimvKLLpEIN60mF12noPUR3z2dD5uaZTSf265uGk8TxSJkYQw9htS8waKjZLwAUDIVuQ2Hadc/45VAfbXMaK2ByxeUWH/MQ1nllsnmPx1JM3GHimtiy9GtyMObHAKJC7H7KE0JpiXYqjGxWjwINn8bCWbAyK+TTAJB/PbmfyF3Bx7QAnA5Gps4ymvR6+M7/WTCwhKBojlGnfn92gzCpkKzZAm3ZDk0kA8mXcnJTuNeO6JQhHXd+gTRZuucLctAvGQJbDom9W5nPaEoPPqsEglwFVKOgcwGaib1op1bsJvDMwUF28cEbi4aRNu3OVR0E7ZXhDE/CnNI72MMgCrUHD646p4FrGzmQpeqbsH3x9OB3dXdR7Ld0LYFeK68Bck76p2kROj1snaqnZUSu7fvG3s5Ju67cutrle/LXSvMOPH5zDQNHDqF9YtOa3CDJQgLxyaJgbyEOZ0Mr6DaEEmR5092xfMs2gYHKkE4S0KJbiISwKjIDiK3QJPuxOQh/fmQcm4uMfE/7SPDM5FiaraCHNYaHMXdkr10gr6XQishuClRW6U8D+YqeCqBrGurXH6GXuRw+nnaYJTZiM1K0TKwpBqmbhvuHnjPTxHW8WBETe+bmBplzfhgJ3yYkhLR5n2493d/2KMzcyDG0qXGrFEnCE/UJFrstijFB9mtanQh05txDkxOFmJXNo6pSiG1y70OG425ucCgokUrL6YAOc0k7zdt2+YPEY2aK4QOou5PaKgFwURrtENqy0HWRY2cms/BUowG2Bm0VLYVX6S79j7dM+Ho7XeAxzHuV8oF5du0nHcW2KseCtMKIDJZjbVTdYsFQDAY3NOfQ1kd5TvfLVWCTWWYlOybJupeOhlMezQKzFe6E78Ry3+7J8tcOxs0hGoLetT4HhgTzc64sfzZhnyMxhSuY80lxHCsF1NSIATzTkPO8e5MskM9aMuJ6h5ihCkL5T0xoXjiT3+F0JJY05TfG5VcREsi7iwqVA9B2kDNy4P4Mkty1E6w7iwRaeq2aGTImKe9M+1/o7hmOfzOi43t0VMQSipR5Rt5sH4zYZeKR5xcBX5NRhr08yVrgGSQuGMMgIc6o2MY2HstUSXXxhsFZoN8Zkq+oVniBIhy1IF1JNRg1JLUhIRxSQ7+rtT+/v/CpIp8C6TJ3LOkcdChPz8J7BWW/1bgjqjrvAtVZxRdzknYMwpmnnltM95C6KOpZgj0UTs1HCd3t7hFj3Bgkc/Vcj6X09BEoyltdUMl+XLdi5q9Ot0bGDvBPSOYj+7lVdLJaMnM57tGk2oMzWFJAf2yUZN7xbj8rOvbMkS/EmMjF2rKqcMtP9kCWq6D1rLwXmZvp1eWBN5uHMU3xbD4pP3ei1G8CcRZ195hUzBYnvxKlVWgugvJNvy9Vl0DNPGOcA2fEB/GEcod2KTk0CIjmfNdBB0zXBY6yJXGQjDqn93S3XMHFtoCjvsADde1qMpxbT6XykMkmjrPqKO7L6R1PvGNdD3+4curKpkIx0fWbSUFTtUerYPRpdHGGwVzfPFxobUsZugmKFYOb5JBOI4+agjmxsOrKhtVPNqk7pga/2iIwy4Kn/3GycGsvXvG4Yj45GtZ0qx3aNTz3C2Qz57DXXKymawYQ9k7SZGxiTYttGi/bGfjtBEzvCWMjVYUhrdjmvrgky/0ettQ7GxeewfK48yD/58lLkSM3uFTQ+n8aplKDxuNhHkdVggpOp9CTUh6jKNYrjyp4jefXPBstL249LzHHMwamJ0NhUT3d42J75wUHBXDizQOYjYtlBm0bvQgcnhHsJpoV+MGc+4BYhcYU5G6VUHhiO0zwQMbbVVWMVVcZPah8HtKrs1MQImZSFLVKfTWUjChE2olsCmt9a+o0Z7N4imh3sTkaxYP3GuOL0n5LSnl0talYcICu1yt275JHG0JJirtMgWUoKU/LL5oTIxnjK9a7yGgW06HyghNitId1auwe2+HWdY2EVXXHtK38YktzYlNDMBmB5Ja1Nw/otTDsLAug40UzU7KFFj3OPjQVlBc3Zu8XovVkgIHenA4R0XyzEv5EJW8c5q7wMDJl7YKaBIIUsJGdops4Ism5G3FQH2D0XvJEhT25KKY6yGZWbwWRZFcRk6NZk5jLc+GDf+iCxzNkYv8gwYuWeXv1QwNKoQ1ulBWeNNQi+aWp3zW9VcEXyMeMbxYA1KkCysaa5VM4HxmzJyhc8ccEqrzZVcJCM/hhAJWLxlF6ghz8jmNapK9/lwuZAIG3CSZC/elCnW1rHKoa9AXuipUyr3WIsUaoPXctpnf70gA7nblb9fXC0O3SsKicyvfsN0fd+LLovAijGapYVhIiL4f5pLJjTu++FC6eSEttScoyIBCBKzgxJ3UbLzKEqQxXMB70jE5RmBgyh0db5NGEHDGLUeQpZ4iKEiEJup5MYQX5OOM1SndMtRrXlVV9zNHl0WcmXj4srfWSdLtcUScfbIdpubnCwAAh3jlGDLt38h1hp44UaJq5mqlS32sr2wgqZd0xji3Qbo+wvusM2qcMQ9/jZepuwaFbinbYeHPzBLXbSeHZuyj7GzM94pi2az+SQO7d3ViZWkTFSOWRBNQC039qS4C1G2dlAtTxzYj4UaTTTOK9IC5N2a7EJzE+dDM8CcycnFONl15rMtJnSEdy9XUrVoUBRtgyE9tS+vP/wyKUzeU2yngc3MWGKFwPiG9smj08eatxtUDJS7HLV2JNMOe/+skTFcx4YyoObt8Z7RbUCuYcOweOMsUBn4O6cFEeI4RbzmZT82MYmFkVytSlgb+rHrrBJUqU1jrziLFireAwVLjUfWXGesSM6IOv8HaOoPasyr88UZATr0G3dHgMbw/tqkntJEUhKPnQgrZFZU3/0s4bHWcaKtnKsv5DUeYLapdaEaV8kJLAjPlU5Whcu6jxGjdpk2wBMoVwCX5FUx0XijqC2ngZBD/P+hicYsOu8XYGWVr4WmRiu+870T4vHruAlqO85zERdxvPFEGcCzBu4wnonJ9QnqNjDHaCjGNUyk9exct19VYhndCzmUATlStBHm6EXrJ/oGmaU6lYswUq5Y4LWxPibUfS+965XlG3UXcxmzMNWI/GCTxYI08wa2qTaVAnEDrYooCA5hSs1l39jEPKApnoHXmIitzxjUhK+NArt6Tez4Km4xO0gFlH/qQPHw5FJVleLWEVnSz0HDlU8E3REpuOaRVVUVYpI+j94VnvYZuNMuVZx2jbicbV3yb8MNEnYRnqNeUPw3DRhh0bDWaPj+v8nCruf8LUfvHWmdbXj0uhT5GgxUHHNUR3EwE6+qSiXVdpbRAqqrg+t53TsqFKfeQSiqO0SLTqbufLrPOrKmLra2wS/bCtaLv1P6SigGCtF8XqOhQiv0P3EJYJJHuSR9/05O/G4qg5rpQJ0mh+wCbl8kPYH1wQXXG3MkJdr4/2UTXGWUM0cheyhqWG0KrJeH7Go0QV6yVqklM5s+BmaNjeMvT9z5SZYWUb2k44PO5XNrLzPPclFjMnBGtHkxbJyG5sF1y2zUowZ5GGkEAmNmhDXp1szWX5sXEzTxDQGpTHiZMaNV9upcx+9GqpKkFAmMkv4IJI5CkmavfQbUkZQcxPVDRlES6tu0rDY3jzngo+xBAglfpjDiC9sPS1n+avMG1enSC1emclBYtUEJgbDugSVSpPctHH2YMuupGwxr7sJ0mHMUwFDJw9pZlmmp0ksMly39pj/lx/fvr2bpu/NtcA2LcusT31zj0FufeesW77P+IRzk82kLvPFU/onCewNtg1BnQZRrcGgACB/v6XQPDJMrQRTsy+BdKbUmEeQpxDBhz9xmzi2TE63+sPGDAJlivzVJDW9ytRj1ZjBhgaVbexUCq3lRgXvwcQOxlxe2PFEzE2zso/JVsF9uBHHveTlwWP05GlyXG9GUSf3Kk5ilISUw0nD3F10bqNpJ3WjCQeS0OPVrKmzNy5lgRjUC+xRkQXsZD2CvGp3Mkt+167oo1ILxrhlAMVCUMMulty6+crDkczAurLhFohOKf3wc8Flq19AZOJVaGk80eEKfCHHINRbIIO/ijQ6RU3u9absyKBB1pB70t1n7R3PWRb3Y3TUTlJq0WieQLkeGpvtcBAW0yKPFldd6FDNDeLWuR9WBbAe4KZiK5Rb1U55wJeDU4AQJXHSeodg1gjVXIZnqPZ/vLp4UJLbsrdgi4tQH2u76OLVcXSVjN32Fy21ODLoiMv4REXr3BYHJKkaaUiYKeMrypXihFN6FFMNZn4SxcLOweyimQxmklCDwDYZ/Xw7IGQCo3gs63HQcl1z0TAfcJAkdCIqgyX0SJFgO8Wdbi0U1ms0UI5DWDdKTqfpAuTpURpMkxSL7b6GvjDOop2/5Yx0lA3iloLHnDO6GoXUywM4+fQGHsZbDT2BNT+qcZSeSGHJtUmN33TJ9OoCkghv9bIEQIK4CsSjioa7TyArQQ6otwypq4ui0sjkQTMfDuIkhrQ2kzXQs1KtD5txiNunLTy4AG5azOzaLnUsHzz5mn7fcC0AlpLIhbRsxkXN7Bs7tMEAPryME2OnoJRJjM9st6zSVVmmRFT7MFQX9/WmDCPA8kWQ6Gf1xF6EPFgmKtvRxdYwFNgeG6eh8w4/EuNcXazzrdtZu/nwjL/dz5YROW/ZrbBKg87haSQp5lZ4+9GbyVMrf4EWFkWd2Oe7oMBGSPa24z3PleCLloBVNItqgHJGWJk3AdFuQZKSkxUZogYa+idWGNFGaLSV3uJCorfGp9pX1me+LvIqiOm2kQ4MwtWdzwtgNBXE9NJpCqVNzFZ5PlClcCfnl4xanC3FXLkmVDymT+zCPFx1BW5JwxFmUCUkJwGTi9/FzEc6JDtouTYjXfR9XKhQFJoxqPYkrxNK2s8glfv3CmqQfNQEoBXtsDclJznqSRF45ZT9VxDNtsmyF4U3ig6E/ZMd1Rzi6ZWNcvQRPXDVBrnwfaZcCZpPlpitcmLsUdXAW10lbF27q2Tva5cYRXW+M2xnWTaPSCz1Ho95mfUXUeMazHTxRp69SCctDkpOkZLtBPpCeTx6Gky/A6jmtn7xaOIXBjVe8fmM1dhdqA7MyVNTw8iVysoBmMjM4eBie3gjjDjAY+9tfEtGssMOn3HUWyvBh8viXSZtRERROfosNRl9bq5GX4UBKEGX7kzOdD24xMwmBsvXuEJSdaliTHDA/0yC8NAwDbApM2IY0RBpNQ0h7L7YAKhp8mFXy7zlVQv75tMbE09J4dco2IRRnfjAeiib7jLDh+bTu7u6lK0lft0C5F/Sbg05ICUZ6mvYJXho9NBmmYtuIu0aonxzz0qtyc/T64++4XqMJF2WOgmmt/RKZsZP2cwpZbzvUfZZxUeYju4zV+NfswxWltNnluYhD372y+1O8i3mVnQsnsMoLZbaCTpjA7nxqk9sOTkAs2r5U6XUWawTOoN0yTv7YGp2n6p2XREA6f2LW/rkUKoYIboE0epWHNi0wb5o7Lp0S5Lx8yhx31+8dSXaCeSAzPiMCjJTdpdNTdzyPgN7y4UZgBg73f5eO7Tmork614SUtx21V4TaaU21kKhtKKeaARC4xvEEZAaN8WdJbwh1QQVVzxy1Pq8Nu8dYV0nOD4alryIu903MaUE8ExRcW3krFIK2KIWn8ImEYBdEICGUv5EMTcXm/iJ715FqbVW11fQD1Oq/ySU4N29Iz8VgMGuBwQm02K01XQTy3WIn0528Zqswpa56Zlog5dit8+V+ZYtkMIZlYVCLVNeqmLYDbkbC73hKS2211ijtbJknw4820mYEjlOzOQMMTjc16Tznpt+H9qXD7DDG1OiebyGZ2RJ0kCkegJVtNkfVY+mpdwhPxKbuNtZcUKTMGXtOeajbVEOVT66CjPj/o+rPfnX79vy+azer2fv3O02dOlV2ueyK7UrcKw6OQxpFhE5BKHcIJCIEXHEXJARIXHDBH8Add4gbhISI4CJE3AAClCiKgCiN48Qhjsuuzq72NHXO+TV7r7X2WpvX+zOetc/xs/d6njnH+Pbf7/iOZo4558ovuoRWBB45VrfqoqdYYhjRnlkb/mdVT82SCsn85NYHVz5ioBanrMSdeThNwURWK8m6bbzQgIXGUXCsMi0gZWnXYSx3NHOoj+ourNGEi5ACORI4O66jX2Q7dg4tJGJN5yD2N8rVHe9VFq2KE2itrDTwfKJ6nCizPBgCwsurAamEOeaRwq/jYNYaICE/VbObsjyVDSmxVXe7MZ3O42pWJ+H1OAQAUpwGoGGU7mIm2JYO4ec4Ck+DpCgmkY+GFNAZ/zTBIEkhfJTsG58T0wVwARl6hRRLJWatUUdJ1dpFPxWr10btOck9+av/JQ4uATHX+cmiDVXzAYr7l/s0hyYMugrpNKDwP3QFMC9kheIHzoRas6disd5cItmYgRH3gIMiLiEFVbt94q1v8l8gWV6BhXyZsDuEi4MTghzgxWRYmc+UuLRQGiWzrF8s4c0ULRuNvE6UAzTfNivKgd0sp0oTT2TyH1cSJsNhaupIfsURysCpX/AESwySGi6fA98XHdI5rHBz2rEZch3N+MQ5AiVXrADVmRAw5euqD7mkqDiQWaVEeE6rcnipS+bCcs0p4seI/cQ0Hok9O+QE//NE36NQZk+4GP1Dn1MQwrS6KACkCkU7GLHUO8XJqmZmi8fEUXuhEK2drSTNT8XKfYUY4WDSuqJzemjNYlgeaWuLHQ+mn4Pge1a8VCFUO2gpFXmCHg6RnW2eBXcewKSIxeHcd8ngYp+j0dHiokuEfKbRcFBdw11bSSY6ppejTiJdc2gnPcHm1UQf56TLliFBCIdnAZ+ocTo/V3yaLjRO3aBPvqN3nezQn+nNKofzuFQ7PRMlfisY+ziqW3VNeMcDOzKdAk3suVEFnlbDynbPnw4PKc3gxPSzYqGM8wF36ADnQsUvL0XPWSHG9NUmpYNhFDGLmuivJPMM2tmgF1bRXSskbNcNDVI2OKrZz0gsv/xWuoBYI4KAZvz7d8iPbYzURurCXVMtI2cJsukVZSEkFMEvXYxEaHUX7aSfbDXU4lEaAdqsH9bz8O4oUpmj2iUJS1fR3IAgM2VOv42UyGKBpKztMkC38xqaGLNKccgnhStCrtXW5yMRWKlGBRItcGYGV8xNHOzZPblHV0Uvg7F6PnfiWncpdaRQ2TXZICHCtDqoI0b2y17txm5BcfLq8xyiMm2Ig3TRi5oRhoWoJDkL1QaFOLgA7bEj+Po3UA5qpHKxavZXjHG6GJnM/olkNcV+fAkbJghbjydjtqJrEwrbt3XFjVPtelo3o6A4gKP5gArUIVsh2xbUBDEtISA4pk2Vsc7+acGfbEWYZErnapXvdJwddzs2tIQ2TkTSj+WpeL/82COpmPAoA31ZwXcvNAgp568PT8eIq4ttjEtmAfk+/xskKMHSpiiM4B/N4lyOSEB9TFFPX8TAFrh6RDOZHrLB0k1/M+SI1o+TeGzSKgFwmXDRA5ZDALmBo+dkrbfli93h4MGg95b/n6487qPdEXGcIPAZt8WmjRm6iC8gu+CzUXvzscyNNt8DPYgZlisbFDHKcwyyJpgzgRxkewPjE4FJrrNnxnkoEsomygzceY7gptkKorUuZneQ+0FqIMUrnnZ0dKOwsciH3SOSCMeQfmKnsoPR95O5UnlVh1TWa9iEbMrtJzsiL3SLtGRLKoQitiMHO2KmdIsT7x9+Y0Le8xuaimEHGJVTNUFrG4hg5mBxF2GoNaUmOWsQmHTD+pn6cpT2YsdySwmuws2Y+Jupsc+U3A/Sa+njmsAo++acWByRkc8Ncdw/ygRGkhNbwwlkCGJ9JPqdjK22AJkmmVp5qaKDopuTI910ffAzYLyjNi1HKctnhbjUSvoHt7sWJlxcBXSKJrlEBBYOFM0hrJy41pgpT3YOpqd1VadJJUOXq6bcjATwSEE4dFHADHwGTL8S4kCStE6k8uySEIV7DPt98qxkTQfnmnTaAQRTOpgqJy+EmV7pfTGHtjkac07qL4bivdXKBPAp6hHfxyC/xpSoyjTwCIgTxsjmyNex5FVJZIKOyFgGWnKY0ZxM3ORku+pa4aZGk+r6KvbPD2lPy00QjO/ZkboeBq0ba1xvUQaQ0OuCcCoIgGZeAUym5lcYZGuZrBUdcucvBRJHhot3KnVzSM5T4V8JmVrplPjU869OSOlwlM71hGd1qJERMmDTdKcR6rPvKDlQrW5MMmOSZF9jha6+AXA2laeMzFlnOxHzS0xdqL9YMs4dVjyuvtOlcjA+xawPFkeuT9Kv/MRxmFWnKIEOgQI7GGdknVM7U3QCs/hXkJpD6OACv5oJUkEEjx1GOwLOoxvcz/wo6DMWOxp2CaODY9BTzuRL6p1lwQQog0a3hNXvKF84HLuvKIihXVBTIgXO53IyiJ8tqRziMWlHnfsaoMDoiJ55Vqz6FIcBHcolC23l2Q6H2Cx+TA5+LSwdZ/U503JKp8/kisR9BHNH5Tm+1wdVWj9ZU41h1ul7zNd4GugG3d+EBTUzEX2gmuAwyZNcqXMYOz44Q0yWzgcLKoNMj01dTl3+iCahVnuBv4AdmCiUJcZjMizCKj5sEVkyG6dJBDFeUS4W0ifDry5xHPSdRNE9hqg+eYY0yqojPEvJUWsep7pBxlQv2WwTfMk4wodk5H1KHbU4/wpDtMrTAKPVVmDOrldoZGeZUCqSidIVNbkIsguX7UldoTQTcp98ulhfAOVst6/h5i8+wOnhX56aafsNV2HSoGQNyajZGn9Pk8FsoaHWMCzMWDSWkfYgEYUqxsEkTSfJy/LLuRrQQuyWc4gkLVu2QgKkQcD2AjkhEqHSlIn0CokaB7FH4RJuq1y81AIu8vMY5uYDH/CD4omBjbLcc0YJr/9q6ZGE9aAK1CDngTAy+IM3vxf1bglI5a36uFvg+ItxWJv+iDZaX8KgfXoJlDsP8J83SHjUzkqmRHk3Cc06bsjf8vO4EkNl3uJhaaZ5zljrP5wwr5ouWy8Ks2H/pZ0sGY36r1YS1+IKKX30Rf+ZooqCg5U+9oyLrk3re6x3uy5xY+NUw2ZIrpnXtZK+/t6v/8xYkGQL2Jn7BE3EGgpUzMWXsfWBU54GzOMPBNexdVTPeifZG2Hg65vJMsXSQSp0jD0BXEKZxiyTFAjNZGtfyZYZKDszNl1hOjbsGlTDR1u8QTaOFGFA9fUM9UEDeX19DcdzBtOLZdfZmDaydmyygJnnpfi6Q+CUAAAgAElEQVTEPGmO7g3So7rLO+rCyFZNp7JDzTObKKVJEbbWQr2pEMAxI5UyAsAsOHelT62ydpStzFh8eqtGARkI2cGctsWyhAW+lpbDoUzPzJufZv5Sx+wJvWSjinyYZst08T8Vqs0dGkL+dgLMWaB9JqfyCKzolDs7p8/FB3hggV7+noHR3WHBmusao2Yi5IvPcljTZOfmQIkW2ZFZLWrkaODCre3Qi0gkRY8DhC5RnmvzQ/iLp7IoECjELZVnl0mOhmglAtqDH5PO492AM9X9v3xWjAAkDlAYWHWjO4fWKsUPyKPthdaoHXddorVs1oAQ4xMJ+YINqHOyhbUEkYPURsqKRXk5ZrqtdVA0Pkdb5ZxafEx37syYoVF25pQ0snXSIbl1aC7I+MR3dRjy4GaRNDJCPkUjzWhy5tJrEV58pH9f82IKzx5kOkfzUQDZvirCHmP5VVhNplxmR4XtKJ3gVUck3YDFruNjrWlUEwVP4tRuMp9qJXJxDCsXjAOyC+pJin3REUHiSxX0zyK40V55z1ZGQuvzGM+agz5LusxTpgr1HW2VWbNqL6+EIYt05/fVzWuvkkw7tHOpUO0Bc3V0a9abvTp1S0iiEqKrCkzQA00SunZ/VCZeFcdcjp4/NGK40mXiJstpr7NsxqyCEsEnxbwQZDaUZ0RGhXKlVaVyJjARQuEp2LbNSR4X6ChetMlgnX36YMz+l8AaUIohfWH6LHSmjljwueVSPus/n6VsQYDap0+GSLjzSRXHP8N/tWBO0b6fgVP92C/GFyKrnFGfyUTvqHVBDJSnoCTr+U7tpFfcvz555bCIuVL/K9lfX58+Q7ucHbNE4cJtBzS+EO038T4BHOTDYsV9jfyU6jiUGT2oRfXIqeAI+Io1Ej8BjlJ+VnKS44jVLMWFwFgbSfPiEOFoFDa+IYGqbbba6hg1P5FMgCSL6C7Bt4bWJ9Sw+xp+duoEtxMMqk5AdBqlzJisQfgddBTGJdSIpYAw69rFPvm6g1UfyImUnknXd/Q3l73Uo9ymiNX6Hj6Gpc1DRi2kU0Nz5gETWCiXIAc5uWNRz/lMZ4nn5KsanhW7yVsmCbs2ODoaX2PdUQk3e69eKkhJx2uZNC5HA1yKmLWnTDw37oOaCa2fx6RFQqvHrU8g08CzRL9F2VkU4YZZmRkWiDaKpCNp86uv9hD1dAb3xQKMzJST05wCSOGN6lue7mWqqgsjKhDUer87L1PO7gqASXmyZ6zlml7hlEFZwIMRHh881bs7q5D3VP5IZ4g9sxIvA8E2Z7i0+kE+7Qor0/TKXaxmi5L4pY+DWGpDY4k1QJWFsdVdpuo58h/uHjzpJTm98MvHwn8PW+xG45Q3e/F+orqEaJGxqUiLSylcli5sMJQ/pyux1XiJmCrpMLUMs1VyfZtJh2m8nV6MgAxy9+6Y6DaDtRQKZb1cqdEsBW9QCdLGJ8IwSxDQ8/P6xsKIXMnZGtMllolaI6RYswXCUzqTdySECkSXyRO/Hs/UiJ+3H4kE2RhDtX5S2wPh2kv25J6wrnErVyNYjBJ2zLa8n3VTf/t1a/OZSHRtqrOGrKxeQmRmxVorcJZtnOtdxmkOL28Im5NjYrWpI9oknlGLQFAjyRbpmOHgKYtHy521gQ2oLIUWXYB21+wmS6Knl/uaSfEc0OTIk5evlJDcmpRGlS3YLMmDWayJnemqrG4UX5+Wqde0azb+F3BwE3wjmcpQzgUc0Cfpiao42dXkGOVrjrUu4438YYDgNUXkmd8EVkTjUSD0AoeDDKzJErOCm6QFR1zByenNgLGqsKFOhjphrDHXZjPsAIKI/ZE1kRSI6JUvAVZ2QEMN9px2nJMQ6yhVyqWXEyJ3SKTgLlqCwWcVxxvJXjQlA8q1qomjvIblTu6ZP2v5sxvbUEtV/Pg6oYVjDBIj0lQXcI7wzBzVdRzfUcmi8yPgmP6015gZRySkao6k07gz4tW8ypc5V+ZI3cgHODMkfMyPlUivag1HDgiI6H2XDuojolR8t2AC00GiyaXeTxdgXUHNPX6q3MRSlJagwkuflO+vqE4kUhy1IDhMj5QvIHpvblZIYHmgn0lOABm77Hdx7dzQEg3vMqDliWbl6eEprn6xHp0Ko0LUcFN2nzCxEXQpPQGBgGlunF7kCa3gzVuLNW3KdslyyUwWWnf4CHo2mE2QKLaPTrq7M2zNjTWWWAUBkZpTr2PVeNYJH+HO0yM4LqOni0/8W5ZCwQwzo1WgV3Jfcg6w1ef69bW+x5GHkjJy2eTDHcOVGl5c6/i8QiQYEnSjkaWE12RKily9uwtmo+JVWYExu+SDlPN7RAY/002mjOA/YUKmF1GPIukrbdWsMuWBqTDqmWFlh0dEtAVKlQYLvGWugPQD65yI0FyoSE1CdBagKMFSYrGoEKu2AFMUlwu7EXK8T4V9ZkJC53bHYKI62T6hKlIbz5GdT0IAUOnJtiFd+I3/IbGSMEczyh2n9Se5WCEhBuRroIEN6Fnmca92QhyzwZt3DmzBnPgHP8VT6JJuAhmTVIzIPgUxBAWwJsFzRUQg9AlvKOe0IqZd/vQLsH8DBtVREEf21WHA+0J4VQDiVOeXtcZ9MoujCT8xCoPIXJA6EMMh0MlHa1BWCq2dNkwBIT1LF8Qt0zbYc5H2ySWypuGqc/HQG1ovdCrNAn5S4iJ4bNc5V9HSw+xYYQbZ3wV8xp8k6R0V/zPXfp8nACpWMJAUvtTHMWqn/mL/pcVRmzgzEIQxBNjvan1jzGC13fgqPzYd78YuO8hR6uFdSDkoyapF55NmyV2urf2UT5cLUqSJ+CSWhwOH1m5CdseiVqiJEmGdRrpvPDslxwjRtj3EJ1ibICzPPH38yojA0K7UYQToPSodoYR8novjmaSNQYXlPh+5X0LjaUK23Eht2pzEAhaVaa2rfv3RC4l6BujH3ierW5BaswlW7NQzkz8+vX/f4ITeciF+MxL9XnmhoqHV9bXrEh+94QVZLBrQmxF52oPHYmzLhFfoFMdyZI9/brTF1ORkh7Om0hb3BtrwZlMr4jljyau+uRP7kxK7nMbE0+HxDSZPH+8/++z64cGbciTlJmnXXvpl/8+WWt+8uX739dM7b0oxDO6B82dFDlTj+KLCNWi9KbK2GDWu+jSSwKJO8tiM0Ynbf+Ns+6RI0NTr6oVBtcc8UlS3cXVTN+jAMlI2bjDn/P6915zZvkInDPJE10NSXm2AXTbyv3xdS4mPb9ux/NQFc1yOVdG13mo1y56aJ792O/PVh7dvvfHKm1A3ptcBrE+o+2H316+/us9S+jyD3OSr+etrzHTcTn19/3Sn3/FKZp7u+hIkKpzO4+NLMxzMPQDdQA19OuzCy6S9TP9cqCk2cl9B00wVZaG1gPG15kPWopZEBV8hNE0ZpPqFYzGwfquCnJ91tIBbXteSEPKPrUeoUHjxdHNziynVbl73xgam98+TRc0G8Z/toMCkBVoZLrZ96f9ydy+o2kxWE/OcUReJCuOSGfQyqQmMOCi5wSUogZ1SoebEG1n51CtbjV8sABjcaHqGG/cb4XYFTw3bGryD4O/He81UB46Dh5k3A0EukyEbd1KrLVKtTfZSUsKLy3PFhhYE9d0UPXmz63Sjr4IymOoVJ3BFSXzpFLJ5UoCIp/r9KJ5zZq4OoQUQGX8+eTtqNBOQIRa3+dVSQ5PbAmBhRjJZqH9dPKqfcWHHw2HEEUSNX/midTdiIk0GEteaYty/w3Lnp3lUKIpnJ2KdD1rKg00YtWH6rd/KGNMj0GFkk1QIJlZ9CsNoBFHJ9IqJzLVP1kQNbm1ordVBY6+JSu6gk7/k0ii3AyAzOCqb0A7oRA0blQpKzlEuB0U4cgXADiHvOLki74/ANTV8O1EmnKb5UkPdAzBAHohVE5l2B236cY3VE9z0YOleS5nYkTmaEqvIJsA5rzpBYk2OLLVGXGmxVHj0D68LqQWlk2Qpvcp+UtwFKkAu9tbLF91NBSwaEUt5pHdeaozuoJNkfopDQR2vUMs3Xg/XG+ho0925yhk6BSfPZY3gpecH6D3JUHDpFtPWI0Qfbm5fffHu/ofvCNNUqJ5dMrn2zDH351x/8D5ePYfXG7vg0rZPzuKQq9e3lCHA9KtI2ogrj3YZN/ck+exSnB/xGafWT+QUSPG2CKZ6xz5FV3ItNElayA12rs0Nx/Rl8fIpfi5aSIgOpCn6FVOZElyOZhlRxUea4Jp+svrL1KO2zBFrEiTexOjcZw7pW+U5jXTCFzdJHKdy/tQNcoE5kVNaNSjf6dfBHHywIz5+c1P0gSgh+Bis4HBW6iDsSd1J5ILc54J3KK72Unyqfcdp7Ug7m0JF+IXgQrWvoirb7NhP2BD7DTThVnb5UgBpMCNPHucqCSeEfQbYARUr9R15X/0tpCu/yD1aQZ+PU2luxgZC7skZ9pHSEYqDOt/jrG2Qqqg8/ETBRfDxbE9CJmjU6AptGaDsIjVvqsxER5yjvdYSB0XjfREQ7aNeXGqrc8qIzklKZ8J+IcOexTv18ROdnWW+mbDLZpfimXAxDHcW9TuMgsvhSGa9AgJelX2VpaO3775C6jcwf4FfDhnlWOdCcg4p/UYLXLRpPGqH98WYh15Vh2x61ol//Or+5f3T64dWUoyTtp1jk3Ls/ULLYgnUn3YIasJQ1OjZ88jc+eodppp/D6/0mHm5zFi1hx9o0Ncv31k516TdI1poxXwaB78sQY5aHtjTN/Cn3GQRuUXnx+uXdy0UgaY3lijUcyNpgFKyfPn2T328+ezV9du3NWYhQuh6cQCGifi+/K9ey3/twTebIKHJir8GJpR59fC733vxW3/w4dqbWJWKp3Jv85vSUqxe/OqfuPr8jYWecpags+PlQZ5EnfSGk7QUjEmYMdvwQQhnesdGE69fvG3IBJOofdQYS6zzeH3DmW/+1t/++qt7d+kVwAbJ3tZC93R59fJHP3n4K3/9F3/1L//cu6/k8WvjLrFumMJNNljRwV3KT1+8e/rx1233aWUpp9EjS2aqvImYOgWyPDPqQJECyyIvrz/+/g/e/fDHeDGM3P/RUKZFGdM2T67U7Xx4/Vf/qW/94//Ut99/abHMM5sTwVPwWpRmQB3jh48ffvjVh6/sN8LY2HUjQtvcMx2ZvXbAQ9SpXh9alt8Iu55qrdPbb//oJw9/+zcf3jQSLmwR2WaZhbIZm+dh/vyr7/6cnsKKV/FnNcs17qtbQ5KC+fHFzcNXPQo3SU56b9wGzYrXy7u7x5vbN+++/82H9182f8H/YVmjCxDEcaPIx588XL/jP+XXu2ojThbs5gRv3nYXCbdqA8awDFoU8ZMeKz8LFUqlzcR13EgSdG20cIpSr1m9ur578c7C/8qbFveyrQ8f37HWw8vPvulpr5S/fmUfFBO7hn/lUYOirO68WU0tcEmCHOhTrMD2zQfN2kTXgxtUpCLmE40mxF4tzKLM7BLcq9taCokEK7P7JkeikdoXV+wj5E9JYq9rrOLp5pvfeny4dwWD4siHIvC1k48v3n/91fXNm6f715pEcz4BRJ8Ck01yzqu3n1nD5A62TfII+6ppNF1KeibLlIkVuwwbWK7GnObleJAzuPDJvol5vqsKY+Cr2mGRdMprd2BBjCqi6B3vtOOsKy2WOUx2ubIHMoHVKAXuPqDff/347p2t/5oG3S2z3l2/MKFsydWTx5p5i1e78pDF+pCme1rFM1uk4DqAfidYA4A+6XxkB7CS6PgMEHdJqKF3alIoov1VoKizFTU8z64NmbPyITrvittyZ6JdsIClW9HwiVhlbCtgS2ICR+UY5CKpgm970LIq8imorwjfFVCCe6FF6SbB4sKp7JfIpzdvESTw4jYr+Sah33iUMcy7PnxsKxyBCgylW+nAShNbMwcbeALDE4ZhA45k3sw8lWBbBs6oyaNKRYSdd4xEwBloRQOLcrUN8uVJYKeJxTDjlfcnbnCFFZYWeaK1s1scWiLRwC3pKJdPaTPoMlpRPIZMPDXi4J+nzL69fvvV996/tX3U5Ta3nhP+uonokdMjfjxJDL5iV6fjnfl7Crr9hfqdnzw+/Nlf/cX/+vV3b16bmb64v98qv8xbgL28f3zY/btEsRRy75jlrq48Yl9fQRQv9b6V4ttM1RXZmpi4TrZ0nsoqJnvmmkLZUwkYv3NHQ4/JW5lPKAd0YDEbLHgRdqrmavF0/fL6fVcuSNa+gezSVWaA9XMLSD0cUY+zcBx/YBkiLs5js1ajuMlCgmXefSZuAhw43+ckoZQKhgsgJsXywXouPGcTf5IXOR3k92Kuz7O6M4aiZ2lPQw73MLlAE/wUTDLSVF5Uc9hFlIn4TDswLFL26DBpLl+KR39ucrigjOJCvN8Rj0LEjwjHOsqe2dUdjGdiRGSqqU3U9Ts8EfNj1Vh2QrGh7XBFzyon+wiNYbKsICzHmbw8g7yqy/lKVddtADp+znAfP37x/isLLUpqdi3JtCjsu25OptIO3PPJfnLVqAnelqU+Ptrg9vRKz3R9UXQazHKJjs0nG3ySUGEV0yuVYQJK6FRZ7YilyaVAr/tMR9shRdCr8z1gPzPPIc6s026Ah8eJugj6c7JQOPFF/wrPfwD7jPxoJuKxljJoBbSgAO5n7sul52M0UG93vBqfRqvyzW//8O7H7xOhVI8KwVgyNdi7AEMz3EZ0ZM8DjeNK4nwg5VAuN6AFTVehp7jzeqQGRq/vnl78jd/ZTbQtSMelLmTBhJe+oiGp1EOPrYIAcFW2/dp61Q+PMtov31//S5Zlj05QbKBvA6kD6xnGfA9/4Z+5rRsxvH1tjJJe+gzytMJtVeX14z9Xd5QVCOzHSiQy3uJiGPvms5f/m//d6//fb9x9p7348q9PC/rttZze7989/Cv//T/xV/7xt3dfw51gDZXrgPw0arz78OKL9+np/L51GsWEoJqd/vcvH6//6rde/ry19tLrXLQW5lLu6+sPryzhfPY/+x/+3X/v156+8Q02/eilUuxtqfHh0QveX3/1/uk/98//0v/gf/LPGt7VM0d6GuCQlT4+GFf91m/d/s3/4OXTNbvXbVpp9ThRR633+GUG/ddaD9Vm1VdXLg0Xtzffevlv/F/f/y/+V//g299x1ZivG1Ya/fMgdrnv3dM/91/84/+d/9GvPn1FLn3OudkDZMrIWa9f3Tz+P/7Gq9/+I7tEMgEI9ocvbzRYe/H0i5/f/CM/p92StjyT/evmCWRK+Pqz1//nf/UP/t9/87d++Rc/e7i/v7m+baGrKzCevV1MeI/9X/xnPv9Lf/726x97aKkX3duSzk1shE4Ra2D67u/fP/0Asau9LTjzCj5BVqC+vLGn6nv/zh8IVj65ur4WmA1O4VLn48PV25f/zm9d/+F7zzLqdWs6HZ2hIDDsIuZnP/rwvS+6LUS0z3nUTiqu3GczTirVPKmVdkQyZG+pWJx01+j17/2977ne1uNdNxQmu6X0EIw43z984xc/+5P/2C/c3xtjCshGH2cQ1jyPj8x1ty6Y7QrAhlQQ27lga7CJ9euXP/qDH/zwD9+bNLy8casx/TSFbt0WDh8+vH/zi3/q81/6Vo4rf0akhjr5jxfLB1Ogn/yKvPjpj6+wvP3OdwPPfJktLL5lg48vPv/udz98/dWv/Zv/VoKne+3CMAqrWpMNaR8+3L70lP2mjuYnqnFhHuE7fWbNQsaHEOX26CZPkMkJs4Lol+oqq6pP5f0ufTjKRpfyZblOFJEj4nPghncolGLznh9Cub7m+lE+niLlccTkO0P8H/76b/zwN/9e60lc4z2AXtN3I07aoAKbjd9gUFvLp0XmxW4l0uzX+J0GTo5w2bIHBCxvQkiC/hI2BaZpWgQXxTnhKOq0LhKhlFI7tKSeJlXPAMlPk9EAMp85UzeRQu2YwpsUywqIHuK1r5aKy6KUefnVF1/88De/12y7VeRgzAaD5sFX9po/fPs7b3/lz3znw9P9Uo9mtviiIXihG8upeITgQsa4nkitB7w2v/qd3/rCNch0WY4kW7YVp+miIV50YX8FaTzX+AGhR0PmTKzhxQ6/o14HK7qUTZQqgUU8Dv5yjv/JWb7S4lo7zFKnqgZ3orKWGYyPFOGbGtefXX3zT3774au7OKfAeJ+vI390QokccYpmh4wnAdpVeftrf+Nvmf+UM0RKyd9GI6//M232+/hzv/CN7/ziNw1xareCyeME7hwDK6p+/L0f//f+5X/hf/yP/an7L9+9eOUSbmscrnb2pgK58s3VD7///r/73/7fv7u3YqLHuRVteFAIGN+7zH3/+S/cv+4iJfkVoDwjXrQIPOuEEXuS+99XFaeMR5zsO+dEf7A7AdIpHC3qYJ2IRgsUskYMLz7euToYTEsMAZPug266/XVPb158N2AR4q+R6P5PkMU5I1aPXZHhcDJUdtj6PSp9km5S0jMNLo50hBXM86lmR4k+iuE4PvlD5QySzDt8RgQ1vFRWFl+f7JG9yDj4gH5KuLplnA6C3v8LxTisSZV9yrrwgopQzHyWIOak0cwZ6gd5KEbqkJt02ejQOE475AINyLef/s6n2hn8mcYpPvWpNG5cYNREqLngE/LEBIBINpg9IJR44yBv18vGNGQtijKBH2BSNvN+9dXde4PK60jgYOElvWkxQQPomCANMTKHuyBd8rJ8CejxhYWFN5nqcEn6iZcYWDlWGeWVHsPEJsOzEpjEX6wciM7QqHcLT68YTZ8oJPtoriS4HZzKc3ig9h2hRBuz8CKZkX4GK2ONZuQbBg8u2ImvdDgIrftcAwimDnlermnXQdZ113oc+kBjxnJySxV8Z5z04CIAk8mpGbQ/gIsuMqx3g2fxVyFKmiLDN0qMd4r7UmKc41alLKFvfHz0ZivJJp+V+UAjG919+Y1dXj/xffKnXIFBQ4xXNy9f3rZV1PZymPMHiQgAPuF1TK8fJcQWRIwvlsBqJy1EGsUxwv29fULJlzVkdlh2jGW/181L7j4YwBt3fnx6F1lrUSo33aCiS/3XkubLF19/uBF3xjO901NFoxfrhy7/v/DCsBcWcg3cie2aK1UYWuc4r5qJvnr/4oXJQ/dhtnArxUr9kq0tUQ+vvWTyhWcpWkk0j7UiZCtLq5Kityu5bhO9cnXgzuLPeybpGk3Kl6nyO43uP7y++fLD4/c+eJ8Qyuq6enK20mgHhstMIEKvZcmcQvAi4b7nt1u4+0ix6/vr128tMLGJ6wqmJQY9BEDcZQ5vIP5w9/T49dP9FxSzdJTnMyUv4Mexet8fPr786uq+RwWd58aSj/cNF63We/T93Ys/ziA6O0ZTYdRhuQzejZx/9fj0ox89vLl+w6YRNqO7f/ConGI3Ji+8GIuyVsON/XG3OWrDjuaHQs2+pbv3L+6+fmGe3+WisoFNSw3i7RCapL1q07i/rllVj+xiOoHDFn6vbxuFtPhEsN6O6uIMS+6CiDs0+O0d1qnKZRBhj8LCfTG80G++YOJX67Sc1mCJJI0WlJGxuVZTyswlj5t0v3x83/aJW5rW6xKlsNZQ4QGsjVpNdKnn4eH68zdOc7xbJXjftZ5aTeYKsngQsOAd13LttENODDb7cI2pW8YVUyG8KJ9WloHJqyLmGHCwkkKMFHMydau5v6dd+/fYp1ZXIFTe1iOf5lvwCvsPRszd012vWsDbn0FjDazAIFbRS4uaEoGd9knxyZVpV0iUtJq8fdfaJhttoWXmUEKqoqpRCy6auUlzdEKulFaBTqiVrZiePmWaHSycRUUrSoDU5nHWePIObRS6sEJVLZii7827KVwMOmu5IcaZMzYJ1xfCAlROSgH2SowjyZIpnzB01+MwyuBHkyPi0We08E6LYeelnSpaIoppPHNwxqi+2K4IXVKlU9tK/C5rRRm1bIZSYjmYyuZeZv2VT/7N4hvBl0vlpVxXh1EkUg1ZwX1dq2zRu9MhpkVRglIC7JNTirCpgsyY0Dm1Y98SdPc+bTgQJhbSmHzMcAEnfWUJEBFIxuggFOtfjoOP2ClUCbQjFZGLhOmITOLXMgc31MHnsGSpeXY8BdANMHpkHwZi+pcVJlDGNFW3+aZEm+gJGnP/DkpyhJL6Kv33J2yoLXJs1QeKzocust1g15J/a2gA6av8A+da3vAN4/FBwFjIMAV9IMnb29unL7/8+o9+LDVoWCPaDE1LfHH7Vp/+4d2dV5K8e3p4//X7t58bUydO3Zy5F2r39w9vv3l3/cZMI9vU+OOSfkdn4POucrLVCR9TpEZO7TcjpOOqHMVjBfmP5s+tYuZk3wjmxyxdyDWcSEVZjINDb9m2HLHwbOQX06yXUf2gjjkvJkII/Z8CyE7ylfeVw4JHIoN2GHBffoZ/nH4K1COv+KJYbrsgwHnWcRKEHuyFVDQvJFcdx0sZAyRIolU1zhUcoTrwmYqTHcDcX/zEI5VRYLLiTUm2c3CI1dwU+vvE7yL+wV/VoTutUm4ULwiJEZ+f/XwidgmC4vWZPOijH7ysvXIlNYrnqmf89L7gAT2tKcOuodSyU3SmVo0AcGDRmabTmd7WajaEMwysMt0LojY0NBQ8PgplLOJZ09LXb3VAcW5Plot8fpiyUyaF00pCbFPhH2q82GX9k++CR2dfImE0s6v7OFeOEBJx7/QCd6AvRco6zwEHrPLQ4nFMrYAUi/vqdnoRn2TrgRIWdAZVHby8iZ5zP0XJKR+zAHaQdQ+50kqNp3Rf82sID1PljCy7ZBdZAKlzoCupV8xkIU++3JIRIpC8Vt/r/2HYm7Lr4hnI6KqLNa0+Pno8TxiT0jJ/PS9G6S8TmddRxyijcWAyT70GaZZmU+rw51bqGAnrMc4S+MkgyFKdAKGRZvtRSrJpFj2prSMsXTXevnALLa4OlNFy10OrgG3Bj/cxsL7Gw6Hb4gunft+rCd3+a+XLcHb7zwy8LKUXAdazmxBM9HlkigFr9U+2Ld4Wp11HaeBAX1ttPAW+V+ImQRsBM2IAACAASURBVOMAsXjf0u4uZnipgCsgtn7SNaPqQZoaaGhrxsd86frCLqkP16VLyjbGMuBFqt3zBLx2GwRuFeJganGektRurWvjxtveMr+3AJQoeaDWxcUM13OP7ARSS66iIckMiyZ8hiUIr7y280Y/VgfVWGqDYBtCmNqCobvAjQLdoNMMScA0aaSLPQWvXt64UcRN0J5MRyqr/y+ubGg96jGp59zdu65XILR43SORGIlfZ+dGt/qLJjx28ovBK0S4i/9qT2fCKKS78BAy0bqEVQJtb4wAcUJJOhbS0KjFlpT2Pykapdr18fr1G8vehyzReYGVtJsCv1AxSly/hZLB3tQrCFAmCLczUAP2LDfaMWQ7guDKXjTlIT/ZrRa2ubNzLaIR6LJdo86X9xO4miKlZf7oME82ykwdpYYpOi0ct2qorObt7DRXAkW1dj1FS3mdFoOOIuHPt4KTaNACRFSrBKKh9FSz1TCLl9ToJnKo/M0ndoM05eiFHO7r+GAGSw9NJ7c0Jm9TEyEkmZMflgKwT9IgkoJoO+9U6VDVpUXgpHUWdAhLR1m4sz4DB7ycEL0Q97vvwadbSWGpj7myfNokR57iWEcNLo1DtvoriJQyBiBOdaJxHJdpBngCP0wSwxF7T+LycaZ7lqDydm4lVjJXd/mQAxi2SIzF3FhlRARLy7ZBBCQSZpC+Cth5fYaZj3MweadgmiVxKySTTo1fU7Ojc1d2eJC8Sk3o5TqQ1j7qXJWo50PVDglcMpBDkz9XJk9eCN+/fFmQmPSecjVpACtLZpSu/qUCbcgnlDwEWH5qAXytApm0wy1JolkLWc/DA12GwlpjJ7/GVzs6LAr74wRC9Kn9RSdvn2WmUJ2MbA6OOGL7S8igMWPqNSLYTJSUKRgx8nNTNzhV/Kx4AiJSeEvSkfF/omeEIi1p8Jq5gMFWpJU8fGz3AnWoD89Sz80bqyKtnS0cUNNiPGChO5wo65yc5KNTVNDBGH234zy9b16kQBKRmHsC2dsvFb26un/46ubNG57N6fA3ZSMYf+pHyVfXzz9IIoY6txxL0ZuqAfZbwvKpFusTV9IUqgd6ig8h4DixaYVzjdOiqHYjjA52cGnRiA1C4TU3lMTjm7kP7zhHK/8pr8FaUpgJEB6wMOSqS1G4w9FxOaoBRHmuz/GJhkogK+wIclUDX+Ng5HWqYz1I9UzcP1QjcP5ODHa8gkPRYeT9jYuqCf9ckKAx9H0QOz3qhZgogeRgJ6WYcQ1j9CbAxNi5sn4jdQiFmvECuQhwfo5BL6Jmlh0CO0Vx49POOvB9GtgoHagKa+9DDWTwYztJzxG28U4DXCoro43mEiAsomhuq8ymy1c9aKUqOHkkRyTS1FVSzlj/KKwyCbwU6jdx/FdhqFOoxy+q5YgJ8En8TiGo/yRYAhYlQJ+zcnIclKTurAKH/SS8r9LqiDzXr/bydUH56VlalY8O5VXH4Nks8zHoig7jmF1iZHomNxKOD/vyUeQZyL9a4rCff4A+0xkfzTZ0NFtlwASZtXkkLMTEn15oyL6l6RKb5YFq1TRKKhFT+9LQZmmUz8qE1ptUuyKbgFZ6u76fBporVIPnxgc8ZHXSLYv+LSdC65hkxpdZp5Bbq7bNa51TWq34EiXE2VX43JDKPjIlMkEpJAp+LdsZ7TU2v3I1wcNVJNepaI09ijcMQLx6o5mssDZsrD1TNMX8CToDxUYuXRqPeJMSWJZnnrx8saAklnFsD1uTp42OGsBRCLJgkmZzjLiU6KTXjQzJIZ/rTPNRBpADeSVaJhyWerFupIXk7rXU6Z7HwRlOoaKmBWEzp64XNA42DpvImNKiTvu9Bcy26ThvEzgHmhxMUxdY9eKvuk6iy4KRfKHLob2IoBLWvHdPiOX4hvZpztRcGBQZalloenjS04v7O3DPfmiqoD/jDjzcqeZiNmDkm+kVbPae2nFEb1alN5aZlCis5XlIzJ/EiaTA0j7HNb5xpcosBqJlZmI8fG0E1/N7UttckUPnM4rmYYrtVoTWqTNX/jW6KX5xzqlJFHlnZg82u/d+rm6m627PDX+YinI6RLbIxfVOC4DLOJpS9X9J3nyUY/OsU2B1YOlktFcw+MoI+dvYpaTGuXyBqqP17WUpLtpqXCYHXKhYTG87EHSsikZ/yPOD7ecw8OGQNmAYJeBKO2Mp5SqI5fac7AkrNL919HnDp25WLB1TL1unQzo6WRAsNBVouvCRLoaCKGhZvQbuOhZXi94atHjMGoWP8cbSDNO60ZwaJIrJRY5+KVXQJQ8bVyJtO16RuqozUAyP0AEK0imQFGTJPxeFUgpkwP0A7tSPolm806hx0REmCxycFI56mFFGtdAbA8VMqLzcFXieys2somAyU0xV2AtbTAjgPyNXPKOJ9R0ra3VgzzVHdZYc1+AjAWxz6Yj7W/Dwc5IjSr7WAoRHyjifSOqSLQ/Oinmt9gxjgpGv9QvADarI7Si5YlecqY9ahRMgzp0NLw6lnRgywuZD5vtaf+bNtulLwGmIp+YYIVyOhbIZBgwpLUM8Q0A4iVHDQaSQTaTEWx8XUjS6DQygKn+lIGc1PDFYxSGRAFisIHHJBCaunaRbAI7Ol7ryfPaqhPxJsYAnY0P53FtF3VYZqiucPQY6Yv2rY/A1esBqhUgA5pimyjXfE9UBRUyGfzZH+Ae7si1+JWMLW9pxvGz7xAo7erC8DYtdnL5y0aCA2WMDZP51jyzSq2/qmKzHLI5ti7XH3jU48w19qC6Fg9PHhE4aTAzcqEtecvtYiEk1zynIUvO6L66c2S5eftY8yP0VnJb6GVkM5SGl55Nr/YtaK0cqygz4O8SbzCp9FFdC1UYLPs2tTSDJuxAPBOlkCmpfUc15PozorPKcBSIe7OCs0lJtgCHjus+pC2Fd2MGP9GjEZHx8D2NED5fK0+nUjxzia2GKfC6IO1Gdh2eGVUKOl7LqB3MOEihfzCAHtEAvI44iJZhpOlTyLKaDBc+giqIYJCHo2BzXpXZtoL+xP6eVXBCeD+cF1nqWMe0XJvPswFVRmH1J00/myDejhPFhGYcjZWE+vsNOgyl0YTERGvXoy+ZhQdHIDXZGTd6ybAsmMKlVXVYSbHqXqIzeanc6S0kvuRzrGiSYaCVj4H2YIkH9zH6FiwO1F2mnD2i4/l20O6gRmcIpWF1LHWL30l9G/IBMOCSd+v/8yQAXeyk6PusgoMqJlXQRP+KkLrjjzkRUfYpGCtz4Db/KMZvQO4xeHeYZ5B1x9OGt1yGp5UGRGwzXHLRoy735jDARix9i5Mnj5WeiyP+T8WRrMuMUgHOLRgFowREhro7CbsV5sIYSv6w9KRt1deVR0aHfOL20yzu1WtnudeNfRRy4gAsyhB6IDAY1JKUViY2A1VB0o/RMlQ5JF74EPoUMeBBxp/K9Oww+PrUHx5is8ZsLAMYxkqiFeZmIHrDqSktMGoXbpyiSIXUFpjbG+8arnh/6cHff0Gid0bnikRHHvrnLWV/DlElKxh0YKJXmmN5sVzc+ARHI2w0JsWt0WHkdC2fZFdrZVoJePfT0+Ee3wrqN7HSOGYy6NYwwWoQlqv2gBsG3pNCv2HNCt+6PwTwX0818K3MUUi3BSLkZySK907AyMehE6k2Tyj7cUbVJVSM9+z3cVu1OvGtgJM/MLfAbZhC/lmxa4noELbqCcO+eYrsJendsihqiMm1j8rnft1s5PNYjCSHmzCIdrKV/c6uNo7tonkxZe+/VMtR48piaTeGOaB9cqDFRcaVIx/b6hfvj8GgUXg8Hz43OcZF19HzG+nsIbJOTddnt+eqJteu6bR/zKArXm+awxVMTT7Zbs/CtJlHTHcXJzRfe45YBDSNySgOvCl3ur80RvpFCrVLcnehe1OdtqatJFxmaLjMBVk4Slm+AFec13LXBnVkUbTSVK5llBkw+gYa2qUXiZu7JUdObp07n0lSBGNqA0ulV9+moACme/Luc1di0SkAoMZWZTH60nt3AJ/XJLpe3Bylpa2naqZBnIIoKCmOPrIHVIZ2Yo48Zun33Ixg7wEZJ6SCoI08/wwL0XHPOA4rAOQM3fU7J5BxLGhCuNjKixI76mPneb8sIkYp7gRtzNlorGNcLXyquBkP0h6Cmtquc9xggZRNf6GpFASrio7y1EA0r9vgQ46i7ZFZLmpQzQgSTN//SoNjISpGOOh/03NgSb8EBpba7ysJzY7/2D049vIqIo+smto0PCSR1qytROCMOD1KD0BrG0gPLnQZZIBxj175SIG3H3GEdQXIWL5kNLwFHdUoQVUY6c04HAudiuuhlrGyUas7b+3csc7hGYxZKg2PTSxRlgxMsZCl2Zs10XCKtsCJgfWbm/ES2cScsDoNubp5yYjtLzsgwyh4qQGni2hUqyaqBpmmehqO+dqFBFUAk32mtybpFubbrhcwVs4RBzA3QFpVcA0zQosI10Uxg5aw+aC1MSyfJrn0ixZxaXdQDU9fgqeCid1mmhJJtEqBrJSxFsP4nfEgzQHOCrtVHQeYzH8CMVDP8InUalkKUDkWBg0t7mZ9WMauW1GbzjFJxEV+RYzKQpdgcSLUOV0E+emRydel0ztQpcdLEouOUyYnQTnPMhrkJxVRDEuYoDxWHijo+4vlBcadRQ0h9VfXuvMd8tQlVvpRMAhzDGNyF0MKswotig86oxAh85/sWjxUspAGn4xiorKzaEgtCh8Vwx2o8EzCKxTmbD+iwndINElSsn4xdhvAzYrGl/kX28cVuUEFmhcNsjLNtNox4ler6l6n9i2Z/mfOAZwHV80XUwoMIElpVB67f6FTcB4EFbPG1EhyT8CDSU/+zrSLwFoerSe6g0jTCzgoIvm+okhUnMoCJKmBAqYWsybR3d1xzLcj5CRWfNBjqiM/KNa20Udf/Aze7ZJV9IqxCLuzoUtydps/A/aJ7JIzI5UPOQ+nTeZWLiYsYwt15fpiWgefMeFTQz2ikeahwE3bi7OzwvWCHo8r/td4wltFzpBykbkQGlMGM5VquKQ1G3B+Ddrmx5BUl12Sklc6qVq7HkLtKPywt9cghVqxthazzjKvMwezGbTRBN/PXRQA9ASQfzElbk6BNw9PLgn5awyWiA2NkqGhim8ZzUjm3sfPMA6KoYqCEHwxy5C9FSIiEBK/CukmEJDp7FXpoAwHERGkWWT9dOW2cViSsCpnyYiPFPpsl7OqqW9/syemBOTb9v3uIrMSuM7xiAGA9yrN8aqPGFmvQl8pwANOwP4NcjInxVANuuKRKbksbBmkEu6f95BijQtL4sI3H6pSHQdn3bvn76A3vMpyvizJkNDLH0PMxseTOHNq4vZCSUhqFkKGXVZFhEYNvRGtgiDUIlbWZxrg572cMlY1yDfgwLThwyEds2taahq8saBakrNvBdW8VdgnbMOTq9urhvWcn4lPMFGPo4pdNksIzd1B16qYF17S5VHkOcEtwE6Xk6Rl24uO+tt2jch5foSkcMb3vloguP52ek3iTsYFHw74mJoTI3i5YMTWHWVlz7r+1MiBrHQUpaXy7J8PIKgMnVtIwLBv1KeBKHTsjmILmmGwfNNuphmAA3hQlM3Ig/xclGaxGARQgmjZ7FY7NMLsFnN38y8Wxye6XT2OI5iKMiskainMkdfbrJwwc3GvsmR452qM1aETPrrUseNaGsY16//Av2pGi3bTy03G8eTI35/vOskB6wgZSU7F9q3ESEPbE2catmsudWCYOudfKGJICXQhBhgCIFH8pf7S4aIfLPkTuk7mzKfrJyVywUlrZKgZUQedInk9qAAEc1OAzYaEanemZJo7wJT2YhoIql9cTkI6BQyflJ5V3UuExXGwyJ9nCmDNTelwDSwCftuVtPfjI18imyoQcbjI5xbwf1LI0ij7PMpcrMR0KPQuIzB593yxEEAVFZroOc5F84l4wx2vU8koJLl3hoGKJeIEw1sXt/L1JO47RBr57p6pKMTyYDrmCqJDQg4jX2DebVmZZp25RsGjlwbDkDKOEzKaItjfCLttObYQP2PHbgIvbOXYg2G4KVgo9g9XFslwwWUZl5suCSUma5JtaTEaR8S6SZop06VPPpuVD810U1PaLTz3MUEJL0WDE+B6y1fSmOY6PrTssKklsKO05EGU2kS2xrw/NLbTM1ERN0c6wY0HYHMISsK4Eitd+paSPm/m7kpx4bIBXs7LW11qa0eAvVujOiRO8i+JloAyV/l2YLkQ6yaCOB5tdTrEuaehasTpltXoH83oEu3IbXmSyQBDna8UzjPKcOJIsNFBwG6F1flx78UMEJlwHOY6VZNp4JUEe97ssys5oLQUdUOrUewZypOyHqbJP0o20s0+sUj12+66UmPtCIyY7We20WtHAqxpi5Re1VUA50VPpJ/QIOzuMhu6w6hL8yrnY7wx0KPg+KlQdYpnkciDSChjn0xNmR1jgk1CRWkumqXabdAXTPhO6kjQ7mLW+AE898ccnIpVM9r4iPC9O8hk4G9XEoPuOv0+QtZ+ZZXpXefIHgAPU7/HREXu6TnCsAj4FYdb+ozoNtakiHmrmqHz09q2iRtoIYPJM5CJ/H0HUBHiJ8RAt5A2HsKg8oKRN7o5RKvuAKd/EwNdgqkwYBdNGHSKZ6ILpKPmDGCWDlh1Op2eoqo6lRzT6U+38lGeQEx++Z8TRH3L2IVrcqr7Ud5CI8YUQAHfNMMl5lAv8GaeqKVS1+IgiAlDoO/iZbpTYIW0JXDbS6hiMYYRg6xYdNubDuATUDpAALIdbdCqR9Sh3o1U9SglLjY8WzTeHaCKHve1Dfqf7UmS2R6z+Ju0kIeGQMLQFlXt4tEzqRgCXiNTWU6e3DEi+earov3SeRE3riEmta3Zb4LSJJQHSpusAidnUIBuh47gUkpMpvg2KsZKsO6apiQmiid7g7eX910b80n5Msmrj3aR+vCsbv7rd0xlmUvfw1gf0pGq4jVBzvQW21sRZOjdiUkgnbJaxsn/bAzEp3/aYLp6ooWqD4EaiulSTNaTg1zeQFIB9LO27et3jovEnmu4rP3Kqp8N72wCYTO9XnR8K4N+eGmrMCMHkvoYGBEy+mSSABjaNyx/uPF5TFm5hWXm9j83ohvdom/5NXHItVtSbdWR3vwYE640EYAn89sbTY91RrW5bkvJZsVR/ZCy3nVopFTCr9FyjK0+V4i9b8gnuEbFPD57C7Rbtj/eI2CDflYfIzK2KMoypi8BEAIVWpJKC0dcgCL/orsPVpHi7l90Sgy+Y14RrJmON4qahfWFAqVjMjlmHZzrLRkVk19UEAzdLSYX3wtgIEGyBWs+GbNevONGumG68ztDFkxDqNhpxgq6FhRIXg4xbfAkCl0v3Qw1n8T6eOja2bGjc0pd9XGRLVnFSmAwteRI52RMnkk5qiqM2KFU06pwaa9ExSSXFVYW8hogAj22OE4VcD0zIBWYyuHRTlHgVQ5vW6Dfzt9pZFOEB8jQEwh6JkjCnxL9WGrHsl6gMCP4IX938QZjGEAExuaPa+VrNzHap8APiKJ5vc128K2FqaOk8HoVo+Vuh+uPxZEvcAcw64DPL0HBWldY7CpSNxCtKwFSod55YR9QicuBhNUdAf+JmW1zrnyqqIQoqrMZLgxLVptn8vfiaoBkLgKLYHBMvWyZ9aqoIhtJGkE2SC5pjSXzo72t+s8fnpEAIFOqqwFRpO35WAyqeCIpiaUkgm8rKSsTGapKDy2djCeBIUHWrA81kGMFEsce4MQmR6l8KK6f7y1K4LgZOBMzsijlqrkEny6N1ge0nY0cApawxhxCzSDi0YxHIqF+AOtM6GBlhJph2rgZPnG2fXNgwxdHgBG3GKoCFiGX37nWXn7ueoah2mc/rJMg0hcEmrwG/VOJartNyx7ILSJm9yYW007vRewSQa9SSeRmKXLgk4RQU6owFP2PgUb9Ih6D4MA+sd0ja2AkTh3V5szDg4BEFpn+v4RduQKHPwcd8NeYs5F//YyZaO5k5mbeqWTcLx8xv9X59srTqZ4DNXwulGifMy0DugOYr2QqNhhuhOSHPtDzBjM7qkiCiF0QUjyApVdzG+Ll2zSvREmbyVzPBBrmIg4Lc5QtkvUSRnT0HmiOhLaqKnWiNzMo6DHpcDwx77qB6CMPua2j7CnymiJgS/wfVj4NjprCFh6aGwyWkAGdicEdrJ8T9RATKIZs4sRjshfazJFm/dBD9+EfukE2UnR00EeKTbL4vVec8zMjEzF+VwQyauB1Mj+DUV7Lg0zZg1SAuFltNVJa4CvIc2jCHUiMJAmx2CHctNOr+MJQVY7t/mQloyq0Am9qJ1HTOL16aeJP9kO8w8Rb6o5s4Q0kNHIVDxi7OjsJKx6xfMAIf+KgNP+z9KfL/HO/XV3Qghb+/UxvYYevo2Gv1qK7/Dfs0q8nmJB4JmZmzbecBXX5Vlaz3bzUkD7D/NTDmPASWDdkImUQbkUOph5boZqKCTSvJjUkaSkQrcqcNG710aDHQePMQwqa2CE2HVHjyhQ5uY3dDIwu6dW8o6zlkK/kgBRpgldPV8bjiRIxE8pCi2JDI6rkANU4MbskieMBMJI7qFodg5GQ0ArBqd+Ja/bbDZJ1N0z+bJ7Nfyb/0GAknaGBT6CjqqHrEoxLH9saMfsw8jo3EnvPYnQAf2pjeSJo23YACw3NwdADSGOUaYZAa+YbxpG0lw1hGz8EmMVNWHu6O30xkOKuPBGY9FQSy2D/eeV/ATFb/IT+4zpVg9TP4uh3TsyCxJyOh2WG99jTaNRz0DbziRXxCddkij1KY5Lor9zE04szSyR/T2l62dZJH2r+ro6pVuKLiIfyJ3o3aGqNH1jRRwLg9IXBNnYwDibpfdws/fNjT5O3n2e5/fNDtmgEDOenccYXRaYDDIpTCUOfsWai2DbgycNlgYyqgv7xzH4N9L13xQKiQQsvEbx1x3WeGncZpoJ6Zn71wVGqyFN+qqtT1ttN3s9RiuHlNHWLQxFywpSXT110UOczHicU1KhQQZ+lco6hCA4HpghCj9kC/5mWJZdRQ9bxfc2v5f9co2HGS81htaNZhjvXm4IuHSRIYWh0Xok4JmsajX2NCLi8H12xsyI4BLkzS6JxmcQr0nSY7HpzTQSGTF+YYBp4181m3ua8RGRq6DpCugvqiI5lnhJqsMM7MReBYpkItJmdH9Xxi10m1vhycgrCy1VAnY13JCRoGWh3/Zu3iPiVm2NMU5rVQWaKMwFYgMRbJC/O4jFuYPjk4eOBZpYPsM9lGotNFwYHv+wjTQUcQsiYOeYuEqSrQivH0dsgUQc9oG8lBzH2RAjRBtVAXiLrZnbYkaRcbC4t8KezE2rxbECVy6uQkobYuMlvOxHWP0Y7MGkHybDpS0Sfhnw1SYocIQcnUnwCjlhyKMNIyNf6iLXtSUmlzYVPBDV6KWGQyRJfyRlzylQdWgZpKAhUVGekoH2vwiTnh+1KAts8W9jYaRnaCQUyDmSE7Q4qOogAcDD0KNPY9Of3E8DgGyGxw8VUBUmQ2Ftm6GGFq18jlT99CYP7BVWiZdK+r622Xx7PaWkGYIljKmLYd8nCXRmVEawRx9sdq7OZY3+rdvbI+i/XjXKyioNHNmNi60FZHgrtk0fVVjnShtZH6Jn8kKQe2ctd922uUNcfyUMsKaZdl0XR0Qsh00rVeNluPGktmRCczZZR5jj3yxLrACGe45Eblk1Wna9QvHsAJoZOA0QEsMiYyFhdbzpJz0YXvKE6n3nBcgmwaQFMyH9fNT6mQLrNupKFEP/bjdakLoM8gh5A6hdv5TAXVQaXKgY4WNfoBWXF1p3WNT9BJXTg4JAquHVaw/51lvcoqpe9on/JTum8wg3pWJ6wQLmYv2CqJocJJGiHlERz9QBNuHjnlYUybAxPYPhWLqYtEp0yl4v33dT7jn97/EKQ6JT6lmOav/QNyKCTMEfXQUIlCFvaJfDGzo8g8yx/LaWYdfdHB7jM2eKE+GiWIQR1Gvi+xABEy/UXklPoU4loVJEGFSBIuNTyL9+x+hPx/Lh2BRFZUaWqlDx4l4pVXS5bECQyIn64ApMYg+/Wp9oj8ySTRSeBV+V0Ly4AVwlXewUh9CpcLnapUAjpSDWuJgAStv8A7+BcqO29op2bI4HK8D4to3dLEaeOIlun3qREazcRLQg63ZOCbGUOvJEK7CCDnctWWi0JXvbFjAyZADRGPEElRofEHarIQi5VMG4minzSTjHKqpFxD7sO/W/CMYV1hAFQNjxIvxJrcBkZ1G5JbHla91BNsBCRujlsAkqA9OFaMZe02tITb2FsfY67SUA9VkqzjnEnikTlKxE1UNm3JOPaKXD+875ksvSq4yx82y1yHjL+Sel53sibMHhZBvGLAaQ9uczmgdS94qWkYsr3mSKQqubO6/4zQXV86Ufd9lew9/5LkhsG6DvnQPaoTjwsMvGHXz9rUYpuNBflWnuodVBhgek8bq+t5NApqMGATFVSJWwzhYoyB95ZRG5qQgDY1yKRpLx2HMRRpe43AB++Y5DQ+IPWyc1MW5rfIXx9vC3jtjQeyGxpaSMo1F8raRofcxg7Nb7DTo9s7EkhryT2qwkPWW+HTX3q0FIGfvCX48c2NZXibzHpAxoenzz6/MRkw85p13VnABnUZdbHufGiRcu2z44VGhovkNFrPQpTdwE+X9BRRDVx0nS5qFf6G4lAcss5g8qk4y3+FYn24ewho+ajL7qKJF49kpmZZwmuzCvdHe5yKdX6jHvQRCjnf9y+vMxRPE5jBMj2HtJo4qI0uWKKFc6IHQoAC1KRLO+ru6hoQ78vHReuIiEwoYARWA3UQ9cW1J7LXBvM/FkcclgeCNePAL3XiQ8pTDjeM0mBAGSs8I49UcWoCgEP3evRujYIFcDqWWigpwrSTliNNtciIMDbTtlEKsNSOZ56I4vJJPGoXtfHEwnEC10YaSkhixkZqYoeq5gFZxJOG2kGldZLHb1qUJjo8dL5ODAAAIABJREFUH0QQCNhVn4qTRv0iB3efzjqvL0oKLleUPTbmSMLI0bVO5hmQXYab7UuoKRxrsAGPJPAUXdtT3VkWgMoCYlbWUS0woj/F2mHYVi4u7CZ48AVU0sxToIJMVkU+agQl0pvukLxc2ewoG7PstC3UhGpOLyekWXRqgOdihSpUJ/VIoj2tMyy9qDH/KsQ6niok5Lw4lQo+sgqH+av7WwCmvZoMpMUkr4ILBWWLdSXzxyozRuZLTgJBrY5SqRLvoKtSGSn0RnGCn+KgAE2f/AFPK2g0LT5JKH7Km3YtulRbWnSalBQg8OHoW28Bz0pQSTeZ8RZ07Zmk6CDTqB4QcK8R1PRYOAIXFTMI9J4qjT6RZE5XD2sqLj70HgCRYNbAiCYDNSUTA4KTWS7pJoqM1ToFH9FJ4hcv/Ow3heN0jPHsO5QY+1iaXDrGzL+ieqxjfSE3EesL02r2B9RvksOnlF9twzlr0yOMYNhhdY58uhqbhUuYIPGoerQy2GgRfkiYzkhrEUvR5Cq0MNkSSUzHp5+lBA4o+FfOrmPdiYPMnmjJ1/lEX82ghkTiKpjE94Q5lgixqtXuq/NMF7SPRgEmlJGviB37CSCKp2bwhehPPzAGcfm5WIxTY3E8MYBsu6KolXaSqSRYcVbs9GLJ6eEkF/hHuCPo4Rvc+cyTl8MFRkpcPj+DdKymfGZBEdDRpCuvaXZUrXR/z5WFysK9g4vW2kdOCIt2KxxFqBXFva9GHT08q+StYa2VCYjWnGuA5WVwIKOwxBDzE0hVzBqzGB7kEW8i5Bi1oUyWKRn5igjMOH+ycOWHw4rGqPoZ6NMX6w9tohwFOtyRvSlHor7/4U/yPJewXMah0jHrsFUnzykSBKVnrYYWacAa7AMk0Q4h7UKp09oGzCmVOqOO11GyRnCkqkpiCDuYw6twW8scQ3fsPb7/8F7+M5g73XOZYURlweI7RaQeO0mkRDvolzuUtq0CSSMvoyJH6xEUwK9npsku8qJWLljHo98qlRKBTut+O+rfuemLxkk3TxumuVP367aMN9AtOflukcPiCltamC0ALLQbMhKqRKngkjoIY+Tp9lTh5WGWySfWlLWH3ome1bNLv3FzfWMA8+6tzLrHTzUAxcOa2wIwi7f5xDjS85h3JUGmXtK+enVryGld+3OPr7ShpekDMeo8vHOlwVjBSHBL140mCZzakmx7P9i6qSOPgeTP1pCiS0uq9ewYwzvyf3z3+PrNjec1v3SrqxnHq54b9/JG9cdX1zcPb65efevas4xubx6oaD+ataaL1buh+ZX34HrJimd19KKohkliYbuOEGdDL4jxrjL34Ds2WNwe9OKqEaXf+L98b65z89RrUPVCufbxqns7mN1dIE/XT1dvvS2g97ZYDLTG3VjCYFeUIEGl1rxYtMSd+5zpQc0FXC64feOySW8tM/QHvxit9brDxBuATZO8dOnly1/4hbefff7hw93L15+/vH/f+3Ef35kOdNnFe2Ytir3ryT2irWeKunQeOQvfMkrtlv/aEK+rpVD95AZW+nhxXct4S7qW63Aj64xP8Enz4vHGOqUbd7OHGcYTqW5vMoFhmUmIW/bu7+4/+/Z3Pv/5l1cc8UEvzsTsQKUMJXQ87+jHv//i3ftNF7trfKFfHj02RoiXmYbUFS4Y2LCEv/aoj/faaG/6FYPtUNo4wBzH2w1dLjBb0fo2XWg2u5ktAyiJ/8er21v7Ce66ASNnKGuskmtyYGkCmzjHvMJ+Nb9GpY0AK+dCzcpPkUlqIa2S9dA085OxGvlDienQ+VqJ9mXSW6tsXZQ0nNJEiEe8FixJYBd5XlGkZte+IrQ6hKJOwgQlQoQdrJdZpJwBmRsoTQOTCIngxFdBl7wztV+EVmOGqt330KjSmeaz6Zx2z1Ap6YNJ2Re5MklUYh/5STELBZZoAEYoiAEgMrVqxyeHqWCWlhCmSWanf/RGiSszmtYs50gBIzqWxzpx8Ln78MDU6aERNrcW2ybepcEewtOdIx5w5pPHNWIEZ1yoGcRzeJk4lnoqwrarJxETX+h7pXYmKCUqqomiUs+T1kHsM/6ZEVATE84FsQQuSj0AjD2Lk1TDf+5rPJ2pDII3etjNLSSUBEzUN8iumy8yWSXPFyHhpDYuCyuXHPU4kUmuWB6/pFytOqjEJRvGaXz84ejy6fycBFaEpEexlPFZQzO6spbAyMUsLPwtnHz8cPPGQ+I8xNgzHgzgexcvTO/YIrBTYHc94FjiudZdRDFDIKnv4ByakZCZmhsTv9bbaXMDaZgHr8svPafBvTpdbCixeHONxG8Rh5Uee62fF8Z4U4lmu4UqXi5X8bKO2OLOHupw3H20FCCbomSNSJKL2ho9255RA5ly4n5owf56ioIBS5kEwll7yuTUwQxrpp/4ZzAQqRRezGkz2rhPAaAYyOmIa9+FQ5kJ2QjgG2DtNEdzMjJ0q/vWdc3tsdBSLWWdlyREtw4TgJ80Shc/yPUzMTtL9AVKdUd5kidQUuAQ6vD6Sl6iT+7EG1hFq4DDX46TGrehAYpFkmfesX6OrihADiWzBBmO4mQK+JhupLJ22ODiFlCWOj8J4pPx1Ubfp5O0HlCka2ufTgqz2BzYVJviIQ525uo4riF3fPkc8k6iCSJr9Z9UB0zhkHztU+lRHsIYlwpI9zOUjwp0njXCPMjhlkvSa+QhnoRl9GkMkJfBCOFlhrDqdoKO5fkUPCUa/zNK8IXnKZngsZsF9lXUqDx+nMPrxco7p4LOyYQgmwd5ZCPjIcvuFe1T/T4YYBmFDeMO8yPlYPtKFwhlHIA7rjBqhxEYjAXGYAMdWpBz/5LRkTJiCBkX0LD6STXEOK0p7mCKX3BUdBQG22ZFxxWMw1hb/Pilb139mW+99u5eZrBTxkgUd+Sb7UJpeSjRRGuxwTE1pbKCUcr1q6vf+/LxD7+0JmEsotP3tE3PKTsJhZ6R+NWff/2mAUPr3F2vbHDjf4lc+5KDES1tYYDPVmXVLF1YZXz5i994fPmTx4cvPRE/viTzCH1wZX+aXV9//Zv3H37kMfJl3bqHGExlS5RXT18/vvyjH8lsWW4rXC3N5Dt3XV49fus7T3/0u4+eSe+CahdJt6xCwRbR5XH6egLob//g6enOUNdotbtyJW676u+tjH+Bm83sv/537t69qyfZG+vQt8fTfKH3XN3fvfjzXz3+8V9++fRui7Vb3fl4U29LDVH4dPN4fRcXGVmnkVE9yt3TN3OEF1i9vv+173/8P/4bN/evDT/zgf7e4pMBO4uZfD4+vHv34t//tz0Gx9IaC1hmboPNm5ueJun1YfYJ/OW/fPVzv/D67q6NrZ6F+v59T2e/enAf3sfXbz5e/X5PudFrFRq5C4fGzroeVjRFuv7Bl1f/7t+6/f27R6a00yvI4BnUcOTV21f/0f/9B7//G18YSetI3989XL/xiM+5Vsfy8emX/vj7f+L+y6d7psruaoygW09g8dubx2+8/PwrbyIrxvDlvPY1NMTgrmKDwv/bf+2Lb33DDOPr6+tXX3751ds3TSNefnwvnL78yqzs43/jr33jza31bbuS8hk9VAncWArZ68fv/MU/Zi656w2LYJTp7h0O/r15/BO/eXX1xc3123KRCa/9Riy3LW0vDPdvXt/9HJX2Et9vvIVkTa7Zxovbz40D3t48/tv/0cNv/OD7vVejuyD4tcVbr3YrNl+9ePfi6a/98utf+fbrPbsPUx0/Ewh29TVObmQuS42tnLfBrI/ZRWr052XMH59+2EUPAVCX4Y5BT57tYouUmzXfvHnrfWJmy115aCnFPOTh6uqW8Twt6vbP/Mq3/9xf++hlaZt3jW+NV8smQnEYI+jR6ryGmPXVlNerb/Gy4Ki90u9kp5Bh3H357vf+0/+s0KsPQKnRwOnmm9NKO+nbzKSlA8mSZq5WcYCRuBtA2P73//DV9743ZeOBbrbpaAxqEw0gFz/RR/DI/+qVFyd9/NYf/64RdJRTAXCxnGkJQaQPH/7oD/+gfXSUgtmzdNchYGO0d/Xqix9+GZyyaRwuJnkmPUubhqU+OWSqF5wg6Blgn+TEe8NfaAkRBT9md9ff+tYv/PKf6oZ4GAI8K0+WSSlZ3H1190e//dtNotBswViABJv8qfDxl//SX7i5uTYQ1RjFAfMt0dHINDapfvfv/n33npa94p1UrEAAhmc6b4n6wd+xTNG0X07JNR66Lw4lKN549er+y68z6EFWPfR9Y45Yf/M+kPQsSjJmkRGfhxd/9HtfPT7cyYDlNVIzm3DYCF42/u2///Wj2/TJpzrfWgnaTDVyLyyOiJPxGE2uJkBqREbL+NZ3Prt9syseSFw8Y0jZUL3n3Dy9/P73fxLsxAm3VrFP5AvJ6eZ3fptXgQBTxz5f/vi9ZwmQrjE4li9fvfOit+tbkfPh4xe3n139mT8ne7RaIFaLrQLdGoWMraG/ePv57Rd/8HUEBVTr9NjZsmXGIL0TxKuU37//whxV666vk6PwlfByRMK9+M4f+1arCxaYLKksdeZgNYCbHnz4+7/9YytKdZ51z4tU/Wzjjlcfvn74rrflrp2mdVKkRYw78Vm4Oc1bCvjNJzeBqDN7ffX2F35JeqwD0uhel0rqHwMatWjRj0edRnHsEKlZxKl6v+rgD2SDq0JQbVZGSyMiL6M398iNtaN5uSjT6gq8xaBG2aVXW2y9uaAIyxhjVvKpXRfeR5KYx/KTILXlhkmJFy5+VR/KkckACd6B6pgC8X+Bd9EZm5EFH6Up9YnhNAX4yc7pfmqncKg+43o4x6ujfT4ZdTAHTmI5TJKT9fuqZj/HDQXyz3zO2Qgz7+E1hERJmomiPhX8y4PVX0jEbUCXkqNwMirGavb9WcUnS9UXhGdxFT0X5ugdX3Sd8BeGoS+gg6cd+nNMi1K9pLN9fXX/jQOTYWPEWT/yPb+QClirhFdIz7PjLR5O/BcWIfeHQj4GPJi+Y7qVyxmbYYTTc1YfUJjplQjJjYAjvz/9m9ADCoZO4FpXGcZwZ+UJGnsHIxexxM6kF/GZ/KiiUQwerWdOYz/iimin/FQ5mmQR6mDZOphO9vmElQ75vVK1z95wWG6WyGKbMB+/++bpu2+v32sANQjBp3gkYRd2UyLrFURIrrPIwit68YcNrGraUqf+jJZ+Jm+EJLo/8dmLt9KdPN+cq0bPA7o4MsiI07pGHfolLIjREosF148P93/85sWrH5mFGC9g4u5PayGSX5RbczcQ+gd3H37wwTtjI5xQ+zdwTyX53o9e/b3vWYLEetwIZX55e22PoR707evHr78mWoqdvMTeSLSDYuYVltc/+uL6jQfMXLuDIIOagYjVOmLL+j029G/+x9W+8MrbiIhWw/HUtP3k3d3HP/mH96+//erxxw38trJ0XtTlXbVeNHX1+o2hPRMzPeu8NExkcYvCGYMlb15effXl1d/4vfv7t+zV1hBioeRttYz3+urm5vEnf3T1a79mnM6nH96+9fShdmSLE8YzfH1/9/SXf/XF41cfHt51idp1hBpJvZGpk1GAF/XqiRoxZTizPYmws2RiCSPo11/86OXfenj9AxdK1qDqx0xm9FiADVvvfuc3Pvz299x1+sFiPtH4LVG2Kv3gVb8fHv7JH3Nj/SvjtfRu/c+ABhuvr//Jw81XAurY3yC6WafuEa+egyH5X738v/0nYoF3773+8u7969u39rdYfDOk6KrLL33+8b/5TxoeWyFviFFrootQQ8c/V2OuXt98O3f0kKTu0N7WHZFiivemIfPPvXl6ef/iqVcp81vzWHPB/KgP7z3NEEnuqk55ucGTjUmNP2r3JPtPfuvh3/077wwrP9y9rw30bKKWlw24TAB++PD0v/yXv/unv8UkJpWGPsV7+mbdKDh7fO9K0rbJbGyZn1VPBSI8vL/76ntGFA1PKnQAn88aznnY99ff+pN/7O3PvSlvmcDbXe3lzQ+vXZGyrvlw93Dz9uXn33arNHNpQpq+ttrIvG7eKQ9GN1UKzw5rpWWAtFdfHAICtagwxGHLitRQJ6NpSLt2NI3SqfXK2vCgEkzUilZWMYRq2NGN6TWml0auv/u3f3uZspH9wm7lVlFPPr/sakCWFKRa9gokkcD/5f/CP/2Nz25dUHLS9gmWVuHTdrxuy/7t//g3Pn59RxGxEYeW/IVYs81meoYbc7c1J5JSDIG0Fwb+QRsjSlqsWBJP71X1W8slBDzUM8v5CFyEWuX95rc+++N/7s9+eP9V+VKbCe65sYF99eqHv/uHj7/xeO213NqVElSSfh1+vD9867s/9/bbb9v9kxDwZ/egXGz0Bg5XVX57zmPRst4koUI516T6q+//4Ovvfy9TaLCMN7uXb/gkdbnKpcQb80umZfJFZX6t1y3j5fj0xBZB4jVODBWMc2vUP/zdu1xdVcnLFYrot+wb4k9+8vjhfsbNIUOvQaUIgpDatbcxscq0r6lwluaWtJ998803vn3Nj6UjBI/8ayn0tVD//R98Ed1hXn6zFANWRG+/50gtIkdShz4WP7569/jVuwcNzWtDXnuuMVDZ5bXLZjKAFY13v/Krv2hhxaOjLQrIHlrKqG4ayhaPT+9++NVSRXwKgtrPS/nIfjcZ+vd//Qdf/+C+wGQZ9vec3Hbo1eI56fHp7s//1T/N3VtuKsChd/VSHDv++PSTHzz99q/9+IaDtttfuDIMYNJw/MMXd9+463FDopox5uA0oHTpMIPnwB3MNonmH/uLMNndHeHXt9/8Rhc0bUHqqrJdlzk9Zy/Ycn4tsWYc6kg65FmHh37Fge2071m8H3++9ptxjoVQ5vrWasDWJsuwKKzl5fcujj89fmbGW7eBuXgqFhjFJcfNeqMx/rVnAH2ijkzAztbeTzkAJTFLmAwVZDCVZY6dBHL++Unvwq2jgTktKQTrsOIMO3wnCfFM5XKUExRVekmuF8TDb8m32pr6YiY9SB1O5lz54RCravcZd3z9U3v5UnOBUD2elzrUiOxfB6u51B96Sgd9CiPXKRpDip+SctY5GsBQRs8ADNsGgAlYoyRODLNSYCl5GKAZbJFTETCHyehatneS6hr5VQQIhUVuwXnRtKUO2Z3Lj254TMw5ck4Z1fwU1SSQo8RXAZUupHKo2P+4hz73TsCDd0om2bgEPtiKhpg7f8YuzvDygimV45E4CTLdK0vf0Tonx+2kOnYa0QwQ8XVlYKO4ilN6RNgxWWqFiVDL7CT42ukRJMSh+j7CJwuJCndAuGZSGKX59bURXLOzpb1BT+ANLCPACRGKAKaaXoUdr5mihXcdPuLcE+gwDY5by5SSCuAGOb3QyutngW90mAmnQcbFKqO1lizrK6lLiccc5tgSsoH665e3pAsL143s65xSsu786cZQy8gtaYAi6T+R0AJyffvx5q2Ga3F1H4mvdZTG8GUTK6V3ZR99ThaqWxo+rfRCL154amWJ9/W19ykZmV3f3D56u5Y9nUbPLr9asbZO9OblK2v2jx8s1Ok1MCtduQzypASMd4V545gFHAolp8vGRu7RJe311YdXq3/hhVsN72wWyeDMN/V7j+9nn7tIoJ1ZtjbfbOjcc3KI+tpC08vPXt5+9miqY+naY4fMpc8yc7sFnj54/6MVIjtkrj7XibZCfktyg1TEXr1688buC/2I7Vf12TmDbg8tN/GdYxtudsPu24fbF4/GbB5v3zC4LGXlj00I++qNkcXDrtq+eJMFjGVffP7m6oMr5lbCPF4TYRap66XZHouo0dPx5cs3b98YV3XhwtCwfVOKW57vx4Cx4Hr65jf4pvtnYV/d9PZkHuopGfeGLI8/b3KZVEaWhHdVhf9Emgkl8Jg2W3EdXTULNjcR2xGwnNZrckxIak+aBhwLyYi0w4ewBTujLOoJxK9AdmBY2TjcNNLa4fX1i28bGQjhhoAEdlWHi/F54lH99BuTz9Nwpt64F/uNpgC59EmyhGcmbSbd6VAoIhfV81AmWVZNlYzYDGz7I18aOJKqmO7yDON0k7H3SnfPcZuy2klgQoAy/RDMIB+6IYZ/m6VFEPciLv6CilTEw5YOqn0AqM0c5GqrsrXYLYJaE3316m4D6CzcxQcz48IDcnvNZr6aacqkYDu40GFdupNJqNlDRK+84Kp/HotPb5VLicyhBGQpJQMYKhr6uoDU8BYHNaWsbFwO0gzLb+uZUFD85ubGc3u5rwCnYumJGUCbEoNsGSEmRfa0TVN8hadvVapZYurn33XM7BP0IINKrr7BTrNwkz1Uq+PdJ8FnmTFulGWhLGEJ4e6OEVMAMtEtG3zovvYAqUi+D2bP0kWmlZbFbU2pUNRi1HZXsDDa/jXFid1EW2QH1QqVm+STQ7DXEO2uKAdukC3n22yY6UrAIRI6K0z12kBuUj7DVR0h1Uodp3Puzna8LYlwYk0QSfRxl2ZdbZASgIBOf27gQUcwuxqTNsjIk5uQFhw+6qPe1nleZSwWokydSLpNjkDqrTIonzev6pOskwzt1Z5CxFYX9OAW6hmTrPiV0jUDWrgiite01qLs/OnxYGxmOz5kAi4y1zzEW7v7oMs53cokGu2L226WSWEb4dWDxREV3Spm6X52OxblnOubR48xqLdtAoywLUbbfSIriu2WFG5c4OJL131bJs1c5hFseKNTvO6StLaXEZa1F5ipn7Xmy9yB/L5zG6MshIs5NazhGb5VZ5aFnCI+z6B0nDuKgsz7bOBLEITgfzR5fwTjpSzcagstwp1ZvBh7TjPqlPMq+qWoWn/NnHGTD/ecEn9cmbVeI4eoaV66AAj5tDIcCHKcvsLOL14uSKoJNmk7nUFOhKmg7KRBG+VoHcDB0XmZNytmg2ojdZQcaNiRff7qoM+JNwfZJzuM7GGOzuGfLk6ydtYdg1OUrhMs9BFkmXMwUquL7UiMwZEiBfscdmznNBaXwv30lUariEFA/fn0LRzPwSLkSHUo1Iwnxlw4ohsSwPkUHShHaDQTo7MZdxydFdhl0BlDKupeusZs5sjSFbxn1R0Rpx4a1mz4bIOk96cYQNVH4ENyBRd1hofeBfTIFo76KaLiWcBpnm/3r1SKkgisfgwGWv2CGzNNljf8HlIJc8lgo6FN+BzpOxqhxbHS1Q0jTbLQs+uGE3y4ly8HYR+kmaVzejPYc01yHHFWMjPWnqLRB306aZuSCOSaF/h6Ipnr9Iyank85NuvUJ9CVAusd/I7XzIKwjH+spbVXFz2fuvr0kxSR1ZKNDFbcVyLC71M3SCio+5yCjHA04tG5lQDd7aQrJKsqFk+srjn4OF26oEOJW2BZA209vC6nnIL8cyfjXP/UVEc/1AIoIRqrNaLxzzDp1YPxcumPZGUQPDKgHNuIx1DOqOHl9Zsb3ZWlr2jYRLvcDT9fZFgd24ub27ZF1I+Ur/vYJt5uWJQb6OuoHTrO8HVClsEk92sD6MaGxnJqFSS867RJ48TKaQ+UoOL1rfwvM6rJNroZ/+jKAlgaiNvmQzD8Prt18qZeCdKbW6O+tLKnRVbFHWv922xl5pDJzdlYmh86xtc8wEZrM7u1W1JnUSZiSCBNDnU+uJuA3PcY7CvDdDmf8O47ANKwtG3AGwcIhUaPTchGhlMLuBN10V3eTncEuNxCAIPwwUv7cV0QeWMW5KGSRt/eCEBvAF22Jqhx3aK2+MqwtEj240H1ji0rERsTmabuMkfXqfNmVjOg7HYBHyUDC6mmzsbG4ueb31UC+2BP/yyRLfLhzavXNlvrwa5ubk1ZWbjeLJfZq2swWjeXs9g0Hv7PegZva21jfFgZV1CnhFrv1J0FhaLYEoRCmuWJ39gIBJpzNOXcF0iypjQihDpmfLWY48Ymeg6Xkmo84pJ4rCfldszirr5HuoFGjU/8lfXYntdOEDtz1DcL17Z8zAOlykxxXj2RXw3l/ad9qbK2YyFvzV0iKLnkLCFSXmAQshrh+E5oMl0aRHYnim8hRIkaWJwJ3ZBJ060uI0xDfNZyM5OVg6y9hlwkJz0eO2qPQcPxtEi/LNtss/AmDFVSuTQz7yKehWfqzJ0MxQXNKdHvRYZsm1UmIPTSVUyymFSQ58tUEGrWI4PSEkZ4mSBnoptIM5IDgs+BWQWx0gIyEfZpEp0bggs0E8xjSceUshelndSXFT98GmXJqvCoOSCQtlvDTjNyTZATehEmz1Q+FvA95oqOJ8qi5BU4/dUWRsV3F2HyUpNYtih/5e/CP4o+qKd07QKxqlQ2mSZ+0TUXpJ3itsG1AKxUqJtnzndrznVDP/ufQhGbI/lydtKKoPS3iqWuSVFUZBwxQAiJjADMox20DfIYtQREoKES1gM6xUFkT3ZJJJ4xnm2ispkqkgT0fy1JC2rgL45N09PedkYbigoFnIp6AtCByo4J0MJE0hAJ6WmXN7siWl1U5/dmLkTMPymKqf85NLOmauFYSK0XP1JfKqqb5zR8iMtCszhSYefg6AjF2amgHcmDF60xnUEbJA2v78DZQ3MNwnFLKrVH2Sj3ErnDy3/Jgzp7dF5ywtQBuT4C180P7aVtkocpHJXB+EW20tkGxrHAxQTBLhyETT4ADWCFpZ2lwIM8CgipU3FxsMJqFVD+fKfygU28qvz57uDw6rCjoFZ8DvPW4KoIemIHWEFeUbjQn+EqqziUFRxNL7TojdoIjk4WECr5PLwctU9Iz/+D6XPUd3A539GO2TOACGSvfWqmDju7SDC5o5rgn/6fU8VYX/CHMyJT8dB75n/hRV4GBVlfFmYZSms6wCl4uBwTOGmm2EcE1DbUPhMvmo5Ah5CogS2ECrK6IcUnm6o4BjrmOTm02mOqC8vRgjT3ntoJC+7CCATKB67vHnyBCKhIwdzRwuQ5UQ4+243VLvSm6swQ9DBXXdZYcQLsf5VzOtyOO0WnNsAgz2JGWMH6vwu1hMlKIRTKJwMEeMGjT9GhRFvMXD47Z1MGTLBDA8LE8lWwGTOXL8dzWRTJAAAgAElEQVRu1z8I0SgjAWfqzeVjElBgdZex2v9acU1ZBVLK+je4JEu3I7V+JaVymlarRzB8TkpAcmVwGk6e3r+MpayBhNLycjnSmefNzVa1Mug6EZDd9aULIa3BpHxN/VbAjf9cq1Df7h7DmiCNPK664VI+K4cYxyyVx6qB+MuHuyd7RpnEavokN+x1s2M7RaytW7iwzGypGAe9lowuo5Gt9Xs/rufW2c50IdWD6FtSNnuSxYi/uK3Lngi0MMaTGhuYOlCK0NVHryZzC8atXfWzH25MRTWj8Wszhe4afLSU5VGllofd1dzVVd0mI7mdYJMgI3jbATxmUx9OrrzVBG9WljI9zsY2kldXT3c6xY2P+fDM1hnR0E9LSJK6s4f3D42xiP3kgsNrG+JfdIsdxx2ZIG5oUCbugkHZAzB/5zw/eJ/2Vs+QPeoNABhNIImsFzE7pXsvm2tRkMk2dLe2XQX0SwJd6NOxh2lsfohQcV3vhlRh7BipYsmlglaauKxeh4Kna3x6tAe3FrEcwE2NR+PSM4PMILzuzU4xt1o3dH6y8ca2Ku+e4F8akkiLl1G7rtF/u/kJbKjtpMZAwXqAAho1ZSyS86kJBBAT5OQEbhUwa2sbStdoYRQG1O+gx4zWPNfCIgvRMWtFoajYojuNs3ujoPTgHBuACVNJ1mU8sKKX1iElnMiiDb6GJi14ciKrKEPcSDLyrghpR7MMAZMhkSnDu4nYIY0K4KIPHgHYjNIX8dImZtRGL5dMPYcYHznqK2q1RicNLNBiQWx8WkfqwVyzV/aFjtWyQnlA96HB0SgGRpnuzoTo9FAO3Od8B+QoKpOmGsdzSwZGKuMpQe/otbAMiQBH+n5oRvN0ETVk5GASlRCitrADJSQ04CJluNn0cKde9+3iXQBHPWP2nSKV1y9ONCdH2k4N6LKpIpQRBVRgzLjAtKDhkxCx0Ak4AipzXpwu4kW2GUTMAqkpIIeUP/aUTIS1UymNz+XFphbRpGpZaLowFjmHg+7mJUjCOn/xqzpb8GATXZ+kmnhxO2Yukhr35P/JCSjZI5OkfRA6fYQDHCMxztnuWU+HZwIZfFFd3ESzhNN7C5ugThrb54ieE1qnRq1UANvwot6i3g0b5px62BnuhpuL0r2q1GkKGtMrbZAcJf+CI9mRm1wZ4KiQ1HVGNU7SJZr+on4AZJnJQ4TaN5jB0u7QLx2l7pQWY1ncKXdiTKyYRCCrVNm1Q31iiwfA2pLEr8skNamK2BL94GN1SCt0VAvoU5mACsjvLFh1rlC17wE6isagg3W8njxAtmTUzJEhXHGndfP56M3adHDSIS+pjNaFQcwOm+WoWr/zKmeZ6uQtMLm5s/TbZ8ZJJJXVQ+gnmJ9+Rkn1c9nM9wnksJDjD4e0KmzPJ4k7OkDOEqrz8+NIlFZ7Yes4ET6hA7jUO5oAOc/hrDuxqTCyFT7jHR1C+SnpcRjExVqHnuJDcYY5VYdgfKYNMkUtntmAfGMz053DzOk08FjuT40zXY+z5w//rnYcOxw8GafRvrR9giDBcPEXAWyTVw73Ih+5qo7eFzZidgUoUgeUtjyo1SdAaIidw2can8gmfpoli8po9RP8J94XcRWFPqhJ3s04cOfDYa+eHAFFZ7Yb9xCPry9hoeDA7efwSu7AVPgvE3awon2NZjGC13bNjMt4cdSJJ1Vji2CSpUffR/+0zKVVkS7y4CC2qmGM7Ctlqk3oDKPkWGayyEdHkjXMoKBIbQZgNdC8irDln4RJ/5jnmMgHe0qdF3RjMw6q5DsIA6mIcIbQ/Y7aqTkcMEJAfzMSJbae9AMuNX2XakuccZPU6NnydtDlB6gzRt2IQayncGx0YehnwtAAS2o1eC5lrq9BzkUI66mGXw/vZHQDuLPOk249rRLohyf7cWUuI25Y77/u4uy9zeXbZ4H1w9e709POkB7IU7fRQ1HcMDz/mjK0EkQ7ayFMkPqp2AxET+HihtzeKL6Lv0ac5i+gr94Yxz893r+3m+Hmra1IdKa1DfQ2DDR8s8f63jaVt64+NLpV3Z6B4PaYOQxmxkaTPcyxfoVmc1pc9FL5byZ1ncDg1TTAwC/vaGSeQeKpOPToGf+UblZlcOp1ZrYGUdBO9KLOkl6vpE22+3e2NwigmilbmX8wZhI3tU/hoqTkz49Oi49yq2IeOgNezH0KrmYPfjYUEbmTOoQFFlJRVA27Ide0mDwk0aXXXJAqXjmbcOBcPEpe7MRzeEZRmyKqpJdZlj74RbfhhuUaj/hq7P2B1w1ZLBkaOLjQwhCctdRQzzb9IicSC8CNkzpHpL59jaBI2jrcVGAOkxrmYQQ3w5BOSFPSMM64e9fM810FPkJaULfJ210p6Lyyh6YtC2vBmRSs6xvY00D85NASh4NC4fT+uv/MSbMziFhOOIfNwVGI34Z6aU+bpnSl3tlYPeUAEAt5TSioPEnP8c81x+wriYbKmneAO60nTbRLjgEdBiuprsaJP//PRZvVZtAq5k0X5vg/Z6rjvnxZVmtFyBFDFWiWX5Ow8CHUQuAQqR+ZtRJH0WF/SdcXcZUhNaWxLLyLJEY8fOOYKzOfjRHLNAiZWmX2hpDPaa44HYuibwpOBTCR1xSP/Ild3pp5C5mIU5pNncwtC6ChbbpHo2wFx1HrL+IHa7BNoNO3QWobILujXRrpLnLys3AbHpKpBpa4m3MoySPh5h18/csP5GU/m8zGDnhPGi7KoyBR5QhKyjzmzOeEPNmnUBI9xwBRpFiM02QNGANipuUirdF2CXwOZQvAac8TsQ4wjvskeRqq7S8eaYNeTfyYakjRmKlVJrUs4TbBD6Xc3ta3EEusdlB16lakFlDSJXn5t7nyGarmF5AySyKplgqngF7A+xPlw1ZGvLncooHt++sKUqzeQYq4YreE4yfKSTJrSTWYFPOfxu7UfdisxB0+JSLmFXftXNr1Jd6YUVtgIgPdlsg3FJq7NteIVjZYfiWwa5OR6vYz2yxtSbL5jiQ5lw0zftZNAJiKUnInQaSwWv9Kz4NQt/pK1V/O/K5ZEPCSsaYZk4u+eoqFVptjESmqYlW2S4gxXCwsCuNOMt5APl4LmePW8CbjgI7cubp/gUoEVU/yQmIQxcDIP4u++OPQoRwW0bjQHH4GHjIJd3Csoq6AGeT5jsanutVcyk/hyTeJDRGpZDoNpJxzDJimC8NxPtRi2mlSTSdndbHgIK6q6kMhuA77G/FqhheVGHUSUlEzyJOUJ84RbUBBOR3oWK9UwaHdWSjn7JnQEajIVofhxaqdzNPA/c4Jx5YVZAV8aD7BhlN5nLh+nIKgLhC5Qcg7nrVXOdIJejyVzMmZfscEz0LyABLV45o1djJJlTqZOMkXRJX7dDJQq3YrRvWZ+tQYMG4DjGeqTKvwHUYg2nFNowBrl/2r1ieWh8850oY26/Z7mFU5uJAn3M4RPph+YjIt8FqxotafSjcpnqelkXTQCCfQjidPKkb6SJHBgaVm4wADtY5HY+lqQsXDf62uhn0Gv6lntwRK80b0YI90JQ2PDo8FesLMF/3IrqUWpC9+g+fU6Ju0DTYmm9p1cHph6ystQkqRZGgk34C55X0ZPvBye6MHqy8N8U8KJlq7buxCIA15jIGN4BYNBsS3Ny979otVFwK9csum3TVx5y6DZvfheT6PrS9v3E9QJ8e09iHrTfSAPNWLq+4aRt28vbWXxmrL1RuGe/3ivR5CUifMzEiBRQHtsmlJ+eraGBAJvFoyCuzVrd7HG3n5wo2DPSPv4b71Er3B3cOD7c5omrX0LKbHx7u7e1uDbGyfPG6H6G00XqywVeQ6SR2IJaAeNY34tYV6Ejh/7FWh+UhIqLBDT79mQnflSTpXn/U0JKguBWD02gao9rdmfqYIJcPXEuvy633I1symB5XQwkYZN7S5ze59c4J8AsZIQ0+gi+O5eRUtmOWFhqqlNQY9eSK3LlClXofiuGFSo5f47m9RtjSxr9Rqk3yUWNZ/9GpLWZR4ZOWDlEGvxJHJVYgbJYlQT9QaIY9nECbphgwdZbdOMsyNyzQg2m597tZlIrc+GASYhvnaTgEKerqF6KMHFqfniBf+LBhj/bH9aawXyzpyJdBiWaA2xCzVbbkMVRapORCkwUlk9aAoNCxndzdNGzAg7JqVOVl3srQ1i7lYSTGL+ZkR+J1ZSn44NepTPFV3WmkeQFQt+bp2pCAi6mp95YLoNu4ZxUo7SpIaTvEhNggrKJROBiLMDUACi1QIG+vFqtrzFX8EFB55kRQRPMYgrJf7A961yeUThk42T2pRk5ormCS8tnlGczk6NRWkrK/Cf+rEOpVHI8kWjk4HunNftEc6X/oMdbfxLpuuKQS4s6SeSf0seOXFkDPxsjDSLEAqpozyhROYbD/NqXCKUyvL+nIU5WzpZ0Q6CJA+ruoQa2CzNkHZ5xAEcYZsnUcOkcP0LOVovIqTKqZrlPMEgRa6W/suILRNTddYFCMPQ66VWe12NbGE68ZSqaUpxfqDY6uLqDWHSDfuyXg1/XhNElSV2husVWajifbJC5OLUAPPbhORLFFxnNDTp6LVZ65q03TG2i+gTvPdjsYyTTIe/e/fW6Hh394hySyLRRRqibWCqUzJcxG3XKpKaCVOjFilNbpxxJsiqahrkQUcFPxkyd9AkFPbjFHVjKBK4a4ScHl+qMcq01PKPGSpqtUHJqJ2K0TzeqYuqeJo3hXWnIhCxuiTGbrHknZxWpabeDGUo6JMwZLy+dBjxoU76pPmmAmzuaFYiFq0cx6JlNc0ptBisioqLxZAJkn08EQXfmhy7gg1//WkPo9CneL1p2s5E+gwxaCcFGICkRd+LRGtjDjxs63qCvZvh9VWjDSMc7SfHWau1dS4DuXwzyhTxbgeAiPBxHE4x/npkIScaTrfJwk6BZmwqzzQ+1aXQWKI3BpwoIlanveZVBWEPSpZ9bnKb2VlkXMYyjPsoA/AoIII7GAfyE59Lj/Te+hwCXRCIftWeAE7sJP6GfHoMtoXnFCOxMCROXwRCXtB2dFIAUyzk30XwSq0k9oL+BSnch001Ao1jAs8vsFM7MjUAEK42CrNFFws3GH9uiiN3BD7Vjw9d3gRNYXWXo8gCZoN4hGCm4D9Prvzwm9Cjl3Uf9Y+nR7kKVyoDS6Mxd0KojjiSewvl6pY46vbWC2hAB2CNbfsNtIHk2TPyodaqATCZkJERNHeyR666aBOZdSCiMpFo3BmockzF4yWVrsRaaaB4P+RuONA2b+xAQchJBWUn8A25oSwQd2RL70ZvfEPpK5aT3wdZH3KXB9x8syUF58qVxoxBeDKxRj4LjMaiGzxiQfdYNo9golk7OEOUunSgKxemWhyYyvrSJeDWvmGwjgFlj02nt1GywZtcvxVj4l0K2G7uW9e39zd39lv4/b1F+9a0lEno3q4jd7E/cA0kcjchUkUBlhe9/v4+tbUZJsaW+/JQhgmDcbkkC5jlgyJ3Tn7ycqOonn91hORClt0rA2zpoeH3N6ZhriLq4UlRnM14/1XbjqMjOdMp+DpnjnfEyTfucPXAy1evf/6DonGrbi3EWK3NBDGFqAIeZSPqZQZFLOqaxrTvaRvep/B/d0dmDaitHbYncfWkORdW3102P4hYHB136N/lotPyGJ07ZkTnpbTLdTXnsCDjfocIUJSNdMzF1Nc0q3jPoW5CF3n2FBebdGxEVPthh4mATpYQZQpDT4aweT3wo7ihRDArOqx5W3zLQZUdt1jnXxLdz0caTuZMkjgZ/yxliK6PEbVbKmmorN2N2wh6KbMe6r7t0BqyNJz3/egKgTBshXBMcS6U/1xxRRalkIlDUEsgJ3YXaN5iYlu6LYLthhpZZG4NfMyQAFdy1ReFAeyJqsQgRRu7RlAEirZgUqIFZskiLGKxb2AqhUkjU3cF/NncrUKQ68BF+A5Knr4xThe2WaDIJjaVoxUNOpOyo6T2Q84X7zNDg5QMW7HouLqkysd1ATYLWHTjni5Ghi7sQySxYdGFlEmWIN12MSojFPziZvWy0+TgZCpTPlsq8gkpHYV/qRrzrODpDziqpsckyYqkUy+SofW787XRMeaTtME5agUYpIac7FG1oOdYQp5ADRz5JdF+oeFUASWlgWPAE8f/zldc8vGg0+oijPK/lZ8THcqRI+5HpDcgFCrZGWc2PZpaKZCCet6hhIIrcdVyyloSmkhnHQzR0QmpMXh9IKBfOjzkOavpVCzhu8BZRIcMgUFC+QAKAee8dPTB7YRNS8UIuhlgSAFVtqPoyDGLcsk7IqCGhx8UMOoqsNo+nYUB9WFgZNYZsZKq61ufCIdN225rJF109fyjaQ4Bg3tK8lLqJnef/wgpaKbRcgcvSyYO0dz/kSG5ea71A9I2tSwmUPDFoTLn6yBAFK+MG5ivk9hMLQhLq6KE0X8WSZp5Uhm0L100OpKie00+Fobg/U2EikwORd9WZpOS6vJDqgdipKp4yc7P/1kK9kriWTFmaLjQmYOIsDijyjxmOg0qDpD+jhUqTaM7HMhctRJrcRDJ83B6ALqs8XKsbD2QOienxGVSC4RFrmlOkYlTCES5cS9WGiSxSzi2HBbh5q59hIoXiHt/2G++CFv+aB4vlC6gLFmUQl1uiTJzjd6GnTMQ4pyagexj4KCLfYjsrqLsPHvo9bXadwrGHx0VzOqE7b4O5IOLFpTPEJY43oQDt19V3b4H0bPhRGorq+FysGp+KefGfKQXGGH/HOayzHF0bva6pg2evsgnTli4aejOGb8jheYKzlY2nTjtn6KwYA6rKUUEQcdvMLnD88OKABHzOzDyD6fpCBq7JNlFX3P4/0uEFaFgALh0erwRQN+fNZmWHgc5hE/UgzyQvsU9sLQCEEtYNAqHAZfCj4HF3UyRswSI3P4N4Jh+ROqkYB0EbjmEpEJ20+10cy+O+33aHr09n1hseqD/jM4oE/Ltjm5Pe6yEuem59AI0KJtJmS++Am+I1B4lSXduEsU3N1qeyIjUIrxoVgJtbLZRZg/7bmNEPXZr+00miLMztmZhLdRyqplA+Tr5v23r7u2WS++9Ld4mT24aRgJlUZxFzg6rQhyBNY9b1BnlHzta7cIao3cFv/6forr3QjEMbbE0xcF/YVdF0rkmQzf/o2KJ5frpD1jMfjXt1c9GEf3ZePr5hXGmXo+Y1CrvdIt8j0XgvbeECvjyvsmIhG3pd4AEbeeuXbz5laH0GwAUZFo8rPenTSk1aGW6l18NhEyZrRbuX38H+xQkve7ZN+zKAsK76KpEZC/XP9I29MwupvN+kkBwa3Gp+zxdOd5pd5uo4dzG8T17SxALg8MtXq80SA9kfPOZNcqXLz+4H6sxGphpvW8J5c7uAQrGA4MiGd+pz3/hzpnpGVAbPLVCu2RH7R3IXz9/vNvvnlvwxDzvjFqp51OvmcE1kQWN34RlPjz8YmMxksbIymnaCGjqvBzJpzq4Vg1lumyujak1ZwXigPPAA4SqKCBYqUSVgEnfopEfAw766qXG3KlbT8UbEjZWvLwW+P3BiY7AVxJWax1bPjUo5k8/U8wdF8FmgLXnLIomn8xdY4qwbFqHdGvUXALs3TYEMD3KCOQ2F2YalM115uaQCQrMWZ7pP2exW/XGzJOZsww/S+C+A4/T6PPpYYDaXc0buzZsGfjgNmEnEIui2GhkvETUIxcphzqcT+tMS+wogEEa6yhmBg1bW61lOzNPwxNutTGDIBrSQlOmlD5Nz1g+pvo53uDsSRsqOJ7TZE2oCWWWneu0tjGnUAsix+5AmAx+rIKqChVRocSjUOqFyahCvXaTEyQBe4P3ciD6O+IE6IzKIUVpatoWktu59iOWK075AsSusAYiwMyVCSK/xzqU7MVqb5DwnnE4+JkDKppzEqJYBHA74hYSa7LJzHPTCOa+RO/c/8OsyOJc4RnaGRKDxtxyTNbxaF5Q9u1/yik5HJIfDcsZS4ExND8NY0E8OTljOxXS1jD0gJTouBvK0sjTIZg9xJYEYi0f6U8RumhWxEG4km/s3KMuqCkfRI5zYnnf2JFWEkqphBRa0vkqSZ5SA8iMTty3P8M2I9CP4AxS9g6jeHIm4RDAT31RXg3DfFqiyf5e34ArbaQoy8Jt2AUH1TyKSPI2yp1AF33oLYOYMmrvt1qE4LyPQaQpJGE8w8uiUGmTs7FBav+Hw3Q1ju8fu1Z/Vk1hiCUAqRK9p+eUzhJjuPKWadKPbFF64kWqNXQj0v3mbns2NS/mBUQKgtmkEiydyxPqd/O1B/xShWnmiMny5HuInqKEBJE9LI8A/LszFL+4cBm481VUqy2HIvCuwZ5DJE7ZxBEjiARnAmSIvr9zpDVdOqzun6PBCRJhou9qDmALFMetP4T1jwyuLEKfmfYJpfP+CRhh8TycypWO/lUxWmSJeWBQbpIUT63zaD1cM/Y1Q9vhAM7tRniEAkiXSbpGAwlAQ8A7od3PjtHMX/+TBL6pFo4z+XPh4W/4xNQR3GAkU/PI8UFyUnYhYFPIv3MJwaX0zyXhoXlMwU0dxzQYuuwSDkUi4iDHNrUIO7E6OfCCc2gJ2+/x/d4JeranFI8Y0ucC5qfCXxsXlNPhlS7FF/Umo0SZn94k+OABBzKwYizod7UcRibMH4K+1w1LqN37Om8IvAIhXlBmRgRuTAJyB+/lJPOid8YguGoEGuCaz4pe8iFrnB0BlOPoSpnsHZrnurLzRENyXEYrZCtScd5Ub72WE+X246mWQmVtXyNOaEN3huBxmONWJOW5VXxxQGQayqBihKOWSqpE29N3a+yJTggk/WZ3dDm1XXj6vpcBgeLdQmj5Fj6XN4zLDF0tozdy1O8i1f39tRTJi3Wy/1QDRNwM36xpr+VghaWI9VV8r2Jqb3f1+/L0hKjnvyNxf+98VeJ7fAe995yP30edFjQ+MjmzpZUDFC8JNKzF90M1zMgvc/46fE2L7U7qCdjunXcG4mMnq9tpYGhJ66bmVN6ULRux9ygANWLtIukx/xget9kQNdCYs6wyv74Xi9r0R6BRnrex8su+s+rbgb1kJy7Ry8OJr8d4S9uuiGY+3mgpRed3oPBN0Sje5MPK3ZX7vE1hufCs/BMruv7xzu3t35t4vP6plztYojnlLbIy6+CI796mjRn4NiTiTw820Z/b0dW532+7WXvhaWejNPDP1nVY+3cJsHKFrGe7owM2I7j0Mz03JcZfOqxirnFZr16cVPgR8YY04h4ESlBLvAWEmq4jEiFds2ENSIGl1dQjPahccKN4IVkblN3Fs2K2zpmPbWg1fma5Rvlx9mzU3Th/MNkqjz7r5BtPdOCGsYJ19Dnddu0SEQK/1EutBIu3qmEfC3KMKCLF/xdEDWrFmb1SQSmBM83BIHuw8VHE9Lu8kuP3VyQ7PpHGDXMBkWCY6ckaOJiFnplYijSm0s4b7AmENYkGwWKq2xjmlE7zn4ooEozRPk5m61tJiyRUmLu3AAGClNoUcGZ0sAp3P3u2oL7Xi75gW/m67LQaEYocOfok2qUUzP6K+4E1MG4QGwWQVZrzwTQGmYxUiSsRr0xFgrmJy0oMjb52uO1/j7RgsMZE2p0Hgti+y5E4qk4xYMpdFZS/wSUI7iDAbXT3u0UVpZPA3mmeAiHezJrCVzF4SFxKikeFCDuC8HxKwUXCXaJlA1qFxmnuv5hChbvDAO9zw5mQrABk0PzrSqmQ0ja05LSIVFVmS6zt7aZp0nANIWYtGYOj0zOrlFkycVr1PZJIeG/GIlwNm10OzAXuqSoeQPxXoHe5cHmK9yyhnPgsqENKluCmlo1d+zXbPEjMgldZ+uI1OM+/bJEn3SpPBuwfIaYIZOn+myhPuCj/FBmarrOPGmSvXY5mzxUzrWRgSJcLCqZ0qvQubTek6HkAiDyJ8iMEC/t/TTpXF8R4YAmnL8mG2mS+JkUtQUMvnkmj+QFwdz2e4pbFmGqiY4K9ORCoizAYoRBuxvSSLGayZwEbM6+9Eo1zqXZIsZkXqmy4vGEspPUIZZ3aEQWv7JeATsrqcxOSZiJqzwnfkHjA6LgiG4S6pdql8IqGhfMHYAJNn9MiprZkCMEY8x9HZXHjUFmw5oHQ0e+ghHpu6JcPJxpFMWVfGI+0eaPI8w8ona/+E6eC9LkxaKgq2KiTndfS4B+lMaQpqAm4eF/vkdCZXKWRyKGTB5wfBCjsaMR08yyGkqnLArTsYNQxuNiOVXY+l5NAnJ+7I60ibnTY9gDN2bDieL5nHB6PvN7BAoBzdn2Aohk1lo5IqkQ0IXtQVQI4DCuPqgjgdIOJ9QpT0ClwQz09NFxVRKX2J3QKLpO8q3OP1HV7/LmscsqLuTQHUkMSzU1lHjg4nsRcAB9r2uNo2Ic6v2OAX0Xt+FMzdFPuJ0O45i8MjbwqbJu/1LeAWCfg+Un257PsyDVzWtgjz38KFF2Yh0A2D7pxAwqqJWsAKfWJUDrL1Rq0OvPIzGcTBl6wPmCWhcWs+GMUzbyl77+BVeU9jMjx5grUCmSlykOxBHhtNnJVScSp6Ji4vQD4dDFQ93+Rbfc4yTBJhkBTq+Z6MiMraNS62x8qJT3Qqm6XqL+Z6kUvf2rERnMRC0oltJ/lR1JhUH26cn3FDZi6BEP9uIYWT/cfOPm6x83YzAN0O0B7xk+PXndFQSpsIWab3z2+ttv77760nj/9b0HiteB6eRfP77/ePPG2Pv2Bw8Pv+ASwOurLqRa9Hp88fW9V7HaeP3ix+/vPt58/o3P7++/JHC3Mt97II5FFpCPD5biwf3Ia4Qf9ZMFQ/tDcgBl4uIlA/dPr9589urF1z+xRNaooRFnd6B6ta5/b95evb+/+sndF9+6/axupqe/P72xiuN69qsXX71nyMdvfq6zfu9NxHIWDXv1Zm978Vaw92+++dI7UnX5vTXKy2t1ud0cmZvo48rJ/XsvDn759puPL+6/NoMqQj3As5FeZvV389n1u6e7d08fv5Jt1HwAACAASURBVN3qr8VrIIzgRgMGffr6vSfmvbp589ILYz0en+jGBl7a5SaCOlWvKvtW7tAHGTH5o/JpWFxAO98xEk2Oipm+BsCRYkI3WunpHOqRZsMFCdiKa0FiA3q9kn/FoPIGwLWmjAgKAFBSNIolRZr13k02MQr4ycP9Z696hrfBCHRm6boMbd3j/OLpm15qJnQKJwM2fhQ2W6/XMCYfg7iF3O0abYnWuZubnclmr3y2Rvjy9s3N/ft3JOAnEtJQNH3wut/2dF09CEFzGhIvqrOv9q5ZLsMxAZmXSNOS2Wp9zWgFWE/4frx79/nrz73nuzXEj7e8N833uh+ieIAUOIHRRBf3WrvhRaHPwT3dpcNo+kR5LsmwMcDQkqHrSdR3rPcXItYQTAJnWIXqnPSo0Bxcs0QFabCwkOHlWnRevPjhwq42kPPRGPNa9yUcOL/RjVPYxN7wycTMda0nz/HVBoVXz7C69o6r4rSLgXUJDY/iIhyWVS8MlmOX+uI3MRZnQS6EjglObFYARuiQj7nvPQiY0Vi8iuWeARRn3nuAbaU+6292EmDqJESNciIFkUXGcPBMJx5OdZAnUsdf6aVRDD1BLxplzH0W9nBgwl3Yj0OeaXBptOlySU9fFVp8IKUytalaY3sHNSyj3qZsjNGEBIBQyy0I5fNqbl2evNE6hKFhcf4W795OBkVs9BKAp6+YPR4iryftrmV3n2tOqAW2omEiFRtQjIqnMIdlK1kJPbDUqLjvEzXBDl7VpThjHciMpTYZlT2nFahARzGk6qK+SAbVbN8NzY2wk05EMVGLAJST+a2GfLi73quyILJQlzhQ66XujSPwRrNJNZqm+p1YOapb0GCLUl3MgGoJWQZOXWmFma/2wScZt0tZsHIUMIZLh1olokSzcCD8SSgmLQx5u+L7zOpm4jiXBNx95DXzmJLjiIVg2W3aAxiT5GkPKPJkkZcTaxPbLKMye/rtU/v1M0hnl/jLzoJrtiwoalrN90KSJvs5BCaFs1Ln0TkhaEe/dCe4Hg5imRkwQvVY9WXAS3E+47Cj5AV2mlHICZJ057cTpHyVCitPFAXjFTcFaFI8NFVD7eByfn7IWLvYUEglQQexvjS0PodEIhxaF5MltZJzdvgfyAv3i32nK8SkjeflZ1InVoURmYmqP8Z+dsMz0wQ5NlAyvGFG7SBXevkM4kKbZtM4i4QxZx3d41zp/io6xbyLYimFYRJmYMe9QNWEUR7CeXWfAqewUDfZh3dyonNwfSdqWX24B7TjJKhIXQoFV2WisXJ98ahl7ogk56kusIJT/OlfZyOC1ISJvoIghZOf/u1z0BYm1V5Mf8ECsc56vE5tTXmfi8AHJWbTLc59Vhttp5P5IiDmVU2o/JCATYMqAlw3lZi4jmSk1pSCBZqcIWX6UmSfEqfc3YitT9EPttrnNkqxdAaoja05LF6SQuJZ9E8OLRVuDTYhqo5maKXqFqvyDrK16KENGQroC3wSJl7IlClVqI2fDwrY14+GUatT0ApGifCstahOe8wSbbYAO6zDXJ/xaqvQ3h9m17rH7bx78eJf/Y13V2/ceCr9fvz220ZMb64N3UrMV9+//+GDfezGK42MbE6x+i4htRrUtuDHN7ev/9f/1oe37vKUaEna3pkNnhom1WdaW//bj297aGgZ0YDNCrFxl8fgiKUX92+/+bt/8+O3/7Z7AzI7J3rdJBgWIoAXWN19uPvxxze9IkY3YiTFyY9eUEWr9ti8ffvq3//DV//Kv46XNaaWmaB5bz0dsTB213V5esO7F9/8G390X4fQFqOtVbX5o8Hmq1ef/8f/l3d23sNknPZH9C8PiCyL7188fPi2Vxbo9xTxm2JLQt5NQ71XH72n69/6u9e/+QNbfchrVP/6fu9Zgl9P02Wex+9/deMqw6+9g0eNF9ePV54nwW/Y2NzzH/7h6//v/0kU3/Ig/p9/dvX+ayMD6L3l/vPbF7/zJX3r5LRibmZDnBNuQVb0l254pAAh4+WLNZtEEaJ/nMt9jfGKDOqZZ6xnLbgWTmtIBZVpYaoWkTCKwVbN9PBuXSy6ObLmlZUaCXx+8/pf+qt/eqObbppjUiDsIEosqH/rs7d/4+/8/d/6wy++8eYNMdiN2kKoe9Dj0XTjiy/ufuAZql0FYp62t4oQHVcqK3l19fWH71lo9EglQdEFHh21cYAhlPj58OHN2xd/8R/9Y01elwk2Rzy2SEzh2OCTRlRnvJRiqqaIGev1zf3v/+7v/D//ddd2Zsh6U83T6ybsENM/N834+V/4pT/359+/+wI1JjOSa7SRwdf63VXy7W9hc5q6otxT9BokpcPN25u/8k//ZW0KN//NWTpmZ/Yh0dWb3/vN3/jyH/zOrReWLQvlrolyct2MpL0leOV9z/F0WbYKltvKWBFAkmAbLYHtvRm/83d/49VvZq+8Wc3WRyG3gls/nee7g7OJTpTQRwI2iFlp1nTkM9ahBhXrwSUX/kmRjn2qK1g8SfQv/rP/pMsqonFguSAhOymwWobYjYy8kpaZTmXeP3T4LVoTuDrnWh4jX+qJEa1ZnQTIBOuLqg0oZ3j4C/Mgo796h7VQ51M0hcPVPFqAdiqhQf/x7/669wm7gIVCiWmSTHltwzy4q3exceimUj5HnhPaKP/izatXf+s/+8n3vvd4662I8fbO7xLEvUumNGXG68c/8wsychvDNs3iRDFYAnKtkhifvXn9+TelXysHxn3ZjZhxXxwQ5vbNpFVAU+XpUyXseVeB0ouGaf/8qfQAr2SHvmaCBQLxXGH79s9/4/NveEniowSr4XmqQg+HrbHmJ5/f+vUfIk9qbW2v1nb1VjdQl2qB5hd/+dvf/aVvQCd1SzB1fk1EdRMljVevvv1zn9+2umSRvUUlNB2mJG1YCk5tpXQXN4wa/nISEwNomePmMzeXtUBzK//oVtR0n9XbFhbevLr+8P7xD37/6d2X8oNruF1hNrly3ct9HZ9//vj1lfckIiRsNA/EXRLGqByZSx8/+/w73/mzf+nx7t7VxzXqsyurZl7ADlP5sdti9Zj4k9Uz84y6Vpp1kc1uJ1J3NEKUb5xWVBS6GEw7a1w/+qPfc7FFd9VlColFt1RrUu0ZeTq4r9vC2oy7ACj/1BIL1BxcsAiECi4f3CfUwsVJ5+l/nA+9w4Y/s7izE1cJeVgQcU3smdAojDiM/AaMAS9sptFIHa6JF3CcHY/NYnYUVj6ImIRxieeELLOeZnKEPucHZRSz+kQ7Z9WM1752uLi6cC+ZnOq+jzYOLmXOM0nFpchOf4ZTVdWpfWY4RHZOhNlhuB3VVA6Lzhz5H93QM8Llk3KcHtVRfmZQoF8kAcGwg8jQz3BRx2Qu3jhh7A7gpfc4sPGiDpGGHicH52tSHGmApdbhAwHtYXwqUn2BRIzEQU4GRwl7GsesLzmemiPT5Jgr4zszMlfRciRaqeMFhhOVmW8MGEJPxpaVJ5VvnkE4qp0SKgHECVvMu8chP42U9RwjOms9WzP8SZEVYyc5RS+5NCBtLfGxmlly4gitG2aaCI5xOWQJOdBg+6ol10PWb3W49mg4pZ1nPMgjtv4Xl3H2m32yZqaJ0I5Sd4I6yC9GrMkOJkejc+wTQ+cb9/hu4dxowLjMommk9cfJ8vrV3dPjD55uPb/Gh1J/pD/raZ9kCABNPZeDFI6mLd/WsFTig22rpn/7h17DuZWsjzZh4mC07HbWtPJ0H92i8XqLtLyn59ATSF5GUOpcsXv59P0/UNKV2ynRQ/STMH2ZJlN+7mW4qak77hQD1kCQxm4uvn988Xd/0MJai6YNrua5V+/BMDz4Vo0bTkSX2ukvUa5Hudpu+z/8kk8aKeTEOnjdUrgGTAbqdL3pLQUFXaFhOGxyZJjsNQauUbz++LtfPv7mH3VlYCl48rtU0IhLiBg0GAcwHhtuVZH4rQsbcL32BlOKfnH38Xf+Acu3W6eFsC22YWWoYMR9144l7w/ulc82XDHDMdM6CkA5wp+vwoyDygELnUL3EjJoIch9Dd43VOp8KKvprFOV/FL411XnYpdTWv5qVT6OoqCY6DAM84sPH25evPhzv/gZrK18Fma1vzRssfCzNzd/9zOvrH9XBEG2nk8friAqM9dvPX791f0P9c2JgiAVifra8N7jWRkN4h/96OsC+8jsNyF71OCkth5rhY+kPWkRg1kAKHqYtDTpOkJ7zaIwMklSf1cMEJSyX35PSyCtoDI0gYv6pmhGE1cvbq/uvvri5Yc7GJdBj3EGGbJHXn3x8lvFDJ6FCKFm2rzQsq84+fYvfrN4rQA33xDxXUy62vQ7JtLZvgmkOGxUVP3IBRnZeZLgK1cSKUiKWd5ZXq92tj8SaNum3/d3Hr6bLdSjXLNFPxTm8sM+5jrK939Ora+bpQAoz+PjNpAdxcdBik7ZwQc7zOCI0HiGr64+Xr/tXqOWKvm2pjUb0BFYZmi4k4JlLIVNwSM0vcoySY3fRTtqshWYqaKYzwVJjTzgLLLwxR9BUOElUvzGGYCT+SE1AgovEZLa+RTebBn1bs15cWcxoUtXolaB8SUoVpwNwzOToWHEpKEWYIRlcMb3f/C9p1//DTnQ8gUCaeq1gW0mLPy48OmXv+1+n7HFEkU80HcttnHe4/Xty299WwKiIw7H1emRoH7FOzNGyW/ZnxGKn/qSARQaixtS5paMcT6ZPzMk9ggcS+VsFQ3Yifv0+Paz6298601RM7v0tkG1XqbhSp0tlY8vvv97bqi9SYjmzp7mrCWa65NEyOWlONd9ZC+Zk8zyCUmy8MvXt289HMHD2bokWmkSLf/OSVARqF3n3fkX8ZGVyZfQPn73Fz8ruWUyFyFstWqozkS2XP7ctQWVL55+TBhbCRV6TpvnSddeXZC9en3nYnTXFLZmgVWzlj7s0XKWfyLXqoALeYXYRwtGpfF9gM4HBW1i54OVrBaQ/wAukXZwVlZgKnbJL5QyK0ji692Uz1xDpjbVXSGRTMmR9k2rsmbhypiT5KW3h8/E41RobHyhlUcUyXLdJF2gOPQvzKw9EnAchHkq9nOpm8Sqp8j4RpODLnGifsYeSIch564+aBwySs9nEv+sSaBXN4H8HEMOln4ZBANIEzXGAz3UBvyMnhj7xP8TNaJ8Yn0MMT3BTsJJE1ZS71v5Dis7XHeOzkWEFcfscM900z/BHR28fR/iVDgKXFScmQ9cbWo8IrL/aRnl6mM4OBP5CLNpbP1RqRZPk2Tob+Jjg2CJMZUP9yPc0e4i209dD8a/SadtZ7QFzriicLg/ExpkJIChHYdD6ZCN5THcbHPhPkATgEOtcO544imKWML3u78jS+XPn1UfjoqcwYjBRJja6/kSZpqMGMjDn5E02k5Lu+Uv/A6ri5KdzGSKUa7PmXkb+3bY/3DBnf8Lm7Z6HJk1yhruYassQK0MUYcISlxkyF/1HUa0LV7WnP1iOOh+W124+LQBQM6If6tBwUR5Kiadj9aXbojXz0x2FSgOKhHwXONPYaX2p1seX9/FUD3PR9K1I6MV9Rev3nhgS1Dr4Xq1FuSe8MNmddwX4XvRVchUsTHCJg9d3aOt/B9uPXLHYv0Hz39QbiAlTbaOTCtdMwkMEwlmY7882wKqSUNU8omx1lvW7Oa3FjDqErJbKrXMZIe3oRi2PRtOo0VANyMLWhTHwHOjzSI8br79DiSF3vXyTTkbOeTv/KHvtWMnPyBt372uNAMlW15pzUnnkK33ABxImdMGnzddju22BIiu43sSUD6ZTy01mf28e/fe2wXs58cDtRJfA4ScrYNEY77P26wqLFoj1NWlZivqeWrPF7Vmxk5dwsApVzABCR/fvLFYeN0LFjxrtRRAqyllBEJGHCHElJ5ZMMNFc5/0zQxInnmRd+7qvxSQrtkQSngdMoWdHimb1EUjX5edxalv5Z1oG+UU1HytmDRAzCks+0WR69cpKEXZGEdZA6cJ13AntVr0tZbfRQBFxkrG3N1/ay2f6+puKQXbzgCjxpz+8cPNraXBBAKCOzoN7bsU0P0BzIK0775qBBuqcGxNLF2ihrs0Oqc3jioOiBW0iZoo3zUBStbPEjtDU60O6MOmdhoUlzHaVjt8a8KHtSatId0IYiLWOjY+Le4ij5cxdrcxQ1bSCAnPgm/i1KIMO5SVfJopNgdYdgDtrM687hYZf8snYxSV2QRV6gTbuaHZOQto2+y1lZY2q/UImt6E4Nm57RxhXknECCcGDaITi2Ey4mij5nDpqI6q08Oi4uOQimbGrA4obdTgljuMuibU2pa1g8Kx6w+9SqLRYTPSTQhR36U32CGQIYidjSQWI78TX2ySQBOn8VCTitgr3xqBomIcJKDkA42Ao4j37S+IQtgUtEgPpfIOUIk+Lsq1cq+s7jYGrSfZkAy82plrkzvn5bFSaExFWiIWeTdXHiHgIc9P3oNtXhBHRhC9EYyYsXJjTNhahxsMRK5lDm9XzK1ts3l44DVIpy/LS5ts7yBu6wJSNANMu9QggLP0TaA0j1wVztM00Ipix+mhVgFiHFLdWX1WEV5ay5BOXYKjXNQRNTWx56cdTYLdK8hbk9aKGlSrilEilDMDltLkPTEp2skNIRshaEZUKuDnIl6LyEkRTcqaVQ0AfJ2POfc+KhasspGL1JTotSpZvZjHDKSckrWWAGnjmMnNBaQeGYQEIFMzNlDwiW3RthWP096U13lYYzrq4ITU7JpSMyn8OjAismt2Q8ePKL9Y/sCz7PioonnTP1BZetZJjB3tvClILgKQxUrrFE5ExQ6QEhYyiM++pgPx2/GEUHBpBS310HwGdBSjc3r0QM/pOe5nKPFnzwtE8JEpUhKhf0m7r8JpkMiw3jLW6FxIDhkAVBDjvRrkjiiKFEQFzerTb0UdYcJUR+udHtAMojqJEmmIc16IxEjccXbqQ6pCJgKJcAovlJjpiDXIYYZ60fPIsKoRDHVug5OJAnxmdfRRBHJxPH7jlpFRFILVXvjvR0VBC1e7SEznJ3aCT8WltOzdv3l5UPEe1dWP98y2UjwqGeEAfWa9cu+myacsAoEeZ5yTQPcvEsOKKwkRPPyGMvtM80QuFI46iqIY6rkCcPT/JEm92Yj1PfIXc4QyEz2fx/xQHdvqE62vCnCp2o+S/o4AP8UoBOZzFbUiJycbMUtCIrOJwemNyu2y1h7XTPyGhlvAjV4JOm4XHhdGCVtl5Osw6uQTrICKOB4acB3s5UxPqIOvowJ0gqfYWz5Mopj4Q0MLDst59coIHunpABNx3wp9l5xJenQCFl+D5+BTdwwSz7My7clWzwNyI1Iyp9wSSq22vfr2w9TXZLk2K5d1W9H6YLF9ITLg6OvnjOS22OVSvzc96dzZLy+T1jNxzBP0FyiTET0jtpTbPlcMymuH02Sh7Bl69pqxdN6l8ChmHeZIWfuO6n50tOumW4inzQtSkLOV6pJ+T4fUAYHiPw98i09gDYX85ilFjVC2UpeBc2JuzIG0ZpRsOeaKGhscrCZcbNULv3qv7e2N2U+53/rVfHG5EJDNa7L1diTJmwWWeVcC1OPyFjr1fH6sBkUXQYbaXYbWsXRehZJLH64AwC8FZgv8dWAzKCY5zSePR7F1x0pyfDZMWhEQUrG1oOkiw/Geb6IcUMGzeIKHluE9vXIbmiqaLKLiRpFo1vUs0a5DzbhtD/BDMIu+zcKsv1lNt3mrQc4uXyPc/p70LGIT4eijJabtmWD0KugomQpsk7FJkbBiCaW9hA4cjSY+Ek3iBKdle6+3SrAFKB7pXhUO+a5GrCTj1+vO1aBJq9iojGo2gxBUbFGtSKmxAKC4GeOaWLORTAgOJXCCkCyOUEZsAXXMPEM0yolUyjoQe2yEgogmE+LsW8s41khkQUc0dIrzwEmHl9YYVMhxGosOjiEOnipkHedOwx7zV6uhgTYJN3hI/chE2sg7Mk3UkE0OR82lQz9MBj0eCZAgtYikOHIc2AkzmSEWeJMABNmxLmqHc2rTt7ZsGMgoRCm+jshnUDcsRKoU7kKlk+gQK4k6myjPClWWTMUTJCLs8FgrTAW+wlE2Gr4JNzt3PsMVtxADEcBhJCRPdQTc5NxHMpG6KbF978m+xiZSsO4zWRqtZ86WPzTpxCMdLOsiuywgx6Z0eymfenqZneXZRCsTdN27gmsrAp2TPjv1kNPjBj8JPS9cDo5lTphVdan2mxVTZdZD9dMnUSsHkIMcHbdmKG0Ry4zUhzXqQYiaoU57y06pftv9LU2NFPSoZ6HV2pb3/X3wHANU5EkGVbNLj2hNnVzYJ8tKZLPdWK2rSCL5Q2tM3mxXYAnUyXgEzQjAigp5osvawtxzBXraWEqJbsJmdbNrCtQnJD/GWTUdgaGVEUg1SomVGL5q1bWDMEBqQSYnCRL8+RfEgJMTBXyXMUKDUt2lGuSOIYJNkVy1xhLDNJpyRF8ODV66GiHH/hO9qD7yRuuZ0CwzeZIzzZMmHMYPN14OYaRUKSr0I8+OpvuEWfGpnuIXMGJcNGKo8lO2C7XSPhoOcSZ5rJUkeuw/gax0lRccMKMyAUM4iCGk/VD3g9opCiIz9RP8jBn7TAEhIfxyXAE7BaZLIKPXbwbEw0+EfvoJPJqjewH/ROJki2jsk2IHOVn2PxnDPzU1m8keRieDTi6UVDhinYtMF1FGEuWDl68n7MRN72ciAuMAZb5qYRRIOyuJY5a8ddXLkMOM3WAvkoPQEPcXn8kXQNT67i/ESeMkgNj2qaI+pMKRCx1n5RNoQBfZDkLrsUfb/FQbunw+MZvlinH16TBe1SI96Qqwse4X76P8IMjgt65Cq15N44bLByG61mvJMk2V5QUkGQ83vX4D4Jzh1kvJ3SigxD0JxJCxCgGcyUrAk0UWYdhytLaQlEf54BLbvyOu7GnBb9tqEwFVdSfgF5wEbsDUggeMkGMUcs5LaY0qYy31nQM0NrbbgEHFpNHLtPeZQ0rSUWjUG/f0wDLcaVvDPR0LlDZLtAlb92RE9dIap2GrFfcQSNKGaYPgNkp6pL1hRKiZ4Qg2KxmkjWeWtUJlp3+vSLRa69W+FvhxtdXSKLxHZRa0lbBey/mPH+7d5ttSbwvbqOkebPbv+m9TI1zyRXFNh1bUGNvml+4ZSDqbORi3PG8TJ8j25jd+JpxE2XSDzb1Uay7uzlKDfKqgUtgwFVDXqfcw0IaWOSOLFSdq7Nmo/89bNzfXwKBd31iKRk9Psz2X3lD2+vWbt28e7jzI/6UHABHtxu2w0CxBWdhzPh9ee0lCr/M6MdnoofDZIqBYdLPscRbzsA8nNvbNB1b97dBPbs7cJKSpAkcWJguDYoVv04lq6dBw7nJWcM716csqIiRrAvvg8gnftnzuoRvzdlFAsUg5N6A3OqnmfIp9Y5GmcTZVGa3Eq+ZDFKx9DNCLN6Z/wJfAPSfFjlxMbU+1R+CMHgyrGH4Xb4SA/cT2AMsMT4xgZVg0RYzjNMweiPPK5SYXCrpHkqgNkDKi/1tgrzf3vyE4u0x08Z2GnHSx5ppjgtZwKmeCJa7WnCtidLIZPEAFBz3hI+yxvNKGwUSBq0Ds72oXT3JCiXWjQDIL6YSls/9Zv9xwvCmd1I2XjOOOIfXAnINWHxulzJCZXvoiJdj10sKeJYrMkwdAZuvcnN9xqHZFCZ7uBHAI369GmSCNo5R15laYkp+clEcQmi4N9SAX7ll4PArREaE7OEgV43gGDxUcbSdAaaZqUEETa3LkhZmkfEmOmhgYhRRHqXuKUCwp1eK61HNGLIwZXVUHegKM9oRR5zdzJnKpwzFI4E5yQYLm1wzU/8SfaRu6Zvy1bWyqGv9MGk5qRX2Mp03ixg2Zgs2PORL8w4KjWs7I+S5qgkzkmAlo1ye31rCp84tX908v3nrJ4OtXX395J9kKLcJKmEi7+/yDm5bcjIVMFzwTrPZAnzKV4FvbwKHPrFtUJpZ2MfGOVeb2YObABCXnBKKHY4c05oqRSUGyHuNUP/EZYKEwKwJIofUm2QAGK9ECa7trKLxjVoMvUmWRV/fv77H3Kvc44+kTzWNg+aHGVhsnXqyR5G8trm4rF9ZZrU0VV9WbRx054pIrekhCm/4SNKsrm3Cyayjd6Z7cckWj9pixoYWnNM8dQxcHXYYqarTQS3BuoI8EhgXvJPAjViYzNlmfRll/VhTLJEyLWDrJEnhQbvohVh0gtf0fgMKfNqbM1L8RjMZIrxnU4MpAsYpGuWCu7vcchXhxd7lhkEslCDnr3BGxmf3C48AcyiOdGS7uADNeByaek7+yiQUQQExpWSweieIVykJM0aYcs1b6ZOEkGVGYjla8n6OK86Khf2DnP5yy9qkY8qg7wjtV/R7xR238D4sFchIfLWIIdKcxcJgSMcZ0RwkVM4KuZBgnBIKeccKDRFP8k/B8ojfZVw9YOF8YA5iUQSRKFQWso4M/WooNdgBkgGmsAYwqldKq+CwIaxi+iq6fYTAmnaPuf58ccxYxJgDaqzi6widUuiN2ENQz+k/xS4KXbBO5BH7+2jHkqXFhdxEmFRH+FMcRvIA3AQj4crqfZ+RTdfBmlSr8zSBhTNlLYQZKG6KPSNX5rg+ZclXtxW+H6aiMvtRhv8gadbJAZWm5jrH6ns9IctnJeATqbbtVevKCkQkqjbz8+JezjYU2CGnMTCDfKyEDRuiWmlvj7DsxofpS66REx7b1fO0NiVyyJxHibSoopQe5wQ0GsGWxnhxnrBJHpGARZwkR3XHRvRIlDWMIxGkF0c8AOV3ahXMtd5C//Q2PxtuGXJi2zd1IiP4ye+ZlsY1cW9dpC8RE9wotXNt3UQ/bfktv0tVJXb2+fpR4H2wB8un5mEwa9/XiAJLaIBL3LgonOG2m9aznwoKiQjMVaHyz29pkEAWe5gOjNbMXNjN/MHzdMK0huBFkwyQDbk/pb4hTUxFFKYt9aa3eqw6rsE/9rN2I0ZM9QLRelXfpsoHn7gAAIABJREFUE96TO8kU0s9whP8/etFCbtGjE67BWZ2H7a4b6390M4R3x7rmQLz1xBRumbc+rVceMCKuhrQyMqPNvJxQV+fD7Nklx7sVO77FTncwu2Cxtu5RqK6fQDBSL352XQI0NMA4JnotYsGdW8EKHJ/6vFp1HAQCZy1um3aSDz6FzWWtBG/N1NCjqFozKbZAACBQRKI0Yg221zc2W6gdUjDbKSyZmH8g2tUWa5c1nTbMNs2jFDd5XAqwJp8FSZqT0W5dQ3wBtmSfu8otXd7JcvxuNgI7BbuXF1YhTRyOITo1CqAcvnZfaHWGIyo47JpLKFxTn9ohA3XXADhWDWExV4Zgz250V9ZVjuzJKphlkMUltRqSMQI3070qjgbnNRgM1Rytdpi5iRXeyVVsxZAYXRpDZguCBLFPZrqWO+bOY1t2IN/A1vLnlIDTLsX5N/CRygobaitLpyRwHgzR00tk8FdtNyHPYsghUsAgjkBfvvv110m8dnw4mpCjg6LSAR6cYURspf2MgJ9idPnySMK9nDOiMUrQGFGSvTVUoJwU5frC4PhgdBPMOWxqBL1TX/uMSljMEaKxYBYZ+cVMfI4ql9+j3Fglb5L3jYX/Y+2AomvUhafwL4J5ZI5fO2dll/i8Q8I2sLBa4wcjYuniKOWp5fpk5aY6NzdyrMbbFg2neF69EjvGs1JOVpVjPfkK/8muwMK2iJpYz+2TWMtXRyEGSfh5iwjEE+HZJQpDnH1TO8SLR+eEDHR0TedaQHG6tsjqPmsyUpCkQ/G0Ezct6ieRnGy03dy4/KHrNC4zq89OhZN1mdSX9y5CxAr93e8V7WLl6DHbZ7AlzCSfVHm4hqFCQc4RHp2mmjyDaaspZQe8iNjlQWKyGHEGtFk2+ChonktfVCumDpkCqliLQUbzNatdfhRU4SyTAqJ7Qq20GlSGuKOgV09IKEcJEM9rrXGIAYNOKSfDHrmRiUUflEo2BBuz59IjakjSklaQ7pe6kHRoxf0RerKM4XNjifAnVkH5dwRIMPBRUDDZASoh6ME6NA/2gPLcUIa5qFktT1Qskha2HadyUAfb+fAOYaaIS1DJE28/wP0iBJMNnCwmnoEm9JEs0GO50YgOiyGVvxyOaxE66ofuIM850DFxtt9DbkKNlMKYKT60Rvq5kQSRK/veCg4mKT9ui5ExIXoBdriSAM2Vh658JCMygStyEnRA+4l5QX7Osnsczp9IHjXsEkL54mKwoYRzUIOYGR34d9Er+TPP8yeqR+ngD2aSRTuzPDOZPw698egr3HASXnhMnI6aAAw7zoMYcJF6cJx2sL9hLYYvIp4wCLLEG91DngrDG6KiihGviYBqxHIix9iC4FVqw3DWbMC0/J4dymilhlqlnrx/L9wW1HNDPO/MNu0GVJL4nuFAihYjUcMWtQjCK9YdXb6WLMiBfqhuqLWx/Ezz2vcMVc4H3YqFwc+CI7nXmMtOfMgCDbbMB1Q3diwXWHGykhEjyixxGWGV6GTedKR+kwQfSbkrDIADbd15pm55HndjdLtKpSVjL/mzDN0ueRoTwUI8mRjBNuHyWPq2D5Ui7A9RfpX6PcvCwm3Tg9KLyynJRzwUGluzwcbdSWto3tWApXJ0/ZqA6O481Ky+LUiOsPpFyVe30no3j5I53XdlWdK1NTbbA0Wcou2vb8TQ0p+HTK7j8OSfjfOzAFjJUHukTB6iP2DOysGNdLMhMlkj55KLAyzGNVGxVJe4obn1ixR3d73hmJmsI5EcAeuYYub2xoMs2jjOSipw6EUIT141sJ3NYkuPdc3JpHG/8WP6pgQfP21KA5gWbWpyc0Fr869e3t52kYRh7x48Y/S+gf6yNGmappYUmYsICjqqNy7yalqzzU5zAK9mJFXSMa3sIdA7KmZW/SMbARWEhvOMkI3qc7bHRgX8jMSpcDvw5XIKgevXUSqu3AjYXqkIe5tdcSSK9qYzUQyyqVErHLiaWLIzvj3BybsCPAulqaXdAl06eLqJuVpltgSTjL25o8HqbpqcFnKKQMLapEiw9ZPmeZJESy4d5biZo6FMpsqCqRdsQVUIKQ0zPd31kkVVk9O8jIOPvhthvLyxASvVQGe/rhbhKqusk+OCmV11NkoNlLKx31aIs76CeSLJ0G4Ijb8xY2AgSnIbLR4eAe0yWsA+kIODEv3jigicanWFerFNlgqj6IegvvJCLjtC0bfhfnMV7nDi+CCgEIeLJcJLg778RXYyJ9DMCjjMRBjP51/1ZddVhK4SBQfPdlgeJ001CTnPJmkmJqZCIudkR+VCxhwFh5NQ8Ww2yKQo+ogdNYfNUzsPJkPEp/DMJw7HIVvuoPqNFZ9JhoRmZJGYBQEGi05SqcUjj6AFenNgvBSx7JJTWyjjdHanHJN2qcsVRSTf3z24ouhzZ67fE2k0ghk3rXcRQNq3m3KFyVYzni58Pzum58yTJTJi1dNejZPq4lp8TkulBxFe4McfFyQkjr5VkiHSEUFUa9cvlJ9b1vEydQr7QlbSajIv13tjyYsXX2v7YLT9gMWye5dtyvdiGXdPFdvxDJn9Sn90mkAnkyW884yXePqCXQiRQTJrfj0CMcbZKbnmUjgUvSiXJNPGcQpkhPrAWp/vSNa8KMUr9eizAD8OXWzMLKOQKSZDLAaGeubu30KGXcqmdcBriwlfLBT26oBHoEZKxwwaZllsYEFi4VvVIEMLe1x2VB08wRYILj5RP6QdyrLhatNdq42VvFk0DhAltGaDxBEA6EyM+AZddaCH78qirWhVybLKvsDXgU6rFCzpVZ/ds9zRrBYWaKwygrojRLTSbvSmZl+dT6ITBVGsjcX9fFZZtFxAJ1hAzhXyY8yqvEg6ix3cwJDP+PsAmzEyZxgH8VJXuCR1n2p9raASVNA6nx06yewXlqElS8F9kTydn1FmTEplGaRGaHLkJ/l/pVlxh5p4DkyfepBa2MQN7dkKAaPnE+1ZIBEnfgXncw5IRNaVhHJOHNV+6fhJzHSIXR+VkQuoxlpjyQaorDgcx8n4/H2pU7yySTOTfMKD4Fb7qMTgQv5nf0Yrngl1OdlxHky6nA3fvwki0KMGHrms5LCAg1NvVmZOxCTs3/CcCd1FqH4vDS9RHCnjNtnMukswzLP3hxsVuV3S5hovivUgkmUi+a3nvsM2NBn/dMKYv/Y08AaseHJuLQNT6WnzQmS3PTI1bHSxT9FWZpu9Hej3ImAsVZ48/xty17p3lx4w66ms2APRffBo24O127pv/UctIPOSKoW3b2ENFf8Mw0qtIgckX1rjb2ht24a9MQQsEK2b+7gefQaBJT4Zxp20OBmotcrSYs+R9Pr2pkGeRMwGcc3Bxb3BKwvFrSgFMgeUqgz11CHGHkUfm6NYv5mcII1FMlTvYS3At8L9+vr2tUsKCgyFw8mvMnaPxaC+KQhIm1iYnB3Igwo/puZk0AOdY7W1KRJFrO0lyjcyW5dAlFbZ+5c5mHf3m+qZ2QokH2XF5E+E7nw2CO1NZCzSFl5Tp+KBGP4BRUbYIcW2LWeW1mhE5pTvUkCiJVWFKhfFVv4YOwf02Zpf+9IK5+Y4RXyjbtw2hk7cNj716hzfNdW0qnck6+Ihq5wbWxmuxcUtSiLXyAeMoqRFMXM44IwQ833sSNckqr6r6Ym5apd8jI+lBum3Vf/u6eaT6YwazbdnaakDdJYoCFrOVEVKhtIQ3DX+9o24riHgZhRRH5NEXhvQTb2ibd1vm6Dron1vuueBIwJOHAphQjZxanYCLeX3v6GSMIQye7Ws2qSLbihlQQd+6iqpmBfmHYGJVzPtnrOUCfI+1WMn3nb6odc4YEO1Yn4ICBbRFLmpIac1g2rLxIOKXQAxj9SAO28GWCX7oNfhpNdG8gBLYdM4qVqZa8iLpM4Lcb9J0nEOz3FBE1hF54nCTSpzAeZLig4bZc2kDoaoZFphHH5aYIDgKPZVDvGjNFoHKWbRXiwFcRJzol0+JING6qSJ4uoyDyEiIqSat9BWUbJyZGKiy/gSUNLXD4aaTDGfJHxobN3luWO7S29VpOYW+FC4gH8nOKJhZ7LjhhkYXYUA6ZFawciMJGGP2vJK5nPJpWs+0cjEhUcDAXHlWhLBC7kaylC1gi6RJTWS9BWfBHOnLDUFx+0bKxblEBdOc0wpVDLVrI48jf7pzqAJn9RqtsYzeseV2UP1gcDlnCqAtXhSA1Hji0BkQvYbYNA+bDl1DlnAFKLCbLFIBpZB5j7VqFG1BFwYyXlG/e7SkR2YuntmJK5r8wRT9C4OGH/LEokvkYlnf0ydVbTAdJ9IJW1VmzylTcJk+74wzuEiNvnBS6pTFVhHhFRYmug8MImCVJtW1SsUBL66+RzggGUMdGsdNLAPtmc3FHuLcRGXWTDKmaWNMsRFqkuSTSN1nz7D2JxYKQ2TM+kDqC6B54IVHCIDObVBDNY3AmSMDPSUcpSTnCNTVc2p+kNT8ZrThUSBtOrICOB8nyQzZ4TAjUXYCRKHBQuoqifBYBjWJ4wO1oymA0Q0KzsSJtNAlw6DDyI+aynxnxpR8zmn020CVHAI+U0vMLWqyKDr3/wwihUqODIONmrEccwOE+owi8o5jVrVCQmOdSZbP8+iKJ48l4LhHuh4XfA/kVuYjNZgDusDV8MZ/cMn3BGbCYlxzhL0aEqYZ+oFKU2O0WsKIPSPuRe82vrJFPFnBJKbFxEK9vlZFRLC56LHCZ8YVnKxld8MdmAuUs5+ky1GDWAPSD3wRftpNPNfeFyIxu7ymSWfQUZyFfXeHYzSqi/wp2BGHUDFPyU+Jy0uLqgJHhmGAi7p1HdWUjDlY+rKRGsHOal/TiruK8BBwy7p01PDz7Sl2iD1QMjSnAfqBZYs7GJ27KHBrSioq38vCfctyRjMoWPboYFId0gxnYwjGPgJz6LBTnHY9tF0HX55ydC2x5rf9cap9yUuwwfiTdkW5nnfu3kVdadpI0ujcZIR1qiOoHQhhxGvO3oDZUL0XFfwOD/BssazrlkPqecytmxXi06o2x6gfmj4ClSR0QjC7fy569k9cqLbUs0x4tbLtxx4j24d4Fnqpvg291MM+sa2sVObvvpFtoSi/c9LRDVgpuL9Q75KJeOsk5qOlZfDKJG92X9uMipkQiMv8C409JCHHs7I4JsFRQRaTvzgufJU2G0mD72TkoWzZFzRQwFh33nDwJGzqFwimP8r7GK8T7ElZ24FWD/Y0HYjV8HQTGDKCij/vZnKmJWs1MgXzXC2uF68Tf4cz9ENHVnf8yXptRh1X6zCqxuXqBFp5GtE/NG+pjMU1S9JeTYL6cPMPNs1VHCRK20RzYBc0uTP4hp+3uC66J3CBrqbJ2zqUeqw6h5maaRQxkuIMEcJHZkPXpdAzppHvTzDFLSNVyzvNcTWwlxzWISj0ys/RQjUQj7DIiNwNkrLbRtOtNMmz5uk+S26egGyNb3jYtiUonsWXvS2Y9cTP/nE4JvNsDMjy3Jt2NOv706PbdnhI57p/gFaNBJBrbLL4IxOygkarfmgiD76q2Gdk2PJFaGcz4RpkeZChP+5tuHcytPVpxSYtCfxpBPLJl56jrqxRzD9A5ZE/l0okwWbvL/wj29BjmPE/aipAW/gRXp4C0lzHFSA7K/JXBGLfPyTvYPkz32545mk8tGuKGESFnmHxU8CH8TCJ8SodHDkC24UjoirCM0/KsHsbyCl3wImYVYeXlyCQLzS8wW1KDXLmlsLPmJkq+WJclDNpDFxQpTNGGyRhkQezaqjF8sdTaRd5C3liG72UbW6ICXHyEbkopmqSnwj93x5GD28Kh5+7JomDowYogcALRzNN/b7MFsuSYGrXhIXAaFuOqNUSCxp5UWlbO2SInj/pVMdAGiJ2zUwrbtMncR+4iFbWBgy155ba4YVx690V0YNCngY0VflmKX9AAoQtVj7XTFZqBBOE/xa+yDjejBn2OhHDC6mCTSpShSxOS7o8qamR4xW0MdxAuh4VCl5IWG5eskGFMG1DilzJKT2XF9ZS0q00lqSOMlohYEjDbHfBudqEjrm+1t5MVSqaKkCUZL61D2RTNDUp2SXAgaYvKWouUr9sU6toroBYOU8N2uhx52wigcRwVqhzompPePPpJMs4ok3W18aPOw0IkDNygcJ3+CyaSpCuKClqpI8mf2OtJEfxzAVqo/kiHV6dE6sVauPykKYQTEerbm5Vt4nCyxERzroxFgFb0yxWIwJER0fRJQLFroe19QmJtBpHBMpaicYEzfLKSGDAJ/BdCRZQtVC6uhx+Q60w2OhTBDvik405N1IDeAUZUf1w5hO0yXZM7kTYI2HLhQqH4EOLvJ22Ed5fhi51L+w71y5imcHzkZ4HrRETIJjjE5Q6jyv7mv1NfCRqv6CG2xnk3mKOUtjoszi4jghJ0m5fjprGmJaH2HUpBllIMCYtfppfTdGy66xOSzGp688ciRfrDLR4XD8W6vFvxZRxRiPiMKkRFUXGKco11STvM6+ov7HIh2GvdMgdxC5DpxDGcIBrsjobPULlAP4Ccup44Me8QsNXJQvBee58ejrwv8clKGM2U3wZ0QNvsuSZ5hO1Vplxkum7nfUoVqzPLG5jB5kg3hbLYw7LNvY3wKtFentg/Ae3IYEH1998dW792+kNH1Dq0ookgPTDgVhK1aOiMyK+alG0kmG0LO9u7v/6t1HudFMwgXfObzFWpsfGuVJZU8eIuixB9cNOWWp1oMaXxro2I0ifd5/lWANbQyEgO9G1ab40u7jy6/vDBk2HmQ02fleN6UjM44r2fgYT2fCZjG2NbVlhYANtgWTB4U/vfj6rue1vbzv+fZcUOe7QHrpOS6Fvs4rdeql3bm6ISQGOYS5WrcrETMmE+NSAsGVEhGhLrPlxLoFUlxs12hGj0CbKHXRPEuUU8x9B56hWxzLI482L531e6NuYrTLhpFxmxhmSTXhuSCNh583xl2BEXoKNPcgBOiJEX1j5IYxyTvXyqq7xpJ1m3i8enI3apcaKLMeLPljFo9JmNO3dpupFI+25hy/01wi3oSi2AjIR2MOXxfFw3a6uCBjymfoL4LPUMha2lXX0NeFlhXgiYr4NkZUcKyMURPQaT2PSCb1ATQ2hnh1/V4geKA4L3qtVZMHN1yWXNRZ/zJp7fKXntHD4o2oW8kjqmkNdp5u2W75R5PDxz3X746TNp8rJur4qKBFLDi7IN0nrVxhQrjROrXe3T+8a6LVO5DqMsBfi/yeauJi2Bf3d92Ga8pnaGGvdAZsANlFnlKhhVJXWmrO+YVtNKItsObHiyOZOX3ZB1zh23bkokOZYZcXCZt+1CpV1b5cPsKlh1XB1BzMx2cwum4bHMsCJIt5ysPDFVu5Ef4DOa90NwlIOZQpp028uWl8Q9IzcNHu0lBL8X+jlIJkMRM3cmaWvMNQGdoMxwz38fUH+UEG88TJLjgQcM3ToFFq8gRYVNi54hCj4tivP3SJ1W+y7QufYiAQLg2qI1/9QykZd95hodVZfwPcQdx8aHFw/Pgkx379jOwCDSfneK5uEkR/rMziYii02DvktZcLup2IgaXUCIEd2+iVbSLSVIoxCkssVa/1zco5dYHYjkXN0/W9rtFG3D/NjfcTiYPySMwoFNFKQfk9RkI3I2SrizidZc9ypeJBpjJJ2zyZA9JJ28/YyAvUo2rUi7Qi5Bufe9ksWZv2lg+1i/eN8c80mIQidU1q+YCu/NX60aQoBIjtw2aIFlj9MiifaBVz4rOyqVxtgH0xwA6AnqqVVbnTweXa03QyQNoyVFlMUhyWuXqaNkWlnWa9hJ8E213z0VYf7ZScvbbXY+Lqtqxf3Pdo+mT5IHv3m3/P41+PcEgmfE6hSZZ0X9qm3glY1fF0rbbDKZ76GAsIJPMVw6cB/xCOQZoI9hICrb4ZQLrIF8JmZLLYTIhZQR921/6QzK/7a+MoG2THNEDKBw+fzKa4AIzp4rG6AeSK3JZY/eX+4MjQdzU/bR5VxFKyg5A6q4tyFCCCiHvVjod74nasK8eelCMUQidQAl6SE3GwonZI6nmaDWVNsx7fx/Jqs2AwC7SsGFYKxrev5BzVyipMIzA++w37GKySkBJEVRVTNOMd4NUObZXhT4L9RJEZg33+FBnxSr8cldx1w8HEKLhKD6H0Op/OL7Wq12yC7W9otchFeeCVjoIfrD7JcoovAh7Bssu0GoNsl0ZHgpFBSNk/rMXkzmcsktmTfvYuLFYa/xY8GzMJ1TxUxGo82b6eaDEy8IGw67OL4hVrhObTpM5pMRnMCmbB5OzPZyjnMMijRuZbPTy80rXTye8nLHj5hB6FUpWqD4FDudn0iaUjAABjyHDHJNB9On0+/pmi2WNUFabGREiQo0va/jQQWvr1WqXb67ff+sbNy2tvAwmBFbP2cEU9QUNyeiTWj+iA5wjh7iVB3/3Wy89krxBuS1blIuJKGxZ2Wrr4J/7M63/0F3r+oc3KPfA76yE5BgCJqQ8wbLV6iEpN35/EUmNA6vYbV++88RWKlSLXAbrRUEzaVWmg8sHF0M9zumFWC9iMJfP22TNSbPv+7M2LP/OrJ6LacWlU1LgIJfxdIvjw4vbWMFl2vWpsdHX1wQMRG7fWkjV21nr1x66ubuVlV5wp1OYW2cE6fjg3H7/78eM/98vvPYwfSe8GbixLObgGN7Lh06sHA8Sbplb4sUbcMfY1s+qFjilKL0WD6UukQF4MNH85jmaJggwbYmYlNup17LqYBqjB6GK6vGLoNQrWwl+9/OzGEo48brTGb0bmbgEAe0zAv1TMpnPwUs9ES40CRwU36EqP5HR3NuUCs6moe1C3s1tVnZmrLyaEZDKy+/j45uff2MXm9WhGc3UbJLPDH7PIER/1rJFRloQP7xUAq5ox+i4RWTIkrI+X6fg26/GQf9cBdl1F0evemLxpwL0R6Pu7p7c/fwPJFHVXurHMgBEtBGoLM6nv6Mv5uTuGaSlcBfEvfe4K09s2VdQZNhRxSTxjZZdo2Gb1dHPb/iZ78VVZGEPP1MCkgT9ef/xjf/bp21/23B61SHCCVoUhk8+3ebE+k/zUxFk8Cq5s/OHz71z/xtdXj+/fvL0tFEltcEAcz30ydHA1yVDhez9iZZOB9x7mTX2BQ9ju684rL65v3T5hhiowo003l/gdsl7NtKhiRzGzw/RpUKgFNP953fNhf/d3v/7qa7J7mpOHz3QjpltKRNfNtR0LH69uX3znl76TyRCh0ua0SOPU00Zev3z31ZcvfvjjK+9la+ZJC2OLhpWigz7XDx/efv5N79kQaJiPwvxC2z7zT+7y2Zy9uUL/CL0IfvnZd77xcPdL3QoN2BTkA29sUkH6Yvbl3Y+/eGG1IImy4GGTC1E5qW7Ufa2qYCtM1K4xJEIFs9Uc1XG8akKAM7ifn35A8iWo6B2yl8rAQ8z0O64Rp2InsVklwjWOAWgshKRqqRXTpjaTjCWt5u5m+If3YlOhwXB+mGjRza9vPDf3xjr61VP2OYq1S7JGt0tFbeIw4jRz9oCdHufQ9UB+RbwxkLWda83bqPos04joBEvUfvtfUsrh6QZhXUU2UZonTdKaAxR/eJrrWatp9BAVM+v7u+axGgaukpQgcezJnqaqeHz/XXPd21svtSj+4bx606KKQ8ncfJ6In31+c3P1TqAWo0bBxtLuCOqOpu4Ypk4jHhgX95IsC+3fPDm5Ju0sVNClX8qnU1+167y8YkoRI+2m/IywE8zjBB/w8nlWsSz27isZe6ssy1Q2QLaxUxom5MuPbz7rDv/eLNNbwL2x5NWDRyT3UOgeInd1i5i+qauV8SONIGRKuUgmKwzMefApNxCsyANazuw3DR2caQm0Mm6TvA54hsAS5c2JCOLUk8Cggcaf9q5fbyozN7ZSA5+QsUmSXo55Wn5h0dh/qBM11kitsJd2daYC2mRaV5dLd5ZMHTgfRO7xH1Ki+lqp7wNU5lYRvWlXfQ23gvWLY7YllViAaTIYnUyQFXNin0Mjk5Z9FcyG2KDkNMhEhN7BkUep6ksLnWDOLoqP2XM9RgFGLUn3icdoLVpm6+qn8GhdZDpwVZFi9Q4mlLOLnSYOarNt9lv9wFJseib8aK1OqdNR/cQx2c+44GBO8WdsNScioBcsFx4LgQEq9+H+mSgI0VH6iR/THaD8dTS6CHupgKphj8TlKzfOtKPg+KLk8dqsEYB/U89I0bz1Xnn+G6n1be3ciHijo5KoEdsaejocmskW5yMWG3TiLzSljoqcvguAZ3bBEw+ZKkMpYtiUOAEH6idyx8AdD6xKkEFctHBaoX+a3eIOIPa+x371TQDiOFlOSVhIHH6nKJSR36mjgR8khwPmmNGfhEe6ot6Y/O3b689ffvZ5c99S6HCRUNcYTkbLJgZDI5v4a2NtTXn1+o/+2i9f/8p3vmV3xs3Nja05wWJkZCaBsP7T3T//n7/9/FvWLxF/vLIYN2oMUXsE7Nzwh7fKnKdkEiJC7PZC9KLNZGe64g5m/Z41Ll3X9c3t/+vf/Or73zNk4fH2uDfcWy/oEHnvmfon/svfkkCv2pa//TCc182mAqIBkVnD/buWEvGStV+/vSGZruiMNNju5/6CQT6NzppsazuZpmXVa8V/+U98+J//vNUbi7veqvv4+o1JRDcXgbEy/O7u/Zt//Dvf/SvfePj64dKNbBsN02F9jJ0MQrcIyu27kHSSav6aJ4uaw1RjbCGGQcgD0V7eX/uDj//gaxuwVaVGM6z8o0E+vL//8PnLX/znf8ly+O6oNNdaXLL2JzdjwNGzfXVbwJqrK1sdll1YN2wlRN5rur1eyBDzH7z7+J/+KO74mURZs2rc2fq0iHn/6vFb/+yffPnt13u+J9+JptroUtKGvQzlFNklZFye24HCE6P90H0RPzM0LvF2BfZ99eIHT3/4//nDVw83HqSKbuvywPWO7hh+8fqLH3/5j/zX/sRnf+r68b1Buwg6owAsLovzChX4AAAgAElEQVRU9WIwkhVnPxyvXxorcph8Gz69+Ow/+D9878F1IcNfS3LBhoWEi07eZ+D+j1dvbvWUL28t/HtQaHmmiwIufaTs41//F77ryg/NC+6SE+S4JlJsmyoI2IxdCLS7rFJimAZcv/z52+/+8E+Z5DYg43LL7RseNYAWSvbe/E//td/4wftXn/MAnvcPn721KN5lkOs313f3H3/u7Vf/rb/+bZuNLevfdrtuXR9zt2BCoLIk99YpZD6eaAonwhpem1a/uXnz9379+3/4PTevB2LK8dkblxIetW56lxSuX/71P/EnLem21c/zZCnfbUuyrgO3iHz24Sfvf/w3/gMTEGaPO016S0IHguHxxf1f/Bf/xdvbn8s5JZS5WM7Lk2wEEJoT5PxkxRoWXkrVvnz6k3/2H/nlP/srajb3Tzs21kbaEEKf11e/9u/8e1//3g9vPSmy6Err3Df1i/wY+Osz+chRRs4eJ0xVD2nCd5innovWJCJ4+cAjpfoZOSrRXeUOL19xmBwjFZRT+vqqvNbJJwqYhKRHkqik0v5VqZO7+uHv/eA3/sP/rLcR54wmeTWpKIqpK3NYyxlvbz+L8PrI1Eu1fiVM9vntv/kf2+ThTi4ida/qEqFxs+h9cqHp48c3ANvfONYjRPw6Uj+Rwi9nTHzEEy/9/cmJIaWbIEu9YcrSfo0wP7u5+ju//uP/6D/56hve5Wsq0t1BJhu9gQFzEF++v/uLf/rNX/hL156awL+0N2xmEPs/3RVgjkDqP/0rN7SkrCzcM3BL1a49mh70LAE8EyPGR8bsmzLZmox9LjUDSthiX2QlL0cUt6BxFZzRWGRMFQA+aT5Sxxj5zFWIIbvp67f//pd3739ye3vd3voil3bXmjwMV87efuPVf+m/8mddpBbMr3qwaeszkuF2QOkVPfPUhcZTeFRg2GUSbHnQvXB3jz/43leiPY6IZvg+nV5CRVnXByqtzdnt2tRI6bv3d7/4p77zK3/pl+yzPU1hVAnf1BmINuNxwl1AzmjNwEtptM3NkUsmtvfny//DMsvl+MCKY003yDTrIKB6lsSNTPzOiTM0CiF/mehS0JJT1D5BxWHnfips6rXAU04afEAIl8treOBzDnxKqZqV+imKx+dQUaegCsXaQQ3ZYf6vdGJ1cJR3jskECWwfHCYWEZyD62dEUREYNbzKRiWKHR7YzrYiFsqqNpUr7WW4eJ3PeEYmOiuOGqBito+jS2I7vMbmCA1y3MqzfRbdoUyoUT5UneepCPe5ELrwPFqr238E03C9xmREF38otEVnotIg6Y590ubyQSoi/oaqNGp5MCaVX8ToUOUxxEipcNH54/+fqn/51W1L8zuvfVmXvc85EZERebWdF1yFi6JKVlGFQYVoICiE6JQQEg0k+kgIiQ49GvUPVAOJPj0kekg0aIAKIQpESZYLShg7bZzOtJ3pvGdkxIlz9l63vTaf72+860Qy917vO+cYz/15xhjPGHPM+d59+/rDNwZcnZlBsQVU7m0xd8N0cU7AojM2ETPKjGmsXB5+L6QpEht/jp2m2qDOh4tkPhHm88AMJOWGlPDj0fWK5quxV7TSC+gBUDS3YITg5bQL/5oAXOS5AFd+SlijlpK5VvhzuDD7dwCPnCzAGxvcBf5LrJh7C0oZXCOws6MtkvWbybCsanwajltijLKOTGU7ItpyIQ9pjaq7nJLshme3j0v3rluGYQs/1fjUihz19HQp0hBEIL1G70TGa91ro1gNZSk4tdxj0M2Tw//1MYnZyq815vbWf/poH/8bC7DkcSXg3vpdWfTaHLKFDWnoz56so1geOQHlvrm9QUxD8xICy+VlbXl13WP2ZJ46VP/0naXaS5USecrXo5K9N97g89EN23ZgW9mVyb2V/NIl+jrw1+9bqbp69/qdNdX4k8KS+aGS8gxRXDBQSyJlQHU3Mzc5JlUB4GTNJ9Pkqv2sprI3N809Hpj2JqPXDTYPSIUGXD8k9doiUgvX3s2a3dE2sC46nXUVsPL++Za5Fiadrz+vWB7XECK5O743MIhKgwRhr24fP7TsZpuLRdjSVI8+2x5vaDIBe3vz8ePnt9/j8WW2hp32tpfmrYGcRo3Z7FoM97BgQi0aE5U6Cxe5YCLCm5Vkdk0y3IL5dOPXELwdB0YS2nVmFfPafZHX726/1A/0U7Q9tCEq89qCLyPBPuqPC07UxaThXhpFXp6yTFdkyiZuxLPcOyQUkkSabLIp/3113SDnHgfy9G/2KAVJusjYKeQB9HIK1gkRWZxqCKaSfEq/Jk7Z+6hbUIhcY67FzKerp0+ectCtSeakR/z4CcFmKa9vP9zdf/H2+asvr//y0c6IRuxuKD1f3ffYwNXNnc1Lt35f7Ys3r+7aQPXzu7ZHAPHWpihc2a1uYE7HvUcscjfRTBy9tvX2WoP6ZGXdZjN9BB97ylyLs8vu3BbwMqk9Qrifq90T1mIG4b0W2BY998LQ58h6jzPi5oL2guhRGHLrNLUzcAW9zwT6rsG5st2j1rGY4QPuRq9JS2O68CJ9DUqBuBDhVoC1QalYPqm7qR9i93hwwlhRvg7UkfI7jXvFG/3XP8Rm/ytNrpdjYzk6xdLEOmSO6AOKdBJzy47Dq35tTKNF6KNl4tc0XE6p4odICkcCRqGVjeR9VuZ1P4pM7U1Mrxvy1kKzxkIJqkdmW6no3kvxlnqxSF4gTZOY5LOA6vERyf7T0y1BJ1oj7BkqMl9E06DoCrlaCkDyFSMyrl5x3ZQWYJipI99kKD/u11WR0FJMGiMHxy1c+hUo22YeeN24RudGoaUf7xRwk8A9RkM9JQwiG3cwlP3neBLJ8p9vv/iibel+gKJeT+/eZK+hCF8WnDDpNXsnRJ6snS8IiqQ8O42ydpodhWEOC1yGQ2D18AqogQIOIwDfhXf46R7zZJSKCE7oMITk6/u7h6sr3bW2cG0f4dPdXRBGkCNDi1y6C8ZgFD2OxomeRZUGl+xM7OTJ4DyITUaWmuNOjyRWmr+mXmFd48kQyeZ7OznTkHk/+bFxr4uIRDeskZ6WaClLAZcFS9RqWgVkhKKjfzAQ1+amdzZVvQ7w0EmaORr0OaCSs/ipL4ax7CD1ZkX4CYpLkgDqrwiDjSUhVSVgcqg5p1m8uGT87A5gDgnDMUAoqLJsKiQV3k6iHtTLaYTTdCTolZzjMUlGLKqZ5OACLApHZh+rriC2B+qcjTVwtDUPR11uiFMoBeMacZ+LM5RdOM2Bq3lhustAk/tUHsApX0ko8+FkRTApL8Bx2RFpJ9/ROOJG8YAc7l2kb4YkZb0opPWg0A+kkkwlipRcxE2ASTH5MZknDryqqBZjnUzsSZOt4l/the1FlwurKI5VJwPTfN1rXlq6Jt9vVogGCyHCMugG/Qza4lvBx86HfrWdHn2TrEiLbxX7ctL/iwt8EXAyqi8a/Q99AbPlqqhMNxQy2OUi2x8rqsa3igsDX7s4WIf6pWrlpVozb7wcE3hnyDdcTNxFf0447sla0wVtEOu9R+07oZK55rf8nlo6EmuIFwZobpdIVGKZnY6OR5/GYhV6W5ZuYzRebcbt9rFyrzK0WNAb2XvuUc9sVLHaoT/rDZ6pz/eHVzQac2R3PRVa4VZByuXiik0uu7SYdK2DaEXEXgibPSCT1ICYFaiBvCHDwlfL/2K14UAwZIO230sNrUZfxg4d2tjBYYkKw6+IjFabWBORnJj6ulDJkmBq0ZTCjKU0vns1s00++jACbt0Rd0Gnc1NgYHp6kM+16JPV5k9YdYB19kpPpIhPunNp18UZLnoLrFl7DSXkC+XMY7S0w8iTDc+mYUYIi9AJZxkv/CxgxLi1LM1otsln+P72UEf7qRBgopNYJ1lFvqbYcdNKM4BCDP3RIh5tSudN8ITuhgwIy0h+CqBXTMpQ3cLe/eLPnr8QLec5Cm2m1TgK07SbCDXIiJOhVi2KuyRXZ6ns+1QprP1mMM6krjst1gXb91WysPXDywspl0OIkeLBn71iW4yvFXPbfu6giALQzYoKmynGb1LlVHLCbJeXLSVyDHcQjlmK9SzBH0VhDgpVgJxObDkaFMyKmex5aX+dsUOxJeWtAZBu+RxzaIdMUknkVbVs6UZGObvn4L1U6ibLd2vFxjqQTa7s1rA+9+kLi78tOTbLs42CO6RK0MwW+OWdJVWWkBRpJgQ9ticBP7YVm6hqsN7UT4dipT/FKKlZba82DZ6e3r27vnnX8w9P99KzV6/eyUY8wP14IzUDlUP1UrQTUOa6upPHWUrT6vCqL11ArZqlgJglWnbu4Wa8GzaYlwhkzLiestCVrC3mxJr/6kUHPYuU2crnLFze1aZBtarjUEC1+o96jUiV/2cGXMO7MAs5zn0vKvuEnpHCL3q4pm4hcwDNfuB3GpXvSi8nyTxdFsfRCuSULY4PSqUjjk+RVCnnpEFE5cALAkKQrckeco8NYyorKWEukE4nmbUZvV/DqB5ARKTcW34t1dlizU7qbzl9HHv0pZFF5Lh3+tn7ZzRrAYhrhuGa7B7D1J9Ja2nA0zErF9oBL9rnbqpO+HbsZMZ1W9VHg2DH9iWyMSVSP44nrC10iUaxalYpwlsTqg34E6ctMLXsoRfbDLfPDK01md27F+WmAYIxRJUGNYL2uWGbfmCrPOZx6mKexqLIW5tTll1d1AeJyBkRemWJnfzhpkjEst35WpAUMQ4fjWhzAUAWNBdpdHtde4zBm2s/5YhvMvesjhk6AsWoDpxF9A2FBJTMVcOkt8ZWCbXoRzKOP/ZVmqj1v9RjmL7n14TJ2lyZrOj4H1xBU0mbvwyIplmE6zEcfEQhChCCID9Ziif2cmSiHJfm82PEd05fZwAjER8uqG1WyhxQgSVArCcIHhGkY1piI5xcZcUQox/HHRDoraHkT6R4Hp1LpbrYJWcREdII+yy8xhGVukdfp2pUB9fTRIUMYtGM0yVQ3fpq0KyWODSv153VA4pUGDE/Z5OHHv4Bmxpxcwp2PotrfIZMzpZrXFb/Em4X+RSNRVUDGM7QX/T5TrFAEvzCchc4EHkVY5/BKjjIUzyTXS4TroZ1uH2H5fo4YYaNohLSZmtXQRNycbAYU97BIpFT0/h+zNPXpXlN3aQ9xDJNXXSYPrpIVwDZB/Cx30WZivtPdIHAL+G18t99qk/bqmY4C6QpdzTaqK1aYbAvjI4qURpFH07ydUIOXyh2oSIox9B3MYBi+3iP7kebo9IQp1w6h9mBcY2SbvBiFp9a8K6OQac9c/78uIhXTk3ii11iNjmnfLRRSvQ+EvgidZTHqS/HxAQQpVNXE+0skWA38BJ0sKC05MzmzGifugQgcEMrwLVTvUnt/fDtzSQpL8V51Kft3uVEKc2awku2XBT4CFg4aImxAxMPTCb6HNWgoScpgUvs4+qJWUG9Q2+HaNjkXHeDhVvDod+TeW0na4uJBtD6y+Yg3QfWL80uxG00L8dBdv20IFJSwCJdS19XsTQXeQxEePxmCllhHEVUTbesYkRaInPmzc3eqeO3vd5/8a71LJoynjHM/mPJjncWNeCmAbVjJFNPnTk2H1BpGqdUJpbVdZO+y2x/fDiLUJmDthvl+trMgs6q3+x5sp5SIGU7N58/P3y++3B3ff+O/xDkrXTHpkyx58yIKF1HHmOXPNNJIh6DnQBN1BM00TRQsYotrTYbSL3lwcWIyQcL2G7e3laZJUPLujn3ys/9PlgKbjE9iyZ6dkWyMACdStlytuk1MhPmZMlBTRRoJ5BayTeZ9CPMhkqvh7qzMt3zHhKIN48fPYf9fP2+hMC4Jqd5uLu7/vjWSmPvkKpTMO1YbwuBvj3tGjuG8kqmepRFRhHDKvqRBkw/05ZHzNeo34J56vcFs0mh48weEYZWG6BRDS7rLGkpsHFOieVsGcY5jk0Xd4sJufpJ/Zr91lWTVzdGvD2CrIG8vbmpVbzuHeEUt9tHgttLDwVSi3msSt576nDE452ZC4s1bTWZb7dcPo2Z/RX1Q8x/Bl6cJhk62HelNqPkSg/wDqprc1z30ehHvoc7dBj7lb0ZxZUbWAtDbBKodYUMIHpFgZLijwAlLuEL6stiQdGUSSmYHZz4T+iMQ5DNXli+FUL0ErF/xI/mGiKBRt7HRC+UwAEKHN8ohjN9GeXQ8FUPiGadwik9REMZHoChj1n8Vl4dehM0tJcjWuNYnRAIuNO+nY3xuTgCKFQfnG8sYr5JwHFAobequmK0u4G0Q8XWF2gFsRij4UbBomO5ErKBzvJDj1HSoVTPiHJOBCLh00XSvz4ss9ZForZqYTIWyYdaLVYjgp7MmuzyndrBubFD7nyrlYlTYiV/PgmZmMna8KGV1XysMeVhMqj2DglQvcfWLrJeEVzjioynTaTQunTDEHm7F2BG/6kb/diZZtRY9D2jE6cERxBf8X3eBJJaRq68UCRwRBJRIYqn0dMr3GPyaF9snZM7jdsAnGe8bFlx5ZfzcGv7C2aFZ19fj+CPgC1Kfv7FItSzmYCW03SdJErIm90yf8aJNRO1PJQ8BLS9S9tqPaUHeNhBEQWwJvy8mkiJcqKOtJljTZmPfi5nhatg0HhCqVbpGYqbO7ng5ZxcR+y/khMqU3xCKsyvKGSZo/AkHfpsR4BjbrFUpJjhFSfJCW8njQPFG+FXvoY/ZsIjOSI+GelDnBpq0RT2cHwXp0oGLWEQFrkhCfyn+rnzUlFhcfQFnlp4XPgvOKJS5ABMhoSsPm6VdBQjM6fzw6GvqJLOyYmAhUOIPFj8Zc8oo+ICcIsuuWqoh8KucnZc+khiJymdMjuvrjKC1vCipvYFo3HzaNDqbMUdEFJq9qz6UjrlughuxA5CGke6Gs3nnOyKw0dllAecU46atANzeKoC6FrVKSfMYrvyI8lhAKiE/MWgh8tQIh+FqQ6nV24sqEKZpX2V/ccjZmTVTG+lHTO38rqIXgHTG7Ft0zguzJqHHw4JWhTjH6+CnTo4n48qqwC/Di6R0jbow7WL/gAllxrXToLZ6eJi9T4CXIwU/jE6egwQXpcXxGH//EPHDz79AR2TXGQczHQ47M9nZi9qAjoiruvLSmMwSS71uT6R0ykhRp4pS67XuzffPwZoWFj33ftWRhguxPwQ3UK6oaWOuye6LM7onDjGirvdAjas6BHpnoOxISVysAM6bF8kUHW60QmcrRsvxHT9SK1qvyZVb1Le+egBgQaMN+0Q1cNyt+wwd5Q64wIP/lK4nmhMJn2wPNjCJUuRIc0vTp7p8tTxeRGcYydr6XlNeolOnWc0NpWw99r6ZqtqwujqrR92yawl041zcyzkCZXUKJAqwjOGi7mfMVNJoTnMzJICYGVdGbp2EOU6UoeZRTSlgwmNBMlQ8KE40w5IFmVdkPF7SQyBa4r1HEkAkgOiGeX9K0TmzpUiweRzRoLljxZo5dX5pMpubtQpv5J+NutKYqN1e3C7T9IA7U78jCmS4kGhSDpLxXgrGfVO0qhr/2oQQcAowtAZXEBbojNilTO6aeXHju9sen9652fFqNl+Ao8+k6tfJWsfiqOozD5UdTDPIdZS9Qqn2xRhixRhZPMLjEtCHrq308rZgml3qtwgImyzBGHPsIziX4uONGpWMBasvJ3zuGw5BJlMGkb9zlaVmECowiOxZiRcXdlB5dVB2+is7ytVYsbZurXQvIT0p8+PpogWyvVz8IrJz7e3tprlYZugs2YhBk9eRR0yOOQOVrPAsGvj6jGQnjArUaf2UoQIjmypCb99bfn/mgBrsDltsYiqvM0moxYR29xszZheHhF+cE/C9eLKTcLW8pHrRWFSTZxirw0Wfh0NNbOMj7wuz5PwlUJt/LRMWijNHUEICAhoRsVfSOlSPLNNai5C88FV/E5jlDwu8MMoFGpVBVG+j0aRWePpyuXCk02LDxQCHIqvc973Cd0RKKqLl5GKbjKcq8FfgjiUQQXJQM5TPha+CqZDhiHL5jm3PzBzDmPloxCKBrLqcwvWmdo3M9Q9BBehzJMOgSeS0HNVXLsqkADuu3jMOiAn+7GrJYOIgBsJdWKLgXWn45u9JzucfHjiHkjEhdrFwIlARH8XSfTlZD0TeSfCGzxBNBtNIzx3ydwEMJW9vdVrERnmMuYeFLBqngbEIA+q60pm5CP/8tczx5gbJs9MR8ScRlQ8+qCNuebMg4uiNI1Ukjph5YvXnVO2MM4C5D2QYissQhTFiVWoQEPAR8v8DJH6C/puP2YsF/285faptvtzsdscDzH62LK1ZSUiIlrH3YrK5vBdZElrLyw437RSUH+bdpOdBY+XenCHTYhF5/V9LtNfG2lY0E0nbLcCav41HhSn+z5fCKZrcRElNgimsCJJ3ZGoy2Z95OaeFMjabFWxipgZ1wxZEoEWUVJzGLlvMNFeiEKHQN4CKqJJfsgzc+RWHQfM+gBS4f6dyuRZKKymyE5y5Gelai9Bvbwq/k5iNpnVOpt4mbPqI0hKVTlbXsqOaAc40UMFM80XbAjlmcChp7fKYuZFDKDjMhBQWaG0IRmObqMegR3HXpG7FByeqx9MhBF7EXSqxCPxxispXV7+KdMNFRaxrG7ijgTR68ZjVHGZ2bFMLV9BerxQCysojEMJYlZFaMjZWLWIm77DzAo0zS5Ch1PQHHjihXhEiVjnIkpTqpAkY8D7entB1Id2prTFA91oGFkhbnUU57xQPGyiF9H+8C22UJ6WKTHkC0DyHsA+q1Wdwcb5uyoFExud2XasSzBivbp4XWCyX4tb64fSBcShfbgHeY5Gv8vZixAuJ5KvTHeMc3FednWMzdDinMgvktcyUi/M5Jx8fSbB5TMEF7Vjejayt24aiRp1rWiNNWRZmN0HOajf1bI6oYV7XabOhQ90J7LZxvLGHGPG7J9YHEYO9HFAI94XUZTUn25KVp+ZqMy0VapCRHfFmQ6r+1c31/pvVeUKMtMWpp+v3l17YY9CcvsjXvU64vKVUjhiPN3bSmFaMhNg3v5ijJrGTJBibdGorWa4RJqrykIacFtNTzQnj58fPthpkdBEf7L92qZwCGhQ3grWPQmwnZpWq+qz6/ewYMh5o1EhpTIHWZDPazStDzyO85WKRX+rQXX4ZwJTq9gmTnOCXrvp32Or++wjP3x+82DdtgHHCJTKyZUN5lnlSZXK/UPKVyATB+M8XqiXvgeYt84yLTwe9R6YN35kbQ/+0mUvr3Mr/8Gr+izxeg/+09P1w5eek7DBGNPT+ua+oiohFDqmehaaeHklofDOEpmluOuQ04P2uoo6Jl57er775h5BY6NpQC/NeP3W4jchYRDj6eOTrSjtAsqq+vfCYN1YJj4DeSrLi2ybcSfpsbBh5VJ6quf9slQWLQDgGIBfyc77vd4ui390isnatLBhHxvSxoObuID0S+PUZ2hYoNBROf2lDo1OS6qMjg1UZCi9tr8BIRvIHrY5W8ybyt5c22vnMYCzo0DLoKxfxrCZAnkUr73Jqu01bsjwTVOR2CK6xq2XRJy2DkCkUM9abKCZBKmSdOVnxUVPHahzu6lfbNs857NphvG8oPIyE49gFBaA5QIpYjl2dGwpRqhkX0z27DJHuitkAEh14fjJS7N4c2ZBoxVTQU2ElC7ibEuoAWjWGW3RU6SoOTFa2yxUTuEChCl9r1EVOYU3csYDLk3tg14kEQuqov5c+WKgGQkSMvE7NSEVuvuegUKosI/B7PJyrYw6wi2gPta2uhh05TUqgqFVnlpkiU0lzNUUoBisVn1nkdgJO6Jsdq17XcuNgqNurnkxDMBg4ThBmnYkpDpycwvgyKHSJ9jMl6kKQhciF8qkOjCc1eyi2Uipm447PiQWLg26EzFOEUEQgBrPYPhqWJ4ICCZp+gclkOpYT/Qr1SwF8KSxYGQanxkMJJ8/f3R/yc289sn0Y45iTHjr8U8vqb2STvZLg5rrPBIZrOunxV/HDNFIjPuMmdlUtbKYvmScuaiVDTp8glkdVjkMHeSyamR8ZK20zxg9xx+/WaV1340FeJx41hw9SPN4pxN59f726tuPeyWutbSH3i2gz/Ho85xH6gSOchS0Swb1fm366h7wsRzYLVytm8iaUiLXWQCb3DAolkXSYFM1Is55F8hNKxU1BctqaVLIpdUA0VWul5xZ4jOlcYxFndfsPZ7t4LK+14NQC2ovFMqEbA04CEZuaaS5CisilrTygcwc2ejxof4pHPAmD3xXZSQTYR3vCiKYCEOsKjYJCL7y/cdyjYu6i7igahCA8qPaPuqrOqkxhOqEfzvNAXAiOS0U+l/3WXejGN8ECGLRHf3kGP5qkF5MRWFwhxOLkwnHNL10AGwRQbj7iJAmvrud8R05n5gBgDhdf66vIjVzdjyDTAfFpzs59UmTtPHdWQUB+b6c6a6qr8yRAn0cxpUojkQy1Ol2kikz2TB8XQgEHZ/cr7Q5w3AjGXeu+Kt4FyaDGguVIIiVI6MwrJjXEF9K00DQ+PfJ3f9G73wp0ek4vUOd1Qay6OSeBBlAthzZQ12kj7DGVowGFvCgNcQEnycUZ66JWttZ74bkIdsnSJj+1SngAJpZIFTedSALgOqGmRyjEPrLyQpXUFF3AE7NTLLzKMXr0MxYEU/m1VQLbnh9p8+kT7gKBlf/VmcOrd6mQHLuev8S0PDcw7Jdl8oEk5sdc6MrPTCTGLl1Hu/eX217RsNCyY1q1OuSMmxZuEcyrZTDQW9ckQaCvgPDRv36rikB3yuD4hRALVbIZdG2B9PDaJg4yV5Pk+QlXBGUs5z3/vn1+JttRm+/AX3wbgFJB9mq5HknCm+hUlgaXiD7DnaRS8qtvu2Oa6P1cqf0WrqU+by6wZsWiX1MV365p4EB2Rzdk5xVpR3fp5nOMNO4xDlxQ6ySmjtnrILGv2yTtwJGgWUyv+HTpY40CK9Bvbn+jI8Npm6U22hUWpkqVNcW9PAIeGGLwmPXxiqJJUk2HVgTPTWYJQK2u2bSLpDH63oAACAASURBVJ1P2GpXzxWe+UyYAuvNq5ve4MEJNop/8lJ8b7NmXsO3fv725rZQ8IxCn8XFTIBDwVmzy3lxy4F9Xcyf3btKcf8zya72uekcpby9zmOCHm5GBH2zHYzfvLU35qZ7PV5fYkDq/ZA1SOLiaIApfWBL9RjSfuakiV8vxgjFclB8MK7LBubW0mfPuLZglkFD8KdQFNxvgmSQMzNp/31Kphx50oyGZNcPYZUCea32ozgvVTmV2s6NLJ+Y74MunbN1xyvs3VIqdqry9kAbq7yvoxFYO2reItPCK0NO6ibDa106P1OVDVoisIwhfazPL54zOXmS5LTlsEs8Tdzan0DAXrVqqC/NEzCaAwAmSL8nBOUKtnhd2cHdRB9MfqKdrAYg2aRxTNSr5Vs8kLoVjLVZjOfKOo0e/LFBrulp5lrPrZ+gkipmZMs8kaPCIWz9Q4NbGpClcriz40KJDSusPEccwhxeM8ynkUrZ0LM/thvRhpLD6lA4vlhhhRVE7PAr8o8zpka141bATDoMD+VJcGGTd9Lg6M1BBVVsErK24HYen4I5yhzRE4w24x15Zm5T1+Zy0rdk1LuyoAd+mk6mnGqMdGPFXBIdiok/tZVkksgGm9hAGCZYBPm1gjUU33GoYxrbxevkCLiT1YIoiXFdnJAC5Ro5PsVX8o97OEhUylFQVG72qke2auNdCTfXfkkGvAdkbQSslcka2UdT6n6nXwDs14udRrKor0vZNDwWkY2b87wU/fkqIatXU2UVTEN2ytYldH0KV1BMzhEZSF+dEGuz9K27jog1zCIHAEVnzeaxSLoktf6C79D1wFtdymI4GbwS4e3re1Od9iZ4L24/+ksv5qWLl/1YQNtN7JY5vLZAr5EVW9AkyjniRn5i0DVRi5tCsFR+YJml+VpePU0JhTmiFAktfQjrESFL9iIpZRlHSy8AMtXoFkmOiC5mKq32mMc3Lt5t9vhgnceCWw3+8f7q6vtcUjy/vupBNIts+crPlgONFypIWj0JH8WOTlZFjJI5UnY2gAkxQVaQJIWjY9GV17sJ/iIWvED4PiutG4mOUke4NIIern7prFnQ3/9FJDAVwaVpsp4LnjhX6Z9c8Rtss6GI1amMOtF1KEMeHbUF7O7ihoJSXuDcKRnn8Qg7tKQVNQf3iJE0x+rOvruoBAZ6EUJ69M6VmqIuySJU3A5vqdiiHjCEOoljllG4hNAFPHz0Z5HkIhXTJT+CahBl/dRwlRAzSG0jUaq9iF2dyyNDlkJYUcyjxCQR2JEhx3bkKh8txRGAWYDC0U3lP7AjBnqy4SPMEDbKBc+6/i7Ma5TMlStVHXYHH3CyJlY1NOsE874CHImhzhBBltA24tR2x+SACrlcO7HgHSKJu9GpYnVjNe2nwpRXDCaFgeAMaqwFjqKJMkHG24cDQIDDGGFI+qvvjJk+LxocumN9MMYlc9WackpNMs7pdug61YfUjzSrTycMdWi6RMJBqR+t/2mFT7phR/aN1d/9uImM2TKkxmHBRtJvJ4TpGdhGtUjVVxb5WeboQAPdRot2eSg5cE9FJk0wfm3YKwUrhd3MpDsT1obaZELMJWFEsiX6USZqef/5dZu8C4hWHbCu43UzdbKrdkN27TeD+9P31A1w5yyQROE6JLCNRmmrhCTFPTXqihur2uiSaRrOm58Q3OKo3HPPR+ri93+Nfwxg5eFcRwy1nTnHeCbWJDLvFE/5SvtoTDjG0RQKvNQlb62wPEa+jYLMipcMrMaCm/d+cFPWWxa2lCFHn4DsLnKxuzE/C2Paw6+MOhOkocJkLLJcZH//uO4zw7aMR8F+7pawGLPblVVn/pFj61zz75PsRoD0oADrNuKk6FG4si4XAU4uKq+Q3cPoIJcLBkj3UDFK7VbrBZWwkRc8GTuv5K62iniNa2ko4eZc5i2K4E+GTUVQXC89rSrH61gbFCO3Yk+pbZkyxeXurO9GCPMYPk0ahHc/4bluxquNGuqYplzWTKL30EKPC4thUtKCIDbTlU7HlqWas63rJQ3qRXIK2g8gUKXHdsNY21drvXBiFWZxZJVFO2OINFeYthsnEzfA58T9X/Ne/OfsgiFnUpn3i5Rkyvkxzg5yek606ae6lH3jKYv5NI/473kfBuF/Mmz6ZSZgi46BWHfBgD2FUuKS0KTwkib3K64eXz10+ySdKZZ2XLpZCu4ZUim3sIdsIrMEWTbZNrZWeBZ+KZeUadlXU0pqTOmAE2v6VIk5BesKcpv0q+hBc0SyecY/feb8VS2v5Z9gKHOY9V1FtYPJCnPAzBaZGXRojBvUTBlYeDNbbXiXozNCSuhY15IOKVY6MOiEK6bqhLCbfE5sampRpXZO0Lf65kiwPXtfxIPXf0iJFZ8I53ByRacSxaoG09caF+tUwGYlvetUBrVSxcIBa33feh5yqS2b5M3pgSIv6RnqJdNIrepoTPcMvis/SoAWdynAfXmhu4UThKscYqnRgLzdDihTM7JmJg3GvFK5Jk9Y5ScUojvLpWXDVkr6l55Hd7VEJfQxCbPvB7aDH8Cs+oICTDOgWe8t84L9yGCBXyRmPFizcRZNElf+d86H3aTNGJubFsis0usZdFbuB/pZQL9b40alST5rtkqeC2aQ2shm7FlZKQlmrIy5qYJRr56HtpN7FhAe+aRASUikEsR/9l0H2BmgM/HSYVKHIVoPc3MzsYmRZXzXVGbELMgEaQY+M62VxaJI0a0p94xUqH6G+bMFp6e7n633YKK2BzKdWPCqAPJglTFoNLug1b9CItL7KYPMnSRF/BIPsPXGJIh/mimZaxMBORQaaY4HUx1xQE50NLNAqhnZM8qJRjYCpGkXRNlpMZjl1kJWu1PVNQQ+zN9pn83iGf0VjGgV81Q8VCG0bqZidTUbpz5Ugks/g2yW6F8Cr2YsZtBDI+jhdDlPd/JSduFU1dEYOELZBpbaJJmkI96VYlxjZ5hPuREl4dhcIC6sGGVgEfGP0AGfuBilOtT4ZMHDdwQuvqmsoAibvofIi7IbEpE7vUTUEjHRSzycYTZiPlDPz7Nb8iK37vCQlpWBEdMABQF3ZtbevDKu6kZunxFrdk+RWKQ95MVgrqgs8nNxpOaUQbwAC4YAEmpKB8Gai9mCLkdQInFejGrI0oCysGp2CGE0fIxUn6ukeuwnyBQuhFCF3dp1MB0H6eW00lOePZxHNULEqNzlBUDhz7G/4zycQoLp63JDKpqiM2FHEGLjsBLHpMy64+az7cI1Yv4+fUULsrpsK4OlBpCsN/upWlmn9EhmwPERnIAWJCFlVpWJmusPd59gkKZFTs04e5ndNOXJ0OTaTh51z9jL7B/knc/XkqEeKKwXRqD9237bVKfpQQGPhty2f3ShbFg5YsTreOc7A2fCArdirGffDJCphF3jtLy2pK8IIMneotCkcHeoCeDYWvPJdljH03bUQBKVaqOlL2Ajl/nufLLBaVsnko5TFnHFV6KDmyNI36KKoaYtJu5pcIY8rH42WuWDel1d85NFNbuymwNEfH0sgIwr3msTRzUCEUqLEwErmpNq4jWLMgI4fVsJbicfnWTAvTnc2yLrhj1I67feZjejab6Nh3mInBz2ade4HA1y7CycOiOcXbKEf431iZP1a0OK15ManKRxyNq+UjNsfKQQpSjz8PTZBMSuleeHQqIhhz5+RJoiCmBl7hkwc2XLInFFY5J+bagHi6unisWO0bp2bU7RgGNUM/HgTjI2rYpqwrCXkGgGRSzCdB/+qrwoxUQDu/fPVVo36pBpZ8nhb0ExkeaUmpzJbWQLts/mAGbUTV8z7zKLzeTIwKOIJbQgJMnNJgetO3Gs7jIAEIsz5qqDIk8Nr9zCZDERydVwLduCx5WlA+XoViYJwXftsDOLf/h0+95kILe29z+pdHLdfF3i0jM/PYXDJeTx1OO9DVou9hTK3vmYEd06uLrxw9kMpgHZt2eiWLTGMQMSbByJOJspzAGLSTHI2MKeNGlSoFxqOHldhZRtYzCTZPBZuQ7hnqPL65q8rUUtxAoyNskHi7MiUGBkk+j2r2PcslxnawjDWH1lk0fV6U8TisUJXatB6hAZciXZm43TfiEvI+Rot1a2Ai240hszg2QC6MPaOSX9fnqwqkA+1QWltyEUdR2TMRylp8BnhOI9mV3FbFdYh6DkCFdp4H2Bxkt5jX5RejEEcEUldcC61Tl7sLEnvkRIrGHnbq3FI64CADlx0xGnZmuFlid9ubSteTXRqSgMnGhzewWtSsGYm5goSX0DUOgS6GHdPGiGRFu/sI6zaWLWAIYebvNELjtlsxY5W5EKJFs33e1O4mn4SYphZgsCQnT2DwmwlviFaIFlHoPdZIitHo8ZjAL5keZclGBCXnN7dd89sVag/LRZBcVl6QjrJdxwUMWjyUM9U6W5ee5sLwBOWabhzx3DE9miANuZHdEkpVzNe3faa+OJZhmhF6ZpX8xuSo8RQNRmFRbI5S2+TR9sEr0jMxwLaDJROq1Ecd3CK/0SrS1WYOyHgD57G/GnJ49j2pCZ4nq+50fWIoZG6ScFYt44XsKNEiFTpzaf2NSocMtJ2Jr2LTFY4YmSZJlYzM/5BD2kgEy61JnkqDOV+pGcEkkeMoswawbAfyGNdz26m7j66mPNdVY1wihDJFbtbNeRSPqKx6CG4rSGd8DQ3v/s6GStOVS1jAbxnOhggxM1SUbIQJB0sa95o/Lkj2R/s47qSivqrO/CwVHDWu3o9hFXFZM3cTMq2HoG5VXNlaPn6kIPvxRWnwlRDHA4CXgqq4khBgVMWk2MFNQNzD5Bvsh+4COGTWOSuiRQnvdqa12jFaUQ/UMXOCgOWmDnI+FKBWps3B4leA2BKGTNzHlWlOorLnRQXBZEvKNnNPWu+S+oPn034Nf5pVjXHVoGlVwWZ7XOJMTcZ9jJpw7jGeqM76FO5VO3dnq8A8j/TBRtxwLgRajROjSRL1MZ+T5frPHyfVGjiqSb/QaPhrJF37EGTv7HJ6Gd9ifwoLAQQMIkVg2/7mdjs9KAT1jX+qMFMbX7kuEw1mu/SWqjudxI/6JZ6orR06EZ6o0F7798++6L117c4AUk6bBxpTRLM0SnERllAtOAfJOFEzKAY6L60nPV5eaHlfdQIzbe0P5WYi9hdGn0UJeXkrPQcCPi9fO7L969fv2hbQjel93P3Wf4AkW/Bb5m60gyzPVVGaQyrJRQnjuTNBi9fDEyS+ll7ZD+4u03XoDTQ6FjLJVpJPICn8byJUZ+65FmxsE2IuUi0sVsXMdsLXaBtbK5piYh3oFmjJmBMyhVmJFb0qLrvXl+/b5l6SurS5mkZtTu2RKplHm+fvXuveHCA7tYp8/aQ0RfyB6Lkb6AnunY58UEmCXCDDscNsjIKVLru719e2eTVXtMPJDdylYTQBOC3cw1zluVv7k1JOa5bKni5A5rk5GZOWeT2h0A/8FN4+QcDp1XaDG3yYFKn91aWDaAhuYp8ctPnjdg5ypeeXmlrVC10AhCFGDFjyDfAD4hOeR4NkkydxI0q/Mjne7Ee5OYX5Er0KvIqOVhdrP0Tkx3P4zeX33Pb8l9NMsk+XoD0PWHR8i2tCBcf+ekmVIS5NqUi12UNxfOGsPsFfvtdzZfffceQz9zUFpOKnr2Klu0FhRfvrMJKHXsN8jAuIIx6ke3Ub7VL2xVNdDGCbwt18veRRtnfPLTwhpKLroJELIAqHXbsuw+wB5lbObDJIVWj/3UflvR1B4+ffmDdyV+1gLaWSc3oqDW3qMnP/zinRnC157TsFfL1o5JVFojxGr4+o0HT9DbIi1vqsg/3GUitkDQR7JQCnF/nh/KtjWBzHkCJ68qZAG+1WXRD+n6ippJgXT11jM4Xr4iI0O++VIpZ11cIdMw/8om5pzBQaP7c7/QMINlxbH0vdMIxOEIEdRQZ97hDKVaIMiSbgDsGewkKfzB2rHmfiW7vmJeMtrl4n12y0aavksmP9289UtcdHoUD3VFHpkV2rrudIC3xpq/NPn6HOziwE+4HxkVju/sE8Q0WC0zUW7xUu0BZOTCffjCLItXk1HNGAW5spbfdKXd39MSBVvNiGyUobZSb6596703Tzd+jfjhjkvetpO/NBme2SM339y2gfBbCfH1jaB1v9TMXW5969dw2136xizxRO7DQwL0o1j79QmdHzYGKbvPtZTuEiTcnFK7c0J15s4OxG/4qNpHPtBEbKjTf3tz8e3tTcKXT7NK/R6FWH52scNTSQpliwhoa1Sh9UaQAh1fpjgTEMHSszhaHFrshMcHL6gQlP0SczHYkoyDkMlvklNHoAYODRkFI5HfQxTZuVdcxDu+/mW62Kko6MRNNzoVmFFQqhP9xmzYA/dktElnP8vCcOxQ/NO0lSpc0sMp6jjW0SOof6uXq6uJb4Ooy2zQh/qE2Z/tQ5L3q5tv7z7d+eXDV6/u/O7jo7UmK33ZQ27/4Zufvfr4+Ivvv/Rz4EaHYrKmGv7c9+rq9p1djVYG2yeQQQrExE6kDFvcnf5oPLN3QVqjzIA+jnQrZLF1IK0/1EDyQ7ML9kiFy6ENRTUvmZPo/0o77Rn21vLlWnlntvU5pKSaSLssGI5/84ArbjouSq4DsqY9LZfTNgGc0Rob831iskVDaPnE9EmXtOhjX/tWefoOukUQ7hx/AI9HZpFRWbc69JlxHxDTKN9BmlDj8XI2qqu6sDjsm6XTDWY9SxaamJGpmLNyEhmt9CXRRo1EVoGLOriuck9upPdRKy0TpKsDlDhHwCgqi4fvQTafmaiQanMho2b3gt8Pdy3NChh7dcZlRYd3J6emTvOQaUgsgiMh4uORHEnynW3SMB+tLwCmIjq5GrR/kdKg/W/pzXjSgHJUWjxGtSlWTNmi6BUw5cmdRAHJjIeJawVTaQzGbGDZrtomAAeuC7IdUYdZ/ZFv5kdhBQkbtg4l60ezmqEI/axbGwfWiapD7KiKQhV9+qusZlAmWZ5+YGpaBgAuAPD6j7/21n0JnurLU31+MEhvpKtiJxOAq//s8f2tnCkjPTyUwmh4OjiDB9vFar2M2rqlGPZ52kN2zRdjrJQIfk5Yg+JsR/3j1d//w+c//QbIg3ciArT1ndZ+upV8wL737ur6//SN162dBaQyGK4d051PYZe+XwydjYQHqZSuq531CrdKwBGggDYiP//s7s3v/t6nW2HRC/UsNPYkrsTCXQepjzXpv/ZHr37zDx4fvm3DTQqmMAXTqVOhMH05g2RZewpXEy916zKAu5wBiqqhq765ff3jr5//7E9svmrbG0d5Bz9PlSPIf71J4+rt3/yzbwrDFuKsfZ4ISAvEDOCdOUF+fse+o/gkiq9Fu8pKSKbg6FBgG+7vn1//9u981I/Cvrq2QPlEEqaX6hV/nz//9T/69oc/+ub5rqEopRzkyNQULUAabPBWNZNWOe1QPBRkQ6AKGwbKGGSxB6kAEGW/84cefCiB0sdqjWyPmBTdkCs8f+PDNz/4vsuCLXFkKfQqgIsxfMhgvjShzM/k9DLC8wCi0choKo399v/9uwWP5agWiv2wGK6IyUufnj/eP//wL17/xd0H63spVZs/LETCPFms5lQoq0rRyWrpy2n23uhwsQFzlE4Fq/rD9764/hd/+vSPf+/D+81p5Cb1cW285+mU0Qy/vne9ppRGh1FbJhjWRX0Ro2XV/nc2vuTgUited/eff+f/+3WzkvqyfOLT5n4U69/8zsC7t+9+hUVNsDMUoT89vr25vbXlV97uKYX/5P/6z9zjS0v/+FmKw6Vv3n77wX7jN1/84Obf+tu/jNQ8U+JIBhuGkUbOsxQf//wnT/c9sF4oLEcXwFkmuO7c/ZIf+j19g06BMjQ7DanQIU9S+fYHa/bNrcmg7NPzL/2NX/7eDwUB0Zii2MwlZEX97Ztv//Lbn/3hH7rMHKMVyVwn/pgEmUj6ONyyYHT31wecwQBYCzoIIa32SHQhoG4VOURqL1N6ePiF3/qt7//Sjz7dPbRXqkRfhmfjS7Mv1JH/49/9faUQkKof7k5NkdbM7/b226/vkk9P/p0cdW84uT6CMVY9hpJEJ1W6dYXBLFnZFNmXygOWrBnyGHgXwBrY5JzZIZy3T99+8/jtzzpPp0glaimXfsBE7vU//qcfP/7Y8rPtoCKjzWC8oKnVXl+/+tmHj//ar78rN9xT5jA8EXzzriV2Y4rn+X/zb7z/lR/KzxoyGMcbx6hvGjD3eHIAQ5vx6l2wn6hY5UECF2p9i82yvrwsepu26qV7ouDtzfWP/+Lbjx/9WIka/+qFeOH0PQj0PH3vvYtkw+l3qaTeoUh+/sm3zaaJRASsCqIO4ggYvdSnL9+9/pVf9mos1V5ZIR490nxr401TUQ3t9dOHrx+ePmgQ9zrwuuPJgVAByUC+qaePImFmH/l65nojz0V49UI6ts9lgxKyTSpg9FLs11eff/Sr3+/uib7RA1qs7B4dK8+YhoP37820MUOWvNmo0b1OFI+FYNeFz6IGSK4HzbT3934T5PW//1/7xftv2xHqLdheV+At2Gkpr2572g//0d3Hf/EP/t4MYkpgtt/2Jl1LPYUfSUTnF3718+0XYnoDOjWjvnWGLIFzomGWh/pK0DqAahyr7INrtAE6JOpiHxwj3N1/c2xKqBkQ+SM/0LVvGwPu7mG8vnKLog5cB+k272X48d5V3OqrHKDOVyKdTkbBKbw4btQndgkKtKePH56//Ua4AGT2h2UukUtKkYj4qEUYDT4PKw90yVXH6UfVSzGm3EKPvDHE2C78NqInFPwUBDA7DqrwzqsDOhyyVwVBsWu9cpkeKcLI5Iv71SPoKgS4GmNzTwh3dyf2k57tqh4Y1gVmokVx0XVQlU9HTI96KZsGjU2BXxitHbKHXNuYELD4NOa12rT59Oe3frvw3c1X2paSfKelaHx1gS50lOgmTZUXHrsuFA7D2HUaQHlfXxfglZNRdeYegJwT2XroBxuuf/TF3vABImUvLAjcv9BOnKuMdkCYn+64oq6SNInGNNNOHFUVh9UTr+fwPX12BXvlK5zMl4I1oOp48pjBhUsmHU8XR3kFo4DcLJR1k8mRKoEXZolehzJPLuyCaiBWI6D/9OP1T+4+vbcUo3McSZsAUEqOz2b2bz/97uuvWm4RdGWl5kaHS33pkYFxearGeASYluihEZdSsTg6erRgOQRafqvXrye+efWPfnz3k/vSCwtIuhZvJUB2r23J/z8gyz94fL+Vsn7sBnNGrxEcdyXLFB3vDK4+Xl1P0bkySxGy3CZb6H+Q8KbFz18/Pf/2n93OWLPIGqHVrmWJ9XO/fv/mp3+ia988uRWwOB91EKRiil7Y4pksu/S1ujlp/pvExhnLlpZaW7TpGdDf++mnP/gm+5LZ6k/3VUZELMPyROe3D2/ek7mBO3kwMBzEOuvn+ZRdO1SZzv5NCjbKKwnbGcFUlKAsEyw9fvPmZ5+e//6f9cbJuL+xYrfc0erTzOQu0J8/Xv/KP38SHWNXazFdzDFRLYRieUwcTFFzOc4J1szT2pXX4rSJFldwG/be3j9/+odfX33bzXwgcTDIRbRY8vf5m6frX/WTVVL3qVDVRY8pROFmDm1uGX49NoPIp7M1sUTwq8//9GsLmQUrm1lwsJ5cPyd7c/L2zdc/fXP1217+yr+4JH8dD4KQMRXua4anKjH8hR39rNZ1+V2rpw3Mxh4vb60bY0PvRPmjnz394U9XiQVqtkZ8MteS8pv2XBtp71pnfGDC9hXojpuLvzESNz9IhCzBPxbTUx1XsTBLGh6Mx1Kr3/6Hf85TpKlqEwd9LHsT9P7x8b/wm7e/9stSh+vXN34WzZ392lA3Ad6+e/PZvoZX/7e/+2MGM9+8s5TLQN0gkVppAnS5evuDm//yv/Nb9x++ZmbErUjKxWJnbcBvONy8+/Fv/3Y3EGddC8ZkSNQzdNlX8Is/+NV/9W8+P9/PsORflekYIVh4/5x1kb5Z01WqCWl+eH7+0a/9YuVzRjGSCgDk2eueX/3x178vpP04LQ795feAfWYw10MfgS5xypmddXpxYRcHXPkwwHLyQJKoHqdRlQehtg8KvBb5/R/+wg9/9ZdePd7XBIWEzMO4Oqo12IenP/gH/6Sfu93kdfKNUTrWZeoBvInFOcpJ7q+OIb6qEyGFnDUjKm4BJp6rqs4ZkMyZTrWdbHxG7tELEbupPJw0qHPpDQg3P/2X/+LbP/kTD7g2eU5w/UxR6nNPQ739u3/3z7+RgzU+x83z+aaIJttak1nzr/zCw3/rb3/5YAYommWodpT5FUE7+Ra0UrZf+uHVlz801MJqmaGWjVgZf2Kyor4mTctcEntsAHamyGfF2WCfswx1H72r7rObw1/+wR//+R/+wQc3kndvAZjJSSNIwZOtnv/6L3/VppVZl4+QxoKmciX3Pn92//zHP9UylpMymu6HAZeFMOm39w//pb/17q//yu3He/wZrJ/LnGzvmgPrM19d/fE//2k9Qg69pIyNTvVCvurrOkWwZpdUFz+lH6F8mBp1NxIkWLbPzqm8u/HXr37xb/zg85OdeM2qL/Rmw0yDU0xJfEbE+EY4VjlsMVM8FUc+FFFjQrm9YwTXC/53/86Pnr6x9Qf73j92/b5nbZ4sBn7+/P0vv/xf/0d/+h//R7/9/S9IGLqm7ZVl7KfJEZQG7/6tf+/1L/+6Hy+/f7zT4VWWZIXcdJ8s8T+ykGCunQqZlFzFIrEX+8rTPREPjYgVsNVGfOSLT3CtXqfmwzc/U61TVdQYKYMxK8BIbIm6jWb65osQC4UYNjbGdpbxEecjylywYotu33zz8JMfX19/US2fmgG5W8/l2x03W44EUjN49h/JQwpkTKZPp9XRA/Gsl9rOYr6i3H9AXc5mpD2SpnoweqGUzzpxCLGKqYJmbbuE+/Ad3ZlssDOqsixOCMmAlxy++uajgvCPHMYt55k8EycraPGUgB0yFgAAIABJREFURMRfyJ3+WU0uUZvpksTnKVxR/YlS8qPPYmimdPDwGgk+PX/1gx/+8Pu/UPzD1OXPPkOatjE/NJIn48QpspXiv8/IjnRsVtHn5dC5pEQf9T5FkysTAM8/3r41h20zQst9E+2YCMCYZFcV7NU/Eit3FrkkSY6OqDo/0lQH7Xy1T2UoFa3igEE5x0oP2VPgfHWod3KwOkmJrlJxpT6OIBWvPU4SPbfvaQPyyKiE8UF1H7GRK4Q1s278a/B5rvHodM0eDCrbKMXvNqggKP2PKtiNT4sgJige5txm/cSIMtozXid1wvo/5Zmrut7diWebe9Qi55aj/tmtR+Omt6TVwrikASZcjfzK7+OSkJc2ud6mwzSfOeaN9M8IOTEzjf35YpfUCgCFqwaCwOo4FDy/eec9+73qhG67/z5YEonNVIJ3+9rPphIDp5HXb4z7OEc2U9dtX0RS8mKF4NW5DjXtHb0xJmW6N2R2eHttd0V13QDpXjZjhNDgwvivn3s1fC6vEQldFRuLGh2L+vFS2GVKjdN6hArGvmajAqLY59MaIu5W+Gj2GvfSYyK9bnVujQFCxEwJrneTvr4nLMxev5ZrpUAXroTRESKckBQcmSo+Pq/i/P4EG4ssVqnG8pY7QEVE5gBD57nd8wcbCO0+AtI+0xSoD6rrm45sAyFrFjL1+Rva0EmoyxeC7tzflFwIXOctU/Vkt1XHfoDsWt4qV7957w5QL3w6Hk+8NZFRYrUOpFDGrulnksS9EO27AG6Ahig4sshu/Sv8/Pq9fUCtObTVgvDkOJvAab5A8g6qKd47R9reUmcJSH5tHhN9A1lJu6OdElvkoe+sTRKt79nuHPKIWHgs5zxzpYQYssHXi31tQLHDT290/fDxyQtb+GBLvG4UPH+vJ7+N+JYYa5x8KINiKFtbTEDff//a7zQ0D0IzGx2BClUW0UhsDWq1UjC9ft1ro5ItYymgys37rxiZZeva83kqodO6mZgq2hdXLkm0vmvSozJHK7Lyl2m1OysU5dy5Hizx5OHelktW6TXwoDDHnjCYVIRVjjrViqbh+QCch1aYbh2h7XOBBhzNiBa16JX1nB5KCdG7x+Q2jNfeWJ2oZ0yPyx45CK9lS73VuK0KMBGXRpVh1wZBB7LmUoM6rF0e4SdH9cksDAr+qA8s80Qv+dMSyIiNB/UB9QcgDbpg5eJt5fWCa8CwTFJl/901a073yh1I4vU8vg4Qu1efNZPrt+0Id+siMVP1U7n+w+N7OzjfXH+4K7M3pbvfDwAL1ofHniDiUDf3cutrrzaO7EYeItSvuWg9uwZMCgSmwpGw0AhqVxc7KMq6Kqb57jh9fnh4sHPdrylq3cTUBxg4DB3nLhbW7WhhM9UZKJNlgRhmAfakyE19VkUnfgA1ElDVHdra0ytL45biCS+VNA75ar3Gpq+1xx6Rmg8sjHQbN4XRGq9iBUf/tP+Yp5bqyaBMOOfe6XTMQEMFqJScrc99ur9vPUGD88vicvRWzhAhl3+LoS3oQMSicGE1NIov/UdF9Ew3NbHPrpnXmnZD+/XXX8veV2crjwWap3tvbeVjg8JDv6Hy+d27L9+4Ocwg1yKZ1L1BQv+pU+V/e4df+03DxrQ2QOFU5xibi+J0nd4+V1ZAgtKAAw/SX4E92YPJHudDpYtuf/DhBqA6YJpo8foiymHHhuh179ENq3oE95TzHjBdBGsi0Xw0Vjsi30kfUej/RcTInet5Ro9Tl6sya3M6z2z7WDAJbL54SBysCA4YnbTuKzYuJnWxkTKgMlRVzg9Ip+nhM+UnSFcBs+iqVq0O64M79upGbNQqacsw/KTNCXWYTIV5+HWXowDEbN3GblHEiHppfzGfPNp0FOqdYxawK1VNLdzC03MLbm4AdpFmJ2DWdFIf8XBqM3VcZWKoL9dOfPKM5qaWLifrerjvLDBhkqNKrLJCymI7oTIPoTPpKUzxJEjg5EkhR1/+YjIdj0nrk8CGkTyq/+pxSi50DpGECJJRTkBdjIXfYVftIRalnRtTz5FU/nUoSpau9v0d68GOizrGXYRjNpPSQenIh+XvaK5WjSZxENF/kRPI2kFO58mjZWBS+yRRZLzW8S+xcL++9EyU1NFF1CLBjBnbupq6a67kR8XJOoq++TSRJu4sGpHETdq2lFTYBdHYvvwmeXz6h02vTK8POfswGohgJ2ediccxWwN2hCucSXERo5ZRFFY2g8EgLMQ6/QYZ6oztPJ1ORwbmSCLUpNzlSDBEZpX4sFY9vZTJ2IVZWhfGSXAgUjcRE0p5iV86HfpV7ohe7S9nHTEAOVBMhWjptFv4l94ZtFhmgSUrve5ui1dHmiOpI1K3rhIjUeuTZua6wSQYmReZlGla+k2SpV1rXUiIpuzUCmb3N9ajapwMcVVGPIhSFwLRpbXeWLecBiltfRaRWXKd7pTfKp2uIHkUXw6uxjefTcz6ALXKoFOB187QVKea9peZaUFKdklVg1xiTNN1ZI16p1M+yk7KVD+7z1NaiJ5WI72IA8e82c0s8WWYamgIlwyZulMM3XPYiqEF7mYAKKQuI7BtUhdhJJ8B0vCidarubyUitsQUf/DZ1h2PRGht77VXHcmx4mefv2yRvnuvqyEaBSGPLO0inM5wON22KMwuQRNzS1oB6Ku1zbikcCIUqCeYRbzCHCQHgmqZH4ds2OYUq7NLx6Q3boTNOiSc03bJfMt8EFtApvTjo2US9HpdFOq9IAnHWueax9WNpKT0Gxki0FCMldUIrnUKylr6JG2mdbGOTOrhJMPRkD4ZN3/lfhUlL40JROOvJlaPvYckMmsUarTV0qN0a282zg3F6XrpZGK2JokIVTlSAbH7fPm7gA5vuFVPqEG4GMFESt3AtaJcQioezjCQi6h+5ixnaqrm9Gp6TtRjFySkKgEIWSBJ6tbwuyMAVjM84RWN2tS6mFxan8N4iuJACSauZP5cK1FxpGU6J1j0kRDE1bpg5Jb5d6xBBLRi7GCRLFycV8XD9RJUlfzPKpSpF4kyNcxQ/fCt0O03rXuHrB+GM2YkOwLCjhHEbrsvdB38Aq/9N6SjxtoSQggDbb5Id5wkup/CykuLgj7CXdyFlQDZIS2ZT5SMkc5ZU0oJZj0vtM3jw+uVu3YKzeGsMNx0Ln5ESxvczT22eabGIHbHOmLkWHNHNWPm3vrGFpY1KMRI1OsocCoic2RsFxbq1jDZmbNyaYTrUgNALLdm2SqxwWG8SbCOLyKgStsKj+aWPa2jZcSBrjD07OQDn9siRKwZLsyxi8CGCJVRg5AcuwpyDPKxZ6CyHyyvYJbG6xXdjhDAHndutz6n85SGNi/QI77eDOgFw0Le7eLmDRbP6qvn4CjX0cZvLA/jxHINBOIU76KYq/SYI+mThW5BMwzNMnZhErnMFbiPWWklWa3QsCXMao4+V+bPVnHJti3+C2WSZ4jIZsMwx6iySAOI1TkLhqaIUjIR5iVhutcin2E6+E3A6o4hFp+AnU5EAkYuCn0eRZT1L+lUTNfhvghzMOKXLMPNmpfLiTMJR/cCUHXjNGZpeFjiwixMUtA4SQ+1gLJdLlqwZeIFXWi1jViYmBfsJ17p3JT/pILrfZCOYBQ7EUO5PtLK/CUPzXp+TDnDRwocc0JotNoV8jiL8loG9Jgw0vGT0s4DBTy5q8HzwmA84nj0Cabq1MA9MbKybitnDC27R7X/YMCZmfjxnZ72Kc7qKEJNgFECE7G+fE6aqNFhguBxzhKCqAGkQOzGsPKOhDpbgKpMtJePVHwBOGUH+ADEuyPNQhQHF8G63BHpnc/ZGWcCDP4CcsIhj8zUnUQMJvrHUpAQFj382OP8kWzsOJGfTkqyAj/qBiTLQesZmGyojUlH5WkOuMGKFFk5TtEvnKJjOj38SE3Brgqs+jplhpg5Y93qK31QaMXuEUfETgzRhGvkw2d+LHZWInC4p2L8SLPAjgCpFAYQ0xASPvL+S3XrW+vw4NRLJncsJrwLGzPQKIYbpUM7BCJY+0np7/6JFM0I2RzTWJygrrNliIWL+nOUvW2Y6bJOd30uAJJWEtUJMr2VxO1iwOYEsVqoJ0IynGOno5g7kzkR+DlRrm2+AsblnDJ3xCcjsERIchj5gIUEqhvpcxjs+kLmaitL/UKsaqpgijGFNbXibWY8cgPMwydNzCjqirFSI52XkhmTdO0rQM9ZjixSk0fuuuGRvMPL4fn1cCtmNY/w+GjCHAPENNsQgpG4IOMYsWmX4hFz5h9rQiZEe2sza27Dc/aZ8Y/dyuQynaJiCnZ941LwzFGx6gxEqT1iGy0LiIVlu9UBm17N6HHWS5l4mWSSSc4/SRo9M2Z6ZBm+6J/KGapWq4bGMseFK0aAm0N97pmV/Z7FvOz6WAZH56lf0kne3kRkZmDrz7W5xusH1Dzfw8uM4w0n1gANnHc9EY5A88G3b/yQ8PNdmhGXSbnJIkAZVKw4I1sQfPONxnh7Iyyd6vmam2GvbMEy3QqkCZ0wUDMdo6AD6NJUGqPmS6YwW6uWKY7NOYFJ2n/xRmqS443ytMqXjHMMFdm5F+maZ1wyQ/QUFAxzZdVDTIYjic9CqwJnG9D7iGBzCo2t2E+vi4xt/RJNeZ8jbJ7Ib/WoGBeTATIYH7YeWQgwWdBrBWOjLo4vEu87G4FAZsJjkkobCYo6plJPQoRdNT5NZYYOL9n9pXM61NyCZ0JtKgOuDjBC/RYJ/6W02elGa7lhE6tuOvFFbhKlBaqXdPmTcO/HnjHvdprnpR7k4q9v3nmwpAmhRfkJ1I4+6OnDj+vldG54T9csSqnmTK7zXDqzEPgKuuEb6DyTIchRA5C5W6O2hlWrNXfw4ZnkrSxUwM7Fjz1sdaQGq4OlbZskLlajWg+U0zKX69P+jhXV0lfxBJ2r5nFByEAziMZAvlq7uDsQTJtC9IweoQqzeODlQLO/tHHwZoPM+hRg2Veck9sBBfzcmcmJmN6FXNq2d1TrtTg3CZISE+IfNKAJkX8po8aX65k67WJksiyC0hx2O2SaS2e0A1+oEtkU/EWQrWU0OOrZVRkbNLhb78uT/+mfW13SHBs4nKXWYR+73JY7awpT22ftf7lo3p9Z0mHG2bV+IOGK2SzxYjd1bDHLx6iztbBWT8D63xS0YzzXwtIhFvNMBnNF2WSoV03TYx7ogLLzmFZc3xILRjxiNpXgtvrBI51aZ9GIfkwiyXOK18yO+8lVO86zhxagYUZ/SkXh0ALTac50NvkmSxedZK4xKvwYmElyiqJgB5SlK5nZI5cR4SV0MJiyQOEnSmnZYfDQftvyB1fLKjwaixIjnx5icUn0zB7DxmBUy7eTqlofmVFd9Rpwcb64cznxJmVyXJplzoCUN6tCr+0IB2majHLSH95ZYIzICJyImxPXu6gAtJabrwsXMDyqIqsU01ugqryjObCxjxdGrCI1KU+p2JDJaYWz31RI9+ier3nEdRTjf2SIkmvFWsoK/2o54LCHc/l2ldaJvNPZL5o7agedjFln/sD12fm4B5LYAzvgA6o2D/isPUYmufzVJmcicRFQXXUgoxFZd9NINLKqgXDs4WzZjdFGbDKw/hx0WAUFeqpkgXGrMHx0hF2WPdKU8K2rj36v6CSF+iUMyIm+8S0qavLJjxU1wUfGWUqk/gIAg+Ra7cVsEY3hInnaR2VhqjTw2rX+oFBZyfrTcY4UWhHsfwvJIz1FfBA1YY4Q6VVF5I5zXNdLsLnrSzMqAVicEAu7hJSdWfPuMYwa6cAnWEj+NfJQbg84JQyIuuya1uXQfTEV+fM00CEebXyGEcuSsy7h9z6SvhvTEENIQplrajZlVW6nYpvd1jqS1ABdLSbjlkyIRi8pxnSiJUBwjhpLDRISVHzKKZfNpWoLCGqd4K6qjJNSJezduUieUuAI6XdjU7So8U0EPJFwsTY7M87GuRvBuphZX+TjUNSV4k8Su2Kaze7mhvRxTovaqBKJ2Pj6vkiPc3LWFUacBNnDF+HC6Rz91XBBtlNov3ybQ+yl0cvUz/rZaTawtUYXa3rV6/fiTt8ch6Jze4tnoCY/CnjZt2Tc8OMlKtCbSxCmM0I17trZ7/c6PL1NbvqlBl3aogzfJCstCgwTP69GvX/ozVvubj0+33tLi4zU23hz3/M3P/tgd5AdFXcecSRyD8I72atHvHHl4YGJmPHxfg9yyPTcrrjt+Wyxs7tn+DQNYAbpBLmxLogMFGYfc1M9hZVvXs4SWe+EKxkTHKoSZ/Oqs2j31K/YlpP0tGg/m30mCN1gbrqSnw5m+fnBBO5cIEeqtSjEC8t5CjgbzUWrUKycY+fa2c/ZcauqhMm3c5BAFZ9ZOWhrji1rVD0TloG0mACpIW3ZsJVobTVn5QcqT8lh+Ogg86VtpkmFOW5VUXKV2fIpLnRUVKNwlaNTf8CVF+tHlj5DbsyLZKcb1B/du1hlpkqe6dWku4V/9qSD+CBS/pP0OWTtFsE9IHRlh4hR89MXX9yKOnHN9VBMIgDf+5G7zQ+PZMWuQQQNdDKvbHP+PxyToRGZXXACsqmHxJYzz8xuLkjNSZ/QuiDQTJHv9UZJlsBCo97JHJik5gReVrFazNX2wlsWo1yxV892DHNRMRhOQCc1GaS8L7YzOOvCxTfhW3ogVVMjYjCf40Iw/ZAR+cE3KVUfn03XPUNWP5i3Kj0JOLVoj4uNNwLbRLdpVU9i4EAYMqTas1/Fybf8kMRZ8vSrxRgOdctZqJoFr+TY2UtAJ3C1PhoZGBqB6dZ7rbUmFlyb1SON/nqbreEe8GMLnFHCCl1nFlB5jUzM4gVYpQ3njkt9JJdOmAs34IvQfIzG/s1aPvqXvcOgjE9Kp4bYyVREptjTWZdSlwXTrbafre2iXVPrya6CL6RRQwq/ERG7iRDrjkBmnthPHvR4YQbspGI06sI0kPpyJt6dcHhFKYBs4IIgEZ+F0Z1le7w8z5JF+yDGIYzlC46zlyDMgZMpxQNItkpGNVGP2H3t9GLDLoPLy+m7Dj7ciibQkTC4YBYpLgabZTh7SwOxmJUU6hiqDypHpV0iJ8yUdtGJT1jc31i+glhoVbWhyVNVULU0X/7YATlUc7Kz+JxgwJ2B63/Son8plfRj3bfCXW/QcK1soTPgoOM+hNXVpcy3ldWTTRM4SO/PpwG1JlzHRZJIHJqpNrKJMfj1vbGMQWAgsulhccoyeaTRolQwux6G5Y1DfARGNIg0qv4cWB4aLndSN074gZBjafTqlE/hqgeblJ2MS6eaopA7ZdMtByeRzzqtdQ4hgaGIs3o2PQy35NbaWh1PtKwV6GS6Zc/PR8JFUpCuD5WiAbGLCF0sbnL1SmN8Qb74vIo1IZwWn7UrJuHFYtCZc0BIaX/0cV7MXpSsvwBWSZyPpBM9arUtH9E4MgUbXAssuIJfAG5Qvpxl6mkTBNfAiGp8MNvl8BQB8Fmlk/Vcu45HSVDSzvqFeqhTXu3oBxDZ1lJaGlbbunBE9YKZaXsZeoFgy+EZMt2PMDDHdOLASc4IwyM9v1QwYQap9U7CPD578TAj76KRw3plCTdETGaZuSmCrNJBu6YZ7Lxs9ERPLOpRlUb1WKOBocGs+EKMnMfoqatNYFSQZNdclniNaK7rHCsoM8r/eqV6XMVT5NhvzIJGLjtFdAIey0zp+MxSkgMEL+kMZuuhaLGgnodkkyitbSXRlIhewqwjyQ5JtcpSt2gPYjx45AjRydE00ThyegBknMxsdCp2ga19FS4Lui4t1jfulQAo9QilVchuTTphgNY1633LJrHXRHN0eYwObelIDdRc4unZrya3hckCvxTHQLme9PSo7ulLiDRiQ3sdsi0T9lp4I2n+TUm5uUcpwTx4cNnvhd3eMpCNv20qFhseHLb9W87nqWW/631zaytOA6+dVGYbpVn23/cTZrmFgJO9VeJ4KWTiPNxpoam+MOCTIotZiSBEE74cHZhAccFmkcr6Ilan3xuTNIdslGtrs0UR8s6B7Rp+6CzU1kX9VlXNlqhdjqO8wBlwMHkmI/hXMTDfsXY1wV1iMj+S10XyB82HYAwhreSX26sdFdlQN1hoyEQJ418q1NaQSPNivP0nR9BRVBQT1UmyMReg08iCS0O1SvpI3cSYLpUFVHlGr/Biu5ijddAGtHqmqC3U2KI9cjPThBCr9tJ4YMS7oUoNZ1p+SnJzAsHz9HR7e/340OtiFApSQsaayh6ncYPIL0z7QUl3GHvX7d7rlxJsp57gYnd5AwO43QubYZYr56i6DyqAqVNKS/+g17ZqGI5NZ1PeZXin06S1uvSSqEG2VuL9yXUxxNOmepgmU9nfUmJ9wc9eCn2wQx7QJI+dlWTKsvaaYTZNEK3VXadaZZVgT9t0rmHWoxbkXi1d0Hf/7ChdV5MByU9hDJtCcnnKeoVm7UAVBUNeRIlrtxAJr1tgMrOCWHe0iY86wrvuPqEUhgigYfsUEFVh/dbR+2hJghBYasq5aglnt2jmmoNEubr/NJyWrmH4TIEEpXYjR22goszeCkGSsuARIYnmO5QGtsuwIxOROA5nJOqtsaunU5wbDqBGmXZNjzowi73OApVcg4g8zmSptjJ1AFcYk97/4HxLBPUKcMPoFP3qKqrcf0fAoR8+XWcK6kUtSXRBGk6pLZgmWYVG4cr41R/ztpJ4pEWoaREiaoeE3PpD6M1z0yUBEgfB5MkcXdYWMsWODFsFts6czzPzLcoBqlxQTm84vBNP3dki6jjjlGMZfOCoOcEqOcd4do/XuLkau12Hl6gJ5yiqi5NkglvVCEen6uFiUTMYVLZKcE4e/BSvJIoMsq8hRo9kxwDQTw0yNZGZXO3FdDlhthnHF95gO/U1Bn0UoYfxwNWAiesiII5gX6pWFoQjyzhRnRxOYu3/LufYzqv33xGQv8EOrPubK0urU36qD3zt0XVUL5UrT3bQbFFYRrziF6gVBKB4PUVEDj3ihvZiNZc8XN1kTOAoilo9cmwzSg1O0NSIYrskpR4tIodxgZ8DU32jRqegq68rCD/+iZzrStOGO41TI+CG3B1dhlPc6UXFhBVfvWsKBjvaXVJLiwGpTJNrQl1s0w8raC/yZRgBGZf6nEOl2mjhLKPMc4d7Ql4E8QXo0va0eFbQ0OOPKw7HqonkmOLr0i5SXtwRmyQGkd2TNpfCmCYVu4KTYDW3TqjOROX4XXbgxQMF6sgjlMkv3YmrETtUYxgjJCdkLI96R1IeoPAOQIGhSnyfjaQ6haxCkHpW6losBjQHOFVCjNZY3FwD0dA8kfNzrOqdnGrc8FYA+MiyTA6n2TqiCbyWa6nQ7lKXlJTLqWsTbpYiOvKLyQkLRn39pvLEnk9SNLNCzH2+AusEfLqNWSpGrY6hOHcaoA8aJU/dlvOMrAAWDrWhNEF+UMlWmwDi/wIq6PGIfqxSTLXKdaXLhKKItC5fWUY4Lz8rLYEr0bG6XuwSrAU/uynIk337j5acZa8YMboDNvDncuN9YqHd/RLKZ4HMp6DnBezsV2gLzJEjoSSiPUyjX2/uBfrp8cF9BRuj7z7eAfDUh0yuLKT4m3fjI7e79ZauJiDFSULI4Cz0k1dGG10zDKu93rjyyQucKNHufOuWvTII+CK9e2SLrPAEUO7KD2md8Y6lGq0zIMMcL5Ezb0iRIBdhLhRIt2on+NKFkClW9DrJGLU4wFyVS5Afulo4DrZrYlGH1tb8YGLSAbRPHOO203Ud56LiyRPthUA+C0+ohKWyENvwRtEzSwwA8NZulwI2wZKgFI3rStbAE7g5EsbaAUHRKaicBAlQJQZlwIkJ/FRSaAIXv1nvmFtZJqzrSdg1mMjFYQqCu+gXJa07c2U5HoN2AhDqtoI0v8z/Ujp0Memp2qzXfSwPwnrr+8ODpgxaMj163RV9evRa3wLO3GZvhBdHQnnhjXn/pwiaymixphyPSZeOhRcoRUwScJVTuLoTzMaJ/MmYxw21Izg+e4xJEyvmiGDX4jWRWET8gzZP1cJcagdzHizMka2VYrL2StnmxHiPf7ybtRQ/qAYtmdQr+rl0xUaiRGa/Mwtdl1EYnsAmVd1s3GLEALXdnEK7qObpPX2m3Endsq/2M3T7Bf3WEyDyhVEgGbDuHbK94ubBPG0KFOQ4j0WiZsjx8Jk5CaAS7QutSs5RSe/cOBhTpTpiIezBH71Y4aoC8xJWdwmg7C1hBVFKBEI22wUDjw3erBfNVMft8K2pdp6Wh6FatCfd7JL7EtxXVhqtmcs5GSMQsJGn8HE05wq4SNZ/ck3zkPkQaPw5hwJZu/UTNd0SFNmLmiNc7I6oQ9k5BKWpnqs0EAI5ySMUTuiSkHYkdF4KeUQLBpV9hAE/+bQz7afIzESY1eyKxrTvyIzR2l9Fu2r8xnGFzvSjsZ4R8xFTMn2CYDh7qYpdbPNjRHkHlfpldcX/XJBNSoeCpISqDCnSg0r8Mm+VAi6QQINKACSURBavmK9k50kLoB4DX2DpBULwvsjtZHEe08AiEpriwjuM1E3unR0dwr8AJWuUQ3A4VTCMywWMWlGEVNYqqniB8D1zTerZcJaLCE1UZaJDf5hpmskqjM+FPdqXEIzyEcDJjot05/JU9Rag2YMkf5U4eGCnAfhexF5oFIHnqHgaTASnWSAZR7vPi7UqbVzsOOHgBPb8cbyncsihqjmd9zEg2GpdJGSiaFPjs/IWM0Sb2pd4BAQ8dRLmNOtJlYqNGyNyFG4U6SzqQ4jnxaKuYwyjLAuXYHTCS9idrgPVv+nhUpCXcqs2N+h9HBE0grGMz4ziAy1wi4L8GJvES3Bd8wAnUoCrrKoB/jTtenwJjNBgDKWsFrr/qz9XJI5BNbUGUZVCCRtg6vj/cjYZ57FAoE4PEOJwoPUNy74mUhKuH3GlGnEFM0E04WeRwKOfqkG9tKNqC+ih9DkZI3PhfDAuVosA4NGdxVKq1VMlUFyxQAOAC2fTOJquuhhQGqdQ8IjzrQNbAAAgAElEQVQH6yBFZWMc+JEI0kb7rApY5wNLH5A2GmLxtknKIbKGWdHIxQzVwzSSlVY4Xj51QPPJSOpsCVCTGKfkitdEnWBqFlRBcB9xEyaSU0H/Dz1uARxunc59QDorICs7mlYUPvSCwdK7wbFRsnnU0lykkfU+dQA83psTx7cBxl92sDoa9oIhDWsAT9laLFqCxwszq7kN1uQnTZnOulGNx4L/VXcDqqGV9ebd1WOawj4bJ0Bb+b2es5+7kOXZyfD6450FST/G7LdOH0qdAHg30KenfnTp9Y1kH/dGnTe9C7K3nU4nC239hndOa77aTVVDnVGijTfaTz7nkKyacbMMvZxvpMjc6yIaKSztZerCjq4hzhE1igKmht9AhVTOafD1ELWRtcVMHwuCoocJJaDtm7JdiNbWY5txsBlkDKINOB7OoxKrSVq1yppkQiweqFyR42CVFOSsMkIOMMCnDq0ZlVl6p8CMzBMtb7M2ZC2TV0Bid7IHZKdKhit2HMmeQFNlkiQXKBQy1+kFMmUGCMP5pbNONqAVdgKjriqQQ23wta8ZOBJ2AjbLZMYeTHfqnfm2dpReA2N0IShEWjIv58axZBdxSWpvsM0G/iro9lX7GF2aMGDfyQR0fwlUHpQKxb3uN9uRiuRFCAoZKA6Kc4VOPsikn5EMV0rZsa7Iwx8xPWveaZiEHiBqptLNPeJNMCi4OrDWUFg2zlh6+5D7ZiGeJpItidL2YEzzRkcq5K0EL/CTyyEm6mSnEYe6zrBKBGRezNovZk+hquaH9EnzaIllwiysJ13lxYzwLvDoLEekBi5e15tDXswRh5qdf3GrFUQ3RSe0gmhFI4FIRgtfSAY302ahvB8sLXnFzfHa74yE1JF6WyRzcGgXPtA2b0WnEI9nlNLpYgrSzhxTYqJMTmdMk/Bqj3zwKJyIyi8fmNVYLoWRwrwebwbYbB4yBdKIpM70oP5zX9vCzEd6EOo8/tEuS6+pEhc5Om9O4ImbH9GZg2eoIiet6mRWU23OyrDHy53nv35U/ry3O7fzTK0T6WkRYUcOWST4cIlZdkRRKQDdItWmnetAO48PO54RNnEyhUKizdpdK2D4hUNnEQw+utQNKUUPQVdZSl0RlV/DjnO9g9pGm4yKBwa18caWVcQ6oqu8kOsrliOy3J7pM0DZj8bTZBXDFEYjMTrE+b6Uh37KnLAY2RJrskWcuYeV0sMPInaBbjTL6dXRrKpMGs08EHWFffYVOZ8oVuxj+oy9YBEhdrSGlymCPqjJJfAP2GqORNGtPwG1/5U6IVw1HQlzeJ7rS4Wb55EZwVMRhZmhsolWSYSOvVd5UATjmKRJh8AZyi6KgXSbCHQO9tA5/s4vyhYAENYZBdBpUX74MdvOqphdXSG5rlpQu+pzdYic7nV81jFk6ir9hxSh6C4kduJyDcTF7EHE9eyAYfrXZ/0rOY+4By61oKbekSotohH9cooJv8+44tFBwOH5nqH2dTEMKLWHgq/EjXIfI5pr2UqHpEVsXWQQQyv2LrQyXsaIUPw6n5QJqni5bHRHnTg1+wM3sICCQ6BPF4tbJ+uhGhuim0UycCBjUMeQeAniQD1XhJ+YiaAU6Mt5PZ3LwiX4Y+4oieG1vJ2vz/ORuKFzdV8LOyUz6qSN0wom1UsblPEAj8WsvwgcNxSTazzUBaDxVOp0OiTQkCLQEKbJnZc6x8kA1WDkuxu7WQrqBjLoMoVoYZt+s3S9r5pJcyAX7dM6psUtUs6Sv8nvTJOEjrhEbrpUcDlXfZarR3n8jrojlG1FJWE628Hk4dJWT5zW+E7dRkcpiCHKKr5s1FuKStPtWN6YFNWiTme0/f2l4xLvhj39MmMwyduS91w1oRfwZYtti/duFj+2+9Sz2tnWbmxHfpETWemvU+35kWtLZFQVWv0AgoGz1dD6+6YDjQNERtKrFd1SaHhH7M2b93gDs5vo+u1tQidkaeGbd7cPdx+9RdGh1diI5GWJCdxd78bg9hElP/NwD18s1awP1VpLv3ZiYolvYimx/loMHjmDYBbTo6mwVIFJFbLHmit7ENum7+4TwHZpn0rvJwzsPEdSkjUV2KN45J0l7DkcWGgZqNTvhCsQDJxn6nkYsTXFtAbU+IBI+yKtjQboRZHJk4d5aDGZNvzGwuiZgbAhjpvflEmyQAZO6qkDpxQ14EuHQP4AmC6w7KU5OE+fETtygnKVKlVGohae+ml2cPY5NqeiPilb3XBkiPCFTUFj7dmmsjgUdHagiPye9zB5YmgEwVtrf7wTdcdE/F4K5kh/d1zc2vJQaa0tl2O48e9sFr7oUOtgn0zWr1NnY7HaY0ku6kJrj+WohUVyo1PsB5aclJwiyuXLIAo1N7WaaSSfO5rdKYIl1JuXCcuiIDKZSHB7ydahsdBskdZlg8iacnKwD/vNRfVkO5aVZ52CZjLWTo0ZW7NX3igW0kun0KQ2pWu6a2rsPsRANzNPXrdNiglMkzhrdOVCUy44twVIEbb+10VQooCotfqqrebsFIQ1+VwM+kg0MXIIykSJeVcE7bpsVDy45j3E04kY+YdRwgU4CZ3E5vyNXGat2dcorHPnx5pSSq43Yq3sOHEmH8Pmhs6TsHtNiTUYKmpZi/yEJ0zPo5EXcx3OOkLio6maV2txie3X6xOvYpZGepNWG3aI2Mc8a83i2CfTZmGNCkaemV2O3aC75INjYtQzuH/J4srUiwszjRqSZoxjiDhXhr0K9VoDo3ZeyBQZXSUjdKCOAVyEKfpU9jazjDGLnKpkqUCTg3VpEyQUobGLmSNiZNRMDFrpV+XMrz554lfZiK/9denmmeJDVNuqe4G8msIDXkrFvnKiTBZcIpaPgs/ts71TbZvPT/tVSGbUsAbrojBrDIEELD6z2TnJ7nriai+HM6JFICqOjNw3lp3UC0WhzjNZV3E+IlSzHsR0SIUL6oUO7yV/gRHrWTLJ59ELcJw6nQCIHSpp30Xm6jQiERjS+QirYPruNaA/r6tqKoxG2I7zuVMfidBXtvR9ghSXDTlDNlXd98D6gHMKanEawcmc8gdS7ZoDMggn57zAoDi8QBJ2XRWOmrRKMcthc0jhWcDNXivy8UKvwtBH6jtamEwJxW3wOQCh1ljru1TwEsNFOxI/l8tpraSYUTENACchqkpg+CTbESIgp9FcxZFzUKKgigAO7skVSEMbhOv85nHEYQPOp/EoXmFmf98NvcFVlGYDrzpYIBfbdJpN12ahAi9II9nHvlnAWcY+5g/Hlc+sYqRFYNGk5FRswBTN6+ciif9kiHq2SzflhQnxnOUs3Gs9ccWQK+t6tk5Z3JbMBBP0spl41WRm7bEGMynVhD0WhyQB2lAReuzjXcxc2HVVUUQ6fDcUTjZYjDiRSb7RPAGTAqU8Wl+Sayol6An57oenwCnLrnNgqFkzKZJjWXKFSR7HxBTDQHySkCaOLsfFx4SMWULFhJhhnvqRPVwucRIzwLNzreMoGf9IVYBMH5zZq101wxtvI4+c3+KqUV7LiSznf351636+d5jbYk9r6bJBF5Cn8vaWUqJwdGOyl2z0PpPZR3TMvGU7LREWiATa8NRrrLrLnVt5US02XtbTg3Ie5vUqz/YLGUAbO9sX75FIqPc2rMf5rUd/3ZfwRpde9OeHwR+f7+7v3r15/6Mffvnx629Aht0bYHoO2DOhfjXCqO/XXj/7gWMUCDw1tIqGdUlimdjzm+uvnp+/6UU4TJKhM6+UMd8KG0laFhVSZeYN7+1pWvBsvy00GBvuTnDXLdGPB+30MOp9fHj60vtn2iBBa+Re08LMpz0Bz0/X/TRB05sMiUm8HEg6S5yEOa1oJRu3K1ZNRqZaczPPinr2VmdV1tyEfdxnuPnizdt3n5/aW5XVdSjtR1kcvb1+dX396I0664QX3UUHKMouzrgqTZdu+WY2/KrLtwlbt5N3kjMDMk+iu47MpLmoodCQcKmuvw4IlkGdsPh0UwdyT5naY06rOjQv1Ln+wk+B+MEjFFu+3cI9v3j1/xs/MfHO/plPb27cUqp9N1EVPo0TgrafD3PHg+UJIqCS202PehHVpgzuL6nAa7cBxKc3x6QiNgTkFEr0frVGnJKPyDQR6DVTLsoV0MxE1cWeWrEvIFjo+tYTLW/t9fF7onQvd8Vx3ThKJrpuR/mdlTOZ9jiLZwNyXSZMA9wz8SIz1keAWW1+EXT9Jz+SA2waBD2p97yvufB7a8y9VABabszqA0pR5PO0oj3Bomi9mxINh4n8LyyzBO/wNS1DZgFWL/I5eTsEC3du7H2dfNfGLADdo7s4opjqPKgI0G/WyxFdhn/KDwvxRRYxxnU+SmxFSJahaIHhxhoTV1txFq+S29SBxCo7kqGgvOmnyhbQPIDYcvbClvdy2po2JPMIxzx65HEd53TOSh308MFOKjDThbztd+NFjIllsLqDiGLnhMXuH6x/SGRzSUaIsluo5LEN7OqL773ztmK3MdWu8WA4E6CR6rUTRNknfdTArrTw1XLqCtnE3DiVdaPgg5kki/zYZS/O1fqTn85BRTZYv1Dm/c/DqneyqyBl6s7TI5tynBOrB67C9JehQglfZZId6DhV1zECdRNZuUPIwCB8TqMugHRGJAqFY5jRTwCFulwCebWvgCRRqKoGTz5trRv/cTifSqrP+tX60GMUwIjPwEKzTluRyGHdoG0fZVBs82jNmlvX0hI/2/pOliDOH6Gc46A+8yKy81jnou9q8+XEJfcEGx1eOIqM4JhkvhQ/5o3LbKjQWZ9D6SLvH1OFvY5tEsTotO+sNiRoKaORDAIWlJD63pE4RvsdigbQ5+Ws8sNrcdPV5X9tRFCNzsFymlJzzfDmy+BTqmL/eWnFFQ4hy021M3RFgrr7x/WpirPL87+oc0X+45Dgcu0sgnzlWbJ4HVf1cC4bdqKBPnqL5+jmrlmjAJqU1R/ZQOs5YpcIEJ0fHhfucZ424EVxq2eK8niMTtvdGKggTg4ummgKssBhVXsnETnAEGNM4pUyyqiQpEEjN9lXnsSKsfa/vCScZKtfPF6OyIWTmpjAzEnZJFunAOspDi1etbIjQTmPQgjrnQXVtsZf5Eq2AwpcxzkJ65YzwYScehEb5EWv7JDU3dLN5lWnWoInierctWZ4lEkDkiQUVIC1hVKuzjNPAkHtqOcZUEyjq05T9pUS6v1jA1djlP6HSjwCKNxWuy9nKijOEAkdFA45NUWD7GgUcmF4PKZzATrjoM6lLiFS6UgyFoMp6hIOrfBDUTBxwxzzVRxvzgZSk4OT4CpRb/tB/DonDan6Pj6YesUH4AjnHEcw9Pp8+/b1X3z4+B//7l98750ffNPJRt4be6RRYAz7Dj/C2U1qSOsKUVmQK2Eb3F796AfS3NhiZoG2Lw8LIIHv59d//pN7gl2/kWT2gGe1lUMtebDV4Y9++vlPv61YltW7fV58iWKvQH/79Dd/65ooywl7TqDMI16iwtTl04fnm//gP/xPbLFBUW718PHxdm97vPNYwdPzT7+9+x//D//23/m3//qHbx9tUCaPH4UVe/JKAkgHP314+Bd/9++V4JW3RdWDyQYbTtUq/IzXL/7Gr//gN/7ap4d7Ws30hXpphBY/Jf7lP/1n919/RJztZXjun/Rp7mLDyqeHm+9/+a//N//dk6x4G2QQ3rzGnr1UhQZv//C3f+/xJ39504/t5UuGpBseHFF4iNaEKsySbXFhFMvuz6/uHu5++V/9zV/5rb/+8PGjuZpcR0XtGkqW9DjE9V/+2U//5Hf/WT/soMDTmSzZCyhzhCytVTnmKFj5JKaFqaOeL39fsnPGonKedUCtqdVrvHnz4ac/+fAXfybty3zCsL91grqSupsUiH5RSWp0CxYVKZMajr4CqrgA7ZW3uL1+/f725p/8sz/7vX/0p1+98zB3/PjUpx7Cs+FZ5urVD39w88MvuiHVqC27q2Mp1dbFPDy+/o1f++Jf+S9+79Pj/RjGbE1l3597IPj6i1SdNmXTZCs5CHvbKD69+t3f+XOiSiO04ByDfKlv1hj0vgiFLtd262ES8i+Br678gt2PfvTOfjp00zAtpP5uBHWF5T/9s952z/JeakqQ7CR+/KSVXwF7++qj1DEksDGf8YPyP/tr51I24bjMP8t88mvZ7TYBISn0E1r/x3+8H+ibU5icWcEydA3G3QyMUe/3B+t+lvnUC22tJyNj31u5Uqq3ppaqtuj/9sEbVT+9unl39V95/sYvYfS7XH7/u99hcK/DHG4B9PnzV9+7ff/+mprkiS1FlixPl+P5aVOvnFPSlIgBuhvJ1HtDF0sXfo6GmkIoiqnEnMiGdYwyMizMXCISw+99vLv66Z9/Nl90BUsV/wbNXYcGKpyBkH9xmbRJ4Fg5fkcyYTBPiILTo7568/jq8duPfyGPQp88JDvpY+hsoN/yYMez3wk5YQaumxhk7jbMq9d3H77+gz/7oxrDRZhDhoAMT04SpfVJOXcqDqerOhZ4e/Xtt3/5/PDh09s7NECCGak1PusyFkSSlrikO32r8+Its2kqV+++/LLfZXFp4iYZNjXWfVkK2loNZsErPWxxQWeSdRIZJZ0BmExOUz7rh+OP6pkroEI0H/U3ZN+7CpKMlde51AyjENAXt1efeutzFkno3NRXQr356Tfffrj3auOoZ7GIpms3O4Xxm9ff+8KDbQlWaYKwB8+cuG8a9c2Hp62jZBwkksuni+HsC/FL43U5sfaN6hBIA7a25WOImSCQU365SIpCtlRgTIAfux7dKRByRFPw6HhESS1Y/HX0DCwpMfG5w+lwujgm8hWtiaYq6Q4kGke6Sl62AEVnmo/AyKrOkS9HysxCykHrZeviARzUcQdziABdZ/mi+2yzukw2pNAKjNqUo698jksRzxYVOylRiO7LZySJoP7Csut1u4ViMnJuhoqqkFhtpPxhPrEuhXEjr9JLeRjFaEJ0pgaxTpU0Bx2Hil1nhWxxMl5l3AuzIEZwsew0tgpqNHnQX3r6SA9HIo/c2KV20uDquJimdhqn04yiabSrDUYkm03hyAxVaQsoCangwmrQkan/CC6+VTtRRKJT5qu2FdmaEIjUDFajsWhxoVokt9rrN9rgkRPsVAtU3TDjoXaKOHOyy8jyeyR3HZiUfgS0++latX+ZmxigBQFh6koaw5Kqa6QT/UJtl8RGpFoHHomP40GZg/CrrMpAEidjKk5pdYLVcT7SLSisV9SaNEyVyVFVspS2OB9KlENSfrxz2Keqmn2tMrDQG1UMCvFPqv0pqRoLbI8y0LvxlR7jmmEXSTDiNOY+axfJy0N9oc86VRa8SRxV37u0jv70+Zun15+sk7ddp/VHL9K0Nh22YcAIdmMg6Air1Dh/sBGJ0ZIN3Ny202Cesmm7+TIO7+Rqzw/A/f5pL+SD360jb0JMT2LJQbsJ/uZVvfcjDghsdWY/ewbEP7/i+fbN42/8aouRZPdUAArSDr+97S5E5vn84ac/vvp//KfffP/dk98LTXQbhOweufHbrvaQWP5/++FOgtQzAIREW+ZGRcMc+RtTnl//7Pd/v8dIGWsmzw2ZSROj6/P3fuWX10DSIKOpMDH69FCKFOCrb//8J3c//hnScipE8kr2p8yrT/f3v/yf/40f/cavPH38JmpK1zKprfnaEyJp+vwPTXvkX80Z6G9ID/nlyN3YoChIynjVrTnUP7ZGIke8fX9zK6dPrTx0IbIOTS748M9/dvdnf+m1OT3lh4DgpUgNSiM00r5636/qZnzEEUjFky4U4EeOuTSbWGfQ6otVjpeoCgQ63v30pxY4kdiYXQcbIaIu0HK2YB7ponEkCToqXVFu0LOOU1jdeBWJz34F909+/6e/+7t3N37SzWtTUGk5Ov/grdfw1qd/87duv3rfPhr3QKT9C59MKva+ubv/jV/78kd/7cv7b5HL/N0BKJsnOm1cX3cbxsSLN1dViPUrXZ40yFYMdff1Q+8HnfuLQrybl/ZZJyiCuF1sV2KImPHq3+rGwFzf3vzgtvX1LAw3bf2AUYhC8eP9q3/8J/e3tTBzB4LUGUC2XYVpTrSBzDTDTapjwYUBFmJg7jNr0BmX1W9FACUqv/7wePV/+fsflwFFvImrRynSmBVFx5t34qe5FWlpk16LCsEhwGF8vr0SIctMLPtb3Je4slRe8DDzm3fXTz/5Ez1uu+BqZUIrO2QtYN52+vlXvrr6RdO2WJCceBgsjDOFEwWFJO/s6JKZhFBhGEqhRtosBqKa8mfO6fI0uQV1pBKY1DNSBhRD7z98806fU2v1plTzmUWeulRhpM5CjZOTOShB/auxraTaTjsSaBcr0Ec93D3f/XQpKyVImZ9HNuekAUbZz2U2IfuhrcbJk5+n/tk3RK55GrVxuFhnvAKdoCezzWBZAOULYNGMKfqPVFwxu1aZPoWtPzcKiz201mnN2Cmawa6un7737j0RRaP19JziSO5NZGaYrFIzjmQeTLMs3cAbyzUlTLOffwWwK2SKSbJsrjsEsiZdJBwLAGcHKRaTXCUP9gM0s5tfa9c+FDY4ZaELh70fTuQYELze1wxb3WpBnIAWwy3MGtcmTj33c9OhBECwOcJWw4iE4WnuEy0nOzLjODtNk8zA+4kOGNF1jOl6jiw/dY5KUNM2hJVPwYgGVJmT+EanYB6HJAEYQv1mURzcvnxgX8dylAB08IPob41k1lskhekY8ncEKtgfE1Rr5Nt3598dUBI+RsoCjPe5CKi+YoUXT07H6ulB9gGEgvfaO3LOCR+STzG9RqdBBMuwE3K1/IjSxYNjGecLbmQQqyNTVuiTwAlMKPPz+B68RFXRP4hSkyL+UtRZ8iZS0EkwNx3jV1hzDqZYIWRAPmcahRJVzsjn/amLsA8jyF8pmegR01JRCDuq81wYTtFRfsx9CCHspJIOnzRLzRrn8pf0rRcvPIzmxwhRS8YD7OJIGpHT0sgVqeBWMga6jmM3qBnD1ybpSNOk/vIizQJT9VgA9a8LvEtEagtxckSB189ZEOOWnY94AOkRcLYNS5Xk5pR13aRtaqnBJSYGgYLLmDOCgC8nYxttDFMtQ60XGyHItJbN1qHFZ39VOQE5ryi+FOSbqZVfZ9yq5t7FivOmcbMIZinxHc3EzPNIR/tlIuE6k5/QSpeEE/e6HmDTbuwDwnEGiaYjiw/vtOal9BM0TS4dcUokaV1Y8ZGao5twrgfv7LhJHVNkxM6kIVnskwXh0qLW/u24nIBqZaxrphbSO00nu9/LWkWY12zmjLKEJlyszC5U8G8/HRxrSeEBvr4tubWVqJ/TFrS68ij3jG+B3qAAvgBq5wBZGUd+T57a0tvzg55YPHv0d6vfbVAy8CXDlw8Pn2X/72+kIL0j8s33bh/uH+wm+vDxwbsKDat2/ZiGlLFsbiLF6fcKru3OKC+RLt9c39KAhXCUbaR/J2tc0slMxKhrpdzaZpG9V3H5NBXwtAmA2O4qsOsJtNnp+er2XfZ5fGwzg3sMm2Id+kKSJ55MV/RleXBPmOAkLNboeCBSl6hmbELl2RyebPWBIsJ3saDEkrPBjjeKaU0yRawhGzWt4NrpKQldztmbkfjT7Qh4CFFhNi/a2h1TbKRzzOJZu1louWwzkrS8DjsrLUII0OMUVoWHMmQWKmSiUAPMmuc/rdDM3cEDSz8ArlONDI6ET5PW+V/fvnl+d+M36VT6jd+izMrz5k+RNAN9a4E7X/Xgytb9vXiquIcsaAUDdwOUNZoWdAvEtEso5MX+mR0Kqiplvyc/6UcGC38doD1aV+45PdlvRCJGzGAbd6DWQxJ3ytcFM2TR1Tr+2pvs/6akZevxWQGn4gdiEaacC1/fetZhS8J8knkses+N7JL5mZAfLz0xc8KFxkPaBv9TsQYYJWw5uNtWCYBxA+vbV1+Z37kN4Wcsr2/5UfYPVVvVevH56ubNrckG6WuxEUKz+0VNDnPMOxOAFgnxtTyg5eZnQmlOdl/cugvHJkv1rIGfX1826W9+PvW9dpYi5tf19XQvA83pZ0o0Mxzvk5kGuwU2bqQXZ05JRH8OKTrycB1Xgl5mtJoLkRmJBs2scuRFQn5X2W/A0YYEmd2tOVbd+rveJxOccibL3P3BRv+cLKdM+Sqyiaq62Et1ZbN7MRFMYcEnpxF7xYL4UtQ6wyrAqF2TokN7PmvtPWoiS0U7HWM0iBmd7vWTitPguwZFW1rWdkiCcXqEzFhHvObJ/SyG1B96wlXOHOno1Hc6aAuf7QK39sDA/Nw4nBrH2mN4QGvX6d6ievZAayRHNjlGN0kESuIWqztRNfmwywzIOIEL5JjzaBVeSFmgIHHhLoSzWjPOPOHCWWIPuxm7J8Lu/VpEjQDmqAaF+HoUzYJOqKWUDaW1E3KjEJvcwr5VD3mRM5lBhNEBkMgFDZL+KnCic05g6ifvESg1M0BVU6CCrs/RaYSjVEnkopOqAZ5KBBE5zDMuaf3rOuNpVRSoK1pRVPz1oXBeOGSVTbCoIpIyEPqKqWNondS4+1aDz6XW+UWebLpTQCcCAq9r8l9Fdc7OMeBdJfeGlwjxmO4ALOCx4M3sZPiiev68MM/PF/0bH1N21GIVo/HLHuua9AYsshl1hKdG4IVRdAKcutGZDdYOBpmRo3hAnC2qXM348JLPv/CCXY49zIu28//uki28IASXHqOZCKOfBAmVzAqOYSs5DKuBFtFq+6hbOhdMiBjMesCj8oAuoBekuj/jymhg2lIBKP/H9lCnwQU6cuPZyUQDnsgHLXmOGLNjOR5JR4wVawu68c2+4PcPfGdIjEpKTuxDpPog9lUzjnuWqQjVjgkRBYK0/9DO0UgcFRYCdcJGsuwSxxbKSpnkaofOJEFt+oxcAq/LPTj1OdUPPb2jP7PHtnEv0tMghC7xKBeu2DHXRmANH98LuVX2kfAzQMgFYGWFfGwqq4RtEl1Z6imGVYftg40j/XOO40YHs4MAACAASURBVLCmEQaK64GibXBZ60F3fA6tejXY6YP20bSvwz3xiJCylc2FdV4IaT/K6taQng5yRgWLVrC22Ww4rwf+/Niu5ZIzC+3zdGrFxLim1MaAR8k5VtZ+Hrdej8tjeVXHRo46MepOTG1CfdiTWRz3Q0ilulM5C2oNvdCC/BRnp9bIsx8MHEtse/8jIq8thCvdHOYGpGVxUxEjsF1Gst2g5chSf8TtlrH5J6GlZ3X4M56z0v2d4+aWgRUxZi+9EEyMJeVApbzEuKvIcSR//mwnv6OC9AxdUscKjKmocUcAuycg+2reQhHJaElNe1YGA4w0xxTUWcRkiGmejfsXu8WKC9HB3+ZFzKH9d3TWJMvh58mabe225atPt36bttet2qz89t2NFW7k2/Zw2mICC4XcznWVLdDmhz425yklxLosuZecUmdqnATNrQytKEsGsrkjfjW0SZ3BHFEPBmr9Z6fxVJEDgSRQRumN/t1tUJol2nzi/o/CkCTVtC0MkGyjTrmwsJEkco2EHktH9ndnpdxT1m1OKG49j+7tnzqQtkxG1yMooghWWea65DI00uiIpES7N5KnCQCQIbiQTWGWKBe92Sd+NN08yF6w2n23JCh5/M7TMnMHwryPHGuj0RPhBMjbG7xr2jZ1kIQ8JbUbdpgJAwin3Qt86FlrBfJdsmc55V2UyWUZIeGu3gNQt79MRczCqemB1NZlmYpQuJtxK29W0oQCml1h2hOTdr+RotNxyx6iNAnSw+P7hTCzQL56fR045o8mPM/3ScPYOXLQ9SdEzkHH2xu08VhD5m0IDq2kjniNiBMXhAmFt2DDdN2H0GoGdSTUQ09XbmRtsUQDFuevIrAQK+7aF5dSuPeA8u6jwS9GFpzYF3ydnw9ovSOK9IiVdvlOlyybpB2EBoaAvZNPn28CBZu+KrX604ogdc/8QZKNmXkLLULL/xk2rd96aMmsjGw0rFZhhoBaNd37rAXVZ2azpFzMFbCuJ4lwAScuul1C9RTiQcEUqiS4WApSp0DQWKdMweIyQ4Z2LM0ckyPyWAHGfM+HZN1V4e/7mANBMsya2TGjESXXBDrw6ZATGSekNezGvk6K379CbVAFTFYefiR0CkDz/DpNjHJIkkOurzhKEXclPrE74bCmRKjaVJIyU7L1Qwz4bpkhGYhA0Tik8TgL4ilX3B+yF4WS+KJmZk0oTXZ6x/mkQQF0JH7wR+tChdarXPvGLtYgBpKXkjVvOLmABl/inztm9zqApIxpR9+Lh13EUpHql5BVsi6jih0vBecOwBoLHsjAOrRwi4OLSbagiXccyZhpOk8q0s/x6yIqgNcxajvJd6xJBv/rv+a+CFWdDSvqYuQLn0r14f7nEVUJl0CZIgvtYlotKOfZWGeVNdhRiP5CTE3UVUN3ZLJzwOwcYYxYce1ssODFSn9RLFZjGh3iTtKQ9i/EYykVg0Js9Ec7u57LxNt5ZIL1HTIwX2mBZjB4xEdDLqodRFiUKSXT6UGqiO5i+8h2OqeXosTKPgcw0Ybha7wL7cmbXabAYLWyrF9NjT/vAc8pvpJxJ4dfPW5dGlijwkXWpMLDKHE8OTUxgHtR/4Qy3IwwSqyy/j8xaieKIU93HP2bDGr3nRD1bhgC6gmsF/GdNIHMnAH7OMKEEdEOpwk4shGYThOp2ijWSwicADsSJZSRC2+Gu+gSpVHsS8SOyRw71BQMucozVOxyjEZQvf9x6yjkBhrW2K8agwRKOJ8kOVQnQtr7vw2iGS7XBQPyYl0aTX6edSYvapRV16V0YIaP+RYIC11jfy8CIoCldz/F1Z3YLVs2CFves2udvZg4vUq8loqIAINaP0ojvaCRf4kKxgBTNORT0q6FatqT24UhM9tuBKsvgVGlHiVX2GSAbpmHF37LA8XJG5ON6zVIHbtx3ZNsD3cSPDc0Xr/74gazx4/SMAvg15Yke9f6I5mjZ0GsgDYWlgXBfdKWJ+bZOy1p3oaZ5WFyo5IGdmlm0vwhrRtWc4RwX+5RTqZ7WxragiocSkJkqGK04VlTbrF0Yy5Fu+my1pG7PduAXsmrme7SnficOMhHJ9JzpnOAhb2MwW/dYuanm8vgjkn3/lNaidY8EUI/t7aXjsrRcsiyN/pm7UQrSFoXFzLFIIcWKbtFMf/kAtpRoOPTg0zv6a1Hl9v+d0PIPOQwfUnrLlGrpFBr1GLr5pl1WCSPGEZFO/dBXTdDGOVgtxp+djsdAXtl6pv3XhKV55e2moO5rVMAyPkE5ZJznkEcFfOot1RmK1pxAkMga8s68jJXiJ8+PtYtlQpl0by+O5DmGCEiUjcm4cjXiUpG7aD7PJ7r7etJmpvsx3ypksVKTutyUtBtttZV3Tpwi6j17v0rvQaCo0DnJUQig5vuth5rAvV9jOQretzArokxa8Kxaw9zLZ3fvDRLIIlW9ZyInrzf7pLbr96Z6mYGNe3ybz0Y6eLC/2DVLkYF+JG3vTZveg0XuDi2tCRFSvgx4axgvR8MSeQYg6WV1um8fbST0I24t9c25LkuKOlI9N1mUZJzm3yyfg1QfBCoa2ynu5/UqJjtVa3HQN37hF0CjJdEtPd6dYtwmJvS11elKXmZGBxvkRAVD418vm2WzTFinSXonm/NG1FwSZDc1/HdWXZf2apHOvMnNEYpcsDdANS/vLrSwlTkKETWScTLHb/97KAnEGoZvWIt4YobZjdrtdNr0wOhIzCSvL5OGWvsIMRJEtkE64IlMca8OfhlehDPNa7JHBF1NOAlC1kh5gTOCHDYWDkh7kQpsphMMGpOGL9ZRp1LI9AFJ3DHxciJMJMVppldBC8IogjB//3hFlgME6wwWQUIV6emz0TKzcmTSPCBiBzklU9hDm6MCtKdDXM5vDLRHC8+m3INNFzpeGNhZmKsw7fwrY+qqI4indokNepD9ZFVSnxUJ6Boq6XsuMgXvSP/asGNZGQVnNpUdZkZdnoq1j1VEnNWLR6zebYZeISnf2QSK5YHvJNawAoiAKvPMAbx8lVB9IilJfp6wQmgGibU5JyPiDMTgF2d64HMlAoZ8uf4nES/CajqRelwwV3iwVk+WKHPTo4WZ3idXwvo9ScRXCcUVf1CHlwjyjG5QvU0KVKz2NErM9ZAPCGI02io6P8L55kl8PFHPYTJnmAuoqt6GnVazAUdPNUQ95fvK5mmY7PaeE+2OZsEh3lfgA9KLFIK7OqdxfLiLIW40SLK5zhBCOOic5hqz9VxVyQvGo5yg8auL+YGHD5bYaX9ZoSJNsGyZzIkzotMWAShKoXO8I9ErfFICnLQsLTvgCZhXI5ax8aAT3kiH58cZlOy00QMxEk9WM5oZs3KBzfdgshc65yZXlH2mRJhhJSx0nlns1+38i9CbYg48Eqy3RyK6QKtmhDJc+4s5t54zixTSPV3zp1VG5s6magR3V9SfodZ0YYwRdEKNNcMKbhOjqMTf7aFP75Zl2oVxuKYMVVrumEeemoj9KL+nDWRIhhxGGsT0w3FLJL20E7/i+Zs68PYXy2hc0SdrPExG4Bsel7mTsxGUB2D/t72UWM648pLr2wX9sYLBvCUptewPML3/iAjm8FLbmmNy+XeCFS/Bq6l9jJDLz40QhF10vpgo5LqXowzYzV/OPLPEliL4KTsDSYkpqfRM2UzjR0+0h12ayR49Vi1cfTOi5PfeN+OXR+PHz3G0N2AEtD14c0w7LOXo8hfpYzvrrNombO8kPJswP+lZcrZRKbYj8VS49gKDEEMGP1C2Uxboli+Wwadauym3MXS36MqsXIm+tljLmyoXN7XXIjdzRnME7y5Pi8UHxEvCnwt+lM/00zE47zcm1aqWGDRkpx4b7sL4Xu/U6QSzdTI5hk7Q1h645uI3XwkleNRnCT3i4RryOip9LHXmLL2CnzEnLCZBfE0a/QlCpkzjWiYDs4qAo5DVi3GloBUtp7fsmdU2mlTJ9+qrahwMeU5mm2Y4cYmFYVS2O1ooprHq3neO17xaNk/a7SHIkGk1/YIuS+gzMyuPrkV2cztB6dl/q3kyrU8aJsjvR8q2XA8LatJroKuUlWelhnyvQrzjVwxc63hEir56bmtMU0migcuaSecCOz+w55bLjwYa7oJ+55Bn+0sTGfNGOSCWKOMRwZXwo0LHKUJ4l/WCdqpGORUDIRX4nYbpr6AO6Hf2x/xqKz22Wz/7R6r7clkTyp4TncaPr+yM8hYAj0qtbGM3cy4OwPtTNtMhYhzp4jKBMfv22QelntCyfXGJiNT4roCTPlE+7VTT/MPOYVoZCF8bU5mmiqK2S/+FxD2lPmvE80muqXNmQDXBIOrSQUDS2AR9aaVgIQR+aYkBb9uZwlyXVVRmXrNf86MC6901odon7SJ7DFhZgULn47xyiZOuuw0XzkJB1ALv/U/+fzEd+4LdK5W2+RSWGQ0yaZQpRMf7QZFeaoWYOEANZoUHMeJEcfNdayiiNlGRCSzlBBpbWG3OarLXIk1F0JpUMpYOjO9TcseSa+Ua+pJI3sKA57DuOZlxEh+PLMKw/XFcOBZnAaxV+tvhcM6hqn0sM2ljR++AZNqIxUhD14SFNkRO9QuBAiprP9MOvMWJOMFrpw+DLVTIJAhhFZxAo91FAbYRxaMoo+o4QsyixXtq0JXIND1wmqo1Rya4xqmY0Jz7+gkYSCZPQn237l6olQU5ajGk3guD7HxJU2DwIwR5zhE6WL1OSG3hrPqER3YoTmdkskfWmSr32tq62t4Q4xAQl1Y71I18JdnAIKdQUbpAKidQCvK3oXHSMwjcwyYmRSoGWQIuEAIJypE2kUVidKorWje44PibDaqaOGf9yaXGm267pj9WhWYAoHTk33rdUFeuH3HcgBxyuCwQKzOR7JfyleUHMDDGPAqU9oxsvkGj8TkaEWnAnKGmOcmarQd2dyRS6MPKwkcagZ8SAS8JDThGxOje1puIg9tkNEageoPlPJJ61ucF4N1YQ0gMciCeMbdRYAIlOUntxpqOK0pR2fl+PLIC3AIlY/LpZROM1ohvqiOGh0VEyBd2SaMURyF7/hfCAnFtYEDFbthpPqxfGxVJlFU6tXrARuC1k/MSpFOsLk/c49ondkxWtpPF2ape1j5yEGMboY5fBBdQcqucsUgKKnkYNYBOcfTCQIiwMC4I7n9oRbAqFproeMhmKAJwL2pim9UDu+sF3r4qQnu6FR1TSFkFAdVmb9gR0BdmK59NgFcbQIORqGS5mBhOCYCyMyhUkED3qU2Do08kS6lax9KS9Zo+DKk9aKPyW9Jr3eyS7sQCf/Tkx30Rt4ty1sOLk/LSDbgtqKy4Oh3uErOSprcqrfst8YvH6FjviB0cwDCFmKTveQ4OSMwW1vG3Di/McvQl+wgEj2H+HL0iVdTl0j7qVcSXNTscWZZ/uMneX8SmL98+nR9eytHdOWXRvvn9aPAejN7rWhz4dr7ibrrmxvEEZZnYCQv64e0WIqhZUjTmrHSg6J7qXJlmSJlnBOegF049Gk5ouPkjcm6Dq1hfBxmY5ySx7/cCSU7Rc2o30CexpnNhn4Fy/fyHvjWyeoINlQnqV+9vb/yupZe4UJrZAuejBnxPHAsSTpMMFKGAeLL70sPSjYsDFvRNN2QUJROwk01CPMDceRkSLRVPJf0e0RaFCsBkoJL3tfdrXXNHG3bh1z2lDGLYvqVegqSuaF3K9Edulq/5PD0yX/byhHGghgwyIkhsRK59fsMxn1UbR3UEjghskwr9/20GFqfPYze1mJ6oWEioUYW3XSSMUYT8MZS7sGZI16JnKRN3XJoIaQCBmOwUAHX2xinTCMXI4oa3estIYmVuamYM5nXzKL4ISwJmjOdmj5NW7OEV9pu0lBUIJ4DiDbDZpIKOgqpuSd5zQjevLrxHp7NKz1d8OqxMbR3zEuePvX7Yn6Uo7d3UpWo1x7W9/rdUsuifbtZs8o8ike+5aoS6nhnB2xNhDJhlja1VID+9Y2Ab7c90AFEIqbUMw2gUGGVDdIAHPTDNIOmto/jNg0W56asPdLN4uZUmNRjRIHmgmpvGygqaiS5QIU+wAQMcZpRYn1dTyfruNwHGLAHANZTT4taJfzsmAwRTzquSMBiuTonii9A/BZKhfjubG02R+YlLTNFEimiEFG0rB4kggUqCVdIg0Lu+e79Kz/7EHOsoSPQVe08wbCq98k26xO7pnMdTm0DXf2Yy2HXf7WlJSBVcGxOunaeeXwIpTKqgM8ImBP8GNlNDojZIulCNlskap7HjbpHxngOuHrnOv9MdjwLalgIKxynWK+D8l1Zgs0EaDuSeSgb0OrWojByUY189YAK0QMLfy0mkVZyZEvQo4hrvEY/Yk6OqXA+IoSWxIMhXxCDSuWdLd6UJ0Sa72zIh8mFwEVaIuanY/jZQ32kROLUq90fzx/6h3OkTqxMoLRigBUmfnxr35GIthOFF/NVPSVmityTPv0/4Bc6R6uVVjOAzDNsBecOwOj3UcUoo3bYicUqRlttxINIjpltdfX7VRCxNiAeI3RBGs+BXWIJ4dTEoqEsmiieshlJIQott+iep0ASb+TZOLGAztzwOnzXXo77yx+raQAtDKKeKjl5lwmXaNNrmiRIdaIvwFkpPVcesamiCkvJjM/wh9M53GSpoFhhhJfLiKw+qtNyPU8Cp3156OXfkSgSDpBBZ0xoHRRpmJ/YKsClbsfMjoh+soKsMf2yLPCxGD5aM/opHm6nI5RAi6CQhx8tMoyl75QY9VlwClY4KlXnnKQ9rXkGnGUiEdBITPDTztJroe6k89Ev1OvSkyCzzIrxQASPmlJh4LqvuF6ObA46G+wzbkH1d9h3ubLy00gSa6ydjQO9EnVyAWkoPXZIPMzqDkLLTu0XQM+hS82hHRMuqc/xIp5vFGbm1ZXB9SRc/GBH0H+knGlPTaOT+lI+FBos6xtpNnF9vDGkOnKhkX4rHVQ0Lia6jA1UevH0KknMpumUFKkNQD41+7dLeNrh5Ky32cDfzYHnt7dXXrUJ4KTMcqCe87Pf+OH54eP99a3X7zzdvr+SWyz1To7zX1oXdf3aVRmZ0tyK/NgnQoBz4vFvV4sGQtiH0LqixeDmE4wgrpNxg/wekOCH0hx7gG5urlnE2j6S7oWXYLfl+bP5zFT2Q1F3V+/bs7+NM27Ek8cag1dKdkIK/ik/XDAX60ni2/vct5I3k1xq48SWxE5U72Qsd0i8rbbyc5aakeW/7nYELEwhlONukoClYuYthoqvObNgLEwa9sLJO/MZnTaqHLplnJZUPQodKjKlXFm0OCivneRxUr+IZhnKFGvYEaiGOzfDWS/uW7FCFjgZ0lyEOdV0yTbk9BRm//xP65zR3RXw3XyYGrOCRLnMAZjlV1AodM6kl8480yZbUSCIGLNJY5O+LU3V1rZhBnwHO3WHyrIm+dI4LROjPt8395VBlFlmN5cgyvyu3ro3otyTAKavZn8QSZOtS1BnU6B9R5HtqZLVC4lTapm5xDqul/GNzPFOqZkZH5KAr7eI9mttwWK7RLsQIIy0nhUYzWnzSeyaw1yKsDOtBGd1/iZgJpYMazZIEsmH+vQTuvgmF/BuvPhJbA+4aH1Z7OnTx4/dDfvq++8ASn7ZW3vUTskP2Q9oXN8Kfrtlnr/6gqbNgsxqW1RLAw3UXiZHzyPIWc1lVOS0grxMukX9pvqOdg9uMxhTdsega6/1auKeCwbhOfjMwv7M62x2GoNefZqD2a/YmjHXcRWMecCbha07VJtrUhYYQDn65oGu+eStt8SS2TMPgB4KhnLrUpuaAJGswmfDfNJAmQybz89zmbGgiWcS+ij+4lKcdCy+ZptsVGU+dqquDmZz36Av8L5rhsIINChS+zfgYka3UMdQ62EVT2IQgYRb0qtdHYmcTXqtYr348i1PPUXRk1Gmt0kWzMuBm9Na0YR0duaQTdwW86rMAKhayNW3ACRYLV0cEknz6p4kqbpnmh2mk49Few6FR4SxImeQK1Dc+H8suB6jgiwgvMA5p1DWi1Q15y/5/a8oIx2l4zH0+Pf/crmIOtcK143GvgO66OhruuebvNj/ixJgkuLQw6xi1bteuatK4POF07ounwnfes9p9hVUhVgqROA7IsrjPpdEqxqf/o4MXQaMbG4OOKB07mwo80kgLplqQN35cJWhEyapLlxGpcoQRtz3cCcXVydM3Ks/B9Qu+6dOKznY332G4eizvwvBBJ7rYj3kpJ6Eh0JoNeTZOAELRCxyR4ZPBzB6XEA7jV5OvMgNrBxvYg2nIXKVx37KdiU8tcLal0ZzCPksmg82OFcBL1xCS1eGVe8ssZxMr4StISqfFPvufFleRs5IU8H36RIqHQvxVgn8xrWpFVvoeYrOKa1mMVHjmEDLYyM6GSsc/HLcDJN5S3zUJ/MIJM8GvvwJFZAuwYYFkTm9iv0iLxVDmjZBdhpC306yp++LKhEaVsxSaR47JQBDTon6a3arA8te2STwznx0zB2x4RVwTHwEmBaZK7SjIXKTkiZEWUeEyjjMzoioyJ4hGQ1jokGmq8+LlGMfk/qqo3K8/HuRKc8k7lKVY9N1GCgzr4pscv4PbKkpG5cmKE55EM4GVbePyJHo1KRSUL6om047KgbQ56Q5XUmQOKNABYO+vQ9H0BSCnyCdUVE7xyca6bXF15x7BEkCyYQxx0kaBBnfbQYl4sStXH3ZUAVrYtEf5GSLtOsSPGt5084SuLVzS5tWyzoW0OsB6/nsq7nu97SeHx/kGkskrDy9fV9+8fD6yeOS2FhJXaJSqtMCJ1Jl4YaSz958vtQMZiNXeiSR7wSlYGuLE1ZhMZ2s6UaT2d641RL/43ZsLBeRBklswW1Mtve9G+ulK3KTLCjPKIuLLFAPAlggfnLv4sqNjZaB37z2O1DmFVZczW18tk4o4ES63zU2XcE6+7FEP1gGUrgVgg2XnMZ2i1RglO9pzlqnc3UtSeb5REKi2NVXISDMppuvbLAv2prdFBPhSwPq76E9+VdrijgktkjdfBsx1JgvR2FkhC/ejsmc1tm49NQvWlLzhqvEquEDYtG6CTzbo1xqgA8OSoDREXszvrrYgiRcFWXz8wnQo2yguxk7OUVpGxPUbrKGVR2BfMIKJZPl6jydIjiVV3bSxBIR8rSQmQ5p41ALF/O2+Mv57fjf21pPfCZu6N2OgZSFZ/yT6pWUkom02SdAty4Ki0zb6rKoRDxt3cYokETLzAr0ModLC/oJ23GQebe1Uo+yOyEplLNlVNnHWCT+66EIhkC/aPHq+ebtNQZLf952Fxu8BXk4kfacOBldPiRJQwmvpHieyzYZV7I98Wuo6w1VUcbpc1vPTS3aYC5krimSSz+Zx372+w923XxrL9y24WsmDw+PsmSvROJONwHKZVqtf74TIN0jcoek+bBtfmRjoTWEtj95E9eNWUcRX5Ka93rbalcsd//0+eHu081NXhRNSNVa5ji9j8u6ikIiK9XNJT1dse92gzpCuwQZRTJtQGw8MZduEA5pFlPp0Y5W9Hk7CnCaRu2U6HUgDMPL/SghoJ7tcd9JPaImfihuwp3gWjdsUkTdNUVn7Xk0CWOZM6rd37ySdMqbfa1OYy3QJnzwUdtRO1uBbWDnRSVMBzb8+XnKglg/RHIecbWMJyqGiIIj2rWvcDNb8qRYzVN71KR43NGtKeDVBlvcQO1f6yb15IVTRAi5tqJE1MaiOlTUu8g9NZhaaneoarUzQ9aJA44vvEJVD9ORdzsOxXov4JMBMUEOmKPZedBBugIdShDJLsWuyJk6p+sxiBVVUIdv4CvJjWkUaAIndXWxiFqnABNDXXKN6EEPLBw1C7AAuBF4UH37O0GuZyD7iGU5VcH5xuToPFX6iOA49u0CpTxejxjeRV8gHRVm71nk9MqDrR+CmwdbtAHGwheZxn6MojZu5yvr4nn5vzLcUnrkJ9gL5CSdwqNx7gAMbjYhLsPn1RQ6gkZ4Iq71JXrqXT4GMwOlTUwn2KonEYXiJChQBJJRUqjTiTg1RRi24HL8tIEyKPRCzLHDic3aH7KKUnLfimM+B52momD6T6xqgwZwCncZSvIcSuqcDLB+BYTLqhqXNc9EIk6Sk3LhEMsgjvsPncRUmVEGOqYBVQA7qK6G6eTFSzUbldWVS5eZKamQBY6Hl2FP/gkTalJG+vhgJbuOF2IEH+dIg93VvgFVcWGepdbmCrdLcb1b54fCABLrQs63JMnQlZXzUJipllr7glnfWGE4zi/KuUipKAJM7YVX9XiJBH2bUoRmImUXOYY1FXNzWOSrGzCUFKPJmsQdWDqdVV6KT9U0zhYtzpHw+Ak2BeqqEqAjwQ4mQf0P7lgzdaA7BlLlYTW1kra2THOBeqnsm2yGnXyaeL4jMkGJUuzHGReLPPwGP5TwXBVv41mHNXMhMGV94hYd8i8ZoYPrLHhYhX9Ud3YhKoWUppxLarihfN2v/Ki1WXzvAUTQwHL1l3/50evmW3n8/Ob+Y/mQ9EImofAnn57/2pevvnr3+OHp6er2Nv/L7j0H0I9cGoQ/vXvz+advbSXC66Y96OTsuatSdHsxHtH3hhK+FkdwExGX9HbmoKDhHJ2sg3RLoXtdnmQFVBlAq4necfhlJKy3Wvbbu2KSxDrlu7/80LaHV28fJDhX72+e719fv7+V+HjfKRl6saS73zxrDN2bba76Sdk2LusS3OZ4erwjyifPPXx6IIC9TFgUmkSVhEncmlO0CTjxyJR184XoSY957PIBRq3faXp93eyiKEuptGWQR/MvmNgqvNgiEyxLFpLqCNkXHJDjcl8qp5dAZFsdRM/GbPMEtuZN+cWDBNFdkXe9y72w4PeFAuFcJWfJyimKrssGACXTQTSWbnjoVLQwOImuc2XF9VG8AwMdApFwQxYJec5nmxzsyLLQ3KDiXlH5hGhVXTJelwbbGnNLOrQTYXkZuW4NiYRdJcwCPDNoBVyAHeqSaTYVZ7Vcxo1kHgYhNQAAIABJREFUzQb94vzYSwXPyFqbKSy3LzBL7psdsn12LXKd406+BHCsdUnX4S6tfOVBTqn8W8ku4hJOOWVdQpeY2Q0U61JPAbOuWy5u21KyCjebZaIY7fEzJZUYPX3rF9y8qUUpCbwx89WNAM5HTXeZOUlEXO4ul+vFjjbX9evdTbMeH/zE3mcv4/fmW5ud3t4SPxtDd09A3/bl+6v7/NuPc33wSIBH5K9qdf7QFv4fHz9/6Kcz8ie+Ot6cuhzn5HR3T+J1b9Lheoy9aKsZT09Z5FK/bdf7/kXvgjlrBmZdn7LuAyRtGwBNAvtpA/RbcdTEmgjhyhUUa01E465dpGWRU+NffLpABKim4L4CCmzcnj3WaJ7zyc9/9EiHHf5NF8QP/bhGTPTO1z2M4P7YbrlsAqC9MGpdsd5SWxLCRNw6Aq8L6gJqbs2QCHJpayCFbv5bJxWAAx47FliqfOb9qeWr8KAEab0lSfusvSsAtRsGfvhZZFGDexjr0nugh5cJKkILS2S1An0N2oKd1r44Kf8BqpksqpLlCJRVT3shaZ1LoS3WpgBD1tpTSeev0SVxAJnE4AOZVXw46Xwq9rnC4rBKSJ0NyWVDE1bfISRz9ohLPQK3VJBLarYXuPPdkLUCsP7FM9ALo9G5XIxoDY6xCqVaX6D+4t93nnhBVzI1fXHyjHikWsU8rBxP2jc8ZhZHAkTEXxYprLO1s7D5Myk7Xxs5nJUMbRGwLmE8Rj0pozfltI24BTeMCGlMYzQDj3H0YzJOc0fSkGRrELDXU13yFprFYkdQMcouGDSqowRg/A45oPF+4a9FhrR/h8ipmkXDZpf0SOZZaJLh4roAGNzqOj9x12UGQmm0EwtGhAB1Ubc7zIxRyUQ8Aq4+d1ygR4iZsv3qFrIndMuD9ASJ2XGJ0TCyKRZJiFAM0mQEXPcdQCAu4j7xle/6ApcMyenf+d/ZyPkKpwauy1onEZ2yweE6H10sc0a8Blysxz1brTQZHLPVRZaECqe1oXVNLg8N7SxDVF8/OybTsaJRnk41sXgAivCLjbPBhKouwJh2Hq7jjJovIBdfAkr20/z7Oh1OkmAzCtFCog4/sEMsXrlMXbCxG6NxivW5SqFESI6VpvdsV0lV86BIRr6ls5Q45izIpkCtmw9m/IiEr0L4Z4Cfy1OfceEBJFpk04pelDsBAj0KJzkZN2Auc1sr9xMrZnTKcKsKJIVhpVrFC3Ag6YdJtrhI26TgCBJy05Yu83QjfWZLIgq7WD6F+qGS9Be2neIiqBZihqealBDHvigcKKOAaGRNrvUH9VpbwbLirSgCUjFZdltjo2iZrH23Hif1JhHh/fz0P/hv/9qv/YI9BjKcm2+/+YiN917c+X17L/j0RvmPH3/7D0wb5MH36JQmzqARA0Dc69e/+UNL/jpM5EjXQqrMlGW6GfDq1Tde3dN9Amh0SUH5gBV6kmLBCG3e0OOv3NDoLgRdwJDSc5z2+/zmL7360q6F19cPj+3nNuq3asOesqh3rz58/c2P//jLb3/2QOzyUZSfn99d37Cx9MBPhl17Wf8bG/3br2J8LHlmjsJAjvf24zf37++unu/vZRnWahuJbdklgs0Utha8+8IDBoy/iaM20XYQI33+rlsgOdcWPOhRNsvKj0pXpDmW/66+/6u/9PDV9+zDVRtPf7n0oB3Xr/3MhfVh7AsKiWUz1+/e//nv/0TyphDSlWcziANK9iBX++p7H/zOrFRkhu2LVGsxwm7E1p2etoFqAvpLhwISG/HIvRiUFrrnY8+GN2nWcBnh7c17715n7/YwkCuTNUlDRG1SeVP3XT8l58bRkzQt/xO0XChgw49fY7hnbPMKfpEsTj9ZW29z+nzTyyvNFf0ShS1bY/D6sx9NFhuWdrUru9y3OD1DyXPtupEP1gwuluSuxw+vH7+1Q035lUVzAd80I/vXNGVnclkRQDRINYcmFYWfejiensDJ2450uSYRIuD2nXdMaTlPsvqH+9ffahM5Tr6r7UDMFBSh44cH79H3c2b3nz2qcVmsLoUrRHpa/vnzw/O3T1cPd5pOFmETtkqult7lpLbWP3xxVTA2gfG7s/YUXX2+vX311a3ba0+qvv5w/fUfsiz/PH3hR09feRfn1c++lva//dGPbs0KfuH7b58evJ/T0/rc1oZwv3/cZnSvsHx7/eX7t+++ZI7z6wEMV75utpBxWKeJ02Yq0yfn2jiUfbIMgreaz/eo2qu3eNZdGkycJI9GwW9XaSdzFz09W3/99uN9evNUZtKL+4lwM/TuAhlKXeOE7YJQIJtnv3m+8UNVQkXDcafu9srryESQzub9+9tf+9Uv/8afffzKD4T3AAip0Okw1XN/zwP/Hz9883jtZ91qV4z+cH9/fX3D0N0fqAEaVYp4nMa2NoC7ksvwUbAmkRJtaI7Lu3m8iDfF3QOKkBbPxBiBAkBshtI2a0H6tn2T+paetqqRAMD1tvuPzcotnCwukGkCZG3BtBFzOmnNo1M/0O3OMTj+wZMR4QS08Xcnjb3bV9WDWEK2x7tICN8lU3TmX61EI7o3h2rOV2HlCxQVNWOUpxdEhtr0TGetfcTScShtdDuCoTDfZcU6U9PB25t3hY+K6TF7h5HY5Dv2HdsaXYj+Bu8skyvM1hEUIu4XBbar6uss6Y5YRcfmyR2LyV+oq15SemxVoA3eh34SQPKRbjKdqmnXh0vi15PXzhMuqP2DVHBQLX7jFieXEz+EDJ5s01fDGG6MIhPc0DIOGokSvKv84bM/bmhGGMdZZ0Nb5cNRfDGFomFkqtFVHlZMAOeqvB/UKXEmOLucCtEDM+VS6CJlpf7OMY0Tw6G0/5Mdlm/qdRyt5jm1lQfN5qa8F52jGH3mwTEYLXFe6bq4A7GIDsMf92QdJ7OEk85yXD3GZBaeAY9ZjHa6EsYEGD1/QjfOFSRFAIEenV4Mg5c6oFyWDRdvOVuqpfFOzzgk/rB198hVRZwKJ4DWNaBokX52rsBx+LrII1GGXrqTFVaagAvPKg7ADHXQazgvLWdkW/daiYEK7RRAbTaakBNJwjXFchRjFpoLlTgNaWaZQBuQMlvqJ9JMG6ASlOtfuPgYLNxRbHALvnJ/UyHvTiffEz6L+5fYI9rpOaoJlNmmcaexqwnV408jZbWJ4VNkUaJPyLsX4yXvhVCWm9KBD3Ykx2FaH96YbO2dUeO43jmnQ+1oaS+R02Bqp+YoHuolQ5VnPn8ypak8iBPOVSX3BWjECjkFC4xEXotZWWbsyMuKw4qyi4PxIocamhw2waMxCc/pCa2jwYm9bRtDlEYN5Jk1rRTUMurXtdOjfmiSgefn/9n/5N/4/o9ev7l/8/zhg62/st5Wvt2m8GO/Xzz/p//nH/+P/hf/6Fd+cOMpAO8Yl+S06Jauxp63Hx6f/jt/+/a//rfe/uQbP6gkcWvXgd27FvJKm3tq8PPHhzd3+6kmm5fTMnfXVyNBUlH8xz+WgeaUmh2Exfcxhx+CZZT/3t92g6IlWbrPysKkrBSZX/6lH/wf/u+/87/83/yT7982HMtDZPwmOe++8HbGq7/86d3f+bd++X/+P/1v/PSbj8zY+mgpgRaEuXh4vn17/fXv/d6Pf/d3sxIZKObb7hE7kbzEXQO8uf4KvMW8xU+Ogkj6rWHSp+gRuD7lH4vg6IiJpC3V+vV//W+KuUIH65Sep9OkYC+M4kt3RPA7/h+cadL19b/4B7/3+//P37l5915VlHs41V4UPW3D5NNno+/rL9+/ly9FeauuC03GzcPMRaeF7eFUNCZY6ickX//Lf/QPr69umyQyvwiQPrYZ64SoMf7T9dtbVbCI3DxB5teqPw+8+uH3vv+/+t/+oz/4kw9+TbaHgD/16h4OhO0zI7z+9K/9je99z4toNkHN9Z7X7KWoTWkeHu//2o9e/xu/fiviLgs9UnBmCNcsEYhzP+7Qg7M632nUJvV0c4vq9urD1w///P/zJ5bVP1vAp9wSz2Zu88Xj4+OP/vovfPUjvzPcXpTInFsRWnu3ZUT763/z3/4tujCgxR7VQs6tjHU0n796d/X3/rM/+yf/8pt3Xjhlvb7nd9lDC6oFmL9Ycv+b33v8weuP1sKRqH1NMtp40+a7not+/7t/8nj/gGbr5tLkm+s374Wodvj0+e7V069//9Vv/lqbdkQ+KQSC6ZxT2SQhvv/+8//+tx//4Z9+3mtvTTZ62v3LL6/dGdAuPr2+//Krh//gv/9rb9wq6umUZqntx+gtSYl4//j8w//cL/6tf+fX7r/5tscqyNYcrM533ciGyxqjyUuJda2r1tlMboEjfb9++OAuWSYxI2qybhQ0IdBDvDE7fv/P//4f/b/+k9/56osv5aDaqsB4vHc3aR34qzfffrz7jb/xw1/+pS+ZWkSSaRFe70QMDC1D/MIvffnlV7danNZRZtAvQhBCunz99HD/7/+7v/Dv/a0bMWMRgZRFcq1l7eTtq28eX/2H/7t/+sd/4cWkto81waCmB5Y5x6m8Sty+f/9L3laGpfYhMOE7WSCBUp/SqS4HOxZ4GXZnJEUd+OZyOojHrpxqV32i2tYf3kfjqgkY6lt1cE/p8UdvP/9X/5VftLVR1LqL5KajeQ7rzCD9Gu5ffH3/Rz/+xou8EDbE8VFke8SoBl5m//nVnWcscLw07MSc0A0M2sZPvr4LkW6zjsIGHldaKit/ev7m22+LS/8V1ifoeQqUEapoRi0YBpPedRornzhAzjMVRUgGPIaaEDx1e+M5+Kgj278jXiZyNaCkX3mSgY1EKNVX0BjvAp8u+mgy4h9A5C5U+n6xwdAukiivU4teBKLaPyVDqGRKhp1wQa4mus4xrJRJYnVIpMzsEgDTIOhsi/SVT6ZhBxjJQ3ocs9BhsOLx68O/EWsmcljFdYKWtjoygJr+DSSxOnJYFMJKLqexdHKiciLEU42oGUgQ4XYHoJpd4PFCc9WsDl71gfU1UgmwQ30NfYKrSjFVk3mfgbnmqIbf5ApI6Qmf8EZLjd6hVGZjoLLpcZF7dKHVRI+tE6slhJIr7pH9WbsLpVYdy2I/O5xRarKevkV5x4a5Zlotjx6lJvv0Gh1AxEaoFjDHFCTRjsvRA5V6al17ZROnQby1ymw2a6lSnTSRrTDmeUY/dQiqSpK5JyJ5Y5D5/HCM2sUMkQA0YhEyCm6p+AiAEGIAfCwqz9w1H+I/EoeTkmWXo4zbZKgHjjWKLfLMto22ZQu1+RRNs/M1pdBtKE+n9CgYopWQCZLczvPKxK7vIBsxE2llQ3FG0vrwSqsoS/AFK25LglpgCwVjdjckgdPmFNQ7jsAZ+4EDOoQ7G83zjeYiZ8KPcMw60UMnhAWT83rgZWih6r8L3xi4SpyaYmEt8MT/RZeUqnVdLBhobvUVTmonRkUnSiutuLx15pWxtkgFihm73aD8dNbORNnIxL3yKHc25n1E/th1bs7KAUAj4OQF3PLjJKEKerbBIMoeFBRHRp2WKTfXQc+55b8PP7u/vX0nWXh159eUrMzasmzDz7tHy8G2zVx/+sUfffHu+vHOqrvMyxLmcgtriBZO+Yt2nlCV9Wug2cZCqV+jEpyTvD0saTyP9rVjkVsUEdwCVpEUZg2xzSdZa2iSma3JZl6JZb/1JG9KtU/ez31lW8Ld3QeJn2VkuYKNDiYnkB/vLKle3721McBuljeGYQxIiiMVrFWzZEvdD7IKb5p/9c7DDH6OWCc2DXob/ZYwpT2SHslIVkWCHQHoAMoV2L6UPqcQj0Z5ZfqfuM5cvYXIlWLvKE13fcIMwFB1LWmqQJSx1y6BIF0zDHCbj+wAsbcGdPen2CUBPDlZnupJ0rYW1EIbQtd3KoKJCoGyboQmJIgippgpUa3FOm3SIoJaUCxUzC5Kru/tPpm7waMKFDIM9JIv6czH7Nywy0vgPN77KYn9mK4Zk2ytjUtDEdVi8OHT/avPbilxwfWV7erWsHtjI9fK1j7dPd3cfvbG2W5MNdw83xBHOrWeVpZ8mgiEzOvnKVRwRPvomhGIE2+JXHqXbGiwZHGQ6qZL/ZjFlCj1J/W0NBVNmF43VLtrOfzKY7nzyY30MdsAlV21wakOYmu4LN0qdb0H9IS46amFMmYr8P1257EvU3kKhc92D2pBxQxiuM6vd/JM7uJZRm3GrAEoNMq4pXP9ViDztN0vhLwXim/efnHFJvzBE23M8TL+7nU8P91cX3/x9v21uUZP6heUlPEmX6m+uwTp//b1V19evS1BczOOVR412Uu4pmFxF9WLY3MwFfBouS5jadNP+gYa8gw+Il4ThWq7j7B+/nzHh27huMnzbMfTm9fuAwkOMpuRIHN7/YV+DkdVuc9fbOPiXJpLne58tD7e1qHKmAdlm4EsKLqt8emDFxLjeG3SiIDQODsM373/+PRw9fnpF95f/eUHLEyuchlveJofPN1IrbmYqOYlTa9GUs1UZq2kwaWorl1OQNU1k2IpuVp3OhWMpY4qoWkqURq1xacB8pWdf4MoW6lPrkQX8MldrGbUgq139TLOq2vOvekxazNEpvtg8syuuMW0UZv9cSFITtC8+9WFDlZvmI4xAUAKmlQUGJMFjYmZhXNHAmcSRHWzSY1gQDubMSNcwY4BM1TYMUmS/SsBmLp9Zp+86HNSLYxqBlyzbueCWsMr2iZs9g5zdIA5iY6TEcuwSjAUeS9owz5OC8ORrHEelZRcITpzFgfPKfD3zQAzwvnMIBseYxReQAPVlHGRxBRASVn1+UvgMVuJuo1rME/9ouIFekyBjDIpa68Dm5qdCpCh7mOQMwOFuTauh9Q5CcjRl78XzV1N76xwOJ2vC7UZ9KVm2gn9CEQ5ZXyhFcfODo98dM7msmqcpLbgEgXjVRs5OIHWIRyagXVWdbHUUAkggxabhR6EyCiNKpjDP9sf1p01vHHAS3VdBpvEe/+P7IFMdvSO0NWuKfhYy1MRJ/z5M/M2+p4WO9qJAucFPzJ18DSK8k4hRYPk8SOuz51DOgrUHBwz8KqiWFWqHRUPArCpnwnUgtpl0DX3ctykD3FVmpCoReKIHj9WaCVDdSwz1aEV3y4vDsh0Afiku9NUWr32X3cdI+B1io7IBF+bhaDzLEGKXIr7vhALcsTCMEjVAaVjrJC/8HSWGOucDrIo+Kt1k0EfYXRpRS8m6hk5Sggeft0b3YAx1cKv0aoEVBcb184vMTXLr0FOGNDT7AhwZKH50VNVAsH2lQblTNGv3ddRgLM+p6sk6hi1sFMsQ0E2Nml72OegU5WMmaPOv5L08s2wSot+1W1XUZz5DY+rHplCLlBf3DAZKucXyF2il3g7ZoVFCxj/lgSdUwYRIEbMcqSQ0wvxKRihIiEmKekimBZw2+Rw+97SpbTmUSb9zd3r90bue4Oxn2B/bdFqK83drr6GaIuMBK6JozsBJSxlLv47bdt7SZg6fC2VOsMrs4gqzGrXKlOTVcui0rmyQPvnujU83/0xZ5XN1rrtdn4QQJj2v+VnGZ4ZgKTt0+OtZy1dvn397ubWUiuDGYkAGmVlBV7yqUlhmEVFuhVQ+huJ+0nj8sUZO0mgEVYfUhI5JdsU1MpD2eT8h4IuPScmZd2jclj6jwVBhWuqlOIfDDRFbh8+3Zv1FSa0K9/DBwCavoCgRe5OoKd7wdNzqTnNhEf4ZLZCCWJEM/glzsArm/VUILCucx1fFj5RUAUaYHUIJdL8rtd8/fn+8V4MOEpQQO2WjIK6ZUoxWZV5h3DaS/Yvq2mxn/afbCCTrHn5vXAo2KUb57fPPr27et9bpF59+uKLW7UW0D2kQYT5tuezi8R0yC2Y8a/5iPPDKxvgyVbHJpkidfCNTc2yO0MkAJdd81NqshKYDHJkzqXKte1jsFn5tBCY842Vd+/PQUR4sLPkrddp8mO+sjZRzk8/fEeTDXteBQP+wy7rAbWHx7yxh0mahtxpC8VAPsDSN1Wbcrmh0Nt7vEvV6/xbZGh2dHtjHhohQdS6DIL2vOUFuzzMDbiGECYAUFP89aev3EzoDVemOpph0WX6HksCp/jUtYX//mMzKH6tBos6gETK/kVUy3NrDi7dWTDdrj8pRIVQnJoMmA6Uc9Jl7UOlvVUZnPxk9nbeExg1c0YoAk+XBL6oAoV7WevxIduVGZMjej6jzw6ajP1OzEx3LcOT/O4unim6rsMUVU/z6dUdyI8yY2gvQyZhs0/3Bh1tezGz0yPpwLpmSErHbZbJ+0SemRQUacmgcMFnxGyqf3E2VYaVq/Xn+VPRwfU1/8Ir/usTqtLV8Is4fO0tQH7G5OPVO1e9iqDuyEjKPq+8dO31+5tr7ohGLe7N0/aC65vWEdlcVn9DRTj1BZCCbTp5pNBFTBAalJckJkumW5FJUHGb06ubbJlX59vEATVGa4xZfYYsIGalg4s0WkhjPe6JGZOYx0W9GEhysvdP53A8EkCaAhqb4ibaI5mv+QIS2dIuqXfU+DIGvCgMJjBXA+tjhUpi0CFIfS4OAI6HwpmhjjJcf0ka2FgF/marCoP7jvTLgBuVumeoJMM7ES6UD1Ojg8qD6CuIZD/6Eom1Q55pM3enNZfMN8IJnSsdUBXn2NrcSuevOJ+iC6uxiyoUg8WR5BA4Yo5jRJMGp7blHB4pPztmlxcVLqSUjN+4dTrXsVDdFawjMhGnETqd8HqxHh/1BRJOrlNijKrY6exWTynqQzDjL5UUHHUNF9i6mkhESCjXJKolA7+xWKPjmuuJ68OFopMG8bVYV5hqWFhWk+g+CZpcnesDkKuT6m0c9bOzD2dwyhY+AqRg5t0XyARdXyl1aPCbrdG/yHPhVBfDEj46LuxmAH6vP+WTFwWJUl5EnIYB0rpDvCg+XF3XR59EcneGozrGtIHTHRFqHDbjSaOuao6krcs+us+QQk/yND9MhMnCSuwC+JBOjITGdr4Zv3hEkcYNGfmqfxnVt7/T+0y1LSWiJSK4PvUO4VQ3SiuINDEFjnOdhusclUKYLyjhMLe+d+QNFqoKvPVXTdWoNj1wvugfS0ehs+8ictK6CjFjpBGEDgIkIKWOhUMVC7K/NgkAllgBc6k/Hy1koxLrmEQrdhfD1ajZc7FwPFH4ZIVgqDG9iq/hHuxCOkOmQyHic0RnooTYJVhHVqrXUBTnutlIVzXTqFqza4G7F+GrFcpwG/aQmhytsNKofMsDwZbeatteyeiNgW8+PfST9gZ9C+YGnqvXjx4C7vJkpryfjnJ5X2Fuvd8TADkKA+9iv7culwYlN/hveZiKGY1pRELpU/on9FRVRUA2UVELaGpRwzzSHg+n9ilMbA8aorKfwpU3ZNoeXW34sFH9lb3jZhBv7j88fOH2hXcXfdurEuUXJapPJQGG3hoXmTWEsplmIhoS0kyKFGHmNVD4Uq5GVBeXqBlVUU1LdAbIGPUeio6Dk50SwBoBS4DSnoVCKvbSboP/Gi/i6mYSPhIMhXo5x6JMzXpBhiAc21EUeNaIBe+Ob5WLi9le7ZCPXzLRGq8gRj0eJ2akghghqk2VsjQsgeCf4g3bOj6qSztPVTU91eCJVC0lzcshPPAp76ObiEoVwSRZO93OglDO6l311m6zpt4IfxL0w00yv950ySWzK47FRCo23vg+bavYELJKHPRN8T1L4AkBFz0FnYkTEve0b0rKrbXRaJXMFgBW07O2mC/7DLzsMCYULqC35Ixdt4mKAjIUcLNXAdBJm3/41W2yvFUJI+QT5vIqGEGOkDsB3U5Re+zkzk8PyPY4rV/eeNlDT4+HTz26ihrNtBeT7eWpb9+b0X72Vq5+Bdkb3N2gwPbGhijZpIZ59wAhI3zqCez7uyxOVw/p9NsXzOSGyLubPN2jtI/y5ucHi+ge4DHjZR/aGdimI9Xd/aBbAVx3wQHpmnVqzL6zg8gRmYKE9SJBaL1304xeybXAIX/mkXq7RXN15dmhW8/uvHl1/9GzCl+QKYIjwlxFuMATM4S0PO/p6WYvUHXB7d+zj6Y1iN712TSqVx0BJUwx0LYZeX/OaW7kJh7zdLeFxdNAFHjZUZvA8n/tKyVS1d8UFIzpNk1pe0m71oTn5vRPysVrgDPQLBYHdYdQjWmQ645DmnWVErbhi0r7bYkF7rnBVe8qhjQnXuix6bolDFbEi4mmcTUtURczGm9Gp/moBjfXroEIsvop6B3FsbpSkI4k64O5kGpsrUTYRsQKTgwW/RGobnhJ7lxE6dkQdJ7KyAfktF5zkoy81iaSY1TvBXSixIyYme4C5RxfQLFcyPgSAITCdgosd0IjAf2b54gYTVSm5mExkiRRrBr6ELJMndphKGAnd7L3f1yiXQ/nYuV9q1PkuylwvV4UKvQ57rFXtNKVpwe0iBZ0kWOUwBXNTmRV3GcIqNfgjtUaYCoopkLweUaIyiO5MD5WSrhkmqzxi9qspCTYzDx7rqJ6YjgulylZkQ5o5bXjwyGNVGWj7zAm1y4vXhu9Y/8X0qFzbJ+DZKDctP8pJGRSkODwjiCFUWxzIIULwgAqIUHRA4PbFjLpm+kQTeusmpnKkkvEQr/o+CJGGIHU8PxzAS+nxiC7+9ip8yCxCVqDmghITrhg46V6vlU9+2hMCqOX4RVFfjJwb9c+YjXkmFrvQGTlhKXtGusRDY0L0xx7AiThqRqLcbk06K7I29hSSKITim7E58V5dcaNaKMKOC1h77oyRUnlNJvHeb4EM7G75JtCAtjgzhfytQRNM0h/iqdgJCgXo2TIjP1VOatEKKsdCLJdqCY5IjqhdYNRSeOxvBCP3JipQK7jtJ7InTZt+L50igbxJmnB+XDEPTvA4r7j0AbkyFRbBDbiBJXS1KuPRG5JgtLsmzkrpJGTuR2tGb1eqlabBadi+Vxn/qa8K6Ony2yRXU7dcu9gyJDSR2dU0yUZ+rdhqK4E9TWf7Jt+SEdu8SldXdwewRo7S0QC2HHmgiWy7n2X+ySVIzncwl/iJf2YwNJ2qf3YAAAgAElEQVTssgXaW9D06sCHO2/+uXu4dS/dJn6olt4sl9Ukmyw0Tk0jhiFkC5xS+WRlkbx/9I6Z2wVbMCf5K+lLc83yQ5o4O9NxYLmFTqVQ0/EwyjHkzo2wQaV6jqBj5FK4Qb21XsJL9SQHywtFsEtr/XZpSybMAa6/spwmOeiJYUtRIojBT77ifUHO7z74ldk25EQrb7TnodVT7FM3pjE4ghQcZEAlrzlb0A9Ccnmu2NkZQDrsTZEX18zklbPO0KLbBY3s0j73UdI8IQ7HJjjdB+guikxBN5ENcwHrZ1KM+C/wxDpnoRZAwXdal1GMY5TlXw5YqC/vVbn1hVIvpmheJSO38l/HJkXuVTJetmhLswVLKUr7vgjVsm5zmzJ+e65Ews1n676ytf4/sTi6IkxS0Mp0N1vY3ssqv/rChhb8gyWC9xYV8gYnz0a/sblM/84IxGtJIr2K3vp7tkMkzHzQl0sqqZZuMs9+BLlQz4wKa370zDilWm2lCLoeoN3/2UIlC+esmVIquVeuBwj8Eplh2QImX+tlnuw2Wdb5QKv7VmpJnesoJo7ST2EchFJiMO4mHxLcZVR8kqFb+yiWWLe+yOtr3Tg5OzTYje6M0RZ58miU/VSWSZTQ1wFheXvL0ppeL/v3flBJ8LUf535ofoOftLfX6m+mPmOLH9+Zs9jg9tlQqFNAgKQJRbE6Aap0jNUAZlUWhVtE0agoPRiZ2192aXqHQDTa8pZdnJgONWZ7IEf5eqBIo5A3a2k1fFrV+WoI+jlxZEojurIPXqKhEMgpZpsLfmebhSHM9V7Ayk6icq2ABt27I8qQigTWdqswh7IdbmiSElYqZ4tUFCadQUum4qiSyjr3MaWP7YYAJYSAhu+yKAWWReHA637Ohm8YsUPF1v/2SBHGJWNyvTAQoLqn3qTU80tVlVJHoyCZIErqLyZuy6eZIoDkiwRjTBuRA6irXBBA1LKYk3OE4QpMIpEmo8GpEEmVnfa34abVmUGmPYKDDLNjNA53IiA5S0Zb9JGAI2oKsdlXlA7XmUThKsg8eUTFMU2ByDwBRfUoeqGDKKga1iQY7XnLJUAN4MgYK8wp4WzHpE+EDhxdUzgBIc5v4VQN5xx1YmN/Kao2Ey1AGpfhZ7PhvWg2BkGdWAoYwUgW711VF9YLm0JScSYbrcO/2tGCvmoIoUZrScG+WJmUL5TSqz5z2l2w4+v2K9LRHYHi4zCZRhihEK/xe4GJSuSGe2GRkukdmVNRNziI9Y612JPIvGgS39r7C+siMzHr2Q9bfkIrIzmJ9sZCuho7A/SBSebWIYQ3xzoDWx+RYhM+Jo4Eqw79cfCpNQaioDaKUX6P0TwfrHJd9qLu3DQ7tIhk6aMWEnZ029DnRcUNQUXhoYrcrvml9vYCDQX+FC4USXbMHG1MZVeE1GdSDF4EiUXExJ28qK/h6cjqC1IUVISSJnXGF9jiWG2kIx76uagpdRVhsTJ3gc8S/sReN5kdWWRo8WKcXIJsumTKPisjT+umuv1KJwXShoGEKTAUd9ZA3qWqJK/vdXV64e6fSAFSQ2XgJDlqoYPCOEGtquF8BDCNYf3sWt1Msh4mAWKb0eo7xzcFxxfx5PGXvhWqB8pZRrZ1n40ie2fFiGAX2LRPBAufrX9NxLE/9SQF5p+TBBx/gEDRpwSEWBHtqJmKiYpJjogKuWFHZFZY26rGdcXqM3OG7QJYtmGummZDaeEQm4JMinb4LhiaMC85tben1DtIq9+fGqzl/W0gaGVUsRH3+fFez1luIofxVKk3a7SJNy9Piihm9eLQew/fKUygkpwMSUCpf4kvsmD7gTBuiEDOEuckaOyfrOzhX/o5ss3FWGk2N1aP8ulo0rheuDS1LMJi6JSxoO+hycI5w5dpcCGGm7Jc3ZS2ffzmjgKWS+03y245wt5072w0T8m9ZKipkZglX5kzIG3FrQwt+7OfbCIXS1f7wmmyt1Q52bkiv/hjiA2VmTl9GHbra6NTdGpmBXDQmGbWUp6iL9iSUfmpnHv7njdpKbGVgssMAAHc88g5KYN1b9BnlLPTjs6FyxFJXSqz+hYkFlPTRnUxU9yRqvxtwpUk1g9B99GrWHqFPVuUlMhT6/Fy56une287LOkl88ucN8u0Rmk/Vju4Pnlclv09HECle88HLB30MG6Lsj2maVWXZnuc1kTRnCFPkr1wbBn+lRdZXgYNglOJAU6XCyQnCC9Bx47GiFmnfRakoNAyyaZye40pipBL/Xnb6fxINkpRaKnjPGxjXj9nUSbqEVtpacvPogpOrchLJ00RUGlvA66uarRumT3a2uGWIRHTASOhsdlTU43H3vPjQQBh2Ss025FjYlXC52TvyyigvWir/rBfHfa+ova2aTQ9eHCkrQ1Rh72Uqnn45LVJ2qg7A34x48kTGE8ZWcKZKRBO2J5UqC1wgvcvFem8zrVkzum13/Ujp4WvOWdnJ9Y6ioGCnuL+b6GhorDhho0Ka8+k4lCBz2LatpynTxb+hblups68d+gqJcoCN9o8KHouT5QKUI9xQ+3dR37oIMo9FCH4Tqxr5o9396Z6TKRlassNmMia+aDFe0Tr1oH4aTctM+Pm4KOc33MjrYgUOLkM/DRMEGxjV4Wj4aAy7YCNKjuqRqXzgBjE6RnsQpx9+l5XkB14KCcQhtaqs1iV5PJ6ogcGcnOmtxmLnh6TeBCHSzFYJVdfpoFUbQdXcnM9AjrferAa4VyXxMgrTLMkSzTGVZCLU6purNMg/S9Cy0+CW/fnjKx9BjQzpGQUodUpErp/EenU907qXSZ2Zs+4EfUVidC6YIgYIas9HD+pq+MZPSDV+TscDnvwxVlOjFH/OoI9fy7SuMukiwArJeexCmovYo9BxeOCVCTCxJDMfSVX8AvgiM0JgVTJkyn+HZoCFQuOKhMAdULMUtkEbGVR4qxZbHqhM1FHd/31TDl4LWDW30XypXOJHeCJgaTzaVhZF1WgUBPGtNoL5Kpqp07CWLFFluAxoG7d3aQBg+9g/v8IZJCZJGSnF9qxvUCP50CqRwHKJFnkT5gMrGJ98jwVr/Z7+FKRDdN33LPMoTx5R+pEqZoX8pcOZGOS38nrQIwj21USHmJZnFIjvc80rL1MIZLOKkG2ullWJBatqujmc2YWzy1JnmA0n5OdFybpg1qKrSea/CfYlaMY/46h6u2I2FXBls2zfjSL6fjVX6q6+Nl5llYY1OwT3roy5evZgx4dEuRd+mzwimWLLFlRu6nn7uKiDEDASYUV7sdcCpTHTkVWTVkl/eWBen9j33DzbVXJjWjZE+ysnhfiNHaH1pRe80qc9J9eM9/RAinl+jfEEiJNYj8hjaAO18ijmiTAgdmi6mnBpYHlJ1MoMQaWEmhCnJZ1M7vMDuGmKHbGAX+MiowkOGVxbektZectereKvnFxWmXyccskLS8lVKYcR/ZPUOG6hiCrQ8owXzeXOMCqqIP03wGLc+MlyTSgGS8SdlYTC54EM7Qrn8XDN+7LchpOjhsWV5FK8bTcYgvZ2tzb/gAbAYyRcg5plDxob8XZi3R2j6Lg2LNyYTaV9csAmF57N75cyttZvG9fWEmRfDFZW93ElqjJqEyZyejUyi4EJbiCsymuzK0xoCR2z21qYavTXLQyeQ61iu6cSfzsUgTPSkwUw2Pp0LJZvktJ/AbKXA2DWd6ITypWRQZto2Qe/vR8c3stYX64e5R1zUTPHs0kH7CmnUWx0bbMXhgYhEVB6b5YsA9BepEGoMhZloYGYFfJWykyE2WflXXFSQTQfOROdRRJbGDAtEC5XDJKHpz9iAIRTkurMi6GoqJW3h6J7OFf4iMoZI+xIllTiHwtiNinsSpPwJmqllQ8JlM+83+nKgeW+GsxbJskPNEAWC7fJG2BG3KzC0qFVCISVwHxeP9oqwadzEqc5CQm4kLMFIf42qp/zGxltBtFaOhn2/dCG4QITKZPHhlGzcK/m081E9Hx1lait8KG0RCZ2bbanXDozdETHr6AzHgZ5k2bVHhPA2HDrYwSlTaZcYe8ky6eRv2ClPmH1TO1J3RPAPOaFB2U7W+ciE6RRT4aYY1OgydLRLDcHSRdhYoZdL1lXiMyR8W2oOmFo6kxjdUfYkqyJ2VGyrlyBEzHrdm3MR8Pwmv/drh7V4wt4x5f0RKbTqntPoDFfu/Tfdt7YJvCt3AuIzawuiPQDVulixm45gl+F4K2TMxYtWEcCsiFaIZegY8jWGbx/+Vy6g9i6q84X/AtE61tHB2x1nd4N+unJ4sL/rcJyN4wG9sXbs1gPTDdVK3pTi4G3q6nYpyZ7Yl6fvX+5vYL2304wuzd3qdgCr3nLVh4HZB4IBIEiMlJkoKjlpdMyc19KbjWsMlbrUCGtggFcAn+YIv+4xDFR2U08+zlInfNJdmNnMN9qcuJHZMCRmbLwgc7H++ZA4WtKfDJs9mvmEGoub1Ok8sAN4UutpPAF+mdl9l0eeRTJrT8aCH6MHzF1Qe/JsSgEEgKR7yrnEypnuT9R7ouwVfXCX9gE3pqdHMk61UlLNOI9cX/+uEw+69iCJtrRZJXNQmTU6fHHKkTeIJMmH3v4+cwSfgiVrwmEpXTQRi32e3S9KcTgB3IRvTyNceKKMj+LtxdpFlQbDM+UZ/gECdbfUFModSEp/ilJyzLOYaq+gBFBL6Pl8pKTi2L5TIVPhSqie0L7jALTxHBq5wtYtMxaRMnlSM8VunozIg2hpArWEOt+CgxhAJklT4mcBcdCbHvCKrp2B2ArimXBh0XsL4OPjfXtw4HlH+d0sWokJ0mQPVTcQQCryNesNZJQ/JR9MAAeNg0RxrbNFDWNDtMFzlOvlTgH3Pg2ckMWGqUDHuERu4AithRd2bLX/YTtfqJOSetpko+JaTAxW16bJhK8oyG7JqZ5cQ6dCJUrmOHXzpRN5Xk/dXcNsLUWy9lbIHKcAaoVqpJw49r3E8UdhrX6Vg3ezEFQ9WcVPi3fH2pYtj1MNx6LFsmMZfXsjJRLZAq7o6K9fUOZ5TKF+FBr910iXWxsxDxgTvywUz1vqLXd3lwcndZi22JAYX83kJqQpfxfqcouTPeDAQd5uVjyrtegEwIF0Q6RBplp4NCAaIYt9xd/9xO4HVpbeww2RAR9Cs9G1FkslUBlhdGMF05rS/NqEBI8TXC+XXuatNyNcOPQxIktDSGp0sDd5CBAaMbm5jZ3BJaqkV43mvZW6gY1vd8Io3KNhcn9d3axwEfj6wwy5DOTWda5cyUTKa4qUfQOTY5iH/aPlEJ7zbhK7KwZvqiCF+ylHbEJsGQSZ2pkI5oMKrEpcYUiMV4RDJkmxzcVA/AkCxbalht+1T3ug5B0wVv9uwVgiWkeGRwiT85nKNnaS5nnXbbEGauK12DbRdHFf6IV2rrxTRefDjnOCcAYinkpUCXzR+ZJZqpNP5Oq4+x72MVXNP9omKU4lmIB3Skyhjlzey2ozC3BQKjQjbT2gv07urOvogkaKO5WtskJEqRT86gvL0E5DpndpNOgVrDWV/daVF6kTD/ZRKSZwi5TLIT6TQr2WH5DagaU3pX1couyq1Q8yRJ/HhTgT+182NtwYF0VsxC6A1ffJZK5hKkipbYpk5yIV64pcaRgTQMGK1KZ4W6x0sCy3Gkm980ca1tqszMFaZOXnDawjVK8ITQ04Pw9F0/mWkTTm4vfa+61PMaWYXyfGzt1RY/8tWW/+fObPfqld+U8PgjWVH0chuxISREevr3GgRz1qTOrTNcdmQcB2SS6UbyW5G+yadCrXIZPesQzh0S5tG4dl+CQOylNc0f0mlmTZvjOGL0vh5rwzXJrIEL/5gRun9HfoZFUKH30/RluiLiM1Ov6Mn+ZnA58Pn/x9SfxGrW7Xl+V5yI00TE+94m82ZmZTWZptxgXLbAZRdpCWEkLAZINLaFRCOZRvIAhmbIHAkmMAIkZiDBGAncj5AlW4AAYUOpcJXLxlnlvJl5+7eJiNNEBJ/vbz3nvbnPeZ5n77X+6////ZvV7LXX3rtbG7LhWXpPZRVMOv+AW4TuQUAZAjG/ay52qcFCmU7+KU1Gd9oUBAzgxvtuim2ACOPdLTauWSnM71yuCjtn9URdQj68d4ELh3UjXZJgMUitnvcmgdqPlm+U71LgI2tMrcIOXgzTi8QMHLpCiXWDXo7EjhZaHWTOUm01DvAYhy94Sig05+7TJrCymlRblpNqwjKAUnmv/cOtfQ1/0w/OmXqEVG1PEm7uOhe18N/bJchSg44XwqFsDY6EqZF0Sb7UuipINDNrlVD7sO++5FU3hMaExGd79Aj/EjNM6ftrP3Zxxt4WIVZHMHVyWcKVCVgw/GWowzv9ne9+dPO+FYYrfWulZZfUXOLqHeoq9HQmsPDQimaxc7K0CJsIrHFEOiSnHZnUQrJ4K7/PBQ0uKTyTTIFBnXLDP25HC8cZD/tlV26adHxSLi11am8Tiu3N6AlOgWoYoac9SvnSgdF0dsGGclW9U6VP/UAAraKE7H/QGW9+aRQyZYoh+YELgJ6034sSlbS/ShDeeEpoZ7+VGJiVDl3tjRQeUih3jpn9Co1D1TxeaTDCC66MNNYBLvM516gBN8dFkDwZ6jWoYn1xdUJS+VQqNo4gBWwOjmgi+1/KGKSs7Gztqx25tfDnMD7bDlS73+FSrtivUZ668mAYjIiP0FNgHJIzjQ59aZUjMonHFrJOQnqUZwsO/56f3LVpIg6a4HD3v/ah9jI/KnTUwd/ObFYDerHcRc0RlVrtTXKcGHP2jAcEioRxg5b2Jm5J/NAQZ8jJrJGNkgX6uaiKZWr4aJY0kDq2CWmGomk4jx1oki6EKUFJ/JCk71QIv7CWULWEU3tdBGR5ZHqp5GolVYz6b9G/gXXGWSs1peqeMkMS2kh3uN25KuQBQCx4T6tBRHezDV3YjoHkx2ZVvr6TfRrsAjd/HJPGRk/tvxZN22s5r1m0hm/1oPEYwzoxqkipEscsCA4PryOoAX15dTTxHaKlQOVoI+tzVllWVcTXUS9rN1MWvKXU77LLTqjamcQEJwOFxnHAuw5QT5kb8Ku1CMOBNvTIYT5uiuaUD6wty+rgtUiZS68ekxU7Q++4Hu480ZbSOp/S82zi9NRlxDmdCjTfleskPzgxTeXS8nymiWbJBLctcuboCpoRllIVBbPRap1syCt5Piw51PAQzs86g4mqETXu6UkYBxtDvfJIchOHN29fc3HRbH43hU3oN8fcg0B0TAYWn12vjyaPWzNh2AEtAwOThQCbodnBzJVdHZov4NkyjDht3tOwBIvcJqCsL+odWAn6aKl9+qc87nGL5OK4DPpcg2ed6utFKT/5PpKCoQDqwJaFMdG+8XSjcNjI4lSLja1NESF7VsqLjw8PZgl6VKihJmJVVM9qWNbtgnOMSGjWv0sWjt06PU8kJIdBnaV59dmJEnNwh2UH1W4+m0VGrLC+sCGrE8At9uAX1sC/x7bAAGm60HUNw5E1jeJSeqxBFhBM6OnubHzKCMVajCyw8EtwoHgjxMjKyDd6XPurdSeE1DQxoIo1iG90WXulvFFvo09scMgW+UcRu9amb72++VevBrM8xcM5O3P0QmhULqNYvWEsKtgUkJH1FHP+UGU5fl+b1tr7HoDfGWMD6x6iAHmnkd6fWuQ3oU4xCeFv3JYuzxpllFWtdmyMlU+aAedS5Zpjopd4XoM3C0gyyMoLzuEUKqvmRjALiDBSqYVuGfTYIvZwEXvsmT9qk+cRbPAv8JStgmSx7Gbbrr0CJ3Z2Mm1FEV10iXtNVXQk913UqZNVae2hh9U03jUuFty18ac5xypOwtxJ04MD97hbN3V9i1nNhAwa8SsBzGGKyoVATan0swwmM+ObwGdsA0DrnL2MEEMDhnrHurYsvmBIvZGlTaZuyy5MmD1SMc9VqmF+Y8Gmq/KS/RKrprVYsYkLcQdStutsi7uJr+0yV0B1SfbZ2Wsi8hRoijDIjF/Tg+ACYcERRMjFfkaP1STYzbin9U694iahSLAozz89BwsMpWaHi28jHMEzXiIqm4TVr+TUBlB1ynVUOC3/DC0o7hxIoDpPdDoG5TmJxFIROga4xrulPtrLo0WMi5JMcWLVDiylb1OKqm3BWZafY6cQHtKcMiWSNXZJ3C5HVpTzBmBNR5wzig3HIKTIEVoyzYrnClwKI1jt7lZ+ZpBDeVKPdn3TqJHGUah6HZS0SAE/A83yY3r8QLaISR4V/U7n4Fy2w2G+iFcEg4rlUYoO8C25ImlRfFUVO8RK7jSsYKXF50yUPzaEnthRLTQVKX4VPCholac1q6dBj/KoUOow5Wr6yEmrpFQvg1EwVGAxj/poWYqQJKAiI6iY1HUKJc5WS+vgSNleKp4kZMkvzMfHUbPlJHI0hOlV0fiP9+jkDumFyXPZIzOTJHRHo0Abu/lnESj3ki/1YiJl2rtYYHtFxtmqZbxrUHJqYdW5CApnIJEvENcnK4ZyKmIZDC1AAjfFUK+4YVA0h07zV/WMRjwqkBeOf3IuG5yZwEY8ei09mGt1IFm0KY/g3GCr7rnaYI8WDhpXu+aKckgnIrOmk+9GJRmY7OwvRLL2qVBlZZHBiKitRqPlv6p+2QrPCPTVkh6awPTYwTOFm2R0R7M4oIfCFgi0TKAaJn3mjzJjZoNs4diB/iv7ue5tbaW+WZtQaUxa1ztXOz4DCc2SQK6P9srIdgpRXMYRVTwHus4rIU1wJg/L+knszhEjKl53T3QOcl5omrwpVl3FBmGNOZBrCzNazLHImKnfhN2m0LhWK1MmPn6n+WGqCMdlaE6ZM2YRyVxDYjl1EetBPnp5ZOEEaNY2qMniGiu8HCvZAjPKA24VDfBpQqGYPXsayupCagabKyscMhkV6bHbrN39gU5ecG0cQsc8nR6L5Lr8kIqFlzd13EmhWHAPq1I6h8Q5c9uy2kzaTBJ7UmN3X1LSFJqYTtXHpzfuhX3/9M2vnr7wvigVx+O6e4J+uRj4fG0I8vDp6eHz43vP7W6FdtpspUdda/jSqEbAdKJuaguDpAahrFDcW6j74cXti+vGqx8eb970zD73Nj596B2wXsz58bP3EJkvru+rbhYFdKHiNLW/w5yJM0eUISvpsw2vLtAqb6QTIHXGcOfGS1uFh5WBRk0Kd/Di/v7JWmQW+fDQgOp7P7h+/NU9PNnM7Ha3APe0Uy8uu/3e3YcPXoD26EWqBdPg5bvGYYE7dZXPDGks986Fg4e0mq9+UKaGvel659ZGcnlHPe0Z91T2iPR7NrrYS1CpdMK8dknxS8wVtfaV1FrLqpINjhpRd5HfQ3ds4biKkc1S2CZod/tJ+4uMjk8Ae4D6rQl7bVfPoiEjj+HQiQVPWKRzE7HZbkFpDYZBmGmtEDeA5lAqdHJ1aGIvuF7dNnb97ObVH/zwLZ+/e3z55ZtuSzUpbnUKRj1/Py2uJLIPBQUauRaapYsTrq2D7gSguYhqR/Vhs/WrwjQLZv8tlspeMKCUYnNuOR07j1BnselUkFqFTCP7RlQaHGLz3LzmO880QeM80D6AHI3nBrbdHjO7WIx3tadLeoasM6WMpmrjDEXXCc5I9zi8k2+cmglspxZS7QHtHGyKN33LLAfcWhem6CVhL7w++MXV29ev7l2eEpg1gNq56nrDwRef3ngD3otPv3j/8jfevHm6f3z9+sYDWz2SF98n78J7unnolV+aGS1M55zWBlnWp02wksLcOjnani4D1OwBsWhpxyBevJ4KV6tWvAxiERnd+c1KxbyEFarW4ZVfPtNAWmdZ3ZHLjXAUxDVgeYkXXnnnBoe4JYD3pa1azQrHFi0mVGXGBF1X2puX2ewfuU9vbt+8fPUNpqJdeOKbBuFlntovh6uGg9xXbgpt/wVDUbP9Q1GtEdllAZjW0WUOCj/HXaqe6ofE/ncMSj8fHBhhZSk9WUVJuZpMxzvtSYYLHB8+3N++ek17RnArsPc0M0R8PAqxSa0WCFWdxtp3tusvM9RthUBeX3oZhztYPEmbkiXBvBpTyaPL2FDy5B6j4Z3u8Cub9mtp2EHqmGTjVb2yhqYiaDP0QPhmOClI7XfWqHhd2pgEn3fMBWzGIeHjGcIAVmYhd8YjWJaSVkc3TATj9LIrMZCJjuYUP+SVW/LpRs5YRLTWsUexkjMTaA1LKize1rJGJVYTFJNCQYr+25bwiM+BH9BKXx06tjm2KE1idj/WPIQrfq53VayFENN89sEp3opxsGHJsnxlp3LqH1m3mmcDJA1WiIgT/9JrWwfqWHTwQrxP1BXfUStOHJ1xL16lT1B7SRhlSUcM3qe0QqPY1wQcGsgUDZid4/Z2jIB0J/lOzoyKeQ3qqW7AIJJSO0/F3BlI4LrSqm5LE/EGDEjqzG2r8p9//u7RcxTquCqUa6oGB+503HxoMEM5TQqBKRbIyS29rFhos8wcCg+TgA+fPr3roSe6iiahCwD/NUvqMDCv7p8+/d1fPukBq7KGrU1mnMpwifuFGaUPtIoHxVduFFfys+yiMgYBmt69gP7zi/dMxiqZybE2cDZjiiY0Ff309dOLP/42jy/IalkSgYNiyensIXtPu0n2SqPVrVKeIUy941A0jbF7LoEXtXiZq8an++hyHaT1Fip7sMihwx+///zWC2QcG2SgaIiSfmXjxRVrB3I1el/SmMgn0BGkf3t+asZ1uQn49GS48IsPn133NiprALO57zoPDBsx6B6ufnnfoNRdinVZBWfqFjmti21ACfEFzeDU+EzkATmVOKES8OKJ+07F3Yb44sPHT8YuqZm+p00QmvVwQFP5q/uXP75qBj0VCc85aZjBiSmMCwOslw6VyAkfwgYaRkuW5H40qApAJ5GdbwDl0PRnJ57fPH38//3qswfCUbYhmEZpk5aptuZFkayHW1GRXMZruYGePXOaAfzQSF0krJt3dcUwJbKrV199uP8r/8Rf+i/+d3/j6T1+L3soR4Mn1uxKmVjJjJsAACAASURBVDf3Xr9+/b23v3z/y3dp5kkvxZzRDOC1h7Rr/JS2gajpZD3fOXJ1hT9eXf/5f+hHX/306fP7wPSq0ze39/cfvCW0wdenq//g3/26q/xZbIbCqaoOTzz9HXenWJgZ7uwWvJ3M+kGV2fP8r4nhSuWrL19/+v3f+vz2tfU8mdWjfh4fLaCwOtli6Mff+cHTv/Vv/eGHd+pxFco9yu6MbDLu46f37z2B/eXf9/f94B/+y7/ZqCXrG6LUyPpjkDCf+pj9pZ2k5IYnHTyW8enbP/7l4/171u70r+GocGrtg2cyeVDLD/7Cb3ohUAps2UlxQO+xw17wfvuTn9HaW6eINgPaqUThiMKS6NsP37aM2pjvWA+cgqdtHU98YJslQ13WhPFQDZqzlvdffRO7l1fvM20uPnUkN3rc5Pv7XpOEO1xVjaTnBetPjCZfXv3s5+//9o8fhKKZ8ycPe+02zc93r28sbWbjFzdf/fB7V3/17zUgr5bVtLoO454KQQa/U6BXL37wWk1/8cLT/4XYDeY1NF2ZUa+McW8NXk+Lu/Ce6sbi6Qvp1aff/OIOqCI6J/hxaQV/HKsS3XSa4p1+R4/lqnPthI/q9vDp4VuN2h6C6bATj2iSU4PgHQg1QCtVIyR6RYI2CsnDt9fvv37vLdghyPAuvuUbAaDozuJFDEaQ4cnwtWv+0ijmRuJKXqaVo6pz5aTuNrDnBca/vP/4//2JsWH1z/myzt9tvvcf7oWY85CHl59//3ff/oXfUQ2JFw7X3s/Bpp7tyQj0++Gbl9/70Vu+UA+rlC88MMho21mfkXQP43KTF9WKltMkhzX9bZQI9TIzYOA7ymgjoPJMyMy1ATWLZ3CwImHSa3j87mtXYzrf9GY61VNrZwEeeFz4xffeYveTP/mW02s4NOKe0dmVwVVyI/5bw+JslFUySkCClZFVn0/ffOVhU6WcbqY6ClPWqgrbapwi918DRct4qSbOcPkJl+WryLUltTATkUH6y18RjFBaudWiS3a0czh/RlWWYhWJmNSl1guAcDiHAOeGE9bCfX74/R99zWMW17289a4S1yY/XF/fjalb/T/9R7948Tf+qEu2mVdIeMJBp62f3ZjVYk33LH6oxyC3M2/PVhUiWhKyD0SCOsUb8mEr3PqUHxIqpdTwPn+FD3Hb8ord7Xc89ARe9so4yfuZ8sd9TTyp7M4xH1qgxt56ZDeSmVDvdQ2fvNGAJ26dRh9exxk0H8PGR3lnDC9gO+OZrGjC3CdqcHLcwb+adiGTKCbgIf6UjsVO8td/rT7WoJ5AILLdfDpBfSldS1TQzwoQHcfiXSwEO1u3hfdSHiKtE1jLEXHiK4QnOEs8MTFHyQsD4mW32+q/7gIigIihifd0rpVLWCCrYvFItuy2vL2hVr4fukv+cqOzc366ApDKK5Uyp3ScCblsyGN5ZMBoh3PG5cJnWTIuTAsx+hgiGFCYTmuixGn+rnoHO2mhX3fdwPK4Zu6ENzOQn4q1BM2NwiioOfGA8IO/hwTIe/crlHHAOcoMHqeUueidwDnmgB775ebA/HKIc4nKpXfJIkJjDVpDL02QDjvmwrJzGbmCQr/x+eP13/06vSXR11d50mMJdc2r45zkGO4p37fzvuGyD1CYqqixr7+LdP9KOJI66iSr59X4jexfvvjq4fPX2hHmcCFbtGQiRROquVtrODMk62L0GnDlO+6H3OGtuIQIAwFvJm+JQY+2KCQhjUX5WRxOTP7DX/WwCxBp3DipwI+mkRK4E1rPOWvgfoCU0W4sh5YYirrIqwPL7wZbMta21RSYSlMknhyW15p1M6T76beffppkae6oAx0Aa4ILXkrMDFN8UqPrqC9wVjuGKIZS9Bl42a+ZoZvZ886WsobcTv80vvU79qS+fMn4X91H2Uyaym5UM+ZphDI8gctcOFanqBdR87YYBYGRTM7BmqW6z1aDBYKT5bryV++eXniZLbo6WEHIv1QtUNAT4DdZFXbgaSudI2rgmnfGxejl3/07f+jJLZl5WjXMfdlb6BX46c/e/Y//2//of+Nf+M8+/errVy9ulDGOA+uVp3QT8fnh1e3bP/5X/+X7P3q8ed1tyITrdE/znlZE5W2fi+U2pVq/nzvMEJP16tX3fuft9ReeVGPI25j/+o2hi4FX4wMvgfrbf+uXXeHROgDoY6NNRt8OM18q0cmRmlTxPUO0F5LZuaJza6HlHkqvTX369Ff/3jtPzGmRQXUzR9zefHH/8EBZI5Kffv3wP/mf/1+tKwbt3fsHtyc+vG+hga4U/S++/vjP/NP/4H/mr/19P/2Tn1a+K115jrFJrcnJ6lUaFaDKvkPfHMyvOvD3v/j6Zz/+dzaPXiVqdU0No0inqontpy9/8wcv3nrY5cr0XStndpf3WMM57n/0//nDlpH3RllCi6p7Dyp9fWd4o/VjQFP4g7OKFJxB8jWjpPIlFB0jJKDz9u1aEHX3R//hf+DKD6gInZbsttWdpxh5IUa5IfUCtgnJ+AvN7OkVRdf/3t/5+f/uX/+T7721mKrGxqizGXnL2fdahl/df/in/+DLv+d3Xr3/8PTq+laYOIfQ9cPmJdPaJ05wryrjdTuwcntSpCCnnEGCXNPVlFcpxnUqKJzPOaHPl3eile58Qzs1s4ZQFWrUvkVA+aUiadxMX22LroOI3hb87hfffPOTX0o9fVpVCWtxrIjpj/tPf/ST97f1xth5bk63knPCrXe1CmWPbbm9/otfYB55/L1XTouZH8HxEP2e2e+qwOwIAODCdw0pOaLAg4+Im52r2oOZ66uF3mB99cfffPobP27dmhT3v6qGBlX33tjNNC+v/vSbj//D/9LVf+Efuf35L7SU7tjXgr10587r128fPnxw/uBs4ff+we/f3Km6GdUVpPxpL2NDyRbufvkQAmrDl0Xt6fGyRC2W0GxnHVC4+F34TN3iX06OaLKC0uFPRE2YQFDZr69+7y99z8R2o3FxrQXz2sAbt1k4vgLsT3789R/+0a/uXHLJMtzQFIn9NV9aCEbqdEt2/DNaZg5SMxGuibkqEHwMpZErvetF1bBV1Rl7lUdJ+Fi3vvSgLUFLk+Y0hb0OJjXaZosIaTTRIaMzGkJsvkLS3uVnpCd9bi1HNoB9fBFQKwodG8n94vbpn/zHXn/88F5/d+OyWLdKeThBo1bj5dfXTz/8u9d/+KdeP92tYII8KJoW123g6qzphdvBqc1CnMurITBnWohnRBcak9/BNq7TOCc6ExZlqaBUhhvWC6HMLD1d6r4T3AEDtDv714PZzUIrL6fdHdgpPOjz6euP33iLTqxq41sikXBbYy9XgFveJunYnV4zlPJDnc0msUp0MXs0hVMV+3QZ8av8s/xT4hxW3WFM1hwXv5w+4Bf85RXYs6+cRC6rLvX9e2/kYOSDRMIF6iEbM7KxCCEiX9WQIjeTHnmXnflhJJJn75RSHY2UAXVprgeg9UCLLiaa8vHQvZ1uH83EdarF0lf6Lp6ejZd92GZ5USXekTIpk94+jHY2BxjthlkJU4rpMVRsCkmtQE1mO5M6E6bqMiZDHvrJLf6WU0IFfK2lST+czZuUPdsjOaI2VzN2hUcWLF2Chkbn39yGg1XmRt0O/NewsoyW2ao5V5knCqHolrLScQhH/izsi4A6VvW3FmDHR0gEwakD00WYm0h0Y6CxqIJo1snqClvtTr2NPt6Q4CyKqEZFtVGLvSx2UAQQ1Dkh4MQELlk+RYByVaPv1G5qacoaaV3Ufi4yIlVdDApH4wnDCb002A15lYrPKigp8YcipYrOtiP8uf2qwgPJ434Zp0k85I3l9EqiV/+VtWJSNRuquFSg7lNS7UlLG0ioXwDpcqbbmUOOwEjWUUTRCl3QTMsODraYGV3g3mRrhYlJcX7q9GNb7a8UJwYtoJAd77SatqCkTam54jCmGknDAEXgfeWcQKFToM61+SBpa97nsMawkcIfahYpNvUsRq14B4mgGZhw/2BobLEdLDLIzRhJD1IhoVAd/rEDrlhI0k7s5uZj5arbHJlj87SzT71xsd6BoTOG9W1H62by+pdQNdWryjO+oR1LfvZWUCPx7vT72KobLAMEQLH74u3dW4uH73/xqxfvBLI1xD16HCyPIEdDqftXD696tW5h8OH9QxJkXOt2hYnpToiK/QZv81aw2gGipeE2NfbRHFXPUfl0b7mLOeDHx54HYgLZ+YGFCOvduUVV8ZiT2Xz1CK/pOycURrGbxRvGOSzASkNwsbEeMaRzrXyD0K2lsFKYZ29fM+OVUZSaazRKHtu4Ffg33piB//jB/biWKd30Mqu7N3cP73sAyevfvPvt33j77bsPG7AvxAsLrMnUpBWN6Wvb8DzIRpJGuCoF9NxiGNf5kNphuGK0m4WErsaLRXo6vhd5ltigedYsoPnSTDwCRja+WX23AqyZCYzc+/l0r4JeG7O/+vxIFeGoCM0TmfkX6uAV5d3cAExReMlhxDU6WlcPWHTe63hXN9aOova/UQUYht/HnjVS8eAmEB6s2ei6jYm8zz+4vro14L9u4EUVKxecIVvPpXW6vrozDPz2XqxtKYpGBgug+Ck+PSvzizdeY7WpgnKoURVmwEbYWUlBkhHLheEolzoFmUgp9nswTmY3UOwMZjTNB7SEsoakdz8VoTmK9ymwfqJ2U8Xi9WY7lKpVqWaX9OrxhUUmXkzsuZOr6Q0p7cFIp64Mcog62RnP7mUt2uDKyYuHSnEHtyhBVJXX5wRybYFBHXRIZLcVStiKqqqJoCXr0+fXWqj80bNB2cKFwVsldhb1w15h9uIX37x4eGHVles1mL56MPZz98XVtZV7Tkg652T+ejXbrDFpdCwIw8M0TaANNg1KH2Ww6z7Dt+zwZ8Q6uLm63R2f3yyzhlR7kG84S8aaChphRJpFL3HMz11uwqenjLVQBAiahwJT5nAI3G23Y4mY+GEne5jaQ7DrSWsHCoBs0ClgmAjJ0vwfCuopbisM1sqXOlHzuzRbAg6A7eCBQsGZwFdEHfmLm6MIlm/f3oE+Wx4Ql7xAx1whFUZxlXIeZ8l336oLXcPbUIc9Xn10ZacIEm4aS4trtXeiG7apVIU8AdxQBOWENNVSMLLTpsbUsHyUTmClfqR1mjmmZDyCdWD7PQF6ypSYgmkUg1zX/vilKj7SOh0tdbzLPxSn8I5ZG3IVWW0AKE5csJHVWsMCT4MsJmJ9cvPjThRm8MJvQACcsvNjaBxXosxIUnhQqnGlTvN1QYNYuTq14mxtt18pnRgXUjh2lnI0POUL0Y9OAN7Lqy9f2/AsdHDTdNboCDsVMGB5Aa/Zo4TnTe4kjzjQ+ZHXPBGYu7v0XMA7W35yIUitvzeD17nTNuArN3tgM7bpOO84lNBulTNQdkqxL3L+zOagnLFBo3ZFUtlnKVCdIsfp0Y81EfD6fpZ+OCU5bWOsRMSxk1Iv0yDegE4A1wzJzDJy2eiIVcYW9TOMvBFPsRVpkYw+MZHhwHH7qlDNNTwVAKGcWXXHrMnZ1ehTNFHRLtwiBcVhSom54dKX1N0SiXHOPCqDJrFgJ6UuKjuraOqTEhr9aUzhBnxCJW3UJ8TTYWj2tTir304a6FQY/gAWPIdzqRailBgTJVf7kRwIcTEeyLxlZpR+wWXpKascxke4XWm08VvMZwGMCTuykxH55BmkgIZxfXEcy8tQihrEpC/aOsHUrDVbRAMfZ6OYRvDVKHa99H2TMvuFUnAN6bFP3GU9qzDHR/Wcmwn4+lKhh6UGMXdpfXaOlG4LicUCJeSQUBua5n3NJVULok6QpCYpDslXwGiOYxs/VOIMF+b/sGDGIBuJtMhd0KGpuWDfRGWMyEhocpN+2SbmCa/NLVzZTds8FzYBF+yVYMGUGWVRlxOBiIkdh/X9qG3OQLJz9EVpLpJWncKMOPOUJ9euQFipWtci9e6tEsQ2jCxINDfGcKlx/erN46dvcTMeEz8e1/fx44NBPsgabvbyMgAZKeHs2GP48HudOOaUnY4u6J/bppmXwgckiI37opC46cDWMXe74lOvJPvy9Rs3A3gtqJG6YW5NBD1sVOo/vH6U97X/7GXDmOKLmXijZMoZoJrYaM+hoYD7jN0DUNOR4hZJ48oRhq0hsvo8l+uLvdsACsX20JGrz3ds9MY5yqd33z7dmb2E88PDbtRNDGzpd9DqFPhVeJYhzRhQ89BYp4bHZRy9W4+3D6abC1ZfNtHeZQaPcClcaiChFMxO9e6867Q7MTrlcE9Raov2BzFPQqOrly9fG5OaAux8MIvx5iaQckh+nQ3bKwYN/LJl+Bab4dzVS0r4c9Ex4zrnp0TD4A1AwbVhnIshmf2x4KOeHt+TJW0L+zRigb6kWg/fE813ytgFipLN8ZnHhdy8ZW2LFT1GqWAzoFOgTl9oYXgKYSOeYKXlmtKmNrlHoMqFYI1T1hSMMcxixj05BVR6oFzdIxobgarWkmRqYTVlo9A0agnWrMl6ChJGAos1Wlmzzn/G56cCsmiYjKFNvhTxWb2Fgqm7kPKNBxFkVWOYjEUb+gJYAyceLPnI/UUgXtVcR82ypPmMomLWRiylyUgKybQjks0Pe8mXEfP19S0zfXjwmFRnBE1FtYZeXX7hZpuWj4vY+3fvO92NLQ6JZ3Aq5KrsD4MvYZfcAiKN0gRJVNm/rLqdWqARpRA4S4mRXem4UiQLlpNiuxBqZB+DuspND6QzErq4IpKO+VvCQC4SchBgR5RM2LDoBXNmMBLMUXE/LYFg7qqABrHWLLnVjvyRUZ0CoW2iBua+D/bkYpEewa5vlyR3SsZZX1CbU6HQtOMTQbhmn6jGIzDb9xWXaJEUGrT4jkjaKTITE7lWTriliLZSodMVkXnliWtqutNLFdxCKSHoHM38Jh2PSwobKGsf1P9zNA+FuJ4ig8/lqV2xyf+1Nhdd0i3VhuLEMcrBpi4JsuI06Pazm8P0PYpKSec1yJc82fVijqpEDaar47gVb05igZj5myWsxatHaPX2DnBlkmry+IZsjsmQcUq9asKOHKwRyAQIIoliAcFPwoCZLnDTJAJTCSOcEipLtaIZrNQSM0m1u2HDMUoZY1KkpRdVJg1gWRlp9kqVKR1UOeNI8+0jjHv0s2mJgZnrnknWrU8DrFvvUM3YLFewfBLPiBUmrLYqOciy7kAeEcxf4eUsOaoKJXRZBcIhWTmkl/NxZcbDz8x4KVDyOoUyD5uwVLjKUo0YY9/jC1LyLmEeTu1xbeVq/2wQZbCDf1hNxR0HLcgUm9XapdSgV7kzcZJFCWek/ug7yYvj8VO2LQbGrIasiBzjgitecVz/eTgEOaiSI1v1Hclgjk2YK+S3T86qsc6YlXLyfYLgIIrHTjwPlygO6o38ExGokkKzzOGSdkkC395Apeg5PZkSjQOaVvWTyBwAWn1zO9aBDlBH6Y3LnBS3o3e/I7nInlJSZu8AZNYzulkhhlqRdbKp6WgmmQ6aIbU87766EZpHrKaqy7K5A/ANvuoF7WS9muXLOBnB9AWz2Ep02Og120wBxPEIA30isK3dNDLqyRhrhCLJLLKLF0X2U/OK17oKFLVCRxsUh1v5p9ocIczbztE6GD6K6KiOpelY9atOVElDHswSRlDx2vb0yEtHHFgoAgOf6Dxwq+Y1hv2Wc6LUgLRr2pWoM0Iqt5dVAmo0aZAlVyqHTbK9TFJ+4iqxqsIJNrdIGDTcemergdTW1zbaNiY1KDJ2cE3LuWh3pzbgCgor3r584Zpn/Oqruq6jHW+S8+KmTlCs3ZjCyLibXAM1cLyKCGmjDcPEYdZmy/Hs5qf3Hz0J3j2jbju+ub3zoKFHa2ANgJRLtE/MuJC4Y7aUygy+T2yc/Ew4HakK52xb4CjLG7knAzimjyHho5cM5GLB2Fqj7g/tunlrT40dWUdvdfPqtRUnzPrp8e72+puvvnn9+rW7BZ48l89lAqum/HOoRqNRBjs7yfG77hu+gfRtlJfXwpvbAAAoO7UGvvGfwVu3YFr+3o2PaTH67J49a0UUbPB/WberxjUgNVLGi4Vo7onvzbKnXBBCk7hMlTG2DwRzHCdW27airDzkmSzwJ+wCaxP33SnqEkpwWZtE50z+qmXOAPei0spYx5W/scjUW4Yxh3tGO5xOj/3DachJPSTzRfRhzZlNRXfJwhz7TguNxXtiZmOVNmdC/KJ1DU/jHwbEuTNnBfJz8RJzzIDtdK4aUyfT3fhjUocDqu3pEX/BmlmqpGsXQuYyRaPzXZRWGKKEp7iCTLb3VT1ISV6OV5pU1SAEaIuIUK9i2M91EzK7qyMTWJr1eKyxkME8I3QmULDQAacCV2oZJIkZrBsAZERx00mSR/4bLVst5abxp7ub67dvrGvrlVE3t3Je3Lup8v7Bre1O1J8eH2hFjBsBWkdAQhWYQmE1toS8gVPnRF0PaRB0dApOUTPt+i6Ws8pCrL1yJYEKMoYFOW14c42epIsDqoPwZyh6yFWAwTs/brLTijujh9Z28Y3OglsS3cmf8MhHySEXA2eHdU7t4U+o4hqwRZM2M2tdqMslsEN1DcuKZf4lhr9tSk7RrHzSUjvAfggpErZPWDRxSnqcsazibM9+exmFN6tzh8xxNaScysvNAMa7LL8kyVzcfgIrWN/VLQEtkVPvYBRxu6y150NQGWlNWCdW9RQhP9aZBlJDtso2vBcECuYgpUI3eWGKGdp4YFSQTefs0U6/R9eLGkdf5FNppnCABM542c2s+PZd3T/M83vThJXD6iAm+OzP0BgkRDHGSY0LzySF1OGSKyylxGIrQiUI5oS+088WCEd5rLLFYEF50f/C4UipCUEbfMV5UoEwnCYi2YlJahUScUwdnCL13OtiNM40alYlrcpseHOQJDfmceLioyKiakkvAZknNC3d3c7fNTIXwjUBwivdL1ynYkfBmA2EAUkQHjFZ4vgv7Fj5njLpsC2LR8sjFC7/XAHY3ugn7zQHF9yncByhqSZetmOoeWwpg774wcOWe2ZDZq2xdqDwvNOJ6qRJYfASqw3I7MKXmUeMQ1Paci9Wr5eYFVFcpCRq/xWq8GI636osdTRBTulc96z18etRpnJFsaOGKgoCV6lBC1J0jbNSoQDfZMTmHaQ+/8d/MhOHZwzrnib5sB+jcpaL64T6ibyrsQgO/Ak8EuPLbYVMdrEVJVK+o0zlDtOuNRQYwVj2gGvpE4G5pJNyEoqxyp2Yae9UgnDPDlkgj4ZqlTjBnfBW6zETELLUhCo81/jWqlfIPXynHrFY0IMlFP0RF06SlEQf9+AdBc4Pq50WLosjPFFbUVzqyEiPMgb99I0sLqvApVmRfJj2s3mDbHKqwwydPegx8Wgq35bZ+slokkptcQCb7xxPqQzQ8K+2OIfPfMjs19qEJw4TVuCXkWUVhbe2qGie5M30r7e62LLC2IchA43PMJGjSxuyGKHTqM/J9pOX4lbiGsqXrYzx21hsaO/ZtRYTojgSkzLdgKdIlmMA5kiBllcZQGFSfZE7YmtRrOowwjLc2LX7TgGg2rlYpdWH5tBbchAiI6oMbLT60mNze6PAlty0duLq5uHbB68wcgLg4v9td4B2wpGcyyrMReDC3BCteINGzKRA6hZrfkip7Z196lsJzeodo7TbChed6Ia2VK46Nnm28EPWvuGUW32BafbYFQKLVp0DXN86L/jw7slkNoNwW8ydCuCFSfaaAxNzDrKVVLbnJgTsVp/t18g/HoqepY6k83/jE72Kc4CVUl8ygAHxZrubM25YFlz5dN1zXEhOXPx8NyryZ3DJKEsfsTTyYYihLTvU9to9X/Eom1WTYaDdf80GRunWjC1JCNTrmxfm+JELW0/oaejvj12VubFm2cZrtLhV1qJBQ1KT0Nd6MsBo6qK2N4O5YEA+kxqXoTcC1AM4T4Bi5xsFSqGnSPZtlgGDIWKsrGy9GFQpr3MlFAbhtWOlZq6aZ+VXZ7IbdjXrTi3yGBukGqVqcLKBGyvnGu0SI5CWX2ofJrplCYgOpgpTZoEYhMw5+wa0qUU1L7z+faViSLIhILkyW2TUUgnIcyMvsqWN8S73xTb3WMInBzOOsVLOuejHh3M+9MIN1jceqtMThxq+G+n3oBhe81BbN4M8uYrnotNVDw6q6qc3BzRdBVXVtdCcOVKjwFaJasOJW6AgBKq6X9kFygZnMA8TPkGTkZVrKWuLluVb6s5dZVSqv+RSSWkxks3rKlQglb8kJ92fXrnFKIrTpO58eTPEuF+/8iAvElKWCYeZ7ur17qjpEkhValtwyJ/l2BlvB9QIDP8GJDsMPfAp4RO5rOILcamt6qp5lZol8v6sMn6JuGTl6SMEWRU2HN/JX0TFf+bMqFJmjhKHQ+EY6D8FyB4M1mjdGW+l4pXVThNHR3ta2CXXCMe35j4vg4sjjyNRq+Qh/nXITaspur30rrIRQKWCvHYmK2BJgRL9URrb2rGB9V3OIbskZVtb+MueqaOyGdUqHseAhlo2ls2IAMcQCGe0MmJCV0XWCgQmFY8Pp2uIDsoMm7EViAvOwiwWuQ/ZCuc3B1W/bLhECYsWRpIWWumXrBxDiYLgolPosA04AHLSP4UW8E0RsFqGjCRAESBMir2liEJ6JKTCs0y/aOQsaRpogJUkRRSYIVWf9Jt86TplgC4GiukRwseYEVXmLIDjsaKjElNtFIkCsapzMV9QIqioCdn9pMIqiCT4uQh1+m1LGPKNILbrq4RLicM3fscIlT3yQmLuhlaUMwvCuZn5GGknZrtarmB/y41LHiPRRzlHDpu2CyE+BCXLfvL20cSO5zjTde6Nhl6FVV501PAGg3QKyIqgSaVDUKrkWi0G2Ymj3xiFZxoORid7GOLXVdiVQU3wmsMjPfhOC5M/tkldZKRJzMKfhauoaXahkqPoBWhYs0axmDUc4ZeGakYq9IVVXwrtm56znmTHSiXLxgvthIesssYxIKPgegAAIABJREFUcfb341fR1ZFKYJQtM13vnMTJou3iMryVTv4ljtsbwFXhKkxAC/+UKS/rZNYVvFQe+9SOIvmypsWFcUEjtZVO8iQKKt9pipRBgtZx/xX200WAjgrnGNrfXg3Pqeqj7QJgbGoPYgLbZgBDgPI7jgmMTWfri5yL4gpkQ2qGLLUq86xcTEoM00DWSw2Yc5HkzAdyI4Aha4UHKx1kZcrCQUZAV5laurOxQ8YP8joThIqhRVPlmOEbya2mxGuUeFzWPCBspYFSGDohmLBkgSudQXr6QMPh6d5QFYRaO/VTfiAbOck+8b6SddyKAmxiuzGuKw6tBG8CVz8tXF/dvbx59+37Yosj3Jt869bKV0bfCV5NSmnVUzd/4xpEb8WCgEhfCZ1fkRT6KZ9uBFRqahzdawliM8WrCN2LjEkhhKKLMs6FGjo97GZEL9/xIMd7j+K7N/F8e/tWtFnO1Ktn3RNttPnmTY8A3Yyj5yf2cNi42pjf9YTmaMMhkQyD8qaUGWunWug6NYav+gtsg36dNCALMnRa/syEiQlvljtuNcv+ihHce2F91ALmIlRcx6oGoKYgo6ytmn3KqlbUYDSVcXAAUDfYuVlRWXXzJQhrb4pj6gxhqrWtHXZ/kRMzhAIwZ5hu3llXS2vcrkitQroTTmCy2ef3j/dv3r763ve/+NUvPzSkcx5owfdmd8e2r86CnEvT367zhsHmsoZbhboSeHqXcOeQqUbHPF4b5hPOEyp21nMg0K10lL7dL+DEyqou6U5SWmG0Lp3KaABmGxWhGDQ9Psuc8OvsrLY704SqcZcEY2voxLPzOI1et3EHKt0LsQWmumAufdR91Z4pXc2tTksQH0VyCLJmLXcGgNCtMb6HQ98ny/p41SdmzKw4ygLIDYFWCtHwUw8e7TE+too/WCJ2dWWtiCV6HgCzlSKf7t7cqDSiFwGfkl0tUf7KidmE2yW/mrQmLMf4D62tFqS9vgscsMsJv9SCq+Cbcsyagrbu3RZ9yNhEORWfjigvXIlzgtm9RC/VvqJca4ZXU56uWlclHHJNXWG7XYlqvWDTGDPiCAggXnYaaGEM1DGpYR/kNfJKVyIFUIV6rUGY1jimSY3g0Xlq1jVmcWp1GZn76w2y/mSvtrGBP3rEsUg99jmmmasK0Pnykpa1RpaBKh2g0nAtCRrSEpe7CxIFJcneWVKlchNcznY6P0NlTZDEFK7c4kgZtcehj69qejZwGIfI/Bz3KcyEWC05HiflUDoOuu+MPpKw4QC9neBNTMpcdmUc1Ocbo8Og32Thc4myMp75VF35kf+mlFhwPOc2O5PEhE1ImlTrHMkImCyHgTqNq/rPlKsnKzz0lY9PoTbJKbDjIWy6AUVp2cY8+LIncukLIhlK12Dn2fDlfEVUSz7ylIBUqjjuYjlNy3UBYPwzTQqeuYqjj4QDLZhsE0vwC/xVoOFa8OHL9zqHFpQOarZmCGAKIsCPuL6Pg6pmouOQgTQCGPwqAnv7MQuzTxhaq5GdymtbaBU+l5SSEzV2K+w4JfpKnO9xis32E3RkD60yyietv4Mpyo1k6zLLzZ4ZgbBkzSo1Z9VFJ0FFAER1aenO0HlticknL3sMgH3bDkvYTuin/h4UU8mapipc1OXWHMR0lGMkQ22+GAGZRKTZflohXlEzzXmulnYJqSAMZr9KR93B0KEYGyUHeqcPU+WZAh39AhK8RK6yC5CqU2gT1p9avFFQaUmcfu1HpSQOkufF9JVWipxU77wE5Qwxk65QpaKrTbJNT5Y66xIGpqYw7fRakS7eZ8VYg1a9asi3hjBeAfDhhfXl4xspMNXLJO6qSyptk16d2OtQSsisw4qY1HksMaEoTshiL9bPV4vdkmup+y3qMcn69uoAsmSVihl4KsfrgivRuLc4P1onwcHSE3pgHAMqldQMJCF4ySghjSr1rN9hMAijKLwrEoywieSDIVRBTCuijqubg2xyKNSp5q97E6r7WY7qyd13HUUE9FkXdHgbeffsEumDhNQTPzzuvSZNm8TN7oTNa74zC7rORepg299md6tfYnIw1Mv2b0RoDUKJLOn97KBZLdTozQNd3GtrgXuPjQcJLiOP9/fv7740mL715ETLFr599343VbBtY82GM2kvtAyTG1AS0diOkZpJSreLFsRxCXRMcWru+rQUVTbb1qL4NIhqjNGIM1Ywm09tObWhgxBb12qA3RlLQp682rY3B1xb8X9za9T/8v69CwSWVDCBAc3pWc8Ye2YD1lArRqGB1ado0W6ZDaiHs1uXBpsC8gW3sQXHNXBBreXjD5Hpa2PQdS28UGngoTIGai2A0qQkgtbNf2PWiZxmYoFM11WGCP3XeKIvKKokalnnEdXfEnJ0MoBoqOxXUNbZKGv4ar96IYfFHu5e3927tmP8tpO6THFtsX/mbz1VXefH5quE0NWn9+/unTx2BrfK6dKHl1fAI+QwVoO7GlAWs4yEo7kqFTjBr+GgYeDWjWWnJsHW5sDj1CCbCSkL2TOHEXMXo548BajoW6NUa2VE3onWruo8uFLRrIDRAiFVrwUaRpmjk+osRoVO4ly/aux3KgBAYcqIWHdgt6atelqxaoII6MSqUb20+afvare80XRTgRqGB4WoaKuYpVxsmhWQZ3e/+dDC6B4x1JhuQxtL6UjKRPRzHe+ptzE7pFTnOA0OA+PtFh4Yf+XxRO/e31NTIQvKPzphwLwKk0xhjlYVIDqU/O6JSUGvhRmhw3PyiuvCIp2UTr3Vr+mW/j7KEN19IGwg5jF0USvHCqwr1yXyaU3YsSQ+vcq34GHGxbYmqlZqVby632WiBqj4NgnB7JXhzQzFstUUXBEMLrJWnTFBf7Kq9VtrlHMXZxmrS8DZSy2Essu54Coqj/lmB8e4n6cISC4UE5jLakOLmgxRIkQrb1+OhPSyr/QhGf4wxiHaCkScjdtiIoVD+yUuLiPKpkXBrG839b+juQiK2dnSDTPWDdmRl2XaCl/+PpDhgD8b0jmBqZTc7SbtufQza3yDv+LFYpjSplIlK2G3pCXHcNt+fcXx6NlB7XcpM9BcFT9FB3LqYsQiq1papxlgenB+XcjBd5KPzFlMyNcGqbhgqMKyhM+oCYVV2Kf4ZNUI4xlRNgPJgLAJgUy+vkJflsfXmgC3u0jEpOujImfhnqNE+3keTO1yDbvC6brIbxQb3B0EZTW8pD7VjZmtOmBHfawxAbUVjxoueDOLZkAjZlGYZruQHsTmHWoIZpBj40K+3LTyz1jpFay4J74tiSfF9/YGt71zBQCLih8ie5fj9kpNQJljWQTMHHKOiNjQrOSx6DAnl5/AjmnoYT2pR1s1dp4Q4LFiFBVUbzbaqUMvVBmpuJn2da1hYZsTMPGluOBQuuIHXgVqSi9iZbULznqglTkGK7xkyC4qTmRAnLwT47FZ1LP7uPnqtCWDRBNZTXtdbSF0iIJ0jFGDY9tB2BJn23d8dpBOSmZdGVUUMrbj65BH20xJRymSUbJgfdYpchAdjpVSzcNZbsWOSfqRNzPF7UQ0sylXos/KKBBf2ZLrkLLf4Fcq3MMe0uAcXTeLbXRFaH3lpinyfnapcCXzfT6dtrlyUFVbyROdWJAjUWmHowAvzHAst68qR8LjuLqo4cWDq8q0ZYDscvRCH+lySN/RuPiKKUZJjyJ10S1xwiKpYSjxSBer7WAeD6QTU9MaG5IZTucaLwWjzSCBrV0onHT/xzobj0oMgpJJh6MyYcTehKTs9UkO6638AVOjriLhujJBdzA9lKtsLDVSaJKf9AFrn3xNVmMLKNiqnSmHmX64lRmoMntjTNqk6jYiLAKJkQITY5hi0Yd9Yws/XRposUfngA11rft5aEQgGtfDCw8jFo/iv/rwlSfHuy35reJKPnl3qUeDgwmQ9UIGemuaZzZmIk4OI/kcs89qDQrCEbA5e7qiSIPo0nZsqXyS199r8ilnhhFSawnYtNtULazvaoR7WBt4GGbBwxgKegaf5/j32t0CuJpBHrNs4WbmIabYzvVe2EDwfJERs/+O+DcNgjsOM7EaTBL1NHZuRYhWbDeNjct89J03ODw1lxGINCyU+BJCLURJR4ZW1WWcxtkGmkjHN1PmtiMlJ9boMpRfOKvsdsSGCw5mXhutei1RHWuvCbNMK5Wg8XoQd0ebxG2t120xeLamb3WX111XsWDFuyacNe36svmrKjpIk5EU0z0LLDmqcN2t8fea/4Y8NWyrwvTF3r44ThkIHGfvbF09YPisUsUa856XqnoZPWeYWhZxRGKl1L2qYKOEVQEBmlOIy57OZcISmTgbJJBXqvhKEDtk5fp75ebLo3vBhkjKwBCCM/lGtQGmEQxlk8WM2M4GDnvKcP3e+rauHTl92bPmnC9BDVq1o+Vzgu22M80tr2nhjyRPI/WMbbZspt9LAFr846Ex57Vbnei2wr4WY3EYhGyXk9OAp+1QLE2WUEwVnX4XLqEdCIkyFGWomjA//fXbMwVqofYWC/yoMgYsgw5rfs98bahLxGbnwBhgqqa51uf64Oya2+ammjQKdjqhpJpossyVxHM7gHMYDUm3kLpSl/lYNOa1Ow3G1k7US3BaXSGpeQhduoaixKLmpMF9upT5S35epmmqqgjjl8aKFsThOXaajjMFtSUtSBiDDbZlDCW+ow8JweNs36yEEnkBGF/oOtXxmjlHpflb2DclJzCnSo5AdsyixIJMsGUGzZgYSCIjXxj0e9iHat6hB7DJY4EtAZluuTMVE+uXNhc1z2Fs2qonaVUg7/yE1XEDpVy0fktwQLsO/MWiX5t+ptSK5Ja2QrLomtkj6fy2DCHa6aCGblUkvjVoClY1t3X5Qyo3JWHdovxKm3XCq7t2Mlb50zr96q40NXNFrYszjkEDMRxtgWbqelshZp9jaiuC9zySucCJOtD95PtqSoYecQUqnkthZ4K5NiVKH9UahqoOLa8s8BPeGEEdnL5XfOZMRgmNIjLXtMYobuMNcmG90E6CbUX8jrrvszcAXVOadZYe9RwP8KhOKmbDGSdyM+TZ45piah44Gp5ag2N+GYv2q9O27c48HWavC2Ok1R4+koC1rUmrfH+Op3IWWokDJtLZ5gI9Sy2/0mNRWzNHqGWCdFabjAITyRDmpkYtYTjuiIvdE6blNMdzWJ+Kuf2CCn1fw6M8+YxRNb1cI0aYnLawPTPBpac3+pvlyty5MQ4jUyYo2I652jFF4yKfoX1VhMkmtEKYpSqGxTK/pM6BpHQ96HqalRyXFjBU2WMVOqDUibXvjgPnh4CY2N+USL1jpHPfMC5r4hEmPUTm74/rjg5S47Vzc3Vy4uIy6yXeX6OWQkDi1A3UPhhWY/2HelsFzlbvJysGtriUhYFk5yFxqsplisiKAUlVtLVcsWTFKFZwvzHTuFwkZIZL7EZqmzZ6dLsJJ+TQLmGSJlHuaoQ2Nlo0G7x1rsKUDYsXKNqWNU8IMkdDNjzyRAqlda70ebaKhhHJug3SzYdOOsDpbMSjrWzAkRbEjhcoZDSD6M0r9f8N7ypBn3jJS6nEJT25LU4ffGKzT+YDtSbHUyg3yYeOAGNpqfygB9Vf65I/NGX+0TSuh9dc377WQRv2e0yhgYKth3r3aj8rMW7vXT/wSuAu8/egCzOBHhqtsmmdDYBauEy0jxYafkBsJy6K++SnhL2+L2GQo49Jox7R+nZqN60UCJFmKkLfm+VaAmRQZRzx6dFoirM+fHi4u3O3Q/Xo7vZ15tqpmLn68hljYPTeTm6awmVZdzMiC8JMXsXLfjPp2VlI5bWmosMsmykaAijowUpFLMat7RAg3RbZCJW1u4014hzsP7bJwaMgZZfTs2Uff7lwG/MXD8nw25y9UytglWIHHpulJNbL6uRIsFqfPgWq7ocLnDt1YuIGbptBvQmpnhBFgPFoOy5/Nsubs5TpxQ5dUAa1Iamu00CtyGtYW+Th3kM/YM+t0u0Co+g5kWC1qoY0vce694xrR1RCt3pEuOBhgTQx3ClQWxIj8BWncBfystQihb17uF7nGIVFNmzcTDxD4p0hJYg96XmNjGqIdBwz0Q6r4h1y0BiTDYbgpIyUi+GBra5K6fJD4/gcZNhaNExv4BnNkHm9pGKh6HS0CxrNxHO3sH948KoXLpFw9DDV7/7QIMUJzx4OIyo8Roq53XRhbVLVAQJDB70Vx0FbcZ/8yeMHZo4eIYUKJpWrCYsMfXwSkqSGBvxMLaUy9tpycE6QPK2yaRoUSOV3zpGxO3WoO8Ct0xqFL34BgB3ZmyNiMtbw1hwlKJnsrkyzCSnmJnEtQ+uXsqpZhyxRhBkpZ/JTJHxr11IRFNV6ixVhiWTQYRmo1QQOIjur5YhG3RFBFfx2qpR2aqMTAV8mGb527fNwSYqHU+IKoLn8Osa+YC6tIvtkslln99soPQdU2zGRcdDiFrUy61Yd8pH9yA/JxEC5hJmzdEVigG5HHRasmKXvsxZxnf0rHjmsWX9NakQxOG4+BFJiLY0zU+iCUi6YoTpbBYcSrwSMEvCVZuri51CfUuu1u/Nn9QkZpMUHprHBgJUxSovhL5ZOUQQqFNl6EmQrGrQZLoUGTY76cYnqYz8eAVbs6Ie7rhhlEZwHyN6pOxKsT9TxL+S2ek4gajAXNbFJexyQM2WMFvzxB8SXP0FQzhqOrJT/DpJoRxNoNdkiQI+9AsIei3TxOxmZYQHo1/8ZtCQqVbNN7IOA9PlbVgejkO7g8tVPWWN8niNewRFcMk4cVcKWJU72Mw+/7R7hkw0WILNyBTr3qj2Yny6OwfPiB+MTZdWvqIaawrKPC2P1a/nJDigVc+FxnEZfCiblqTA7iKr8Sm8/rw3A1M1PCAr37azUJS6XfsqtTgRhaHKOoFhTMNExUHwCqksTmGNTo0rmr67oiJQ/UtzGKa5L0XxpwOqFO0zdQBdUR5fIMIyLuI/lQV5q2pWXJhjkC+U0wogA0Uqe1ijWsctsXXYPgRTzniunsy6hT8lnP4+c/cFR9eoY0k3+s7ECbRuMKV7kr9QAt39sPa18VXVXT9NP4V1PPaqvXRqKKRaME9wLjYTmxWTZB2P6HjMNqexyMlQ/eaTd44l1SCel8iAe8lTOesCUVDMv45hfCj+Wjsh30E/UrX0y/J2Eyl3AzPuYZftZMnXxu9i00fHBv250fRotPJK/gU5MfI58NprHkrCoVo0WWmG5iB3fAVtLyr3EHr/X06JTckNUleTVlVfexrXJEKzdjlMdo+uhq69rtFeSREd+lJ841twi5ZrxrCJxy1HyJXyNKryD9pV7eT++80xCSw4+Xr02GrMuWZ+kDXi6/eXX3qt79eUXXgHgZdGmjG9MZ368f7x7g+zJqPHu1ct37x48bfPLL1+bAzee6zFWniD0+tpDzYm3IKQ20dNMMIUsaBSus/MLM8E6zgE/dpxnuhRVNWx+vdb8hUXSCp/w0L5TyWuACTHJ/c3T5zevrKLWOjmBsU6adqbAnwzDf/6r+9ev7374wzvrqT0aXtXqGobzq51BGaVf37795S+/tdLH+Q5rXGSsti+s2AriuvlmKhcwO9QUNvD0RNSbuy/dD2H80ZSJYRj7g1dEFAEvX78WxOld8DZm4og0tJUyzaOcAY4EB0WiAwERmSlhUcFgnXqwZkgbnXYm1oLy/G6IXKXJulWF2mMXIj5+tBLqizfe2FUEbUm/u1GNsj0TyIWa+9/6IYd7n/Sn3/7+TQ9KerIgx7XKRhY564WnWL+8Q9ySq85n9Au7FQG/Kom/9HV2cr0lOMUlwKkuqvFD1dWGbKgn3lnFxTAbi3u8k9d13xsbmoQmrjrtpbmX+mzgRa9uQPf40epg3Hs6LmVasl7Ns9TIjR+6c5CdH7F8J3trgxqpazYx8QzWbEItpZYrmTwmSwX8Qu13l8tkLEG8bqSEqPqYZp0v77HbCohm/FUCqWoSB22n2yrArv1iLWHy8eWvPIuWAuJTQoRe7lEV0H98pXa5xqHhd/It06PYOk8ii7frYroZQxBQOExlTTlfjYQtMpiti5IaejSoIqQfiArVl5TEVrUgWGx5xgyATFZLBLvb4kZ/UtQh00z4rjHrlNs5SauwakULixpnohyuupxnxdonR6Zn9XrMQJZzZuPszsvIXcMRRiywqG5stFviw5yjGlQEueaqMJOExKU+axAfLN6AAiytjzHDTkrQdgGlEl2yRM92jTfxbXjX5cE63GIi99qAy18FjGKOZixSM03CsYw091RA4iprKbSGuKs3Moq60CFYXdcwCM7GASdo5LXVpnOnvZMMYkGdHoVSWNtFwJKJU0MWo6WGZhzydZkXNpSZxy5JoS6vanDZcksMSCtt6YN98hejNRKZNGhFzdG171q3Mazoyjv0W2KB0eY7TSmxVifPiVrJ5gwaXudPuQX7tDPg7qkMnG6rdB5RRuw3POa43RbBnU1BGK5jzlhhIdKYSBNWm2kyiigc0jYQzMWeHz2NKmBdckydyrmrqHzJIUiTKpCGxKzRnsoqcjWi3Kf1aX4k0n2hijyGS6r4cWWpjlatpRGzWCsujsOP3zNNJl1wYNGVTBqU0IZBnyPhAnbTWklDucI1C5f4OM3I8BxPhAftiZRY9a9BitfkRmCTFcPy25VN6ugrsU/f8y6iyuI5Z1aAZSpbXSz99fXV9++ur9+aIzvvISqkKpVjDnspsT+ljqozplxaMW65eXC/QbPNIOXbKmzvIB60S9IYHNsILUf+ZM0FUT9/VnbcS4sCw/KTNQQJ2SEWeIxJKevDTn1DGjXEvme1ftdwjlfUB+TKHSBHbSXXOK5kuSjnggMFt+AneCy2G8+yz9d+d5hNeHn1ZfpdLKfQJX+sMDzBt9S8V34VMKqVyfYB3gFpB/1xtqMlnCggZ27ot8fDmEKuyvL+y49f3mlhLe0srFXL6NbMxDkWFxT2Lp4eZ1n1CYfrCE/3x/y1JgWx7WiUIWbhS+LsBDQLLkvxJFFqbZijOWm6LSOexxq1DLLPIcK1t+OEdy3/Mc6aku3CuBcxnxgOMY4BqPChnp76njVv2XkREiRC9XTxSVFTENk9BpWsId5AoOzjEL8z9FGrchdVVTWitdtk5S6lLQDwJMsf/+pXf72WUArjs5xxzWS40KzZq/laQ6gtrBfx1fRtfXN8gpgiaGgc/mOSzj1S6KNHEH76r/7Bazf0el6OKWAQrFsEtvXNFpAk99P/7H/1cy+yNAQwbHy67/H3zkw+vDdz+eKbx8e/9g//1j/5V7/49hff4GZ1vjExyUZaAvjtm1emFn/8t39y87p33GejDAB0CmYUmOym1Uw3qzdqmW0zx6erbx+v3p81nDhmJC9Z6XzI89Sp721///jf6ywGqfGQ0wFv2H3SglrabUzzD/zFT3/yxz//3/xv/+0P37wz9QjT+w+PhoNCW8/x+HT1pz/76r/33/prf+l3v/fh/QcoDPVnNGpnq+A6yzY81TeJnQZ7WbPA1jb2vNfrX/7Rn774iX6umyaZRYfVSKMQdCP1tTtvs34Kn1j2Y2d+yv2zSDMOeqVFwyaOqWegWz39fPX+lz97ePdu/ps9DMHdDt7iaox772itdz2lIXUzAgXIrcl+NdjZ3cs//cXDv/Rv/PH33Bhx/cqd0q9f3zgB8PpbJ3bi5/Hqs/dH/Kf+ypdOkApRIbEZ5UbTyX9pNPvlWyDB9r7wWcACh0j74xDdvwjR0x1VWgHeKESXvOh88el3fvftF9+7sQRSH19TgRMbFug82fr+H3zpCfkZb9xa0puNTqQIEgcNCxWnY5ZklUtj9+rz7c3NH/6NP/nTn7x77QlXCyyAcaqzH6l2K37YVzG+s3guhHijsmwWGD5h7r5OK9FzO8H8k3ef3nd3azlgHzBgeRBto+Kbmz/+pnX9zfjd3Xr9nMrXouaX3u929e7d01/+y1/+N/+ZP//VLz+8uH5tlGIwXWi3ddrwcP/wj/wn33zvd1+9/u2G/iqDh4EajzdBqbZ6zulNJy3pG7RhaNSbKZqMu7r+8M3Tt73Zw8lsobmz5fAzUhWL5jyZ1fuuF0rttUrMxSR0AsxIvbAh1Wka0oI5mC4gPV59+Vvfc4bHqhzeSFYWaxpzZ9iX375/8eHRrQqFi+3WI4vdE8zWsxhRX7/3IN/V+RpgZ2WkFFdMYHD4e7/7xevXr7pyWJvp1dqNCYlzwt+M7ssXb24N6JzMy80KsoXXhoW1KD7O8G+udVE5GFNRpnpingKtbGqVIutIySpYFFRzeRGBRUkZwk6G6tDeMWINknh2vES5gIc1L1Y4vXNNWLj0CBgvfKrSeNUsx6Uy6sCsXo4YWBZRdhPgL6Vb37imbjAvpPG4sCpW1ZEgxOSSOo7x2Lb09s5xajzThoMmEycb5Wj4k3LTPwsd+5WdGum6xAqCO+XF08dPX3/79UasObz0+T142iPTEx688OTabO7jtlqqmpYaAc7a4F5sfSHbaxElHM7ppSWqfbh+88UXG5CkbKDTlgaJATKnR5u4XaoU9ojyT52QcO08vSeheak2MuNloiKZhmJnFzWFR5agadUIa+XPlinkJPGYSdkDUqr0KkW5wqrLv45xbxHsp48mWb5ovuaR76OdCYOd+udwMi78n1PiGUdbZzm2I2eFjumKpVQoi7hRRIg3mPS4+LbSPik7jkgvzq4R3e4qesgSdrwa80DKqmv54ubqR2+9ETInanOwS3++R2ZHQuY+mBOoXNISOpUEdCYj7qLMBQ8Bg7CYW4yFIvsAPZ2wOPi3s7ZruOImY18oEtm3UkT3Gz6ur7jfsnNtKjn2Af3COvQVHJIUkr7OdoV8Cf+mLvpve4Z0wiE2E7g8lTbBR/lTIBNgl0/8VX5oUsVuOIMkD+5JV1570t8KRo/BMIXggmLilO5y6BQchXutKzum5+cy4kVVGzO/ZgUksZoIrBIPxpGozjQZp5NBYmrti5cff/tLfXwT+/SDAAAgAElEQVRdXx1iHWfVJNzrVFMkXSTiuooHfNokJ1HtBNy3Q4J2lA7RVXGiaW8ZqZTClbukRLtNAVnJbzAku73xi3PGPJn1ER0NU0Jqwm0nDVHVmk10FRrbd96Yu7FvzFcokBUGzNdaL0kJ1AWqObVy5ZXppzIVLaG9U3SJEmarQ3eYniLZNPIYse7mUVbwO1JvWdedxlET40Q/wQC0xCQFL1J0O4ZrUg1we+pY3WwRl0NQ5huUYr7lHV2lVjGU6XTh4d7Zz8d/9Pc1kb3317IQTbb7PFlmI4Cn17cf/2//36v/9f/xqx+87t02MHbz1OfPd5Y5GuleXX39+PSf+6d+/z/xn/8L3/zkvbHKp09uGvCQGTMtWBggf3786unjr7669ZhAgFgwPIBNwpxVXZzrjjGKqvAyIrQfCfrbP/7WsIoine70h3r6OdXQob749Ae/T9wZsXZTNB3X8bgUe/+jH77+3/+bf/ev/8t/522v3mqi1uombdrr2x525LmLTy9e/Xf+6y4z9MgkkPN2gvEQIZ1FlZKnL7HVvGt2bYCbilcvf/rv/3ty9TGafJGMrlAMf10YSmdXSnXKUmq8ZZVPUFRxk75qldcCUHzlYq9/+PDVr9795Gfr3+iqyzwzizo2ka/TMxqreSFKPOEdP/2qfwmvXv3864//yv/lZ7/zvVt3lMZVGIT2lUsyrud8/eHpP/0P3fyz/9jrr74RKtfTKaWEWIz0qC9effj2vdB4vTdPKD78VZ80gJVeCuBc157KZv/MAQtU4XH//v3f/1f+wt//V//c49cPN59bktRqzaO0iO9BQy6tuFhxO9NUZxObK2pqQktBmsgmIlf4ZGQJri95cP5/8Dd/8rUYe93YoYAimavZLg4pa+xe0GCRUQ8Tv9ke/vlB1sUxOQTtHKAUFTyN82uvbV70di7YLQGpK/PB6fA3nkPbs5tJun745JlPihNvIHfz8dUvv/38V/7+t//cf//3Hn7xdO1MpHVmAgCTuYoNX7788P7+84ubl7e3QlNUUd35o1Er9fIr+z54j2mnN9lcxefZNIMZ6Ff3H+6//Vkvuk73UaRUnDeao43+C/VlVrRTKWkpWaAG+/Z1BZxKdn6bhSrYSSxVrFN69fHP/fnfCArmpGQnv3jmfOuz37977OqGBqWIRZZJM/MsqcyPf/X44aFRu8Q0SKtMjL3TY2+f+K3fftMZVDb3YumMB9zOubL0i6uvse1OdcVRJKZIywn9Xf3ge79hpZ8LTVzv9GEIqkyFQNeX7p+++aqgDRJQGLaHGZv0mxGKOLvw1aEIPL9txU854d2R/SKx2J4+RU62PwxPEYFdW62lzSfKtWXTwPtVck2AMhnTzxFeBO9iWQlJVuzsTWpmayctxnSlkB26cRtu6f4r/Gd2fr2b5y/sY1W5ZQ5z5lCQxbk/CFOT4IR15CfISnSm3YOq7t9/CARDFJWrpkxUwSJIhiKdANblNK/EutLKqrXjQZeIb/x0VL0oI1Npwz4+vn3z9os339PYvvS28Ux1IKGN84TSZd15qFZjUr2uFUcXCjuKMvoa4RTIMinz6eMXr2+/eO2NHEVvYTkfVUTpdG3csNrqB4dxW24gi9NY0VNbNKWzgCF/t6Y9PXkf5Red8mHOHkn2FYLZvIPZ9QCawDoQ+bbLzxHQcWjKgOIEwtIw2IqQmG2b3pHEfFs5A3po1ltI+3WJIir2mbff6OlVY10WE7C/azAa0kX6IC6w89Vpd6fRHBuDYaxHAjksPWsuS63kRF8sdyRh43iYFc5XBwWUeByjd7+b1LolQDdehs3fkTCwOfnP1N2yIk+JNEumdtFR6k/dei+xMqtnkEj7GCkIQAkpM93CvzJxXHL1AxvbfsNVp1sIoo1BWStdF9fRKRusuDoaumXtQtYOazMSps1qvmVEMhY4k1V+lP7VqwuqjsV345gJTc2MqjUjPDCOpK03rbj9BC+p9ZMYqIT6zsrpy5nS+oEeAPnqg7fVGBLUtLKJYvGuKPpYTMklVTb5MZNRE9z5cafF4unkTOgRbreGQKXrVCKuuTCOg9YPaxxe0W5j4NrQc8PYlMWZuslbRes+u5kFwsuG3cZyxdM25ZVZA1W75y2cK12kMlZKhgaW2uud4mvyR97j/LCYIYu+jNHREu2Ulh4ysmeGWr94IiKIwZpHslP7JW03wUs4lW9HOBtz1inXqMkXFZZyYMz+F102RYhzzNfTnAFK+nU/ZuYaED6dPYt6Q4Kuu/ZomG+/fbp5fWcA9+HRjIvZU2bqyeVWXnywWOHzq9/9TXNsps4/eYS5+QZ97ZmOtbLk9p0l0i8/fvux15sZSH8wjLAAplMSVwMMde5dKHhx0x3GNYKQCsj269kXKcyUBWfoDOmg5mLjIEXOsL12oOc/ipXW/zMDJt1YaZT/8t3DAx8ll9A1UVXE3op8Y1z75ZubH/2AxvfOnF7d3lj07gLCm9cmXB+dU1kY5DbeFg5tZnGVfnGhVdCtrI0vKPmC0EU02A08mnI23GWTW0Zd4OZVFvUsfRG9hUuqT5b3Jyt9edYgCufCvnDk/TH3U99I8WJzxDqSpVaQxCOjOynnaMI8uWnWqvey+LQ42hQjeseNyJF+fHL9lledgsWksZ0q2cUBS7V+cOcFb59+/nNzuERoBRagL57MYdOVTYRwI61aI4M9arjU4VNlrlLX3e8j5DszLAKdZ3JuTt7ylU/3T0+/eu9ylZFs7ZkwiWFKPTzwF3Vbq0Q01ekhI+aK2yYI+eqtCpt/ZZoePqgeX3hnVoNnFaQLFFmY31OmykddbS9LN1OyesbAkTEQqPTxt0Nfiji52jAjrWy+hcE8wpbsEdG81XIFXe/NzXt73SxtZOPsl3F7W4IxTa+kePXZuObF44unn3778YOrbbQl45Va4m4ZZbqDXJHPlokZut4/Guh3+g4f8In65HlBXt9heptfuqhBn9mJFVd5M/fsz6h2CjPlO0etHtEiwtryMrOvnKk1vedXvZZlbFsrVZ3CoylSZmhlmdl6dcBlCsN0ArjyymIvYd+y62YeaxNN8T48eAU3jSDGgJlqHwpkJ0N1SdDoodVemzT+2MWnTgZVRoYROQKkMgo+vXj48PDy1nNQu7tFU45TtWhRkQYOAHTIPbUENHByWwD1krsz5kPRuWWnpBk0CPVG/maaFLVfNJQ7e8SwDcjCb51XWSuVDTOo8v1I8137WpWgUURVlsSesI374T+plUiVYnLitHO41QhMxjN709aE54rF2txF/7BR25Zv06TyY1pe8MZvGhCItt1gLfv5cIxSY+nl9ekIjzrJU9TOSktsR2YeoF72DIQiVQnsa5iqbHE5hRwNMVNVxSZAzWgFV/MXyVvsVUHFShE1fZi9il6dqCeYBPNOnRWvhaDy/lKKKasLnfALuoBXKObTRkeen/NElY4p5TYMC+OY5KkGtHVW8U+XgunUqfihzYAharf8Ls0QcLa8cQFbe3gJj1MKesq4O/5lQ6tqRVJ9j9/MV0JmzGaR7HgUaACFH4Z9RtGe45HBvr34qYdAV0LaM0ElLoftbisP6xqpQ3iSqbpjGrdjG6tK1xXjbMQxednIX7aZuJFnt8Ogkg6UaLRuZ6YiUb2XIRS0jIhO2EQXEQkT3P5xnr3D33FRUGjFOVs9h8aRtYzIla1bDa1fPVFdN/FhK79xT1Gqiri6mg/khaW4qJ8/hwkBb0jyoGyhFbK6i4kpKbF+7e1XkYpJwifaMV7eVBwbZTL7ZcuESqTbpSR32880OIS/9LjNBlNhZSuUAPCTWglHY+13aZ21Dm+pl/0Z5ATixS+VjVeFUY/Zd21OfDXjMlhDh9+VzvSqfT8QO1oSB6pfBUXi56DDNnP0itreeYp0tpnCh0h5JWiarhWPX06MrXTgKiZ5juI7JEdlGe1lsgi70KfcdiTEKL0COqYdTz+RPFmFUaqIBJFpYgJjg8nsXaAm+tdaDgkWxpS1fwPZd97ylwSpVcGEOiptfp0S8Y66IuEoZ+BHSu10SbdRDTmihiGthtxoR0PCyYvwwNTBJ6VUoDR+jbyagVtIlxewXJq6M4EclIYXBloN/CKNA6YujBr0m97Ni6YtPniSjt2Xj+/vDVM8HlyT2CTDq5d3N19grsztWys2vPT+waV9s397SqI37j5k07X4NaOsyvGGReZ80qc4S0fJvDyPVB3t7StHFF9TpZ5vttxXaaCCt9pPM/lCxRXeRu3NuJTA0F0SsJq/FSCeznJ1a9z7Qn0Xyk+WJd/cvSkI3YDpxUSfXtzc3SWvEzpjyNYlJO0EyB7j01JMXcNQI5yfEp0hIXJiJPLqD2QVGi0P3xMe2S3IKPJEYRvJs3Fmg1LtNKCbJxKLtsFDtc0oMgVbF8vJJly7AyGJ7Kl57bKH8G1ml6G8hzcxsWzUr4gN1fXtncX5NHMO1Vvc4kZkK4iMkbWGFDFay0MLFMM646dpmLdCwrwzDfZFGg8a7/Tszq7506DIhTZop33LSswC8P29eNBzO8NqxbY1wa0MS0tMAp++M0y3V+ypRKslW1LET8oeATNcgaf7OFW9YUjV27IXy2warhku7cKCILCx4uqVEhtQV4sWaqAWKDk51MmTA3O+QLzEPIw5oqKqXf/reUYWacBBKJN4o2TGcEEMw97xLLFztCv30jNzHqKqR1OZWtHCuZf+hcr1wTItJliH8enp65+1br4rutcW/ec9GestVxq0p85+nVZ3uzM/igmst+Ir4K1ty3DVd0bawBe3DYWribN7wcUZGbaWL3W5tNopmmo9XBciO9v14FrZM0s1k/O6XZ65XJsgIrvhQ3M7GBRM8jDHRrmqCOvSHOexqpUnP6izeKqjYtc1v+hoTLvCbm7AS2TORxOYEnSsvtujSFbFwfiH4ZndkqHvytYyFucJ5eRNQimmPzq8K00Jg1Egxg/PAU+J/R0xU+d4vCBQPLdfCFouWLHsGibfiyzIWw3Cf+pm6sz8lbKdJsbBzFOZQqmAgoO9uIGEjJO32rLsTIfAfn+FxzgVmnb6j/1S+yb6sCylYrNNafJiOkhxmn3CNsqTfqkYoxshug6S1Q7L9dPnKF7jMAyZIbsOVdTphdCubXt+T09QN0NNfxmD7RxiE8SaxXj6a2tZVwgz9XawOxjXFabgwigrkI9BdL6nnB0wwtB/si7qJhTzMGLIETNCwW0vQRM5Pr62YVCpVO8/XlWpOGTx8yWrAHOAa1rODlE5CWo8GZALhkTFM2bFysk9qfU5h3iIk1jRaHOAX/tOxI/cUpfg+3ij4wrMnJfdioUSqEscMPJoABKbQPidCYc/HZPaV58BoomdpafdDKVUo8C8GTvOu6Af2Vq6OFTyyOD76EiZQclphtn+nObrGVclYhIS4rPmOZiPJmYBSbGKQDCSU7P71rjMwASHWkpSMkiO6mzFDXwosBUEs/rUrFDqZMQByHL2hkaanFWf4NUGZEGfmSMhlcsS4gWwxhyXJAcR9p8qE2B/hecCA4wmm6ILZwLCfsQVbRgvYwGGTAqiYSV5wDAq5NqXSzYrrNh3IHEeNGOl2QOD+is6a9njpkW2JNPgr8kq/umJkwYEKiURzUdtUJJoZwnJhWumyOKgr5WKjwJMHph4ofHpqkBbBwuadjTlv7bRUQhZLYYuL0HibXwImHmUOV7PiqsWvg/n0U+LtBu43BAKXyX50rrUI1GlieUAHxppJY9Z+40harYqTGu/h2dhXsTErPiv0PSscNQJ2W5GQwh1nirONHiy4lBGH+UbabQjhg2/PCovmoUtEjCUj2ktY1+ZNjjsrVMQNn1BgudCdQIHG2+peqbioFk5PU0lMeNWnY5Bc4slPndTqTFEra9RTJcQcosHtXNDs5v1drXWDNLwsPG/Jc+NDozwbu5uDHVwvTwsHAugsOhqsWS2KxzplC2OZfJXESPVaCpEleoYPEdc1IyjjtHTV5ithUwNHXBShEbTfmOUNDdE8dUkt0cqNhJrbOHsxVrnHn9pttAo+vXbWw+8zycNPBo0Za8T/xmlZo0BsnFRl5WgQ2DLpd0hkSX9NX62dtkpBzOdAp0g4NbER34QXsfSuWZLJVKtOJh7mvyeUSJOe0c2astvNU7Bz/dnjtmEkr0CBaXYbQYdNU4MUczIcksESSzkwCCUDoZtnhf/yaUbWR/v3RAAiSETXc69v0gxwDTtkVgv1G9Gefr82KDzqfngMNdKziAnFheSCBeMFeBupybdZrBbiuvxRj/OnWYbtadvJh/gtXX2qLDAXqOcKY4BAVrrEr54mO5lcCgYewNCEoWBumEU/oDEQjbTyWxnWtrsRX5hx1Bn3QJisZeCPmsku4aSX6cgr8EHTFG6j+ScA2O2NmU5689cHLW20ZQjjSyhM1nu+j8ReFp9rhI3uc0WLo10TeyBpMahZr7Vx+qN/84ps2vr1DqhznVFTadzORpqSraA3sqcAz/rKQpsFVDAskkmE2A9M8o+yWuHVT7GKq7GKSUFOO+xZTHz+PHmjVPlsseHiusqkSUXBDt1yOsX/EBagM3+zKnKKYCkNkNZ+GkxbGSZdOgiiRqTgrE0Yu+pWx7ae0AVgZ15thhE5U3fDZyhrmUqUpI4B9QGxjQdiCp+MeknfTuZSOWkOBnXpHNP6hzjBJi58nnGy0TBST3aRbXE5RcDpUsbj7JK0p0vcMsShFvUhWPqK5JD8cxWDipxOAZJA11QxTbONYciod0Yi2SMC1Y9bsKX6ntoFMKIJxaVRTITxCg+CW9vQpSdyKx0YRLU2ATG3iEuSUpF5Suapr/ej1v1gCoVSnpsVAA5HUVuq8HbtM/wMM+EJSaQyciqITlo4tNwBIu4YFWLdPy0aO0sVrk4c9+oT0W8OD00+8t6mOa8rHURURo7h5xpJnlIA5OBx7Jw4kRprB2To1+7h1lpamfHqRTRskruIuTFHgs12eUBn/1CWQ9UYgnVyzVSMWDs+bjgrczRY8WXMwf0NVYTGuqsJA2GClU06y3mSuvKb7qM3ahKRXn5qUBBvhQFs5TimC5+ZLaPaDEQo3HiyVNEhu3CMeRVxiaQJGV+VA2tJz9QfxbwGchURvwVazLHraRQ9y3qlzP/xC1xMR3vS6kpXqHxODsXosMm+9trWLVojg2y6v8mQiZrGq2dHOx6UPxrXDJGMERGo55jnLw5wx9evxY9c4QMBOWq1bPMLCrdiGJF4uhzsc0QVihJcA5gBzE5qNuDfCe2K+hACtxzTPjrMsZjiYVf/0VWW0UR0FpM1lJlpCzb9PrFSWuioq1gzBAw3e6Wc+m/+uaevYxZ/E78Rv311jnrcCQl++R5NE0+jlsm4IQsAkHfDS0O/FAM/elgoo/Kz/kIo8uBHzlJGNN6hNiusgXpEKJetl90dhd+2UpGCJAlbx4fM2mJOCoEThu+wo0Pmj01zJzzJSaaj2w1WDE9nkpamUlZqBRxEgiQuL5F5fkOZKVkGKHEIJC7eF4rEh/c/Ze848w/Gvwyb8qoZtnZj769sW88UiSDeGRPc/Tpm8laZ5l2Gr/OZ4wWJgVCj+KBooa1WBtr7gWjsZERhBiJBR74KNyYuE3NHYp4KbX2unbeh836yw6FfBpWYGEBoe42oOXSrdm2g4yJqvLeHxbQtBEpPtTY9GfijHLC5lRFF+PPCDRIDIBUafva4rSIbdwKspg199YrS8u1MINeVOr01SUL1vji7Z33hRnhWgOj+3t6cc18DbsGZPq2HEHPHmeMY22sXzCfeMCuGamNqTw5RWxYzyDl2MdVlBoRkTeVEp2JMik8VYipXOKMk1G+C42CMJFmiqp7DGlsl05XN+4FUZQHJPTMnU0QqnNKHJ+K44Zz8jOOMadV/je32pKQSe8koJpp6hk24LLvRne1Ez2lKV1rOESDN2TSi9XWTGUVo3ZJ2PSd0BRZf58eh1rK7kjL6Z0jOWl3upYdW6TRXe3FgfLXxnx5EDeFaXgsU4AxAQfrOGa3Aaf1Bu35RWanaflannPYItKdxD2ntDOjhofH5PQu7DJPsb2KsEoR8MTOo+zcMGFaoSyY5ujZTG3hAwlmpo3KBLTsKggJ3IMFc3vU7J7Q2gQCBKBeey0GNtC4FJD/puZwK0sLp2GeUuXBrAWnYWvDSNtC0K3HxVtDVVZcEKRGjbIrTCaGFksk+5eWtTZIa5yd1W9uEGWcwm/wq9elVYvIZ2B7Z8DtIt29E7vkNSgvWBqCK1AAZ7nsG7LJ82ulGUvmBmpV+wqJxTIwc6VntmbtXO0hWVCZiLeuH7pG9ZTit04RYlmVKeBikpdanJbLOHQPnC3IwlG9SF3xJD9P2M3P9kOmCrLQiRMliiI+g7EzoxkKeREVOf6+KJV17Nv2PT52k1l+X7G+CHFY0Zouu/XC2a3rZ0PfukcVrArSCa1/TZDq5ZRxusWxPYXHOK5krZap2aEguf4bqIN08grz8kKSvWe+MVP68LATDS+MMpCQLqWgq2gUKVti3PYV1Rj3dXKKlfb7m7VGUOHxKHpk9TnZEerOZIqKfvr43m4J0bZNI7vV6ywYBHsxqrmMDylFoQhoeKDoy+bmOrl12gxBDceRLrkCJyLGnsfH8SJQ/GsF17wsAOahlTrOrW6k6PRpCc05xjG2lJE3884lxX+S4RJFSZ3ouTMVipAM44dunaSlCH2qarWwaGwXU/C4PwfjeGKi43FZ5x6fSZBYyY5jYBvRYdBh9XInAAM4AKl6qCc0BhdNnkXJDasM/1liGzWaqj6qETPJhxNiFe/io5BhqYoP5AzWQCMFxvlYEJFUdoRs/Bt0zMez7OECx1RLrOTZgFkmPGXmU6ecVeEoNBZ4VWgYns1BFDBrQlc6MfOVX3X8mEup/htYxOAIGZvZNKnktQ+psNshQbkmBYpOB8XqnMxwwlNeDYzT2Fhxl2LPsGhfCRvms95gRzU5C/TKplzzRZgNy74knbK+JwcQ8XTxl0JQEokx8hkq3eNZr14zUg24MDxCZJUIUI7GHmmMJj7o8e9J8xsanKlKyEexej8kK1l/3DbbDN4i6QDlyII8GRrd2snV9KlzoK4cCiQHerxA76B6MdULnxm085X4YRtBGqIKzAnfY8N0rWTFpno99IU8nze+uXgrBgh1k6wUWKwtZwf60xllZdEEVGSR1LDiGcY0S5bEwuloUOqFX/BiMJM2Iy8Lt4nva+DtHLTHz3lk9CvGTaFRtw1DO5miqFm0hkFwBDlfbupxXpwPBzQMQ508knVyzScpZ/hfkDd0TRnXdvKN9fv5II6xBWYMECBTHkkJ6++NDgwiGxs0CM0cR6/Of8DsNVL1810V+Oz2Yg8wkWMXp8asOMk1LNOi41cEBdUWzAa6zr2txDrprSGQ07WI4w3WseKINRqqiism2BNFuotbt9ko1/MiuaMnMauUKLNVujkNMDVrLG1ldre4eGyIuUL+Myw1Xd2DTc3Z7gIXsPVkpthTomFQxl+0D6sxbXY2fj0mMsqwI5ZuXt146mmgL3CxoSQdLsGYJfCRu9qXZRRkm9qarK7KKlDc0FEv0qCwhSVpZ2774dFqrdu7OyP7rsO0qqHApeQ4xYITnAEqYuxhKMxXm1D83J3d1+4zNS/uaaefb+9uPKvRRQDR7lmLMpXjH4ipxlzMCFjeM1IbjGKGMJLoV7XqqKDpMohDrhU8KwsfsVc3Hz3YxY0XDwaBqA2YGtko2Kncgwazh+szXCNobA3XijTXm2KdUgwhAnEy+LbbfFwNBB7uLUlg+m7SIdgJd68ZBuAYhzMvcgYP1O55mHBVCfs4k70iWd7h87ditEzTfjtRZeTCCask2mYDsgsM0fDULQfEtZL58+f7d609w7418Q2lqRD/bClShd+O4hWKVWFJq+whlhpnFbE6EkjWRux4V5xovBF5czEUqJlonKNIDTW2pr3xKxAujWPIqynxCnNCBHDfDrBVYVr5Qy37nerEdmrqVtsqk27Tq7I+IjIO5bo0ZHMCHb8uWdSXxb+z9mxnf1WxM3NMdkqb0XLpC2eqOG4sXse1zldylSBnkzGfHbfNDtgbCPhLT5pNrD2pdTdVUD8ZkhFObs1ISsWviBhuMpi5/VySLhVSkkBcc8FSEyMndaOLhhb2LxjYLb0dV+fQNkUhG3EL8Nxqz2f6lYXpZVLuWC6RJ/Dm9BI5N0H45YYxzgxrjCQ3zigYZ+BL0Az2UbTds+GLW5viQuGoMOyj8XXJT5i/pdq56Bi0kg6bLFDKGJ7kdZo1aJ1XlX5oyqyg/3j6oQfN+4mOlS7EM2hJnajV3kzCSIq+Y120UqoI9k5LEVluCtlay7KClyVX7wma5Nwko8p1McBBpr5cWCokMFSAVW48YxvO3Hs2v6jW3ygtvQQQTjuQ0MTLWHsUyUxO8PxtmuOEXeljqmxIxyU15p8CtXQUfcmO9jnpAuUiqKNpMEmItt4w4srtV6VMxI4uTHZ0GB0fSEfcSMNeLcwpHCQ8SvQjausn0aVfaEPW3/hHVM4Zl+1g1v4Ox9TJPkdaFEx/ujpcHB92yarQswYAZelq74VXoAr4dEp69gKjMpwbp7WSpSatKiNBiyjyohlq6YvXzFyRpI+07qRySKd6LJIXRUnttF26l7gg54XQzDLRZjnkUK+QSsf5MXJ4Jm6PyhVLbMGJtnbqFFzyJI5LiNZuMEuWqdonJcVOqxN8hZLHrItyKVI7qiUEVNbEdrCoPFzNILYNc+uN5EUAsf5iAhTf79DNHmyU3oTvpPkivB88qQuI3TV2UFSbgqJPkag93VZtRO5baj/nk7GPZox8DBuk4HXOErfj4ZhIXO9oN9stJU6pWG5fDgui42EmaRxZ3lGgfTjxl0OI58Cn9RjMK1WgYMw+J7QmifEL3DSiKtJjYCLJavpKiJQGX4AizGLPWwYsNfmYZ7J0qzjqGv28t+TST7fc8TSqqa28w5kzb2R7Y4W6xHWg8Y/ecqkAACAASURBVFUQWWEy5nFZG2ukl3KrFM/huzBBnRWwJmEyRpMBSo3hMuswh0SMtOtgChDW+WJKl9Tsr0nqThNMQZtsNDLu7sFWpG+okEFrrGtF11t3y+FOpWKabpljPjd0N4rVSRhBwo6DEWb9GY0HkrTCmA+NHsy5KryotrODrN3Io4mEzOIhmMY81Hb3obDkUAEmhbI7BzgDrzkxCKQoCE6KzWESS5IZ2JLkX3n+I0nGUpy/kEdBGkX2R/zxfWzSbby2zycO4PCLYxCjaDTfFYw7hkrFln44T1lU14LakYCpEcM5mX3pedtzxy5J0OulldHu4NwZU0PFoDivgN/6nCYoi9em3OjB68bJc0xVhXqWrzBKocwK1Z9iF8COI9iMXCd71fzLMKAnYGrfb1G2al0MOIPFnJVQ0m24s1uHl3ObHmmaAxrDzQTAZGPSiZxdFAcim81w9ogVk4aTveIg/Ysvr9MSPLlmuTKKDb37HJHVWQ2T44SjC9Uk8Vm1NmSnBmOBkwJVApZbGd/xWDXNCMHu0Upoel6hE7N3Tx9vX9+a4394eCjaFVUyu8WbFxUO29RgSJgOHPkTFdtQ7ICr2lac2ZXKhUvIXlgZbrrU82hV20333BcUfKOE8+3mpB0iDMDZhh8iES+rCl+vUcOFHWs5I8nKORUC1KUZsgejjIY1/RSOhY7d+qUsrHpWg4xRO5tTmFE6Mwgwx+bNbYAQml2o036Raf+iuPMcHcYOu3pUXSi384h+V3AlR5TPgoZJKrTDLIFizoKHC5XLIhJzYxaIYEbJLiVH7ueEcv0lLidtyYd9TMupkSsyuFHouoLi2TbW7XTm7eZ/ga3eOWPv0cUaBLiFx2wIUW+RCPCCJigONY/VwTSEIKRKgXVckDHiunYpC0wBP1R2NOBY7j91lG8r3edYItXts0/KL6MO7uwvL9KKtOGccaIluZyTOtbnsGpVXToY4gx8h0rVYpa7LYfVsCmG3UKqdLyzJk9JtC04an6KOblYRbPIzSwIgfI1GQo4xHalpwVy2cVAedlgVa9uj5QTjJVP7DqYAE4InnovyeHrgwrNsSzyY4qZK6FRRENUvzEjOV1KPP3yhfMzL5Rhi23g+o9rP7YZ2W/H+5yci2AHE3ThdSlRKRnhkbIlQGOeADs1yNsb+YTZw18iTWsCB+KSXd6CasdHwQTsjwh3cWXVNZNjMyseD37nq2JAKC+yL3wzYUrmgmwQFwiYsNHExSKUqJVcIACBvsax1Ew9nPHYNi8hLWGIw+r/BMJsocARmpDVJQTr1phlrkdvIymRx/irzsTNomXiPqYHAdgF5g7k5smDgBopXY7SQkEmOlMcpUSkRThBP3BHM8kFz1ISZHQyc0gvCz9506pakLqS9RmniH1b2SWMk9+aq4oesmAlgo6UL5MUTfQsEJsxqV+UkrSBjZ0Ga7TjJA/FdV1KQ/gpOaFxDgE72AKZ445bzz7WQw7lgamvnyhlEnoUwxPh0SibhkOxNJnzA+/QPGbIJrDIOZyxq7GI/xw0gtqJJM/Ac1M8Z3fBYGiixLEC4OgacKTN/oW5RlZRzUGDqrqu4+xmowcfjFikc60/uyAbIjKOAtlvxOmSXRI61H3F8kRN+owkIyIdtUiofMVksm2REODDDM0ux9OF7q3Gr13CtGn+WUGpkPipktPHb3mPU83MqIjUnYMYf1/QC4zYhyJQQ6Lo2rgLnFP3wSk3xY2to1z8HMyQEKacQX8DI4MSo1SdIgsZmJCxYXgC7LYFolHeWvtJPeIZva0UXyYYgSBY3HSTYieuWjHlrfvGYlbIEV2MN3QYpBMmNfukGJPfWqnTOQbdG58a+k/XTdi7NOLJIVZn9xDTWp2Gpjbmk8Q4Lgb0St2pMEN5XZIOMBKvTmuxR+tk5muB5zJEvfuWnwgmJFl3FdTOsW62z+gFawTOjiOoqhzkRgBn2oXkbP/xyuNQ3xiRC8qRGvTFg9QtiPfwRACD0TlB5loTxDqZI1SP9/XKNt4yKw/eq4+vHu+9asndLz2hZ/6oqo8n5qsL2XkDsmaz08sWpf2FqHdKZ2FBW7TRrslJoIQVQ7tJPP+dxUUWiDXQjMFYrN7kn9N3LmbZVEJ26EGiWbi+p3FuJqxaoE66jN7BYH+Vg2QRw/nEKuKGkapRgdpt6IuWzLVyyaft8UT9YaDza9G2EFfdl99TlQ3FTNzj4+yiMlWYVF/cuomiugeoM9SH3uq726m5t/M37U2WoTKlLgGQK2T6zw6+ZarI6VVrtioUlOkoATE7xiADMAXjFD273jVeYJO1qQeGRlUo9jrhUKTc0S2FqjtNv3NJqvBXQIxe7zTyWwQneKR0Ji+16gNl86MShzWWa3LXLiJom4MqYi/uGg4P2M1EqQU8G7o80qnAAshOF6QK99B1tpBHasBOr190beJ0rVPNE1RjV33JHHNbkOKAIN8hUBC/mTq/8mLmItRPVQyXFS/GVhjm2VaC8tvaTch+293eBWuI4Sxecil1X90KjwdNytPLj/dq2cu3RvxNh7yirQbQI/A/PL248ZoVr+4wzu/KnjPvkLMq9GM/yJM444g0cZNxiuMQpiLrPTsTgO8ALz8TjSbsKd5PX+k5LZJVQj5pP2v7WQCWUbW4sFjR060icZQNUndn7Gthi+Nxq79RTMN0ER+Pesv8pWtSMGzpFn3xFSelKcOUMU6woPkuIKZ1MeBCq+I9bDpmoaioT5tSUyVPJ4ES/uq0NW7sfCSN/9xftBd/cANbqWDUQxGcxToeoyDtqK+Zup2lBnUGTVZJVRKBl7fwYNTFGbJxDOfZcIx+HPu+HKR5gb9YoEcUKP0qn2F2/hqMcg6BEsw7/CU51++nbfbxK2/uuBRK9nbPse9OX7ddKE6ZUGk9nrHMJMmxM9Msl31Rx7HfymcDZP6Z0XdDso4O7+of+rTEp78OJ1+Bio+ygClz5/ui83JtJ9ERcZTvWB5NIr0ULf+IisK22l77KxALnBwOVBir9v4GtoBKePpqzvC1H7bDjk8TMZEwj0tZRWUlKlj7sgKoClI/1DWqpMVFuTqHSHArq5ajLXAHSRoqecQev45CijiexJhBWWYMKodr+8NccXR1DhOfhMw5/AfUpZfa7Y4Jy56pekBmK/T1B3GPM5KlSW5MNLjHIEMxzNEeG5Gd0Lajl7obmPGq3qUAJheSS4zt+NjH7hESoNKr/P0sFi944r78I2uGjWU2aRSYOufvwJtO89IK4nwB0t54xh3HtEv7HDqbY6ihklBkV5Gr5YtfO5Ne8TJqUQiebF/LUyZ1Zq6TuW9MB4/M9vLgQmKopGSfTD2ml+hN5hwV5OhHnGJrffsusmt01vDs7EBXvvmYiDFtSLzTMZOPIOuCvBDKuhcIPaVQ5pQFqpHUwlttCWrW3sblgZp5QTDKxNhR2qfGarjD1X7HlQ3o2eoOlC1EhKGRymA5PPabUjE07A6BcpBgtZU981DnWVm0TnwxTmNu2Up7TCA6aJJJA6To1g0rYhJ6eimSXmbs0o3urOElYq/uPnvEe/Z87wmhVwwC4om9AuA7k19YJ2hQaMKsBt+v37oycdciog+6/8e729s1vUNEEnJsaFQPUcgOx3Q85qXQkMUXIfJCRwk+tUTcUW05+xhd3L5+03CpKtir+uIM+eqI0Zqsbg5uyjN7W91tyH7tHXeZyi2/rFjrygabptW5OrPC3+Vvo+a5I+uprzkLhJ786KXQfMEUc1iZST+tHeoZSCEeZ97zt1cmFyMbBMMzpNZMzfJsm5ob2FAjVydAm1klw0aYFkukuHqRc20VQNUaGFgFSoq37UIO/1PEl4RCqFMSWcrnS/u+9PKFQSjb/ASjhOmQ3ZnS0dQrRmdhS7DO8N9ITiw5fWQpErbaA5VBnRMOLiHm4ZH9Q21CHrNztQ37s16LsNkepJQM6MFSAKfPFCKd6PwdwlqlPGEr5UKzFKUumqTHdFgkML7nKTlrbB7dKXFGTTCofpxMFi7da6s6+c1HN6y8DsKcvmNeanCm1P46jmp1gi7dDk5HgHxyrVFhZ15NYTN47KloOVnVg/Ci0x7q/DjFc0pWTMmqRQDTcpoyIKSlIiaURY5rEUjdcrFJT+9pPv0zQWXajqHir7wCztBDf+ZyopK1KLx8X0ryx2w1OLLic2nEt06jyABbi3NsEUbwssarW95/un3jrehXd2/3sovPL+5ed83OiwLffvXylefwaie4RKlCLezMXT1lxh0zquJcg0LBJg9WxVEZpja4TDGkhUehXzVsyrX9gS9rjjlKpqmk/qfxdpJ/SW4vSr8pdiGf66UUrbhhzpVF4wgkz1ULxxVt6FQW1056XooqJBF0lL1XbumlUXT8VtIxapXABsjMG5fj+9FVmhKy+o3+fPLR5CV7okY3jaaEQ2Vnqlr5+ZVdR+1AgB0/FKXxFXz9HJ52CBuu7+TN8vJHMbtWIlbHjcpUIEY856/6PsyH7Yqe0vlfXmAQraIdmmetyomi/1MuYH2SH9NldFHpQiYljdvsPBeKPFYhG+3FNQAQvMyKJe5M9SI7GOTJUSVTb2qUjjDd5gwOi23S9q3fwqaDC6pKKU7kBDznLFmJLDznx+3oxs8aBkejLT8bBj+WFRg6OzVqo4pFBoxFQEt0KKEoriMNgPrU0Edq+VF1WiCnrz5rf9eSnWzQk4f6ol/diaMhKLFMmkxQP6NdK1XfNQynZDY5CSubDtUC3wEj2++pOZVKSJyn9PbxXI0snpJ4agu6hVfy4xunU973NlIieW7UiRn8vk6vkwoz7KXsyoOWPTVXXuB5+/Lja9KbLD8TPLHzV4GLxIy8bcwD7O9itO0uu3OYydc7Sij8s+AsMOpTLp+suJzIUdhjeb+ZqQ9yH/8O9rPgaAxRVsltuy8wmPYa6kQcp9pWLTE564jN8N5slvNEDhZhUiEXFDCzVey6KjDWB9TMKg+bJQi8hD/jUXzILpg0QQHC+DRiKO3Er2LFHCa1If3WH1dY7ucHz2mvXNNNzi1X8bhHr8sh6WN218Terdv6GiSpwdidukCUrvj6rRUWBoM9Ui94vZUDVUOE1vOvzqdguBhF0RmgoXra6QCqFtMllea07gXnp+c4jG6CP352r6rFD64AeI2ATvH67s7g6N4LJbq3EQA2zBDrCMmc+fLtFfTZp3BMBYHBLt4U9NISGGNUOjYp1pMqPUgxTenCWgYXxit613j2gELrTkx/Km8E5izA8ndP6OF+a5Jaa4/YnC4LeJfZ3Z2R24P32Lz7wLKP798VoDjFON1xU0uQOszYLkbVPrruHz6jf+2K6c2PL959+fa1wVZPLocxdeamta6ZNkvFT9l42a1qS65PyriLhDIkxOISGAZNn57ur1+9eX37A/PprmAYVM23uYnnMwBsDKagEarGLSf79pwcbcbLN7fewKAxffIM1C4ZiQgTuq8gb8W6der39x/vbnue/aN5zBB1xc8t1J1AuZdAUJj5NqE/+1VpNQVzD9QcGfKE57ZpUuxsDA9YgyWT8cbNpsa9s8Tx4G2ex0gaO9AbaqO4FtHif3rB2HgeNSlZDmu2KkI5NZWzVHbzEqs7q5q8xa/116KiGuTqQcNudy+wVw1nKFfF4nOQpivX5JlwD9isbheTI6McL5F9cfVlC9mytLtLaj1evnx4eATxzevrrx6u3hn6twLIg/ALCFcBKHZzc3Vv7ZuHUZJxKhFDyee3+NIKbcEFSuGyvfq001QEe818IOVm7Gxsr4oUi7yjVfKYVyckNXAMKxdvl7Z6QKq6zQIeTWRCurlRqVqb3npx45lVHH1rAVUxHsSMm26MXsgmL393epUj5as7BVCnYdbhNb896KnRwh9xX0zWa7wsEgskIgXpHDb8cU4AORGn2rgUbbXhOmfy0ouiXUi0pr8C4ZMCwrCmq8hcr46uZoQQVqxoNaBvSZ1Ospqz4S5NxHGMnseqCBMTvhr3CqLgvcYKA9BuGfvPE0JTgzJobkZyjUuT8PLbDzf377ywnLlffuvRRin+0mUVy7O8xJZBnh69cPF1jR59+ml831GDfteReiu5lsYVSGZjZJGMAH6xN59psAZ98TNLhBsfxrcnOhxmhsGeUlNGWlteLe8YIBcog9SXnUyb4iNO20wY8QCKrx5AhlFm+O7aL3pG1oZE6t/fEPVouQvHS06okrJsacdrZQqr8AWaBwIVl4C5gpRADdvtTRe3YyC31iF6Ivzm692BDIlmP7mOi/BYCkTEuSvutljkXdziEkMNZdnl+FQKhax9JJXV/0W354JDvOyyKrToWlN/8QTPdOG2TDTnC+n0Qy5xICb5QjTCAZNZO/YsYcVFS4L6aq+0E6lbAqRCpO0RNfQjmNFKVCr1MFlAjGLypJyb7iSdiBiP5GTmSYtQ8UXsdksAOrYqaL3QRcuuZUZRVS6VI/Nc/o9yZexO4WNuySubLPQVaWdHvjJBTpZRlk+yj4RLkR1LKaxk9llk2JGQlM+/8eUbQ1gvlOgRDTGN61rRIVvgIxQsjmP7LFjhoF/U66d2RiUch0lOv3YQ+k3HHR4ctSMsXHbujGDGWZJBXHGVoY5eVBglInsH+xFN7qkrh0UFDpjDLRZJLU0HIsQVTvNTelJlSxMyUSbvaFqrHm0Akz6q8pFxrOr96ebz4/e80a7BEF0CmXnwQnxwXGIggQMQlniOZX2HQ8yYLikD5QiDDSJPbVC1K+Bb/nhXfG3EgIfptB3lE9MhJpXadhIS0N50mj03FMMYcaLnwnxSS4GDXePGj3fdIlu/M/XmTEZMRCpVLDR2kjkB2+HvU5dlN/aqffkzNBHGYUDjrpqWFjBHjsuZBFT8phvV6mXk2iW0NwZwH+8353gucyR9TPig6maU8+ndh/u/8e/c//SXpnaNtHoKTf2UCpEpPr+8ffjZV9/+8oNFMBGjkdMjHT20Hv5PD17S2Tryuk+g+s4uOWGd0LTN0HGb+8DLUHqyRht0Nvpwe+qXgD3pca9va2KNxE1Y6y++/zuv/oE/+Ev11gw4G8amWOycJkGo9sq7uoD2nZ/05MSs5aH1eP/w/dc//9A7CZQzqbaXEEufLfXBL3784182zOq0MgluyTTY741lqfDwT/z+9X/8R12Ys6Bed51+3lzWfG1XB+7e/sb/+V//6//S/+lveCx7s+uFPStYfe9FB3C88Ba8dx+2NEKHkUW6ls+J3S7/4sUvfv71P//P/8F/7Z/+R/7kj36+R9InE4OMT1Qmgxp52hQepUqxbRSTrDL7yjgnHArFJuo/ffz+l2/+D//Pn/6r/9rf/P73bhn1nLMps9M/ATcxHutam2GeUPkeS2rYzbbO77yC9fd+5+Z/8E/91i9+8a1uHILGhd7U3DjajcvGzbdfeI+ZSxl33lsfSiV9k98Jw9W1Vyv81T/4fdQGkN3IDWNxHt3GnBSpFy9+ZmMAClx0ce2NXb/9G55tn60Q1N43GV8NxMHpFkf9yb//E49lWsizqil3co1aYUVVXYGmovlNBr9nqGVY+X91+/Hj7/7ul+5p7qpOyD1cqhdEdK5SSF796U++HsJYEKps8LYMo73VE4nUSsTxgBa3054XrPLv//TF//3vfPy+Sz3d4VBddJYr9u/vP91//PCDH7z8H/1XfvSxNwBrLptgurm+sTDMTeeNvz9e/fn/2M3jh7VC1XZp6U5U+83CQ7QQSU/73QZfvqOBzsUZznHIZ/7aVOaiglO77//m9774kjNws57BSR2WjS9zkXHo9dUv/+63f/Q3f3x9fcsj6mYK1pgn2ArVmy9e/vnf/+2ut4kZPnTeX/UlYIQ1j9SsiQditVjgf/Yyvc6rBdurl99+8+FPfvb+9g6qWnlvbfLWh0FsDLb3OOlZGynknNiczUGCeIhu251Tc2CxVNbqisAG5fxnllN6Fjl1VUKs1peRndROdLMIxm9ev3n9+s0KcVFsjxWn39idaAzLrMsK4qAYHqyXr775+lcc2jlxrtPc9UjcJ8N/0xx313/rJ0//wv/ij8xzmGtgLdYnt0GzJrx22B3vn9+LZuswM/AZxVJRK70zLdQ67brmzcdMD8QkuWTnXAAX3m1oEqACY7Coy82A2qlVOT6bJRIyLZGeLUwKTqdCbqnnG6Gdi11zCSfGoCIV8qLDL96+efNGIo1EHIdtEB0QKAv7mbW+II9J/g4l14UtRpEmZbSJ3H4cInm+jiB/il04jBNafIYo4/Fpp0Edzx93d17q2IoyPmfgRZIzUjoIf6hrGScP4wsWFv0OLMMOVnIP3axRWhpuG9pjoyrl2Q61IofBKZWuKALhf6bOmlL2ieOYJekiYmlZJacfSVkJYd+4zA12LmnxXcb5lq1f9HcpG9UOfKmzpR5q6WXEcPV06iFYKtoQVziBpU78sJfjuMZB5shOsb5rk3UO7fi7jC+5veETTm3I+veZmrlt1g7BkTWdMt2qxAoto4YqHkeDDDtofscw/naKirUUJ2iTfcKggAieprIGQR0svGbqCm7EgHIOjE+m2c+YFjchnWGWMdXxPIV9N9Oj9IAN08k7uwoyR2rDK8AnqeoghS0bqS+TTqsZoGYCiWsp816ya5SYNxl1zdngnDd/Z4O0nOAxdtUa8NFFmoimlcLcYYzKPKKJyM99okvg4dVvHbmJI52axxh092bTdVkFZd8d9O2rcRFexwHlnzx61ehPYKpIXbHE1HKs7ieqdAJLGeDiac5HeVrNQzJWmePsnGLxmvQlb3BApTAk50I53qim65IDRg1JbpZLciJL4rZkyp5G35knKAgPku9Eo2Pd40E6mIQO+5qmSDsiZVZO7OFaeobTlJ4m6zL0qCNoDNSLmuogmP3xjdsMV8qX/y4T1xvkLPxxuf54f/XLn1199Y3JQFF+/+Fet9MC6d55ZVD8zYtPhid7I2GTYVdP9xajekvW1LR43CqHatIwzR45MzPCntk265Ti5/ykgVoVrhG8SLVfZHOl+mUOkaq6RkRWvVpekkk/f/+3rZQ1BjAwi1CRNRQ4gDfj445LxvXXeLY1541ioHr5w28/vdVrWYivBjQMC4wKTXsd0od3jz972YPhS6DTJ2MvZLhZ7HTj8t9vvLhyH7Ghon+KNaeoj6vL0VAY+N7/P75+fPfO3IDHhhdI1IKBAdVa8r99evGLrx/NMCnaGYIfX0zz6WMLa0zbPb348O59488egdKqeqBZpUBCl0IFQqFV6kBm3IUxDUFRAl0uOJTnoEIfjeEfzSS+fnhnnZFV5i1KaXx3SA6UMNlaXmVrTUq3HsXLgPCrr55+ePf46Qs3QnQGpZz+29A/FYTBlUUsXOy8oH7VuDn118N3Fspnjx9/50dvu37THE7tWG5KowDXioEpwahr7S0Vi3cIuVbUqRquTtGXQZ1ZkOqsL69P3Troq/e/fPzkXbDYy8rKzR6/et35lCF0fupMzUzrTneNp5LQsgg6GnC/fnX15Y/eGHJC4YQmk9MrY/v35KzPP/u5wRQ5CPqEEyW6jCFJTKYRxY+jwM4GxZuz6U9ff3jx1TtT5kR5rOqrXQp4eHX3Sj0yVHz9+tU//PuvfvXBcLyOWOCaLTXvzx7AexPAl19am69ufEgk9xcUCc7bfJRpEgcFZ5YppXbg0phWIKQlFycnVGRW64qwV7fWoCnKPMw0LqnGXzUic4LbE6pd3a1KYBPSKtNN5lJhWZ4An9y26glTQRLPYqif0ObFigy6u94/dGOREHGO9+27z956Jr9RcuPvxWdw4WxkKCoW7tM3UWUlNpbixBcbZH85zJ8Xqxm0LN7AW0OSdvwlU/o4pA93X9hLLFyiXWzXm1YXfWpUc9BE0igDFYbYUANfRAEYBL9AzwN4uULlscEk25yWN6+buYzKX165ycXpzsfasfuPPQCqwRCGwQoo7aPlGbJevNLCFMj0aLriVCXs5q5Z2W6qllY7yX/+gE04aBKjzq5dH7Fj1yZ5VkqRiLIXMiUYWk78pCGrRIeRp7LNbvtST8UoCmaK4zkurrVYrDphxyXisVR8slCP/9jGdCzHvII7TAOlSJr3v5MZCIJYK7nBLmX2Iyqlx28uKh53lFNICQkr7AlzhQybzIHCsPjdSeDApiD7h3offDRN2S3Prz3HO1ICss13mwI5RtL5XkYEEU6x51ylh45Xj/8jTZz/gRh5ABxRNJUFyKgmZXJlP2+R2ubBeXXipMxQYxOM3QNwMCpx2EsNy8SOyYXXEgM+wvlm+6voMosouZG1ZRJHlzpV3uWP0aKgMW/2XYlUKhJiUMsfAzGuzTu0JZfJSWOl0HDScIIyxnxQwYq0bU70IoJTK4E8q1U8k8XrAqJCK7nkk2fccep2g4JHAwVabxaqyoAhmcMHQ0wDC0Q6t2Re2GDaVbi8OtKEyKwe2Bmm6Sqzv2PEgyNG8dOVVokdzN1VCclZq8hIu5qRjIU35oJ3NTd2XRVdpNQpnz0BG2PHGeCA7XdCRzTCzLqdmNoZsoKdoMgX/Rfdw7KqrCquoZdeeRO6ni1Rl21RQWrmwLAvIGudk6BsKkGT9FDXspYyJlm02Ch9GLe37DD3yTDhIRu37Y0onAu1SsYBx0sYMN2siY//6GLuL99FKDXPX9qfirclKKoOKxr/fEGxImNnX8gSnKrmy9eE03gCJyXiLCElGm4dlJCTXtKMaTebRjD1CdFVlUQFAkAZzpBo6ZVbGwWiPsYcb2t2L8pPoYoOfuE43WOwyXsDtFd3QW4JjFbaRXjTe0JHglIkdCtV1g1hXVenc6YIDeBqfYOcgvrcKUYJvW8arvAhYq/oFC8X60K2E5KMgZmuH6GprwYihk4G2i+voXLK4ZGgLtE2Muule0UYTkjrugdKJZ0oSB3rrsvJQBRAsgeAVsLQzu3FBqxpVIcOiveXcRyZO7Srh8n0q1FbweIiR+9g0qGaEDaP5WE6CGR5dqflSdcvP7x41NK8B62/YgAAIABJREFUub4TtRRv3ZALAo8tPzCt++6BuUjPcllpT9BSArdnoM5LOKdV9VCYus90NBomPGajVE07y1LoBqMxQLh9+bafbf3Zg9/Zi0EHRpRroGFO/NWNcazbFDJILSx2TQmIEr7ibLAl4dAFFbZ6enIq9NZbsVoA5oKI+GpCcaP8M83Pj/rKz7eZaq+gKkA2dqYHnXt85EvP87SK8tESnV7N0yKGkIKZ7Cb0iwbl/DTYqvadSAbG2obXPXFo7xVAQuumfFNQaQYxHO3CLI8UUCU38dlTpCzgKe7otirIrTPWlrNk0TWIog2fFmJUURHzXrb0focQVQFd6Lh+esmFpC4rQ2NATc6MaIihzrVih/NFX45MRuzcSqEQdI6u717dv3/69FAx8+le7PvLd58fXrg+ozSpbFTdxM3yg/uHpy8N0W/EjzOEcBUSCWK57c//7c2my/WVlXLkoihlFxcOY71gEnoSG21L6My6kbdCYKMtRqGvX3TtW6KTgRbIKdq40UgVpWGdqyWwzVRrW4Y7hIuj8CY5vPHMQvNb+WHawLSGwrAwnx7+goBwueixLiYUYNX1CdIDWSDGu6A8Zom6MgzTiekaoglNbG2svFOmEBuAwVSLYK/6JMbJA+6dI9o6ngy+0046PCr1k7F2WFTVtDomiISktcdewBBUqxbTGjyx0Ia362tmx9zzI45fWe0FPXsLXZncPRZKik9gxa4SarwaWfnhXw0OVAz7hicbRHnZHYoZSAp6uVVY7JdYSaMZ3Mekg7SRWmUZp36np19iRnKIp0M1cYcR80x2PiMdCSVNUsHvqheLoZWUdSeHWjPXgIzR6MvMYidPmQKogmE6LOyRw2/Femz9Qs8tKVnL4jB1EmG7yN6hnKgmPBiVAE8jUNEjqRY7hhjkaFtm2BBl9B0nfZAClcvmpUNaCaXnCTuyVv3btV/mIhT0QMKd8A0vEhNBGQkGfvJ//SVNscrt/1IHxiDG8TvFAxBhSc/ZIJ2jFZZprm8lRnKhDdtYna9SbRck88UxDZA41A4Oc4mJo0Li8iELNVQ+KqeQuuK7HRyPBztCwySNIuSLDyWy+3HHJbu2oASk7FWBIi4Ma6pKP5S+/S9f7pIXHmmFuoY5ePbIIKygLafA5NV0j6RpH5w4LknNnMkqiSESWzXqd2u1cIJsak38jo89lEVfU3tClRj8hrDrjc+RMJkzncAKYLql1MwyuVKDLj07J3Ak0XCZzxndDl7xfNySUq2RpFD4Y06DsHaQMMymPx6XlCNlbkzcRBKhWtW6ZrpUJZh9Ct7FbpljlEFzvoORPLenXeXvxEjR+SGg22JW4iyI9aUcMSQiOhYZjDqHpY1Wl52YIK1MagXBj6FFobf9WA9QLsBg8iacrAuK0kSEPxxryQg45sF5BaRrnkMxEDqasMVAeHHj2mkpa2kdljSXE1nY5zvBlqbTX+gElvwVL5lYBAXISl/UuVAtPvGKNVpUDuYMHm7lTv6qIypgQQpqHJSYARsM1uIsFKf4YlsCjg0pfffgxY2Nqr31XMkxjAOycb9gx2Bm6WaD6aG7GoosTdpApNT2ypliyuB4wW3a7/IkD1ZZh4HVs7cMt8+CbAw2KgEC5E5/0me2AXUqzx0EHGmXaEDnOMm0VRKl6fwqR0/yIU+iMKCUGxsEijlj3X5ima2WokGAWLVMnz76YNciDHsxW58zQ6GyjrkhsyrMdsBLz/NNHVkin+/Jcm+wnNjnoYzqg1kRpoHJOJ9vbm7uP7/rTtYqCktsKjQ7G49YmIJp+g9aPiqCBcGRN5ensNTqC0DKYdbphFLIGjqa1aKvUUfFQxQd4Dy2gDOuyIZ1JmYcq6POgAobOrG5axNeAtBTaixtaiGYiXYs69czsq2xb9Cbd3yyoh06o1lFG5dT03ryxIGSCidmqhaVTed+Q7vJVyVG0XGmVXCezHWZo1jJ6NbM1ACEOeHxpcOadIr1n9ckoi9od6/wpGLiVCGVpyE5nrjiPDMopLNhg3iBz85FNQ6h2y6lclPjubDEwl+b+pWihno8kHm8POHzo6sOVvS4caLnGnnK1U60uMv1AfCrRb46XTP+I4r04oNwIpPAgQmZ1r4DmLgMv7qTeVt8U2sQsly8esdzFQvXQq1ii7jaOAf+2abRR3KUiXFnuauTzABEVaVFKU3X4zRNs7IlK0LfCVhlknnJS2BRSARryYMtFPNAUoYnQ6Zp6i0CG/dGy5Vl+CN+zWFI2aJUPPNtLnGEvN8cg3Klk82KHU8UjTghibIvsmMnd5QALtmP095ZovQkEKQgMbWZ7UTYnzxgUiMMFFXCYepOQpSHvPRCqHYUP7nsXTXk2aNKVePqw33r6+IVcIxR4Ya+6gcAdhm5ViAZfNbhZSNuxJcU+4lnl2OAlJfVyUeoUQ9/jGofRsfFI4p0xZ/xK1mJYzg6YjtZKR6SLDlVB2F+TOVlVQxb2YhkNUoqwtfFlpbIHBh9FEqhz7Gx7Ncnqg6PUqcGTBOJ5fL26YujpZktuaJiEko4tpi0CE4czoFpjcfItWgYgQDgzi4rl4qTE06ExwCBWsEBWZx3qD06GiNM7CkbSHs+s10sVniCT+ZU2fFzDkSnSEURiZ1mOI6Z6JDqGWzgCBuaOVE6TolL7MHZz9LOV5LOdvLXB67EcvLPEIUgTmVtfypMdsUP0YoEMevD1Mx9xEtP19Rts+evtrthgL88JU9LUYM9mnwjQyqqknxi5tO3437Se3TZpmiJWh5OxUcB394FqOzD56SiHY/SLpYa+9U05SoodOwEgBvkLhLqR2pNEnnJ9aPRhT2tJqXSxV7BMD0CIexl1pskMKm5Td2oYqdspAlOXl+ODzTN0Np3mXEbGEPGOKydZIh4zEQbjNmPTRURF9aMj4LpvKwO454RE+YYifysNlK8z6TDEjBBBV2EiWpwU6mYTo9l1Eb+ung1iRqWLLr1zTr0XyskoXo5E9YmTg2kwAd8aOe3gSohcyZi9hnkDD7SJeXFFUMmvRaNNzBrqOH70hCciDkqjzwWPv0ka7xSqrG1g4lIv3GnD4MubGeMBvKLwlmYDEUONmueVJ9sUclx1eLFF82iKUse2XZGYxRC6Dy5kR0Fg+Cj2U6eT4Mh5MkDYzhPTZOq6Bq+IqBRwBkDRdS5vZDVopmQzm0h8sk90FFPwQa7RZckX0arPfVC2UiyAwgVr1YQpH41Q4mNjtUUoMnhDdFZp5DiR0zlmgVX0IZRum+nwNi0NQMaZOBBo+IxE4Hd6KfHtnrQfqAO1sxG/3lyjAYpCAVO22zbzs4+VzMyemdn2FHB4HdLOxRvfnYjVgPrettsK7mJ6s4LQr7TeZHZ+7BOW1AF12U7bHG8gZBr+s5gvK3qtguo693J6B6AWFy/NM4j2hx80DphtjUmrxGZzETWbujYq+FPD13bh0FizmLoJgZmwdE37knDY9qG1McqaFN/pL7T2HztpkA7L+lW5ltzi11UiWuTcJ0IaIyK5pLIoyn7zMRph7LTsynvAadQb/a3liATWV9D9vzm19x5d1AXJykZwDOXWcJLJzS5znIsZw5TIJC1cPku4CeWpE4LsRmV1oTFcW/c02lnboq0veakzUdrGpvaxyY17SBDQx28jJ+tqDKZ2pK61L20IwhnI/xzhE/vALZM6mFMBElWr2LQukJuAh4AcX+Ug5OicyLEMQ7RPMNwUpSH1JllxmG+atV3XkpP2NwkTbsn15XSlxfmVzFmZLglMbWYLMSS2bxhE7tiUzzb0I9vgn2mMslBuYBCEWMqhjYM1PGDYc1BxmXkTuPGjfaTWDouRAowK9pgoI3jtvnFmYDlXnduue5KjkKutcwa+BzDDOuSkhse9Sy8IZ/Vs19NaJ1BlXQWzstQqwVNQNyKKy3MYjIQHJJ2gTgmDjatgNM4SOW3zJPrSgprkV21mYC8MvKBaAyivCCLYR5FnsEr3gFOmnHN2akiU6eSSiSVLMWSdParlsu55JYV3UYj+HVNCKeKnDM7qlWWiIo6S2SDmaTLEfEM0oGeqwhOoAqcN+MLX0ETqfRO0pZfcxAdslSwd+GXugodxCkMiqNqItGZC/0hD+gzoV/5PhO/IDzHpGXyGbVfEsfwsI55FLG8YAjT8UFBUcSHYYbye9kNfFVC2e/yOopUjm/1Pp/Wg0WTnokeh/QNrx7YFn16oIsiibqsKbeEC8OUlzfvVWd4CLu6qVMX0iMthioX2aQkZ3t9KZaQ6TQEmSJ4f5ZqukmLec3MMB2jjzwt/CfNjjZOP5QLVy2kDpWfaCatU6mBuBQqjpeXjMhtWWEhsaMSIt6nH8comnOYQkvKoIm7UJ4ic7QUv6dQJO3tqNKO5tiFTiyOBdCV1QRGoOaLciq4FF+XfXs5N4VPcIRiaqdGxCVkvdAs5bnoQniFJhb4HGUf61M05u0VGsJEalnHnXZrik5AyylwW/5VrjXTydPENEFRnasqHjPM3EUkxvMEptuVsMruCAJJh+Dgz/GQ1T4FyRGyegLSloeXw2ej1MiaWmOJ1XAU4UleDPCPh2NoQdtcRZrJln8MTjHqTGdVo51xT0JlhxJlWFKjgmNZE6QS1BhFmpGHOkISBzgWR37w7cZjI8L8WDPf6La+mtlm7rkOUZ5KpfjbIKu9nnJNfI3xYYhmMQFCakz0VM9QhK81kzpPHJiFUmHMKMGL6+SmguMSay0uXppCR4+iP+rESy4sYqBLguGYNLwo4nJUwEa7An98G1jAEPf4TFr8dbXMMSiHsOZlcvKtP3JanNBvG1ZtNRRD1rxErXzGxHh02RTrRs9GNHjPdYVV8a9YY+Ah4EW/A6x0gww+giiILVa3pVC8UipAeirT4mSa95NRDJkGb10Qqlc3hsLGDw2Fm+xuVUeDtpgAgrcRjm8QlE1tja/u/KJeAV8cTkVlZkG6bMzaVHWZTNjVbrlNj9Y/DiTIZ9AQ3Khiemlv8CU0wy5w06ryMO8u0j3ZJyG1AhtrBNVu8cc62XaYQmygXOl6aOTUasjjWkGNmXGtmVyLHxT56P29Uoyh0W0M2v3BrZ8B7qPnF6nBLBNRm/UrZnmFoVfzGuSYde6xqrTIes5DLFzZ+Y8bhe1Db/AtutqRsnVQ9lH6tKOU6mGUuh0HPFcMclhr4APuSmDD2SYrCpikCPxZzT5OGLFQLdmckg0z6Jocq5WqBAKgO1KNwN2uyjy9CUFzc5fvs5yo2PDJYqoriZ17SDT9H0YgsANkIVicZ9m6OGXCvS2hAmE+DTWgK/2saBWwSDA7nhZrOwYef/GH2ix105zNsF8boTpxISCZlrC3ymt1xDUfUJhmyLmpiuO/cPMsKWd9LNVgdIkCQLShSYMF4Tm93340q+812ChnXho58egWz5o16z2QDjg+Uwohf97d3nTFxy3SD04/uNgrI2qlM7KlQa9w6EwrNXPajAMBkJeqrUZnxRTMwB2y13Go9NkxxdqK4CpFKldkBXFahEssYlB1CcJVsAR4G0Xnb72EWYjLLwwafVqF4jRJxd8ZncyIW9IW+9j09yw31tIlXXAMbdlskTUPEp5TuZK7iF0QKlIN4ucmvKqB665zc5LKmSQ/dp3586cKenqsYjnRmaaf0SILTwGvzDFa1/dqiTiVEebFvLQpAPxX7ypQfak8dsdY6d2WbnIScUDZuVig5qpkao1z3oRyekuvxYHXmU0cojDyFJWrm8cf8QKfNqpuGC4mGxiFnoMiMkiYVCWNsPdPgKEQUMrHpUaz46qYPWC+w02pbDBMaTLjtDNdSFWKB/RAipYYpym3o+iWftIyebzpqlR5mYB3Ci5K1hPgmL/iElu9/7HhOq74HTwcv/a5wCWiwIgV/nbxYALpMcmYHWRIWVEGcjDzBwL9SqTRV/2ruTssKYRjVRtfQsY9xcc6C6ZQjJbzHX/y7RNVckY8Yld44se2QEpeXAZrO7P50iCJRX8hqXRsM/jZP7+TIPeSPqUjwfiUWn06xaNaYt72Weqhivtlb4JdARgT3/EaOwT+bYHadg5Pydh9l7G9WMzxz8RJz2RH55qn47NSo5wZg7Z2bOYr6zu2Yx+KY3XWCx1uNlYe4iw6MeFZtDvMI0O3ndn40Bz/1RYqjmu0drNZIRmDoNWK+Q6IZoUI9UmHEGWNRGrKkzEYQci8ZVfjOyz+wjM+hfYYYz0ci+n4ork4u5a8wbXEio/LpdLUw4j8rv9UIknJCk5op0XFOjq9u/zqF/SAnVh39XSjcowrFz2lKs+cqmXWIGOTEqddUL6OLv/Y1XakgqJ11xJ8FMVrXglQ1sgQVWoE+XpHfuvpubFh5ioBdLq2Ebb2tElFPSxbgxGn/idhezGab4ibCf2cjDDgmV8k5Y2A+M72vqLvD00d2HNpTZDU2r9LbJSfLkN+jPeMQK09AxQsgZq2ADdCIsn3ZLBd69WTknOWWIeIJOgZqt1BwWPMJyzgI1+m8ghPM4FzyjEJhZSWMcrj4u3jj2B8657XVjpUjPFxOSGiIKsm+lkQMUenIM7itcdJm8Sk+UfVPGC9RZu0jNTMc2PyziF0VWNraQgPWBkfzf585bFN17VfEx/DOB42s32za3ZiAqv/671RK3Nt0YuZ7B45Il8meJzqPJI66V1w2YYlD09iR5mpIvWlCivVRPCVp+jtsJsylbu+PZc9PQDUEK0F/VSsiNK7shHvnbPMBCdfWpyxNCVeLHeQEQz7uz92j5x7tGrIYLNniVgI40zghTlkg7n8ygaAsraQ73JHM9Tu+XQqxTTGrAWuipkyLN1zLY2yULnscO2hMBbhd2+yR/1Vvmp1dMSxmhncNPCEIs/nsZTFI3itoHduUrxmopnpuJmIYsmBLMoToayLGE8W7bgD3KITJyIq/qxiTrYGSOR3AyKNu86wFULzy6JSokFhQmok69Qzv/2MsYjsuNYAWmC0O3m36v9c89ZsUmQ1hhwCWbnYLpxrPLDNsEaipa8RKx52pliAOCULNGyrAnn+88eeIERSgcHQnmurvUlnWyN9TvX12fPvu0NBlUc3kzK94zXMM50QjYuUbEcJmmXZDWmeHh/Q3725ff/uwXkaymIkf6huha6qbMdq/jdvr0FyeOMJ+vON3AKjM9X6F2ZySuD6WiuFFicSJdPr5KZNh8d3mvY5kiEHszwJqcG045s1CtY4SCiNVa3dGp/oVyZzSKvL4yZB7rhyslHbN1koZHOGs4EJU7Vf9fgag2ZRhjFGiTibohdMDMb6siORJkc16Wwn3kV9goth35bpdZURZ3mCZ/UuIAjxwCLHVBmT1ggazxENU+DLl8LsI+rYXifvFtFXA9c+VXHqDwLBJFgqojhTzb64TpGklOAgi9qt4fTjU2EVdzvPxSZqswGDoeDKpidJTEa5nFGyc29L4+pNMkogwld+u/6b6AWPKWzEr+RwxYwpMsbFAAVnoCFy1ha2JVQDL9HQCJyULgMepkimrDKVrGhyO8J/RwuQeE31o3N6ZGCJ2YxdamUmpXoRmx1KtKWZAguR6vEkKbr3Na1pPzIqxROVDcZhePBlr4gOM/KWPyHYl+svC1/oQhentTgFV0dViorwwyREADNFC9CqSzqvTYhh2h/9Kk1iAROGiH1CKKWEuCMf+xIu2yFL2jY/8dxxdrgchSE8JZAS50YoI0uz57IjGJC5ZxAiMsa4kGxnYGRmo3B9Vz7o24a2zIX95a6UKJ/B2ZFluxQ+e5U/PEI63qRkvuO1gu3XJaI8sSF0uws982SgNtoVtwW0EMaB9REfKyh5xGBWcs3XGUetHZEWlxAgm5ZDfhy2+CE6qpkfhw5tqMI6RzkIOJJFkp73wi0RCaxOFy+D3GCFLIEd+7WAKMIQk7JAFnvhmTvIWIOnTOLIjFcaNxI+TU0VoeIVpkYl2vMNi2vHNRfFpLuvWhqsUDxmU9+IjrgLfUn9Gxe0uGJFalXqQjIVdVZ6RAjraJdSvFMkM42Gt/LKzIIfxL6LhtIwKi3jOxiA6SdJ+bQ+nNBEdCo7MOM3/WU4tyCkutrsUt0XSgnah2lxmAUudfc3tmc/2dgtalgNb7ZYrY20GhSQYOj85Q89mpzAhA1NMkRb7MvJAAe7LqIpP9klH3WRjzYH7bJ+/skic6muKlUk+YrJCmN70OgsL/YtA9N97Qe7mCTNkPxYGKTR7OozeBuCMYOQM3IKZz6qyFRIVpOi0h0Hc7HVZavqGFU8UVqTf1LHAMwKV7zgAo7ky8lADNqvG85Meb7uFQ2G8WxMxrRkauUNcHvYEOYzRj1L/7gqHRrJGUoo2UhcgxQXZA4JEptUKtYkTwdzzPcmROv8FSoSEeMWkyzWwLFRZHkSfEKUKzKAybsEIt6oq9FBHRPn+JDrGaDmwpS1NsZpmzFfzyIMENbDnEiNFZIDl5SCops1Cx8Wu/Zk1d5nhEkjIaPApktfeEgO+a/vOt/17EKPlsPZvrnyjVbdC4uNBKPtBAi0HJNcD500JvRg+J4FSNzDowek2K7stLLo3IO721W7e9f1FUNygUKRcGa3lmPlaUtfPHBLnWh43f3ceWsGD0wOjS4DFbAtR/FwT+uCrrs5xwmDZqiOOrPMA9XQVqQXMfPTHqI6oVl95yGNt6iuoercugEboXTN3tquFhE1bVysM9WIFRQ/DePjHCq0jSHWMrBJT+T0n4Y5mPswzdMFJpAG69w1dapRweP356eFWntTNAwEbRvnr2A2nypYa4m1ghVsstljmuhbiIgu52usL9pgxqaxcjOoNTPiNHG+7LtcsOyOLYbhesOxbD/7bmznahYLgAuPlT8cxDAYvn93/7hbaalhAOgdctVlXGmX2kWj+BBj8DN96hT1IQzWMAygHP+cXPIQIxvhzJYdy6+xXdUXPQirR9JrvMhI1cbNinUxRwgQLUaYRNTNdCOTX+2qz67aBq4HA6cRyY4m2leO2T6SdjtYGlHMYxfjs9ylKozTvCmniiqvFm7pY5QKVfYws0ANQhIhZPnMK1lsZ5yKIcCSwO3XlpwVRKhWvB9Ucau1m36KQ/GdjxMIzQhnoMouP3NMNcL/7M6z9hLnwFNUPM82lUKR5kV+v6ngihMuAa7NbcuYMY46I2SQkDqUPivNNrPpSlSrZMS5Uqlmry7gAnApM1UUwakc9ik5ZkcfHKROJ2InMgLbdIp6n/1Uuo+sSE7eDsbiGKsIZGd1JxYpvp3URVDHWZil2GEO+nRImbA4vOBxSJ+jBLHIQ7+kxbA6UteYfQLkf5W5QI1lOpdVhnyBFOAIpZWTDgF5ZjpNp9SRlOjx3U4IircLy7HpaAWqON9tce5gX/PS2AQk4pmg/fKDcOrsr3lJQbcIWQEHBkxVD0GtxDhsLGRvXMYHuHE8qKXX6h0QsSnv+CCZTVfIDMZYBiVeWap9n5O93yVEO8OWf7hl5ue8asCaj+k0zmEz2CNPG7ea1erMFVq9O0zy1MSJ+PYJSdRFSOYB5/nQzvx4ToHLSOvO5y8Gq5qNX8ylC8bvGMQ+DSKuBkG1GpjqG0HU2TCykFillapFNkUkiubp2rEApqvvTnGOqRr0Fo6q7bGNzBhNkUYkMVidnQSFMChlgdxeoJU/XscKHxhYJIHJWqMwiylcICS5DBYx3GhaQJJBhWrWLUibzc/06BrBSQpTmiNcR1DO0up20rE2faohseoiov6TE7r8WAZd7ewZvxJXMIskH+CoQEcjAbXhRGxSOcNl6aNRVs4JaFI7LSNbIYkYLzWR0ubGWLJq3/gq/KxcJMXfyh2sdatR6oQjbqdiQUQ6ngSHauyqXHm9rxzHHL4bdjgsipIQ+zws5QhJJnUDG8gDA48jD4Da6QRIQFbDrpvNZ+gzY1pPD4TtD3B2srvOSrkBHODEoAAZpLADWwjbD5oiLS11eFLKwVf6buYzgpduZtdIpwEBGPFAkCEQNRBJdHU0uCXWcyM3RrfCoZAAx8hot7RiXK/TaA+p4KnUxQxYJrijpBR4aThkMUE8mx4ChjpPIW1k0aikXFgPg3HOyBFLAylwfJGeSdxOhTYO06PSK09vVWcLjBr9SMgNNJ4ZqGuPUxoqctXgH//gtJU9qi6jGUwwhrFUs7NYGNE222Zczgym7YljVWBMY3qwqcrUYhmsUS6q8nu2bBm71OY609L9ArcW2dgNlqcwvby6ubt94SUF7rb0Gin12qjUdYDuLp3h+cYS9j3qJ99lCumdN3iGJE49mLMmhSEYq/BYn6iqdoiU+WCxq4OuiYDy4n2+PTSda2E82+Ce+oSGXvkZL1WGhGj2dl7kZEbs9KjU3MJcmGOdSaVh0u8QnYCImz9sa7WCxS4LDjk1EdIwwMjG0rMAbloo08YSsucJzalaFc8LybHVQPKQlVpM7DQESA8xTcZmuKvZ2W3Lzox1mzjNgwenAJEwWMzQnoa8YydabobZgnXfNmGlpnyymGcneFZ2ebz446OnGLEltJ0sewoTON9+e99DVLuo0vmSJV7G3D34PZ/0joiMbGenh3kw68vLPb775NCZqp/jnkTgFk0kgqhGgXMxzbRZf/UlKaWmdP9lzkkZMsHdm9+2a7bN7FdiTLrCU3Q2fp3BByoOPr7BypELLsIErbIH8AUOv5chMdmZefWafzfwJcXllN0gAYBsHAQd3ipxlTC8LZJRjkwVm9lUep/ViSbvJ995HV8KRQ+2EoyzyuB1Kb1rGDFXbRsWVOdZQP+dvJpr7SGJ0wrGNaoOwiqAF6p1jnjUtGebDPrslhA6WJscn8xCXZMD7Y/LEuEn4jRez80Zq3IGPRX4zsvzzyxce1F7GB88IsoMMY2+JsbhHta0h7YFpJoh25mqah89ibXAeYcqs+86gLxS6oLDV3qizOQKTUg7kUwTLIrC9KtoNnY4ASrX+FTxo4HN9ynF0lEhFmp2RelkpE9himp82pmoqLNFB3jkFlZYq3DK5DaMDsLQ5JfajZM8bBUm8WiYerzIAAAgAElEQVQyfrG9KJAlUqP06GaCGDqoSHArGfDB8jOux4zCL6IJju5g2eHSw4rX9s8PadJOpm9ZxVF7qY5H+4wHVtHXIXlZq+3gHN05Gv+gTkqWGp3vC/5Bd9B2YbLieQd1i/5O5vPP5EkqFcXQsc7QXSjz04VA6c0SqqcFYFSZfiFhNODg2b4BqJBKvr36iLyZrxll/MlLfDhxK/iXFY7zkXhUlXJoFcRCu1C/HnkcO/NGUIZykabs+j5HiyBkkKVX7Yimrr6f4Jp5e4XZ85q6ctNr2sXvROm0oItxrKo0uJ3i7NYmOGA4mP2kMQxsUWKs8lu0YwLd5tEOtPjjuqY3lCrwmrga6Nhotp452q+Romxm7ENkGmjQdq2cFTz38MqCgNN91tX7BDLJo++b3oDlwSSCqqm8wAfnIk92E5wQpYvQMJcvj2kdaDdrBtzLmJqN9Vkz6wIUV42qyppHTkDMI8rJrZHOIL7r7AeiQspGX4COCdGJysN2U8P+LNIxQTvNOx4cxJOpm1UwuvhUgkmLH5bLVhXNahN2QVfgDfap3/OI4iixwK0GZuwcL4YRl47PfHxsemiTdHITHvwB306HEpcK1whST2BEd8bTdeCH+tgD2QKq5lTELYzLDwhJjWKeu6D1l5zUQFphf6sjGylSIsuT1ai4vm+X2OHPTxgR2h6vG9mnXefA9NNvIMdVnhFV4bJr6w228SConoxzgpt5Y6W6hzet4i5PtbNUOhU6LuBNpasJPViGUIUUMBc9edgxT89XQVwE5RLsVqcUW5SIQRclpMOXQ+UWVmSb1MTOJLFnRBZPEg1x2KqwJY2b5VobkqnBr/Ia8M4xvfIWhl1JV/eYB4dgKHBMZTrZUEklM5wDxUnBrKx4TaCWRXHiu0ecqb2Vd1PUdy4mPHij8PX1688Pj7eeBWSImGJOgaxi/+glu576527RmT6b1F5oi9TsTfkbrzJ5S3dKcnoQ73Bp1KGsRA1D9q4l5TC8ZR8dG5tmhweYX/WqA3Z15yc2kpWmptdS9S6hRj5zc4uRFC7O0NsRCZh37LCa7uJBb7FtwHGJkFmryAhIvlzDSFpFACsp1ebx9fDbYzIlE1AgZG9iOSsFediZaQhiI4cFnFANsMF4mmiFslXiOHZ0U36jnQX40pxPaOStHdqAz33bLNh1JHEgxZxPy1uKpE4O1mwIECkNVa9fef9xA3XWpp97EHrM+R65dHP38t69Ei8+v3YzsCs5L27vbh4tD7MoqXMY4Wravyp5/VjEPfFSoKsF2bQvGmcieBiIMZa5qJoJ0E/3jFgNzn5YzcPHrNDGe96v6kRFLwUXDheDFxcLikxM/llScgIFDsNjhO5pLrRW6161fI5t1jLgRb8DJQAxTW2y26hQuz0vVx+nUlCzOT2nFViqjpdgVM4I3hlU01hCLvdJM0R5VrZqii2HLjh4Pmn4YUC7ZGKjLGHMWb3r1MDmyE4T22LTTo/jD2w1GQvn9t65YM+4YbFdT7LHDIOryaFwFs8bCqXextsz+0mLS8YGodTcyXhisRaiwUkwtY3KkymC84YmsZNYHER7Eo4vNCAp6hCv2lIcq6s064x3eiYEM7xxKMrjK0ZlVu31AURUa8KdZy8Mhy7SGEdz5DBq4lJvn7IooywMCTwWjcu2xWeAt41gnJkPmJlYwZzBLGskFybxO5iq8oMWQEwIyUTj72tBmh3zpSANwwml4kn6iiiaoy8oTmrq5zAtU3ofjtEfDinc7sVJBcgLbzgcQTVkxUd7nH1RUQnb4XIck3FK2W+8D99aDTzCdGSX/rydxEuJwR2SXD8HHeEzUvHxXGz8TrtxHIn3CiCZPeeskWebCU/6OJy+MI2+25CstsXEFYBZHYvnLTc48h/2/Swzfafc0gMQWY6Mym+0katmR3dg7Nzdvf6NN194ofgS45krRzwflZDvtw3/mFxSqo+XHMnPkBaZ7DY+NRMn5LIpRkfGARPIjjFePKRdVAMzM8a2lDm8vOobglpG0wMbFdUpFsgIR06DGm37aGXNL2qyMW5TQsYSxF4iUJmFcyLARDrVst9x1WG542f2CVkEwCJCLfttWEOPQGEXkqPfsyVzIBLAKhtr3fejBakv/txffP308EEzGk/rA6gyfcMc9PQ9GI9Cy67XqaYmE09GqcWvyU7IKWc3mcVEQ0KRpmE1cip5M0d+P92+NrABi7nKWee5+MocyehiIyErVVPFljN2kBIewmXy9jFkOUvOGCwGJEbPicFLcOXWxFU4E4/ZyHa2NaoYpnV5GTY2E9mvnFOGnJk5JieFhyWulTysZ5XMggbtGnT6QpZOY1qDnLiMqJmMU9AWZ4vx1Zp0sTFlYMyHPd1fff3zXhiT3+XoKTqRnYJjUtmFwxFDop5nxNxWVxineB+MWPNFipZgO61rkKyriGNdgeyGzAZDH1//4LXnkRfaFBLdCtLAWyabmXu0fEFPScaGk1UYCzDMtaYAJTOYXXu6Lm/7ypT+jL11FJZWAN9S4I/3LTCnurFzw0H02Katcp2YYNRBK/aznX0Dr1YmN+FtgYWh4Xykr/XGrsar3nDUIB+SNy+v3njp5i0rCVRloCWkIYO7mV9+un6NypA7Z+BTyFdHTOs6iX788tXte0P4s1TXc5KMUa6v7j8YcHNO0+w312Z+P3tavUbi6rYIt7a/vn819/0TldE6kXFLQC9Q0l2/9PYlL7hq9P7wi199+NM//eaDl4Up6ZH2htAPL4zmu9748dU3Hx5+/y997+0bgnaHKOODXTOSqR+zTsZp0IjamYCTEgMo5rv6/Pq1N0F7YNEjMfy62m39bxEom7cr+PLzb//w1guPM8DL62/e3799fff+8f3tza1p7F9efXpzW5xkelZTLu9vWG1/V5je3F59ecfkl0im2c1rK/W7/GiYxsOvXruZo5luvmLdFtikQIZGssgvDClQUxv7gqYl8NUjo/qoj/xCt0CskhQZM4UeTBPZKiPZa1KsVO/KpyG5pU3vX3z4VrC+cOMyxkbi3bJi6L3zwPuP7yj+8NirG+RaoGSQ6MxIEDGbR8c+NAoEtteYWORFaLbv5o1ei2vCXlXQs+0yz8cPDx+7RrOLAO5hdTZ3f3sjGsTC3Z0XJn/CgWadK3aPxqenD16Bff3qzdsXD96ntTpL1yI9y2SJPZFQWNWanb+Mks2okF8iRt1wdN1WR2k+gvI0xQ9hNvS0HtCWDjSy5Ik7c9quKc0Zhxt2eUJIaeRajfPy1e3Lu9e3KowHG7Fzd1KsMFbFwAbZxT1uxZQYqUXqbCIJBdv5Cq+8g5sLO61ySvni7RfdN8OZToaVtiBLHWF8otn723ct4mqGTo3Vg1U3yZ/mkyRUqkqxlZVkoWtRnfDXa2lu8FRkGMLdBaAgiZas/fr645eC/fNnr+N1XjJnqqzKeEPI54fP3uNxcK9BipUafVrQTHUZLyw5MZOTCQOzqGb2J08Mc593rUjXIHV6HjBlp9PAlze3v3GqcX2p8gy3EfykQNqcxzY6z9PpUpVhiXVzawWyezUKSS0YVtv4F5/BxSaviNhyCqAa41oTWzXvElHz2vLr47K0grWY006x2B2rHt9eaFI2HrkCjXPfgmjsm4zAJ1YxypJE10SkZKDxAC4kwSUpHWT3nIkIdtAPn1U1YoZPrjjK+S209hWPeB/VUfsra6pMUTwWsGZPcEYfuZ/jtFge1Ze5g1EdisN6iC7xviBYkb7aEn5+TsAfdCVV7qJPtBfAjMUTAJcbTcqzWltopKBc0Sp3FvgO0fAte7RxrNQopnW8zhZpjMcybc/p9QSfUqMjolHAsawil8J+OSO+AFzE+5Fy+Mc9AaWcxjlP//D1m7efvvdxcyEYVVz2dwZJ35D0d9mWEsn0jbhx5xSObAg6bLRyRCeyg2eag2R6F1cX3hHEx9aA1EE1qNbS7nORmAp4/anKkWxZaS2YqzqrL4G4oL70YPWQJhV0LY2ilIInAZVfcNXQglIOXokLc1zKHhC6FdCDMjsRWx3fVF6TIlkzMPhvDBdQrEKPyZjbbWU1ri0ubSrx6Ue/+1YPqaHR/sgYl0kavOTXAvQZq0kOu0Nbw7xMntywyY49S+hB+lz08wtFtEQ3JaZ1K+3m+69e9bSQ0veJxTj5Pc+hSGKWOFt5CGg2d5UlY/v4d96VnNCViixjorI7k5fe8SllBy3EORnelQt3zdC4TqeLFS8cLoLjE5BTphZyOOI/iTWL8YZqJNmqojtgbUVXuJ1ZDawLVsfzl8OZdd2npggYROkno2h7+eL9T5+++aXdPettEmvhZRJ2wXEcE9hpdMQkFD55uRE/nX5jv/6GMIsDv/GVOtI81WKjAjskPEP+5u/+6Ed//kfGbUq1Trz31zSFlu4vr7796sNPf/XjHoeZ9CC/uW2ZUGp9/vzm5ur7b57eXH96Y5JVp54H66wNkwyURI8X/loHY3T26f7eiEhH2L2Y9ffZylCswfz9w7cfGrSd8znnJE21kqbje7r/4vf/4u3v/u7VQzf6FgpVku7VUHkEIGm//cXtp99/pxrJo06dfnYyUL11zvHx4fNv/vb3jOAMUU3QVgr/61bGw2/c9vM/+eab//dPvvyigaNSrhtoFz590biUnTwP6B//vZeP9+AZDGmmuuU3yxpBvHzxxevbv/5HTz/+2eMbw6e9PhdPFhdL8b/+/Bd+68t/5V/7m//iv/Y3DSKBvbq5fv+18TqkLzxeyFT00+eH/+X/9J/9/pdXD0K/l8uqYI1NNE5aBkOfb9+9//Hf/g+vb+6ItJSoaHRqZM7WpP6Lpx/+1hf3DXxFpoifW5tDzK+MpTl4enj4a//g97/38up+txp/ePx06/TmsRF8U9SfvFH35f39aTcsD/F+BhdtjFULFypY2fIbP/ri93/z5vHBULlrJFu64m7Xt9zN0Uhvv281k6FYixKHoPYv5oWlzQ9szf6GKb/z0KqAH2aZJ0Z56qtxW20iALypwJ/7yz9KE944g3jPqOHGRqWfv/j+2//Xv/F3/ua/97UzKPGZYV7ed/I53xHrEsu7j6/+1k9evLGCn4VJ42R6GAZq0Hv00dMf/D29VnhtaVcBeAd/TjDw/a2bq3/zb738F//tj9+/q79zc+85u6SDIEDy42/v/8t/7fv/3D95/ctfuCP7etPBLx7un3qt8qcnL2WD4B/4q791a3TYy8g08YUs/fmLhi6JGSW6RaGIzeYs4HchTAuJVBEJmdCuzHQjXZShQm+l0c//zq+8Zri4Le5qEPrGY42VSFtAVVCY1LbUkASBypzy5u727e/9VgpxEOYSj9+OhNzanFdwL+n5osY/ILm3b1vwcI2D/I+P3p3XzT7OLP7S734RLndxt/5HaKtrl5G+V41/+/7rIukidqAHPR9eXd8/vvzDP/4W7kKqhqWWx/bq5QNfudNaUf9BR1/kbVbPqVWmDPSPvrj6rbdX33jB+WqXyQDga956rtRnb/L+9r4FReErOtNSC1B9nQmr+GkqP25+c09q2iry9m1vMwTLcdOJUiOoRGXK2+PW0uxkZDNHKx/HXIYy8NFXBCXwseD/Vc/Ipjklj2hopNn2e3LjOQuVE2O1FD8cBYLv9qdL3Z2kEApKkouKisxmqFZV6yHGxVc1N96DF2ktqDqkZhys7XTCkWSM6nNwSTElM2Hs0zVNdyj17vbV3Y2XgVtYuJKVZcai/kIfM4aOS9hikhbjFHypkxf/tsP57IdjNOdwSjvOuosZLdIF2DF4tSXJGWpiGS2BO4Cgst/xt1OHU1LUvmerkewQc2yzzkpGezgEa4wkKB//PDDb+CnT//I6h7ar6H4jXV4QJ3XpUX8XXcu5kEutZUzISPqBYaguQvCTvf8QBOhsw1sjE7bA5Gi7F07TSlWv5X/6fN8JXhU//NP3FMEqljFl2QSMzbADspxiJlxoDrzFotyTKj07hfMCLspFidR8uigLVqKPk0UrX0Z2CXN7QhVcLXNtjbF8/OhX2JZUo5mylxhgz1SY63BD6cvo38vnyYtMrjN55cJ9UULjfmkqw1qRqgXWi5XjtKkyM6Y4HsV7zyqZk5ehOc67Fc9fFt4gqtaMuplPF5afTN8YIjx++Hhza+jQUyaaP6EKrJeIAnI4s9jhlLHajyq9WIwsys7NaXXqXlqmlOOdmlT/EZemE6VWcdHVyexoHxNW9IOuLSce6znQmnRcsOTVusHovqM9pH0PRaAz647sH1svNbMsKyTZw+GQJLHVGFNKkyk1LqcpH7CinoiJDUx8gkuhQAEbT5boOG4zeMOqaPFj46NSjCtdiaG5qHLsVdFRCprmmzoYFnvID8PmhEzkizwDbnSdK8kOboEQgmkg/hyVxKV1Jbox4/QcnXTxpmAx7B+g+aKw2v7BJsMhCP6Ee6cuG4XgsN5F+vCpHJgsGlZ8+un+s3EOGyR7uPL0JmTzq3l248CXHvRnVPrJQ8S/fddA8M7VgMa6qSUoPY/9wSByGA28lI5TXXdiF1FZT38lsSGweMluQkwPZri/G5P5wCivcwsZzn5x7TTzpcfbGBKstSYvbWuMmkI2KnKhzPQuzROIr9HlYyNSkh8+eg1x5vGgp6AK6qyFt9Azh2dpEH+YPjQ9eVvVNuIiyahtFREbe07eGnwyIuCU2Y3OWJmE/vzp3jjR+TFF338w2+jEI0+ai8bfEv+bl3fG3B8/e1OsqejHGCUlJ4hCJ0AyTfF62A2DBYf1xci1+wvv1fKnbx8eH1i5OcJMNh8Z5oUFXY3btaUpV29dzeDbj7e3LT3q1gKXLPilkT78u8G5GWoD0uzoxGwjMppedxLw6cbpVGYhICN3nfGMK8yIZ3eSwZXbVv2eW/N8qDijQC2IN3payM4MKOrt2XxFC2lwYgF7v85BjBpf3MZ6Z7AvvYXBeZBCFAGYkU0i1pp0ghBChhCNUpwtAW+lvoHi4weB06SsJtypzR5BmSSnrDGSUtVxE7m9FFbTek5SNxe8+clX11+/+uDMNc2aJf+IjGt4+qv72y9uX753dvXq7rb2VK/ipduB52v+Y9m7u5tXLlJ5/wYVavmq4VitQjVXzP3UnxHTEqr9HF+XUFVPNYXsRaGiNv4S4gWE05Uu0PEleHZyu285znpCvbKOleYQZstZJBKumE/zOrlNETu45+X69YSV1d/BdXYGUi5P813VHFUkx/Ht1Wsks8cNb1ZB+I5FotWgfF49E5eSEdf4tFqoEa79I1v9/vBeI1MTaON6qFz44mPv//74aDifHy8BVKtSlzSQlAyXV5+4CUOcCAXX0MiymSzZLT1cDac1SFjQNRVYrs62E/zTdyuAjz/lxhKLOe906gpR50KTX2ZJjKi5ZN6ROyNC1lblDDK7DWCyS09O1sY4NPIruXAh/iCo4NkqdfiFMMqx4U+dQUhtpcfb/1QM06hjWp9MRSV5/JQf1ZHJH0qPR71TLUVCFBSqs0Ah2xvEbZc4WJnABwj96etYQZgtPvwcHCk5/ooEwvfRP27wghn4qe14kKg7HEmcOWu7Ll3lKLIMiv3NNsM2fgA/l1r+xKVTRWIzM/kuCkd5VEdH9mJ0HUglIr588klS0y+rJMuWXPuzSgjLrf+uxvVG9uw3xjHDAUGc4jw02x2nS8DhFtgDHXsEDHTkpcoRuRISR3kOauIOmoQuTelKrtQSki/xku6AnDbfsC2QJrwKVfQsPfFjqJGwhbNrhY0xHI4dpicMlTh223hgYZ24fRYbB9AAon12gfzCcpaKfIKwCoFDzFizcGwLVVsnIrNopqxMTZxWJheuqWsQVM085lDMX+oj1Es3WEnQclk5Fu3bqQ0yMtFB6+YxjSZvneZqQsmYUnGQfQoeu1Y1wlgQSF+8J/j8KW3LaoOSL4KFSwGKbc29fboZA+pNi6Y9psUl1pubmupeamOBqj8WUGHXuGAQj8D0Q3hmyI0JrBXDH2kTJizZsEcmfFMPnMv8QY4ra91NgPQcXXPAIGMOvSK7mElC7biMepLEdXFaI5Axl3A0DctRcXzzYzYNqQQGXks8CQ4O8iwCbNaJ7476ksJ0g12BmTqqPqfmI+qsgPeZ54RIBQ/fHAVtB+sSD79i+ug4mLELIClhPF7MIoMxaWSVlSsls0B97QXBrlaXJsFkVHx8Zmq0hgFZDEgvZDVPhq9YywQxJqxyGCs3sxjtJMcnZ6ZQtt8fPryGJz3POMB+cKLLxXUQFG3I0FqFQqvBtGfAb1zkRbAuaR95DQrremmJHg0pXpJl5N0QDCMXLjJdM0Fk6l7RA6uI7tbcg9kBDz1UmhBzb/W3IseJAgEbqsCs1UiHWaETgNlshhVAe2dwItIecX1t7QzyLlMIWqscW7BUJ5UBZTY+D3Tv/u30wirf4q6H+jetPNiJbe2z+QAaFu+sbQ7ekNdiEoOyZgohqSPqbIXAzRr2euBc/OnxyiOHgOr1A5TLjEKIiYGyMolNRb80pmkYrVb6uVNVW3zijP3BmN6JHAWcndzcuUqyAN3FEzoWOvEzZV2Y1OawOEQ5E1J4X6n4nmmzkWVRRSVTAAvvnLN2FnSj5fgZuN733FCeY+QeUskBPTCTT4sNfjQSNS5qXF04qbGNgHuAKxgSmYmjbpt1YFuqKiJ5QTfjhA86MSoT6mFdLXJ6c+pCFous3POteOEVdeUQxHf5dtw2UbxSdlbuHowuxmQC4/6demUieNEY6N3cckZhl8mik5sA4ckdVk8VEOPWxLYnsa4hhuG6m0qt3KevuuUU0aIvi8qe7q4+3VjoKMRSqTpqWjuuGswXH9/QoqfB3prjhZ04r0UzsnThxZKzkZVy7dUSe+590FOVem2pEVdcOmq3vSZV7NtwrKFHpCYes0XUuPLQ83P2Ikl9d2NJM6mnsciOsajH7jf40c22flhhMJabyrkmpfq1ky+ct4nsykJQgdp6+ePST+CqWxEdwuQIrTyqrRF56KuITtK88uL2Rq1j5+4kuTYmZ1Unl1dNGMBFxWGHMhiujdRaiXzOzbZIFgv5FP4rqwB3FbFwsDWg5ZedeGS+MO3+p/aq5anQJawuTEjxGoQcqjoQl+aZOPUv6tX2FoqE9OVMBoNV6kSEBw7HpzGCsDaH/klBjfUYIsxE0PefnkmdlFM0dzegqMAzjULoEgYo2rWQGWCll2lvYMEI9/YrHwl3jZnvkAcBxYiCmJXTIWlqCbUOhOZzahEyQIUqsJJ/hgOPTARCf4fq6FmRbCY9NY/YSOoRapQLiuEq+OqN0VE8PA5yUIWknoDusA0DphjTY4DkZK14R3Mwbi8JmYkAO21HjR1GV5Tsh9oXgkO5kiuxrhXl4E5QoRefOoPYdoF+So3+iIj1bCdtqNDG8xljivlkisXvcB34dFvpGvUMl5F856gpkfilj+MxVkIyX8QBOPljegRXWDnnG1Q4i+FimqABPkaL9a+35Cc3oIfxvqUQUOkp30+UyY4w2qxVnNrkLTQQxOywYgW6TMsRUQIRIA0accC/ovuL42D6YqBWw6RHxZN7crdfa14lPOhy1XPZxFanKiU1ktkruHpsPwsDzYE+0BM5WpMwYPLFd6OGJlcaZMUiQKGZCmEjSxuZhe2ET9ac5TePX0wR3u0ravcYstEVHmENnJ0Oa3DT0kFbxH1VqrhIQHrYNkWYZEd16J5RbaxSN16nGCfYaqGiyYAVkrrvsBJ5tI8HWd0FhTtzTcvoCrLqV4XmDHtZRT9fC7saa6/m2YoId7rxUOAGaoU03mti6AiT0iGZR3JF3B0mNqDFwepbHNhhkd8AiuplDQtOdqKIXZB3dKRNcFE1xgTkG+LUtxoDGlOqYoVhLp5d4nb4TdULz2ltqHF81DfwDYJGe6yXr5ZeasxmauHOO4sErJveZpnpg5656kCJbJ4uGwQFe3/7Tx0fM9Y1w2UYUpuSjLh+3dBWv4IDnaxjMaA0o2mK8czBDryFLmxXrxXLGT7QIWzLSnR33AFSAER+OEPLnZ3OZz1+FUsprWI7vWz0bp6+VeyTP0uPSQXiLZm1G5oY8d+9dl9IT5zSARfA+q+ed7lZfLLQYmuSVOUHQRC79dD06YfHjRjgB+msme42CSiwQYBYnD/dn/1ZNs3gNRq83v0LG3NM08J5ivqiuH/BgHNNMJl1N2lR9XKQWYHtpILZ3bErODtH8j8FDT30fECz/fUbp9i1W9ix2f+frD9rtXTL9/y+iBVrrYjdZOZps/JI1ahccskgi5IREiUQMkZgMDa+0Y1At771O7DBfhG+MxgMxpfGwmDfCYFtyQ0SkhCyZLlUVa4q6dTJc/LszL13xGoiwp/vbzwrsrDmmmvO5xnj3/z+zWie8TSzafS7LlLHamajsy1H8hvhgFPo/emd5ff7W/eKMo41zIpS9BK1HM3hLmkQg0ZZs9Ca3GJgDg8zVTALoAbrYKyJ754wWfaBkpmBKrgsDSq5NRumSJh2WT1XMPwYwCEd0tSWOxgEwQL4pm3SLtsHnnRXEz055OATBt+/sybfBTSLYnDpQauQ5PoUCX9ynPdEH67jSJ5pLI/s+LVvL+AWX98zhiCvuqY2TprY6hYRp302d/dAVGK6FPLTvaMUC8yhYbGYdQ18NgYYNP6rp9NSWgl+cEaoIwpoO4iof+UEvlLSYaEDw2dnrxzktLpCjrZBbaNNrRgcv5X31oNfn90z/cYRkd9LNos16b93Pufz04fHjuFPe4fJ3xpXc61E5ClCykMeyzQmZ/2Gm1xYAYpqLvOPe3OJkuZO1dcS67s7JL5xkwrT+4GyZsmTXbKMMaYjNpk8wxdsVhQW5haRwtThsZINZidEaFvHRrs+cIE7/Es5m5NcYqrrs2RniilS7SdxvN2KW+eow4cs5Avzfiqmo/yI8GTPjpwzfwhKJ5s5am7LpOIeyjRyqo38FJK1gKySGztykP5rZrVJcP6Ref45Ei6eXfI2/cNf32FiakoAACAASURBVJPXldcn4KkN5q3BS+2FDahyubqSDHFOLjIrK7Hq83FoqMGkxT9By4E8lbRxLF3zQX1ClJk4187P8WdbXz7XyAsf9LCmQzmwuSlFKxPMQxnHSsbK1CNkPNOVolIQK2vErNPEV5NN+OSoCiyREU+ncj4KA4k1HLShU8zhh0i1epytaEmyvIgmbbW8IIGehMMAXSL2oVZh1PtLPMIlI9VB58m8dr2SF6sWQH/cLzX7Hrw8HV3vSPfZ9hfqGONeTI6IQQyHV5X7a6vdxGVgfc9UTPrgTVFkXBrzChNDYHUX/SFb2uWfmufsHup9JPcU8YTqg5wEIl7qLrOITpH3NLg3NNcG4SqqIN3DU7GXajqLZ7k+iciuuhfecOWvENRiEqE7T1BJ1UetO0Bx+re32knKKE4NjH9LVUue7InQaz7BBsJxz4pn6iE5LWzUSvFAvPj30S48pUfYQuF0oaGdsJZnNCw1ehiazGMliZKdTLaI06/vyMso6iac2iqZ5zcWQ9jkqw0qihpB8xKijMnqapLd2pj9zPexMduG2ly0Yt9LvPyhIFPKj6REWSFyY9QWHvU7q6q6MbKZPurYXIxjPdZPkzZHYsWTM6OhIaZljiNzwDNG6eZ8Q0kRzWvnIZ9R0zsvHf3ZcrXpUK0/L0H07WlZKzeCZgMBzB7+xCNuprX9KL2GCmxuW695zGwFAn36+8xHI190O8iqy6wh0rIynXGakXlzRz5Pe9OZxFTqi2HnRs0Un5muehClOL/Fl1Qc9uwc6QcJgXSG5njGmI1Upikwshkvo6uHRHklqpJQ1XkrS67wVb+tJF7q7OMx+BSO1MSJnpys2a6amewCEEvROuOWoBOemc21rtXUNNXgsmh68t9U1RDJg7EsPdZs0EHbQRGVJRCKR9cf1yNLnga4loelifnqDOzE0nLzmBcfEJpOwS1PAUVaP1x/vtW1kkwbYhBlGppZYtBdBPFUOgmgWbIKhxRmpRZGW3WV4+4rfdOz7aXVHmzlB5VcvWJdPCvMseiCuuszTI7Xiu02lp5kaA4RfrhzEXCzYtPY9WrwIqCq46kmO7msfOtABX4Qm9E6Z7qqHa4ksB6B73Jm3YppTZ0BczolYsP6L7KCN4dTwW66sXVbMHMe/PSB4yeXLT88WXp3HsBFRS1+unLk3lkKVZ9vnjp4KzTWuBngUGtdJWRgKqDb+jQj3ry5Y/F5aKnehVHNcGSBvChhC0sx7ZUfCoUZKzscxt3dPJrHr7tY0nRphImtbrJDKzMVke08Dq1x7bRKF71wfZcPEUFDi+W5ni7sZQJ1qlrxNTtf70DAwcFDjcU1vgukFAogCaeBl9Djl+mmMOVycHkTMMEa/n5I4YbhbgZ5vn/bL6gVlXKaQ2ppnbJwbs3pqR0wSjYbJmZbee+Uiwi6lwMOS8+ZwS+fXiFji5vaHx8z2QHDxwcX5XVbqtj12w6u4PL7Xp790POUujNgTaEmDHbXXwmio3AnHORO8ej+Y6qDVzPgxlp5abbOor1MrCfiF1s55zSrKnJSYZz3+lbXEfQIy9dClQNzjHahBbz00s72uA4pntp4eTB+7oy+5N3NWjIyaZIt3efeFYJKPjkZ0thqQ61m6PYzoaQOxQnUJThd21yfMqFpClutZe3IBmmu9c+hmpgL1qxKuiemxhjIdVmZezIGKOU1YUX+jGS1wSrzZk0jWwxGHVVkVKkXivrovNEK1Ty7nqBcxmHxwrd0n7QKU1yLa8kgafk9Z0PUwjud8wUN6ensek6LsvaRO/QYnTKaG+1m9sGyoMM02IpVlZzYn/RjV++uvKZygtedUaTtiGJ4aUxKvlPDEugKvoY4fWVatqstifJevjn5yc+54AVMQg6YrGwus7xTnAsyI4TnxTExhzLinJ2HCZ+LN8mt8vhdxQJRYzo4VWVJh+peQIWN8YeMnppp7OxjwkGfdloWg5K68kyr/EK2r6gvWvU2jz0XmS/vmmUaKuyVitx4amOaZ2oCxazeq1xDkAmrJyIvx9W/qrJl7qg44lW8iGxvpUdpmtfd5bKpI7/4pbmiHMq6dNEzM7djqHe13CBM5KlP1bJL2YETy5ErJaYzoRew4f3yodyVkKn1rjRh8207eyWpwlUTs2TYzgvFxRRWWo4RbRB+BTNKtVhjPDpWVHH7xOIzDpdfK5Qi9cGjVVIcSsYc01ZqttP2cquAi8Gk40pwVEmJOCZfTQDqhBt1kt6gprvpvh8pZ9TUDeDQ5iW4nr4W59JPp3DtNjcyljQsmRPtJHcjLqgpPBHULxAZJKaEAZLGQEAGdV8IDrg1Ba12TQDBsSy4SuwFenx5o/BPpnZMYml3ts5Bi2zPx0MyCeu0nCPvihE1zOxyr8LEuiZCm6cQPJRB6tIguyVmu3bSM/edz6oZlYU58cCrU61t9KLefEEnCmnNuhtGzxpYBAvUEd5yGh8VmMlZdqQrb+pXeliDnaMjmnqvqZ0r6vD81wuiLUzHaTHOZ2QQGXo0x1ULRyUdIqleHqQNr9zK4hRh2lau3qucZMshIz3IbFFfsnpnt8TKIdeLBDRq0EbOn8cuKkafg7GjSU2FiMjZqGheonuM/0X4rJikYlcM+7O+b2q6tUdDVJ4QCPMMM579dmwTP++9UpuasJqJc5n9FK5NcdAZOKPNrPxabe2EPpPahOU3U3ZtQYsoQbllF1ijxGBeQ/onl9JqP3NG0lNcymk1ThV4EJDlf1NGge5u4Q6k9f6mSnUOW7rVxbFptwQPhHkSxqZrdd4mTs5f9QAWnx1FUpRL0mNGoXXrRQqxhwNhUWfcdCUPDIUnf+NpWZ05h0956SQE6yrqRtAWmDWwrnHZXM3Te5qn6yR25FkC6/bhN21wAXk51TTZkF2ETMR7hsp5kKn9KnfRE1Vn/bk4QKVl3jZNWB5ws4lV17UzKstyM/9wpDx3vGOkpAM6lzhvdaVa2bXtSaNdC2624GifkIyZf9ousoAwftMahhwnCEVrcH7RzEUy62lr1PV6vq2euzkBJ/d3bkOyZY07aj1DtMMt/XbtJ9lNfDtSSsXxouMKgGcPyUwSX/+oy8ig5cQctNJ9BjT2nDDM8nMuzJZeTFxvL326VArNEtXZ2nd3xPOhHGxaXxeROxwrSlaTdWLNMk1e1TC4pxJ9dmU/elP5TjQFHA2uIVpiZFZ3U1v5f6qHKASvX9+/eysd2C6Zyh4rLLevuwAdNsilwOmgP392I7VOEQTJvvvIaxjH4nKp1ly/G6aGwcwRb1Kv15yR09W8eOryRC4a3Xq6ul1hykl+rMCVm5nTKTpsjmuMcDnW+YfmlrbYUnc/NANUaE7aAAZFxy3wpYWhJYBDz7bKXcmZ8qxfvBbOzCLhirJvey/yI4eCHDxtzRhH9a3EzQEus5v5mao9d0+NLMg16dqLtNpr7skfugd+G8BA1Pq0j1yy526WJpdLatPsE9lcPHuQj1VpLSBNjihqy6VlqzRrK56mV9JnVg6LMGH2Hd01lOSGeXE9XyMrzwYQe5OKA6GixiPEGWAQBEcLU8zFNRIvWhWWfnVVDdWhztxLBcohWJ7lGH8NC2hGV8/V6TpElOyjbTvr8hrqJoqRiUWTOeQ0Cw/auvo6AXTBQIc3BS1/+KhYCNiWYRtEahRoEtbnXtneQZAa0bskqZkXI1rhgOYAcnM2AsIaZo67564ZEuPZGFX1XjkVilXNpEEd6GNnmkaYpPzczilL2rYrC0LxSGTlUzIwxa/EOWUI1F/7bR/QJXW+miiAQjdBcF7FKwlqPcQ8n+PnTl82QeiWPxtJiX9yqojsMnhOUIcozHYLhFdEfffZ3G3MglvFbyuv+tgJ1CtcBfZn2qhjeBF3wbl0kP1FCaoItx8GU9la1/RX4f/0EkRcAsuWynvlF+1IXbzzSIXHtyMKkPFcWST1ARUXtrj8z4bcWQcy/BM36VGQij+6S/xYWhmpK7SjO+gOuoDr2za01u602e43mhP1/iSh6QZhc5NzwegX0KteQ428DDNfkErrwhv4yh56QpMddZuLW7qXjxuiajiRgoSk4T7nVUioj7nAUGvvdD1Kk73arFqcW6rpiKJd/WdXUxvfOqe2K8vJa4740SojCJs7TEXeeXFsIsltN2D2ykgFi9RK82vgLrp1GAA2W+gxSALBURHcPD96BFp2ZpCCRC0ByCY4XdM3SUKcxmWssWG6j6uEMQj90UrM8dakFhx/+mcrVL0CVucFD/E+KutjKWBdruL2mJGwA2PZQ4uX2mxTngIINsMoVApKwsRHOLop7ybRkE1qIOMN7VKCpC53SSOaM3rFlqj1A22xfqNZz/3IvDpD7E3C5GX1ydwIHqRu35MmGfpoYhiyMBky+NBFxvc39+B0lXYGope6Z3IwoIo2WiyHNgLxN6pgD3hfibeeFWz/Bbhk39Jpy/SBkhzZkMwzMbViHfEupTUsdTDohldEu3yl+yM/Wedm0DHfjKq8Ma+/MXWSpT8+utLeswl6HHgTfPM4F1Hs9gNUUGucvJ25jc67zqSb/2A3WeFejUIhnGHibRFsNJGP9ST77j71mmnmyjMuYrUjYgSlgVG4bM26rlSQBBozVNaPXa1tOjy95ZunIvUUUo3MnCoXudzN/MqTQS0pFkaz9PxGvCc9dmxAf6HkvKZWtYZlYUuQr+9v7z5107HLtc03SmgmrgPc6YLWKV49P3y6dzWLLqYoHW017458WsUWcffFOvYAnLu4thaVLQsSdNnufssTvppufZ8XXSOv7yrtm9E26/cmpBYHWKsk+/WGTePKhk5PFEzqbiww+/HjD49lWmenPIala8IwZ3CuLzz+UwcRC0/elkPpzDfe5IlYhHVX7ZvhhCEK5dUUYGTiplYXd6eUDCtakNAOA/x0w8zR/myXZuwggn9QE+Tgjblc5TcQPH21K7a6GXqrIRblrex61FO/FXB/2wND9Wbvvr57eP+BrLeb+TNhj35yDNVpmQ42PzmR4mC2A3lfPbaqRe6uFekcUgnS8bBpeU/CPX0FF5eEWihgNSDOKnLCsC5kTZQFuXCG5km78wgqHs4v9tHHjq7gJH/LVjVJbme+Wlocn3RcS5pWl7KTi8lZppDNJ13xZUqe8K5Bql3YILzra8uXnHlg+FTBGwsQ5msjG+q2hk1iDFuRRxHc7OnuF2YDvGN7pII6qyYkz6CdruMWWo8hs6/q4C4VyiMi66e9zQyWV+UTE5NU+HNFOVYWDF7NA0Qdi25EhVM0+k7nP3VdYkbk2sDML2ESMWxHALDrrI5khxDFc5ayvOPD8jcMJLFyASAyeFiVDyQtxy2FqUxfu8hDRSinJCA07dmMNZtKeb4LZuX+RxTJZNqzcfZO7dxQ2REUY7RVGsJLhkrOR5lVf0MZeJCtNcNc+CuuTcce/1r1WIM1hMFb7MJ6eiPlA1o6YDpwM0bg6JKqx4DDP+IDcajCkdYR0aoeKLRrEvPSJTFAyafhOM/3YF4Msz6KGXIsyJAxzbcQpm7xmFOuOoZesqd/zS4Veac+KZGX6iuOCao4MG3WK12UtXtlSRzJKsataC6ZtGm6QCYp+toZWUdqxJNO8Diriku1/ehHsb4iAqtPK2hrYf6yR2QQD8vYoz+tJCm97fm/RA955KdfUnxoFE1INhfuvpUEDK6VTchsyPXyZhy1qaRU0tY8VMGKR1P7OCTV5yivFFgIqRtESaJmf9qqIb81mJJLjfm9yJSQwxQblnXggG5EiVEyPln2cR7AuNup7Z4Xppc4hq4tU4ZRY9B9CL1eo34EsnUXIGr74dSRpNg/8vUhChYfurkmf1TQK5o6MT7OIUAmB0T7R6zuUg8yZwo3m2JXdYbGrmIqCTpltIkwN8TY9pQor4sN0ZF+Nut5ojmxnXSToFD28tn4cuBVRFSVwFGXjR1DpShX2bWshqlFihW2ZDpTfObsZHJOXwxD2WBF2snYBIwmtZHz9rAdRoXrF8fqY+gCAVFIkjgN7Sw5Trt0iU7QU9PAl9YqSlz07ce27T5W1QeTVj+x83dSNlAtjcdTgE4+UzAuRIE7sTySp0JtvToar9xCA6lyGLU9DqNSYH3JuZAagA3huzo5C/a0kiM5UbKQgGR6Vd9sZuOYs+2L62kV1CDZpRh5FSW1jUNSnRNiztCmf0Tmzuonshn2ybXPlkth7H1aWnj3yoVMMJRn3Np8k9F2X914VnoKWpVscumGF8OWJ/G/efCLVw+maSZHYHfzwr3rs3tY/YFk9ZsiIDbqdB2FDPfKWdoB/5w8HMzOHsHZMILdea2aebaYFNYGeMZF9nnDjA4tJ6jKWi1M6W/zatFkj/pE8XAWm8YVl4LVtRxdIkh8xzr5BBiHR2A7VOjsxbOuQ/TDU1xtOtJQv9k91Cc1ir7jll31DH1JxO0GCE3CHZHPbz64drwJ3eeHD1YsPlnqJsEFQWafDquoY0l9XUhNPbcKMJBw1sRwApAPJU7gea7DSL9t0DEVthq+BpvTqtvUpID3UlBx2UnE5PmqJo8QbqZ0Gicv+OMDdOiPm4rR2Q1SV7sQSFjZs5ik4bRFhQ5RdM51NPB0mDfJKBiZmIGnct3wlt9LgKUySgsfhAaKCJ5XvgYgG4TAdowFpLt+Ge795l1rsZ24ELN+wpknZjllJm+u4190+Np1/x695GZip1bFnChJUXydEPB7D2VeWdDs3u3dtTrHDq7SCzREa4iZzmmX3874lp55eE6NuGlm8cotA+OLvtXn9/Oil6D8ad/G2vnoLY3nE0b7op/S0yZLK7s8KStItIm5lj5EuWYZsH7G1Tj2ClersuRn8k4sRETQ2lOoZpENZgZElh0r0xbdhX4VaGq5LfcTqDfYaOHsjB4MPCFlyGzvu76vBJ6V3AUgKemZurIirRoKYi0P6XxCZ3qyEvqTPSfRcTxhWXM34IS93jLrFjs/xtGDvzTBZPiltn5dhLZwXc6woJJOq4HaPf/wMqTzT1bQCkOgfOZQZgE8lRfcOtIc1c0qq6KgRwTUn+4P+GNy4iuc18DGlRvKjAzvtS3lE2V/G7khLijmqZePheKEbwLKsCYvoSGoTeWYGHUxq8qQ/JEWxXqmo3vC55hRD0t9WtrW/a+k/YWxllmJ2jT2laalmBJyU1mpbBtZm4oiGif13FHdPLXg5xGViToOn2wf9RepC2UpMMxolQxJxUmdvgQexkt2WZzISHwd/e2GdBJT6hUYpdMd1COl7wMSiaSbqopOXBUmtNcKV5/fy1myUtBHtX2fl6KS62isI4n9EEYQtj4QbBVWkT6gfiRBXlH/Fnxnpb9E8gvWIjmVh2vJbBOQ9K52YlIlLj7t1jttYxR131X3t8a87cJcHJN71IazRLn0LSgYZ0YCB7XMr5nj2gCQLP/L9iRN1fyiLVZaYZ5pQ7qcgiUZXXX2XYWpDzDV6CFxMC6DW0o0eNTRG5eMKj3QnowumrDjaKBJQmOb6QOvYNSKn5yPf/364bULdbsu+ykbppLQuazPUM6evFJ0My0fLEwkndqKIht5kSnpm72sjEXYc2JLfVVjm4vnr3pP3bonYdhqipFnLEPpVJC1NhaQDYpl2GCgSAX5c1JtfAgqVFTVQT+GyrR85o0Bshe4KpaX03mih3e24AeVDfYWqsN73L4mGuHaBCmzcAWNSRsFK0SQcRun8kH+mO1tJ38wUR2lw5K27R6PxeKFq9wI+IXwJPTZH/3ETDxCJYUrBFX6GN9sPMk/wyqvKlp0fY44pG1E31+pHs3pi2zUcoQxPUKW+ZMwhpJZSDTfZbXJTccAlxSwk1XjmUdKyPJRdm7GqZK4k4S+NwvPFn4MD4ipJVibSkDITI1JS+tlgjm45FuOSCNNo4srqvcL0631Lw87j5h9RmDrZl1PwpCEG9vZ1KHxxtOuuHDy6bm1dJMS18ff4csqM6pS8roLsAlg8xWTGI8AcSLLTQjhKfHdg3p7weh5k4tA864u6Mt7LeDl8RyVjaBJmmbtTcP8VcA/eYHJIykBilMxBjuhYpItGpItVQxnHzMt6q9xGf+xqco3OWLro1qfItfM2G9WSlbT6/rA5jqg1C4TCUjM/oNkEvnm0+NHjgKguyGZ/8ZjUfRPlhMQNd0wR3EiwlGhdesGs+VSPwEMqqzIzM0qTDgpayJMW25NUQHNOPgqgk85p01IoLmDiZ1GaJKsjl3OJNSVlXDWL6TOJisapZUURijqVmPHIfV41HQMU0usIjYu3OHOLkApH6ivocJee0aB8QKzeBTCKFKb53FA5WDqsKjEMQHFWqLTnIi1BNdiFbBSa/K1hcVafdccFxr3JxSAQtfyBP0svyZ/KjA0IjbKdCfv09ODhHJY5AC2GN3em9j7IedsNM/vlgQBdmbmEWhnYMCVM0doEVrHcJqbmXRt6ww3IrU+HZJ8W3zn40JTKMoOKOoNgqjA3rZO7uC5oAdrLAqSVBiOMJubP9qtyQt0BDltbdNGxy6FOefVX87dBa4rSOSUW9F1Gr3sRK6k9jIgfdldfoW1A5Y0DccQy6GzX4Q2qQ/dGhfmtYsCxGIwiof/BjVb8g9lDsy20puw8AaTUPJm5+m5mrpmVPNCrXF3U0SnTIm6DCedhKq3xtSW3qYr9lM/RyPAHBgclZzNOsAG1CEhye+ZVM1N46ZS48tFywVY0xMvAkTcgqfmWU7bhmURW+B6cDN186aaIn4o+LHkj5mGPFwOHNYXaioL4Op9xKHZE5CCCpblCSgySmws2hFQQxmgdvYK8oBtL7RB9poAuCiYlZiVhuYY5ytppaav02ynbnSoDvKkTzTGbLQzTDNrNCpSkBAii1yv0nIskXddRsqJSMZe2R1Dtp2CfD6yEHn5SOxKszGVJxxRTRTbUIxwqVeswpHwBOApTi82xFPTKetzjEpktjH0dbbtFU9FdFaU6P5m/2C8cKw6Pcv0I2FSEIvMkXmIsk1BQlLNlET3mrbUTWcUmkmeqe5C1cacrAw23d3QVn3sX+8XypfXwXztheSkWCIRnRW9hNeSVzjtpF0wJnlw0zx/0Jlv+iLv2HxwjDiIx76j4zL4pS4ommraQxlsKnEcpsoaB6spM1aeZs5ILX1c4ruRaES3O6S0+L/larMnZ489jqOcvn3+8Kj77EyxzqkltLVmg7QHZru4xfS6lb3u/ypy5PqF084PkByETExnuZmy/Q9hKEe2bFBefVJK/FUm72xpqiSrbj/RPutcGIi+4rmyg5PkNNMwCLcKmKWd20elbms4BiRTgyjKDiAhHL4Ep29BUZ3UEyKJfrRWv64tCDgRZF/eHGNLTcle/2usRWHZkmKuu0gScNQRSaNzBmScScd0z5rE9eJweNY1tZP1aZvG2XqAzWvzy6guQBkyrbXtJjRDnH0BewFNKMRHeuQ5JGgzRAQmIQLCLi+0ORGTf0lVmI32Im2zNGzwSGOZuBQPVK+4yotLZGoMvJ1wFllcGFwj/8rPTD1+9AwPWbaxuiROOHocPdanJCjVFJHnVNXt3XLRQPjxxwcFAfDjveMpN5qXNsYVpH5OysSESp42v7/MIhNoGQP/5rIGxnX+hrdaj4PM5oqlKjzmM0c3rvU2dTpagYbmLkoXULy9v3t+eLRur7t4kqWWeBt53/3q+6d3X9/efNVEoivNX9083jx6BOXt2zeOpDuZ9PHmw68gL881S4D9Xqfpe1fRW2R2m86ucXLZxmYL8rxjeGRsAqKAdSmRb3ZwQvMBQjUzbm421shMeFfRFCauYvg6XIz8aN/kz4So53L2A7HPrHAw0JrvGxcFuffU0c9DTiZqF3oV8RLau27IVVRtdRasmBU+3YwS2AqAb67QmPfMnoWza+67HRD7Jz9e++DicicB/Gip04vvnyw1OwzQQTkQc1unQLxl6Vq9gxQuqHV3IOQoYid4lQlPdhanNFC7dHRW8737VB8xCGin7dQDGEk5oQ8xvQm1GvvO57lf0+mXvMuL7LXWne0tl+hAOzCoN2UlF7ce21y3znrqSchqL67Zd5ZLvLklgCFde8wfTdULB2RhXjxNDY8lhJRrm/WJ7nU9S0meN3iYA00NvdU55lxuuOgfJGd/8ndh7yYG1jtC6LxTDwl12NZRFxa/tPyR07v7ewdot+8fntxh7DYJV/g4IvRQH+u/fmnXj87yIhUWzfNSNnQO2UIRl0vjp/JqC9SgGVg08NzgoVlt15zt8UHJsFjOXcWrSNTQvbl8vQ5r2oylV5FFxil7pbtX5rkhJzcoyoGaRC47K/nx6Z9N2homONJbZzLXkezCp1SjdhjacFLDQhLCYOVhKFyrV3IBVC6XPD5r/L7RhaG2VDLgWOijskHQbmSX2J8/v0+qw8nGi7jEIGJEvJlK+Zx9q8z2qMt0gNLXTn5q4O17uYpHKyWxACclHPHV2/XaEdrtj+91QV+jFe6c8/qz4DbLfO06LhdAOWR0WPtejR897wjFNVEwi+Arj9l1tOf00VsHhT1sVveyXBquPJC6ub0QrJftFOEV3Kw658a7eBI01OhrqHvFv/ZyTMLXyAkkOzoauVgKhWzq+D+2qhRdzAoOYTHJMfCt3XDl8kp1IAsf/CVlDGmp4iCa2/P0aE9wa4OFqhik0U7Bq4iG0Cmvsj8FR35Th6hInBh7wZMc5PmOmBq8IRGjqP0tExPEO6uL8PwdAvQpn+JkDvk4l20K1AE4A31x0SxYeR95FlNCspziTNg2TpUmeVe13VpSSqqoGnW+W2kmVnv2Q5SmFfq2gWPSl9pII9lHCY3L9jQdaRF4befLVtrIGbwKU5LXCttkR+8VlypfFzjfc8TRmSJXg2Ic6RSP8tKWbarCexxkj85F5bAsl8f84gMEJ5sm7Zg0F52ePQbScsjqEkNqlQf5ybJQVhMn940lr889wxuwjEoYcJRWx6dxriKRStI10mUp7SotEVkkcyLg06s/+eHpu6dH7V3yfXXvR/s+WoozfNQpbwAAIABJREFUOXh4sND3+eHVw7/8L7z5xU/ev/+edqOMmYOuQo9J8gZCg7fHbjBrWrCsGUJDU/m/VAoUVL5O5PvKvnwE1rEjY387m88f9Z6zn7jEYonrt0T2FSg60rDkLE5o0PWE9RD+7PfeGQBrcOVtsxZjQquDvYit2S14iQlTNWHx9tdUIiix1mhTdegYvJ2N2XU5xb15WJvqzPo/vnKuvGfexTJs5Oep2d9HDRHj6TRwVTT581Y+9TptPqsAypSFdI6+kiNvRbl8JEFKfNGXz2KsNmg+esVBcFvV2PWx1E3HRffCOk7Fp4Fl3viWdTkGa8xRHEVnA9klPBX+0tPmefmOMb0K5FfjR3nT0svMe/Pq3U+++tkvvjbtLkFzBCHT3wym16wYgHS2ANmvwJo63d+9+/buw3/6/ed/8x+eVRNJG3HnnG+68J5a8xq/SvrVt7fvPPCnI94OxtLhy8Bl3vL6x18/+aFeg1eHxd16a9b7UJTc3X1/8/i+VeJFXrqCmDXlvrlFefX5m69ufv+nr+5fv/nm3TvTdtPExHeDolXVzz9//fkf/IOnf/ff+vMff+23bpu9vv/+0bLr23fv3KnpufQ/+927/9Y/8zuvnKszcXPe4Pnzu/t3rsOmRonfDJVBn35jUddUxgy05O8PoJzEXMfnvju7UIg1T2Ptc5cPacydFDMdq65asE7u5tlzCCXXbm7uv33tt1rvd8aCXQLhQC01PYP/9kfzujdv7UjLO7PF5n/WA5zK6Bdkv3376SdvP/ktbLVmi45iaNoz631DefP+yQnEOooz2J2MnA2Z4op/t0ff/vj0Z7/6jV1j2Icf3V7gOapvxev2/t2P798rPJnc2nMnU8z0zM2LLKNYVOawKMOLLaVq2SDSbsb++R/c/4Wffn7//tPTs2n9WiJ59ZEduekYf/qzotb8Yh0FvxLWcaOTng9P3/7BN1//4b1g+c0E0+ScbV5YR2H27Hff8uPkLR+KfWEJT1J8hlDApJyM911WVlXfx5MOeMxiI/YxsYcPRRHuM1GYaBFgPqqvWna7Wd0N1n4m7P5rD+03A6Pks0eCOn2ChAJHPd/cvvnzJwL8yJeu3OHMJzdvQxSy1x/f3d/83//WVvY1nJt+ssLvR992DJtGdxT/ve9f//7v37zLw/d1/kYHkAoVB77++Obj13rfDlc7KctEk+xNlHJCqOGYuVlSYqV5NfW7lSHy184CZrtNFRX4uL4Tsr/kDX2jB3tf3X5VvyHnOosirQWxngpfjsOzNYpc/brHKHUwVqUvg8Trmz/5+999eP/MY2j5a+kfsMg0ORfKnH49ePi8cl3A6V8flp6jLLF1dd2Cv/DqqfoJthqjy2uPz2WmMaFWREVaZ/KclIq8UhyzMe+VW3Z4o3GlPq3GVHQzWvkcM82lWfQ8kX2Rya+/9PNf/fx33ju6d1Qv3SmdVJSvPUPPHLTfjnAQ3AkfB+7ZJxV0jtz19u2b7364+dt/8srvvSnJ5eQiKKWbv8K2aF1GqBhcZdcoax9LXcbp22cay2DL9LIsIZcH83uV9iPsu1d028A2B/FgsUZwOsIT8JDArzQ4NkOcojCdrLjEpLL/FEzm6BVc4gYtjS9xJcGr2cQBMNXJ7VXh9QVXu+GIl+xBOdYWxP7WT3fVq0i6q4it4gLsoTqfEzKx+5jAIyuPp3GCVK47SaaYB7iagymblVGr6DIzg+1Jjrl9ggZ1AtMV9+XAaSV4bvwi+ih5IZ2NR1ZFXnMqolSFq3y5vBAgLt6ybRvjO9r4YbiPiIPS54WNjMyumIjiZoMhLElepVl+xVv56ALTGV8cNLWXvduI/EXjfJLc/efPo+DFFdl/dF6USRp7dJmLc31b+MZVkZLSL1QbbWu3YESZS1G+gHlhQ/3C/wV/Egaglh1rAkdXcS7QKJUmWYLyRx2zUdLjGzT616/ff7z57sMu5/vsx0ceiPvoRzQbAqwQuDL55nd//voX//jrpx/eLSX6fUddA1n6iqTfvf72F7/T4Dq14Stq7dYT9Q0RuvZm6oAoP5ZnUw7YJ4lXeUEppPEUm4rB3hfdNW89AKLa07GTCJaWzeSdZrbA7xbnpgE7WVOoEpekHY4P24G29Yt8VpOrqI+TE/bbk0bpng5gJ2VAW8jIxxhzS8EYjszOTVM5Q0dwlKRoVIiTsu2Kzmu1U2E/eXnkKtQccpmxpNJ2TvU6yLN/rMuCQ+JzEHk1TXY3Gyv3prselcT2iJ6eiC7a6UN79V8qEjEX9FHMR4ou+RdO0IZsQipbO1QWfnVf/LCWcOqBJGFJy5DX3/z00+/+0bcbU8Qfa3GfkikP19Km8c8BRMlg7l+uuFr53d0fuiFzOMUHXfexQJuMgBFrp03jnjMBZtwnxmUrvNrBzS//7i+ff/z8ygXnGd3FMxbeg1fLcgfvGUmLQmNffPUQoFo6NHD+hZ+8/u/89bdu4n0wzLtM3KD8yW/nmm91z+q33/7O//7/+Pf/F//rR6cBXt97dKbf4nrlGndzWXPY909v/om/+Pb/9L/5Jx8//OjOmo+fPpjGaZW7tr5reL+6/8MPf/zdj//xf3Lzlsm8FWjP8ygY2sJyEWLIzGCb7btwSY0vy/JMfnhykDz/ENZtoGg1IeP7YuGZko8//cnrf/6f/bnTGPOXYpfnaGjro28+ffP1V//Ov/9nv/k133bk1pSn6/j56s585u3Nq9//yeuff/PJVJxnI9oSsWwJbdPEVx9IfDh4lxIc2dK/L1kC5Lv/yf/0/0CcXsUMQzweHh/Zv3Xdzz8+ffxrf+nr/9G/+k9/991vGNkU3KjZoVqrzQzyXrrwBIkyYF8B2QU9XQT/6p/6q9/+9b/w5te/fthauRZlDisLHCO17i2F/ujn993HsD5Mavpj5nnOD/zvfu/+Z3/0M4EXWscMza1PH1Tv16nHT/0msUuo65rUmTxpmeAtUUgDsC4inNAVmzxd70nCzf3jbx7e/9l7tp36xRdH8UXWRHGGHet0N2lRtA7sN3/y3U/uXv1Lf/MvpCPULJ/8NWNq796++pN/8P6r/+x7B6e1pM6+eRaQmV+/fnz/5tWHz1//z/+NX93deAhMHRmPuuCqDIH+9e1vHh7+6b/4+V/7m9/85jeP0h1BraOo9vADqfTu7dc//9nnJ7dluyjOQ0Wb4xZr8aEJprYYX3pmtiPp9GhCzIU4x9gpRWtWymZ1lhMzY3zlr0aEfSuti67YxNrjZf/wr/yeo+cjLJa8OtLjKQDiID4pY058LTjCm7/zn/3Jr3/5wRoO19amJGFwQ47Irc7aiJCWzBD4n4NJC+l5B6VtHtbmfHUwQsFqlZj99yt3zib1kN9l726t0UH0VNDLwKgDOTcoBHx+mWM4KpO9Q1HjKp4lFSYfWoyOA9e2G5/qAz+++urdp7/533z+6uY3zx9S3UQzs2TofIRVryWwrVfU31ImUt027VkgLka8ffr7//D+T3718dt39XzU5sWCuOPAJfcxIBxxYwYIEtKGNyfjJBFvyJf/FZ6A8LfqdazhX2Bj7BBnSI/KiVXMJQI3HR1rDU5yK7NXUC7JYfFCX2sJHYbgHYIWSg6C4B0w+Wa5n5YVFc3ewWI0+GgHoEAI0TEnoKkdjkkNiP3xHwnbp1tFL8oZqBN7AS+ns+dgKsJC1R8CFfGlzXdY9j05di4/KE12RLFfYGqsIzwiptdHwOa0JF1V5ytd1S/ZY83kPkq2+ADfVoRVKFQw59gfhgtElSu5EEbbMH4MijlrIsruSWozFdP4pbjCo458wTQrOiHL/4dcxcSO7AiNxSN3yYq8HqIAzrYVnOJVv0g/O/aOwgGxHUYW+swgrxSEoKJefZ7U8iWh/Q1IjUPtPN1WG5d3Lxz25+QrdWicyBMzCnotuZIa96XY1tHaOIsJg+ZoiVFaFR+FrvHEYL5Bv1UzVx10Vl33ZCXvzc2H3brnNxqf3lscvbcGufUAZC3+keZxTTnr483jD10bkPFVhGnv9hNfkc4hnPYWhcozOq8f1+wqxqAirhjr2fhCdDayovqXb0Lyz5w1NWua1NRu2Mg3WqGVzQiZafACZrIa7bKglUsSs8mr9dl0RJye8G7XTsRmivF7b6gd6UJ9BkXcBGV4o9Zyou6gRMuiXFBPGf+8kaK0jGsb1RxA092cdiQqx5Wf2XB8G8JJmG/REfai1oaVyylHU9ZA31cOA+5gOuysLWWR7FGIhWFZpdaWlFHf9rw0BYPvCSEUr44/wDrhLLYHUIG3hxFqhXNm1ccH9bh1jUkoWkWygdFH18JiHK0a0NA1aMVRpDtLT/eG0WWPvfGkbdMJF61tNtZ80cKj8h7m2RRJtXDR05Kn+BitLB5vca+NAOdKX2iNf3Eq9+OlTd4YUa/Z1el+XcsaGUfrtdDtUXpM26QisWbqrWJ7EpT1VX7vFJppUJcGqXLNxPuHDy4b+eadg4pHfnZyjRNMvH58fmTON7fvfuI3cZ+/p6qno9Gqn4XEgL6rOOo/dHhykrZjEi3F6mhrs1MZZv++PdW3pDuVVumxuPLD9T3zQUYWiWbv1bhKiSFdIOHiHzyiwh/8BwZsznXZfXh8MJsRCyodXCHe1BZ/XoTIbaHCB3BTf67jA/Mn4SuC3l2DMbVgnazsOXAwmHh0EPTp0/v3z+5QbT3dMqQLT/xGQP6VCJ/eubTq1ZtHBzGuu6lpU8DGpVRT7V2cqC51tHlJPdFrjml7/nSdw6cPz7c9MxX9vAVtydgF9X6UkHtdcdSkxsFFnUkjxfK3lHdO4775oAOkepnND6aoJO/OKJOpZl5zQs0jzdvtpNYwLNGG7YrOKIJKSzEJaG3AX171CsYsqnPh3kIyrtOGIkzVm8/3RX+wc1nzbyLqPoSwEIiF52V9frj9vMXvQqnWTdtySoN4fni++/rO7zR/6DqnXOROko+1GjSvP3/teiDI/FZGeLpjITRNu0F2RgXop9s/+LZbtOVgltR0tFYHnxpMPgnGopdldhe7UoNFZHHo8ZEcjT9j01E672/b1VTkrWMsxqOzwEEmQAkrNiML44AmcL7f8W4So9tLYM/xmhMjb12PRkbHM+jlgmO/RcBHTzFykplRvJM820TO4WnRFo+69V2FqARYBS/XVjYg1eeYe3OO8yT1YjYWYr87sb5KycE6iPPN0iP4OSnToykxiMkwFbqjVI4m7OwHydY8VYfVzSsPP3oGkRvf0XWpltjtWfyQkpTz6uwAz4t2umu+u7v7oQmni149PPmVQg/Jlc2EqbsU1eRO0uOm82qAzT16Uwbb4MYTtDozzGr6LuV1MbksYziKASVhrBh9xeD4IGm+S67G7GVVqPvJc2SYkuqFVwtYK293fusr45IVpLyTuXTGk9QrdhsGdR3hWR8bLfnt73inFMQ1zMfaI2MkO/EbgkzlkBixrpeKIxDppFXTW9ysQywqagDZ35jOfuj4W/cZ68xHPUwDNaox5tgO6YSX6KhTddkZkIqCPgT288WcsX4iRdXizNysnQDkkVVZPSgULBhJSsAIJmsa4jqiqAtMiZHQcjKM0j4Mo6rUGBSqFyU5Y8ARJX99cBsJDcRJ/BSucKVBjiADK762D0lM5wDASGXnkvPCjQP5PtoYxdy07YthALMjDaOK4eqHtinJC/lvX2VolBPu+8Wzk5jbqi7ftYnkFg+0/kOp9Ni0oshL/FHE11+mVLuvhCRsbiZBQ11D0k07UGoxQzz3CIwuJpYihUNNF66s3bkM28Fwl0Hsh4oaRUYgXCnvU59gIOkKiqrCTHD2DdnKAI0yP+ScC1+WRPcSpqxre9WlLAG4VtZX3EuXHIRxaaM2t8TWMDGWPJJe5WFq9IkxwPRf2hPffoWBGPq2p0pV0FhSfzAaWiPkoKNtzJVM9/AF7KDEZRSZGyJgR4Ee2GE7Ig+v7aaWA4bkOGhNIUwpW7aH1usoT+kgE4FmUPNX+KpqM9NWh6XtScutFZ6vBNK4zxHJDtWJqCJkWZ+2WmD4d4R+JC7C4RnrWMYTAFxJyY29TqwQVp4Ng1pqLsKnicSQttSQpn/02QCiZBjTnjPqQGZAk+qODOJIUX0iBRE3HBS8uOdMH4RFe2AcFKwi0pUwZ3SZkSedEtfooSe6deGzVVjJY7BP4pp4COlrfRYdAMypF8RyIanQoQPQcLrMVpxt6yxT5+L4jx9dR+E5WzgdEriExtX2H3788PXXP/nwZH3exTMGJ/MxFw2Yeumu8M8e6UTdzRtDdgZ4zdN8IMqVAOuFaG4Bua2V2dTqQW7VloFsmJlKXM9XvENbd9wiuKOVzjNxXYJTQ8i+HZw6MuGDpjFK9CTdtgGYSX+XlVj39exQRwhZV0vAKih4UPMMLw4T0WQOIaXHvib/n2/9/Nfv+LmEzx8ttXKxudibrxxmuF69gzkPe31z8xXV59FB4J37HwrhZpk+RbuZyMFvLwcNR1a2BxE8AtKFQ2bADdU8kQuBa7JrC+POmWS32b7h0GJtR6BF3yFZvaIZEJM27cGXdJWLSslwfD99Wapo3RF0gUBwKaRsyIpOVAT6EoEajpjWQ9uKBZ2djbosBECyN6VYluvz3D4+YsrFlJC67jjOfMWFKKwrcU2AxK6p7dpRZvW8f8F1sCpfXfnTOvCGd48KfXIDQMkbBodJmzxt9m90afJ4rmUzy+cEbXtVvL7OuYvAysndN11ezJ7MwnZCs5LFpUDlFnHKm0uY4xy2F+IVnu3yJ8Lqc0P+xy86sOauavNzn4lK5Dw/kO3lyxFxk+vSPPtIUTSOeQj1SGmH9DXnTsNtQb0VpbqUnMGRIRpIZ6i4ftGhrwp9BBFk0d4av+PlVQS0kOxw6EqSsNZz5Q7Uza2jYk7vKkPr3X6I+0zvCoW/JYvo9lFNVu9jaVZtOVBS8A/6N2+efnCW0yHj64/d8acisBDWu+q2Hp3W25P1a1YdyX/4/tE94m+/aolFXjXuOmERjnANS42n3iUTciT71xBL/GMhwkwOZ5npy0thInylu6k5T5JRRZiuP0FtL9J4dnpju9Yv03QaCJlpE5aDaTmrEKWyXLSqZIe9z1T7sENIqBI/sr4jqGeELMKAZ3L7C4GdjSMZEwXkfbUbo//65VwyxZMf1Evx/HG4tC3uq6AOgAoMgUnc9UIwM2ekMnCrnqZDkn2IklFBWteJ2J1GEqMYla/yMlzbL+fG7yPy0J+cPTx9VpEG5aPWhNHUC9Zvip+NF/m2zuZ8OOQH7gCTRhiN+Z2IqQw7eRFUCwGE67AapHLIqlfTfowXS1tTreCCnqSpCPg2+9QOE6ToMMzJ6Yzcx6Fsp5TrG52ktDEE9ttOS199xqLOq4+5ALoGg0oiu8xq6/q/yOcASXUEIJsgRNH1Olk2x5cVVZzvdqZhZYvuwTAZ5SXV2Ui47osXPYqkE3tavwt3zTas9rz1K5C3jx88krC+oEeVWOB83sQH75L940OB7RjVzYgW6lzC+/Tsrryai4BPOx2NBCee6bTp8yxIh+qADU7+mO+5R1dUTyj+L8HNEzMrv6xBqGvmNKs1I7WNMdiyiP3jzu/0pajC07kYESlQsDzPVY2ECQjBoQlm2dAbxhcZdiOvAxp/RGtHoVs/dOmDpcZG5pad1tFPJh2EeWNbWI5AeNKhmw3G0WLz6EU6D0VyXqGt7qQPQbzV/iCrIiBFV/Ua43BjyhETMjjbOftcPWMm5FCTSJj/uaGdUxK+YcwRpyyKQ1bTVE3a0XDayngRZR+cU3W8F6DU5LHpQ9FWZWc/6gldUVWb15vHtHlV2TN3OaYQMD0Mlyups1TVYFhy5rh8syBa3TYuVHI1tYlutp9q/6okyzZ8dc+plG+GZMh3QYeetG4oDdncSHpNCRpQHUi3alymWiTbSnqz43ASE5fW5oH62lpdeM3JpZ7Jd5G1q7bf3X/FOpDMI+7v3HTpAhoTvC7DXX+1lqwVZE8mZ0n/RAsPuAmdG3mh7uEYC44KkEeeu2sSbps1wSgUWd4GfE2FreqVgaeYidp0Tm+KDADJuS+/UeBBnA5SqNkcwJQlL1FTj1E0zKTMITxIwDTIVUd5VPfBaWLT6nrQ+b6gbfLiIit6CXE5+tf3nEfW/av7wmPy7xDD3Rfd49shRxK6sCgzW86wdS5yR+Cu1OGvnOdzi25KZJ2X8KChnEVRUayXsOVdrSTpeLyDAb1WIqjq230FzcYs2ZoDq9/8ho/zhTltrnM80XOK8uRWHI/785n9ZWae8ZLG1OVCMLyGw6YCyufhpjjVjapbjy8xSOdgB3Ioz2SNMvJAP9LyXipA46t1R/ykYyfCYVLAQTDlz2PeKUprIX/t7k8Tfg9hMjSAw11+UJErJHG/sOBxlRaAGdk6eW5fUjOnMyTI3E5aud3TEHsUbKdbuVOFNeYsQlc+Z14O9vbRIlTjP+LglLADViXKGHPsXvPXDi+izW4VYxfC8nwejTQ/1w6SduBur3qsGZ/fdhREmy4DlWuZ8ozYAlGTRwJ157jgbiJZt5PAhvZObNnEgXVFhIc9WRgT3/8y5hhCxnqlSUl0xtV7hBiY4HL4ga+uLRTEbiOMHYrYYfdsy7l1i6giqRjR/NZnDq2iIrL1fdAYpkVfc1uP5oG7nXbDu3HUhgp85wq0FwzJl0qf/NjHg96g49SyposDF9Q8OSVTp4KlNb8rT60bdEwIDLxq/ZfM9vYIgRPG5O10U6fddKZlGFIfsexMXCN+ZnJcxXOM7eIcwl7Rj2IxaX9l6bJZt0hahTnf+SKx7lXjU7o2gkTJXJxzR1ioaz6Kc1SdUAA0t9xaoMudStezLbRKo0KWurT4ZME6nnpT/2TGU2r5DFteUg4kzxa08dMPhzfKtfCRRpzAdaPEb2fmDT0VYytLsuJgQH7JPNKDNZxnuptTVUxvGP4rr4N4qDrouoQmw7/szeq1aDUaEl2XiKMkCwFCV+vyzi4ma0/o6iCU2h+4jLYdomVOytKT385mDjWA5LNVJfTAr8ArCee9YhI6ADiwwux1mLe5mm2l6nqhilCmDE+lWJoZHjwTzG/r3Pah3HdNZNBrcBetkGryE8zqXEHuS1eceC9fI9fGsoW26Ookjz+uZEnf5CsOT4ByJY9G75Nv+K2xRXudEDwOnN0a9+Snc27vzDN2lhiPYUEI3PnnZ9w9vyRzsZ/nPeuZLAuZutCoI/Az8WQqXC4OYUGse6M5C9dYNLhT18wmI451+XLlV8o3BNQDRh1dqV/E0HiMCwOVdZ2qr2NtVZqGKUJNsocwXh192TbrkTdCZf3aSVKHNocmBzcZZWJd4hw+ncGYxvioLERJqdTHeKpvACGn/fyAmENYT6y9xaDKaSEolyQjh/qKrd63fgNv+z6zrkqitz05KzlEF19Opzv6eLv18bDaHcLj7CQlMZkZkQP6jDUGm1W3HUqi1NcCFYTxUKkJpCTyffhS7X8dn+nHb8XEm4oXypooLIEsMMl4eVWjoPoBOOCWH50SX/POv+kczDyHuWmrL1m4qLUZzgZhMXG5vxWrsQ1JpLRU2VEv3881RUN9/lmk2nzxCjWnvAgbI81+epKm2dOW4bmiZm1oyyvNATK/rdLfDAlTf1KzXw1yuZR51EA2ENK7+UJXIJLv5YGfrseR5Q2njjSEQSt2JQ6Ey49sVWqKcPumGy7rU8wvGKPXM18JOB91sgB0taWsdqWoFz25uTDPZuRX2uHCbE6TBTzXAYQhPH+dgCWFkWdunldOUIpwjwdT49MSoTkTM1K5HHKZlN+F3S2k5vqdxqhPeOOylCaONZLhqamYNDebh1BoPr5y07VHOfGEuSIJViE04TXyjjMf9VeUuQZLc+I7sHOgy9OLx6zLUUVyHzzR6Al1ZmjKktBSLizNwRFlacHLQ/WcTGiCo5TVHFwxVn1LE+5WwzvrUrEXMUu8ZARlblfWdJ36oliPT1EHIyTm5YFMbypXUHPL4QpW2YmI3IsIBlMgemdrl7WEHSPigq+2QpS87+AniEUu883EdNEFs+NHE0rxLWc61tUIXAXKKzt265AVEhYeIM3HgDBdC0WnR/KubSlpdMgzKFwCh2oGomtAcYQGgO1cuoyFI4RXL9nMyKAxZwZivmEK7UXGq6CWHM0SVfTOWhurPjt0QK7mqmBujsmX801rwvVLx08knQE46ktOGhop60nQRdBZl6PxZFZH/V6biBgledtDe5wstC7mMMbPHnSioB/1KzeoKosbvmq51CgPVJrpDByvnTtpfSv1l5eOCzSquuQBmM38OFdmVLSIQ0oULhTlSsrSdGbD7S8bEVRsl4SLcQ5L4IRECYS2Li34XkYp6mCGgtxQ58CMLFiu+DzJaUWjSRZqr63xYlBlMlDTuSpWkgPgUVa+ZQ2WACarkkTqM7oMses36yCUYsrKErgtDAMVlF6JHJr8074/JfPOnDMTkcg/pvS9F211dJc36/QmDwTdEbXL6txfJLJn6Yu1vSPh6JvL1I+p6bSNgHrxBBxn2nLQE3QpIiR7EO91bWSMV+aWgDZ9lyvkJ6FikCqpSLQuAcMc+XFSHos16ijS1ObKD2+0eTVlfDqqyR30OWF6J2Noaw7RHZWQ2jjEJEYxpeinRc0xL83hHvmVb8dBYZsAvp2AYV6AI8+ERLx8l517DeZUZtHZCM28jmNWVaXyWGgr5CELRrsnknYuvko99dhrBAdbPFfJYQpOlP8IHZnp6c0nBvjhndSLvRQvEeYGZuna9qiQhJxcTUJDZbL7YKiv9q6XjnUmzF4gyuJIvIS+cS5IvKP5aqxV9z9clmeSmneakkqbl4PrYeqCZqWGbS0HMv6vn1+H/vn5jd93N4ro/p0AdmmrZmnAcG3CiZnT0R7K2NM+NFyXLj99BYIrcJFRCdoxrDlChw0w6GToGqIBrBM6dDPhQLqAV8ImS4Toa9eDb+vELOmryPbLW3mp/oWKENhNxjoZhimOls6I846/AAAgAElEQVQ8PJ68Xsdw+OfSeZ5K7YII7HUUU729JHeklpcurVcKiEuhFgNcgKy4hcMj5lKhlJVj7br5rEJrTKUlrJGZ96Qr5bRVuvbbAkMWbGXIViRjS0TtU+QNlw2Yq/miWZXtciweOw2veXE5F+hpSUzeS+bRX/3pZMJSNzNKIiRduCfmAI1vLxLahGV5nMPHlsi0+j8rJLHPIMXqXlRcRuVBro44xjMcHMJlTDasnC6IF8Xhp/ag7ELsxu1qje4mhFsabZQ3nHmvWU0va5ZfEymMRRIiitQUBH8bbCAyscfjU4KYPnZ9ddBLKheDzLwZDEcrYq2tOgBBtYmgyZwomghqVCpvLK2aJ4GUJM03V9lprUs928zGXrvw3gimyj9AEiiCM/tsQiy1IQ7BOoCSsDlcQcqJmRL+UJpKR7U2sSJzmqyuzcpV9M3h1EimJsWpirdjSnq0Y4s5nNN2fulNy8zPLRzEX1S4lvgRmd9PbYZ9Oc1UqUeFvXnwUJHPN3eeB99VEA4M5Panm65+qnfgl1ALj33VBYJX+gVZ4j1L1+K1A/y3fi3Y3QyW4K3v849IB7GLWZjbypsrgjTULshhsVjIyXU3LGZF18mIDrdlZlihyKL8tQn+Nrr5MjRBaPabOQ79dDTMcqiWO5uTI2naDT0L8qj17xZCS7ojl9BcVotgYR61Pd+m0qt6tDj9RVG4a9ssKsMBTYk4L/uaJJTGcdpwkwkBWdVBQqJxdZIEjw9pVweRgc2r69gjL3hhSjundbn0CidrSEFYXvNoy/fmfCS6S56aBBCMrDxAJQaM5nI5YDftNSeLy0VTIDyESm/X42vvTZFpImKRYMiOhVm4aLIr23MRkkyeP8qFmZB5OWPf5W3tphfK1NsfD79RuSTNVEy5t1h6Jau2nNQcP7YDqd9xXzYrPL9uxgRrUjsFyEWpzLAmzq+c1ApAYhM+YRpC0SOb8CKSfIHY4BiGIMg6XKVNAVca+hxiu1Qgb0nNd2pCD1MRS1tHNZOgTGhzR06Lc3xXNmOoaF6YhWXSa7cW8GyAiChG+vRLV+FGreOZqO5UTmDAQjAI7ZC7hyW4+Ou1Y3ACwdSiTiMonVB9fuWWJtzrwADOOUNfZxJ9Zzf1jX7/uAscO2bcGc5iHp3iOkz+MbStDWf6AjXpl621/EW37mr5GNYZkLqX0XrOq8loU2RQlgczN/el8EUO4apWHop1bY0SoQpBRcHZ0oHSMPZqYJlj7dY2UBX5SQKwzFE/qHNqVBQvJSMq40FTGL4qj7tO4sd4JCQ2fePO0i9HF2cVrohnNcmleZ3ABB2B5Y7yQEsMtKnK2NQvLwM55jFUGsxcFFEnbvKe7dGBFWewKxh8rjj1qbqqQhLX0nScBKiclJhfXD7jVLTWZAkMTX1jUrz9q/dd/jL8/IVr0IN4XhDFitK/2lOqwF7hqjlcL5U7A3B8j/4iPpyJOFKSOKmLZa4VqOlZeQmiEG105Zf+OCI7JXvWLjNyZqNNnjv28FYBqSD+EvGoPN45RMTOxmk41ha2kiUlGH5r0gp8hEdWzmd2J329orEUJLMPWWCc7gAh/J3cvLv3MK/ueuzUe0+E6+pa9RuFtigoA7AR3hoe+fWD83HPBmVD+Bmovr7x+HnuCuTAsDvvqDqG6ArWurhrvlxNlMfY0S366EvouWdEbQO3/rMBJS8UE9SFYNps1fcqrT2GK7hY6g5yGiPar7G+/HFP3Ulo9kowrQQRDWuCffZSoUU0VMedRw6j2goim1k5rMtEZxNa0q7uvu1RrSilh3fmbC+ZAQ0RlSq2tYSacGKVWV6cukOGfm/A9qo0RS8f+TKpCup56hbVJi7g8Vaie1B72HLQgCZEMQl5Ptp4p840IU8l2Zk4xUdMOROhn5NM48ypdqzzxWRThua0ToaW4dPP5lMxMEUnJeE6KJCeuV5TO5EV+g3Veat+GaHrySddufQsB/wtyHJFKq/LZYQhY+EIW0BqnLYETxQsOhdiUjtcbgbu3mICgXEgXXOShMJgtm9SCnXzWyNjg9rGsw7x4vNbWpoZvf32VxtJrRvgPc9YlF89XpAbs/LYEpjiJQdzvBdUOYibe8RmE0EvjRn0PBN5Ozl5U0M7x41qU1EDAS3dtRFT8Gb+XmvIdV/n7EjteSGr9z8ScV5Kwr0ZQx6t2aWLkzxc2ZIBqQmcWB54dhtFhwIevHDXI1CbSBVBQ38507XFHR3HAZXjIyclaa8XenKj6eObd913CKBehhYzNHX1X9zVVTlm1uYj3Tpsuub5oeru3AWb21jMep+CdNJyHQFNxIQ8w6RKpbZpwdad43kjRAmpkbS+T19RVsyhpcOZ57UHasJyAimLQrbUIHJ6gWJ2O8JNbMqqWb+Zy2NJQFmbLCr7UlN+9B+us6pTMotaDBKsBdSgBglUhW1W5a2D94FGKRnlZZporGkO2gFTTx+w4ZCkrt4KQqqDkFhCc8++1SUkm2Kka8ZE2Fb+KcHyXCvluYcfaznSuuxLU4CmI8v8a4wJorKPkz62aO7/wjYFX9bUokp0sEI2OblqdiSeD6c9iQnlg0hD1q76Oo/M3NFo5HSJ1/zUAr+E5Ub0nW0jK6Gp65lgnJiTzzU5yau619XJlBn24MoGMM8njmQsTn0RW8VeGTE3UqUu13tX4lVBrsBDAlMmcBUj6GP/EKxPy3nRzSEXwFhTof/pUrqJOmzBLEyskAGbjmVqKa3H2eJgiw06o14KHdY7XPDTJTN73aiubbCvJJzfc9GssIrRFVYtznGxx467YdxDSBtec/o+zpEq3x7XUpSoZUxxnkEzds7OlU0kZlTevzJFnolBvsM/w4E9hzbaZY2MVlILH6IV+MzF8QzJWtP8v3KlV64s6VPGsckoHLWNL3FFz8H8UHyoKAwhsze9wx9HyqYBcMTTE0+7KyJkgA6VHRBKgcSiqzplk68w2jhUrLa41730vYEjeoLr9dofkCMk8P316vPlv/2kHsVTOVOO9iXudDblrWwyB+AS9tsyOola27ucHPvsjIjGAkiTgBJj8yi5qo6/yJjbIrhcNYh9HOXINw1Hdgzap0aWgF7jP2cAVJUoC9FqjuzojlXR4xDts7/ReYqBPaYRLH8i8xFV+bEeBEUzI7v1/gddmBUgWlVCjuMW0MTXJIH6kg4ghXmlaYm9Nr3tfbAzocEovy5kjTqtjxf9rtw0abEqs3VLA2hLNxb6Nwa3CFMi3370WyB+DLje4fWnp7cdJkDd/CVnu+jfaJ37Thu2s66Rbn2YToAJUxo0HEPzj3S1s2ORr4qS466Ky+ik5JwVzyQfCCtPYJaV6ZEmvCH2lB72PMeVdUCLTKaNzQaXHVlELQLXl4nUYU4i+aOvs+pVix4cWxBkXboJUt5soL11hG2NP0QXDbLtbfdkXggxXLaN1PaBW5RyWPYmtTW1KUjeAClOwHFANMckGJYxuf/UnxSIe5hG1k59QaXHvDP7P2APallZp46kmUR0WIY81UpCeJRmbXCRnnZfSgePZ/JQle0Hs+bcjjDWbZ2yiLwUShDN72Xykm+T6pWl/iYkF6SCRsTlQ/2V/wFEiTYWept+biYuXnXwlS/+jWnHdp9yR1r3XqNxmqdxiOrTGDWHBV+mezjNnnuFwLN9WhTFQV+CoSlppta65zHO49s7ZpCJHqh1+9L/ehL6Of9GZb+9REOTVzNwFxgxzLN0CFyDC3BPMJyRmlX75XAvXKpubt659MavcHlIqbhzB2wnHPPEWPIFhk1GOhiuvvRnoUHeZfmBzPPZYQrSZxNxRdKgFpO3cwNnNS3IQMvgpjv+i1w+4NR4CVASl+V2PU1tVmsOfddaNMNylFSGZgDx1AV7O004CV473Y+LcIxuKIvdMoFQHD1UEsOT0wJ17iJrQVqMPIcsV2fZx0/uYiLSLRYBt2XoO8884HOHBztQTCEGIUQwp9SbqeriqxVlfQTHiXTpOV3+zhae8ZcPpzI/Oq5hhryviMIosPOYHJyMkcbrlYVprXmBTeMB0tZ0U4azpKKGKnamT6VEcXSRgrrjVQR/4cmNtppYYxYwqvtxLgdFJ6MUip+1nw7DhnSxWvwpKGpsYAgxaFFQxIY8XKZWXRzWPApAs7gewNQPZaDsFnDMOyrLsZljALPl3W0Ybg+QtCJaSPKUzSULN+SYVqA1W9SZBFFJlctWltOLxsybZ0KbY8egpJRIrPIK80FJaJ9SXk+s/0q2g6bMjzSnUD8UIMdKeSmFhZXGTHrDzktGyk/arPN4ramjYU+Hn6Tlvsh5Q/PI+Lo1cSc9VPk4Q2FQRB882pPUD1if3tHkmkx10qiYxNzH+Wu7zdJuJtspLw9P5tlMSjSFi4got9pmPxRZWN+grNNodJ8EmPFczbOd2p9q4hI9keVDKeB8Hy84KdSVAPb5T31JUhZ0UOq3wUS7M37tByRnkNXNhb4tzPitCnkmvXRD/AfiscimVhVDNo13LVye0E/EIj15xIbWtq083C5bSqlUVso7m0lRteYZ44TmKSpE0EbUJ3HQr3QluSpvEIcn51XZAbF/kjD6C4GikYQDcgBCVtDZFR15lfjk3ADaYurqikXyg+zbbljyiW1MAQ5fdemXUgdsc7vx8ftEg7KOaIIiVW18bibBbBL3msVgFq1euSm1GJTEQ2mqSM+c4EcWgBdfDBs78LFVi1Gd/CE6uDlvGhOcHccgxsSkO8JcaNor6RmTFrQtMscUsitZ82fg6Ci2JWHEwzT4A4K+gFWeOaM4H6pf9tvsZbht82X3ZY/aNcCMVud95DATdYUBWwBn7NoOdWprXDr6rUc5V7x0FfJsyawrWEIvJ+oWJrnKiT6Ot5ukk128Yufoj7xwsJvgicwTOXWiSpKGIjVz8RSG4ZT1YLR+wsbjtD3YpBObW05S0P1AFhP97KpuvFvtPn+8f3P/IfzktwKiMyDGnpiJkilQzOYKziR0z8ASpLXY46M5DXB2HdPmz+E/qaTUXshHFRncI8/82dvn2Mlpc5+ZUotZdiajaUNe0RrZOyl5JgcNjm1/e5BiVMnhHIEQghOPZUueZRyFxagOZhSo6c0sNcDMk3mY9VOe0lryCdO0DmwQA1fNLIulV2YQ5L88Hu/KdywRPgKjqnL2rGwazxYB6g6G4GVfvf9aUoz2k5BzVV9ZVnkvePTCs3aIEnSghpMn6/lnrt3jwZQFeqBSnoZeQ7HNozFB7R6Ctk6Y2xh3rkJa6aKQ4G2fz/iO5LNhP/LUND4fMUWpoqOIE20dTH2eplZJkUpTjbGxZhnRPC9r8fdRPzf95uMbw6rQrdRim+li919oTUZjcFxhwSw3TfQcp1mkGR5v7lvD5HeNQ8MrwGNhQlNrsFJZDzEtZmyGxVgVNUN0RYYL35sClsFKMyOD5gGaugzAvKsf4Hv22I77u4dXz7e3b2vPJeqgHDixsRdn0bPhQ4ZargMrIC7CcUqQGh0uqB0+WFbeBehrsCkufyciv9gon9Z1sdv4j9kYQqtifjj9zjTmwJQVrsxxG2lyuiKKLr8xmvtNSAXH6N9NG8rt9VjhBjOPG8z9OM0sAXGdSHC867i0+n7qq97JmZM7DyavPTZn2QNtRGuXxoNXAmSY6kIIKN6W8Q9KhUCfrN+SZ+nRHEez72AFr0hlH0NMhsWQb1hTqIoRFS1qbnpYCzjR7FiyZOx0UagrbhWZ0nxBasaRU2TynO1tZWDxajSErLGFdDaU0ttz9XnxXUk5ksw8VghiJPfEiisUhC113mQwnJTOPLn/q670tPHVL+FSERBfyGPDl+Tl7gCHME8el4rqqI5rQ5O6wHAqtry79qSFtfRPRHYwK+M6edGIIlFUrG+adJUdkkVcU/ZCvK8+Eqx+evI5smDycdbxHaVAKx+QgyI6qGL1ceBfe3UomZMh/o4ix4tdAfSxi5ow5QAZmquVkG9zSpJaHmAsbU4zIXBxGVGExyWkHE4Wo7ed3CsIhl1eIaKpUZIOW24qdgAGMWPPBgHh558V2ZNapxJdLZjgTEti1/tddfVs+YVAGLuDyKf8hbxAlejzOX5C1Fa2boKFfj8jW8jwzNCaDRZH6h0M1p6LSx0rllqErqasV3Psmr1ZQmnIWhAJnmDuVC5X4lVB8+DAPZ8o8le5zMgb84HPeEs0flEciaLrOxZVJ+Wu7h59BuUZlLbj1XqDc0K4CXQiJnVdUjJzWmoQpegwFBIQV5GsVaFS3n+9/PG0yktb5KcsQQJwaBeuyu0vkRaOQK4oBENtj1X1jTbomF/2RRvZpc0yMoJoscmK4LY1MX1G2dBVM297dYiu/JoyZTOourwB2vh97jUIX1JOR6v0RdYceLnjhXiVhxUZPEM0nGcXQfz62D4PhiiHQ9Hx63FKn5NS/fmfjYE6YvLvbFOd5GNELt6+7x5zwA1nfzQ2V5/J/5XX1Ee+OMd6GZCe/MBdZv/BcgRs34Wjd3ceqaFtdfUkDAfPjh1jWo+VFUMVwJwSf7aEoXhI8W0HKCGKG8KjqgDHDq1KX2WTEP42hoXqEBn4Dbral5PUXYTQYpw76vwSj4ec9Uivxs6nJ52P3Htw6v3u00+/fXv/9vbJjWQmPxYydd8NxvKvqxRqoe6I6twG+ZK5xh+EEPlS77W0bETNduVL+paM6yVy2rpCdDMIAwnnNVk2M179dHypQT7X6KtiIVX+0bu9FOWiFLQ4GvORe/m8ZlzZ+k58ow1dZPN4ai9Iba582JKTVb613pDNinq4tkisUZ9grNsb93yStrlmMloFOwjj7O0jTQq3rx3YXYmvkw7CVkfrlaQBSq1/helWhmRABu3I/K2YL844gwW358lJjCiRW7QhY5ms7CAg9lBeu4e6Sq8J4PpsD8k+F58ENp5cGnBRlwg5oyz6ZYodzjtpwksNYI0tackmVOs549+k+UR79aTNO9ha58DVlGmr4a4dl63qGwTQWWO2gDcuo7njXsevwE/hMWVhTKBM8XDrpvH3d26R72V2CfxJNLMCg+DTLk4HNf+bCvXgxCuxO79mcpp4PVqtzxkGHYEDbB24aa/xvmlhXXlO1MZaZmyzIqCyOq8rQfup32diff7LRkvhTZ5dXPNWY/S7xdnd8Kh3EIYjqua+6QMZmckBhPf7Bc2tYqAFqWqq0mS6nVobW4Nr2pDrwrXpojouzZO3fjXq8/fgCcVWUEtIu2pbdHewdOuCeWulNDK8e45AV+tqMHNPWeZAxi2h3V/tJ5zNa0XDzMLtv68+u6ygh5I9eqYMRDDJIaAz0vEAsg8fPj48P737esdVMHZj5qvHD0/dIMz+m1dfffOWs3V0d7E51AEgv7GDyTyUFXZqO2KdA1jSK+tqwcLth5n9Epb4soG3SmQGEuRUw/Pj28/fvHr2y9NWNJ/FvXHLRJznqBFaDZzlOswp4iP9/uJXfKlfHqKhLc/I+KLW8QGenjTKw6/eNQ5GvslEHT9k7Z22uo3qN2lA6ggvJ3c8+Nj5XZaKQIvMXrCTPVIPNXr7+vYDzERO4Jl8lhH18zLWOJGDkp37bUFYY5QpmbQMHYzjVk5cOlW5O7/JcseGiGEfl664PkoGeAqdBvT69VukyVqyA993v5dniLl3CVjHhzEEY2l6SSoc5z9vBOW4Y2EsBROKpF+xqmWV7QmpS6sLZXX9J5GHA3c+HUhtXoMSLgDmqh40i7+mI0KkN3py5Jub948PPbt3FSSfBJJ1O75akNAdX43RTlhPz6afKB3AbGXO+FyfeBbadsAMoZC4ES/kGGdByQLEHI736u9pAR2hkr1TOg8oH3N7yiSDo5ohqjizeiiwnFLfEUKmRHo62w5v16MkGYFK7yWxcd/Pm7hd5lFz2/wBzWAUp4NsYeDEFOosz1GNrNJSTD7cx+Opvh9v77spvBZoDtKZolykBxHSPJnihfgyH9Dy0Jc2Qx9XQHbprrPiFaV56TBXl5D+axy9bCqjhSZSkrDWqDgT8m7ZoK7Xdo/f13zzNYYc3fcgjna7F2c1a3BHynQkK70VUR0seMrjeoYg2TxbOo6UB0dpEFUks6IiYRvjqfU55rWR+rBWAQK5eiEde4wr3cakpiGQWeMzw1OIeYm1mghHd31vJ5wz/7KnOhICWLceT2IqyuCVrhlHQiUaQ/Eh5QJkR9c4NYc9a6/EPMcCtYTsSc2ZDbSVjhQc6ys5W9Oeo6iv8tqfnrHEGgyX7xJ79nxeW0f0uKRl0F5IToCOUdHPOpVTctBkyGu3wYWT8D/+/vmPfynFnaXftKCwF7qY8kOLWpf0S00ah2Vyl9yjnymqOG0qLmCsbx9JaRQnUOQrzQHnGK8abx2Yp/pqMW8Nia8+/vj989/4Fz7+9/97P/vuj/0cWL8F3538H+/Rgqjvv397984VQK/u3v3Bm8+Pfr60ZyEHwMULBnXXEX1686d/7x9ePxEAwDU2vHGStGCntHYdh05u4bAdxFLyNFz2rz13hQBapTUJwDOGXTlox6mNufNxXVP9b8HfJ8+Rl0y7mTrZ0j5HdPCVVK5Tk5vW9NbyQuK/zk6Vzm5UUj/N079qlWOl7khJTLhTlwQvFKE5ewDk/dnBnCRFQXx4I/MZQylk4xAk7QiodmV58XQUTA/p5LxIGR/uuKZvuRPjKTk18VTSK222BiBhect3W1f/c5AhOYZFvHr7g4AjxgrbfJFpK46qpqtvouuLbMyyVNg6vo5vKXJSd25J6eJjI0Bz3wQuBaLMruT1R5QCXV1DVvEgseTZdP/1/e3dN7d//PfeOxTIQ9Cvmcgq2ysJjzLbgUn3jF1iOMrVCMxQ//Jf/0WXqHY0f6uPpitYpZrhzG/lvnrz1Z93eJEMX7W3M4BB6nLZP/vu6enpO4/5JKG118j8QtRWPW9eeZD23/pTFykk8fiSPfzT44D0d4ZmP36lJdYWyBvU1rkp7Hr523d3P/76+//L/+4/+vYnX5ks+ZVW1p/FyjwzOPNXMQA719VGstAuifQYcTtEKcnSuHg1+KL2jwUSnwEvjOsQk8Rxrob6fHv/zlHJ6Ppkp0Mv1FLdQwR+8dPbf/1fvE9vOo+8TSf46+b5m6+++Tf+bw//wd/5/NVXrtXw6EmPFu5JlY4E3GnrnMbz5+f/xj/1zbd+CkCs3TLRAYC5QjPq43G++H/8P//enk9A4qf7d7ceZwxbB2x+ivirP3v40FMvkcuRuqueIurBOC7e0I9Jx1xw+obsl0dr9sXAbP7j05vf/93f+5f/+ecf3uPSfGsirtya8+x98/bt9//J3/m7//Z/fP/VO1cxcy15nVpoOUTIbp9/ePjot97uHM6wfi48UcjRZrm6ywX6S+aVpsfNJqzdLP53/+zjL//00Y9FgNblMT3ktDCJGV1yQYWtvUDMySVnDaJ50bdfff6dn76F+GRm04J4YJH4dbhPjxao/MB03Wkvn2obc5syd2AgmIsdl8RHV+CXpvbpIMm/xMucST6/iLUj0Lff3P/0J+7W2HFmiND52dhaA4fKnz/9u99dy+vJKv1IDS3/P3/yS3i/84ufok6tPy9hGpJBtLW0CnmtuldfILak++np5s/+wa+5g5ewf8FPAf8o7AuM85qCkoC9bk7F4mrYB0cCzaW0nDqBnYnZzFMjfb776vav/OW/5CAFQK3eQphfpaNnpwnd3vrmh+8//Nkvf8N10k99k9LQ8dIsvbl7eHj68ccfzJ95tqzOJ3obvsgbTjoaaUECMa6Y6rEceqidlMydFe35o8v+CVGg55HlM1NLDxfGcc3z5yfrkqT+5rsfn1yZ9cFlvSKYZwkYvGQU+QOZUqXJhiCYHz/9wKTf+/rtP/tXnjjxnEtSTuPMGC4CAngxUtCqYWhQPb/7+uY//y9u/73/5MdvvnorwBo4D3KlGxAXmRpkRhFHZTxiTKIpYV44YKS0lHL1QuEM2LwU8lYxXcmwNYsab83jSvS5JwwbkLLpJNghiXlyshxYbMt7X1kX+YwqDRrRMxIBq+pUuaACNF4v3rNXeW1puA+AUjdlk0Zylh5Dq+g165M0qbQRciraWOQryO7UVpYDktReuWL70msFahVBm8xZNnEQNOeZJCaPKW8zoMl8bCEt9F45IS0HfPAvmrAcS7PDK1CFSj898iz1Qmdx5SjkEwQ0tIt8v3npdPsHZ10dJ2qJW3NLwwvws3XRrwXPA4N0lR6Fc8rQp2LAAzYWqirqOtGh2l4l7f8j3+OswP98W/An5Iu+6s6f5GZNWctTnpXjZyZ/7QDg+zceo7zucYJ1lvPhkVNfLMmWKsM0ANO2xOeqwnl8rPlsFoyweYPsVFtr4b/17AG9sgDaXnaN8ismZQuSN69/8Fhu8xCXD9y++vb3PW38q7tXVstqnuYvhsna3vrWTw9PrsDVl958DagGY1XIKG0loOnRp4fPjz887tEfa6DCXZNoHU9jLht5KatsNHNqINSfQlRTCuFxHhqbKhY4hFWUDoflYiQ8R2TU7JpPuLp1NmoLUcZzyTqMdR9JIDUHXE6w+prS1F9JsPY/r6kYUurb7zMnRxtDcbhqXu/i7NRlyKFUn2j/IZvZdkAdf9z+Fs6kKY0u3tqJrxWdGmVtjLOtvQ5Fn0fUaKIchqSVgLNzVVObDK8LxZrZCog4ytNaluTSk0WqZvn5ADhSrk/S4Kc+DUHx30adTIZ6HS/k7b2P7BVPAzl5pRBhajMxPvc1JZO+iibTk5euUa1HVre4tIzQNC5RCatYDrqkVL9jXfbxRwtUITeZ8LiJas8/jjbU4apDO1YGI4U5opMIKIxZGkDIVZpqqssuKggwjP3kK8tU3YM7fFzRCu1ENKH1HK2f3rsHwLMsu3UY2fpQDV6wPr3rCkSM6dFtpDfTKW8441HWQ61aW6MOaXzAKPJtQmv97OZO03/+8dHzQbU+k7dyCXw0Z/RiW+cqck5TWOUa2tXSSI48jpxJbC0M6QpXEqpcnIWLMdnaurwAACAASURBVONzgVX2z5+/NVwD2aJeAEHrGo9X/Z4xCH43/OuvmmMb3o/byGp6fOMXkV9bhvj27at3rz99jbYHiz3p9Fsq6Yiq7gX8f+YvfvP12zem67vOcFBanUXI0I+//vHjP/iT3/RbpHaen831BTJtDRqUfHz8wW0Vs64RWqcEKgI9Wp1G69IwM7UeKbsd4OWP9TOc8Obd29dfvbsrEBaSaRQTtx+0vv/08bHJuOJnP0nGX/jN2FpNzX1IbwP9Sm3XSS3sFMyJObMNrzTFsNifrisMSrqu6ea7X7358+8/3ctATg56bo9M5u3QZa5gW8c2S54O3lr8h/DT51/83s23dzcPFsAxspsaYWbq1Btdlw0SqVwupiVV2YKmBnUSsmgU3gbjshRzoMeV5HKuYd6afVl2SaLjY9H89pv77jTrwLhTcmptb6Ovpx+fuIrsM1MggJzFImOf/fjDEnd4AQQoxecF4DbjOHCqhr+Pkb56/fAbU0r2i/gwQ7WhAmFDlca6yByL8sxxSaNZDcJP0LEC6h7iQITr/iVuoaa5Bnb/zq3qDHdc6gjw1f07YAjLB1Q9Prdk1um40gNfVW2ctAPr46uHB7J5MPG5cVNWhIAEDT3iM3ad0bWSgqUFo1absb7pkJl4oi5gtNBEXfU+diQUYfmsBWW+Tz/0Zinez1abLx/O0jJyigsXLJjWUQ5heMonD0T9+ubxj/7gVioSVrM3UyjNShgUhIte+gZY9Rxn3pxFr+8+/qmfPnSz1KxuocO5lETloaCDRwhmSxSzglhCoMpN2WQ/mP7cDjQ1csnpQUznhMObR7f94MWZoDpSovx3OIdXmVXMno4VTCQK0OtFBkMzC8hSVI121t+sUVx/7mUL+4oTY6+o+agskUr895p8nm5Lyqc/8CxqchXOIjIzV0Fe/Hx/jlXi26slpRlEcBlS4Yvii2RuPLLIGJ5TFHU0AxnANsPoO5y7utu3gMKiIsFpGekQK1VSWcKur+ojPbYey5ABumLeiItudKsFR1kyOhdQYdPm7p1xQbpjwafy80XrHEzaRCQpV+f99ME/zS8bB95k1xIOzMGnPi+jBqFfAr5IByyLXoxRft5H4T6PddN4cCcnMb7kVP2YjLejLYcPOmOZoVDXragOd80RBbZS4DSQ4+ZUYO6VCwfXd8sw7R4t+KahJikdiSdVv0xhXZtBgthyV3Y2B+rJ0OVKnpFuYtpldy2S7vonFye5ivjW4346ILD6JiQ1KqGolZHcaNqg1o2Pdj0giAKDTWTmVY9yGVvIW2rtcqBCueG+Tk+PME9TT1z55a8EJz8sL5VtZ/OaUW0jR+QGI54R5nQAI/oST3X8SX4Bzit5KQ/XDU2akjTSMjMK7YCmCEvb6qckIGuWyVkQjxdzXHQDGnIS8m4mK19cl9Dxz6xJTjNCis+qz/aTtH5yYiCdL5aeR8WYFBKRqpFnCRIw9REZUPE+yp/BLrqVTB5/UVt2lYVjpjQ7YU7B9FVgSxhjw1xsA8k+8c4XJwvszgP8nN5loy/MCVA0wcmwk6SI+liG5Ytj9Zgjn1WwNYfMk+VrtubEqZgcxS+5cORmAwo5NoYGGi/n3hOQki849JWujL97dydXPXSSHxrWQpHxHYdKpgIhVzQe3Ak4S/vRZJgS3tIJNTBY2z0bY8otgGhb5pKctsa07otReBsag5Tv3xjdu0HOnKzROl1LntY8eca5+Iy+4kJrFC2nd4ytKdVgtd0BZDnT9YqSs5V+9nCB7CLZBKczcvnCtSrNtdLOw96wcvLos5LXl71ZmTsXKxOY8IBS+PuCqXMANaWTh9yyJDomlESFpZ/mpSmSXJuPzZkwWn3LFVlnKWCptz2zZ78dq/eoQ3xjgxdNWhqVx+/J9E3XHJRwARA3Nw+PH+/vb587UYGMT3ckYz4Xsux51xEDftue+SMmIoLTAcWrt3fmj9+fFERMQ25ZmqJQoknx2ReTR7kgjIZVqDyByPTMtVtNv3VEDjM6m/v6vmOIXNxZU7j4FQbRa2jW0MLXgaMzDzJGJGdidKkmiim8biYGQPQhax5YSNLvBJJrLLrc/OM9N5/e9a5DTXC6ZVIe+slexxhrBV23lUwOstEitJaCDXkrvQX+dCDFiXa8ZxYYNSvQZIMA5ybMrsqwY3OBjd4rn+Q3ezWZ49JYMRXyXpgjbiixsC1wVocjro5rOjRtVVvyY5k8AT8DCqFTR+DOzpUFHU+SR+ZBGMGgVAhKulPXkds2FZWSYcBEx1kaKzJGkpqCMpUoMtXw3GUn0O7++1JCMax+i8LR7fu0u4h3rtCYeQh/IslQKtukn8D1tKqS058cdr0ZCr6QIhOYThYHNdqQX3AZUFXXKekTpIk2QUdO3DiGbjFCE1vlOSRF/treJ9BtKDsGEpTUQ4Wr4uMDYjpU7rfwerit+XLZodLJsXULkyFL2qmsy8eI1e0QuBzJlfUOwuYxSJ32qJHX2idn3cdQ11GJpQSrbFZTM/guOtC9QqCc4Nu7tzUK9NOc25exGQBbTshWNC3XT0YlFTdgjbyQrjB769tFRp+TTJRLtn5+cCdbFDIvdtpzzZwlX7hR09kcgmbNvB5NWcCwdOAl4lFLm4iTcfTzUZrsB2PW1L+8vKqmE0MdFnEE8k6yBk7IxjrGxouckLsimMiExlVgpmoRGQ2mZEaYvwpXXItLpfVzhe1QzE1ZvfLEyk1qoijtLijL3cvCVhZpOlM7cQ1FqPgKpkRMeJKnP78E/FSOOke2n9fWmYsljWVI1MmWdYBILMgcV6sNUWIO9Kn0kZkM6mu2DHJFUF5BIegIrjiW2e4r7roaWz3Br14zNxAUpf/rlS4izp4dlCM5yXfojuVRbr9P7wVpfF1HYKWpBbeBzdw1IVOkZlolQuC88/0cRkRjWKZXeTrutSxklEdfMjfTp7BJv6Bt9Qstik5f5i+v5uuoux6XLmTWMNRtnO7OHbc+utDy8T3N60CTp9HkHtp71eDAKuXjazZO4xz9ydV7+rd8lAlp6kNzn2kEqCxFCyPxrElAf3NXAqPHl/oJsa2kqapZ/3rxTZMa5HkLW7ODYpc5BLSSV0ZhVqA+l03sEVxXPpnVHouGPS0rX3WISAjV+phBaUfJxR/+duwWqZgngPR2QLgyJQjCkNYj80UGW9mVTQsc3w5qx4r5xO5E5gkbKbpKlhsF1r5YLCgYlGhp261iCn1c6oTgUlfFcbmtpHbAPeoNPIUGFw+LQhrTW307XL62wcGX4AM6HMETisvBY90oPBepJLAPr1zS+0iu70pNQa7O8JPrbCkqr7ez/m3baYzkTHlsJ5iVmz6czalZC4M7CbmpxhQC7zW0LTPw9boeVUvx4JehzZo7gp3Q3KV2q0Q0sTGFuaQc6BWmRiLA8Tdxy7wsMKSNwkcMTaNCUEqwNsl7TQ4kdVjWpYoiHTpcIW1xdy6huDGmg0jikQlTg2Zge75+v886mahibnnSpjLjnvaTiUla1on5pIVrLalWl9w5MyTHd4CwIvc2T5OuYSMGu2+zNzU1RQ0Rq5k4BN2wq9alBXU5LVIXygWkAa5nh+cj1zo7o2hu1MFVMy5di+ksSc1IMnK6cjgTm088kT1jztzNqZ1gqGJvyg0+mJvurUCn6ld+N56X28untVvXF5QSMTmiKzFoZnAzhE87/rFZ0i9qiJCtx3DfhdHIvN9Ue54tiG5aCL9LIs0FhadplKvayT2ZVraauLJQ57pRqmyCm35+LNC8wakBSKdZloKi68ZmMpmfvhDkxcUf5WLapARjY+MrP5p2Fn1yfjM0w0o6hFZOZRx0/StI6waEBhevMvxMjrilINWt1tqL9eAlaZE/DPMeRQOVHTyW1y+X1QH2rAgTfr5L+LNfhUhiwcy5vnOKqaCeifFYix+Q1Mz+QT+emMNC/CUw04OJgAtgG4sZz06yvUQkOL0atGYHF/kljrQpoYMgGtZ9gyR1eK11trgNbUgBLpK1z1Tt9EUedXGaw6lNAgXnox/ryCnaWgvFHW6hrkACONalLJ9TfMLNByozrxfKZMu/HezXfkS1Rgh5mKNhWBKDvt0DcjIW8MStroy1kfX7sMED9EcRBBttN9dX0hqgniRD67N5pDZ0DkCRUjpb9DZ48l/aR9b6cNAV62GauanZn41IjwN9zbEptrm2l6XnSJZ7ZVvgvNfOxIDRWEbMU4gbkgJGWRrqSQuRcwfq0pbAzrmtvjxCUE0yCzFqjbxDmJHOt4ydw9YhZD8LU7Z+yk7tpGZSuQ8h6RA9901N7sPfUkphwb5vhbnVF30zzt6SPmcu+WufhEzQkYldi3d0n+i4kuxFDK7GkemqqrFjCuYR+2lVuPYX12AkW9KP/TTjwZpwfpnAo2OKjraDqE9KScpCUApkW4eySk3k2qljG87aPFpsBb5A9T5Qsc8iiaSujE78UiYKEvEooWTeTaVwOIHjANr1dTtJy1yoosJdWz0QcU9sn9bEiiC1R/GBfcwM8SoTkKYpPDvbO+fxJ/8iuCp/W2QLqt++RDMwk6Z0IcrEZltwbNEtH9ZBW/zp5WY2V3GWMvIfjU2ZQ0bvZXoOUVSjICuZlRBYmAWOnY0jMqi+86LI4qKahfl/s33y8tkysyYkkWp8d3c9Z7DuxfTdIBPyhgaEhranT9Yr3KjgSlbdHLn5zem42vc6woEyzPUNs5bZo0OdFUC/4ZaxQBSX4JyWhrai0iKrQ5010w2XPXWyILjdqFmJ+ouAlpImqvVkZVU5QgHQipdvR2keOWYP3nFdosa+1o8vIBASuhkDl01b3s5P6/JT3zZ5JG6zGLWVL2AbaHgzyPZmjcRuNqskGrijTH1+SZya2TLxgcdLR6NDsuuxsIWuQKoKVNoCgiKTvIr4GmcRzxvBhCL5acRJVDdqJyjuyVxYiFGPVJmjduaQXGKRu9J8G8/5iFxdE6zkFpmDEAhqrIpRXsswgz9rAGGNiLizyYAICMgEVcnf+EHrRpMs7ZWYNBWHvq6jKWQYWimMOhkEDevxVJ9j95N+TibnOQoLFSlkqN78afcSPn+8u+/IB2hadES6X2ev0p0QtAPBALydIzu960zP+nYlXskio/gyII4/Kx+RMtfCRjmhkGxQ11CuaXQFDQo1yJplGQyJdYg8XwNXt+xsCkjHOVYfwsYnP0Q6Hxw/KTEN9XM6t2/cjNdcR0wmaUfsCS+DhoWeXaABYr1o6OFnAWNnd4iaDyVfTT9zWiDrkeoEWo0BTTVgqlqqueOInLxsrwB6PPll7urKENUdv5c4R2neaR3dHRGjbPq3eAg/SR1cFAg9Evwq6j/cTsArowrgpDOjAZXQki3V2SM+5gPdSpioauo809kjS3yXFz6X6QQql3XEeKmRQFvb2KJuuk9b43nduioM7kwufgkSoxZ6/TCiqaRenkU6Uwp1ii+e93uxnRQ4oaV2ySrtahn5av6EYDOOOojSc/+3bwl94/but+/cnpXzSObksO9nhmeK6DeHUOpKl4LVlO6TcyYZ3YHJ5gNOEuWjhJTz1BsJop/ZrFERBAvbYlYqZGCvhbWAzut1GSFcBBbTicV7po50jhRJecJbGxWpd3DkIpwCFGyOhjUtXukDJMOmBQanPYLrxaOn946wfQrKpgK6kgFtK944+pzcoNhIj+6gmtal5L/cmBEmWLXAdqPCOJMGgziKJBkPiPtES4aAmnGAXIvO6OenJweluBETo8qBedLmxgTOPrajL0NDWA7WkcwXpYeNDqoDbnIwA+RlzMjz1ihrWW0nojHWtv5AI6w6Vfu0jUBRNZfh81JHXxVXuYw+OOmr1UkBK4cLTUrqb4OcFzo+D7+Zlhq9RPqLJjO1NV6KI9HZQkSHyhpDR5XlZnc6dmbTVLrZBdOFhiACttJO+J2Mlapdyd/lmrOxpBCzBAeDLZj6GjyfTZw5ohV5BjCu/ra1Y0mTQTXV111R6HLNYPZBEnW+ixCwpVch4qGasGIVEHcotD9iKlO0/qK8oKjCMWn6tp3OOvHMiQkeUBTztKmUgs4skai7Kyz4cZxEoTsDyY+PJ4NBSrJsKiljoiGR+NRHXoYMfsWR2tlfNMvHAoK5uqskyRFWOFVsry+yh/hSjqYtXzoynjSrjeEoyV2BUx3DvBMd6vb7yvkMvegVYUFdm9WR7ghanLoAH/UFw9bA122XFV230tnj2Tkw2sesFmSyXtBTN9Qp4VmVYfBX9ir74tNUVeBjujY70ID+/1+TdoRuE4C9trNA2EpD4fU66jt7UQQXB6V5SRJ1ueDZY00aS7jciqLQ+ZrnTsYrKIt7qUrD4M7qXHp6DbUzkAsURVL8SsGkl8Q7NJ8MWQAGSR9daagBrD+nuBPHqDWKLh/gt7S5P9goYjZByMfH51aH7ok1yain6CmI8ayDoswq5c6WWlrrGRjqkgFPn74DsqY5a6lTnv11ILMdy7I3sxowGSJlhjgRdRzQTyg2Y7IGpKJB6MqA46Ql6FQS0HfBXzCgWKYgz5EpWNDStaimeqgUxJoCfw349mIrrQ/nkCwI+bTSkW8FUV0tbdh8FE3mh3MKj+xBSdg49612ptQaD/YDBwMYNUrEqwPo/KkI85odmGKHKo29EnJ456NoCYg8R9YBIYa+gaBMO0lV0fIuDfHU6i5pxYj846/MrPtb/YhnuDJKF6rLXRubUn6smBkjqDclMPVzoBpyAFd8dOccpBce5YmY/HJEM9t2RNmWmPyTheyaVD6Rnnev+hEoudkuY/UpwDdB2tw6M+YPG5Lbm+Ac2CsrW2vtqfqlQj1X/VUIA9PGwruiWdDJcHSamMp0duld1tkjIY6S2EAaRW6btniryp5KAQwedbvgjhzsBNOmrtaLQXOMHtimMMTWEHE6oZfFnDL3KWch7XjKF+qv+1Rxpm6Sg1yylBZTwvvHE0h6Sod5b25p4GodtGnuUkJe1Z/UNQDJZbOgpXD9d0O82x40Wtd0vn6ot6mRJ6KqjEkooB0eZMwyjH09CCiHZV6vTuA36TBPWy/Xg/x5oRGswJdQfXOSwwoeMgObsy+3TAahiwvvuN4DFjaajy46ReiKQCYIe+6dPUC6CVM317FVeaK37Cp/Jy46oQo4RkY9f3xjfWehUmDW3nGazv/NrW62ZeY0MPVoEvecXWg6RVNolrYBz7RAgoZLtpTyuujX901dey2drI/lo3k8/1mIPtnUjUlC5OeTXXWDxD8XRYgVBxfV91ZXj1Et3ZMTRLUiRnse4YJ6v7yfoY76ZGaJu2glo5gNzy6MEYCmdBbDM0TDM97JsDk+9rrkUqDDqKFpIp70+Zay+E7PWQ5Dspk5gOVviIgamJjyRH9tBo91V/ONpLJNX9uZk6s+fbJkDZ4JXnDMfX2VwGwVejPUjovSJJFrd9z72d3YuhSeqdXIQJdbfe7HKDSOYug+nMIepJ3wy6a8+9T6mIbAdNINrsrV5Majg/Br7D32dP3PUiobVJLiywe/FDfsdjkxMW3X0KPKQxCrSUD9F4q2iyAHj7jdJr1Rig+2zlwRWzOlcbyNXkSKbMf5lRZnP/XMOUeAtEqohvzSzTg02EhfJ2lDA+LGnFscerw4NS09drlkma9Hee35ZUXG6QR+LQw0PdHXcYAb+KVCMnfpBHXMOPEOJGe0dImwPzzlckbRZtbpYH2G4iam5pD/2FCDRyLuZRblmOKzEzOnsXglfNDqVgbsCxuqFr2x998hDU9F7EFbLfskK2G9wtMOI5Db5CD8vqv31WuUwEzeqpBpv1M1roti9KQJFI9ttcJlJS/jyEmm0YS29yWbouIySAND6YWxY6YDQLWEbCTgs3aoGGB+3PjBdwct5uOpMZbQQceQTHX8XuaUbJOdiRv6Ep0rFJccqNtNG8l8EQLVZDSWqA1MojmncwEZjVbPkaBY993H3rNQqZrwz/4wrSDHjOHlI3VfSmx1AIAk+ut1bcWXR2oMC1ybZY3CBPifsnGjQ5/lysiqclRBd9wsE3UaS/JIE0oEVx3f2s8PGyP4YM644lCWTXrexJJg1K0EIK9LGsRJsNk0qFTJZw3PtdHTTOfRhDfRd73dbcfiDrj12np8q2MexOcRGcqLK8zHIs2i8QAaBpLqVbb4t6TmN/y6a+DFVbw+D+RixPOEiOaT5Uteu/Yb88poMIt5fkA1SxUXFrIg0VFpwQa8ZCMySMy380QM/hWd0hDng8oSnZ9Xk+DJzu/9xeav/vxle1hWnYszoExulOg7wwy1tgpkTdFf70jrVmNHVnEulsUY2/OXGESV2lw1Qyq7IGTCBY2oJh9xnNK4vU6nm8bRtgiVoQHjwANosS8CW0yKcC3SqKxPxpiYNdo6/ZPHupGKT1ucjwb2+Ki0n4yZwLjRUuwFHiH61AxcEw2KzSp910pwX5ByH1RRINEdAjY8PLC/XMVhpUWOUpYwfwTY9D6pe9JqfQ7CywF5cVJw8ouIFKHO/Q5gsQQrCrO32k77kaVPL0f87JjDIcUr1ZGXw30Vk5UulLGiyD4+SBOTOLakOUk/ZSHPlEAWhwRMOMLKMzXLknXxsU5dqtYzpBo4eOsSy71sxtEMu25BA6+w/CTDIyNvdwnuWvQ6G7W6CLgcvC+hjr48YvD3qU8Z9mxZ9ipIMPlNadxVXFvnSg6g2RDIfU1LKWxq2woHdUNoo+tz0LfKpzPXt7a+CqY1n86MvH5omfr1W7cB8I6DNBI6gbYrnogvBxpGzBBCjaNVY0Jm5SYJ9PYqF4MwHBnFo61zKDy+jK4ZHILSloT82AQ4iJk7J9R6lBTnApiPtfeyobYz1e7E7bnn7NeddrazRf/nD34iZeIdmkx9gFspufMYouAeH5YZ9GlfDt+oZV64c/scU8OLn9oZQ4ijRPWKMXYCKGCni4EoXPb5n74rn5Gjdcew3ny+GaBPT44HcyWytGbPBli7gtY0PBi5eXhAzi2m+abfth2/mBvPP3y7E2I5CoBQpGIbZeyK9DmbbBSKoF9dNVpuRLrGKJhFYmDSxjGXr+JoslZkCryvWKcGd2QVp9trdtKMSL75a+ZWTbxRjWDUdahHAHu7GeG8RbH5YALS2kbxHiXPqjL5WJ+VC7O3oxLZXI9pq36jmWwn9zdSaSTdnOPROgRJc0Le3N95jK2ENg3btJ0A+jxdqqOg7DnAhmINOosDr7w6HwrmX1srqMprLtzIO+ZK/JOYAhultGSUdgd+4lYlw5c7bubDInFYiYEpNSG860zrnJCnH+Qw1yH4RjslyqRCni/c056cPNMcv0Sse3NLEnbzvnCEvIVkkhvG5f9dcIkpc1xo10+tdeFbFpxAJrMZwHiDR0GtutpORxTwAzmp1jscTqxPVBpcH65v2A+My0vu0BICSdIRabvEnG+afKsBKcpRoUuIHJl3qp0DteVu7KlNIY/9OCSjQ6Kkr+MaAvJbJWtaeSSpdTY2uF3NRDfHrbDMnl2VL80rCHEZmmQ+2uJAcuItEBO7/S/W56xIwlW/3atdLIlLun2mJoN3Mme6feSF6DGmru8o+2dOpiVi67yFpTZyJrgLSjgI2eiXnI1S4bI50wQv8ZO4AvBrKUSfLb1otVAkfCjtpso/D8z5ddWoZkCMJGYBGsW227+UJCz98+M20+OhWLEcMrV7Hc7snSr4eaZX8uZMNcnrdb7s2hLydv23WYPitmwYtFAGFa+t5d365HgxxXZMmB5T+UIvbJMcTQqBlvayv/w72z2dMxcKwQup4aGBokNaQXFRpqXBIBOX+/vkQG3fgleduoZa/J4Ro2sR7Fwy23kADZO7nzYUEwGH4/zZEi0tS/oysnaaL3sBZ1fvPLXF6yqvLlMOLQaNXxufa6Ktiyg84WxrI2XpQ4SiEqLcwe5EXinrtZDHgWXxQfKi5grQ6MJ0wko+4XGHd4LVEdrsRRdywC8xsgKVARxZdvfVd93nVb4GMtM5i9sHJDPC3+h0qc+w/pkxfD5GkbRDUpPNZwdYlh1hta1RHBHZzAYlgkH7hAJTae9cNzxRHcdNYm6Oxg4lapYLKM+4przinJOy45fk1P0HhcfQZvrwXPyhSeyCvK6ywXWSKk9OMnz6rjepS8jmVaXnxDHHrnSV0c5RB85LwOyN/XBF3xyAzTIka9W7e8SQa8opEiSrbfxKf2tRXXDryvILIcYXcQcmQYFbopDWC0EGVHptLK/LyOa609lngPn1MP0jHtQYJXa80ZyZauCOGyMkuM5jvD40Kk1Qj13dEOoL+DcFpiA7ftLBNLHrwNQEyBHzVt4UDEFA0E6f6tbke2wR2flIP1s8/NeUzmFEENTmsbrtjtLMdguVUiNe6vB0Q2BtVs+iFCspXXjEBsjiP6vQpCf4yubQOyprMt3hhCd+xt3olAU5B44ClXJA1n1ddXk4By3KZ4s4ZW3noFMfxswllvsG2dFPnkdjAbLuUIog36DRcFHnJVX2qwP5o7V/DaqFqh45mn63Ujx9tH4DYxc2bDLSr58OkEIm6PfyVj2pZeHmJUGpJ2nTJL4jBzF18CAzkW7JMxj5O2tdj5MreKYD1JKVq2/vLZvW1kgzly8JQz5pVPWsSPddRIPIiRbaubdjKT5cR072bJi3SjfcJW5OOxPZXBO29f5tFMBNRWWMt864GNYdQskcANolKMeuh88Vc2UBwd7Q5gWET+ZYyd9AdtZ02D+lEXuFpl6LwR3qEZD3i82yKT1TNqaxImJ5arInbWUGWElCERo7fUYo3qiiYEPHNuLbWQoDKFJOJ8GBbUTWv+Lr1A7bVp73sTCcnBhdJIXGGKGEODG1bnbvKb+tNnte/8pVSG8NwRl1v27hdEHJ4Sm0/SxDkNUdC8r/JszzJO+mJRNm20hn0iJWKpCfZ4YuujyWtysCsmycT9Q0fZMXpYZQbBYxY2oBWBEDCdJbq3jsBTDZ1U2YoCixGxN3lIlsTo9CHGKPIs/zazyANR3jy4XH725yJ+e2zQAAIABJREFUxjkmFNn6qM3+l4GR6E+wZYVYcKmj0kY+ASA4H9HTBGabpVOzqOj5CFBy5gY9WTsdYuSgW885t8fsGDNIYYGv42nOkIEV15ctFmc5L6PDEr0QlNnol8vKOmLJazY1arStewBJQkJyXMACUN5mHuLUJJBgm8A3KkVJ1hnmC+BUFat4C+dKbA1geOaV1R6AoPFVzeRFuJgSO3WEhKtwUlmnEkS1Ypwr7QSnkEW5v2CgHyPWwdgXYjIGKUNOduWJc75OUZXJIFf0U8odL3mYrmPvSucN5DLTax9F9UDikTZymr/am7HCzFb2hVZhIGObgRBkf5jbT49PITkY0Q3JoWob72im5dAHtjMAfVW5L3u5LYVFqV2cq+sjdSqibqOvBCwzq8vfsSsqvyKtJyRyrebgHau6MtLBcRzzXVwIE7gNGmqu0SVCaefHRavJKLec+UE916mdD0Jbv5u9m50s5z2pdymxKX74DBQfPcDHz9zkcvcyORcoRcC9cUmrr0IQmPo+ISOvq36uBUUVBstnD/CaE0h4yfawZoR/TWWpkJDjt5kWwCzLprYb+31HKtJoc8O8kvDEQZJF5Opd5hxpd2iPn6pGGsz81WZK9h8DDePTLQyTneFOPbLSLZfsPLVupvnVi+5koipMC16y0R7pgeiHDI8hx8oxErpeKjtiz6x6reVEOvMnj7Y1vMFb+TaonA1U1r7QKKgskphfeNrnt7LnkgNStsiRHqa10IVBhmQ87jVYyhISV3Gun50kJUGvWdM6NSGNr7JU46kjGVyFpTm5Sx1daWYVgjxUbZD7ix6wlh6VJaXiYRhVFmbCev6LeWLSfVaM1A8TQoxBWo+QoL2a4F3Ki58d/UYJzfyrk9HrpnqTn2Qcx0btv36mQWL51qCW4SzjuE5GB3MuUXr2UuCiX9OFwERQjJs2DyrN5pGnKw5i1h6VBsKGkeHnPu+EY6xnTDwn3Tw9P+aU1GO0lnZrggHPQmQqD22jWn2AK1UeXaj3qWdhcnCj7ZzNI9mr4Svf0cJBk9x1sdQabk8skphwaAxUeQYsne8n8wO/TNw+JGVLajclKpgUEoo+H/A1jS0ENIvDkURXFNriweKAuGej+tyqYApXpQSAOoMmr/xAEP8JQvITZG8Qj7NO1inppRZROwvQC12GDMKw6fBanZ1zorXB4w31p4MJn2wJgR6VA5vEVaCjs1zc/H2/hl4f2DJ588Rdoqq2oyOqETcqWxJOWOvtDuEW1EAywJ+oybIFaHGhqEvFgpoB2UujaT1684VCWaFsdgGFK7Kal7mj2oMLqe2JSU8PHz1kFh5nyzvPsBbpQCKX8GFJLYbSa47KYQqyld2Z7r/IeZW3pRXvZ4w8oqugN/ljDz47KhGQZrtcSD5sZeq8v9M/sCexl+ZRJrVRahbNvKUsjYCJ6y4uzSnUdfnTxk4tCQUv218irQGto8oZ+OlNdMAi8nkgBGzJliURIIt2ILDKR+5Zw8osScx0G+Rg6EaIWh356a4HmZ7uhs3mpqq4a3k9blV6M1Gb8HsKM9VA8qmV79tuBREjEN1cJ5h2czCT84FI+qwAgX4aLvJnRs4O8srQBC6OgbTlO18pzz5kbc6utjXRzf4z3H5YCdMVOChMo+SpN8DTRVavn54YW8fYgC2IHawOU/6ZX47zOAOseaiC5mTJqEhDefLFeoF04b1s8S3xG7nLSHKDmYRsHa41Dka5I5GUXR7t9upU1CRnZbH2JNhzGlAJIbCVaXAv2ULaO29JldrKpQxED25S0O1pQmjxoT79NAOfoVCQUHlW6LMt6fNuh6MAixLj6vQCTXYDCdGlGzeXcRApixh/uPdG3bcTEjO2beNCSqKPTf1M2DeI5dZhD9u1GaCCENEKhd2GFylQjK7vvfric0b3AjY1oKKsmW4rOXEek9reHj1Znl2BLIBUzCDxUDAMMSWuxhH1uCdX9Wn4GZac+o4zq7BPKI3z7iTkRiSK9UMvh3ibwhUHWoyrXXeJZgND6vIcPDOiiNv21dRHLV39oVmAxGI4D0TlvcI1f06agiHtAIBLEjKq7Y26j0FRUziO3/eZ5jBIz8sVqleQqMVufcd6DkOC22VbgUKPiQn70lLqORbQL62CKdfMu6Fy1I2Ctmwn4HzXeZxAd9rRU6rXH2jhpK1fmehmW48fHn780C9r1J06PfaYRv7tjpyPt7/64dOvf/j45t27p6cPlv39KEA53QDVjfOwJpLiHsoqikS7/rWMtKLRcCkGBskd1x5/HFfxQWpUF46FQvLn8HYw+do/KJVZaUK+NqimtqSbnPHI+2n0hk7V8SwpeUI+bbIBTe86q3w7GqzzmZ3egjS2cgfMcuh4FJZGnaZ39TWodAx6wdCNBHewXkqYRcf+tBBu5JHXj6YFqY8IyitK5WVOKNoJwOnS0sTOiIGoMLYU76tNO9HYR7yIDzxCmCsn8PLRIY4GjBqYynxwPruAuK0BaKPubsLXnkeLFXkgZOAiw4M5d8jSddBPSuoG/sCLT8kRf2p24ERUTGyfcdk7trldfBJ/NGbM3Gh3YwYwRTC9KUPWF+QQ12XZPSVI2l7rD0DTiLob5SVGa5c3n93z4lkR8vQ044XccL7LTVze0IlpJncgbE5HHqRoxSjpGJPVvlEgI7yXJn1Hmf0Zue+8KPajKXnXLZCxoCR7CsTtGA8UPb2OvqZhrCzGdQnSxtJu19cF6OZeA6fLUwRM+7pyLy6KXbjnYpTb+/e/fn/3jR9Xenrecyk7I0BA94kmjb9zcrf/1yhoKsEaj0rVrM2a9GRJk64SBRYsGxpfWRFwrrD5ZleH5y3gWy+o+XjevzuV6w66Mg4TdV0kXX/hCuja7+dbV0uTb7kxd3le0L3rDHl/F85abWhSSyP+Jg3JANhf5zkF6uRrMcjLYrOeCJndNeU2MpO3lKiOquqcnM3c0cQ7Z+RwTGPdXMVx1Y3l9VbrPVLT1fw6S8srPTrz+UMz048m/w9PPf3F7X74u+mPiB0+cAJ/vvZTx/cSqSMyeJMkFVnDrObwWcPnswNjuVUiYI1ZnXebuNC01+wcZcv7kShNXbp0e1t71tb0XOLqkUpQOinhMABN7OzVkXOCOOvPhAInYPOfzlRVc4Pc3nmp+bsExBoYrCVEGdGJhASRISfyki3ZumBILmWpSURL4DXA2mnglcqmfFEfm63JL8ftNaw7wqhjzhxGpzEeVX3BXJAO5BQO3KAMIoTJqwBZILMnYaKnKgNh2zzf6ZXkml4GF0pV+cQ31gJhU3ofp9Wy0+4LN0G9lGRB0bAq2XNs6SbB6s9sUylTZQ7HeJbGG5f7k+lJxH5HbH1EUA2pWTHf5YSUEKwtdRnCwlInFKZq+mDfqPrOt0kZ5CuND2HmI+/juvoxwsVORCaFK3zPZVqd3y7wpBXX2n8wNXnzpFvSy2jR652JSZQ35KmkN9Hpkpih6sjBcuCntxp/19g88YlTXaxDXXor5utOMhzAwofR/TDGRRtlnV845Fj3zlgi4HsOq6st0TUZXC9dMLuN0F2D513GT0ew2u98XWksiTAnu59rhDo311C6I7uppF6+do25NJkmWdx+XUwtlbxqOzRSqIPKhk2k8mF/DOK8jgxKznTNP7WNRovjMMS1EZAGgahCPGuU44vwpC6ekqMLyXxejWTCa2Z1dFWvjSnFxbE1mUJQi4KztpO8Piea0jYzYZ9zaQTJCTXWo2KM7dmtzU7sac/UMyl3BjZPE3bt+B4pgYFk+VglnhLCqs5fSreBn1owEtTnasnLLadI67RbXNZOa2bYBcl9Fu5u6g+uOsHhSUHCr5qhUUnNDJzeJIx4Gi+2GMdnH9dRrp+3fZBVPKnj2kdSpmFOP0U0pS2pBSD3tTPePr2u/Vz07Vc3f/SzfiycSeM59kgBp8ph0CTwl1cx1htyB1eYwJVrpXwDWAkxnfP/VtqqfXX7d/78fdd6qstTm0a4xqGHyn3+8MOP//Q/+fjP/Y2vfvhOLnlmh+HpzePTs2sTqZfifqbk9755/vV/9qtObjcp6bwSoPNIvR78wvH04VELKcmcNHzbkJHtKfv8+J5kLWsBwFsMGOKLFP+05Oi5bH6c1+eHDFHz/BvPIO1hJvJ7cl+E010r4pCu1yj15wGYLv2kaI/vXr/9aT9hhnYSF4hcmZwMWWZc2ZATFbogmWzd2cevfvebtz+522+7dEw0H+LATRiK5ATTV/EBuRblz6ZwGvl/8jt/mJ2OkaZJO4O7KHId9vUGSUlzURrIRTJtFfVRfxnB9SrTh2YoFNKaExRKBl/1rgoiQ0fdICMc4xxZi0Jex6/cdo5L1VoaBI1st+8+/vDd069/db9ZJm8DP6DrvlADnOMHJvYpyDE14MX2t5WIUhTOvpcJUQ5w42U1pdGoRpKEXH3MmHjwiFGAvNySlcU2iqanTeZUS+CjRkWSjP9H8WmSRmCXvPzk7dvvyiGHvukphZINgnZWt9NFqi2BJ1ULCCE99ZQDUbdpL48FKaBBRZ7SY+ylXmkFIQ6NjSryEiG2WoCPn/K1d+kRQRH0uWxsCsAKK42J6u/Nq/dPHz989+H5x/d+h9sY5pHZDBO2Vhkx3r55ePX6H/8X/upX5oP8o4GbW1uhFJuk9ij37k7tplH52vTe8JxCerWebZbuNOZeps8olRG0CvDwm08/fm/gCWY/RFBbv3lyZWA2OSh5/cOHudITinQeCep1TGByk9Quie8QQVZC6aDgox8OZMNWjx8sSXBRwWsoyUHgrCn5lo12Q1IZwUW3Aru5M1/7yNne+aBWmTe75klZf9Bcs0pUcSZCu2ATjsdvf/f5997eueTdw3MY7MmeH/sN19Y4fvK1Q5kPf/LnN09P/dIXZkr2wMee/m7v3dvnB4+6vL1nqsUDOd48IzX52bSndlv/mGUpr2fPjPaXVUu2dRrMasY/IvXmLhzz0WzTLMtMC3BNQQQLUgxCZev1Dw+cGza/FeDgrMMAa7qWsXNArnXxZte+h6PcrImDrsLVTXmyd56snfCMyRkHtSpy+/nNY9P6dWQNT7ReDK2Rd6WVUH5+dAvymUXVsojvVzMKkwRzyiKHz3W2aqMFS53g1E3SuGvo31BLYHFy4ElQQZa2RiwbazOV5MPzMZGnyCemaZlW6oo8UXoKXynKvkPkMwiDJZqupFoz8LsSUdSvFhLBJ9T08QTSgv6ZEuWlFspNqE9+3bz/zYO+k4PlTOZ2K053/4Lw8e7TD79ubVzIWMY1PuQVWfXQBr2O2Xafh2hmQBB8zK4caDe4Ptqymf1t1aspD+QOKPNsGjt0JNyZfT2aiZQ4RKn9m0/ZduSiY/R0XZOLJ79w/ur1H//q89d+yEs+HxGJubTVZS1EG0/mNUneT+Dxj+B+cvzwV35x+807Z6G0sbk9OCwRKIQ8WJuQNydSJvJV1hO8vnt7++qtK3Y+//Snr759d/eus1gyrd4ecQyNFIVpVneJXemlEihv4snON/3nDzW++MDvHK/0m7vX37///P/95dPd3Vfdh9R1kgTrU1o7xCXhtKPxyb6OE/aiukEhytev7u6+vffwuKhj2FcqWZgvzI9qiZrashskSx6bDnUkkyM6GCI4lGHPIMKhnJn9VvH7px90e/lL9SGJdsqijfLwYi47oox08kvRUZQN4bzUKDwCoz8RJLPSDDv8gUGPbhivRoEKimGp+53IGLImKAoOx/rASsgsUUJ3CZ6MIvgiqo0dLKys0iJgJ/TrLtYjWkVZaDxby5rLT97KhG4Nz2ifMdW9tnOQyYMiQe18EFlWJpX0+Opzel1VIZ+wpCp19R+/tRXRmNqwjyprRrwUjkjQq0ubZMUwLFN5pE4CXn9doPn6sx9ifPO1Z4KoqHPPT4eGlGzPbVOziqxIZ+mfjInXZSd8UjFoBojQOAzgBi1P0huGHEg2DHetofZsOeL9Dz/+Yz+//Rf/1d//9Kf6N67uSh9ttwPxjPvoAsD3f+fV3/13//irr951XN/qVL18Zs544HSFNmehdlE3DYsorVhEO8aeY+IZ7EOuuYZ+bqU7m49xtSF7a0CW/Z4/fHr6Tv9xOXy2s5UaHW3eaNKyR3MYRmskuMkVfgOaX5o0rfvpxkVMNFOz3ChMRceMYFs+EjcIeTwh8N75pfq/+FMrOVfXMPX6hBPlAz9Pq14iYQvTmfs6kNCp/9FfvtVB1KUvWBnMg8lPHUDjrLiYHppqJ3VkByNUEB4DMrIYkZmfcl9ePW4MvL9og4lDOYKVRbeS1MU7GZk1lcaC3KBCf9rG/fM//FuvfldBa4bmL/Vmg1Yt+dur25yACwEkB0qd3nTEU5E/WocnPTmwohAxvnyfIF+BO+EskmNOiJd0wlhZFs7tSy2lk5ikF3cQnKw4cmVX6zTGGGb7HZ9v3339vVnAjSvVUtfY2yDzYM3LylPSvFqJ7JSw7mnLP+t3oZ4ROSWlvYNzrG3jsDOywDTGlagh6DX6IbLdDqrE7FUvfZ7ASGPGcm+vxj4NqlRzyXcDGmwfP/2f/7f/9tOD/qNRGhwG3t/fW4NkyvsfH/7gr/3+v/I//h8+/OpPPj93HX74Wrsyiva+efP26b/4T+8f39fAiAMwNy1+Ocv2RqhWx0fBD62TFUEQ7796+7f+nf/P3/uPfvn1t18rc1JBDFsjb77Rmg3g/+Hf+tGZCU1zDmkVnFj9iEQym3p6dfPdhyfNXGNdLpuLt5bQUcrrV/d3r98/ah6539y72GR0KEu5Grmt8r7yvoZ9aWB35cevuTaCjAvIGWvqo+xk+vXC0/XfNUlX1Kj99Bf/2//SX/lrf/j4Gz+E8nT37ubx4dGypPOqvPf2Zz/92//Wv/dv/s/+V7//Oz/pjuZXrsPivo9OhUBZR5xDPt87VVJXxKGdGtU3ogGDcmrMc1wd3qwodEoLgBTIUCK7v/ikS9fccBSi1pJbymX455//4u1f+KMKj3eU0NLBFFrLSjd3f/tv/ZkfI+h5VWKj+5+A4HXm5ubv/+rT//X//fGrhgzNTL6VH2Vh/hAmUQ9v1fktT+nQuYyGzLLE0wnO4KPXflprLRyjfP36269f/xN/8f7xg+lgbueZzWhTsE7wq3vHVdIs9eXMItKkKxBcdvvqF//1X7x5/VAXkHtyTe1sgLuCykxpaxjpK2054pAlcPTjuTKj/ChF4ASnHUBJw52ARGQlz2ayhv/Dr3788bsPjWu8h/Bc/2Ong8bh7jIf01gJS2gH5yKN7KbFb9Le/If//n/p29ibpq756fRRThXap+fbO7/UAVITzXqmrn+rnwEvu3IDQherzKi8mjnz7rDasZdJx8Ltlz0J4AEP2vruPZaO6pTpxbQtat5/ePTwrbc9z4+22iljaDerMn83PdCJzhVv/pf/1vfU6f3F3RHBmnGRKsY05KcgsYvhSolyJ4OrzZR/9+PH/8HfePfzb+//9Nd+XksSdsRFbOx4MkO2JKC8t1WUr1x689BRxzc/u/3X/7u/p8dovEPAM/2iSO1qchLFsgOCSi++9e2qBLnU/ghk8hlc1jTMF16/99Pvb2/+X3/7/T/44x/e3T60WAHQ/HQg4csDLINMSlwa9RyDGRKd7cff+/bbdyVxR7xnGMGVkRgWK5EP6+GvxKrIwOtkmthepAOaZiWHtSOYBiOnkR51fk2jlgZ1K+TEeKzbt8oLZEFQpMcFo9Re3CN94bnA5O0XuuYYyL/ILcScno4q5oqCYBs6wg/sF/Ro05SOGTtwAjsg84MtUpK/3cCsPh1Hb94oDRIf0t/SrlNTGpzZ9uq13wB2Z81XLqFs9suV4VJdqk8e5xEiYcx+ldex5dgwhDMdxGVm74G4NoJmc5Y4XD/UL5+nTv2xIuy2Kp3YPqrc1zRNfLauW7ncNwJsTSu1mqeu3XQGPxnrPwnJAR2U1zq4loPFISlrWdNCuVbLfEViaaMrjrskhl0aCWmiYiHt06P1K8tQVtegLYGdAHC6ynHrj+9vPv/5zfODZyL2w3/D/cal+xl2c+eaPZ3w199aQQ9BQa4mJKZNrU1wpxUvY75OkDpoTw/dhIJzXy4YzJsZlQnny3fbub4J3jkY2Ezp+PRYr4khMTlYC9xxBZ1DOX6dBTXchKkFWl1YDX0tv7Jg5xM+qoddkzX1aDkuQ0qaISOj7wPqBBA7PzZV4RcVrM0ieowrp5NaWFZS8u94PoPoZ06ti4ib134olCyFmkMtSWGjZ3u+oyFYMuRKPOcFHZ30DmUuC/Ap4zfyw6u4sNAYstmCfqTxqcyiJGbtRB4uPIoF6ZQ17uar0wJLpKUbRJ8eim83bsnMJ0NdzkU8xdk0CbGnt5AOZmILVKFNf3GwsQvK22g3ZFmNb0Q5rMnH5NBs43SBI0YbJUkvZ/3s1On0hMPJjj0dy088NGj/ISE/JFKBjMbSVqiEaxOYwIyolmQZqAvQi7eoYIMgvQ1cR/ZBt7Y6rOuULigpxXmiddBUcP7KScYSfrpaiI4WEhPqFW87szTCOddHG0tHg0BdVleemna11Pj5+ds3Nx/cC1VPcCYotUUTVCZ+/fb+/tPthz//zScX8lkx7p6chrjmLln15vPt/ecfPuzIvhMBVAc2fYxrkTJ76mGG0E7J1o8bBfTm9r35xeMrZ4eWP7Khc4jHgWY4fvfUNfUuQ/r80CN+TD354MVFnJuQeiMLcjwtNu2lQGTMV9Ncv9IpAMNfWXleg7RNbGeaNWclO+9RckR3iqReiz3K90VqTfM4dK1mJpKGJn4wQALDruMr3YZx99NDp0SVmUErBKg18zcff/z17evnn/YIzhZR0fJaUra217Sq4lcPmdKw1ASpvOoAKEjrhjzTfqpTp9qHGsk5zMcSpaWiXixwXub/ZOvRXF9OFNFCX4dfuupyCtDAmLBZZSqS9RmtQtejog5M/VAO6x5mXfliENQwzJGoOl5bPnbokZRyon7Vq9u887BrxvMk+bTbkqM7LA8zGyNseSuhZZ352aaKVQBz8zY1tNSnRV2AIlWwbvHVY+utwUBXR1Kg2BLUQoWWAyaefK0216U7J6PrP88kIPz+FbVzhJ7y0CTSn66haYM9OAla4ELIEO6eDBKD0Go6ui48qZMAuNk7G9XnDR2bKURNsfRQJITmxoWsIcfY8rHb5Ag1vc534jBOpETJsbBrN7ULu5kJx3q8oQ0Ei/ssBtBGyYg5IXPq0AI2RFKH3A7HsxGDNW+j23QCra063+JeolgSLDFqeTnl88dHuUx86V/KLbxlzSamVGdTBI59mhnLc4ubru57eO+Rx7Kw3niy8juEgf6CLLP4TeSlec0eKJ588/reKSo/JFxyI+lAusvw1LI/7pzc6kHZEtBMnuvLIlbkJmGAXxUaUlxvvcC5UwbX3X4gXL3eEGFjXJ3SzkUkqhGmeaYGA3JtjYgtWHC5A7agUM3kPLK+IHXZmIk2sZRshGZ2EBJxBqflyKGMQ8IFuTbC+d1pIKxndnW40eS5gWg7Exc/qlac5OVBZItSNec/zXZG4nPBWAHkESfh8LZbQtUt0PAi4Uv6LQPm62BFPCSJzs0NTCxN4DAOC1eEPfpYtsXG6eWNCRq7nf2lLf7ii0oK2OWcMJnV41VfzuXPF4xjqWEeQFWOQn1wJmNfp/wwHl8VoAj2evnWdantpSrLTkWkk9jumOytKi3bZFpnkVF6V5L5bWVSDstkqwWqGt8aB07eJFqdBLHRUIw6Jg61E8axlosbFfPrmiEZLTDQFLdLHNpe9/TsOUBWVehxTc7Dkx88ar3wyfnpp3eNrro6BweyFsfzs3FXQUfD6yROb2b2BDuja2kLW2fK7N3dT0spcbmJicWo1IE28FhlQ71pDSBH1BUozTF9qxlVrl5cj70XbzP3bmtbBDK+eehEIsBtSSxZqtcVMzW/6eQKGE3C0KEPA7vMA6qOCAI3pYhOlm9ADBKwPZK4wFXjILB2uuDPogYIcPH3TdJgZF2D0YQqs1dQMwmIriCZftjtL39i5xCuSVZRD+UY1JBneJX6atVMVGajIwjT2Gql4p3UGOfsteJTUC6KzPrP6UgV7RNUnX/CdDQ1GDjr63R2yaKoEoOEMd6FAsa42rQxo7pJTtbclVHJH4hjjx4k4+cBRFWXUgQUuhSmsWI0mUHWiWOMcVShXB3dl4VZk5V0oEfhvzna7Eohb/hK61qBaoTEIHQ6v65aRlxLYs2pyms8FZsqtVrw9u7W5LVwkTTn45dENSt61x4u0Imuofs4WJOncG4Y4TbrvDq6W1Q5QV4kl0nYMSPyBmR8vpRsFjIWElPShO3jBqhui7Qi9LS77ik2LB5npEDiKErTji+NpRbw3A/KQ42dN44CJJERWf3z06ObBD49PrC1qa4anijIx9S8mB/gyROE74zo4MLfPUF1KwZCaPUdWlzHAOdHnXQjmBXWy5eSdyLQtQTyjfbC0YSnWcUslmOG4+NMfqlHXAKJN+XUz2m2mpM3HIuO8XHBRnOOnovky/pgYrNg4jOoaPlgXGXlWMl/Nbta1khLtNp+e7adVzG2ywdFjfEkcOQTE+5q3+CYnnTsxAF7KgX53qVWrVRn45fRc1sSpZhLSrZOQV5JVRKM8Hzaj5A47IOZxrDyVwOFdX3BbW7k1LEMc+6WGreADxtS3R6v15BOlpU2ZjoJyw6yagMFjuXAd6InD9UgU5S2BVt1kVdlQlIkTOfDDDGO2obudrmRW6tJDOyGoeWRo+ku3/YbfKHPI4gOB91lLXemrX6bTyuTt2im33o5B42SCzrVnJYwhv5MTWr3S9LMq7o6AmyPuM06h+0dgPYpAKNG2TZUXC7vdtAZ6XScmrbxmYrl0SogSulmwXYDtOEAtxNy5JCdj+TH3YeHLMxTcqR+fu49hxcgEhnuqsAmlq/6V1xzz8V95TWMV/8g1VPbx77yRQbKmuh6749A1wSGs4RSKlTKUEpQ73KDAAAgAElEQVQD0uye45v6NR0seKKmJ/G8AOmMQGeY+xVqmp4A7sBBy6uKQeVwPVimtU7InS+IQHDYU24IcKeHRKDr/Tk5KCCGHi/DaoPzq70IZY+NCD59dk+RIySHErc3t/sJoo6x4fr0oevoKGThcQLBLnLQuPJvbTWHnIQm3G4FHV4QbzGrbLtzeuzm0zvXls3vrJr34ia88xWDN4cVkbosVzX19GMoyoTiQmPX3cnzEzV4S15ZP9sojWzRz1RymCOVasNZGd7kCEYbZz2DS4Wjyw1dI9cNlgnJk7knIXV6yogtK+Y2VcnpRf2Li2lQdjzssxDhPmQpzOkiElPR9zqQ4i8n0Ix7wi9JEaWrXuQiz5B0qkgL5lCkphT2hb42UdOM5yRBg0J/bC+YdWoZnupsnPIIEost4T74IdCVgiDBbO1dgf/k+z/gEjTe+MPERlQ5u1j4OLUXzfXVssWUxWGtXDG+aG0lvfIX1u1NWKXnvxy6XscN8dFXc56EAYA6qYFutA6Pfc192k9tRUclksxuNytJktShxKY7Fj7HEjmvULRyX0YG20j/ZJxW5iws4acbJUf76MdHwpaB69FO5q1H3gEzKHLEKLsBpECIsMhvlqOYftuSfjUJqihLsJ1XGIJ77Kss1E1S5q995o/V4LzojqewEbiXYAe/RAtfPUAZtHAu7nbq0a7Q1UHU9Lv/wWZzO+OuB65JIAA0v2BmjdMoRJZU80QfkzckWNS1pGcE2LMCa6rrHHMDyprkeotBP0joy71MaiTeVIC9X3yUwNBNX85gRPbOrsrJzEtt9qVtLNQNBmpCW+ubFbS0okNWMSZFga9GDS7wKQuWB1O3FTmFyFKr/wwlPl6FMF+X64la020cL2EY7e2jdZEpwZaARF8dbV4tKAssmmCCLQ+bnZYQ9VfJoXRq6GXizG3MLFBlATdEcZmjgCXZcwSiORCiHvrGMpU5sWylK/adPnMeDErV1VlQsYMJnjlPh9SK9XzbMGprLcUIkSsBAgllEEkglouMT0vuWUDYUeiz7cKTR+ydUOSDDlB8zNQzMFxcKZktcUeRzdmUB4pBQpViKjIKO4T3Ql1C9gOzxkCsaA2OPbavOYVhylYZ1zMATMe0C48c3EM2O+Xo8UHkEc5Mg5fx3hGdW1nBoJB02jNhoWK5WapmuIlIMeYBa/YuzSm4AOVYEo2aJn61r0ZaCi1QAwaVmwv6yVmuEImUtPzcF5nFOflVWH6ouMkQzHlTwJocZXJ+WZ4iPSFb0bwR1+iXx0UpQPFwPPpy3V6RPNkzdQyqbJTJXvvDvO0k5on8MUFreV1x3vQBdfkaiyf7c4npkCNl92DzW6+cmdO6/rKMqSfQTouOTOczes+QWGqFrvgTezTygTJJvEEYcX4gkX0GpAEiL+c1Id3I0lWKppQSGG2/45tBxIpOETJl2pRDVjhKmT84uYNEzoR/01PG5qe92FeQ+KgIyJWOIjp0raNApaLAR59GnDmlDsAuRsK7jZP5JUqHfS1F54tMLBVs1kiPFhEpzgndeNiR4bWAtmaoWN1oT4eWipdoDkJS/b/gj0FoqQlPpFWdr23T06vSIZ8BBTUAXMvWOv92TRW9TvKehDnBXxTVT/ASJ8m70EX0Ej7Rhbb8P84CJjtzQGNEIaILaW81XFsa1KgjXErYSNiMmVCC8xbdsfWqfswCFmjlC9eJFO8XickJ6CSnWTzlLourw/T03PWuSCMqZFmX6CatdjxPjIIW9Lt3B6rpEvhCHYGNHQWJvqxqvcISg2RCqokgKe2C2nX26wdKbWmovJRuHsiDlDb4lGzmwJ8/rNUZ4Ds0qSph5TZJvXJXNpfNAV9s981rdsrg45guWNBqW+zvtn1YMOhXtVwUo2FSfcPC4jvX+2pdac6A8owgKvzq38bfpWbBzIn4adxYlJTsTYxX5fbRYWBdpRmcE7kS2WxhFh/yJD+o1EglyIAOILKMRAsUxxaHRIWOZKJP6q1sY2Lq56vGuiD2IiMhNjBCs24kpEOJ4OWQ4AstwfVM7eePOSQk8dTf+PKhAxiBDz5VN2i26jhzgfoBnsX2OxzVv4h/qpOdJ1IxWe1nYumhReeibIl4hhYMr3H0fegvHYk5/snHyZl0pXnwCB7qCl5eM6Vqss4lQAFSsI8+WVb1xZCovNq+7TVdm5LOC1wFcmDs0aD0X0oycKNQjInYYYAQjSb3FJcJmVnHtqMnL9RAfEaxg9p5pjDilz35c56tHevOtMyO40ntSMulZRg9qK5j21cfUt0UOeWamZT0zcHrCPQIk12WLBNnw1AvKIijKz4ldE6IPYv7DqHvYjvYAC7mCajKfw25bTRIxiTK2SL7a6tBWeyR18EU/AXO1jpTzqyh2au4P2QG3anIP5TVFazPW3CaqwxmPhxkYUKXFB/6zIx1RlMT7WFt2de5SQjtSIwqJ8EmB5/BZqVFMu+ZE5Xg5+KKYPULRycvmqLOdCUpCx4v2FhxRZX1tRYVrKh8ZfIcPtwGuRpjfgt1bcIyRXxe+Jd6ca6gb34oIcHbq+7MsqToX52gaDperJr9gTckZAIJctlpYQN7MDp8iIiUk40MWGCvMtW6R8kzolAPZkrzIP/E5u8KuZ3ctWWd6i/Z8bMRVRH0imdakRzF7Elklh+CkHPH1rqS03+uQ2Fz6ercbrc0OH3kSU25zrBQI2muU9M0TDxVhNmowt9r8wyfp0NAO/tSOHZFds2lwTtUWdlmKsmlnyIeqrEkYFs18ewIXbK8iGvI1ISn63wA3lxqFniQSBcVINISnKszV7KxS3zM9cwSjc7upn1+dIlBi1Js8Qz4raKGhaqPD49gdJUfa3tMcLPmgHSYrUsY0fKRs3iB9oyt4ZkvsmEUEqVjkDyUX5sdEvjUWYccufE485KZXXohs541Q8VNAdhozoqy5UKfiPhpdtPEZDbXyOqQcllez88dNiy3beFTgQ53YUdjP+4p3dGjrYSzYkkE0dw+bPAkigNL2DTswPhEBEXhIK8Bqu7INH8DpjNhWe0+n3f8ywdPrqYwtVgfmn796KY1wtz0qXtwSTLr6A6N1GRLwnktf2WeXm6uVFNjU4QgCwhZZwNsHoSW/DX07lN9/9zDRVsGorHjC67sFEUm5xOY6MAif89ToR2MdL1JJ3Fzgs5yzkvuHFdXh9hRZiBUdniWtYtIHgtawgPU9+Wnk9VdTlpU+qNf5M/UR4fcoDYDIOKFfEsWAl+NNBiTBxfHlBM7nbEQKK0zhPH09pHm+gUae8pCpCR3tq26WOdAuzW0fL48WNtVJxNS1y8l1E4PIBrKU/8IwDrpE+AQnfWFTANTSf88mbY9AkgY3ZVDUjLRa0Hzkf1CcGDa3kZmZ0U6siQL6fHO2DDlMIVRr0RpO8eKbJpRSLxOaQ60HFBqBQt15msCAWjmDWHTS+6rKpyO02vBnbiD+dKtXleTT2QLlZodQWoHPkJt2gQDcv0MP/hxs0x2IZFrDLq8CHiYG8DDRJ0mUBMpV3tqWabx1qybishzRUON1pZn6wQ2D1hI7HCDgYmsGZz7ZkHdU7YW39IM1TxzgZ0UpOUrvNeSYj4yD/OBqZTXGDzHqPF5SUle+oYq75ZLae5Pm9zwPSvKcPHjU4L6uNKOK+tfuyGQ+GUjtLah9Je1QtzIga0I+zBlS1Rdbp476TFroayKL2dlzMAscSZ7u0uWg7iGkM7hPQpCTmYJXki2m5Ajl+CjIcYsSlu420/Q8gXy6HGteDvr+Q4hqine3pyBPiH+D4gABaBSLyrXO+WzdisdR5tX2YrzmZKaSn1En1WvF3gJS6E8Mz+60upV7ic5VYlu4yi97Ihum0NJxajOks664upfXignQklK8yYUFQWmHkEKC+t4wpBLEa7jKz0ajTaZTOZUR4oiZ8m37Fpnl9RoLoUkoFdgPCCz7soJaNMYyb08EcieIt6lLpMog0rgPNZliNrv86PjgU0mSMBeU+wRd9aPEErEVj4MgQ0ZOdaexpeZ9XXUk5bnYh0U2xubyiG2V2FjKQd6QjhEWfQ4tMyRtTPL2mhT/ewvy3Cttazp8dfpxRrGIrWsENQmZgY0U6W4U1QLnhhUSXDlcyfNd6K8KboShNqUNrmzO123wMF5ndpQJDNLTAZ3+ifaOMKqzxKAVvIC4k9Zxs7Dx8BQnFRrI4K6eVvLEL5B6yO/LEsArVdAk+NsrXKSZ6qqy3c8q6S376xNCPoEFZQ5eftbYr08N5Nso2oUqu9Krxg05aCP1ou9SciR2gJz3VevleHgSz1caO7u0pxqMsLQdnIMgQ10WddsqWl7Apcs2YlwpmYrKixKvXxlNQ4oMWdWKyh486C9whrPuphyM5rWD3M6DsAITFysCVOwLMLefqKTlyPUojFT8+yU4ppZBvly1FyDHmXlaA/DtVzaiej01xPn6paBIwprI2YHpMHDUeG0pTvNK4TbHi12m0rUXDL6lJ5xIlyqLstyjgYdbhtOtjet3IlmU80efN1jpdZGxazkl63j3lZn5JzHFwtnNVi1lb9W4sttd/toz+pN05sA9OiR+qnctCl5zoYmfPOyOBSE5vSoOhRgcvR5jjPOOlroP3VRbfOKzMjyEsq9TQt1bt8R5vFGF0xwkonDxumFrflKfin3Pn6+60deiHmGpvLBKrD5XjLXrHJQjt59PoVoeRJFDKFoC5J8VEMOcjmFtmwkorJoFTLRyE9EyMCM5ASVv+qVx1EnuDg3V+9+X0eSj8+fuyCHi0S2mco2nVy6hvzaw66dZuy0TXidbRFhWgp9hSW/+QtAFSXRSFSxTwvIP2JVOl1XKppHDfXyz6om1Cg7tJvx468tAkb+2n2Lr0sdh4lbJmF87M1VBiQTsqSdJTos9QkA4yiTmrNBTTqkOSdvolcUSw60OeV9XVkGRUHiduT1jYgKbelU0eyeM7aFlugdlaKmoo6oJChglAQtJgXEHSFT6aN8RQdTkmeXTYTJUTd11ZASCQ8oH3L7zmZlB4/rJbxQ7DiPCOwdN6U+3bUKa91N09cm+NX9NvmoCAC8VON3MhisrJSOdfq+oDx4lZGSP7N2RgY367xrfTYynwuH9qqaH7cdV0LXz5zBe8yN312UxYEnDTdvD5+TWJ2roqxL4NkLg8F1UrgFVP2lVNeCcqcEa4KFXIYHa9v5LG52UdTtzldSonOU7/gR60G/hRbZlZc80qBxvC7UWB44rcGaVP0/pV2X5TI8dMdrBAcUCCN5ujON49lci+h+7PIEydx5snhJVJTjOjg1x3oqRKZLjtYCWQZ0+lRZzGQIGlyApMVLA29TGSmDWKe1VsPdpliQsWX9QPTtuDRjTU5AQkkm3yUliRy59YbGhYN1Ge367fRGU7Jjqq+OfsCiqW4mqgSw5IIvlywvUj3IS+L0qa31LtvnxIxMkIqD5wspv8Sbwy6CZF+8yd2cYd7TMRLRO5gJy6gczrKBUse5pyaAX0jrUvMtn3BsKa1OUYGKITVYq7Uf55hHZ1dBGg2p8UWU6Pjr1Ns+HKECJM8kK5MSOzWTMOIkTFOcXgJTqP1aRHL2cfSvto/ErjXHd6RWNl+OqFL7lAYVxTgyDUTCWd7nYVF0XiVE/fcQyxVtKcrLg23nDbRhqtjkoEjKlw38O1w2V2iuRL7zzsZgw6jeTPtLnX6pBOxCP5vPjkyX0S5x6yR1/ased/a3ONdBQudAm+UoLx4ldC20OXJn7ZvWHH8eC6cGzvllKsN7DC8Mus51G0AwVbnqTBiNmnbbpkCpWu1HC88n0Olqq11bymkXTcbSePzUd8mOyhICrHvVS5BQbqNuExAa6m54U9ewcUlxdIOQ9Qj2XOe6gvm/asK5akNJ8aR5o76abWXmoE9MhxsNBlSXVcDR2GxZHOaltLzpx9dxkVBWhG0OqKYyblpG2hxTYA5M33CmbsAx6/100vUKwSImL4YTqE5BbKbUsMSQM2nixjXZURBVl4WWV2gLs/15hbupkQeKExCYcCjmqTZ9VTaFKGRSL9KuYGexDPIZVRUl5mXV5CQhDHPygZ06tJg6CqA5hrjnd/xf9NnKcVzbnAbJVvbKXigLFLVW6WSGtm3+2tz6+amT2h9fuSaeUPkgOMLdupSVGzfpm9o2mWvkczcc7/CP37nzSIczqDGwBTToc41ooKNcu4CF6mJQBpeseS37clUvjTzGuaqHfGb5F/vUR6gBYDHAOCjhORe2RVaj78pUZrmSZ62wuQj82KzEC0MLAZy0pu5ImEFmq1TtSDgnXNPivMw/Nfui7S8Hh1aLS2+F7YXTG+oezLeRzBJtjzCojTK5PiSCdBYJg3KpJRHW/pbHDdgu2lWKZE9NyZBCCUeuN6O1Xp7LCSqImXsBmHO5lItjoSdfIwx2A6HtXHsIgh1FdAmqSiwY6pL9GZmDxqq8+slVVinxC2RO7+CAJDrVMffopTG5mncLCcU+sO6YQWmroNRhil8AHFLC0/UGBsm2liBBTLS/vsKQo72MBH29VGZZ3WDuVdF6jpYpZ5rz+9xK6XnkkIosnTAlLaA6Y8EE8dlPWeVG8bGiX56nsnwq+gSLmyYCbAPBLJUNnWsqjmHNUUUK9YE8lzj9ML8RB78eL2HrO66G0d2TJ46By2+JT+y27SfNzj5QlCm1CX/mTZvbhdQcdWJEeWJE1D6sx5XzjvSb+hybCYWNvkJUiY0aVQVHIU0ZI3Idb8t78lYlVWTX0m6N2zkczhG+apvlOv5cotRruC20+24l773rTJYmdqnelXQX3iks2XsBDfYFtS+mNEC+eEIRayuA73pd9PZebMxEL5rKonVDPY6zOxssJ2fR0ssamBh1/pAbdtAndcoxFroP0I062ZOnRKUK6V6MPmcyH5JFuspG1do3mMV2fWXHA83A19KzcW1ZWloaoEC7PoG2jmbLGOyy5Nt+JlkU+FufDWQ3H5b4i1L3rAsEB9A+zcuIIeR9QnJibSVIpzugt3CtDz0BhENsS5HlhwmObtF9bcW3oIt2z+9qJMzFqGnPsSFbFjUpGm9BV07a0q3OGzSppTTfpzaRSkKFHBKflDVNK20HWftYi9slex2U9KKzk/ABS7XW9frmfddn2shzSZvESSYu90dZjTIalzXCFh1NeYeRPnspOF+qr6J0xlsKHC6f22DBhLYLz3FIlQULvrzUOJmq8UzCPrITofrIjm2J6X8WjErlQU9g1lXZp0DOyn8ERXTTGqTypdZQZ0h2nuxM06BVn/v3IjClvdLlE+fZH6hL+4K18kIe6FC/pEKTzReBF29foxzpAX0hnPzgjyZJh3n9uOniistG9OSeYF7WBs//gqhjWtqUOotQbmnYqsea+E7hlWO5obX96LDroDrx5hYkzaVKD+dS0E1g992T5IkKLWrqGfw8h4lEq+ALouxBG+JFDzp6F5csMPvn7GZEJkuo1nHmOCBsZxb0oVlkZlnqxaVkGcUxxH7FcVF02kvBqT8pl3bwPE9Uqyk0+aC6iQyGxmDqDEvGOie5TTqoTn5aSEbrq/UJ9CburNLf5Ze17xPf8CamzEae07l9zi7w0HBjOenAibsbM40OfED5dEzVIpSXEnGE+VyClpv5iNB6ByA76m/UytQOOBDWGDHXRmPrNPzKA9RKxnIklyBD8CWv50IFpMV48I5o+5NRIocst6QAc5UxlYQ4VxVR8e7MRoJyr/MehoeYcmRk8agiIuLxMzBy0h1hyQIwT+z5MheFFu96DVLmuQQeR6kPX6kekngCBWJ7pdBmNKdIWDKgnQymd7CO91OTmc0Ieh1hvD/aWGKmYQUIjqKODjwz3xz5wRWmjoHr+2UKPnHe0hUlfmDio3GzaZWb6J9c0uzp1PdPjz2q/v7+rXPjacSuoPRgUQp3aN2glWblhaC04oQDZ85jq/rSqsRfRb/OsUihG2+HIo3hpBLeCRUL99yjVSiMqm9V4mZb0evXfuGAL00+OsWt5XuWN2N3xM7SAmZEKQ7NTQW6/FRyhorS29SgJzsWx1pfMnuFUDIvVjlT1Jtu+qKbAWy3kNhhbqQCWjcHCd+YVjS455saAqMUHvuZrveufXRshSejmk7hIJNFxOeotBd6m02n5ifIUc0BCsoLO5tXR9Z20fS+WtrSTKlKhUupQURaZseeGKx9Zjx0eX+h6mhHG+30S/LIoIED6yjobumyVq/btdqZvyTDPByWplo7SEhaLp1URuYGumbl6uwAjNcrM3JJfuhAfLgb9m07ri0+wDiCuvXr7LmdLCubKmYR5+TvHmJLJrMdV9k0N+2i9sR1cSj2u57R0iPlsoroWhXiWmVbENmaT0LlJT7Ylw3q7eUoRYGtJob2F9REJGQeVniERSaUSVt8fKckSqFuUSbKYCpJw/KDyEFpUliPxCwoSG6ETec2S6Qjbli2yTi4FqsmksrCdLCtikvsimZzeAbwAO0pKs1rXnDVTOT4uii32ZhFn9X0esDCP778qG2Uu43C9rIDZ0fqIaJ92Pv2in7fIdxOBWmazw/wOYekY+RhL4s46VjjE1slvCArLAF8+vz23Ttibp77MS9DaNnqut+Pui8TBH16yAzphEgJPV/eXECJrvMp69JSKkvonMIdl984Kid2Qt4RZPfSuVu3FXGWPq7bMn732Ff9jhOXJ6CZ2Ki98+sW+CVgK5gcqQVxv/m/s5c0VaZ/Q37sw5aFOYBfl+SN7BWGa5W8IWEyAfzLWccAO4t4IvwjsQThKqV+kq1Tqh1eZCRcRbeMS9V4mNzspL1aB+l6NGI4We/lSK87IowgqtfTNPego6BHFUcXzvWVEbXtguK2kHzBnyB3vq52QEuqk4MYOFCW5iR2egT9mBAeMWRVNo+dRkDzStJb0qYMiBgzSdFkX6kY8rXWC2h0mThqn30nY59n/wirNLJeJcjcdXbVrHBKV6RgyovlmGwI25AFiAfQDepYJyAZmygKicAyazLyYKvX9k7PcbH5+qIm8cnrswFSjZ0jdfHwUYcxX+Wj61XJ2Rw7q3uA2W9LxxHNl1Ik+fuLhAm43L1Cmgv7ZNSmk78djBWXSjZK11NzopXQUwqozKyDKS2yEpPkKia5sIUW3Y20ly2W4gQd0bLYQE4j0ZqhRQkja60pwTmfdoe98edeAnJU+ZZx8ksJygYzPGptJ6u9pAe+BGOUokxSqBUk+kpjxceOfKrm2Hi5KBjr2nE0cco5GtC8tcDqAbCffj3gAVarx6DFostKSN0oUhahqZVhKp+w6Jl0YtUs73PLwEaZ+nYmuXIYFoQNhGlQ00pYBL6yaQZAVZMpIETn4eQwBd36n8xCbhCLoAoY/fiOgydgEqWsweKAagZmepTQOXf0WQlOwx9jjqtyViiSh/ls1SPNhhyP9qiLq2wZ7sI1rrAkMpoj87SCI5b2jYwmBYmuMIfIHd9FgYOWEYEvNIW014Qk9MIaPlVpGI6EXG6GMTIFBaJvHxFCNIdcniyx8M4ENpQOc+XyL1TiXJqLQdrV+rBdoG33kcyxpSWf+48iR7sR8vVr18R7zsJ9Q1ZXrz48+40nA7wjY7N8Tsh5Hq7/9NQ1P2/fWs4TJd3063dvDViv3741uAnojV+5+fR9kabixPtMlC9QzNN2NAnuLWiNqqGsOiODB/YSd7hjYPkMQ8iV/M8+hJJKM2HfLDWyKm/cNq8vlY9+234cpXMceGSF44Bdip4az7K3FsBMhy0y2/SxH3JqAAr6ktNeETmhhkRSzcFtnhyAst7HR1lBrSnmIWSk8TPXNxsig4nAaqCSWZEqOcZtmBjfywFH8fqy9tBiqquuyIBzt7Q6gLEXquzjMso5MceE01utHrK6djIzOE3fu5hhMEoMxUPrO5OX3GSEYwb3kfMnIDdwXogVLq/SlevziWIIqEBhIlXD+fT0uh/qEqses5RX8lche+VZC8eAgSi0gJQDJhIO+sRLrPQ4wc5wIIa3wGA5+Z9G8sIzj1ExQDKgaFBk/tFBSw9/oxRG8nCcw78wd5k7a3a5B9wdDaAQF86bC5grqMW/Ve2M2lSyhjR19exhXDaCE4QYATkaR2lPRUiTg5fXbCq5iueX5f/a6JGQTxK1r+G69iaqHDwyZtjsYKC/uaRErzXl8xRn9qqXux3bh7mwrTaA9cCK7Od22cP4dq7D5bXY7K75qmDIvBAH5l1Gz6ykFizaFtxGozm88cOcErCAFJdajQIc2dm/vW0V77NHYlZ6g4coR6dk5C+bVfc6pr5wZEndasVlpQ2/o9H5nlL866/fPj09gKC56fb8NK85gaNzy4OtVbTQFSdGniPA5hI4NcdtO9sHZ8LnXd2Y1NnUGUS/q2KVhKFJWztrzetO69VvbnZcE8g2IRMPvyHox5y0+xzqp0edm/yod4KqFtZZRJrnjmJdnuRJ/jxNYz7Smwj5vEhqjk15Avmh7YN8uZl1Y4KwTCHcIW5ncFRTW7+S0eZJHckrzZHC7i8ox+e6q6Sm4kLXxinRVnSAPX4FxJzY8UkXH3dUUaPmlmTVnxKHCVgVHVHCkS+Gfsz9lMKmNnULHG4FdysjoeqtrKydJPtlVd2ErbAVQ5XRzWhQKhjdSgG9ku44yg6/VdUrphi2U+GFeK21xqxqpC9eWUloqhgjceV7Rk7hEdEO5zaCHREFYiwJHfuUvmioKiGrvehYPWMRVp4lXHz466D5N8pU2REBtrO8giXS8YPmsZeKaNMaB05b8+wA9di7F76jAvCIvS4TMDG1gqkqCVmVsNA14B2ho+jjZT/V9uQFymyY3LLkheJgikUWnZFKL7V+KJMPYSfymv83UXv92m8APXn488fPnr/7lZNrN5+/95sf/ZiOY6YeKqXpae3Wkzxd6rsHz3dc0hhoBNfgTZfMOj6ES0utiT5qaBC4pkCq1qHoO1ib325f3b6T5dnaWF6q56EEzW5NjJzjmst1l5+yK1cj5Id6uRyQf0vf+SYJ/ta2G7VjazYAACAASURBVNtQrC73spFV05an9UYWPJI2X2JDAj3XfH60/rEpFCXcW0ZoMet6dryPFJ+eUdGmRISkzTOarZDd3tw/vdlPJFB7YK2naK9cxj2QHLnaQE4sac32XINkta7HsHKDJw/cpbsc5e0E8dlBdD7LHn9lVJ1g5hPrLw81RQB20cdJ4R0tZ/lbTdbXBKg5PUSMOZHQg1U7TxDXtfhYxwOhCyBJrg+y1zkTvUspLZaeE3Xr9+p/9MzBgyG/UtNHUPoK6qW7XYKuyjSBmPpyKi4ofKSvUn+xoriqc0t/CApjTcPdKuv6jzLsR2KJIC8IqD1kMEnpOkIJSTjf9Z3tbQmujr5O6cbyf6lgpvn9+0droEQ9PUoYZHnBws7dm9sf/D6MS0Lv5L343dy9ffPp0QmPHrv09PwbzUs4PyTHPeImtuXfbLlyGaDlLOdCkd5eqHZaMfKC0d26PYMHwkxZ5BoGoe8mFJeX02JYkmhGp41SufhMO8lTWLZqHM2yW3LbWMI5N87w/fD9w63fuXn4weOupWU5VHKGk9yb2/vabAc+azqc2QFFzm+icOuJATyxR9UL2FIgf5Ze6wqaoBYSby1FCODxiyZAuBBCABH5EdANZuzh4xb6nG4qrADKPyY687g7azFr1KCtDXZQxnYD9JK0ROWA4lpqd1Giz2nk2A6EWK9EmfesS4mNZhS15+GDuzQR1aXm1TnXwXQywUt1UpMwjT5Lq8k8Fbk8Xytl4KfPjw/8+OmxH3s1b+nghgFId86yEZ+uiJM9BbW66elIVHfqGZ7KE04V/28Bcbuqs00LUEVj3UWyjlCdmuNBevYjBXp9s6gaheCAW4NAiqtvcxoIyNrMKniKe0wrV2REeV5cuUtSy8PWDDrOoLe9wct1Se0CZeRx0JJpx+n5Jdy5cN82+l6wSxrUNQMbCMgMbVDK+TEd8QpRHQlzgYCObvLtoD96fYtG4amAlOOkTfdLJafsGsCKgOrWXGUD8I7YEhHr0mbhIYPeloKbyvFYF4m4hObOb+TUj1HMIdkw5YEQ6CFTr0GS37GU41ORleR1cq3skmar7C+7CkxM54+0bMjCxc1GTqhyX6tXSb2PFeWFamuO465jC11lKSmdP7/9+lu3hrz/zZ9bxf/q/h6hnyu+u3/n9337gd850TUA75/90qYmW58PKoGNpexpLpChXVoIs/beUb68YFda6fLhLOmbu1dPDy6hvNfGukpsC9vO+HEsXvl5/04zdpKpHBSibpDoQUOf3hkV+9Hh7NB/+jkRpR8/PuS38mH98OkkZSizNtkPIbp5P69Iwrya9QhC3OBZi+kFZjX5p/wugo0Fz49OpL56q3O5ESD5jLzHoYGSjanSnnvWBYJ1uUbyI06k6zDLXR4pBVqtCDDp4WizdQDTpOvEMuwyKRByjxQMceVtR+stebg0E4EkI5DLUg9vXz7T6Gvqi0pOzKhZttSuMOBIlAcCPSl1zaXb+JEgiGwiRrcIKuuAZ+mVw7KBwtj2wlLgkpgVCX5hjhJ9rzYqH+HSPCGFRn0ihn+1g/CFo+Si0jtJiUlgSRHrKk+V0qDtv1RkpJ1Kx1wiFLjKiKKxOp42NOf/S/gKK81FqfUf6PStjoB2zrZO8tj1xdIXIvV4M/D8hT7wyiMpP3tP6moWuVMbUf+jvFzIrblpxT7yZXl4cjHB9UU46rDiLu3E5fWvf/zx109PUNb8TJZ+3H1/XZjw8FZ39PrzP/dP3nz7lk1NljsT554bE+JPnnzi2uabv/aXv9biOKNct0Td8a0DCT1oSRaet29/56//VUtYRuuNXALpmgG9q1fj5/e/fJhz2UxGrYz/MqMAlCwJ8VnhHMTB8m3ej46l9doq8/sYxx5jtTf3r2+dxmxHJ7XpXt1Tua5MD9LaSg2iRpQKs7OInYi/B/irX/zs23/sJzoW7JUvMBc0LVCehbcvumvQ6tDV8vThn959ff9895X63E49RGjSZrOPkK8gyYqNlhzE72w0geYrc4OeMoOKi+t78hwTMJSHGw0xJuSAQzp7Jr5pS3U1iEpHJKOXeQk12Hx+fu+rlCGnHqMFg6X8qPIUkITrwvMRyCgbFo1Vj0+/+eV3+6nbjGODGUlXxeSHAD79+MPnhwdnaXMqZrbZatv7iMOY1Tk/55wwjjwn8QTkcSTeX17sFYqZncNzTW3yRfRqD1fT4iEO8FRElEkZkRDvHbQQOjm+r4hW2Rxi5gx5ezmpm9puP//w3eO/8jd/1uLtnoj16aOFMamSSDw/mjg/vP4P/r1Xnx9+7T4AfnRc3Vzz+fWHHx/NvB5fff5n/8bv/ORrXhGcTph3jl1QS1Dqms75rG8ilRm1w3keILaYR736+O6d35NH2VwwcB3UShU2msm/+vbr52/fSvj6A9hdHG/w0j67CvnN3e98e//1X/jq7cMjwVKAoTzVwKOj+PTxxx8/eA7fd//5b149f+/HfjWQGWEFQLYk0vz64VcfPzy5W6AOMm92ALDFPDnqWOLdzU9+/m1H2/kNtgLWceECZZh/8/XbVz/75vbeo7Lo5lmnIzO0GVTnrG9+9v7Dwwc9S91DfrA+LadJMb6+/vyj2yiezUyS3Fmw0FPQJcvob28+3v4JQb0SmpOLC0Wlhi2SOlDXcrtPG+8mMXJYBSwubnn9zVe4odvYmVuXBozpqOOVO42bmCbVm/REEl4jqqwXsZQ1TvvmuZGP6PXNu1ff/KWffdWFFmeel6piKR5NeYjOL5WGPDl9KYQndwhoEwiUTTlLmLgKRx6fiRKuEiyQk3Danol/Pv7NLx9++M4PytaBCySB+INa9sgnP8v62TurwiCHLJQkWZ3DNEh/8q2zEGHirg75BUMcUVDw6tWHh9ipqqQk7DOn1JdwPlCEY/e5KBXCICL3TpT/4tbEqCqyytTC1cchBWC1WRx7hsZr05eNsqJYV5Q+5XWiauqBJzgMR21XnLe+a/f77z68/8FvY9fN8kcPYjoGmKC3FqaE6NQZ0/IJu6fDahnMTpT92Z/7GbhQ+nULLsWlNWCosWMtO/XqoebN5seN0eXhrRltcQirav+Ne0malTNnmLPyEFSTmy53LHmSwAOBnKBJOL1agFcoKA2EA14s64FI/Pj0/sPH//L9m8fH75uzfnz4+uuvHz88wPlg0eP1zaNZ+P3Nf+0PFEjW291ZVA+ltTNSn18evXGy8742qbG76rETwsoLoPPav/nh5u/+8tnsvnIAd/jKdbrB134P7NXzL3+8+c//7N65h7KJv3uqfcsrHG2h4PHm1V/5wzc/e2udtuTyDNL/H1V/EuvZ1ub5XdGccyLi3vfet8mmMstZje1y2WVweYBM4YmFkbEnDIzEAAZIJSHEgAFihuQJRkgeM2RgZkYwQwIGgARGWCCwsU1hbFxlV+PKcjaV+Xb33og4TUTw+f7Wjvsm+5z//7/3Wk//POtZze5iTyWk6hor/OXb91AZZaoyUDbNoCAWHn5O9BAqOqqrK1iyN7eXTWplYQGx7ClLeXXGx48//MHdP/YXvzJSEhs11sJJOxn1hlh4oScVKAOOQ5KgU+jG6+XTwy+effwpxchCrnLWo3eBl/8dv328+fs/B9r1/wWvJEeCyNSmhByY/sXy6K7vybZ43d/fv3r1xZ/+yZ9mOgaFqD+oHwFfG0xJ4l1R305tr9Csyr+YeP7u8f67Bwac/KnFCfAzmU0pDb9vVcVPilXQAIayM9nFYpzBhByRBFG/ZNXhKVQwOhUEMHmyesfHBeEcb+zbQVukIkH6dDlSTaUhZt4LsOCoDcIA7LtUHWIZmvwjdan42U4HeyTUJweMQ8930ik81FY6aUjVYt2EW+1IqzrbqeLnrHuIKVoAp0ti9DVSvkAR9io8FHawGlgT4DPeVZOLpxkD6tZgaUQbIgSuSf7i3fvf+8W3FiNbu/HNYOt7igZ/z+7/hf/811/cvf/08ZV6yGLogw6TeT8+as0vfyIIf118QOty4RJHPVha1PiT+O7HP5yxQmciki2G9vP8xfu3//HT2x4RtpishwB3hKYL4HzTeKjdLJbDTlhEcOQqULHD7WSF45Cn11/fPvuqp3BGN7giKkMgOXIQRWxlZ2hRABjQssXN/cPjmz/7a7/2l/78h/dvqQQxzJGK4fFZ4TDidbpIGigs8E+w6i0Nt73CCEip2S8H9JM4UUjg0kLE46CGNU/4Niz9dP/s/v2ltsqsYYwEcBRMpuo9JgTrX4S553ielldZ8AUaARMkhGi03PTxu597fzv5EoY4eA+wHFTbUETv0zxCTH7OZTWPAvzu6Y///d+ve0ye9ah5CsJCAtXGBMgpPLJXeTkOVaqn0FH8mCMbYDO2n3fVXPGx8rkygIHhmvuSoM+CJRkc9U3ilRcQwzilOSvuCGar6AZ/vgm/o+trtiLnHEuZguPVnVfWK/hv/vN/ann1w+3r29vXr7UCr81q8nb77Ouv7v7Vf+3v/Xf+B3/tJ1/xZFfaPboi6OOzN69uXWPDfl7R/j/5l/7SD796rUnRadJjHPNsL1s3IKA73iQcSOXZglXNWb1F9zd/8qrmAYKd/a7R6ZMhyD7/+J9+8aOX77JCrtZ+W1cz6tCpffftwz/2l370T//Vv3L/jVMV5oINPrrgR3dkyPT8w92rl7/8m2//v/+z//VX5igToxFJzpQjHJvsfLq98SpW+aC+yLa4rfkfn99+/eLr3/pR5zeKjcY/kPVcaeLqp/fvfutP//i3/+xv6NIXjeUfwFMFid4d9MX/629/lB+gu+nCKGErXgnQ6PzlH/7R+9/9g/evXt/GkY7SUsNV9ynR3ZK2MzPvF481JCo0ueBTJyjWPBlap1wyI74ulvR1DKRgD33o0xdf3vz4h7fUrBRwRLI8Oq45sGJ7+9cfZpmSBgBEcKpxFUvxOH6zPzwF/lPf/+PDw6/91tf/7H/9n3p6uEc7v85rhXMuZ+gKGUzxLNb6yjEyJTQef4tQ7Has3cZ3DhKbBVRHQU03KpFppSo+vXr16t/63//1P/rDd6+uCCrsN/mvlsRWN39+7+nPrWysRUfM/mRjLsuxz3/ygyylflMGLKsNuRlml1C+a25Fh8zTprnJORYyjZCWVChpsK36ICctKhGsN+CL5dRRpd9JVKmerbN4xuxT7JCtv6LpIrEcU1hu/hULgKEtZe14BHCdBAXAWJP/+YtfmiD91FlMcHgJitZ1Tn4UNQLaGM4V7Ora5vnWgcwMUumlAfTPfnHflGyyJmQr+seLiKVk3raTV2iUWjXwpJT2kTE49iSrvB0wDY9XQ7Y7RdutNgJH9SSpymejmjE4dk3WWSx9wvtMtsIjh6InE+/797+8f/F/+P/8vFOID08S+fNn34h8Ye/5wDwqRfzz//iX/+Sf+/LcKLQwPW4hIv9/evjw+Du/8+UGoFbEeykqzpQzY0Tz9ZsP/9HfffpX/ud/9/aLnpVmwuBqfxf/2xyKutevX/yN33/4a3/379+9ujMlsLChis9d22e4QuzvPn747/1zP/7Nrz69617X3hes6ePs5r7a2/R7eBBE7EKnpPKhZlUzTwIl67EEHHhXDIkZgFAL1BrkyCWD05D4f3x49/bXvnz5p/6RW9nDWbbb27uZO7NGg8+SExWscoxfFdo4gRajEsjd3/obv/t4f6+SlR6dLBVQby4nGGrdf3z9s7dfuDWiNjNCvuCDj1eBPmZCUss+eEeJzh116sXLRe6M3l6+Ulv6ZcRF1eTp+o0MsdYXuTVSowO6AnDuXD8FXqr3WbNwgI39fior6EYsuND8BRGGnNGSjqJws/9ADrL9LE3+VV3YRb4NqPJsfh2lXWTG6iBW9z3Vag5oez6YVzC89DkyM+J023d1xIxThWiJLvuwGyF9tkrGBlPa2G4M0vniX0u9NFAT419tzs0HvdJJMkt0jFJYsRnAAZv9HV9HAZGCd5Mp5oM95DLwvD6FCFzQf6YbqJhr5S/ZYPtRoJ/r92gbN6Mz5+m3aKR9t347h6SqxCbS3r97un3uZb1FvEV/tzO2vjuyT+/ff/Fe0739+PhOb5Dh/M2ICw2UCjBdsp4g0ct4CXA5Y3OO8yC8MOPZKosWnqoRgiR9caTdYwMlMYnYAEZw6sSgfyOPnLo+PI+WKS7BQo6yr0hfR5XoZqoKUI4Ws0PMQC7jef/oIcYtWxBGuQSg3Ngs/NEpoy97Z97u1Mr26mB83kAUUzqGw1X94nPSbEQtig617DNlk6aFxzwNK5tHwnezCrtnprB7nhyRKoRaXquJaVL0rFs8YhIp62CUlbSvlp6gF+7khZhRKx5HMJsp441M3JRDngkSqE5RiN95UUs1LswM77pJdIlh443MNZsdsr/6TsIt1LAuQrihk4UdbjugVQA81p6Tsi7g8P3WMeUvWDwBUTaN1jyUppGD8SdoBhxypXMoOsdnAaVNMuftmv32r+CFkIS5785Fq896IMbjw6ebu1ePb5VZX/dKyQ+mB9+5uOfDe5H/k6/f3L588NJs3RjiBuAIugjoznNE7zz9kS+LkzrMGmyr+vb1MTiqqrmSNRg9T82znS4/3dqUq3skejcUtgTcIIgMKIVh/ILahwf2F2Et/9R3KTYfLrm6NuHp3ePjWxQUIPNoNOPOtrqtp0dID0/3Hz+9+8GPvnpxd+cMRmMazCdBxtE17qxZo/dzWZIzDD3XMhGZyN0RQkKkJliBRwkByKS1cOnFfe1Prnh/uG80BobMc2+JomGWUYdzGMRzDV5tDJbxEypFo3AkpCcpdZFRIWyuLRnFWofMB4YTkTRisWJXJ+6o2qRwXV0GJAfjqUziZgIYdM0YJ7WoQaZEMcfOA5O64BQoGVbd8lV1E574ye/LYbRXsRI1xdIxDA3aqbapx/23aK2zYTMSRCE6DRTW6OHVtlXCVAO3T+TbDkskQbQWMDUWumgtekMwk2Q0ZhJjgKB1I8cDBkVxFw4YQEXN49dx239NAjml0nJqF/cRy15FVIsdugV1x7YZKoHEk9xRJDMpGoRfTB5i8aosA/crUtMU4FTCY9nAD1WWvxrcJPX37I3mYUIgnd8QiIQIkMmGVGICqWEoiufg+tof44w5k0fq6ASsNohIJylqQ3HtWpRSYLxAu9a8S8/qqghSK7VvS8cChhFdKK+t9XSRnY9LkCTeFbAJmRvWK05V/IiZ+oxCHUyc6/Ja6xJ9z4pF3JmGadY3pidgMlpCnQ2FdMzLvtqN7SklNZdkkYVNNSHxNMHQjPeOh7XB4uvXtw/fOHl7oy32zqvW77mWUXp8ASx6a/vf/PLdU229sxjpwSxdDUO0RrRPb2+M3K3NG7d7AgGlqfjQcP726e2zp7cfXt286oJB49um+Z18Ns9n92Z6H9xn8vzrV116KFE4e0kIayVOosii0u+N85aPJZgSoyxw+6IbajmUAGk3JbMpuyTwHJ6eCurcZoucxkaxZI4TV4wzDY/FslRpNWPXGk6sFpQuD753CYTs9OK5syJ+ZoNCqIzH+z2WJ3Y1bDJk/kG5bcne04OXgpjfNbJ66VUrhMol2g2VCAXbDDASTcznO9RqE1MtivMbA6XVlFzqyaFuO5Nd2IuyTNZaZM0GaoO1jWC2EqP+KF6mE2WlvjJAeU+k2askVkFmrdSMauZQAhr3GRSlZEuwfjRshmCz4GbM0U7UtszRVxTsJkef86UiHJ9YplBAJw2Fs7FRrGHUOwQ8jKQc1UPy2gWQ1NfRgQ3QP4Q4I1l9zI6CIoMVJo7ikzcPePowUfRs3zerKq8tCdvtJuC2xc33zGNclqlghalRvKQPPSsOx2pe6WmlB9I33KySOXD+LITi3NVxe7wWPlIIxEdhCawcpK2V15oOVKq/dEILzQC4K9oFYhbLsF4940nV+lpRA1bTaoWQ+Pp3ID38S38pCzZ6H9pRIlEvWVMinY7K9h3EArwwFdCnilHn6GSYecsaKXP0UQZyrtIWj8s7TMaMgYEtnv797nwZfUsAg5o4GUFZ0MCS92DVRtM34ZXUWuwVASoGrT/TFm0MOBXqzxA4gZMk2uHn7gNihCYFftk+Ko1M155xj2jbwDTzSCn77HFyYV7a3h+r28m3oMzlVTF5XRCxZzlHp7WtuQ6wS7+RP3r4mbKR2Wgmhzq3WesSOnDTfEaB0OBmjUIPPyGz4eIrpclGleg2OECv/SlCuCk7s35WN4R8V+Bmpkv5nHxkQmuFUxH9mAEF7DNrZ+YDFJVaoy3vXCgKQqsVwZ2DHYcBLZQJ5LD2MKgqPu9NdZZcExz+4pN0VJhN1rJodoaOxezO27ZEZ9eNvffv33cB9NOH+6d7jG8sP3tjRlcCmDY/e/P6S3xfvZHGX8/6O9+EdvflGjo4myDtY6WJnQXy3EaInMsD6YtPlxBot45LygS2wwF1EqlaiARi0eCD7hJIUWWoDenxwVNcoNbAi2/JYtqaAeLY8AVQPfvje931h+7Ja+XJ4rTzQ062zwzZfA5BN1Y1xKKx5KHBYR9la/dCQjMxpFxcky3LF1C1kAg74dCJBh6KFC/OKi27Ap4P6SutGBgUrDixajmt4oByvAZnuO6lQV0MSy89nNkQ4vXnXFXrz5svG6QCJH549sTDGppfLBxi0Q4T1kCZYdYmcgQWvKxtyMtWjJU59KonMtCc9aPRBydqqIvLVO+IGKyVBCPfwoSzFJ4n6EqaOveEtQWTW2t/qJasrAJMCEKVz4VH2mlzjF50HL1AxjABtleLTp1ZTM3EkjKCxqfpOkVAGJUya8vYXYahXTf2Gl8ip9iknruRI5j/CQDDTg6ehQjUVK+5RogZ6ZhFKNSVwiIDFjw/OyjrfxZKlqY8BdIYRrTmmU6ZNXS19vtWu5Bbmb08N0JwiLtqAYB65ojiWE7Q3BVyIh05HGXN8JRqi3npPL8/1MA36mysb0mVigTDTugQO2aaL2dGpukutYjMBHljV3ew71jCyhMgtNoIx7UfBZjbxZl9ZppaR6GeXWbwOEa1tAqulNQWqyx+do+nOyL1vqKeDSa1skxYgdIpF4UJ1q+tlvTq9StLe8//2BgeGRFqJu8VIuV5l/qcuCPdfStRxQ5RdRRR1SMVP53VyWgPj7dv8qXGpdDiQjxLmY93z+9KOuKlawdULj0gjoyHWktaNkMLY3q8bz2ZbEsQhlRN6eRPq9PEqxlElDl29vOzI2vG+LJCaZlaGTIFa2KLRj4SOGkMDFw0wtHIfCTYKhaya/+OnJGJAnacXdtp8nFSixIturY8PRDSnr6PZWkKUtmoWCUvJFtDFLQ/UBZosqZx5jO7dps9efworXmITFSxht01ukVtvQDrKAbYykXqlJiae58zVPUHzET1cwNVObEIyDhMXNLIw0zQ3+aDeXNlzFRc4oWpkmTMftjFcuFaIQppBv2UE/dUVrPWFJA20/62iGVKjILUGnHPjZXNTdVlNOmPlHkoQGz8HmGHe5WlzSQgMSDQpYRB5qW1ufCrq5UOBIqeseJMsM1usZId4+hThdI/savwe1UOwJHu7B/MSWG67NkfRdW1tZNtI7zCSZIRJk9QKUycIKKqYnZIhnZ987huY/iH44BCrRC/C3JRpvRiFcEI8LWyus2YMsy49sVirn3RvRQr5cGuUqjJL3EIimVoJfUTwgspGdE652K0YSh6eVjLKNqPjJtA4Bw/zCjfgb2j5AmZaQ2pnC0pDJoNjlmOPgeeaNVOqbwynY5egamuOWQ5YtYFBgkwh2pz8SQY0E5OqywT1R4L3SUpg4iTdOnnLi6uMXqz5NNKQ5bQp+CTFHXLm57MRsVufYoG1O6E13wUjXcJnTa1Wchg2k1QoA78Z61K7VXIhghO18lcE+XbNj7M9oplo3rUgzh3Rm2j2AMqVebKHB2V/ZNjHGUX0km+8oXEhWqxQO3slIzGZ/BKNtmcfdgGiRUA7KUwwBY/KTCtYYwZHodjQRFbiDnd1/F1itiWsBKowCRoQaKBplGgE5hN54gMOBrlp9UGd2AYBSxVJ+bIZtUCgAvTbWYJ7OCoSSTlMSLYLC8rn1jJmW2wYnXVEnOsE69xWCOAKD9//v67tyid11d6xKek/MEF/pa+7uvPgBPNU+NSzhVht7eWWZnawzTuXH7R0tbjM/DNOvFtxJ7ItIZ8chFhz3hTuYX1nEqKFm/pvK7OIVdNk+wdHi3U9qC63PDSbcqW22A60Y6L9xP0HDt3lfjBKyOJh10K6O7tR5f4dtWNhqI7PmPUY3CadtabbEJFgBUgjelbHzRzuHPCMFdk+oblRrK7lm2H1vKGnMiZdmYmk/akPmfSY54Rm2zHJE4EGD7lLhJaVnX5gfFIQYkdfM3Xacl1vfWRus2aYe0LAygzQ+kr0oWgssQf86zETJFHC4Bo4SJAR7iOFyprIECLqsyp0TQ4A+VzUa6BEjGzF33FbbQCSvzQuvYop4zS4HP6RkyxYsyFWGJvHB0liDALo3CZae2hcJ8W454YoacdnskUJpzaThZtYTUFgTSgK6Ekdptrjl0S1uMfWlrmi57sig0ja+MtbKJV6Ebdf4ftK1vBaZ7M1KYi9tTCJnAwKDRkCd0+/n6NjqyTJ2VyjJ6as5fktnwQC//9tRfh1IJShAUfj/ky9Plwocdeq+nkw8iPu70oRSi0o9LMELFsSzqEJpRlfhIaPNXiNo1eenfJN1lmvTMUh0MuNDXFTBA/k9sWeaNWd10tIxyuMYGeXKl5Nd9M37CPExO9jkx1YEEyXIL3vx24xRnQRZtiBbPY8X9WWkhM08zoiBQR3d9UPXsoHYD9cD8OLfDddJGjNvyya2ilOosaC3kPNXDi09jbZXiufOzqf0eUi4cBp5lD9kgg6yMNcjvFlHJMqwDZotG9U2520I+UJ3pS9jqU0puw60L/GlDT0ey3VY+HVsqf373mU2cVNHk3+J1l/ydjXDOnOmWpL47Tdmkmf05bvynEzozJIar03wAAIABJREFUCWUwEs+AU52aJL/G5TNZAmeztvwC7PihtVk8Ml3lPnMaX+VQG1pdAFMY5mNYWtaCpPAPnm/LYHUWBhYvb94749ndzrVEJ5KFnqYIO9Akr/26v0lBwhceraKIFPxSejrKwIvCj64wvLvzhJVDgpxqrEatH4FOyHmBBYhPWM1x0R1IXs7yZf+sExAUBiusgm2DGGcF1ZKtg0U/GxVS7c8WVR/bY1rNsH0tHmMBscaXrsEOvt9y2eEZ6ATNAXZOlgNzqAwjZrWYSJWkJhdz+wvs4PtelW8wKrAEnl4gcIlUEi54DvVKQ0/CfvtP5FEN8xQM6Vjn0uBkuEMYhZUOt93QT5Hvg3BIHbuuKFNfnKKeYSdCQqdgsUGH4rhEH45D3yUfRXlAwUZu2d6/47IvAi1y1NwPoCBNw/WDsYU/b01O4XVSUPLEVLzEkA3jUpYVoAWK+iy3eOg3SbEEqjvc1RknITK65FLLWLLYEp6pxgYuWEVpBpqKUY3mOBB6TlCgMm9XbZ+i9NbHRif6iusR/GSfDorkmoqW2LipRjqjQWwwR9Aez/zxZa3IuiEtpTbQ9QFoME4XulB4wmGYKOOffOFncySzeKyzUTynfG5OjsV0aOgEvzLwitbEQo9owqdtQ42RVjb/jafU+nHPDCxPTHmMU642k1eNzJKgLWa8U2xM2iIidaqDnUzY5fY0csQviCQSyxUXdhuDDqT9bJjgHI2sZ7D1LAhmH8sh1rDRA+JDhdG1G24sCsFzMOoTMehYJsi2JKsGoNLVpER16bngyqmRtR3qLW2E53i624nI6Iy51jHeUQ3rcB3dYlgKiX6gc80xG1KxSIgI+m+xuXZQR2Lw3c2qPXHruCghs9B8epImI+grd22/IegnU8xdEDReh/IRsX6iFKZsepGSxPWkPJYwawKujwFGRLGK3JxdgAtkMJQoCH186XLTihQu68z13GiCXPsTzj1K33JRuroiEAXzFrq/vLO4Z3rSLWipmyj9LTg3KCq9udQ3HXXeQtTAnGyog02wGo0wq8vVAOpjUrB5y/FOUEadOjVgWdfYfEoXi4s/RynmOp0tepmNbJgAkdYbLLhkpchEtxDjgkNHuDRnJo0OY/GbDumYbj5tNYPaQMrt50Rz4k8c6raF537fDkjfmEhJI5o1zMFAUKk6hoxSU4hif32pKVVEOSDtodLI5JkaYXiAaMM5h2fVbTXRCxxwUsAUDvYiku3qw3Lw2WpAB2n8eFqOQL4sROgD5uxr9zcmqHmZiZ9bSnqkF0eV7Tbr8BW3sYlTUlQFI0RaC6PMQYCMPNFKLFt6SCUEiXnlCtMJmDm2sxrEmC5lYSGJytql6GWCjEAZgZuKUa8AtbYxaiBlN3MiM/bDqSSUDipNptQaaLscV20JrpWwCBbhjROK3IjTwAST8E5nZSJjoc54M3HX4rQSTGFgmWIyQUIaUn6xf7ZlBtfHiPFpqp2mIn6LOij1nIRcQ4qpy7iSC4GJlOObHka8rz5LTim9ZryhLIZH8hX3NbkCuUr8nP1Eq7iKyLWT/9opjNjBPklMfJiKu9RpdZ79n6XEj9Uzei4FzbpgoiRkXGx3yCOESq2gZZB8qU2UmLxGUMjh5elVu9HaBT4ugyFwQxLh6Jq/3jCEy0Sbp5rz27KOhxG9eHjospYOu3qR5bJQ/EpAs/7xSBFUKdlSsHrLFVNUIQ2IzJpkx6zitgVmR6AdiG2ilqQcVaQGPcQWQtEO8TCClCn2E8VDFlammI9RbOC99tCMWMJszt15jBdeXl7fQbJlGmoJFRQFRMOk2XiC4cD+RUYyIBnpZTLyd5H2hDWXiDHjdAFbWmj8+OU3uWA+iIQ18LIhTid1Lh8gnr1Suog4hFIco5XCzL2ZM1Rw/af+YOxkqiG2O/t3dMrDBpyyV2WYI5FfQEet1gRnhM9PFNk+u2TyyRYs1F9tQBxEo9j9E2JV3GfBkuMclDFRPSTaiWWyqPZ1WkimWNXY2zs4cS1pjKrCDEH8Kq+t2106ugqiuqOIR2UKHCUDmuADPrWFmcPLpFFa+4zrodihvbnz5FpHvHmEqS4u5yh3OQ6DMpnRyaaLgUAVH8eese5/522jTgQWO0STICUiJQgjVmSWRYsFoZX1L6ozZcxXG1ENSZ3wjNcojxn69RP1ULqH5GtlvRDPmmSZM0YIfhRrWe1wX7E7WtWHjnjExj1JIINMo+0v7OYlx+q35lpNOhGDVsVra5athiLfSofeTkncXRmdnwreeXtykESZ/9YglMcvA/U9nQm74lQ5EqwyB/VXhsE+GyQn2ZXQhG37VdSjD1KpwwVEZKVU3VIEh59IIao/vZKx1PhCQkK2dEi2QjZNoXkU4JYlAoAVbuJU23oVY2TIkNgk5jkdSlB+IbhwPBmRqv7YiIxHzLIW8UIuZqIP8Wz9zhoo8VjuKeMRTs0BKhdAiT7ICZKXIMTq+CBiMYk14CBXt6LCrMIiQkF2HC+ckBnauFV/xcSg1R+pox5gDmCggH+FlQlj12VA7u2bGcSF92fd3nlaK1C4WbRslC+Fp1XVuihWjGOLOmdldlpZ/itZ90RndBl02sLP2HVUFfNIt1c2iEm2NAFGS/5I064QyKeO9F5Rah33XOnVvYkkMYhxVe7948fHTm1ZVnOt7U2P94OhE4LRoOfKKCgkO+75uzuPnX7P51u/or5bJPXsHpASOwoxuS6dmF3GX1gHauBuekTKBlX+QZU+aquB8F40Z9Cambgj9qJUtUnVHkEvhp+eGo4t8ubO2SmvskWxatfGtOc7GeKlF+0sQiYtOvpPqPbjzCGqdjPGfIx3LXH/SyeoCTfAGgUHNnHK9am2vVl+NJXtv6rp3SF2Fys7yMKdQQt38pkTNoExmJ6f25tHIWWyiUu++r0lPC7XbRc/42+fDgUN4qkYQkrtG68Gg5x4KVWcKMwbacRP1l7j0sDgOIPlSZDljHp7knOCQVqCzXMM3okhu/OGIJ71kW4EB3Gizon4bm2lOgRjfYJ43XiWoeXxHTeT4ogQF38iqiiBBmoqErTWqQtIoLTMioewg0yS5tUAkch9f7bNkshJ9UnhA/AM+gu/0CXwGSpcJ8R6Hd6HF6/Mgjv1RIcGTKaVG5GKJzLGCeLGviwY+oxXRUxo1AjMk/CwS/fAl+mysBFEfklmOiHCgcHhTqsrCgUBUEDZ5uyrP5GbfvlOHgYxWaCf2FDSFDjnARdAZ1yUKeF0AAGbVC3RVz/5EuTc1wP2JHewBgyhZk+XA3WxitCBlJwyQDcJuHidBWafEFJMaK+/0PSNh2Q/+K46LhdMCDtdrCJw3M1z64Lj+Tk7X4Tra6U70dBJiZ5Bkok8OPTh/ce37588prxbVQW022ZR1tJdfsk4SGRw0Fk4lQv5RU82UyWwBDCBbDPstE9JlbM+CFAOs5af4ms161gyLQdmguw0b40ckLw4QSM+flgsGNA+jthSRpjdOoVBnChPTXde1K+ypLRJpySciwqtjvrKD6mmxVSbvQiSEDWt5joJ4PrunlVl8rp18FrVrAAeiQWR40UITH+puAFWsx8i4l4MTfo0HUhOiuNW4A7nbIzCZ0gSh5MhMvl1MBbZIUpFRyatciV9K0M0vCxeRf5He2D7mqWrO6jKRo3WaQR0nSU1QtrPQBNk5PJ7sZfd8B+ZNHY08M/n9fIAEodO/I4MoIIszgtV5eS4ysaCDhkyIAktBvbPlqDKw7lKUFiOv6RDNpNcRhGtNAI6Z600AixiK/dIqWSsor98Ms5XdB7jgztGGNahpoSdtqodh9hEr37oeOSQSshSSckNSsbNyhWPjrwvoNSdJJZk6gSb+vYIIwm4RWjzzoUjanUl6ZgVNv6ezIJw1iFXLKg0sbSDJIgS6olBuWO+4GKQZIBzZyGTPYKLizauQtmEOWjXbtRQbtJdRh9OVi1LOIoaGgnvnqcWU8Or/z/GXJaqBM7aS7ioBZURSWBQEZIvrBZo1a7M4nyv4jxHEQyJ7Nb0wTSmd5gIbUYuI5VzNIVjIOUOQCxcRgGYoxg0EkoqZJMgU/ipKkaKGovWADQELpTHFTuOKUlPc2WRsUKnswFzdOgtYl16Hcu1EjOnRnP0s0qNI04TKc6tiyZDQkyWWAb3WY2zU1lbvoF8GmYFCTez1ChTBDVWzp4zOPQCY0JUDCwOx8rwFUXSsb+VXpw7TtOivNHAkXEhFINDcGiIwBnZ6FXr2IinuDNfqmzlZeEjLfQE3BhKVRGvrysNTz+dYC2kARTdPsu+CGjpZ2NSJhiruUUTHYfJkSzL3QkZ+uI2s9MBvTJda7T1ilq7p30lX9VkcGLfMhzi7sZ9ur/Xa770gk+nJR4IwxTZrjNMbvEDVTCtcTc0SF0xtkfQ18voJ8R4HW4xVRMUR01RFMWa+soVmpnU3Gqo0VjAJlEm5YIJne/TEbsTf8qjGaUNNztvGRshNdMsHObuxIA49fvBusqOlwTsCeRVrCBFdb99F1kH3M+CBLrdeZhhyyGBNMJLOgZJ6DHrd0x8Uev4GsoQDrcYkyUl/K6MkVzlc5gkFOvucJwqBsVYIBaXtUqqHL9UvIOaSK09pKyamTP3yKZ3MZC4NaQCKOETIJCBR1Gtnt5DCS15oMRxydo47aP7WBq+ph+FVDRVOthAqSX8l6ga3xcVzRVEV0srCUkgyaF8MLCyghHLjOB6M7WqsJ5hXA1y+/LJqx+yzz4JmuEPwzSJZvWRzV7wm57sr0YV2oyaBUI8rK6yHWahhn31a2ovbmOZRmCMbFvlADTplPWMy1jHPYQY+hGi7NGRmsRRvSxXZBpxpawepJODGkeDXN5skegYNElyiqCUP4Bk2rlwfVD9xvgkVjaABvawngx9FVhEymeaLRk6HCHRkBWqzSQFpJ+IRCNhgQVc3RAxsZOKJetEi9SRmciJhkaZ/ZCo52jawofzEviRm1JIaY9jCATJTkNtUFmqhMdGlrU+3hm6O3D28MW5VH1do5UUk7/CtfMtNshAXrrH5+blvVULwfrMs3dYtrmspTfXNOLRwneKQ1hDCLO2oVQ3Rd9lAL9EpQqP8CzoDSRYeM/VzcvlLj8ZCG6W6nt2WwfYcRWIM6w/R/5KNZxBWsoepBBzj5pAtkRj5+S30kouQUDDWO8wtpM1ehJ3ITZ6yRKBfmdapl/TSZRs1Wjdvy79JEkOai3ncwQ0nW7/6o4yDbFmJzAnKhEv7heBSaJ2FexZNAedZVMo9WIXTTrm1O2k8LUpDwgXP2vAn4+TF7mzIXiAsFvcfU89aeOUt9oOxtm/+A8k8dSdAGa1w1JJqZXh9RqhVz5S11EY6UGfSK80X8YNyVBsiuNV7cW5wnh1PKSrKsgDrMDYDV6Yn0lcFC6MFLtYHOmuw0N2NZFvJ5GqZbGi+fxXTj3+CUx9sIfdJVTlpzJZt12WCTfb9DfM7Wgepe0aw9yeJAg6jqdkN3gtaRKhWNsqcJdKF8dkqPlDkhkaTzVJKVzICTbz1w46VUqZLaWcOCAYUYFJLxlIlCW+osssw7U/RU6ajI+pLi/7FQF2GszGe6JWfzkAxRFbJEW0mkgRr/A6oYtCc5Jak2m5ZkDq+t9WN3G2m7ngDATj7VNYxdwwUVIyq2ITZDoRMLMMsMABEt0qq/YbUnLVzBJuPIrfDTkCHHJzEKCDzBGhZjXwAEKcHbeLzoCjHIMg4jUxFHQI4lM3YsfPIVqoAznH00kNUeXDsoqFP3ilgEj2EJ6usdvOFguOFFCoR6y+Kjo8j7QpN2kmEZp+FxNpYf9IcIVnujZsiMLsPRnBRaLwV64mvXOco0sTP7H2OTL4nVbxVtL+iCZi+VrRTHCkXf5DHlicA6o65PploR6rqgZPCbmbjZqUF0oqRH3qTKnahDZ1Y/oUAV+bbiRC5euiGKdXXNK71leN8o0VyIcoHbfVShLEhyCNGvzXwGI7HSonV88kbWChEMmdW9Ah9CxzT/tpQOO5HC2e7WS/J1EUh4h4Km/98tb5mdRVCbsB5jihhx7u/odYtQ5Ksa7y1z6yTgJKBn5Pe1r/dAbNatJbQlounsQcmjJq9k+ZbFMhfWpQ6aGqYWUbJXcxRuOrGlCpwg12U3dB0KjzxnFXKYhS0td+CgJ7CDiyzVSTtZqEYvtV5VZHQ8ia+8/UQ6NAgjomeHuUPHshpYnfmlxNuLwLMEWmN/qHe7TmJ8oG3uGAQzienwwjBvcQjd2EaJmgCXzjiCv+A4eK/AIv6Q5orLeXEKBikzSFFYet+4eT8uCcaTGN676g554NZ2TLZF1nGIlZpMzSWA4jhIo3XBd0qrmIQBTo/kwx4B4hniDKKrAQ+pMG+hpKrq7A4M0qu/fO9uzCXRB9Lgc6nduMdwx7DJIwiQN3/DMyMRrlMEEKDoUchU9h1pyFLlxFr7x0xLcn3gQAeU7j0ngbk3b9JzsUXMt0AIbWa63mTyR0BY3uixbSEGStbJGCvrpzIq+FRgY0IEsSuy0WcF/rSRrNWJQ3uv6OBbXotRv08DAz7ed8sWyhEnqhXaHPiirmXYe2EwGnZCbqTqFsU5NM8EMvQMg7ol3B0zcIO/HIrQNPsvixUl9VHc40oP+MMLwJha7YRy3njsyRSJ6pkK/onNUyr++apMsi5SJPGuhkkRPvMRmu04WWDJqAyq5WsntYAh94G86DW6YwagLWa0usmHM9YVpaYcYMYfMrCFqxyl8Zrqy7Ll6VVHhpONiuHW7wrqz8yRtioLG3LYE/byO+9joT4VJJyhbsx1ZdS2YbKHNFBMD5DSg7vhQbBWYdq6zWwrwzGE8ZQePRBvF2FVblYfPl8gpc95cguHnycpdqEmZ1vGLLCPZh3pkduZmzK6sqxvVSZEx3QMk1gsslHYJN3ILG8pB0zVVYpNKps0OLOscBRjXzL89SZs2lrJE0c3Yuz7YO9wfPrgDK2lGlXMaKjd882UEliVMDjVRGyBU58QLdb9AgD7G4TvrhJ1rH+J48EfL+rnAd/Rgiezgmz7bhtN8nrfrZ1xG33bT4jLC9i2tVpDhNOPYr2Lf9xQAAEBNnFBKoZjfEab+4md2/xz6WmccyTcD+1kTjZ8usmSzyKUfwwKYubJsx3I7nKOjhNXJZBK/5lCoBQis6yuDQlyS1VIFWUwreBzVSGzQE2JJSnUnhtS2GVSypnJHrJCtEGpFo7iPXIKSo1QYKYtglFgIknpQ4bmvh6RrpCBNjPgpu/5PpT/Slx2upPltlqJZhkDu6cedp8UhtUpxyqixESQIf3npAL33KBJTPaT3aABLh0j27jvLcCBGDRE7qZMyZ5BxX4FJehatXevSClOgKq6x+JMM94mr1+xvM7BjsKEXLFdplwvoFEMnIC2rtTZgkqFsveRwB43WYMn47us6TPaHlKhTOkOmgRgeUcuTTLHlZNkfWC8q64LtlGOS0bfyFh/8q7KAY+nQqHFUpy4whtR/0nLIqexUldIYKIMLD44F+6ZpidgJxqPDQDdX/MApgvVS8Kj6axHEIMPOY6J3SkRRRSRCF6LF8aha/479RLuT9R3DRXKUyMSINr2MrHRcxM1KVSZBTus4kP6yOkdQJMN0avFJ/zaf+J6YzZuVHpPAbc6PEubrNBaMe7aNlBoTCPebKnbifpSOjuhoeSbyWqJXZThvWMLQ/ersaqNje+feaL94k7dlcRn6eCYCkW/WwbECVvCXfbLsQOA9+6RQz8BNgdbnsBu2EYJfznRumU8OnVH9FkrhIsMRWwsLHzsc5VKSICrztGjIhXGKqBAM2bK3aht8JJVonnbQSRQT5MIDiDJ6DxjAqOuyfrQMMqp8AUjKPFTUrUTj3zahNgg+/4WXJjck6oshIhZhIxW/1h3r2as92CC8ilTWOP8WhFGYolqGIMTv/CmfIMC7yJ41N3on8JzRmoEXytMwajY+JM7iig3pAaEZIdIpNE7sPn9z30cDEEyxdHjjOfZXSC9zFGED3XfBXGkg8eYmHXdbRg/9FWzbhYtoYx8RjMeP6D4MSpRQuPXzwEll3wXCuJ9D2QChStIjTui9JpSYrw0yTTRMwuyF23HIUqTAMMAkx4MAdks/sRZFiWDUBW8TmptSvrm+/lYFGRAcXZFBjWhmJsTWETfhiNwUFiMPjSgXXfgKyT6NLJpm8KnugQpnEzLezyUmB+KwZhXPjC2C2lAjU9yZZUgj7ZmW+0z6r1njqYTveV+FIJqxyaBol5Ha5MDM4WKsInMCz1oDDWmGkykjY4phlVnXaVIyzElomMbXmbSzSw0CW6ERW4mDtwwJkTNqKZsmq5pIRPpWzuqliF/8UF3u1AC/1+lFrFLwPLtemoKt+XGFkPom892S5VvHDx7u7N+8fHl/deM7Q/YuXXxCN7O5mB5oFaNBfF8CgktqMpq8sv3pqUzNUnbw2kvCqixGxNK6pJRy4XGlX5OcH1DLM500TOgxSU3mzlHYxHt/2Br+wIpLjEnm/RVsGsm/Uwzpd2uQpbZ6L3M3Q4r95jD6BeF7E97wnrILbVcCXjSEXBAVT/q3dsTUcK0XT/oWIM/anBdMNJImTjo7EWFx0NKG+j5Bwi5J8lwO+N0hDjHyojLHYRs20BZ/aJ1gzZz6vYAQcFT4HltBVTb5AIM4IAU+oduwdelU5HCllGWollxEnWRQOQd+EGja6ayBht/UTtL/GsMmvJATFU3ipue47bikJ+kIe5FivIAUPxX4jGYHtr3jtfxWpavoUofgdPp8hV6oQq5PxT8UYR/9iju7ETspLoosWMfLB2FPoQoBP0dJ0Gjhgne8dnZD5mfOmXABn1QTgYlcLL/1E2l/LkSyZKfqkx6bWCVPY+ZpV8WjsHu3O8iY6bxGu/sL59YY1dSmNSIoiTwyuU/CYsB6y4GkoXYDcebcGkirE8JE01862I4my9PK5icZGg6gfYmK7Ql/Zhk4z2ZCxVpUpYI4oX2j/tXMq4LOkl8qrDmR6oF5ycFW0E2g3bz586qoIualRb64oldeP2bK1n9yISq2y2dUK85q9YzzMsmWumo1SIHxfA5r09vUrSxnVbTtmGCL6tMnql6PZtIydmjRbIksatKbSnEbA4BO6b/xZKh6mdfSXZnYhQpTDA9Nvoh7Ouj+NO8z+DK3swpNxeuNVD4nuBk0ostncc+QDhFg8Y5/4Bc5QEy4Jrx+YIU/iIQ289AqCR1c2iQoqR6gUoYTQBoxNJ+pozJ2Hb+6tA13aKnvkIbgtB0qyuU0YuGW8x/qJ9Ea6yhJycIfPeDm+FKyfv6qze1a6ULBf2KqNwjkK0f/RL8jY2mqFjeSNB4z0gm2Jyy8Z80ePAA+vnqdFthpiQo5hD2VJ1CipGMEYRcWBztNlo44Fv2t7wDpb/spZdio+fbi96+HQbm4Bc//eqP3DFz9+/fj+0YSNpVuS7Am/N93p6Nmmr2+efnb/7Tfvfuh1r8TSMDP4Bj47T1AGjcO6T/32mqdAXD5pocojT29fvf748L4+jDcIceInuXm23m4RHaHCRyCXJnJpZnruCVzlM2f98YHtFreSCkZmP/GOVW25AR6D2B0LblybQKf/zUNJUOwuKCPvn5Ea09SIYWZEO/NXOSFP+gZXwPt0AIgKeQItP0FH6fNuhZUrS7K42CLXpnYIjmatyj7njOFUYEsIn/4SAWyizMV+SnMo5iOTPMXimf4rJWLcJ2hIsKkZJYrzVWmyQQJb39y+YktX/TjV2dr2BPB6u7I0wK5deea9Ft30BLk1a5LUonEnkfNL3ddRIzM9aMoiRApgAlkS+Pj8/f2jSPzSLSJu3ag9NutgAFfDi5kvXr984T0PHx/uHwlwl7prpULv9sa81HCnMYxZhV1yunsFZ6YgXlSmY9rZz+30bwqt7igy6yiujcyU2vlM22mKoYdIJcaoiIn8WAVWpxG6FO721W3EZ71Ewz3vLVqGGPIpam8Vqu1kEZw9FqH8yEVQlfJQ1/SxXf5gQ/ZYmBpLq2afrqiZ84MYzWjN13FWUkqzi4a/scqVyjpUsMnEYHUNcoqSs7h3yMKLYwA0Hclk2M5ETDLKMiYesw8aRU8Hx/LwJxU7Zx2f5DncKYF6wQCmIIHbmodcpa+ZSsVuKI32b+4ePn6jH9H4JWj1PC2GevAGrbwn9J4nmivybCv5IvPTy7R6fvfNd08ea/zlm9feUfru7dvOnRr8P3kOc88Czp/dtuGNuB9cJiQrnkYkByLYOIcsroL0VB3eITGp/NIytpmNWRimrIIl5MvW4S1aMnYo2UBZNvS7qhRnreicHhC9Jb9w92G24jVnNlGtMd69MuDXErJ0tvKA9V4B8cWrB+1gwd5r0J0akLF6gvJC3pQm9oK1k7RExb94Vq35vHJaRGp8efPw+PhaHiYMArhoUxQyiqH8ogBWBG2pNWlJYHHRCIs4RnYzBwdt8Edrrp0qGaFu66hPdju2mauEeTSe2n0l336TtlZy4IvbsIKYDe2eNhP9uFXVXq6JSxnoGHsGqO5znAa2g2h9T3RoR1n0kJ31c1OESi5gaxP7jc2ojMR2g8tEn+W3N3DHwfpEYPwi0bEHqW1vEXKVBXugrgKghKhIFTnW+03taNSAPpPtIMBRGE7JCU+iHAMu8uad2Eyt7fD1iPO94pqleNwAFuZUKjQa3kS+pkw1iULSdx/sFulF8x6wo7bGwAz+29lR0YyAwUmTbAnb1LN7Ae9/8e4Xv/+7neEkuWVFvQO/ll611Y+ubv/JP/qP/uZfvP1w/4DSkXcKTvqFs+KMW/W2xM/5pTEPuP3p/d/81/9dLwIl+C4FGgxdky2D2uiVSYTo1FsgVJ8vxyfAIOZOrYTWxvovX7x+8fzb/+D3/9q/+7sZxnRFFwSnxH0Qn92+fnnz1TqI+jtE6iaPBckYZGSjvJ+DdXHKCakSeBX9+BzRwVTor86Mygm4ytS/oGsg2XMcKUnDww8l0JWMo33HvqN9uIxEwXDfrYhHAAAgAElEQVQK6+FLR9MNVmoGGM7sJBUmRXSM806slVr0WKZh1qJLsjJLOvlP3s9bNKKuYniNxsg82aYKGf0nCw7LMJNRnSI8E8eOhJnU4h05jky1ly9f/eHvfvv4rZ5AOOTGOAfop0uVEDRShLqAgwK3rL7ht+dyPr36wfNf/we+IHOKFfGRiEshlmXPzGYSKF9NP0c0P+1sQ1txt+fGLFuSo+Z5YLMo/o6Nj8CB9vXi+c/+4JuX3/2UGz94NGcDkSXfnaQymhLS0bUmWx7mcIbrGqwx+/TUu8ZqZ5OUXRseAaGGLgSowcebV89/7atnXdv//MaD827vXjzca4XPXXHx8KWG+vSv/at/y+C+uSxljVfSIkO4dujtu8ff+a3bv/zP/pnH75TWBjp7RqKu+8qj81A2Y4Uc0//nZrZgNMb83b/2e9aBZ8huF6beDAG5ZPD6y1vDpNx0Hq6lX2I0tI39DAaev3395sUXb77GjkwqibDOWxeWCL/4rmeSu+VPfflnUpwANoydJwhFrDw5kRFv55x3LIbyS8qzW79pt2WD7MhLOTAAFDgnqRPfb1FF3Y5Lm+1d7q6rLJqUFUXJlmlgARmz/cTtHI98gtgyG3rtVkzqmgS4jkutvqYJvbWJl+9++u3H9wJJ2VFgTcl+a/JwsIbSHhp0P0PMGDz/9P7mux/96PXtX/hxz2WhgMjiXzO9bsrshk7IP/R8WgsE1cZlqXuSOu/04vkf/fTxu3eP3pyeEW4T1UMZSdLdoR8/vrp59nu/ePpbv+886plgvHTNvway1tl6CoP9Qz/qFvIukn919/79eyXC4ovXz1/fuT3l2Y+/fPHLt4+vnDFwRdptgSLfZIx9ZhVf/VNYQzgGrpErBP344me/967OKHdkgc9OmBOHxz6Aa6wwrGvskSmhC9SXLx/e1aIzPbgGhMW8QJtvwoASVcbJzkVh1CaAJ+zevb75nd/52rOVwDfwXEstPWhmnfG7fXj/0FNut3qdJMLKEnjZox6zNIK8rZBKSKzLADg3yo0lMZm9aEgsgiZCQixEMXr33tkcZEq7RF3+vhRK0hNrFQxp0/COcnJK+58MsS4ElIUjSuvejj0nT0xt4WRoSJnKVhtQJHiWZ6PczOeZ6/h/46u7//F/4x/YdKF4ddNTudqliJ8+mJR+9/7h9U+++PU//5sSGYO8fC3xPTUR9TaGV7dvvnjxg69+8i//y//G/+KP73/wWgDLXmLk5dPeWQTqztGL569fPnMdDLMV14TaWiSBDB68Pvif+cfe/JmfeOxmc6W1aKKZbEifpp3FMLByV2kNzgwclSlanp3/HS39FQH+GQjsGi7YoIvN4SPTio6DmheCX3jP2ac31v4ZtSIqiDctsHB59hsvnv25P0sKgWAervE0okc69nGq1S9dLQCK+uMESdLKy4uHT6/+j//3/zfj9SS35qKuyttsMLwF00VhGk3P+a5IKdx7HcRXZkla8+5EVFhAKs/PYMbPr0LB53DqLmIWExUFqoKpYGG8g9GIgP94qWpH7VHA0UUt0rhrD2o6yFIipt8jx4WB/7iPVKyujF7Th7/KpGAiBSGzcL3GZMyDteLJEJ+LWMSPCocGtJGIyyR0nBift+9hL12uVQfVo7nqaWovZiu45O5g3OJ4VbIYmy8Aa0IBZJkjVgKss2CN4Sy8DsmkOmDTr8IxK6qtTdDc4lsZbaWpXaNO7ewihK29ycuMPTosA1Az0uo/N2MorIdOqcNByf0YUVOq88Tq4dv3n37ZyTZP89681AVpNWZUtbIPn94z+00XqnWtckpENHJplg8IOPMoon2SUazQVOoShsfb91rLZY5g87raAo0EgRdTOZ6wZ3SjqhokGJTJZuqQ0D3+XS9MH83027f3f/yQpRAC0zPImgzXK3gk2d3Lr/70Fx88xN11co2hYKBseFSainJjmXiFG9uLdUUq0sV2hEyOMv50mF+SaXIFO8i1UXupdjJ6ZhowL5zwiI8UNgZFD18mRbw6Ul0Ri0QR4TWQJDzikmaSL2OtESH7GGwC9sURyX6meh8+7s04PStjOp14CuyoHbF98h581EXrxjCDWGkwUCIqvFg6h8XLJuEpqN/pOxx101QR/3kkdem7Xi/RGiZ2ajodYNr7KPsXpAldBxuJBtweGC/kngwa2E/vcwXVmNagoC5S0LJ1TLKza59lRmgEoR4A2Z1vFlOh2AmIJBATaKp1h5YKElvZsTr+4a133jrV+zkTAXT1BfIWX599cGPu0XuEzUxv9A3HpaPBnLqqnqpR115jTPZ2nFwH/eyj3jFqz5+98sRuo6s32r63+Tzd3Tz90btn/8P/6d/5omuCllLV9NbdF94BrOf72f2n/+6/+Dv/5X/uL3z7c2bq5H9xNO/TJxvMHoinZ51lZ66PAatl5qfnf/Bv/+5t7x5u7e7OCfsPTy7s8F5hXZFVuYcvbn/86z/4YIXKVSVlj+zUmm0djTh9eu1tyW9e5Uv0WayXLnuLQrMoUd50Ky/lGAU++zkhnLeFCKkLlCJiYbS2c2Ah+Vez9rGIuxSM/BWDivm68N1frHxU++8T32BOidojQhQGueORO0WwZsNhVw65LGs78RGhgzQDdxRMPVTjPu2XYajSE1dfPr37+NF/jb/xpSDRFLqbFLU6zmgTyH9tBr6V1voRdIyj3v/o69c/+fEXC9krvmF2GIOXRsNFdHqUKalmZIQrDbji1auX/9b/84+//c5KeaOkcGpWsI0Zul771Ytnv/fzD3/t926/uDu590jeFQ4Pj2a3Lvu+/y/9pbvf/OHrxnxmo194xLtphXVOz9ESviRvIdN9nljqTRog5qsacJ5PoixF5oyuDROMGGlvAbilq1/84bcLxbmI3fJ2ESEWkmb5MGQV4V4ROFOltwhzdroF6RMCjBGkbwoXEyO4fJtUlP8+ObWg/YMvX7346q5wSZskRycUg9i6lxdvf/nscXOM7Bb7+sbCJlmW9Aa8fHMJroIMk5wrbFHL1VGusnDGywT45Ytvvn3/7r036MkhyrQuqSCxS6LgiokQFOycdvxnTPhkUD5pBzKqq1YKq4Djn9jb1V4TOVptANaUd8gsW8GY+hO38wFmic/lor/0D35974Sk19bKDE67n6m5GH5h+f/dl3/m1374F//sg5eFk9UTQNW7Vujpw83rL71v8c3rH//0/uUf/OzT33/+3e2ds5xeWX7jJSfpQMhPH3/ty7uXb1rocbIx23s/oVuGnEP4+CSkbj7dmlB0D8E5ZcUqtTGCSahdgiVRf/Q8t5TJaP3TmOqi0N+S1GURlZk/Jn1tZxaRlPNGdAvPUUm88/n4wy/vQgEQ3Wu9uN9amhDqeo2a8EIV1Q0swGslCkULiRvLZZ8ckC542R57moMbu771PicGe3HrxdJYdVG6qA6cFMskRSbcFEpFnQtCBGiGKfm+2HtdcvjCpSYIbhroiEIqHtLsHG1fYWTrzQt0R3JUw6LFTTXhpVCGgZJp++t/QUe7ElUrqieyUzMODfhyB+MUdHU0Qz8arWGMIJjDOlEOJ1Y+U7FEivo0jXtcxp8MytsSCedTpdaeEoen9LNUinMdgP//bRx7CpAtCVd/uDTBO8fTNZXtZMaR2W+GiOPqsolSZYkRdHsd5De0rohMhRAV9hdo4iqr6xtLFjx5ZUBROhkhGUFzmFU+YkDyn6rRTI5L4vYCDKBewn+uhtgIOKodJUND0+zVxTTmrk5WFXqt4WT3FhMsqtdfCV/R0XDINRHCItfk4Uzb6sjRWX+F49JmKmFcEyF9NCftSlM87uTIQAmEXVU1pWS3peag0i82YSgBThxy1w2dU44fX7668XAC+lq6MlPB0QDMTgblXoVdXzEy2TJr1a6SgIhFentraphnkImXJCEdwx+5sszkC+H7DYFzBDZrzBkzTyBHrSLw2hJlFYdyjsemItoNCr0FjtBZ6M65hA3P/uCTkzrIJ+Ncm6xBhD1idgsY+8gR7WACG/sLakZFdaXDXSM+pI7QVQHg9DiEf7WE0tmorgGP4JoaoOOskgTurc6KP0P/PKAgCtHMOoX7klF2y0zocK43sObTCcPZxUTUcC/4WpSym3ZHrRCTc4coqe9mX6ULq2rEcB/hHxSY5tpZJglRt2dXRtMCLG+iIKPphwyIP/Q01bNMiY2ZbZAts7NKSzbZvfFxl0ClI77por7VUz/kXyssAB3GqmlGLn3u+mq3yKGjoMr1cA0iWzL78JMfWuwywZuUm8Jj8/gA+OnVcycMnt//8v2LD7ckKmWbKhnJU9ZhTdhOC2t+KVU4MeAa055l7Yy+kZwbn9eoewyokYjz9C4eq8nICHrt1LVSVxdWoLFJAe9mTZ1bL9Bck0RYc6fqi04mOKmTLSWQ6GTY8W0QWkAa+XFltprBj/kKhrT0yT/IdpBtc0qV7bBSO4r9Vl4TCI3SdXuZdmVDpO/wRxKNaEfr2manUBzXmjqTE5WEGNjhPHsSt0Ctbj+BE6SzECs4JItTxaWvarmYmRKJyVpQJ2ZDlYLZwa8ic8RHP7nxymqyrVF6QYgrgppPJjBCUDpDoSzdmXSJOgNh94I3VZzovPfpXZOJPSohgXjBV9cKZCwH4DzVx+idXx89SRN/9ThY9iY0X97evRGC2HO+OWEZVgtq8ajJoTmC81evvzC98MiXCTV7ExjpKxWRp8gkFJ2kheKyA6VZ6tlt7551IBqYqEiZ/qvVombeJE2v2vyGBY42J1r7yQgCr4BT7WfWKzNAafxDpR2sIkqZtGZIW86wXEkeFoxN4IlannEJVa0QoGn5UlBStDjAgF2bkSr2saY3ooUEvlOeNhveTKGYrDgFQvBpfphllXfj80r9zDBBXbtJ3lFypF5HjosLhackasqXHVMJ+UnhC3zjqOobhtQ2ADicDLMZCXN7PtK+u6N0oc1Zu9Ho7SPb3D2Wgbj/+cM71w50HX9P7v108/Du8d3PfuGlVoRzR6vxgPAsgT4IyNfPbp5+/OXt37GCYnYg/jmt5xqb+Tz74ss3TpAayL90msU7DQu3xgml/vrwmxYRZgwa0CcX5OSETBG5e+fQagpKZhZmyLKsVVPajqpcmcbHKgHnUvVcto4nbIWjMbPDyPEZCph3GhQRzAs3ohAdKqCOf0eyYwZRX3osUToUk4oYKY8YqyAda7UmMKddelDSm9uXb0PpTMaJQB1Jjc4FnSTooqKMvfA5ghLgmOTj3Z7WIB4hKJX5NQ/ynGhLQQIEPd2HR4SUyGKCAZ2giwZcEhBC7SVbZMx00jKiWCIfLXjXTocz70wN+GB8FhO1WSuxUNsnmcZvPTG+tixfYYGXXZsMtpwwo0Fbq5rcqkstE2PED6Zv2NjHY7ujNznwG2SiJt62Dq7dDMf6uU/JhBtUvjtQWSOpVQ9pXyP7PfSUiPOUyBBXiGWSeqaLGWONSRwHXdLbACLbkv0EU7LEUMDDqMdLr+P0Tq586MIDdlsG6Hxb8hXMIzIWqaRYl6G4rOwo+OM8QhklaGfCi5XL6VrdbFicGgcYP+tKAkvtKPtZ5zZ/OM4tc2x5STWOgS1siBBHEfw5I06Z3DdhcnLctsYTCuo2VCLS72jH2UEKrmzlMEfW0GUnf7FsZXO+DduKgBtumppTwZorfM1zlAlqBzzhyNrFJ8WEr+gf1smgOsFn9I4nXm0LTPIU9HYvs+QXuBkZrFK4lzRxaUvDaXJ0XUm2gxnKENW3Bzljn/9AArhMlBaxrraRa3sMOmdIniFWpBZ/TLSVlhIcJa9hZI2qjhGcr+ojf9BmGYcHuwAWLIuiAxXCpVYwSTvkSKV9rBn24MVdeVxjsIEnqygiA0qBM3wdSXkrpYYguEElWfFZp7TpaDto2XDOOylkTyAkSsaoQcyEEyRhElHJkYoMOd28MKVZ4VzRr0c7FiQGAQiVGUroDjd7UK1qvXrKaQRreoyDDpJceESOYVuidkHB52HHIMWdlI+SkUrRR2WWqT1FGflsG6M6nmR78fLV3Z1uVVfoIQ+0w3ovjqlbebx/eHn36v79W6tgLNwVurqZzybSpKOZKGzbPmswZDZKqpmwTED2F48a17yWrzK8KfSLnQMkae8aLwii0Hr2Ig3RFbBo/WQsPt17LotRP635MZ+XtFQRiiBkRwFfB35nf+ZTsYPJM+sn8Vqjugj5EgQdhHTKTnnuIa+qzJ/j7OuML76XjpDOFvehI1ijiEjCJpedpDu/JaioXUS5LIi2fiJLu2JOv97+wYxEDmrLmON20sACSbM7KUvqLmJaPuESkswbkZllGmEhHj69Oh3aguoZT+ifd4EEbY+vTQ27sbumBdy4SsUSUYYoZBBFrkHXGnIWNqMwlp3u08gIr+lny71dQElz42K6v3z16un5Q7NClGddrxG8uWskuSGH6KXqVoReuTKo1zyjClXQCIn5CkQRMOvaL5ccw8Bt/p6lSmLinUmPwT9n4uyBvPa9AJp5Qi4lZOO6op0MdoBZuWI8FyjxSXDk85DfY1FUGIW51Eax2xcSkMAz1gkmWHmoZrjpeJ7aUA6KcRtkrkwxgUJXJYlV0o5VUYCwmsVGoiYLaWI6aQLIVDGSADFf1CZJLSfh1yyAVZcKETuixuWUzVRqp0Hk7QmeTb2ABNRXHUw1ZGPMKxsAJz3RCFJfhYMs00Xq/MLfJmJ3Aq+lvQK2QXnv92Dnwpe3OjfYo70M90dclnh69sCet54UVBTAechqL15+VXt58eLNG+sMNw8eIPvh05dfvELcK05ev/KW4tLd7W13mIghgXTTTVDTpTHggjULlBmtNZPXqgjFOiHTVm9ybDZDMXLGmI2ysb1CYebYYW4KTU215+hCKBYUDi9DBxFyfwx2QuPyooLQBV8skCs2cnHTWQe+JuESQBlx8MESucbgRjIn0UowRdPpplF8edMLavB2UdCJm8TgFL44P7VoZGrmj8+eXrXcwx29bJGznRGEniD9o0f+YwDfqzrHJEyGBZ1pnJFmAXXpBJe6JriZG1J0Cs4sl3EcFzaO4lKjHPEdj+LhDp1qAyMwFomz2C8sBUUFisoHGMzAtaBTVrzC3QLTPBxfEUKwhEm7YjHE48wVJVufI529It9xRe0AavMdYN+dAahih6cCcsT2GWC2+oyYI7Mq+IrCVD029la+Yu4XsNK3wCigy6MgyXpEms2iwP+qI3k0KDanIvBi0F9GjukcjyHTGfB28b88v1WT9Q2nUcPJTDGzsWIy2VnXHwsUu/pUqdNPa2ut0rmsba1NBL7SJ2j8ln+sPLIPEuCJ5Sd81vGDG118jvB5QnGcstZCS5dE+NbqFVRbBsZrOgXMKHqwYy+HM+mYzazBjVdV+0z17IHN1WxYZlOVpGTv1ow0pvYLsF7c7eRqvemu3os37DJJ9yFtjh6x6Fc2iwHYvy97LJR/iv9MyaIkRqbKUNHro1pRlODUFLMTxmFWWGV1kTiE4YEY62jUr+CF2SjNmI2YAhjCFWZzRCyrOMPk00jgIpMsSRwVY//EyFW1kgEQiRUVzrQThtbXCdRZeyMTtIJIrTl6wo84MqdtTqhpNgXDvYpQXeJwuDjolNVkdKJGXlmLTSn9SQK7loCMyz6dByZgBoc8O9rVqzVCqGQmzIoz747YYQkE+xkzE197AyJCwTmqqmAKdHf/sfYWVBuNZc7MAw+NyQY3foVEZHDeT2LHkG/NBMYrMxtZFZEGUkP33SBs7Z095azFDRDNwQh7QxY6kS3NG6/FTEPcaGDTkuJEAkGvR16B7HFvTGZ+4Qw0bV+/cebYAirhl87LCwzPomWc4vSzzcqcOuPMR2aRZsGWGmAJ/Nzqvnb62Yq05XR1ltxcyEvNhU92Y7jZ49BXQmOKMlqhtqOycybTERU8jWfn2dmPKkplp5elXZLsL4ZZ1YZ6flKwMh6ZuKqpbRf2gW3oGF6AiqIzn49iIsUqG82zeWkevMLigJ6S2T1LZK3y5R6IROYjyMgezokY1yoY68REFlWxtjVv15My4GKDV7oohnL9+W/QatQ528g+TX2r9P8rb8HhkwzS4MC22wFTMm+WPvF3GViadXWEHJtyUDi0kwNLfIVN82pbS4mvDEtgtTBCi51ATqkIjvlswdG9VxFkQ7znrvHn8Bf3LYO3DJnusy8WhXSxqtP4YOCYA1K6tl0grUqqZ5cyHBv7T0zt5tgvbzNVHiwEW9creok0T0eaKieMwzjRlVOOPVO+9rPgixYac2vOGC+QRdJatTrFvhc2+SGo6JOg/HZY58Wk7MGVQ0yPcvKs2USl5X8n6uJAqqjZmXQNrs9GRzEe/XwGbAB8UcFsSwBOSS00kaC+XwBZJ5wITcRkTqLIqN5h1WK1viXmU7HLRqI/kKEAldiimbtVYp072LwJDo0bLCJM9ThyxigOzIViB6yH6lmkd6OuOFxCyxFP7+83t5RGUG7Sl8Zy3M52ugqen7Iryq41c4ngcwN9r16UxpwFEB64vRY3LidzldrWDZJtN1n5EUklMIEsv+SHLACt6CG2XRIttgmJPeYpn22PCWY96mS84GdRCEXfOsP8v9YFUi2Z1ISLhp2MCSu8omwEZtsTxUOKVfTwnnNQDuOs6WSVkoTmEdvt+lFc0NRHmIfTtCX7GtJz7xjuLYiNhzxNIUpMmGmTrN/Eg5j0/W4uWnG3aSurfyVHsgCxqwLVXGvkk7MnPyJrMWhWVJTKNhjUsI6xsb1aKz/MoJ7XjGUtrAzpD3aGZKoOCmF7NtTSTyVqlZALPNEdxL9GlUUn2uw8YGwiSufESRTwMgz5rnEJY9dcsndoh14Gpd8ojj38o6eKU5B0Rxx7FZ36MQNrc677V8Bpdxxe1TCGNfiQp9xUcZTHK2SAoLM16ahCySHzpdwtvbWAd0ZAWj0ew5pVhsW/IVVKhYier8xUZ+C3iDlWbReDuS6Ocpl9413L4doXGsvOM2KrRwy3s1CJJHAWHJ+9U5uqQ+mxIT0MiYfNSrsgr7PGexZQZ5XCKZgy5Syedp+zTxy38dzgBFJNptKZGAFaFC8Er3OCWvsj8wmc6tq/yCy4hX8xt8ImvIuNLfMbClgfren1zhHfiG+4mUW6/KcXldM5i6FLwZocNXdx4QToDKOeLhqjHAgO8ElMzBRJzgJQWarsZ/onpWo1dExhu8VATtSfVEzymsos5ug0J8cp3oSWMnAGsg4AfQKTpeCoGg1ovsZ40s0SBIqZ/SNrkbAmKpeAVd6P9t4EEpDVlmRdRfS2h+b3ilCTkdJwETi2Ma8lRvBPfgW2AkqMFDEpYUTyuSZHpFz5CQSSAOxXyp85XRjVzbAV19RaYpkJ0yQcpqFMzmMIA0ULkxae1dZDJmukE60gOqJngSveqmkb1RkJVdou3o50tbCU06uRj0EB5++UiDl5F5CNS3CZEgvY7nurtQ05Hnm/AIOHWFd6UA2MVfkWwDaxLQQLByD4lmoD6HUENOWfjx6KR772FJXO87EetRPuj5+6/dbzNZ6cB2D1Z66dXY+AYoNCzyvR4HlwiLHSVlPXNwtQYyorRlc7p13BY6VtS5vKu2rDg0ev3L91arY4j4bvie+WmFz1+/LDbSZBdxHELDWrDtvtMqscYAaUWbNvO9kOV1kk5bPuituvIWRzGwJDtttx4u1nhu22j+PvawHhIn3ogQs+kZDLmWCPe7hibMKu3mH/0yBGCgHn+QWlg6wygnau9DWMObkIRY+vzVMh1XiDr7nZVXa2IKhcQugT1VqCHdsaXYVKaufcdPRdgCauyryflB01OY5OIbou5FyiAsg4vmqXUki1xd/zDcFdP/3iaberOiO0ladJlyQnvosTTHvwVDL14mcLIMlfPani6M/Bkj7OWfz2xlVgJS6j4rJigqvKAMnpNi+rTzUh+/nCPw48TLTNDGbu8LKaSXcDABbIMY2BUmC0ihK8j89BFF8KjjgH4jo+HlkmgSvmj9+PbLTFuu1zg0ufTB/T9Y44wrCdwWbFHLPUpCdtvDN0wPHPDI2hQ6ivdLWdaoR0JKFSoUCv5ATUTjIVKcqJmlVTze/squWWJMNlx8b+BAuk8V97WOWyMIQJwW2IkcbuiglS8B2qKdfuOUreoqzfYv5UzXy78wojCONCOjSL0fVdouHh3sKfyxF7saaWa/xgSb6slmelRDHQqQDn3o03jRO6EJ8Ny9nlc1W5MmNlDElLLCjXJ7ngnaq6bNebearUu8cHbxR++93jzcPTD370hlHJ5SwESPIc1Wb+tELAOKTBTLagkGRb0i8KqSJhFimOEGkAkHpQfFfsL+2zof05NoqKC/4qPltVnYOiNOyMWivNqcFl1P3k1kSIs1LZdTz8QBxrKEgIg3Ug1cbQz/WppIXK4sOt4p1W8TzDTuXqOh5zk2hkwdh4eXOnXsr5PDLVhFz21TddJFesKpMwd610ldRYLGQpoH7inJz7oxDLWRqoDChyWE8Dmqb7KmbMPBDdlTArsEguhGoMVIlo9C80XNqtZubIVxmGVWpXKNQIAwiCBzubFBmOFopq5EnsTtgTwlF41wYyC1U8X2NsJ5YF9Xqd+WzSTI6q1KNR8KTK1O4MQJvMxeCq6xhU2d+2w7XDONBA+UQZOzo3vIhSKWUUmTJrGPb3oIY6YvUzfQZP5JrmocIBGQVocldXVKFT18hgvkiRGWJa5pwGRXZzy0A8frdBNkZaItTcUODvoKYX6DxOjFSifslhvwQmIqpqRF23M+5KA+MFdAymNf/ZHr209E2SIpexs+OaYlSn5Yjm0oFHsoWDEyZpqaJAw66+MTlGFhyt0wxTqq7jjNsBzxaxlnCMiEoTttXl8eExNQMoNqBpHAa+eHXdao/NVmXfuKqGNcs0GApRAaFsIzPzYeQ4AyVtW/XFaLtwkv5UjX1f+a3y9a3DH8SUsuCRwLmVh5Fd5pFNR5XmSVEciRqAhU5bVONoLwlLqJS6GIE5T50AACAASURBVE8mdUvNQYWZ+eabUAKPFCoOp4ruigwIL4qilETDAyAcZoNQOuwzEVI1ymNtx28EUUIgttkuYj79NSEokfgWv9kxHfx3RVbxGB7GFtm29he/dZ8RkvCSLuReFz8BrY643914Z2ae8JjGtZ8Fx3iFP9QqazBp7v/IWtnIZpROtjQeYvHcYgOUvSKIzMwCLhbZrLCsalaIivIc156KY+j2gKZAExnw0eTyNEwlHzNPIDhFFgAof8xFns54o1fjNLxTXS+L5PI+8NhZ7xfWrUiSsTNrXvVLajUJgVBTkVFLMcJtiHfUa4CnydbfTEiiugLQQZaadkfVWo3EI0BvmgN4BmVXmzQaJzfoBl62/HzsREc8kZiMnTtM8LHn70zhhMXCAwBJ8w0LzFysOPlPdUg5oTL8DOtrd8GK9DObpThW9a1jkfAAaleQZ/TQs3XEaiEAUg/hIuLEV1SVQZxRShWcu/5EVfZEF94IZVn7o3SqRn7g4Ng0N8YjqLkSYi7Wl6nswyaJbZ+0RFcfdFQnLmwlR+wSNPsSiK3tZdC7xgk9dXNr02l/HHHTOJ4/n+4fm9JYPkRoskwLvlreM7oVLJzvdAFWLUilZ9ER02P0cmO6dhsJzwpj/u4w0NRfoRhO6E48zCgTNqhAWusq7BDsOLtUkrRZ5nOyY4Uah78pkrrZuhgil8No9LeIKst8dnmVp8Y3rsobYVbYAZvXViM45isbBjec6KtW9i1ENVM2GE4xZBNbdch6EB3ETDEDxmjcpLcT/3Fp6ZvKHokq+vGdTxaJQ02c1MhqmKWgJCjzuHjVDay7N0MjizFLpVQa7ZuljyFiPNwZNAuDKSZO8ejODo5VnRnNAI6RFnkUdY9HpAiZjZEgOSL1kUeuUlMRleTwaxztfhA15gO73k3wLFG63txS4/zkbl1AdpvtMbhrcd3YIH5qZ8zBLp4cIAo0haL/yU2vbtl1WuHDC3eZM0VrCzwj49B+psga7j93P9Lts3vTBhNT5ydrNNNbSPaylLIKRsfLXXzokfpYUJCHCp+MX2ubRVNpRXSehqsmdoY8yRqxLDBHzkZ5nHYTfGd3eJayixfoaxizHsLKMc937OCPGGNdjbpWTOa6oRWdacrGNQyz8hahqXgmn65fpjuQfBP7SC5EBIny7J1tJxmJWadxWteA5FLG7yEu+IE7FrJLGt+5NXJpXSsp30+1TgeHPPIxsRs2xmtcayPCJRZqC5MRlAS4YfAZpx1IqToSHRtgjiwGMwGKFSYAUTpKuiBrAuciiHrnfCcmd1sEpsVny3O6PrCZNU7Rukw7JqqCtE+uWBQyDiZ1QvUZ95EsWrpLVOn0P1FSIzmAq/mekSPgF5Hmu5/pjajaBroi3WFV9NF9etKwhi5ozO8MrdM1abpM96JeRsk4R1C/ixyZSCB87CnuJoVJl8SZUOc6z42coEFKBBckGc3UvDfutazSSUZCwtz0emqzcO1ELRELhYVxijHj4jv5sJIwLKRzgiafQRY3yVj4INmKWxL1nadslAeZX4eQ8WcRCGomCO6lOvsCjydRcFJiBLqtHpARo+JZpybrn0DFScmhvfrXTmnVOAOQRxNiGbSzx7jpajWKUk7JO9aJpqvHEUubxja3h89Qa7u1v6DU4ZwIWmAStDvzK8Y6mQ/nLFGc7RdkEiZx/21JnaE8LvuMw9wRKSyuupA3IMhJDdQEQnqjP0zEUgE4ARyQqsCOZW2DmRJTBXnTakxHYlHPVELUnwpkoxl2Pm4lZXxWkjjVM8oEyQijMLQjUAzwqn58RujswgQT+ZHYAeATNJBOQxwT3R6Zoa13SOYCxrioYeXGXp3KzP5ZOcentu8EVgBXb2GLRLngFIDFevm0ndACyJ8YHEpHynXFEdClPL+9fXIO+lUNp+H0rETYLcwZtqKP15iSKSgysl6TKHRrRI2AOf0Iw/lE1943y9pNKSld6S6fCEn8TvBMVhgQfA4cefo08m4GRBb9aOfgdqubJUk9Zt5PSGKwSRbWNaLfXcCWcusRt/TXVd2ZKdGTlQTJmOetL63XQLrlNHXUaIhKimRwPSAhJGyUnR7I5oKyS2K2+A0enWyMPdy+Og4Hp8/RkU5HtmlYKxhewpMm4KGMfAWxR6ZPxNsi1geljvp1EKNKZrt6WPwThENnHrtTrWPWWsqI1mdAUBHruK/Dq1TSKgX9UYz8zDWGMeZATDecqX4QvsRSEttgwIpsLURZ9Ihq46qaElcVc91FUQbAOpSlHdiJfrbviUw414k9bfo2SDdiRhywx4W02CGb6Vuw1N+7fqAuwFxx4St6CZT6+pbMkGzZaYsjzzzSnZAqjiRVJnkezKkq1DhERI0MlsEQj1DKTYiTg2iS2TbuL8JgpE0IxHV1qqjOHCGWkMbRdzT6czqi5xTnbFv0/dQTqcsaAxz8SnK5LRHJGkqHSXtRpuVK1FBnddM02Annx33GxU1NYxDDSfkxjNCGUFe6TQxF/N9DKnvpjHggFrb8oke51E3YIImoO/azHHpEY/qmE/IHmL0+DFJGiQel2WgtVmS7RqsczjbEmC4g0W1g4avgTM5EqsQQoV1a+zuDp3lkAiSO/xFSjU/ijHLoGYpHKOUI1IbvBEuhltgFFu84un/c8w9cZu7KyRZx2DD0TobUGTUxB+dqF0sVG7bKjV2NFsP6aemrxOlRHK460vF3zWEXU/XwS2uOzl/Fp0d3eJ2IeKgK3E3zDCcWYyVfFWgpf3LXFaYklyVlSyMf4Gfsqy0TMqtofpkgCvljfpu+2au+AsXKlQ2mrxyDLFuziehvFiC7rhnkY8sy3AUo5fJpU+ugZ1O+G+lDJOZRLhWjCuS0B27DV/v1MjD8Wa3zLd0zyXBFbmOVWmiE5TSa1Ak2nGlNM7uOsKr37946n9IqLmIb4nDJYUvInugACZlQRvJzYJJ+9pxY7elBcP4cuOOQxITI5f1edmo002EahR1WduwXUN/bWywt3oAQZimmQIN+bYCv3qo8W4yXTJiiAZyFp04exSqKdKdYcZ/140Dm82mAUuEKVI39vpI6/B1cP2f/0uhT176MA5qNTR1NjtiGChrBWunopsecCRyJab136GCyhn9asyRCzqn0h998/ONf6Net1JUAkEuAuaHdGYNV4EUAip3065IQvN6ZfUsKNRChr7E1MgEJfsmgubNoaflY1ka422yAJx5FjD7LRrRKGXD9F4b2KXzlMq19ucTr7rTCPEQQIhoXFLvpkW9mApSWLPuN5nqetI9ddWWi0W/kRMXA480mWa4kQAIS1j2eaA0xiKSeYaEVzI2xGkRHo/YwQQjmgjm7LSFLU0mlfUJuGE1Qf5Os/YSWozRjwcRzdppKpg841VEd44kQdsOgXHCAFh0LCcuiySAXLITTibon1RR9WTuyUFMrGewFRco1ItNZxyou5gVTqRbNwLGqR896YWWM2aMvkiensbGa7FKAAINVRx3CuGdbYFUADT9xFnk6l7Gfd9UAPWzCXKs69BIu5mq5i+9G6ZRGTcV0C2ClFTYY9Z8bqZQyKLJjiRPxJsy+ZSN5qjTN/cWDdZvucs0gmLNE5wh29rkW9EEHwL5OQ+OQhqD0U9uv3ylAHRR0cYx/Uvjzm2NOK5tJU6pabShTtvjn5ywqNHGWKYnc0nsNjBjol4jdrmavGfvSwxpsB5eCiNbfnIDPvDUvvKYfb9Wcjuvoz/4TI/MVZEk+Li69a4E4JbIiUWuEBgPXtLi5bMXfN4riu2hHwLc038DEifusXbNhrK73vmmk+NRlPFpasm28n2ye4nP30nPQ69VpRk3qJf5zJ+ibTxC0AE6aK4MkGqGYvFind1QyY9wA+z3RXW+tVv1ohzRyI5bVI3xQWuqy19echmD/6EDNQymNToURE0hlpP6yXSKV7BpolloCi+9I8otNUaYbfOSi2QY7OUJJa7+2sKdz9CuxutC0qYrmQvk2rqqSwo4vW1LGZxTV8jnuK1682vNPsExIgJku+Y9op8HDHimwAtGdeZ7U2fu/TAQa0AHOvPLn2Gg5gpPbtZEPT63vCkR80wV2x3Rso0r8OgkxR4A59emakYiUR0JcS+wwiMQRwGu+gKgHJtcd+kdaxJJuUX8ppqOLKGajSke9n0bSTPs4THUGhJnYNUPwCV+ITpzDv/1QkjjzVRr7erqTBhJxJX6inc7t4hB/vmOlMIfKSXZqnEmGL+LXCPhKgDOGOK52sBOSgFHtP0G1sCVFlF54FFLLbbU/Xot9GTP0OIZA/MVsK1MwWKvOvDk9jPSlSVJdGOF81rv47GBVCLXDFqjb0rfacBXkwhJC8rFVYMoyRyItoghzyTgLWW1DjvmN2wuKMlVIrTzMLmW/KT5HSTRLZXFtjI5lDHmC+6zZs0BFqTwKS90DM8tzxdDDQ5FA0vfv7q100N0JyPu6eXNdxb0gzOQ2exZmXdVM9rp4EB56rqcnlbJOP6wHRAzrXSBXQm8tY6jcp1Ncw88w2WSBO4MQvuZQdIDLQBPZYW0kny3bAonAdFKT71hIUmUD+BAVAMeKkOB61a8jpp797VzSoFQstF3UHDGFAGjmoLgsc+T1rp7GKgkDJ6mFR2PgmkajiEKThBnfn0u3hZNxPzN0LVHTpPSoKmd573LzsAkq5hCr1SEb6TRELWOEcFIB5OyV+dr1f8iBpScZwswvpbcRGwBwhdHKLKG0lbXCGJUs3dYRjWZMDpksgTi7qa6mkVOi5ikEnf1mkCEp4e9Mzu4rgWXfbnGceB3P7xG0/QlZTkEwKW4Dh6ErXiPnN47TllarH7ExPYRWj/uKoKQcLUoijoa736Gj7m8z0Z9/+/GP37r+oWF5qhV5/a+7NLaYb6eYZnVWGtaSzTo7DSzitRSnwqjoZFGnw3Z9HhlNKVB8/erp5s5DGmq1LjnCxXng2nJvKdKLfLp9/eLjA7NOOj8EZ7UJ0HNFDL88bMS5OEutvcqiPGJExBXO/mFvgq2qicUcPOyI0SQ7pW4mSaeCwtEURMQe42i6SxQb9mmmqoHtioJLjjDgZ9r5clTQEcNVFBVUr/Hgg4FLXb1srwMncES9B/97nhFRrTWkmGFXGaUpUc3rY8+hd5sjUQSeZAQkftqt8Cp0jgo55mjD1vaWtRcNBXpVU7uqOKcyK/ibSci7wihojIkfYBf0OaBJXLbbYXw7TOcMDnr1O3VDQ/nBX0xxDdyntZazlTVGIhNXNeOkUrRta4nDPdxn2jWliFlr8Q2P5I2oEj23KAy/gD7kHdSwUkmZHi6dI9txrvWjsk+l3Fx6VDziIqCQZ/w9RDyPl6E6C2SHtRrR2KkrSIAmSbamDBMIh0cvoQ5P8HkTZ6unmYWs4p77fJI1+DBJYxf4LBfzSVXwKK+y3qK0rtuT4lihZ6eoLNQmOK+HThAnwPzY2dFOeWejciMpMlD3njNC6LWN1qqa4mrCdaoB+1DGUF7RWOTjIwlFaj4bdRtgyuCiscfw95S91vXPmYSPdmxZOss4HV88RZsFJntPEm05jWh08w5OTR//KWvQ2jMW548FmeeH4dWZKHcOazNYPd1YGM7d6Ieo1Wg2GeXEwHr6jDQDpqxPRjn2Ym0RQqYYTqGaa0D5tyU8ioibfHUihgKRW4hgm7tyKrvWIS8a0Y+dwrYDUbSZfTg6nGKpRfj2Oqpmko2oipCmmskmfBofR2RYI4TyCdpUyI+OmWfbksU0JQbbNiWcfHKL9JGBUBtULojAhhlxKPQ1iRkne9fVMxU3FWipDKrMi2A1ZTZQg6cWbsS2pW+Ul732HgbFW+84awdxCrGbNLFovE4mdBV39QXiKBusGA4wwsfHqeu2wrrc6MKGIqB4udjMBEqPVQrY2YSEZC7/HmEg2cmW+DS9i5hNQxY0ZVV4rK4m59eeMfNjl3QNzjJ8Wk2CrDO5a0HNn5UCqjUdK2UGForIDLm2Ek9HivPSaUBEbLm6wz6l0eQcIMiArTjU1OcFIqmdWGMQcVXTsjBmm89OSp3Lp4VcvmK3gjkBGEdqb821Ni6dNA3Ih2omzud+flIlndKJszXeLOsGCdKQRV2iT1RFES+8klIc1ZnM1CNSbfyjlVR+EniLKawalRYaVsMdAaI4gxx6dXklJKkYaWv8CsQKTVlpcFugMZhA+1wwNgOt+fIjyWbJ+BuiFGmw1uixskODWfiTG4je33aLiPpbNzV5VJgnfjIWxl4P7wGw7mm6f37/6idv3rt5hSEjNBLImWM1aXA7ooflPD776FGzZgHELpYVdj75mff8aP3M1QMSHpTIdm6AacaVHUVUUcqt2a5tsZFF+DwFY7hyP8VYPiomkiOAbcEoRWfdziI8Iyqss/PNkvT+nk0UiuUs0c+hkmtXMGoQ/HsHmi7OzFwzqBMprsZrFOSz/Fkw9Fzm9YxuA+scSAOej94AqNu4k8m3gCMSsDjxW2ayMWpP+Kk8hZPldB+Jkv7lMHGrvDVgWun58mEiT39I0SJD23qHLmcZaioHRxXmKJuccqtbCz35Un0z44HHfL2ExKKQIjDRV98abUJypQ7NFFRxIWrxLXEIX8dqSomGDeCERz2V9l/BFLiAJv0Awzh42/uMPC275S3jRBCh1FkWGsqvsIfoC5O10AyVKfsumQ2TmgbsbTV2t+hJjkainXL0cNybV+D1pnkhGrw/xBygrymvKsjOBZKqVv5rKponz7TAIAF5iCEjZwRGc0nem7u7b99/fH/vFFiENQEhr0mXpD0a/+mFN8D+1h95JlfPsh1nlwB5kV4vETM8gOFJH2/+gV8XaXhhQKzSR+2slPDwyOzcTxiSSfaka3MdXoKe05XJ1MhayQUgRmnipjEPALCM+bUne5GZv2fhxF/DmRrHDsEXoorAnAC8gCsjnJiIQAYJzBEi8sSXn15+2fyX+facxDyiwhqDNPfC08e+6smPw43VkQIBdmy0oazAVzGutJ4ESYFNIYrXqTsV8xoHtp0cEMactp0owiiq8ihpSZlLIzQIO0s0Slc007erHkAxUI4OdmIcaspEA5EK8KWWoYzZJEzSTHL4T+5CKy799WXj4OuiQ3TKN2FhiduBi+BBSryJreQSJyX6zHr5wm6ol2b19mcok/6OPFLqi5//8n0PGiuhA88YG7vSWvdTButmRII1GZYJoImrgE0A3P/6xctXP3ijL6mjr3RffD85Y7KhkPiJylWNhCFusrNi49q0Ftj6Bw+obk5LGpe4P3fTS2GdnVIimyeC1GOGEqp8WHrKk44BZM5daDHqxQcb6nOcmqWbIJVJERelHIGP8+gfPnxbtB6HrkVTDVUlmo5N02mQj7ZHgpNx9+ElNuVSlNkIFo0JsYMdt+x298WnL37t03ff9lR2HcObN/Af7995gM/T/Xvrx3UObtXDjlQ0re03SHr5WDA9Pdx/vPHsf2cgZIb6S0kkS7Z011AgRxY5s3fent51Qi1m1uqz6Vn/ayjIZC2IJbGhf5moEAwx/ixYtO94sXPS57QrsAqQQJcKBhD1vK4kOeot8u5peS+fPzx++u4dS+orazdsdMxlUdHYoOS1SIn70I4TSBTLSssVq606mOOpBIAqOJ599JomYkp5DAS0wMTkZL/yGiprs5DFWGq0ySrxqKdr+hrLowoAZNag0mxjbZBpP2JxpWdxq2t/eudlXMaURKi4e5xcUWFEGyNZbxdIlxQ+3Tt1s0uMWqgsuX+6/aIFpIbIZYVYTYps4J9zSDRTomZDvnCrLkccOTrILgrqGDZFnE19QddS18d1qk+MGczMhsEHpR9iOku7VmTy20hfnR8TsMzYVTIRMuFQMQecWbPKhEiQI1ikFY3YqZzl6DcNkmAFRYmnFO1C5S6+YQEqoJl1o+vT0TjObTqDNXJo2ovUtEdSlkYIA1BAIUlEwxGY7VC89o7eYjKFiv7T3ibvJX3Ac7af8l3klgALKjhH8ejMGUjM434vAglaJFKvQBQeKZOJxqbpR3ImCrUyrb2uAKhzrR9uIjT/HASoSg3EPjx/8grCu2d3XqjppcjA17N7+v/LV29uXnjP85Izjad62SNmhhg3Ty/fGMd50XT38Wb47JRYlhJFoBdTfP2Tm7/8l3/bjeSU90y+YjNUcuoTnnn+59/7D3/ujidxSlTvkyDhk6eFPnvq4XDPPv3+z5+8iODDh/d18GtndPOMEjMuj6U1N/7tHz/7oXdNFstyWEyjnWEymw9es1F8c5Hq9A9qvwx8so5yezAPwJAqK8QQ9JvtJYQKcn9wzz/cuT+Hskq0nnGO41WdMyPbDEtpmHbCX95R8cUXEnQ37wiI0JNgeVgeLTVl7ULOwg0CfF6jMb6yBgrjxe+/vWk5FE4CxszCFbCx6OStibVkD3+hAgZSGi+ZdVSOS2m8aoXJWezFDFj1wH0TBY9IJ2KEqrjGG45WoclB54YgfCBShrEi1bEOI9ODV5Kv2lwN5cLEpFJ+R5Dmnm5GN+ODqfj6B0GEZaLQTCMcr+kkfeZXGkCbn+Pi749WsiMsp6uSXQJ0DD+sC+i4asC+LlpZ8WRPBJQ6jrHfY/yOuS0dvWElwaruIto8ITzNXCPMHSjVmJrwZZ5B1nfGSkm62EXOmf1nn+7yTWOWBhit9FMTz5ZWn//v/p1vnEpjP8OJh/t7fQCbEGl98fOvbt//5NV/IkmrL0QSf2sVpaK799/98s/+F//yr/+Tf+7pu182be7yDFOFY0ZUpgkPPnq476yZyvkkX/lBVb7q5JOzFKmRf7QGXVTB87yLB58//wt/5R9eCkqn2lBKzoCOs3yqKEFZ6dF7x2rrYUAzR3ZjTPEckdgeObcQmzL4tQYmt543AHTng5vn7gzmIlTvdRhNjMV27okwasnerz9FE2+yXMXz7+RJITABHiRghfECCqkxg0W86tOzn2HEqf0VrjRSC9lC9VQP5KAkib0krJZunw8OQXQAxPzIgncblKzkZ59xLxhVC4vkDUpxKoxDqg48kU/+GS3p5kCya+4ZjZUQJWFmxovS4YrOkpHf6fP81//8Hz1/eABjmFb/qRRVpPilw6T3GaeCRxW4xGr0ELlJ+cN4d+wDIQIRgm7fh7xcHIDtguHdVhQ0tcLS2gkm2sxOHxnjfnz2+gevvvp334uQHoOVefr04KGbzizRro6vsokQ7fpsdnB6AFNyumDm9//wm70KmFiqa3rJ009Cuuy7mwQLhyN0gjPb0n06ZBSdc9mhboEOID1eAx8TJH0rsrGiAZrLfzPAZQlvlH/+a3/u+Yu3Tut88M7SV3cmE54iBEcStuD29u/8hyRuhAxbe+p5czX1x3fvcXp5d/tn/+JvdZ1J79nJOzIAeWhODCJ4Wc/bX3znWaGflSjl6dfJaQnOAsJR9DFd7fon76wgz3hlwR760vQj9cVAQxduqKkP+Lissile7Fz+PIGNXOK3jCjhN1PsTMcF9eLZd48f/+Cbx3OtOdolxsTQoeLoMmKemkSVFcQS8a5vEr28RI6WAWwF74mk+srCT52TqR/fP97/wc/1vQTLh4y4L46AL0TyjPCR16ZJeUZVKh5VigL0U7f8q2K5KM93kLKZrtQf5eqjzApwXr1684f/yR/9/Pe+cTXQFvkKWuD+69rdJ/ni+d/4gw+/ePuhh/GrqkmVe1sEEkWfPvz4RzdfvO5+sKlLqpjxRZ9U9tk882QWosQ5OVO/vntuj2m4NdmKSakT8p1v3r3/cH/f0rCTPe8bZQvEGAhDQfX7f/TuF28T+1Iz5Cla24rab//GD/l4hRl5nFhl7a4GrODqcYrbCK95JVD2Gu7kbdDqCII6/xazWPXlL3/5zYcHFmlNClxxHZsUzZOJhVfm7hsJ7kK7gE39N689wH7DXYGRwQKGtSDH7cUf/bHkdtBPqE28BCArRNBhOZ63OzSzVt8E78VjMzrDpSCQPyun6eF/QWAvy9uA1PYSuSZAyHHYXvBcoJU75TRMqs2Bx53J1/BC3EzWEgJsL/z+8KPf/s1f//r1UylakCTmETdmBLp7/vU/9BOrAolxxpXBdEYT5IY6XhayCwxKjHm8kMJP3c3dw/uf/Sv/0n/u2Ye3rF5tDAyUS9fPX94Zqv7ym9f/wn/tf8nCvHNvJeXOJSvPHt535gqZl69f//V/29vsoqZ1a+aZpSDJE6YT395//Kv/9G/8lX/41c+/eT9zwM7Bi7Di81i/EnrZPv9+3r+ck9qrn5mz95y2aMuMG/ZGLQWKmvpCk5yPX34hgF9/yD5x8KU2arBmyIAnNPJmJ3Nij0avH3n5/PXdh3/mH7HE8HZZqOevFXsLPpBgYqRkUX3CssOmdGQx97j5X/1b7x8fv369fCemmYbKWhYIb1l78+brH37xo0TKKeXq7deqiDPli8rzN63TkOip8b31glSORBG0zW+qREecgaZxZjvVSd1AgxiLGzsUI5gyMyV2kpIaCobe4naGyQNdSuduCJq6bkAAvXzpHP37pMc9KdsSzuarEsTQnYSxj85VF1h6FGwVJs+26eZgsAWcgjxGSXxGcFQcHVqRcXCUHlfWP4WQcV+GYoFKI0dtnxfuz3O8dmFHA+1qTokmMy6VJ1qrNzwzSePnwwZMa6d/z0l3r2L+q3Gh3OolrnUIDGOF0WU+Dx1j2igfVnIUjWXhXjLeAhQ5KOGTiTu9ouT1mzfy9ePbb2669qecpCFCba4g0dmHiBu0dKtnSjFur1hJXi6x6o3qYha6wrfzAa0MyZkZTWN2WYSfrNjXQUeu/TpQVhltwBVFOlAHhVInVXdIZEVpOBWj4xD6xKnHK8zI6vJxgmkke0FGtjW+SRiIpN/boA4rxEYPeLoUk+M70CT8Xu8iI7H2Hf9kcbTGPj2VXb1QkR+lOTqoTBh4zS2c2XPNB/dTU9EoBuVjvx6o8AYRmq02nvLLKheTBkUdD7ndi/sl7lEhq8RYc7XrL5oRnen8VhIl2PuJKZOFx2FSeQAAIABJREFUrWgyqqyVj49igE30/aIduSNDwmXMI4ioM3t0+abRbA27UEr/lgnYWyxGIhsi28pTJwJyVX19HQVllr7iksRoj2WS21kJSBEyu0S9aJrUNECKU10EgS8OIrxYgrUkjrv26Jb3BysOuiQp2CjHHMFsQa9c/00u78iWhzSHXpbdsA9SAWtcdfqpeIClc2MA5rtG7Y4+eTKjBntaR5zjTVR7i1RHebkCAZVz2aK207CxGUDaUofw2d4IwTC9x7WfpvcR+Y/PX7nMrecFOM0I8NOHuzd3LoxjO8/geGkB775bDylAXbWagJSbSbIF8ztRyPBdTqrEk7vJ6Ow6toVDY5KEKv/4IW5n29iprTxRq2m3ynxWNuy48/KKcDPPWCM5PgkjdU+GG2zBUpqoRqaDenqVAWYZUGsFVzRmKsWOyFbKK0Zol7ObQu4UTaFmPzP7r7H2n9/8xmIEfKWkP5cljB8iUJM8/4vLCZat1jE3TrJtvFjQpsAgEqKBuZIsmTSzTAGWvVIx2Ew+vAStpFlEv2RCLkYmanK9KdaHR/1llCz0tyVhyXbXf3aSJp8KjBfGuIYLQjfxan8+ajxV0Eoag+pZHcWcLWYArLDxF0kyZ+IwJy0xkzNxAUDLLcU2fIgHdqjg1iEYe5LRue5CAnca73T34+PH10+auo3g6BPZDpWhm4tqMtmz8oYCjucZvCdAUZWXQydFv44dTLhKE9E3MI4ycybf+poZmTLVRZVlDqUwSkIOF9sRoPXqKwSsEjsxaAqltbvMRHWCzO+FUCfHsp/nWz51qRiPA5gHCXDFhRQyKciQgAgceYsgmgJsSKY03NpOR7JHzJeWplo2OZjTJdMCy1MFYXPTIhYEKBRYbBgphJJv1BPsIm7f9IPMzZbVej52F2AnTfdku7SmW48OjWQuQcqiyZaONW7TcEh5TK9f8ILurF+CGZ2Qq2uHetoREd5/201Uz29eC2Ni9AcSAFI3z37+s5+/fvn6xbP7949PXhRAcpu1/4iDe7h/VQqkbTdpbVmVTaskrYfdWs6wMvF4/3jndSi7Yum0nEw4EbIzhJknoy+ciV5tilOOUuM6I8+Ecch2AdBj6EXlimCq0DzzGd3Jk2/TK51kIw2PlTLQNoHJzLE7gRFw1ZBxf/j49G629cg7bTxDh1XC0tGkaXbYCGlDGvXZPgN/euHSKa3n5adHELomEclyMDodIZN8+PDFzc3rm9udgOOoNSAkUR+PZJgWkSx3ZKf2l7hqj5OGRqpUJ9ZMMxlzvEBghWSdkXZA76J3oZJt9JLlYNpm98TjfyEzIaQyuJGqrzNO1KGOlNfGaVMlt+IJ4TSaY4iRH2dDeAVfjafQuRzZwWXHRB7qdJ8GgV2uaVfcTP5pdiqQqjUk4LGUnW1ayTQLHd2gs4iPgrUmZR0aAAiIFPfLdJlS+uxErZWSBqyhjIx9ET7diovsoYMlgUE0e6SXJrU7Y7rhFfiuHcymzm2aMEFBqeQayYYN5fuZRTbU0IVwxllq6EoyVwsx90133ydt01GP5jILQfyM+A3Je2pRz86XzwGVBdI4YwogLjoGyvY5T8Sbj+Qi3uK0BkJ0aTQhsIiGyTxSFRAkI5fjiD1hEaqGPJnzwGTWotWJiVpPCNX6mb2kpUkXdBYkJXvXrOCI54IGicYTQMpPIdYNfh8dh3XuYeaJj02Ag5zZxjT2qitIgyNERYEf+PaWZBPvqknomlVitL8tSWpM6wQybIrHss1vcBBOyRBzbYZBmd1LWb6SMNvpioYypbJbOSPRjhhitjTXtzIKRCsRIc/b211rytS22X6WTYh4rTRJRjLWikZhSmVN/5Hm9qIlowcupKQmLzwSTpqOqxgfO9mp4+vKUDSCPzF1nJQF86nlgdrJNCH8lGam4zr1/ZdICkBkEnRsEwTFcl1ChDnR6qtFSw0SbUYjJbyMWuQUKkg9PDx2P5YF8KYBuq3qUEmkjcy06EkT8EyWYBEWbJOIpUcNe0U654UQI5brtWw5ObGDzakFhdCrz5z56KNzBayy/w/NY1NjsbxmjHLIUOCXH+os9Y1eyvPo4hBzBtfeWtHn9E4GyjrOZrzTjJe6WKfuGI3rshBayCEVINY1P6l8ztMU7mNCi7Uh/MQfWAKF0mC39By9DnNoJkUiKeebFi1WsZicc8LK4jCzmh80Zf+VAePKKi6jQC5hZixhw6ik6mHF8VgRd4aBDsUyrWPi6hfJRpPFSM5OSB+SlgrmMz3uVEx6GiUKVnW06qdQ0AyTAyQ1EEsrUymuw8d6pOEWtDklK01CVX4Z0jahi8B0IFCWm8T0tbt0FpuI1Uy01gymUZlnArzuLckLYWL63IucJ2bWV+C5Ik2AxCjZuiZDO8wkciIFaRFajbPT1IlZ77EJ1MhhrLo/G/3JHqOOkeDvzirZBTEgHJmLeXzrA1wJwdnzJHmKAuZAINNmmtqvZh6FhsZ6pw8brxAxC2RE2jAAngLAFpfJsF9FVWWsJEphPyfhZObKh9YgLE1JKygCjbk5kF/i6ZFiM6f8CQUTDJWsl2KokQnKQPJjSQMDlNJCJrhxxUrWZk8leXkulmXqhIAFCz1/TFj7mQ97ZPGin10iKknPdVhzweI0NZmiVkK25DpYR5/KwSYLA1t6Gt2hIDWCkk0rE/BqTzdux8K4nFHKKq6cqi+8JYnan4QDsG5bbfZBdhpktDJDqjQlyqQ+ZREwgTCqpqlhykY50RKFGqPSlxIOglb107HzgfWzReANSW6ctSSIVwrUsK2niHph0psWXMhgRv7i8SF2rinBnhhkMNjocoMcRITeLTC7nRycjBjxsOrsfmlwfgg2pwyVDiQpZNrpf/a8dFthxiQPZ8zKwa0oDyt0BIsa0kMmrtlnbR1yTXekk6E2WAY3cGJ8FXgUSQWYzTQ4OzJjk2E7irUUdZHQojv9ws/l9Kr9T53FI5s+Pr53AZesbaD/4iO7BZs0+bhTEzF1zCqZA36uOabZDvFiFF2xWAxDqYUuPVGZrCWqHL1RWiEal6jCG0HVaNYCgsZi69ohD0Y2ynjnTPQWE4qK5dV8Mp1m/+UlrLq93n0k0LAOW7PVrBpPtoZV0EYb1fOHhr+2sSfCkbLCDAbwVFYTELwKuwh4RTkkoofygK+vYeaLIGJ34gf6qMw0IR7H1OaibcsYGsWHL73urqdz0t+Z6QScucMX6GByeWLn6MbP2RlZCxRFcmEvzXaz/DMLKmC2Uq81PTRFg9ZJkzNx6po/ArikSkmXIYk5GtUa883G/eTwWIbeUYCrAQQezmblp51hz1LFXn9ZPFsdo13lK+T/aQyX4mU8kOExU4HSBxbBihAwGijJ07OvShK8OHPsaKqcyurn2kCZp8P9OlYSvblqgk7cSB2ykzvoyhWq6U+oFf7SdWUxYDeRx4hzafgY5dtDfeRCHeU4ZYNMWYkD8BuPLxxq9pM950+6wm9bvG2w5gFindOF4x9y5HwGMClIOVFnxhMZsWc+JLP7oRyUVsFxKQiDA2IaQ/5A+sCpb+SifGsKRU8WLYjxBD0+24OQL5cvMkdEQW9KN4UUTNByWrXRVGTX1CuTtDMZ0Kn+zAkUqUhDUhFmKbMIaIbZhX6oQI114RJ4eiFca+y/JL/RmaN6BI0jlZoQTVFwdQ1QjoBlPGIlw6RrLIK2dqj/AnYRS6TT+iygulOt0bH7bq1GfLjv0mFMyOYbd4ub8OxCMrDWGxnHGGsjYOTdEBlQykf9TLrxrkfomNUVctc6XIpnuoCR7kJcyuj5AlSY8MawsZYetJ0zZFxVcCEd3xevEXIesKt0em73p3sc9UJuuUtCvacxxq7NnqdraAtSJs6L2GWo0jX9as2Fmi4Zas8TqJEENR/Zmf/5dfInq7+jdvnELgcQKSP5xIpuK+WBQIOvJAKIKqu4qEuVmkUQcXAYoppEKr4ayOaERF8HIi1eAKGuscC5jALlSLmMlQbqgi+SfLX20mgIyajWfpKFKJc3k6O/BhnQE4D5fGWvXPbZ5y18G2p1tVd3gHA18dI+Zn6LRFu27W/6jGL1tcT4tp8EeKSzPSd3QxE/lYeQ0A3ZKQZQECAu45e5NazuEedtLUGbat09DePWmCycKTzpUdp/MMl3pEhCosYtR19CtZdVJp/9iZMEx6LRJwibddPLdOhqb6R2XwzoixeFjBnhqaICvr7ikcFmpyl5qEYforp2Uv/89q10nwmNSLAJ54tvqko3XMruUdjBLI0P0QT+UTNV0wg8C0qUQCNlHxV1/FoLmvUKjWY1Ay4SS6KsD8TAlw+mVPNTaQk6V7QFP7mi53h12bfoKZKywf6rP3oM0hfBLiRs0hD6aIhClAudMiWrx+SInD7BDBLE8WfjAiJthXgmhRFNGYahXHGB0K4PtGTbuzxmxznUYBTcYb5clxY1AHgWFCZI7VApnT5I6YvBxAOw80BCQzD10nJR0vQvwHurFilX/OasPrkC5ybwJ1xdjslAqXPuZ+U7y5qumOxxnBWqqa19dJ6ZV7vu68TyscU8likGSsg6DFsBl7ztY++z40oqc7iafEOeYy84iEs+VC5+SZnpJZA1/gzQ52odISLUH802Osq3JEBjLbe5+tgGl4UKlAYktfGJRAZTsoxVgJSpdJ7LhMyHaC7NTLqVFtSEYNwbyyFodt2MSWAqb5i7qDjGhAgv05uUTEoFsY15vtVOW65OjEkG2AHh45jlZp+JWmKAlfQHSB5XC464ss/SOtqiL7U0fd7KKPUHkDO37tpAkOv1o5hoTeKIWV94DkgGS9hlocwD2PGYZZwdRzcBona+ArCrmGQr/nwUSJIeONOvKaRo+MojbruQQttRBhuffV9FkT+maShWtzxDlHX5p1n5V3ee1NMVvkJDpTkubxbukye2ddrfs1vLi/0GxPy56POsC0MpPdHTHVCm7P3PHz6+xvHpu7cf3SIpqIQiqiq0PyMrD4xNkwnP9y3wP3t0ew3fFkNaSq9X6nJeRipszvX2rQI04tgVEKGry/3TcsHtWHBUUzI/9MUVUXdUC24vu+MC2tYQdB5SQ4Fcoj4qvmJImvrVasMOOWrBVTQnVa5wudmu6AJKJBEjfipJyK432fiv+N5oL+SMDqRzlskWY8QSadHKYYg5qmmkU//p4ZduWbUS0TlRSFfwXo2hjqDoyEZgfQ8o3HbHwdc8OZ4rhVWEq/dfGMRoMgSaeCSJnLoq2t8GDfdwEpFIOzi8DmUVGfwIDRLVz/CVRTpKlWrux/8AlgsCZ89y3YipzXYTobqJEtZlx2wQtaxFslrrMdl+srwsg4cH8s3FwuuklnrJ2arrxKcbMg16IdaqkzGGNhQIHbBxuJivpL49RUprW/3NFu2S9JxiDmkuaLyOUu5rub7AQQZsUgvXhoDuc+lsl5zZE+pot4RIuXC5Kb26+k5yrCElGilajiiogskyeYsfGT8zVVaqD0dBHLdOp4sspk4SKEqT4zilrjO0sicnnJ2QM0XqlVccaaXxK0lOmlUl0GPX82iLNRJVzhlucGodICOnfWaMXoOLkozVtwmZ6wwHnHbYTjO/j64MrrtKeCL1RbBwk3daHUv4RrNSpkN8IVsYtMVxLEPfsKgdVKZfujvIdlHmCraZrQpBkFVnOvI4J2mNrDCtNJO0C2PaKsw5swdadc8xmauHwiAlJ0rHKjKp0TimaYDRajR7M0wKHq1ZMmGAFpkAuLOZ0uQilT+19aKdjS08Mn0O5uJOt+bzyKLYsreCroeaQcbuKGAXUN+LRinaRWju6AUvKgvywiFlNDZuJoASCIYSHvH68kNzVu2KbCQU/iar3GelrN/kRIQoXTxGsJr34ibRojLO8MD5wqVWVpV9xWXmzJCyPqrQJcyOKkzgmTP799z3Biup3FCH4PQSRzUEnZiFSijL+bJ2bRLpBnypGex6hKWvCfNZDAcTJ0GSdUIfb18VqZmbHB5VBhm+RroxZZhljqbtI0A6zO1j31fcCXXxynvZYTabd1hicLxQq2GqiZIx0BNsG8IqHkllmay6VEbp7IdD0EqiX1ua46ICHPaiJiySzyK5hbB1zyB4xIXnZ6gnJ+SP6qfvbDt2AMkjWHLr9W+fARo9r3/oKZLON7ECvaJZq3l++0osLck6f0uYtXpNr9wpCSK1lnYmHpIfUvw+bbYyUrT16UJ0fu+ZP34WVh6r60pFNw64djF3zdwLRtOy9/e91IJCspDQkYqFtVBqYmmm0rSf4B7rJ2YKSkqRvDMCncPYc5kYoXVM6qFNIh9cGJK3WLYICwtYjnXQJ6fZg5WUyvuKVTtLEYdIBn7hyT0ouE0r8aFYmT+Wn9NoxbIiAYXTvEYEsSNT8bkwrxpoXBX51CptlDJzLlPJBYVC/45qWXx0RMyFkNkIYQbabKj3ALilZOP+NfTmV2u6WDQkymgLbSzScz03Tyrvaq4g0N85CaUuEp0CSZecISxbzjpTLowiD0jeLgCiEnxq9NQNPZ5DWxPNQ+MUhFTRUV/iz5g7rFBQdqoJsWLjcD6J+yKXX2zlnn4zXR5m04CZRvExeXwSEpA6GwqQOva1MwBpN3hFAxnFgC6sflcmni4Bhj+7zHMQZ4bpcIKrIguKnflpWwBjmmjTm7xFMBqi/BK7XzDmQLl9rHqKgr2aygjOSQKQ45O6qNdXdONfwxwR4Xoh8XJzd/vhYU+RNpcCXqbMK27zdxoBJSiUdU5Asu79YT2uqD5XJyE8hNEEqSyVl6dmjX0de1WYwMVljtihgl81uvIIOonvZ67U/9BF16A45xbbx7xZBr/sXv6qkR/UwvXEZm5tI1RNqsPvsQ9mJOLHWk1+QbUWBzudQ1XSNrCFy7hWo5ow8Y9EYgCzz35yUBSPilUOeuQCqVzRrLFmHVpHcYwOEAUXUIBVpORYjSBmQA6K80YBrHxdb0wcJV2Eq+mLSIXOEfOwWY1OAiw3qFxxWJPjEqKQPERIsNDKSJWMFrdwRiwmYLxPBM+1CdNnNPN5aaPQgWEQpDxi9fA0tg7R7O6ypzyexMEn9twJPlYNwkYzQUZavo+IWJ7su1cuA/DIZMuV2wNNjFEZYs36mIWJuzQ0YfsO3pCp9dIO122RLUwB2dCkLufmpTfuelzQw9MddQrXFNs0c0+YfeExFC8NzNIlZfwJ6vZOOJenU/Fc4dQgB99UIkajR4cL/hzOAkvgDRaP9hmeIUxps+V9+pL66BCFFOmLp2Y2+DlDI2wuJOY1uUl8XEn8PMKOPQu3K8WdLsjaLScdp1EOS5OJAOUVBqhNNOhzb8FcvW9CJyRZAiyY0/JsE6vi6lasFhHWZZTGDP6vJnjh5PPpMMvEMD8MTEh1PfcKItBsZcryeIPqBiG29C6HtoJySM0Q9OmKxIKMqaMb4YmbvNlv/2hWcWZF480jnRgVImcaQN8ipSDMwSmQ5aLJng2l5smEWffc2Nrq5M0zt1cy5Uy1Rp8HS8HpBXiaM1wm8F8JmivtDFXO/NTV5ef205aS8tS8ddqIu681Dmd8XEyXQXbp9ktXpLz0EI3CFUKhXrzVLSA/U+fBa0aXCtFNdkPAmM9jTGPQpQ4WFdrq2W0ZXGl/trW43CsmimFNu6c/5InkN1bDP6CRqBxYHdEIoNSCQHea8NIhmgDxYO6+Z5yJjsaSC2IKiTA52vWH+4rGGH6j0rHsaojFSGCG/93p4n4IFpkhEwagg4YbbGa3jotmca/nyjpp1yBB+XEBV4Zz3KgZuEC1q32bWeFNig5qXmwPbtIAr1n6nkFm95GILNVSi9LyklYaYFsGGE9xCgT12kANlV+aB5S+CFn/VsXoe3Jay3Ol4Gwx/aPvQ60WLOrZF0RdSOHu/rvbdEf689lRk0kEQdWGEsUnl5QldIVN1VjmGjopQLncqBn6woBQxz/kLKm/cDqxeapFG8bP2mKWbVR5UJdgozI4K+tZv1LZd2+BR+3mjiOWJVnQ6inJksEVfvJklwlJe7PD2iMxg/CV3H6zbFZLBZjZ6exeIFl4pfsOsaiw+Smwqt13BioXdG6iq6wzLqUWQKx6zENv8NYA1gxYJnYRbCdaogJkQSdpZ3UmYoLWHvgrgYHIzvQOvkKl30t0wsczGAo1dJwcYXJY9RTkyQaJjlsd7abi82OnCEKo0fJ5Xcw+PfEJ16YFBui1Jn8T2tFMVXUASVNNf6mzAE/GhGvuNyEnTHy6Sie41VcV7jGDCvHTltHUpfCoEg67IqzutPIkLnArv3iBzz7gFIUdUPVxGZMROxQnRMyD2DYyaypDaprzuSp8nIKIx0WmnW1oj8a4tXtRbAdSLIRBUbPZGJM7DZsaagW1PCBJFsBTfug5gQORrxmzyEodFxcsTM4DXhwYSu3A18B8CaNsIxwjwcWHQsLwvnNvXZswQ7sQ2wXBJLh10UJzaxwWzaBsi6OU0LJcPtSju9UWXMcKRxJSHjeW3PDIC/kQW0O3BXYuhkTZDVvREehEIBtVEkuriFGtOEuDrLAqmhxadImMmkUIYSOWc0KsNqlQVX9cWWkVylRu5uL3UPELUe3CCxwmthEKZPbsB4UaPfkOQrqNZ3IACILUobJDsoB36AuxdZItzoRtO03mCKtE02zYEJNtASmI7UTxU/QwxUQJZlJfjMKaRS74scY1RxzY/eyLCWCFvvQxq37mexm/yslOxYmFVDqMx9m1j1pA441A4rYmwS7Zo3/bxK1J5suiKgsMUVIHSp8hwYa55SsL8Ol9CVnjaFfEAT9WcQhgqTD50ihO2VZ2dThfhuVAK1AtROAoDzXIdshCQ9nJWVsdkafHWVxRQhIuVFLD3EVoqL/ojRmixwvrDYWRU4eKFgK7i+o3qulqkBZO3G51TmGALBQLikulkA0DTTyU12U0GCrua+TQaVnzItZLj+AMv/hnqZqXa15x0kHqTRupU61qmUQ2Waac1pliCmqwWTz23cEP1pM9MGi1mfIaD2bjRtk0Ptf+1cJV4lkQZUUOtlbhUdrIOmx8mZ0RlyAkH2zZfluWHnO2tUfLwKKSvemVLZIwQylh7uPCDJW0C6Z8NjB1VY9SgxvwF5scO14pobSLXGetTLooigkY+QeWeKNr7Sqdx0vIDSAgqKgoDxBDsoDMWUjVEPrriZ1FcYQqzEbTT2OSTEmTwZ1g9YEYccIMMmGJ2yBnCaOcV2puZLyq1drrCP8ZFACfdZwHEIfNTRXEeXmVVgVYUWJ24ZHORzsSTLq69omSt42ILB+6dMi+2FhLbUCI4nya8pO5872zNNnJksZH1cIma7DRjJOJAu13Vp3NaI1M9qv9OnDIKbcNIxD0jWhdi0sJMB+DyHUGnBObHOGpjbiGDoFtjA8iHxG20DnsFIw5XgsmB4d33/Nj5ppBMxO+qZD/+0IkeomaBcQcgQtLhi8wV8QWERrcZ59mblYYhUOCo8085Q1nzmsdk8Nglrs7kEkiGVrK05oOCE8M2dCe4hGMUwKhYOdYS32JMEf5RtRqhPd4tCah1wEtRM4cEhlVNLYO0TpdoUFN1naOkpApkiCd7Mgv+Zso8lIP66Mf3TWVSNY6EotNQuHJrWvjZWSNLQOEzaLOmcgCInPNCNUt72Z3BuG4EmnRXl5NvXJnAQC1wWg6Bps3cMdybmXOZvM9pmSzJ9o/+/jw6GGGvdgnb5FHDBUs1GydsvMemaxGodwl9I4YCwTkPupil7X7y8DX5nAWLo5i1SEBN9YCN2wIEekHz3b6jlqh2fFyCrWTTBP72KgOFSchMlUgMBA7bImXPTJBMZ04kVRvP0n9jXKllWnPoYC9LBVcdoOzCxgSJiq77uG4M8nyo2v/kiSNfdvngR4Y6p2Cl2DJMu5oNh1LJlCDT+bkKVQUUAfbz+JBXKaKDoAF2LEPqMZoimew6A9TM6QIfMmofdWNY0mHcgxjV/wWkz7BrD1I1HbWMhtFILEWNjtCzDpXgLfnE+1s58hOGkzwMZkwCbctxiiMe1DNtEpHYc76KT0iA2x/W6XZ4jNiBoodDcKc5iRNjCArZNdF2cI0vXq/MR6+arFZfkYjb8JXWvwgnAY0Lrrr9ISYwmPB5egRsYhutefljYf2ffKeMAnVAsyNewG7wIG/u6SniwHqMNevlD1kGD+G+CpkZo3W+5abfOtU3HFo6u0NRNtIMx8nyTTpeFpftuWyOuEyxGDU8fKcTL7MgHUrf2flK3P5WzxRkkzHRWnGDvV/2dZhX2UHhHecSTIqArUIPG1hiIHjnuxxRKsgs0enDRkiVI/UIqnSeCZqRo6OvTLoKnDajmlox0eGBMjbQR5aZw/aKctGB3oi2wV8tkwSkwCi1s6+Vvg92YJgxKM8ovEmANKn4vq+ZOpnPFGPYlgKZIWDPQP7qmmsEkAsSDCKue1YtbZ0KCRfZUkS5EUWqyh0yC8snQumBIqz4xhXMwUHWDuqPwltHc7kaBqMXfsIcML0O3EVMl8ry22XRy+rDHr7R5QQk+ESMaWvkpIUSnVZebeD8rNceQUvAnjUSU1BGdwoRQujFRLiwJMxnd01TwZJCvS0M52hXyfZuia1fu6ZloKHuwZwa2UNM0Tj56HU9bpTPcFT2GKAspq/tqgosCzDG5VrLHXKGd3lTGNNZHbLvEl8HKz60jgSORQJQveg0dQkz7seCj3lOv3OAy20BjZ7Ub3TwiSoBRbRGSLW6MTNHgm0becUNWtkteFg84lYjGP6xFdFhmiDnvCseKimJLY9yCHLAFs8XJpPmkAp1veMdGQc/cRe5NbY969D6KymUggMVlZTEeEIhJtQaQIiQ593P6xbYpYEA9jDcOKHYf7gVMrzfmd+aqToId6VqwRuoZRXkj9bDS29keKlRnuFVZKKpsyzMz7RLnCIIZZWOiFzLJDFPDzTubLx2iKOpR9c8qWkHRr0AjKE4p7lb6cYCctMZnMTg6794s08AsGFLvUCnNf1AMC6NtLfAonLgt2OAAAgAElEQVRYoEg4R8cvTFtUYjLB8iq7NdUnRXZTM1HiVYBDCs9uDOjZ+s6zj3dmJ8bwm/fG0x/8Jp3o49EaeZHgGDYlJ7n9LD8lEqWaU5Sh/SHS/+QAJ6yyjZrQpLcUrzDBIhxKzTZ7KGKpQgf95BW0tTsS9IQRnm2BNL9HPj9ON/5OoyLMhB/yxOZfBZrnWjI1Gg6bFDeK1o5Oc+iGqZRF74g+MvnvyJbRM8g4gkjeKZ9CLmwXV0/Gzcs7qCNOLLT45gpjdHo+B/YtpPvj8ORLSGR5fOxTOcuObWFaBNJrsVW/HOf828P0vZOrqwW6KCB30wa3WQMcp60BMMQcGJfM7SP+t0O0Mkp+zLu5O8Jgdham6GsNIb8ZwpKhSeDNJzc0mmdogo/uG/C0w7uSVVPIiLZ4WWvMg93d/mT226NEmoNJko+tmqs/+o37mdJBzy8RmQuIEswUPk5RMkdfALkj/9uEU7+rSMWpkbIFCWWQiU6TH8ZPuuJMwfwblUZYtSa7Ko6ZK5047MgmNYJI55JaYI7JZoJ1nFS68G/oEwT0yVonOyUdyGEDSkpoBUxsO3ZacFLmrQaBUd4kSlVLvGRei1j72LryfBbz5Eh21IvR2UlJbMY1f2fL8URYjknHIw5u7QexLUT10eQOR/AiLq0WCipQG0H0QJQbpKvMmoJgs7GfZi9byCmT0AHNyQMNuaJxjOI+eTrCMFGKQQixrezawtuhKNzuATxAn6GrGAOQMPngwo+5XXzzp20yYXMEGKcLRLi32CEXc49OHkRRXTyhwjKZ5YrGEmT8VJff/HYKRMmULV3D4QDpW3JnBBdGAHvyHvjNos81aZoNzFj4z1Yazs7nbUSbRSwrWhzqUGJ56KJh9n3xKIGtnU4jbYzGcmUDBo8k1xZrMt+bEveF/Il1R7PCr5hmLprNU0Vkq/LHS5PrMmhY6o73pmgslJwc2RAjLDGQOPhTv6gc2rxKqhpfVDDfVi5s/yKeKewy8uQp3o5cIxfRRUtUK7fFrZgaterD59yRrGK8DgvE56LBhDBW+w5HwcJmKh3yBy/AbDce6E2Zg708zk1pS/jgUzBG/bSlbl1ydVCrqPHbFJbD0J2ZJICSTWWzCfACcBghj242OIKMhf3+WPUiHZuhHYQ0TBi1l1sawM4Dx9RRJej8mOJ2C34yOlKqyNF2Yrt8OfwxDjCOoA6/1AS8RHC5KhdcUIGFl9dPUelVKWaMURMNWRV9FrJaUEukOn7RJTCZRqy2zDY6gIo6mB9un7+GYU3t6e7Zqy+/+uTKufc9HrRRZKr47qbbGBhG82dSwoxbWms0E4lZysjAarzSryC+ohKKvr4eUcibk0Ms9gsaDE4ziBkjoNo0JcYxOAYmaYNd8vr1k2GLcP+fp8p5R7/an2GDMUvYWQuw/F3HFtcTKPayRskG2gmUFnuysS75iqLsCE2aWRBWXOBl9tHOCIsPXCJexefa7BTzzFb5NILVSRKglam2+mhElTD1E7RjdktZ8QUWrcV0VqCP548xcQEW+xlB4COHVUexSoUjXTBI5o3+50eoxvqPVzQc6WhE0iWhSYVFpoRMq6y94GKUyvML0Fi2O8Va+OwFcd6Gkh55KgWu7UhBPQjo1ZVEl8QikmAdmJjgyGlMvVEhujmokqRrppIW7B+wkpln76BkPzbNk8nMHQBtU6HdjOHbf86bjeMNIFVWq7TWMbzW5HoUzG4nLKlWmfG7c9Z3z3tBUZnBZec+es8TnnhQgbFKQFNQ0DiupUQg4Y656IJxbsumO5i5EoYMAIvsE2vRTLjwVRM5U0+oeIGcJuriobKndhZFnRXBAPCF2Zm9LFRp2saYcymoD6w4sdpria3etlx6s4voACUEBubeWSzgyM4pI5sw+TSl4j/LjhkJhxCivdqh5igIncHJjw38Y9t2e/cad+sCZZQtZWDdQ2s/ffSCLaP19MygySrSECx4HdtwKT0mJxnSqxE2wXK7q6LQl/wwEzCtGGJkRqw1IdWqSbIQQ/UmOimC1vTptIBXOC36my6OR4rWlJtr4IbLBFFUJiWAEJI7oqtPJswRi7jeWZgij26jf37/aGkWFUIJbv7dYKdssJELDXIxyi5nQKCVCo6ZBLNr/DN76qWuv2OKPLGyaorPKXMVOp6wdMhawz4uiEAIPqeqc1XJhh6c3FKoF4rFRC4I3PeKg8gblVaWznY6rLkRnqkC94fSxXlFQw29OlWFNwPvqjSuAq2h2em+FqRmWFQxmGE0WXdguC1HF5UMPdPWL7NHK94p2xR2e1hoYQmnJk0n8uo6JkRJMOTQyHE1oxxXwXyy6hpHUIu9VYU29VNTiMW70OTuGWzkyVHra0VbrGiwYn4+8W2Df478onLGlRksDhPWgX+H87jCtvgGP4EcR+MUdwlQhLJtKO0GfTXZs69sAFUNbHK0n6XZGbyiomCQfaXbrMjuxa2oHyg4GXK2SWyar2tsNQhCzplpy9c7BcPAqdQ0vP6jZSP3duX1ksXT40NJ4TQnmJ69ffvy/oP392IpKjyN4dmr188+vNcJ3Vq7VLpcwLB1G4YlXrRtaBATBCUCCTiC3UJOp+bUdS+ILcZnH2LyTW4zZ8grQm3SJ0amULNoKTgy2KyBx+w/X2cbpcsTq0Vemd2BZ4Uk6scc1k+RNIDMF9xF+BAdYuZeVY2E0PuCPs/U1o9T62vj46ua4gblRcTEWcVEHUQyBDkJjgjscTBWc9VfgqR7kmaI1EukdIh9bVxVLEftcFanvpL4jHtQ8TxS1iLtRmRFEzatauG0qUc6NEIzABmuHyAuRs7ulTkaXfvJgnaFUTwA/SCoBDFV6yaSLHUOaL+rO7RCViIHERCbggq+LuYMduwG3fq0QeSUQCfPRN+/r4SYIPOAtjISNQMwgZRtgiRzWJO3IrZY1cRd1gym+gvoiA0FNytmiqXCkqAWgL73YvZKc23k+XcfXtztYdL53+XUJEX808v7Tzf3j08/+PrVb/7IdRe9sEeTu3vVLWhOnHlZwO3rD09vXv3d3/2lVrSeFLMecAGdWYibhYqAVr8SbA+pqGUmVYkOfNlOzFBmy3ISo9vgVPWqe83LCkLQM5VVMiJGWFlsbE+uCKmBCAEe6xa9Rg468JbHSqXGDY1Wm8MHDzGGjR376xokrjvrgjXk5gQ1TMJ/7GVkKmvsXUBYd145bCBZuml9/4AOuSmZxov1w8/uGtaJZgQm+sGYapHIL37W05fo6FS3T+Q6rnQt+1mhtP7Kzzy6q95zVWINJJIOybBIjmC4jnCoqt3JUk1gzPPx5u6VYdTHe6YD3NKn0hQ3DHp+66woAzU2R4KBMadslj8ZhXEmMymy2YbJqGsCMATeC69WJaQD4peqJwmTH0+moi0L533VvBMyFCHQerBn6XxwSQ8ofPsGlEPtSCqSfGtM59p7C0MKXYmR/gQqr6+tnXSYGW2FGz7hRwJ2DiAi2AI2+okX8SxdyVAyZ31BJE5ntJ5IPAs1F54ZRty86dXvxSF6HgTfa1hcjmSdV48Vu8dKZs5uc+yqGRGXO8deBgFDwDT17zNOWa3jtcx0qHzakDg6+ZNQC/EGJSrzuvXnzoQsA+CUhnFvy4RxqDBjHqOc+LCPxs4KzRoDxamL4w2AIrD2nfyFA2UFT9Y5tqt6ShxOidexj6/2NWI++qygktUVJYWvN93eer1rQyDX+OjQjcu75dQK9MvePPi+COz/5ZexpJ84+Wwr0hVUNcAGECTSarJx9jkcHTULSnJPPqii54Pmc+8PNLJ0JUGzvSXq2sKb248f3jfU9VhwpjoRgUVuzIctRvJfiiHTTfqbjNeSQBmipDQ/SrUJ0yxZu8NVUnFH4i89pPipNwl/et8LxUj+6rZzsFauje9vXj5+8fWb9+/emwVJZa0FwzcRFWUp5KoF73N/8ZYR4EJReDJY/iVZjUvRGakWMzjUMq/yoKs/iByk2vIDqKuopefaIyApECQa/Rns1BaKPtBZBkmWnwDkioLP+suqdpwdlA6wAo9bQuWERYj8qeUa1odQ/gaLfhL5hY3b4laJGZaJqGvoEoFPrRVI69HgSc1hfFJe/Esgt3DZnQOu+wEWgo39EiTCfadkplgo16bE0IyWcamroDQY8dACzxoZo5KjySwa0ZVlyxEfZPpEcIao8aZpUQMk1qcthtteJXEBXfs6NI8HRlO5hjdx1MUlzOFc8q1dh28DuR/fxz6V9xQgVcdxR9WUXEuMYDwPvsIOmmn6nT869Cl7ghqc8rABDJ4enR9dwGdJiqibKmseAWavUzP7BUVxvAuNKkBqrTUgxkRQQGZHi3p3L1/87jdPP/3mfR3OB28FeuDpx8fHO9diPvv47uHDn/rq5i/8p2+8KYIEzQfuPCWc0XtprsWM7+4//hN/5v0Pf8e7HJ1GOHmhpkGlriTA9+XN+28ePtxvhDVhptakzpZTPimzwwwxkVdzmS7bpnPVAfnNeHl0OtZoKi0uNgIpCDMTj8fne4IXcqFaOeOM7DynjqWCuIihWkgrK0IdZMdtec9uYUmgI8SBvCRLkMTJj1ELz89pKHBi69gGfdkFnBYwrCQHGlro2wkuhBgGpTo/JvCRNlJRm1x+gmv/sltcPgN+5i1CgjqCVhmDSCRn25j5/Tw3mBoDD6n6IOJ1DJyJDtekOjAJkT6JOVazaZSAHu0A2NMMYxyN5Djg09rLJr999/TwfmtmkcsfF0TWD4XNaj8RPEJF8MimOPBqtiXPfDdx7I5dRr0yWASS9XJ+9VKlvKrDQUy76elYnd+/v7lzL+/XP/z6xT/1T/zwR29OyqW5YYzWV9cG+Msvbv+Nf+/5/+Xf0Xa+fd1p34dXr189vH24e90jKXpf5c27f/CHNz07I1kantImdSz9sghZWtJUsvI81oiWhK26bYzuSEe4a7azYH2+pvyhB/56COd3TfYLVomaLjNv9m0rOYP78Oztzz9994uPj/c6chAtubqwOok47+bp3Yf7b53lw6XTq1FPVOaILpjykABjE0pTKz7l+Hqg5K980IdrzFcMFywSKuGwHDLBR50c2dtvVYpC85/3A9/SGccUMCwAA75hYAIoNq7yIwbADt34sq6qdXD4+rOWLZHvzDbSAQaf+v00yeHRsToUPkvSqIhrggrl2fNv/94fvH/99uGb74yxSqJGeMayxv0wbr54/u13bIGFgbaStuQ8ciHQ2aSHb9/W49JOZX4q2VBHD02b74xvyByNbHC2xNwWZVL2V1HmtG0uguTt65v7+x6UTrRAZiruMEvU6zewa7z2aIC4ucVzyz2Auqiz61zqdF7dlUS7asiAS1U2ORbXxmm0UdM8lC2YJnmoUjJQnMiBrzj+FGzw5G/y5PFv3/FVZFOgx9HV5y0aem71L795ent/BQbJtY/8++LlgxfVWa56+emLV3deYc+6sWphsqvYTxNCPMbK8VuAxWK+6/s0iQLYdmUxASXO09zCuUuSPr14e9+pO2E/l+d1RM8PQVlwpwTSVszE+GKx0dKnT+/un7142GhYvJ0L7Av5/hhTZ8omFrZPS8q2859YDGjGVIBPAlfY0X4otCjatOWCXRDwO3QRZbyt4Hf/+On+4eH9/aPXGRt83T96QHHydNHac69efvFKIsvFbt7rBnSLcsbzIASAMLBW/PDkDSfNOV2vyFKvX3VruXykKTHT/XtvJ7GSmFCszL+quoVpY6Pndy//8K9/Yy0A/ZpMMrQsPzM2EL+5u/nq6zcb32RhM0GNl9glgpg/v/mqq9qMOLAeBaK1cJi7vfr39sV/9b/yF1xG/7oXhVmlcJHPx1fFsYfamk5/+tt/+5f/5r/5nxri848wFjkCYmLQvvWRWoCVTatMbuLqBifndGSPlMnNyTJDlyIK5myK98IhhwTGXImTTPQb4HFVAGevrMozGamwYSimePb8zet5vKDPawAilI95MGAUT4uKVbgHn4gtmGl+r770lm9MVZKquxxyAPssO71/x/mUcf4zUZJwMiC2VvjyR1+7bevtq5fe+V60Z9fFj3mqywCN+b97/y0ZXOkhH5pBQWwpRwQM0o1fm8b+ii75REVT+MsmKVb7U7EFhhlESkiObJmqrRrVS9nNXIkafPliqbGqQueyRq0s/HloiOk2wjxGtXrASHnuR2wAkzqbtWVeBSsHlCYKxjjANqQSe0CRJmd0zgacNkdGKXE1QBoBQJm24W5LjRRJqnD6yq8Tq19VE6aKAZd5QpkkqYm0NlUHvtQyakvG4KbMwLPkuo65Po4Tfwa+xB3nMg4ZRWyiJ8p//Pe//cO393fWmqxMZuUHBOmy61o//fL+7v/xN1r+1OrMEX21/6nL/UXYu7cffusfffefefbl44cHNw90NqDY68wz2V54G9vN7c9/7+dPPxdkTUFIBaD+gAwUnWFZOgsv4PPHDKGEBWaonG/32GWV35tvFMhKkfJFouVbjXZSXmh5F6mI1Z7ngEM6fU9VSmW/wEZJKwj9tGa1OaJuKbH2qbb/6pI/ikndkcITUSus4OKSEmiE9XlLzfMXlQsSUBrzqS+NDcRcFmY8NdVS7faOSfA9PBaEqYrE1MkitmPmIQMsQuLW5ihGY77SwSfnUSUYkJNC/eddUAd/BijIkDqoU2iCBlOh745PVA5o9EbAV8qOwCJ6BcVHgapyg+sS7cUwwWoMiZIxiT/DZ6zxUhW7qMY6+kEnxMAP1vCrC+ISvb1QIr1AWKapWeAo3R6TrA25Fu6nv//Lf+K3n/0X/lu/7cplT//BfzHC7oLw5ubNi9d3v/7f/pf+7Z/9XFfaaQJT7puXD+7TNcbSAr97ev5bv3HzV//K7S9+8dYlEGIxRglKn+k/4RK5Aa1fNsqtDKKdTdBnP/7qzY+/1DDLiUZkNN0aGSCnFV58/COUHlz/LfClkR4LL3JQMX9wlYWu/OH9xz/8j5/+8KcuqE1v6Eza6qHm0JrBt3//m8dvnLMgc6tvC5asewS1l1nTvHx8VmKzpX8lLQRa3WvxdhZN5Lj7HGaKc9kSZkauZs7KClHIDgSrH+ZyajSOt10Bu5HRlZCvzArDadluYQrh+R/98um1oZBxro7QYnxDU6+HNwRG3zkKOpU9Dt88sDxlNFGSRCBmJIt7cm8GWjFuz59Jm3/wf/u/fvU32daJHYusGdk8SG+g+v7x8Se//sMf/vjObYnUDGcapXqKImoo8+LJixeyICk4hYQ9vpDSreW9vPn3/4OfPbybJFM5MsuhcOyRCqnkae+cyykS5grWNwmUqg2eYkkTk1fB0/mRnhXY/O9Pfa2TXLgxbkli+i7MEH2XnWiOJFcJuhOijWXSvwFhBmK3hRWgy5ZTt/FxS667DL2XDOWiQ6l5LboPD58e7zmxEYKO4xd76XzeIErWf/HH33AbOnuwRI396GEAWifTbRPP7+v61ho4V30SaK2FRj3Dvot/TWI2AEOXtR9zrA/PvER2B/jhuY583B1ODLqu35pV6cvsaRcnNnfzKPb5oJzUz5Ew7QD89K0BZRbcxFnH7ZKFjKmu+l2r5gF6O/DVb7GRIWeoUsEaSfD0nfAzcxAoH0rpV5VYhcbd8mk38t28/tf/xk/fm1bZmp41RwXnyNRXI/dcg9s7Izut5dMXdy/MASwCP7aEnMEegXz89O7dJ68CR7H3MT5/8fZdUdeJQUP8m9uf/v5PX3x82OiqqKBfU20QJCnHPHv49x+0ptIJZBpob3642PVUTy+++vUfvPrzP3l68LSyTY9SwvOEoHc/+ofnTz/5R37juSmeXUKzQRFoENIY+vHBBSmP/6P//l8gpTkU6u5BdIpD6s1Xd69f/fir/+3/5vf/T//n/+g3f/KlDN1NAtHYf4zaNej96uvb21tPW98713sbGbeoYln3JptTzLIdkr79E/IJeo5XU0WNYgxAlKqrPj7LsW0OFTcS7ac4qJH6aRNG828DGJgbKbWXpH3br6MedP3BXp361Y9+UCNsYcjsxXqG5tzoTajdelur5Yj399CZvGaRWVFgQGReOC/9n/3TWorZm2UCPKRX5S8Zljm/eHP3H/3Bd//e3/vuTv6EuLOaa+9NDgqhj8/efP0bN7c/8NBhuAvYxEQpieIxjvRTOY1Vb6s8tfqtKzp7uvjNveDGcJZujcG8VLydrDDyGsBinBCzRmZMHuRqheJw9nm6uevZlpHL8J5F0d26M+PIT4ZS79IDGRT4BN4ulNRMulNRwSBO5Qrr2yoLMo+WCA/CSpt4DGA0gp0AFa28ONE0klFZiHbWVi4RxEKqHTUz0yF+8KfacDpGZXBHEQUjN3VnJqTGY21bJcUlTnf0GswbwSDx6lXtxw5/ub7OmP3Vi2dfvNqzvT89OQtkISTrNLtOUvevW330DlGmN9gnuYMeCMqT4trKgelE/WhKTfklltk3jdKYyzlN5kiBwRT/9RRMl2MCK5sve8Nigb5CVjek8vcOpnPWPBZVqDjorBnD0veOjlkwLCHGt2wVY1ATY1Koa9yJSRs9Li6FWwRrjRe7ejToKw/qqj9ZIkGrGUyCnK0EYDvxHy3McnAypCBpba1ZKkjwAx9OMVKHli1qbIlhHzi3tmVBRKDZQUt1NME0nl4+HhycS7JA4ESmkir6G7n2HEe3IgcAHNd4IlrJyB9AwsUxer7ayTD+ax1DTqhIjCYwhDRdtI4AEYj07rOEUlX2CSkKBz1vWrpxvL9Oo8fpYplEK5/thhjL0ZkUIi99fbLmdK8kGET1zZUlYzxXf9axkqOmrgkZtX/4xU/fOVJIMXlHc0qHmxffvXt89/qbH3316v27X3hH2K27gz2D5eERonin3pc3L7/wMvf7h4ZJZ+BoQCi0rvaOTNL14xRnNI+ieZ+9hqRkUYKit2Y/9AyObsBlimyaCut2k/fEbBRrLrmTqXaVBdm6QbkUn2FCiaver57YmkELyFCU50Vd/+RimuJwAjK90oyGUb2Icko22CkAdWb4ZZ84hxNWNIetpCMHxwHo5z1f/vpfO3Q8usNtOLcrUVcfFB3DmoiNIbqNtcseTNxczdJ8YKIfV0+ajdwaNbet4bS+YfcqmUQVpH20e7BJgjnGzHnOj5/c4P3y9s2TIVIdMIMbLxQbHHTHYbs7BCTmp1NMjOimDCHy9RoFmNi65qH+fOdSUtsSZQYcWJ7MQZ2FibtRZTbOiLWHU5S0FSGS81n+sdOxyPDl2lEGSqm8iYOAW/hHDxgWSdTFSDXuzJw18GX8xOWKGEzL5pwTt0HwhCh0v28fpWw+r3XqIMzBCoxlqzWYRouxYJIj9Rh1GVIuTyzDPmLWXDr/vLFNtsguGHVGoruWW4tK9gxL8gRFt8irEPJFPz1pkrUKM3U7MxbKbBK+kl1OAKZ6NLXwNTG0Z6IdDDKItYgsHuXRrISMpBQvs5TymxyXXKSp281zJ6rP4VgVUok3RZRQMVVXN9qZBEVb0tlUH6GTk6rXqhAzG+h4XhLJlytNhxmx+Cx+DArdsFvbTlQX2fiyRh4yNEsZ2kKPEestSthwD/EN7PGaJ3rOAXpymuAxhVDvDFtxmkpdbxa/nTUVJreRJnHKMcCW84nLYs2/X712CVAvAxNb7INdpvPd1IgIhhdPHnbmOIgICLB5tNNPefK7n/1U+e4/cD/Dd92uYcXh+d2nW2nt0y/+8Gd31iW7NeDDzTNi4yKRmmzsLenZjI6efvtyp2Eb2s60unODIpVkoWBeEPkH3XG2r2r1aG5XdRF29nN92py5adoSFkQ4sWSqnbZCK8XSDHjfgaBS/M5MUVEy5QvrpIh7Lt/PFetrugUXyAhJ5r5hlpm7suqEaU6SpeVD/i7c40dvlEc4CzuLgPiHJyNv137juLiLGndzrne9GX3oZlw5tV3EEzdKicp45EVk2mTjuDuIQyBJuF8JrhPLChkvH9cA0i9bLswFhdMRGuW5Mzkm6/4SeoSYP3RoGbghXiRobeVJw3b9ychPQMrn2SRJhpD8rF1NAwTQBDqABIkkoqFUs692bNu/bgJO3VOylrrdWf+AxqftEIlvW2WBxyxXJ39aV9vvMUymVBu1xvcpG07mbT9gFgZ/qJYgE3fyVGlnCIA2OKikBqq0J/e9enX76Rd125pb/83zGs1bEJQPWvTbDeCq4ypVopx/Y+lMXkfuEDH4kA48auKVCdvObLJz518CcEZAtAjTeXdGSGN1alN7FRkb1dEuUoY+fZWCnHeBpJBlhNRIg5QraAYRif5QJlqWG/Rg2v+T23WcHVJoSlU/0fpFKylnw/WCAVY6Kg6G8/lYYU4ZqzDzVyzQOI65FGCHabq6aqEBLQbxakuEQLZhcjEsUpLtsI9I/8W7DJ0dRuAwLZT+BDppspDCskPJObbHbOfw0CW/ij64TIZ9xTFWn2VqIJht6cUPIzWpJnvujE+GO6Lia6dQOe0oLY4qZabBbAQMaroerPEkhz4Lt4hhGF4NxNdn/7Y79ccN39CHUmtJzf4+i2mnI0VXhJyE2hgws4QRg4FpC41WklG/p8LqCv6U0EsIfYNtE5QlwhhoJ679yCMAamuePZFkPY+uK0xNrM8o5rGliBaWutDm0/NWW/imU3BZu/FUfPBz+U6qVGqnhlcPnKfJqC7jpXrsOqqihsxeyw3cpF2m1Bl8BjADYYhCm/xvHbhh7xjWD6B5VZJFv6FB6yAXYvhezZ+xinDcJ5voimSsMG+xM1vi5qM4GOKN4SQ/7Iuoy//6gVYC5oCDCwSZYqVctZ3jo5G5ImKMFABIICl/nGFkhORrqUJK6x7O7LW4HR3Hi9SDqkthANusncUbo/WNvVJ/lDk7YUhZwTdE85PtGlttRGLI33u12E5VHe2WuI46oRADyZxeEmuvrV2mNiQuFJbtWuPuMgw1Ty2vbPQ/nQJmKk6BSUfblGVlNYoc55hEx0hdholXRArPvLW/EUiJTJ8cQshfYhqmFWgAACAASURBVLdCrO9lvoACKVxn+S3C4hLV/HO5KJdniz7xMgaZkRMjkSjiCwVhaMOySQjTFSBFzrIgpbJ3xlOQaYB3HYhBwIZT1R5xZ6p4TTrFSzVxILBChJAeNYefjzBn5iPTUBMmNhdgdrC7MWDaEa2Zlt999jMRT4nvhVVwscxWsMh65CpGsovyNVQAjjXMhOgv7cvuCOcEX1HPqB1tQLfd2CGZPpPwkibyx+5pvCYsjBq/Pbv/+ChVuZ37NOxcSUvXCyZpl58x4KJBxFoIbpKVBUVLC676bDdni5+1q1y2tlBCSEjic4xQcN1OvynQWVAUpkHW9+ms4BSC5jiG6UoDburHV4qDa52DndMiiF0atSuNNDd1ynOSBLegH8/u+C3hdCWoQOrJp0U4kfLZ8xsnM4SPq5objmTFMqOGhnuemq4N6B8KdpcAmVoWWogFvC0Rkzc5E4OSs19HClObR9I5PULJPlm48qvoGAxKACV8Qa+2thmZhd5sr6CyXBzDY6z2IniRjNW0B0PMTGbLe9Hc8n+UqRlWmq1JjOZZG7JI45RI+nPYVEoiNM3yepaE4Z7sEgJePGH8Zt8Buix+7phYNT5NAaHUeMlOxrgmGMgEyjQOK2+rqG9fwlREyjFRbiWGNLnRAZHXiJIIBlkbmo5FrgNyGthyD1Kz9fQsudQJmVeOd7RwT8jDmRlnyKyXmIQRX84OHPEUTWuVBM/3JzMEF6O2o4w2er0HILCjeQmw+tTr5yClbewUjHUwl3TluEGvOpwMNEkjAU+0VJpUQ3MQ5c8kx+RU9D3R/gSTmLaxYnvVTFIudcXbp0/vHxvJfOFEoHeBPbzvsQAaontozPXuXNQDSv5osqhl79PzGRJn3iLtxN99fq3oZJSZ0rmFVy5HsLJIheYPfFDt9EVo7kycjLRM1PCKPydthWqWTjBrd1aYCeKRiaZRCrVeO8PBv7r1yI5WvWS2OkbwW00/WXBZLcU6iOyUibWScHzln3ZHQDrJjAEnSr8OfdKtLHRMXJ5VNUSkI9EBMuliU72gU9ChQsi6e7nL4SArj8Egki82h1bJt5wINgK0d2Y/2+GSdINKMFvHEdw2wh10scKQ65TS1XYQxkjJ8rbm6S+XjsTVNNYOR3bGCJ9EYxQY4VLS/0J23I8scRmrgGOYHg2mc1Ezz6xU6jpmD2b9xZKEdnDhRrm6jR4in9n9KkewiqIdrWurNjNWf7ltphyVBddwwjzeCR4CsqWUCRX31LG8RGmCd/FoV6YmvDZKGe2llXz9TXNmk4FNn7Ofa1V76N77+84DOJx5ooa49mWGrJAjGNEqlkyuBR0HLJVlILJl9oZeTFK/gJHA2iZy0pbhpDm9oJhvfUZTEBYkTLM2v/5ZBl8Majcuv4yf8tnrzDDY3wCiaVTN6c5T9AwQ1gUAPewLwRqMTNwLnKI8TckT7bbWDguQ44kYTwQk+rOdCtk8/jrBq3jxPDlHxR7Q2BEyO7VTUrTX9U4FTJakTCPFTMVTwsotfyEI3kXUJjOsQd2jhCr/W6YI5LA5Vqj/WPVRhgH9pe2mRMkRc24HRbjx5I6dqtZ0mHVZ26WbdCRLBARTWg+WxPVsci2HcbwKTm611djLm4+SzMKKInRaqr0uGe8BgiNC2iPx1Ec2i2TPqLQXIpNENzvnt678ubRkqHbTQlQFkZUyTE2dC2tHWV993gnQQY3cEU8dOtHof6VZIbWTwopSgZd9XSKe3eB1jEqL9/XG2aQQOpmyNI20cEvY3D2rlJ3q8M/d211V2qmqnotrwNpN+QZt+YTU8UBkCpBVYNQZEw3ZYwt7yQ099ket+DXqUa4otVGJa+KCrJkkelqiRZQZjn5RiLTtBMAxf0xjN/ZbZY1mFmvwiILQCu/kHcTYgFxhjdqMWVvYCAe37LHC2DgaHBKB2M9uyTRppgeSIrPbfw3d67mbP7muTG+/TMV+dVdd3vLqzmK5cXNv8Pj48PH29R76wJIxaRyml8Y/4ltc4DfSOJOgzOkXR1MFPe7OA04/qlSjvBmEhNZzJI3mODXB/GiWCsjSS3BrHa7Bb9g94Yw9elby3k332OVrrj/p4uR8hlymwL6GD+/WpCUr5Dc0szPFDFksX350YdLHR6dBsg/cFzePrm5o2JPFF2YlGv+LeSoi0gX0LmbO/Zl3bbNAzhzhtACaqTNwXk6nYeZex0PDcaKwbEoGiFMBQVumZTXWX99hbciI/OSpeEQi+qH4YOIIs3IklgqTpYqmWquVvuHUn/vtpDbm8s/JKnmy4/K4BQfcz+lZNkxgCbO2U7Z3kGQtnNQjUNUFovViPT+4vqRlIiyvpiK0oMpXqjj4tBsCMRLfU3AOPi0oI/krklKA1Il+RMtu0yuYsHwzMWs7Tqo4zh7Z9sRRO7U+4cD7YSdXMThKBUhPsIaAkp8wR2mx0NShskPabrjHYQk28EJGeX5aIG/lUsE2pQNPsiKmwlFxdLAxHuTEEleKUyH4qlJ/h5XauYRLVKRPPYiLSZS+FznQiEQgEmc/igmFKxaH94DOVxQDaHoHqScTO6XGeJsEspHtyWsjXRT41BVBvmtxLhJ1+uTBOKC2y13ylytKieC+NaMW5m5BQZoofES0ocuzpweNx7u6e+BuT2zoGWS3D+8eJkHxFjs2jWbji0xT47XMVWPJVrwvtmfJy7AL9cw0tw8n5S8DUHl7M195+TJOTU3EqUvAfBODynDcMY5ZaPixBnOZtYp95uPDqpLUhBCP6FUE6wRb/CJW7ltpMPEKSzng4dhLqg5Uz5+rTxbtdJ32eB8pgwSE0Ij2u4IIaqFWHRkzWlp8xNIgdeMXxesz+3bA5r6BNyObGHJLRh84RsFgFbp9GU9E5efhDQWNahUk/3iedDOYzyWpmU3BwIrC6MXB39Bl49VHKaMJiDXhjpA9QmCwRjFXBoQQ0gNM7cle2einSG1sPYLdBJzOxzZB1aRTbC6IgNALPOBqoj5ayni6g0WgJrCM3tPgVQgY6RN6gxkK6O1qKmZiWlgWdKTG832AVyS5SvVGrPctqEv6JtY1A8OPTpdPhIy1Dim6k4gAZ6qGCXNNnCyTz6Z+nrnCLCM3DNUwKVUUKADrS5GuLZSzHd+dDhVQo4Sk0XijVxNkdFb2aiZXbheKbFMmqRdWlRxotcazOgxrBrN+kqdIOJXwXAXDVhpCCvS969tG4Yi1Um0o23x/6Vtw+WIE0qokVyCwIpaGEmrCr8c1Bhmgw0ovhecuLlv8UCT+CbAwS7ihR4HAgCKGUIxq7JfMi6qQS6QYRZ+7OdZNHcr4x0OVQfMylxj4JmTLqUxbgjM0OYoT88RonMljTJDHjGhblFFSU7CWaaRr+P+qfA03ZVrVyw1H5KxwxJswVYnstBqFrITSNXCyl2YFs+Jkm6p5ayaobCHDdI3PrBBvLMeqAasKtG6/kKae6mRNpLFMlDYJpX5RMUIlnEaEepXCJsF2Htk+xQnYmkoUKkeu/3BO21MTa+RNjfVZrgNYdfEZhAYHY7AkrsU1zAmfgw5iEhWX62WiZ69kYjxiw1d7ERliMYxKIMwic72SWZn1elYpnaN7+pQDezFg0zm8JBGZOEUnzsfqK1XhOB5tZAhi6dGP/US98DrEvaXQy9Gn9tA+loEUH3A8ryNwtFln7GnmfSM3D2ehSH2ruxLUNXikjbf3ammuZLNcend3O/LrTRYAGS3KNX/jvEevkO0YWaN8D+fJjKCthGQWApB9mT7rJmSNcSRKckd7BI4JF4KZJud5d4Ehshmv64a51Munatumdi5RfDyvTGHROVtTRjSPfXLxuvuAXcKgrnNlRRPxXIzQwyFLVBYWu6Jp8VAQqUWXTK47gs/zNSqxxVKuM6Ggmwm6qomwu+zczTvoJGIDlfl7imaZckCpUNXl54y142AHjFCQk7AqBrycKdfmV/SZhAyJFm5tLMviGQWNTrNg5UArYbcMu+CN9rD7LaUszjJ5eauzTC2tqqlFAXHXgG91H1wN5RaPrqAlp+lhS+pHOIXFzbidAIwtaVMt4fCZklOGm1OCKimzmiQ7LZo2U8kRHZp3Jn86hnRMuOPVdJw1fVaob7XP+jWYIo0V8l3cIVBK6JXwxy0YBWCCxyB1j4FBj1S9Q9zDZrkAI90+kg0Ijj2VZl6HZcwAJ0+YZxt+VGwMeFhHZLJOyzGpXm2E4nYwjvS+PxOttoNYgtn3ZEqq0t6kvdBLXBFaBosh3INdxEVpQpyEBnJbQ4EYcB/q8l6G2UWxlk9QK2Mh0hTf2+CB7ORAXVaLBMuPPRqixWkNyyRAnu2W8C7Kao7+wrX+zzwI6NYzI7qhSLPniCKlVFGexrUAU5sx2LrhSGtvmG18k9thnLaQggaP6KRmgttEWhQP9kZiasme1tub4bLPhZDOWTDkvsLPXCm8wioU2mAUMx0C6Ws130Nt5xDGrG1cF4MnA4Sk5ogyTkjOrEeG8TnKD/84Sul2grFFgKV8l+BiBGM1FU5JX5f0vLi7ZxDIWrNDUAnFzmGjEXpVh9NQz8GUzLitpmSpvJWAiuIdBo1rFfur5ghT9sEojtVk/Chg5Oh0ZAc/4alTBKhMjs8mvuKUlEx0Gn19v62BEsqA7V+aTRioK7pYBTMJx5WqAQUvZo8tDkcFFYIi2ZG6I2WfU0G80iHN68BFpoNMEZRGsYFo902NfCOapbP46z6yiw4t8HoaRSpwrM9Z8EejUKe8B4zIzd5Ob3rcU3oaq7sSt1Gjm+x4YkaGuTsBlCTU9Gye5NhYh8USuOFm+siHeitnrj0WWfvtJJ578a9niZKsuCaJLLUOeSokbHR3UIqLRwkBIPGbw7BQOnF01fnPbyIWVPtlPq14UVMlKGLtI5A20ivYhqR03CaBSNPXjOGQsFrHkMkXPNBNQkw58pZCxSSNMb5Z9ZIT9bRX6T9efMfyejKrP1YNG2XM0eFAYjBDVerlYvmDDOSja+4BSt8ExuSKvEVWvDMLZkf88lIKxX5eD6DBylmb344QucyWdwxhJmCFicdyIWsXo0twV1p6nGq95M1Zn7t16xWxGEAG3iWW844gTumuKGNR6bjpJyAyc01N4AiWL+RgEzcGpKbTisFxWDWXnwqkiCgD1fLhwU9tQlIq08bv0M8/qa1BFCQopQ60Uaw91j0YC25Aftr6odiKr6Faoyrj55THc9Zvbwe+EWpNEY0odtgjqcoeWWKatSyl+SgxTmRVEuhw9Djp3wRJe7QjKFLcV4QSs/qCKcXysRpRtOhBMNpZ9bLSwjjBkmQaZKMBkaNoKtIwH2DoNFIQTK0kOw11Npf8FEcHhRLE4MDgPhusKgUzjSaeP9HoqylW8MmxWEuTw5iRy+61GrzaD76ScoqVIQNpV717yA6ZUpdp7LCQl2G8eO6CFyckPUJHqsDBM8Yt44bcszWbbyicHEy5Dpy9dkViNsXU86lcBlCGY9Gem1PcEv4sVYAwAe7+jUIiyQoViJJoti8e0Eu+qK0BGpu92C1MvIAn3c3/twhQe0O7/XwKBVk3jrdwvoULpzY833M3GgQjnzaqkZlxM7F4EK4m0Z2+Ioorms9tobTOTy2DupnZ/QznuvbaN445hxGE0tVrmSClDlHKUkxVmNMoJhmlxpptVnf2E1Q5BN4rdE4YlrD5VwHTGvCkGEZDhxJRXxXkc1gxRbiSGEQnqPGaMzo+ZZ9hAQfI6KQtPBxl8qZYUWzIv3OKloQ6QXcCKQ2jpIrvwPHbZEApMs2rSxOlyvUFyfg9b8ahbNOlbSGjG2k009EP8nj0kz0immZx8heAD+6C+CoBFJXWx9DBuh0F/Tu0toIyFtvogjLa1ZfhSxwxqnClxfg0gotcVkoFMqVVArKVwwkyeQ+uKuavJr7hzFR97QUTaFQSYvUlgiIiSv7Z7CLgJ9BBR8cxovE4FI7XgYesKuHTJsCBwTw19LiodzwAx2l1xDjyqohwkCpyT6CxlJJagJ9Z6xrVZI6hPz1410bPJgu+wbw6cwZdZWsg6BTA6rTn5ueysib03I30HtnrKV6CuucCy0Mue/DQsXeeQRCR41KZQvLhVu2UamOdjgXmrjxMtrbEI37ySi6NgLoSCeMzlkMgUxzd0vyozsEhZ4iF1LQP6dilZtoutn1VXMX2rqPRsQ+pEiwlsSV7h6QsN1zVs5ooa/12hPqKMtSwi5kF8OFZYQC/+gSLwVhW1VZRXRT1kjam+WpyV59DE5i5AvJDwiI5n2bPl+aMgMJv5dZ4jjyNlAy16uTU+IrnSRfLT44iikuGPfWJHhjK+WQks2crfjMg2LIqsMQ5TXciAV/b6kuD8jfSE3/WiabK9Cyl16onF9CG1LGrq/681TodxWhN49go6RIv09ip8iDELHjHpyR8ANm0Eobye5m0bDMiadHeMEtmEz2DoEYLphvNfN3idEOPLpYrWWFoHoy+ZlI3qxN156yzamtz1oMTnaZ6tdnSmN1ZNqTBiyhdkhF8tmDQdfqSMpbbYn8Ww+1EZY4qKCbscbUW2NoyWp1qQKiFJTvTONnhSs2IVxmiv7rWmjnbZF9MVPGLguVn2EZUTsabwGy0ylPZR/kydGsTM4rfEd3QIeaZEpdJmFX7U7aSWb/qK8ywCt6fTgLyLKBIfCQiwZ97w7j1unTBLhGjNlHTa2VEHQfVNYdOrhx0QjDLltlSP++P26AXFDLWDpZeiqL0GyADknmCYz1dU6JIUdqWS7CKlwI/1IhEmoNS4Dk8rzwmceIkJLfkDYl0BKDi37kjD2VShYDXrbnevbOnpUzLLI/33db4wXMv8dvbV9QVhp2KENulSkHBJ34jlEmMbBbp7cGqyxdUKYR7fxzN640Nkke4NYoUoqkC3w0IXUPbK4FdTs1p3S7YmKmm2TWiwdz1/HVHp5mjjVTskU6+CEJctHRdgYYQISX+OHFOqiS1syQx8eKmsgMCpDTc5291DNXj6LqujrKmTIawarxSg/WKDdMHaoSB4vJIFApoEtnNSi1dZwVeOEFXuGtfTUJLqHNZM/Asa+Q4hRC9ooxfRxpc8n+/UTR3j8vcOgx7Ffvul9rbbydL7XdFNExyavnLf0qBcmvmLhbHKrtFrthCoZ9ZkfXiPK9T3nKAnAS3MfH0MeRcY1EKQYrw6l8IPpKQbt2zdFzFkbDnLBNpkFyMaRkJ68froFwmnJxFGUMKsAhuDkAUXsvMDWmzvarNLWoboIrNxN4fsW2l/b6PZfi35f409s8Cy5/pLS2hnED5Dzma4pJYlNyZJr7Y+dQpVajXgSSi61fyYVcl2CZhq/5UpSGOop0xypn/P6r+7FfzLc/zu2Lae0fEOSfHmrva7q7GbbftLjxhkDEYkCyD5EtbIHEBQkLihgsGiT+BwZdI3CAhNwjJgBksW7IskCzb2Aa322DTHprqdlV1dVVmZWXmyTxDROwhdvB6f9YTp5rf3s/z/H5rfdd3/n7X8Js4TWba6VPt5Or0jEjKaCIW9Z0MSEAbrwsNSn7COHaqCc8OW70utvzrk9MdKYGvXUJuCoXV3C8jgwwRtcTNoeOH9uZaoR5I2EfhI6kU9k3rOYMWWDYb39ysh5zGPKsEmnqwTKnTRaqCbv0KCouMxI3KIrvuJPwDaucE0fgaI1VcWApsQlyAq6mkgWSS5eNpqeBHgthp0C4gckcnuk3LLvsdq8wKJMB05bXYOsQcIVFqiA5qIxiwDq2j8aP61KOXIA6BbNoYPR/b8ar9Rn4t+g6jPx4Rg4CHIzu6vf+UaL3jUsSi+yDNQhcWg4AolmoT0KYPMd3xBQ8uEzdJ0Azb3CkXjJHQ5pnbCTdI5lzJRZlHmKFbah/dg17GLH5hgN+lPGXuhi5io9hzpNtwDCkZm6DScmLyHmhbKXIRQw0pT91zz/1M0Zq+NxMg0xZmQCpVz15ZytVE9+4o7/pCdDUuDU1xieSemkyDOu0k0EW9CiF3NIbF4aTUIiTZUN3RZE3TQhiUIHO05mBoUxDgo62pynGIIn/0qbaK7OyrQfUxeMwrH+pTu/2DLgZDGmexEA4bUrlLBYcPd7rU6w9AScVn28GYXpPaVgFjeC/sKJrHLpnEZGKHgXLGXP5QE7pOrE7zDmgRFujiRkpjEHrCW8o420Gem13ErGDOBiimlDtMKQ4iu/LDhl3I60xqNaAwG82mEdeKLZvYyUN8x2AxHlBrNRplGmg5H/Y+CjaA4NaGB+DidCEJM6JpOCXDhHLyX7Q63UU8DW2L8Y97oYpD/6dtzrajJDwo9n3pr0gHuU9DE8RTMBlaxEkPgnI3t8BP+6NCoHPq0WUhVsnIpWoOkH3weczW4ArWncS5Rqw4Qh9IYzpMNumLyXGO8iTNL4NSqGR6C6sBOk3q1j/OIky8m494+id3MBiKC+vAtVS8qMrkKBqZOkRpaZ9Z4iKFKbW2auRawpIEPB/kcJF6EuOw4qD4DJVq+Mdnx0ZzY7N9NacTuwTuJDAfTYxpf9ThKK1PQeFpNKNjb9XKuUE+Escgok/eyILCKgKw+FBuWokP/MEQ82pn48ONmvXmfoem34TZdoq2HD4rhFB9+ogCuGRJnKGvCOq4aQY32uALXoQbKQTcTLF7e9KUhgdVjr/mErILFhJGXjRXb/SyWVk3h/AcydjDWMrbPa+FI3X9WNlz/JyuGVsmFq2pTD05MvJ1brFaPh9RQ8Pos+wJnC2rGAmkqCtDK5VdVTh/SN33nliFsGEED4FZGl9gT1lpsTPJWOuJoh7f3vBc3k+Z0l3u07jLSus4pZP0EfPZOMXwoAYlYiqGL5rJ0+YXFIFaeEyWBAURsvis3dgrmejYG684RffjZJ6CtPL1P2mhYEywiJuptKxQie9sVjAmmaEnppBWEibTzVg6VBQdjR4eEyR37Y1ekAYTnZxzLERHwVrlPTUeRPzZqRFdtqA+jwZyeD+1AAZODjVnYHNZADgUkgSq5MzmRXd+RZ2l3VyJ33j+o9itCzdE6QSMnt4K/eZIJhqdcHSKhdRu/Wuu2G3rTB9viedt502JMG4gJkEckZXD0F03BZy3GWr6+P6W39ObtloomG+1cJAaYjNPHbLYlt886rXfSvN2UmVcOapsWTRbcFgdubhXK4Ue4NNiVoZutq47bVZYXi386tKIgFrGY2VnV81lXNFELo/AsuDI0R7u3MnUGoPXeICuijfeCCorDK4jorsejrS3m2HDpcv8JDAvSzqeV5xMKQk29nPCMPqk0BVXkbL9SIEK523rdg+Cgwz8Sb2uqMgui4paUbZvhKZ2u0nYT5tYOUbKgNrnx2MAIxFllljqR25nPEV0VBQtcdK+y2YcbvI8U6XVM3AoJE5Y5HrHuVbkqAwa+ljh7PZSgZa7RCUjdhwzfeGrzJl31kJFXhAz+3Jwaf+xoOwWTtJFBBdJ0U8oVcSZQE0ZBbctjvhMCAOZZdoLFcdajJKLFmNAkZ9JuMO16cuWxi7fByZSC8INcqMwrQY1VB9/Oash/PjgdlPd8gByk3VIhzz6O4qTi57wbqvVaqOYEAC/4XS7h2iainjbyTaR0Nox+7Rp2tHKghwa35O8OiiCobyCKT0f3wBsrH+S6jqaw3P9DJ0LOADm2uVNeyk0A0IiS5RVvIdlYw09jkkAU1j8v71zM81dawbY4H7amRzwCf2b1OapHEaAu35KjexUcWthEyFReiiKrISruEX6EoVJhn4nqcIULxWVOLL92a8gQTssTmb+NLjImvc4SB+BEBfTKqM0fEe8EP//abP2oyaYkmgoBjNIuJgmnJAcForQc3xK8rVvUI7wsSGEpxFuL64K+eQ57jmPSiZ4bbwlI7Ui0nnOYjjDXLJqFgM4TvLIjhuB2GvHN9GxMQHOUFTFak+ob3/tWFqD9eFnSBoysCpTlt0lpGA7vChyTR13zhfP+N4qZE06Yc9wF1Cri1SWG/pUne6qqxUWaRP5KTPttq+mHBlg5WtyETXR8pNAVfZ3GBugoZhmU9wIqWrqGSbgRTCjrosM66kY9xpVeXLvQV8Tn4tua5ndmaMFKycBJoqLLK2iJskIUNRM1G02lFAWA9ZTGj0X6Kmbg/c8Pp0SRIkYf/pzvOjr9CWtd7aOAw+Ei4i6kN0BKXRiaVfWuQW5cVdEG9Gg0wCQHqmHM7ZlN9XUYNia0yC0KLmIfcSlBORaiKwZUiYZ6XxedtEs7iIwlk74xNz0yd+iEB/seMybVciFeOelNMjUdU/jf9aZ7KB7c0gb8s0BUsj81RCiQW2JtyBMsIP0JJmdQ1qzVFzz6bE9eqRbDeYDNcWngsaksG+/gV0hMyZrWutDKNG/sb7GIVIPwE9ybEfPapw94SgY4vsHLyh1f9SUyFGIMXpSGGxZoTEaXsp1FQjoXZ9pRrcXLImdHKUXltZ0SkMKZKqMBZ8oTvGFIxXOFjSXdTe/yOUXN7PV0YNm7trkWYybDxOJNqXoaIj6bk9/9BhHGPKO0i10U/qCwUkCs5ZV4LHxVNwke+wwm+bIuthN3p8MWB3y/C/VapQ7TgT+BXuFK4vMYke3UTHyBqOZnvpatE+yBTDs0sse+pfDoVagwA1xpLNnEjlqOOsXn13PUIA8eLswqeJ8QaZmfNH02g5TbYveOMKXHTGhveKUD09P2J9F7KNYRXowRJ6VJmmyLaOBMPSFvjiZztYAwzU6hmhPW70vTrs4P7POLgHN4w8PcEYiQk2VvdDP+3ldI/Ph9vbO5YZNCySPnV7rBMxWUr0dilIawKOWDLg22LWOYM4JFWv6FdfuA9S71Muo3RIDZM57HlXoraOIHcfjgQ4bmqe7JQ5yrduhG2MF+sr7dPRZqIkFGiAN3ksWuplmYrhiF0sYZoCmvM498MNU3QVkZqoRKxJKPBdlz37l4HKGJ665bxWYMYa7m+/YtosSZFmnJjhRNxiYdXs30cu3brd/8nD7/t2TDy97+D0m2FeWS64mGaWGlbY0Mo8sp7G/mgAAIABJREFUqcQgrSXKAoUJ2idMhXOWPAzURJ2FNaCX1DQAoGuaDxFFbauro545EjdMecooRcIWgojEwEerXyjOb4PBoAQUUGDax3erLTXW7tCFmIoWJuqiM7BAa4z24kZp+X/2oty4ifZgwC2ZrKSsScBj++ptk2LAuF3EVa5yw4IQJ02yR39yqXQM8bCt5iCTy+aUxPsIugjVUHqFdf6wcz/c0/MfzBvrNNNSocu3j/1Cj6gGqXDajMVJNdIpNmuWBy72PeVI/E1bXChvDHt4HpbwDPXFeMN/WilJgTE0fAeew9qKhKgd/V5QYj+SsXPQOobPloeMyoTIiIfp1Q65TnUGL64Og/PbFKJ9mkg/LZhQtMWCq2sXCz57uGtHBvEOIcy8s4jw+PTltYQgmPi/FNBLtgVtJ84eH72i5ubF6xcvn3mxTlGDr4d3nhz0cP/mpjTgRLcHAZmJPvQI9FxssrC8+2wy+HK+RxJL/dJAaMuYGc3J8Lzk2aO7lM6sIFspmfaqIfLRxlSxTi7Rc3Gbr2h14JvPV3QOfB89nkOIdqw6jwzeR9sTMUdbRe+FAbVT4Pw1CgfN+EqoC00NijTHxcRBe/n1k00ulLSP2kCQH6t+lB3x1Ki2CaGDDfes1uAulnQSXfSz/NgMKsCpqZ8a11YS79CRH9vhqaq0tyY1ujReiYM1NU3blqsAHNYBpLggJIHlFDzzkY8k68xROUgFdNr3aOqJmpgNZ0ng/kkvoN6odwm2/iSu8JXHQlkgpsGLJCEKAp3xG6g/IN/4xBAMHNDlN5AL99xL6xPgI/URoXoyqjyaRwY3NOZth/qD4nDc+xo3qRoEYVpuVy3kGKJs2rl0I57B9yCFuDOwbKtM79+OBSf9nZWql0vKOq4Y89Qso5lurHtvyOf1HF+/66zcaNJ1pKPQ5ANPbhv1npbu1+9mgnGBV2J0mz7QmKrDRE6vd6Ee48KsZbA8qGZrqkxETgt1zpptfWfxfmVQEH+LAzD+CgNTOz0strd/eKrl8Zb4jWjaA3PZrduMMaYOzbUoF/tcmtMHWQIwHPaQD2r0zELvKZ9m6NrTVDsVkTtZsiyn9BjVLA9j+JO5zNYoAb/qwlfq9etAg/0mb11JAtUU9FjVyaWQaSglx+BcbkWnOPaR0KYaY89a5pR9GAHo4stKpqd3vv70hSGG59cUJNmksxnc/8TE9f2HFze7qqWBi3M4rXTwN6Nn0y0XLN9cXb246R4RPsMZuhIyQSchAdGaY04Et3w2FkPoRXwkbEsq9IZaJsIg1Episuwf40FndgeL9eLDAemcrDWGXUqprBGxn+ISgHHlZ996flP4emxLAaJqJxmwpP/Vrbj04vH65fXra4NRF5d7jcXm+XGfnUIZrqybD8VEVCoDioYx2AQEaRLLPRZz+ZaxmUBzRuLFS4+CSbXEW3kK0RSi3DJJl5eWWKXKxq4UM8MCwYu3zb5/8mDokBBRTTeB22IohLFEP3xBF6GgmR3AUOV6GgZ33LCqVF/ZRceOD0+AStRVDfH8dvLmjMl6eh3D9gGEGo9a1Z2oi4noBouvKQ+2y3oY2z5/55xI0zqLcs/feB7K1l6AM8dkSPP5oYMnz27fP//aOt3z62fdE1snXmZWA+fTJ28eP7x5/+Fnt0tT9OtCeXHqfa7D4AkhzmxdvXr9/u6Wtso3rDW2nABoRS8O3exEkuRNA+ecxDSZdc3t6gjcfWsyPH8tpI9chqemND2KUMNmxAvUi+aKIEnxOjc8D6I/+ly+a6i4sa2Zw4fnL3/yFj3Zl3y5n0ENP+JqaN9/+Prqxfd/4fWLL37u+YddGGVeJqHJLJwdR9548Pad826CIK2cCaRRylhSgNl6atIn6qJGv5WFuNgxEC1M+H7TavpPlhRcg1ZwLNyc84dMXBCgzOKh7sdBf8FDUVk/5EG5YMnhbL4dtF8w4l+8cWpTwkwTcedPSruHPZTNyoN3LeqhGD8bSM0WoxWmgxUDIQEfh+HfrL5CHOB7PC4loSaOwGAwz6+RHq+tpjkzHSRUNq9k0sAzInmO0m5cm7vHXgMe5kjW6VtnB7bMpqZnMDSjhjRE9dkw6d+ePr7zPkYHqbt/nyh+9PB+t2kaNkcg/W+3gwRQNZFrnWEubWoSlx0ne5JokMB+LzRXOuSKcX6qFZzWtdUOPWTaD1GtD9wo+NqgaI2qjaPBpULHLDpN76iScR87AR8QiFkW5pRUEYfjFhbiv/et7z178Un9RHH44G157iPkpVfeokaVj2//pd/5o6u5rNxpTcqLGxF6+uytSbrHC3zyF59++dP7h3ddv//i2pT99sX1tTePi1fIv/z69j/zj/wtf+vf/e03n3/VPI1PPz65f3t/LWu7+sDI6en1X/u3fvD2Jw8vzOxnGcwBm5mfir1Pvnf9vV/51HOHFO9/os4oJfGKUngb0Wju7KfUs1farCK7pteKL1V/814ESzkBHWhA/oviCwlVly3kTBm61a54g8dCVsdjQ8nuKPHRoc0GbaGdAXc49pGo66kgJxnQ4aXEWDxx7byw+GyqVCr2KsTb7/7Gr3znT/7C460FKMtEU8cI1MpHcBQ50DtKRZXauRy3X0lfJxh8Y23fwGp5gO3nZTuo8eld1zZ5yiYg6qGyQ3zaPQy/f8s35nYqW7obS9A9Su5f/+HPf/z//es3z19Jz5pMp4XvUUHkEjwCY3LWT0ODqDAjiOjDQz1QSJSvAydU3IUm9tJodSvcfkdTQpofzYvVjLn1Z88e3j3+9AdvDTWXWRqAcuAOtB6dRaOjO+ev1744siyfq1vZ/d5ePyuAx7ivUj/u9S4u9n7+7Ivbp3/hX/lS9+J8tUI066r2eh3YLB5//1uP/4XfuL7dixrF6GG+H9przPLizd37h69SOvpNopENS/hfXj35+i3xzjAqlVBPaiRqvtgKQzsUwyhplNK0CyDtgH3y8Mn3Pn3y2RSdJdrWj+oC2fHp/e2HL378hRfOwtRp/xhbw+1eMIVy+nNMEf74yUjo4f/KX/3h+9sU63ZojXBhNMlfAOD2q9vHn741RCMXdijegKEbQ3XfLlG57l7DKGZacgaT4x9jZoLHZz/5wuUN4mDXqyxF0J4NHjSsE/XX+Yiuv6cqvIWvcYnRq6P5xUXyMYh6rk1/XTFPG4IRE7AhnX2pnyFcgXV99eM/+Oq3f+vzHryeQZrXUSqY+vuZ03jUMAQW5lFtRNQj/z88uZVmvc3o5c0/9x/c/fSLrlRGFjcWeevNPyo59lBzfGyZqqfGJRhsUsEmmxkvndIUztqDvonBROowqYujDWBC+8TIPh+21IPLRJobHGLdO4jVD7//My9Y1QsPVXF57ioRyx9url0gev9v//bXn1z35Lgw6iVoPVaPQhtmEcUnx407rKHZgDo/oZP4zltKXbU7mq56w6Pn/84P9SxtJDV83Tgxx8WmLFZM9qkk+0Kdg+SmvhMptTSZoZfwh/TwNhbwBIApUlSc5/ZhC7gJg+okiFygfeZk1URk5Ni32phM0NJ8Jf4UHHppIC8dmiQPUU52cMYc8P3EBhXqTwthKPqrEoVLinjqxRFGRU+/vEPIALqViUGWmvT7zw3jH+/f3j3+xq8++81f0+ND4Tabh9dMJQ/jzRvuXjx7d3f3n/pzn/4tv+B8/guP4mkK0c29SzP5cBy/ev7wzDvPc8qmwv57DHEpiP4J/vyHP/rCeVBmbMimRe8oS8mW9kU8Jn78+z9vVZHZjzMWTMOzyfC7u5++ful4nXP6SeWmx+UB8n77+tu//t3cayPBHLF1hVIggIev3vy9f/6z/9n/8D/57ZuGMtPQUxe2dUqAPj/cf/vbn/5r//cf/Qv/qz/81stn190KALPLle/J7oI270XwXO5/7O/5rgcp9dYzUzFsKuv0Y55BT/wi9WN5TrG9qojad0pIlrYAVHVofq8hRZqrfPs7XsWc5avAonbffJTE6HCd34O1okikTnjthXgqrIliDD6/f3//yScvXt+MxXhRnAhrAcHji+ef/tyrtt+dziulzMWDJF8rPvlZyC5FQBY+sRmzKKus3uds46vdXH60MHvGFtOKRpBu+K512+CKDX+qJhp3KQ2wZhPhmZyq6ckSRZDFlfpAShB1r2csDkM3PJTMdY/Pn94+f/4GyzUZo8HF1VF3lkoOxjhUPjIEqrr9V5Zn+qrxDge3r5J1SOaZB2CwAxtrBeuJ4+RoOcJPaC6o+tG+vvcbPSJ0rDTcwUelj2b9jqofR2WcpCjhrdVMMFZR0q8FJiZC4rSj6aDY6wYUGYR1Xf72rU9fdcOi5/m87rycx2pZkmLym+7Uf/5Xf/QHkgklm2pXLtbSv+N7CP6Dv/rm01trVRv0CLpO4XkmUIleRP30Z/e/+Q+0TvDyk5tk7wkdLnZwTsGNR9eG9dZwOh90//S+Cyf0xRtgdUGqq/HqVqSL9RHYP35N+snfV3Y8ymjEml2VparUsiO/RxMDn9rW7tJsetMqpLU/AFPwAesb7MJrbeYWYR28Fgc44VaPcubOK+MkJqgq1PEWl+NIdDiuKJhqv2GlwqQdL9oOxqHQXXcYZPzmjhanrRC+uvE+d3jntJn8oKheuxaGC5cYG0eHWBQHFyvKl4H6LnAXsEk2YmW6i8jxFR41Pr7nXRfUufbFCp2TcLAu4O3X3fLo+YYNaTYwKeF1cQKknjSrz57IC6F4xFCsR2hfdiOWCvzUyMEqDyNEO/59Wg3oNKibzSJrIX8naIpyXFFy+tE5nMwTex3Avh4MK9YGvUn9/VNX6YyoQbOIwnq324abgejb+WFHRQUVGsl1ft+g8sXthWSaTyg/2khQVtw6rU4PP/ppQwqabBUcffPmMlKjXUtPn98++S/9JzRiiK3pTlU5RcQTxZW+OmYC6JEJR89deqoXLBafvXP5a67KOdP8yLTWTmgHqYAGyuplkT9OyySafqAz8Ow9po1Q/fXVudTE6KpZV9CSRWEFfradxiEHf4j03XCUOkIzU2cbM4w7S252OzFPbAOXu3sP7tBDdmmsBUz6gIRpNnharuete9KApDGDwj0C+VXRFgONBFK+dJVmnSKp865q/pNBVJPh9Z4iSEdxH62oTZh0Ui+dtkFnN9wDy/x8m8KLKh1likcgLfKEqQ6MV6q8+er97/yHP3v9CTqaJHg+HIrcJgO2qeoqdkeKrfhDdffw5OqVRZi7f/+H77/4WtfsLFOL1yLp8IhNJAq/mIn3/LDDo9c4IixCI3tkivtCNi0EinayEZd940PNDk/rilufVGqIhpCxIw4bHh7t9tpXV0tb63Flt4vCk69rNppNue7c05+f/vSrJz8hGhNcyrGP0fQMy/k+EmzRG1PYS5NHYUGOrb6n2aNnpSRxiuhHP3d76nhs4DeRNW6U4fvoOtC0EbXjKunLNS1R8lnFmBE4oz/lgFUbpn7QgDFUVUZCzUEb1SFOrQXoMk0/M2214yBqtUvD7JJjDY/vWRCZ7Dlk8TW5Ncig/ke+XWT6lGB2OPq4y+nZaMlWGqiFMJpXdAofvuLObCcvvXp+JQX96e8++Yf+zMuffSG5PX921Yn/khDNPjzYv3//4s/80s0nn+pcDLhhKAxMd8nVmn0z4Sd394LRELZ5AYr015PNjq5Kpl16MTWs68cwUtVmzY7uH776iUfn7iKfk5jMey69A3U5ZXP/4jtX1CUP0O3T653EwYo8e/f+xnV0f+qXl7RptfDkHjlWSfjpw+3jr/zKy3/yv/obyOAy/aN97/0Aou/5/d1XV5/c/DP/0g/+9b/y7rPXPeWn+yCcTb3rci7MucHc1Zr/xb/7+e1tT0AdyzQM0IQmD8+Wqff4Rlm3UEysJRoVrSMka6Ze0qMihrCSjRVwz18++8wJPwhhZcH8Ycr5CJ2fz+Qr76CWQ9LPYIdrZSvqEJKGAYLXKtvybh1EvpkOolMYtaDOT2YtlHO+MALJOinBceTS6wmNUg6/jgGs5sixUGy1n6z9YiEPTZQDCGyklR72q2533GCo6o1wSh1T15rWneXZtoj6id52Jg2WlQOqu1xNaMvLPp0+NtRUYbmqa41xlHsMy0ifFvFW6yHGUF7ueFvQxJkkK6g8pk81nwlp9ZSrvE3dZe8cnLIIZJqzwbr/g/kjAaE3EJVHoanxtFG0lmPI3jmqNO/jcNqiu5TSzlqdxkeGZKRK3fm2FOExwLnFo4Xkczu9Ri4HKn1bJ1DjKcEf3r9yd5dReus9ZsWpdR3fh6sXL995cdiLZ9/57OaNNNB65PWTG1njPcXfOnH2+OHV6xstnAHXD2PGilK6bbzWsEQv39nEul0v6mOWRiLFmSwmBXRbz+SnjGR0VOqoGpwOvtpprNwG7wSbao4CVVdac0TD+/HwuMD8tkZBTKN4pC1HPvOH7YamckAfLRR8gX5ARyhl11RhNVVlnWP0C1aly90aDH1NJtqwRyCL7lekRTeGohXCMmymqabBV89mWUD2LQHXTgsqyaoioFbLishKTtNKMLZwhzrC+1CnlhukRzNSA2x3gErirSOfdTr8bjSDhgQbdtKhDeAM5NDYIGevVahyQ9S4Y3x28nQLolBABg6eMdtxbB9GZuiLiQOKnTkCtJdDP5XBEZpY6vvySfzYuFAJ4ohS7F9S3xh3jCpdz0ns9igFgTM8odNrhWeu0HnoZCNHUF0ycxrW1y6H4t7AJKTaxE5DpHgkV9Pd9y8zotYP1rMLz3ST7lz/evP0xavn1w8Pxtw7g7oOPgkSPiX0ZZFtoiTeZD5KQlBO7CoZ5XglEraFQflNStSuXLgxL/bqCWJxNpwBoNes0bNCmNTqhDGie04hpIuF2tiZaifemNkxQRI9VlN+1rJvr+7RiKPb8ZyVtoyZQnFb9opqF5AIf73xlUfivM1N4pRSCLW2/L3s7lz8h84Njm9EMj46odHfbyoVxgwdWzTD0uEanF3dHzZwSV3kMCqjwmwnz6VAujqWQ/20zUeKrVQ9M1AevLCntQh1OQZeZlyMX10hsXQKLnevsuQbeNxMkZHU1uhtHuTag8LA3aifPX+87dnt1rXMxWDIVzfS0HYYuAvHYMH5xdFURFIDUidU4nVszVb4WHpBu3ICGzUeeTqGSUyYVXropuv4w0GGSe0EDYiW/42icEQXTTS3lZnccKlZLhhmuuPV6Tu0NEpMDyC/6C6JYy9c6UQrPKRJzduOCMsBfMCYrjIKA4ajUeD8uuD+cJwjduVGXl7jxIjyyGS+9nzVNF2DKNjyx9DZK862W97xD1VoYJ+3t1fxsPuObj+O24NFdbhOk48HUYxyFpp3gMx1ow16bpO6HKIWOqXgw18cK9Myy4fbNpgpecdjNVScIA2Il56Kky83qMrDZDFZOHxnfNS3M5AW7r564z7ZFzroqxfP7t91U8fLmysnpVzXowN+e/v+6rV05DJeaSgtWCuMKN+UGbjDtdLuu0WlLhuf8kNP15ElCCVmaTEWtHJcsKz7n0Ex5bRnj0W2kRl7MUnc7ZBamMezS/6udo2HzAALeEYTLC+uYYAS+gWGXxoTfQBMOZ67l+D2p29unKvqVmDp9tYlUdT49MOd0bHlzE9ePrt5/u7q+ZObm1d5OMV91LLo/+7rq7u7+1KBTLrBivQU/QyTHeTwMk4HMRXXCTJXVrDh1tSeaJkXd+rVZJgnnRukLAxrlRKG9HR7QziDp0VM1eAbB0jagKH8+LPfeCoUUlBsQXqpP/lGsxCzZMmELHFQMvg4UQOeCT+ixi26xctopzmM0qEN4vCHRqe2E0CnEDygsHd8vlJaqIOfChI6O3HckNjQHbojJC1+LA+kuB65JKaRF05tsUUpZW2/CeKhV2O0+dybVcZlBDU+w5WDIMKVqRn98enw0IQtrL4mOZwXJitZswHwweIOd/2sBTwHRUcHtd/hvYBEEgyow4GdNZ14w8+qK5nKh+ebr3RH+nCs2eAX1pDhJECqyikPigIwCgjaWH07NBFImVfjTn7tkk0JpBfUlf30wZTIJrQmbraUUB9gfi+o6BIPLjvRV3elUHEgHA/yJ2bLzn+7ruDdV54RYHHrqWU+9xOYUQPs4RJNTjvB2TnxrgVPF3miJS5XL7KcyHjq8Yi7wJc81SAX13VM+WzukGKV1SsGsM0ONnBQRXhXE7fTzkX72XOzjexKat6YVcDkSB0PQ+1z1LDVICXLqdqk47RziBMiXoIcgdlmlAPdX2zMA4CNq2AzwqldM+079gE5MpWUVyhce00sZDbmNGySpBvqZ6Zwx6lG5cFWf8bfhnAjN4C60mnhI5tZf1j3PWHgCdd0hUr1SVWLaegifGympjkSmIypt0n3tgOpTSMqFPkL5HK0VmmqGl9Hh+RdqE/SaYSsQZXChjBTT7UZXdEI1F55SRFoOlPR3kBRmhJTqJFFY7xqM8Uga5PKB7/f6so5KROz0RjKgQ848TJFw/RK10DRuEcidl0aITT2KK1ixJhoKh/fVNOiHW+3iuZkmiENZ2sU0LJbJ+Qw50RcT9LSe3YyoOXe0mKduUdZGI/HGvu3flk46JpgmL5xDWrdpQU/dYbUOCpzbnUOlXx75lGblEcDcsK2hFSShqbY8kyrfSQs6sQnRXYIy36rOx1iukgT2+aIlBfr89/gUxfE7GJTSaLEiAdkWk0kT2wc3Hl4//dz2EqJgSsMBCGN2Addib8EmWQVXfyVFunjZAZ2oKjQU1ZSxIjvuVf9SI3KhOdqkLnfBJpcozXmP0K5NXKjVuTjoOIQxl7zu0nOXabYRM3rVzi3qj7Qmh7cNdc+LSQBTopxz/M6AhC8y5Ctyxpz1yKaUyViB0NaSd1ppFqIwzPNn5JIT8tT1NIYoPMndpPHtuHP/LsSjDRShY9n8hNX8vChLqmCJI3QGNtFcfSUXzhQZGpgckfdRJqrTEVrFl81KEaYJG1MFePmo5nL4soXctBG1MERNysmJrV8XAVhPYw2dGmjPUdpKSrpopYRioGNqgsXyDcYo0WAa4IqD1ElNg/na150TZuX8J+gIUuUUPeNzAggY9PpUbmiOAGRIotXepgqiNBSA8aqThrQeBjHwwD/rEJ204DDPXRiIXzajFF4xr+vhKwPUy5e/aYAgGnSnbCu/1n38eGZ+4+M9V172GMwjegYomVoi37PDXmnjSUMVjS4J3oKbPmJxXNyQ6uiWWJILXkC2oc6xiDsWaR0Ekcl4BgOa2o5MinjObv3j6Mlm6MMPDnN9B2lMXA5YomG5najoPypRbcJNmwlaD6K02jQk4BzGEvu9XVyAej7915RyjVcs4ibjJ5rGoFDiVO3GkgQ8jVVukMxbw0k7rsbx33smZVEMXN0ne7P8VL/ijWodJaOcY0qCc/FBDXJkSoFZgqiHzicH7vXeC0HoyyVxYsPJP0cwLWPn1SXAvc7yIztn678qg1hQG3HCWGaDoLyocE2wGj5nQm0dLDqOG33cKKIWhwv+dRiWYEUyg9CLfnxGod4LlhN5oeGKP2Gu6PJvJhTD1a5LdZDvkPAqTI/CJ+faLZGkedyyA1tyUssfeYJJWZ3f8PRxkdZTmuA5dGLosaoRv1eFBAbgY5HhbF6KTssXPC1/CDKOhpjiTpMGg+t8iHpd1gUJ/RHUv3m9Yr3AziFBGpL7DCHO9bGFbhD7HjGLFO9HXLV0NeYmAzBjgUaXDLa9XIiR6G4YFo5vkaywVzB6jvdOve9230j6QpUhjOqqPtBBpoeMqePut/FJ41WLNuBB+NcMU9QPSt7IBBPaPFgQ9WC9nmvuTGStWDTYYMMdyy6uBWnUttJ6J2wpwlBf7p6LSYVIRonnW0qx2BCfywLycXNLsaYE5WG0uuUsYp2P2qWhqY4FdNedfIbKsjWMvTtVJEjtvVzjje2OAW+Z6SLCbLlxpS187fMtNaHZB4YaHjaj8eRHLeHAeB22o8EQxgcNAuKreW6scdqR4YohSb+KJHRWnPeIT4jdMFHue1elBXX4zUal/IIoEsAFsXckKreLGMSxuu4NDJdTkg7k+hQmRqXTmu9jDRLpIg6CLBL4JHpIJ5bqYozuytIKbW9MApRR/EYzjWZcsIxzoNd4/WAcBShFdWsH+057NHFAY3ghpjNfsMyYfo9mayE5R/XzU55JQBLmy2T5u2t0JODQNOOIRG0JSF4Da0WEaiLKokqYwixp0+dWLbELUJKYfWRJx6d+7qH4fWrmze3PbHuyXuLYDjvSx6mt61hoRbX5IH/1J6hmNB5avF8ukiFaqVE+JUnRWiKLgBTZBJGvuEv3uKcKmiqnXGFSHOeQKrPq9YXTgoMhGjaTJlAmtzPNDGnqh6f7MmduYjgK8VFgjfrA+UCaw80K9xL624NNrBrTKd9joqlvNf8KduMsSEZxsqli5PAtqR6nCba6xS0j++0lRExkRfFSReeFDmIcTxS7hMwPLgHPk0cKbUYJmMKMocvNIvqjU8SM+6w4yLGx1YvA3TJsmaeZkiNh+7m7XJeS+mZr2utfEELXAnzOL9Rdk45jV0S9Mp5gE6XMaLrFTZ4nDxTwhS85kl30AyXhpleFWaaCiV40MiNnjoKaMiFXNaptLybKkvcOcM8pscVORvEixvh5VeNMzMwvEVATde8whGyc7wvGlBvVDKdVQ0mrqbNmga0MyjTfQVj0WnkbmbI/aDgM9EwXCMBj8gbo8Kt4IpsbNPlQi0SgYc+QSGZM0Z1ekjQRrOQpCo4VjXS+SXMNeQY5KspZcRJ3MGX66jNbyOEwcURLI3vNM4YweTvlaUl3DVOqTODSzHEYWw6FLERP2Zsv/ahOXYcqijWMJ3CuAhSYheeDMZu2621nNFTAcjQQzVd4qJPd4ldjMf7wz3HdBV8ODmusTLO3CJoHYF1J7Om84CJMs0jfui6ACz29OOB2okiJriQK4U6g3SoVGYeuWl/kvpMg1DmRFVRWmomqMNs6CxfY48RIummwZqibzskAAAgAElEQVTp7c4wYIpZzg4YG62akIlSck5yQedJur2bsKt2lDmfJrV4vnEHxaE5pLcYIZLyloUw8v7Ri+h2liP3vPS4qGWqGRRXWqRr3pPSx3PTCmjjPq/vx2E2RbRkNrGyTNlmjZU1t28GFQOzfxWzDR6HO8usaN5GP5EYOK3YD/V8OPBt6M4c8lLkaMZUTdn47kgKoWgS1yLc8MR7wZ0e4M0Zx2Oex76SeZYad+gfnhL8cAsRlYzw3Fg5ygdrGE/UTIdrEW5tEuDCNZj1LPAdrnwnx7ied6TPKSPrOUiEo2dZ4NJosdx0bt2O73jKi5GerbKMradzHxku5CfskKx+TNTo7GT2zKfulLRn8jyZx+iKL7F6wQBWFRbi4WC4ICBqzp4m5lc4ydopU1Hw2YE6cpMYXqnaQI7+ankpPu1GO0pE0yIooDSzOxTTYzlorLx/f+Vus8YhpSzfrj1tPtCVcN4kUm7lsXdP7tTlORby81B530JBWldifvXuVm9fsr9zMS99cmVSdYWcyH989+7BRX72YrveziVFj8/3JlS7+VdjKSdq3HfcJaQiGbXEalmnWIQkt8VN6moj0z5pNT0cdab/vOjIkv6mdJi2XzbWTvUA201xSCjHfWghO0CANRq6oM7RqGqVt1ay0mGpcEcRG2shGoppCoEKgGlUcWC+Rg76FXysCDjI6Ec8yOpEcSktQqW7vuzPtRN5R8yiMATb6SfthmP45r2xwFn2P7cMP1BNzl+cjr1kUVOrdg6jNVSR3569CRD+VI+xWJ3qCy2EoWa61YemCcmI16A/m27GCAlQCKCHoOIojpUMFCMdKlMZVzNpKEZGcfAxsH4p5sIRm0l8UQJ24nO018QeZIkEuM4K/2kvXErTXCc2eOHFhdatguTqMuquzYjk6Uzr0MdC7RgJBv3dduu87Mg4DeiKqGdu39C+86nicrfhCj2krnVH3XmpB/rgHo8XL69dzIo/LG14NpMKpwTuX2+YCKAHFdsbL+Yz6lmgsTQTBw5JMSfI1hZWUhR42p6T3PQPcyoJaTlUAZ04jVPrKZxR08p8UXSGet44WyOTsUCiPjuMC3uhqzZhIoC/BkK0vjE4vVtWEPV6x1pOc2e2GTS7zajVzdqzXA5XVh9fvsM/D2pCl17STIKnnPYSPIfyE4E8SXE5YCVFULgG2uAP2RNDNa/lvDkYdUuoSnvAyDnR0svRW/6EYqPSZJVWO2KmjmJqTEjMzr2OW2OwE8NOsS5sxzt1EoWWmjXab2J5un1cNGnEGIi89ggGcdhjNBL7OcQSKUUf0EASHdJFyBpVZNUHUQrl8TqHRM0WbRu4mpB2Q0V4SGTtmPe4VWUnctNOHQj+CZmY4CKZi8/WFYyFKTv2VhD2aJzeWdHYqrQyzrzZxRlMC6N4iwpMuSWGZ8Gxj1yqxnl7SehKd2Jkj8V15hwFjdoFkpCtFmuSVcUY9QQTqh5dHTvtsEUMhXVdRo3BEbRgNH+acJemdVdquy7J1JQB04AyHWPjZftNLfLRFtpiIvTFxQrbpzxMNyI6OKMXyapw288p0fq+O22xYfa0dQB2KdU6WVO8d8OS4NIvdze2NJJM3SzQeccjVC8KcSGi2mt3ATLZ3X3D97d3HzwhEN55fn5CYV1uilE7ZgiuEMZet+YTx1t3GctWzsHvRuN24pj8Gss8JZ+prcU+u+0na3CQ0ldOshyyQUYXKz2773WJ7Co9l2T5AGZbiKRft4F0IqIBk7Y5KqQJmuaWqK1u5jZFTcJLN06gkwbNrhVJ0WYENNa8N+VSDBQtpBTj5Q5t/Kg9PMceTB1XUp7MKeqrMDdrJltel6om3Ek7mGpAFIvwwQwHy9nsdLAt1ld+GgVeOVzZAPUTWUmgWFkDRiqOjViiFs3t5SsxmhOPX3sWXBOGa5E0MHhBJikkrYrkqeGZQ56DnDweU+xY3HemSgpVE7Q2eXVFjDGp6vIXspk20ElyJG/fXkPKE4q5giSXUmNpwAc7sPGUMrWIZaRpHs/cQLMw+L5Qx2izwEMNomGZkaKZLAk+Xi5fA6lspYMK2/hRPAFV8YqDt4fRTdDoAhxDUf+IbwVjAf2i5lSUWD9imNU6Gke4jdOMdTgPLLznkClz+FWewiH6Bm9CJuGJNmjWrvbRzhHwXnJcnx3qHJ6/hrOB+9J/KUQb9wS5PTd+4kCrzpa1iCXUH0yOidwC/bPr527HKT2WU7MK1xRILgnyTnvDejNsDxLDmLuMdg1EdBES/nBIIhfpGkkYrHQRhShnHK8hirD9LSNkAaVL1LnUVJ7EU9ecIvG4xirpwO+0lBriq8+IUYYdmpypU9PaodD+IiO8F8YC0zTyQZx99Xnc+Mt/j3OCoIIJOJUfp6zN2E2ZlY+rvs7+8Vm469RDVIMqM9rF66Q/SdY64V6AjneOU9UgB23PbEx+W/AwgmVFYKBifQkDvuDzVR77URWYOzaoPAmjyTCrn7+d8CQxH4AWFvjoQc+btW0dt3MRZWUOc3RMTuBoRlY2hydKeGERCzoGrOeCmLpRNJp/5gG+wtrP0WCIMsZMgY+EOWYJZIBaVv6Rg1Oc+leaxgr8YcixcwLsWNfvNTFV5j1dOzjiWgFfosgstMJDpye9eg+/URZBbdaX5sCxsYSQ0q0kVe2LXHW6ELNQ4zy9lpvmVzOudkVcISpynj578GqAZ02fcWXoCFMJWmRBsBygMxRCF2ExV9DV3Zs8uNZo5sDdmabUalJELhaiTnN+CL6EjUEikC1JNqQaq6QSVImw/EB0dQpUiv2nnhCmQTJlh6P0wNPvoaWy5v6ywA6CJM/BqiQXacTQQA3HQcWhvTodR2QrdDMtHBJpvXjUKGQxTWdVxkad+cYk0+nIHsLlEciGfCVjZq1giWEc1ty+o1RQOolk6cJu1BAH7NtTA9MiPTd6wEWmX0iGgWpeMKI1FloyPi4/JkMjjGRKpyHbmB5ZlYW06Q/HsLOcDLkVFeVnVhAXJcCYzwzx01/kKk0lfWp7kTMnBs4t+q20gzSYeI7HR8VB1ozs2ExyR50UqCJJE75nNLUehNf0sDCW6MOS8cI4PcZodDWp8ahaPxQAYT1/Aw48voB87AhL2zU4GAaLel7pi4Y2AbCb37qCvNMoIQCTO48X7dOhgjGwO/UOEw1+dXJVlD+L3Tga6xrUqIMqG6R1GIMtbVFYLNiIam9apAjchurg2XcRckG9deZAFrUHV20oc6iTczQPpekKgSqVby8OT5+ffGn6I9u5aECFwTr03NCK9rwyBu2gbVybyTULsigC0p33c5805k3bDw93dw+e6I0Pna1/xgS2pNGAnyIfe6RZFEjn6auQlXAg6+L89i5UYgVtXOKcsEhnOsaDMy8aayiBKicWsKU3LhUZpTME/JuQuNenecslLlKh4YFJYWwwPXSC6CS3NNVDmzdyAOHSf8Zquuh78wcU3A3QaDTOyAJBUTsjwNTF0IZ0xjnuEs6ls77mqk4S3vGMRiJmmUabkcQHMeOdz8A9749cFY5SaOaa/pJTCx8KWSR3akTD9XwLpDzvVM5wgaex1CObFGCRvKAPKWAtEBg9cJmh1FSL4jm7HkFTise06Hf9Y36oIZuf1bJ0xo8icRQAdcW+4PMz+pWdtjGLSHrwGzAmOjrH9vLNFQyovdi8qGFJf4wOpIrLdgrXJuefvKuaVCMQ2oVsPjvaIVeaOTKR3xB0nPerCn1avQDmdCpHdCLR1albaWKqH86P39GsfbdEVYYzEMT0FdbhqmBbR2n5HAbZxmYIp82aTqAaaBtrR3L7F4wHtgrVYiVcE25tdqTk0r7G/gYaMrvtq89LIhCios+eq3TYuwsW1ajmJOY1vMXUuGFnZQ3aQkExJYIJvPBzms3bNArxzr45dVA6cR0/Oj1wV5i7pj8AHvf+uWdpOS3YipEKiBtkzjeJUto0TS/bGSAWQrgx/LRtgFIoHxuAi6kcEUhfR3k1CBSj/ecVKan/6UN1rb5RwGpVp7YUp3IQFU3YSoO+HLcz5JeyVQwGP2s//CN7YWXF4LJx6IvS8RPeYEg7w4ypj0AjGUcElTJKjumjcyinceqlI3bZCVKpEjJebkwq39eupIbq7B6luqA4iGfRYLQSQJz5jhPfpzqQGDjdSxnr5NmpNNDGw5MH8nhYe4UzUElDW8Ahx3SXa4KSowl7KKo8/RBs3ei5FZ21mNNrB+WyV7sNhpZwRnZJdIeqgkMrGFs7h4BvmFYIQ+Pm1PeR04l8AGm2eyoMaqikeJD10nbpElJcGL61NqsvdNLcdbMaK2MV57aU8GqCSwNpeHKTqc6mTtZmPGcQNZvUt9hlmg8vr1x7atfcuRGeG+op53APS++scUHqw4d3t/dXN60wOBefHZKOWuiel+t1k30K6KokiNBH2XoWYQs3QsWXnqXY7b+EWCo+a3gJiGqEMeYn75pNobIAVgSJ/AHkfnEwpVjE7KBz9rsgaiE3j0Iokunavy9o21XYlpSjOT+y3whTXaRyJYkF4r4OlJJpLOETNaR4iER/iuYxI6MiiEk0gMQFEd/0ZXYMOEVQR4xUxUwXTLWu7ekqJuqK6uWHN1aSPgYSDaJ46l+5c5U9/EByg8alOudWkPeNNtnDFQjNbx2ubXFgdMV5MBZrnflp0lIQWRdpWiiQzQQeVJ0UKEw8kqF82TAw6v4aUU0j/aA7NWP3EoSxO4IJkOYrr7ERcUdkKf8sU6hIe4SqSZ+zTUu1l4qDoYUczQaN5L55O3YavvDiOKv6cEDBlRyUeW12PY1Ryi5UwYkUpeYpt7gfmviJxXlCxLmCGGI56g3m3BaNMyGk7pjvI28Zd8LUm2B6aNkblrNyVW24bYt3ThUl6Ih2JkD9NrgMNHYn2gQEBTyGoZ9AkwsLU0BmsdXssDGQFdg7NFXJ6tOYVjUfeM3GiCOWSaiPgkWxtr4BFasxrJ++6OhkRQCWgdiFl5dTnBhoMX49eJfd7qplO82gaDUMBVQMlPk8w4Myo1GrWSVGlrDTegLySS5qF5G5pB1Avrl03OFE+jJkr5unOMov3hIg+ZOxZJvUepkkPB294rRQylFUobSLlvznqWtX7mHoQjltG8gqcBGDi+sOwjk4exBCY4k6rxBH+Xt+FwsWuhSeEyAjwHzp2QeaILu3wU7c9uSTnQc4BCCAtX5ES1/TTyI0kMkJYj3roH5wh3hyJFO+XKAleyIM1kEmUIu8FZk5U3iWsbAVJHS1AzVqRb+DFsoUZz2cyPbYGmcUINX5BN0cygoOcRpHNE0TZgioMM8haPGARvijM685IiTv5Ep5qbSv2AY+bu1B1GFshOKb7dAIoTZojfnEDmGQeVKqnx4qth+WAC9fgzstL6Ujtvoa1gTpo3mlxB6OYYgnLiv0gR0OBhtLYdimpKSDxhqmlOj1U4HfPz6wC/wwOoT8fDCt6NUSrvQSqnO43YNg+MZFfpbSj9oXK6isQ+Ig2k4/F0miGRGoz04Hk3n9BjzscHhf/VFwNkrrqXa+Wn+BYvYd3UUERGN8CrCnqosCBW0XY3R959WuEdSM/XU7hZwxjRSvF2qaOnVIxFrmSj3T0GfjkkYXeSH1v7/F8HMPtvOYUaOkHDF/qjrSeo1EFJGyTiO2cEscPWzU0ieddCbzklRCmHq1J6/W5SsFHdelJ97FLxJvUFNQQZISUsnHbbsdpoYK0fI9G/sKmc9lG7VDlBYSfaARzJNnr2hfimt3DgBnDJhKEHHkg1baCfhwOVjHMUgrKrN4PAy5ohYux05607TJeR4XKMlKmZyvxJ0P9uSWlJw6Q6qBD1UdQqmhvDw2Qaepji7yVq3k8Af/KiWGi6ITrfg3dNkUIttrodXaXZQTBlvmgFcf1fllo8auGTj9b2KYxuQSHEci92RMWZutG8ymCjVeexvqipvqxOFI7fcbidLFNsVU0F+g4Zh7TZyBxORULy9QT3kzCeGnhwRMCcpTWOviieDLGMBeE9dCNQPRWmBWdxtefPDEd72U9uFsutTDMbyQ53mvziGInsvoE7WStVNnwISL/tGlIrwYkSwK1Gyj29aeO6PmRZ7Abz2/0omwoY0bXRpeqDTFzFVkdW1xTLJYypyNIGOx3lAkbZWiM9rCtaApjDJUnkMU+h62YU5GhdGwQ3D+25mOINVVpbhbmPUysNF0y6MfzyHlTuMs2x9zYDpTwLi267JCDxnhGpuzcnZo8Vub6hj8MtDUtDOCOAwz4o3kIrHUE/Sx8YyWJvGceI6jCVlkSXpaqSPWyqITjD+/NUk9SThFIHk0cQJ4qIKNYryHJuyxxHWG53Llz5jvmuseWg3LzIMUTNE/XBlqSHBO6EGUH4agacOCvUaerJY8FmuNyh49z0Tb/LeYjnANJvCaO1CKr34HqW2nl2K0+KmwGWGCxnRZNTGy8+SPy/MXCnBaqh2J9ESMaC5+A1TJZ7tjPSqt5NQovsTIQeA4916+GGGQuV1kAvW135GtaLhOsQs88gb6W1bMhI36Gnp6PCo19EhrM/D3nnnfg1PjcBz4noIyayVTLdWzEV5icFwETZX42aFoaeQcl5S/3KTaIcwBFJyHwSglwvGz5Y5p41QngbwW1wFGRMClrdRHNyyRTg5rYZ2xoKzEFtBR0TGNIlWVXmASb2N0eYVGNM97fCchvNJL8ns3BzgR6hWBXsgg9oMiYrncTqsUD8+fvYyocbH42h0LLvEyrr7lfFpvdc9CByYx3ZuAkULf7BQKGOoE0iD+4NGAS2SoHdptQdC49hjEfkIeWc5Yk7bqmekmcrNvOoe8Jv7i0jsI3pvqXkKzVEnBGMg1MnInxRPfKklnBtoloy09Z06TcCPikJK7YyxM8yMS5woOtVpWyoZFCTuVmeZDU5uhkOa1dztOdr5IFEPQzBFSs90O/M3AUEQbqhl1Okp1+bSSTByrfqwTAJ4rNKmeR4ZlGNJxOH1TOzb6iveI4+lUBT3kYyPKlWSFWCJ8PhjE2q1I86QGFzOn2zzoYCd96AcBKo6VjI9Kkyze/fohzQQNVaXFcKjDALmW6Q8oi3Z92KEaiw4OlL0sVI0f5NbcV8IySHSiEaGNnaOcG1WcE6beNDsc0dT5LngOGfvjYGoJ8hsC9ke2r+wR4kAz/Uf2HMfAhdmm03OMvL4WwfnUSw3Oj6qOapEAgpJaHFSC68Jy5ZEa8sjam5Ugbc671gFcepppIxyRATxy6v3OWrVILMf+ohb5jg+qHAgARkoRLUx1bZw0qlw32HAFV6WsiTQrNhRvQJbEiAg2E4bmDM8e3/RosFY7s29CFTJW+T1b+PqGE995GF4JqLFpKh5v8pYXCzx78KAP40MdnDd09GYf5WqarArC7XRxbU3gDv/Fa5ymKBwTkaTpv/lAQgdB2kMlSaZuLdNgCKa185U8OIZFsSoA2WMeHibl5ZkQzo4fazpeg4r3jwPwsThKa1pIUtVF74cx2P44KjQNUSiU93vhZqiSSeOuldryYLAhy8Zxqt7ysOtVcMOIR7ohnBaMHjZBbdCX4YurQUWoSNUswcmrpOa+fGbl8Z8ol+KUzBsHHNycqrqUNcw518VOIZ+tmNM5ClfBlMEl5r5zrNREUS1X8BI4Hh48CJ6g+WI+0op2yUa22hKhTKuwZ1WpnBMlfNxqHF0ok24C0czZ1bpUmGMkZ6pLBxaepZ8tJNGQWsy4WK1LqGDEe0D+jEGg13IfiUt5p7lc9SBVrx+qw8tRzXKNTnTJuIXTo7EeH+8+e/nyi6/f3d83u9n60TSYUzu93Bl2BGgAKCRoxNR5rOc6Q0+9vvtgKv7k7ut39Hi5Fgc7JkbcZIrXR+zNJ7q/WHYBOjOwd8t7BYuOfaMjraiikXz+jRjJOJY5F5VbF6Nfw++64uq6rNb0hjVpL8U2S0gJ6UdZQ//WkF54wH1P/+KUH72nfNbgsotM/czKNISTgiEhfcZj1pDOsZXx4Gix1bpbj0iKQ9yENLFql3r8wlIS4ieki2ohM4l8B3WaqEiY4QhVnoxONwMCIAHJyxkOFrGLj5QTWoXa+IIwHuzauagAH5hQFtkPno3s6cep8bTzm3qMs3Z6vSfrfpDhqNY4lU/T22a4qZ3WDKqimbfTD+LoZDo3iFvsfOkVRCaPHzx4zTzOMI3jU2hQtnjdcIE2MVN5jFaXBf1WbEsRyoOP5QSb6ImAV0JG0viPLYIHMySMUE9Ws2MJyzGrR7dxJEyrHAGcaNwguxb5cSThYuFDeJysSZxlyvF3UW+Io46f0llcq8kleSJgFUUjDTi1fBdnpqDv7pTdP3pxRM+a8J8IIYgM5WiDrxP+p+sJc4oOFyh5dRQOzPwn51ZVgGDk/p5/0sysE4NZnUR+whSkMvo+GTb0SafezzZsG00nDPS5jnjUsnM5GnZcZRpb23jowpSIG9vmOTpe1uF+Ie5Pbb6eHGQ7ubRltCqSPGbkgyOa5l2FKCaP7VHUUFrA/NUzqwOm744tFfRGdoAuBzJRSOpm3nbdgeQJ4FqV1Nytfnvr/UpymvNdD8+um4zRONrJXJQ1Jqch9FvXy87jK0MnV6rPoJgqbv02qiu+GjbxVQeJlgpm8xCXhsxM1EgRThqXW3q6v9dQP5hnlI65CYRuVZ2mXV75pOeW52Sd/ib91EIeM4XI42c8x46NSiKd16g085h18uZpOMWLE2BYhMTSDuZR6STFQQ0C931heDq55ImwK2vkNz76CrsN/nkop82mGxOni/TJBXPDGLjAVxQD084cJ5iWDeZhq8PL9BhyVNIk99UbOKHRWZ0ChLYsvaRX/xuDnhhLVZB3kw//oIuPQNNVosVnguQ/eyg0tX4MB7iqDOPUi3Do/3iL9fladGMkmdEIbIxol6EL3I6nyrnPDhUpgTo5AWGGwuI1FnA0LkGxeWtzyT4OtNkf+BapUT30fMdHGNsq1TrKfdpqMXynHPmgzjaYsza2OPzYKJKxMqjz/bHJN78nNB1Gc/IEiFoMHxFzqrmAGmoFuG8hOXFO2xodDLU/4kY/ELGT1MNXNFZ/oKru1JD6x9e9op7qZJjeskZv4AxPOvX8wrDsSe+aym12w9qL5/feHH7jfYGlH7f+Wqx/c/e41wPD6FZg7/StVpKzNvPm4eHt1x8e3j64ixEjYoYUFM5DiSdDEff9zVMvIHMRhD7QSuqDx+7e6PBKebd3d1evujnprGg2OTZGmH8Uae4QgGA90VFjEpKRBI6TnULE4Q73fdSby9gSFGyq+psiLN2tRvN+24LfUekI/DaVOEEORxX5ZPQM6BMTc2UPEOtxApCO81W1F1TDTjuqD87tQpODwunCqee9xq95GU4hKDd1arXkLL85vLvzgDOD57oYcYkPOo54TQxCuiIh1jWPwTJTqai/w+opy9HOhqHicUjKO5Ii9grIgqxmVYZrid0O7awvr3D/qcDGu9osf7ecgrzUbS2zC8CWXDwS/OaFW8etdl91w4jXrspRIWb6XIh6vC73WpX5AVmcX/a26ZazuYeg5wugSIm3mIoYOnm9A1rkHhkzzUmJbU0wYrzkbr6q87t9+766MYqefnbraqmji4x7/yNEbc898bqxN5qpq7zFGHdWl6jowXsvQN7de4VTHMXg44cf399+60//2q9/91Zfaoyi5zHjJaTHyt29fbCu+8abupwR6A00ramzDI4nkGTdBPv7333++pdunv38K71zDZFOkymYYILs5Svv61tGph7yQhWAScaHrx7u3lBtC+sIrmOjWhqgJ6OB7n4zsHzy+O7h7quHx6/0pszdoH8+kRlw0knw6KUQTdoiTWEYfEJ79289qygXn8Gg7UqbIDSbnnFV9ohfqPzkTjYj4g9Pr1o0b1bGKEpTK4D00N/oZEgHmuekx3lrE4UVO9AShjOMeNJdlcpwqjpu1eQDGzxGHuDaar/eKk+dXGtkP+6SNw5G2O6OlQ1htQZDxf+zq7vbD+++okuXAL3w42QWdfGq5w/33uflNccU7aWJVG0mzEB1VF7Qk6vnbGgxiUu3IMWwtCkNGpg6jXf/ePP4nc+e3N3dPHvFNWXtmOuPSkWW+CjRFphpgzghHbM75EogyYZkfjOB/NqSoK+cdQGSqk5h3oVFjtPo0+UXTcdOK9bJDhwizR+7Rr2UlY39oNFBBoA9/doimYaVjfqMM0cPTwoJ29gZaNwH7xPvXA0FrugIAoM8+ETn60+ff/35z5+8uzMU7TrWuGuKF8y6ieilqgzFXrDC3GgxkKhq0xaZBoUoBE7cI8iz68ennjTP06c/gIChGI3Ri/c5DJHCtB9GTKK05jxFfZ+0EQsIxYYNexvy25uwgMd132RM3fDxTGJKedI9HusI0ihE2ESqL5XTuIZRJUaMlLQUFzspbaJqjEp8evnP44MXVHjVdCsWhtTOTFoJcUuv1t6w5vkE6wZefPbyhTeRGDVBknNdPQuU11PBg2d1SYGSonEwT2spJyHSQtzwCNLylbJN85Em3kmWCD4o7CRl1pLLm4xNlTCEpeqnn75+evfOya+LAEnLjOhA/GBeQrMm2d7tlYlpMgxJiTSkXc4gCynMYqqi3MBwcMfjEEsj/gLINPGDOIT1E9RjgaQ1JyBd6Se+WzSlk55B65nmsJ6MknPOZnO4iB3fFg3wIITzZFv85AZzinxDqj/GOgMcUuoEnb0tCWfqcbe8Ne7iDW6V5GlvJoZHyA5poyJMZuvCmTwNHgo1B/qx0uz6ggRGa8ZNAVM7kWw7TCtZKwtosIP0M1VCnvflc73/o6wahqkxyKOaWE3FCI/tLFAJr4xGPrPj0I7qkRaHNQqLX595xZSYM4aUznA1DcwIQSd+8QuAJQ/pyAzd2LjQqySYvqpvG/x+5qfQj96oHYlBoL52o9ErcsPq/+N22Z1QlQGexIDS6kdIu0MDouleeC92VgKoaju5TkpiwbxKzUUvB88QQq/tUW6mCZdGEQ53aQ+OWx8AACAASURBVOcsDyils2FV1/Dzya97EVGv2g6r8fV87MPT11YxxdX7r71n9smvGSsBDuRcIT0S5L65uv79P/zdf/bf/nFjAa2ffbi713uZI9StfeimoasP/8cf/22/+FqyozUv1PbQQ8sGV+4b9iD7O3f23P+T/81ff/myYE41nUPwnNDrrid68vTm1cvbH775/Hc+f/7UC8XqIIVE7kYKnxLo5XLWVJtEU5aqKYe0wCj1YoNc7aLUqUdFGj8aDflcMVs4OCimrhhLQQfRVNVu2k2zRM1FC67BnehSpfjZ+3cfHr6wQp9i0/6MwWeab8HQsm1ctaktaZ191Dpv+eG7z198lo+pSyeDXp8/Nl5cf/EHf/TFH/wwIRBPHTWsri2ClaYFDK4wRidgBC9hpAF/z3OSd9MM6g9JUTrw2tZMLg/jSPhyzCDzuRGnjfqKiEwtIawbRCjtzhObeUJcd3yQf3h2d3sLVxQP73xFy/Lfh+/+8i89v9bX5A/ex2jyiaS+Qs5qsD4e5hE11yjSZ8deZNMH4aAaX6ybzcsbvXTixf/jX/3du6/eW/2WedPIPOb0ZCGiDoslLmEyJ5HlSNeUX65uWPz6xfN/5699+S/8u19/9tJgrwAFc3trVfjZ23L3i9/98V/9p/+l/8lv/n1/6u3PviiINrCgMDmqZ/z0/f7Hf+M/fv/2DdW4AoqQPOTFtXTsatfHV9eGlA0jn1990jr+1Jped85uer766e//zr0OsvGLcWYIemPO/R0t33z66rd+6/P7f/VfM8+ZyN7b2ws+4elESgn92d1Xt//Xv/BvfLht8r+3+aB/DNpqF/FbEYgimX3FAbr5fLZXkzLtnr2P+8UQXkBln9X7rRaqdJoBcjmJgxn1qEHiK9ooNjPOR/7YnLxyWXA/QzvfQflwNTZy0P6CXHeUfxzuLpjIkHQM0fi7OcyhPOLiF/DEh/VERyLE2vzsIkP5v00H++z5v/2XfvCD71t+ZlQFzrz0YJLOiz5/7mEqv/Pjx//DX7z/9Kbu0UalqTGm6rxiPm1MefHFhm7tcEXZnTx39+HZD29/+k//C//Un/6T333zM6eAwnlawXFsUFOcZA9I+yqC+iQRF/14OK1EIZIDcOCXuc1xW0ZLg40rEsVfx5rffvHh7stjsKMj8THtHlUd/ARHscywSVYHwaB9sUckIxY/wYa+/kRRY8NSTv3XEpC0oACZgqU2YBfruKo4uYBaRbjmIw//t//F/+479wPNoCoD8TsHoAEIFCLQfsWbY5aqAcagvehBoYA3aiH87Rv2Pnn98m//z/4d7969a+YVGMdpZTebeYL7sEVNhU8gaRe52NZbXj/98odf3/7hm4vWgeEjemWwBEuc7jZOtsTdGCrGNk1//sxdQH/wg594jkYYZdAFinY1PGdDMhWEI+23vXwsBonoul6HvDyiuxCC7qxD+P7w4st3H/7Of/jX/ra//0++f/tuayIKcV2HmTiIplcPPXCuqnEpsfFtISNFIOJFoi9e/v6//O/e//z2+mWvtGJFdMMBIB5b0Pm9H8vtGBhnNYzhOB1cpQwXeyQxDV5nlaUx4j6rx+ubZy9febJQrwbKR4xRnl95mn+BdnX9s7/x5rf/8v+HISA132C/YnDm5FG3795/909858//w3/23e3XOfZiELExYHUtptI7X6XY5TNs5dNZyJifYz/5/Z/cuomR3FdcrtUbg+yxbhnn/e0vfOvZL3/PdJ01YckvZ34IyEgDkMOXOdJLjri2sztGtPvJH72FMw+xQLBIQzxu6KTV6pwjnrttYzhQMsrPyon77U88IqkAjLIltnkT9NIYPJBkyc60x0STY0hBVmw9rNXJ+YY5k46NOjpjfGKUTgqDWK8mr54oi7OKVWpbdbaEv8CwpyhuRuTS9qAGiittDn11Z7czP3F0sGSRofEFS3xqo6hWnIKjbX+I1ihJMaJ6xjto6cKVuAGFOp4obqo8BA5pEkfgVPtpV82Frwi2O6j9jpPjsWE1hJj3tjcycdHOmNG4w8P+wROSgz+SVLZW4d8WUNQ7LIr9H4ZCkpKy6oFmpFxgWxTmAOEGkxhhSvqG5ZejBDnYG2kkGfw52IhoZczPURqs7zFRj88/9ACwzMrlclHt3UTUmA+kZc9n773k943TsPmnBTAjjCc9EGgLVYDuH7xa8PW7d6YC2PVv5CKWjDQazL34cOMpQ7052ETh+bXg7iSECw3fW2eIawtooL2oREfrcSgUwMB8uzR9D59TUBlzM4O0M5HwmNrJxAoTNIW1aJTAttUF4TgHP0W+7U+7FeZQ6SuR21Jk7h3qowjAaCMwJw0mpVZr92APo2ZdJUt2uGpRauHZ150JSZM1q6IQFalll0VgRXJ8GBUldwImYqJq3RDuwwcB7MJ6jZM/fiPdpQJl7IhiqBPKcRtbbYgOTaSzSlA28LixG7LcbS0a1x6QKEBNoiFe/dhe29JPTYP3/1EP8xVJxwApjNrym3Is1xtRnUsrNHkzXaYexekl30xvdFKH7Jb07lZPRToenRBqfDPaEPdVPxPKaE/WNJBOEkhVh9grC5SfDHwebm8t1CZ0Gb7spaWqkr+k7MG4lvWlzSuLQJpLwZTdrcDelWORDFHXIDx9cMXPe2eb69SfPr7sUqAnb+9uPQTmF19+6/ntw7t3d4ZudaFENDHgtCa6r7DRM1+ubq/ffP6l89suo0O+ri5eiZzWCfTq1Wu05mX1xQbN6SZF8NKXX/zwQdAYRAM29IxhXSP85s8ve0vHTuwlViATgTPRrV7NxObeQvzjc6vU+rDjUGrxDxHVY0HpCZIsQa3HtIVCu/7pjOrBpN6VMKD/uGzeq9Wx1Vwimdq6fzqTT5B8ZGbJvJHpSL6ZNw5DqlM1lxO1UfcXS7BCF5Vw+e54nIUawpFg4TqTamNyyjzeXpzQaq6Z3YGMqShVFd4JGN6DucPNzrH35MPrG+81YTvzv7lvws1xKffZk6/vPnxxf9XA5ZlnGdJQisNBs5xczApIdKGmcjRN84C43kcyBPrqw/UnN5++/PYvvvoWZvKPMoGvWBnHK1n/N+km4QT0ZSN2P8mwnw4SNd1s36VQXz95/9aJCUzZwEIelxroCN48fPCg511feLSG8qBAFqjpyVdRr8FKCuD0WGVOksJ9zZ0SqqSsvEZUgYb8GLkwKCAg8BjpU9VyGZPFVlR4JaovxK+p8a9+5+Un3UpyJi7oZmZNDaqEK2QtE8lahNAsXFCGK7AYjMYOJn1U11N5E4Xx1dWzT2+eOQubyyQGtvOV2IwiPO1HME7zt/ysMR8KRZ4XTN3p2fRusQG2la9CFwAGT5DPIkSqix0a2Ooanj2VOL64+fCy/BcljMJBrnJpw2XC4IKYFHDaHlkC1KRuW5/ruTgmLtaYI7tbrdjW2Prq/Xe/c/3stfl35/7XpZOh3JtebCUBpxQ9FbTBMCG3SnIyQi7q8d17GOdWFm4gmUpNL0inn0geebuTppISlJQ0xBl50s4CUzlqBBlV8Z1+Hbh6lJrlTusBtGY5xKJh4xFadCfAeVTp105iIlbKxoCGa67HedHkRV7N0chUE90ltTNrqqw4Mpidx1445DBIzINrduv6qcbMnbzGVy5Q4/osCmbDgqwfUy1lvDdSUkfCZDT/iRG8FpNwZQtOd133SBWbKm7j+/wtF6VGLNbID8TaLLpyMid1/eidFCudSlsmSqiiQYNNcUIeV453wbemfANCQ+RxmzhjMQKL59gJYYcHeQ14wJou2HlG+TvA81d9qXOeC19V8eB/X1GkulRB6aHjyNWuovyQwy90TmtSVNunYQDfnYpWkoQHtT2VqEFDCWsyLVVRH9aWVmPIUf+AYBviLLLmBzA0we+vQN1hRQf+VB/+audK12GfHgM6oBc0Di8MHTRq47pS3EakBnGTIs5vkPaPdKFL9vAFOexrUREwOFKNUcOQqMpvJ9CYHNbTfFjURR4cwUs4HaeNXJMFxoP4UZwz5smWnXJXkFKGhdIuGtjSQJlWrEke9XztNsQRBcY1Xg8MGGPnsYf8Dqyhhmv4MGc47xIPCwhFVGeqrp5ew9Eia4N+l0m4JOTIh5PWXFzj4hgFfElmaUe8g2Zij9Y49yJPnRMkaknm9yiyGfUJvjih3VYYy4bfBOw03rFCf6HxSxNFgf3USTt2O8h0UzCpK6ahlN7PdpJR19P0YBizYSzs2xjOYEGgVpuvll38Fw7eXDhdjf0agSikax3JEkLTI9cdXpYEcLmzCNg9EmXUIj94/NvWtKK4iSZ8K1UbKC2eYc941A80RlVDd+w/DOM9LwE4AmlWQ3o8es3xUlFOdTr4ke5Q2zwKtCNQw2lnTdSyZFdRAusJRvHHNqmnRKNl5kZrbpnfUIdr2Wf/LYofUYGkp2OVTnWXlJHFl1JrWKkF8rjpAk4nu1+8cFo9+uajuW75Bw5DB2P3nAewYz2N2aYoAGy99Dbt8GSMuDrbGtWHx1tXYLlsA7PX19dv3ljWN7CzitvKJBQveX0nkV3Pjz1Drpbgpkq73k35vmk0NKoJftcTczW8ch7Ar/DT4t07392g3zpQM4TixqQlXb3oYaJds68vcaVUUtCzOVK21tudbpswTcOYzBUlOjQg1NE1rJ1EE0ZdzJr6RAI5abtzgExA86nOT+XTZubI+tpPR8USVastpmhOkNib8LMdutFrg08jClgH0lNtL4jKHVNxeF1ZKHljIq1Hq+iAlLPDoS05xw4rpLm8C/njALGSgmSWJS72L6gCDOK4ifacjdIALlPQZL1PNk7IUGH2Qj0FzCUoMJYaUYFTvJkZteev7vvlWTE4lDBIU9dP3emkOYmUNzTYDC7m8vNSQ2u00SNeE7N2lXsQ+9X1a5dEcsbOlnbOaGcSEg/q8gL2kjurTh0VpS7q7XeamJ2zvBJbTWuClaZnT2+/dpH3MxfgKVF8IAJFdbdhcdeMH8Gj8w1bMyCfXDI9Rs+7CLzhr3I8aTcb4APCzaq3NxswYeTePXm8i8M4ynFizz9tFyylDquXCvQDLJQOJ0GXUvXwStLra+6iW/MCNJayaQpKTCDb8VVr042ESVAlMmk/awwx6pt5p8XygIL7W+fptnZ6gMbS8RhAWDqqTuKpiHuMSdxwBpfadCL8hRPcgzjyUx0wBfIQuHQTxjFVnKQE/mtR2Et5P3TZyWThL2qOpAbWp4lsMXftJxr5pm+n0cj+8HBz9fzBVYkaip1lV4dd34tJXZR3A6cenbvp/4zsXiz3pSQLH6Senk4V2qiwaQy4wFEHp045JD3/4MULCDrwCCwX6BucZrzkUgqvZn0UAsGiTjDTdLq4EUChsFuqEkU9UmcvRYkXX7l0E5BSzYveVJB9XalkrYMrYspEBRG4dCaaP/YUzw9Xrww+ljNYnUbGIuwRKGhDN2LJ0l92WTYbqrQyf+EO2MJ+uAeZO9e6riqfgCZhp+kpJjlmbvCz7SFOYCT9JaIGIdRURix5phZ/s0nfkQ9NX+mi1U+WTcx5Way4ZaN0pK7nS8CXA9ak9LNGZmKKS5+Hk2KXGJ7A9/jhnTTYU8iUUUduN7ps3+K2FDEeaugvlFN3zcH5l6iqGrUYTrlEaZaofaq0TQKVNepLwYH82HTyVYfVIVZvO76OeIXR0w6XedEFT6jKFQrpD3MJOv2MvY9sKar+yJLip4CxHYcX3OPswnEoE/6weiAPzdMgWMct4ODSwces0g7J24Kv6tLCbvgmxcGLpzSbRCl4rA88XU03y2YOFITXz0ekMYeONkclYOrP1pwngj64I2ev8rSnat664g0Dqtx4etLiQ17w5JDG6aEAmGcvIxXk8GTzWDnNh/CcxuedV8YijODxgGmQX7VOqScxyCBm1/1nphJvbyPX87mzJ0KYTHzXZcsOz+/v3NdlDHJCcQNaa1RoisCmCTxeSIrsiVTIxuj+wpLEKSDeOQfUKUlx0TE6NUh5H4Nweks9qy48/S2LHc0d8DVJTTXObAgB3ZGvVc8fYNJ+PWWPcLkMRkSvMZxeQZeKE+XGWKHJpw08pfkiuTPREdlorxysCvdDXxNt3YmaURodgtzIIxWKhFxvjrvoSys+sbkxQQNc/IQfdIm1FiWNNkd1NWHEm1BUf+nkD0DNcVyzQW1Y1rNsckStEDMhbKm5g0RI+SNZi7Tf75AFq4CXKNBpNhor+5Tuj1qR0Gm5Sfyx+8yMh/Ako41RPT9T2c9QWRaeiDfMuRBQhy2l/vVSBc+RYkHwIbw0rihL0Ui8NWsbo90A06EU2DNtdS98luzugXlw8QHxNMSq5SUDc+ew5FA3CWAZijAyDRg0EsJKu1FAsxLc8CoTvYpfWNN6/vL62jngelv2xmb9NyjMuUBJgjCg6S7fdN5cIN2IPytbPfwEF52SftqjeDUEBEVKl+zLBoyBnm7YCQiY1W2c7e4SKIFzLhpwMUPB6tqhvLBun7T9pRumiUyqS+pS1vnZbjBJNMbz3ppM84AzZ37RBAyiyjOV/wCNYBTEc3U7x0IntVAUjN1VHRSRT5njTNpdWNNTWBk+XEsDjsfCaQoxO4Uoh0GoXrD7qROqMUzUUMrPVUA+hKFKcZEDASGg5IwnLZlSE0Cxr6g4tBDhR6JrzrgGqbw3oCzCCIgBgsGcGHa5l1EE02Dt0g1v7C4lwt2qhbu081YLILfGkjtDiy/rJgVvLl1mHkfZJk72RxVL2ZXFfH4FdgGCdJWoG7ooMbtt9HGPFogJiD1jpkTotY9ixFmwOSixZJ/tpt5CAgnU8p+MAxA/qbrCKU9FJrlokUbbV3iSa4+Ju90kkCpilQYv/ZrwnY1RV+ZmIUKjxmcTRRd0/YBas9nb+2aRVDuSmNEElY5SSR1/DoV5IOlkjGF8jDAK90yEakWvuzievndvlYHV/QsX4DUbEzjlhgkyNMcEZE1SUvGxajsasqVEbLi41fibplmcN6SlkGArVSv9m7RD+FyrWDir7NTUREuu30CMnUpxOOQecm+hixipYJonhNzQXmUx2eo9WWkjixy+9nIr4kS/bJBOO+vUoL+OycM1Q3dUfwDKe+s4KmcVTDJRkcWXSyreXN6lRp2Zh1dPk8IaiCv0IiG8lsBkh6wOKO9LGzXPLtCxSDlqo+nyhub5t2pj0xSawsSSM20WX0yttHazTU84qz/MzYFJdyZGxO/ki45sF+lNxskU3fywbxKsEcZiOp/NHK1iI3isk8bsJhMGSCPHN5GXa+nW/ZD0U/rXQez0Qz6RLH5rEp0wlZxWgscFJF+RQEoeyMrDeWz6qH2C2zQsa2kYuno9XMgRuUNpdt3Flh/qu0YnIp38nS7TXMZiq7QPZ6z4s9teRLCYaGuNWkWGZ+Ev+UxNFIW9pTudkyKhNYzTF5iYZtZQQQwlDBHQkGjRIOcpUm43LIeTvv94i8FFYDvQQVZEJ8b+jzPUXFlWCezgcjTSyJNVNT2l1e0v54U4aJYgriOVOfGFwGym6bEX2MvuGuUDaNm+YXc7sNOe8+czUi0iuM+R6tBf7TdNYR6z/ajZpkxr0GoU+c13bMpULL4TrFLlH/kEFz3fMVivVuoAkXgXZFkyXKkSnOqCJaD9xHrCppeoD+GDVYkGnUCLCQrvC2kHLSGw4i6XCDqfbGrOJjtcejKkL90YHOWttdT/N7bBJO5MIRogNTfgMs4hPlgAetWSpjsEXBcgxiBt8mH0s0sawDj3VzSXR6yx6f9C2ngZ2zwwT0lj+WJqK6+JkFwPAwVMteMk7whYLZ5TYHZKP+qT46IKx/nr9KNyYDtQFPEpfEQvSOQytmo7A2qtIZ5xGv3A5XAXVqjpKpFytL/Cw1UknhRuQEheR0WRMR4qBZBdAI1biKVS8t/1na6aQkIA6sFbAJ5UtL6sCRDiyZYLpYQ1TiB4kU6ISKMBciB+elZJdh1vNcsFgw26rmcCMW/SYKNF4i4dw2fqB4zbPCV4BVuMici4i0pSxPY0kkVTInJcTvPJmQ/XviWrZLe3gI1zW22Hr45J5TiU+iZDRgzRAanZYWXlRydx3AnbOi0CG7Rdu1TG+j1JDaw9jmrad+tfRmMnPMLe02ki59yr0bbbM6+dSNYHPH1z29WkLqGwxO/5JC+unXF//vXP35gWeZheM15e68H/PebIM69czOq5dlcighGs979zAe7Dk3dv3uBrDxWzLE/tWOfORvdPn7sFzxRAiREkntafUHIyfHjv+qJHJxCcan98b+0N0ZfPbpp9LHABe1TikmE+36ikp37QEPdryZaBsqR+o5MqwlYApl9WPCqLqwwyZ6lZVQFkje1ni8xOUbOXQ6Gvkd95Cl4KMH0eUboNGjI069WePOiqC7TowRkvKDXQMRkpmuGobBGKfPYEVy6ILX23n31OYltgqoh6csVbtAsjBXkW3dJEmKM2kOGFht6oqMarohtmgD2f8rOpFa2fbrhGQyOY8/qd8NtyeWqRc/gHkS1pkIE4zg5BHUXIL9zibgwgmFkbiQZvzxzRit5ti8gWghtZHdBmCAvLVBCuFFIIp4WGokrtNPaqJPZXtkagg7OuN/jss+PgeiQtrrgVqVKegU6dQYMCrqsBIg2C2TGy+Ycye8dMc5GGC+U0Qgnahm6P9+8MLsHCXU4u4BFtEDMM0zQRcbXdfhvDQl6TidUcRO1YTTUbQ8Znr5mXKa2bdH9NQx90Y2mg9QMYmKvawzzuMm6554IsbaQao9pET0rumXOXxijWyyvzljCZ5oE4ySl8s0RtKzUq1yzd13rVdTWoltWZH5Dr/DDZFvLUpyhl4zd+/Oh3HZPl0meRL+XnsQpLhxeNH/AorbdIPfbHX8PsOIBwMR0DzRUa33No5nDPqVmc/yCpr4E+aahyTCS8OHWauZnLSUf0bMhrZAiipNl3KVGrORuJGnbxRMN0KwiNFTAPfA0EitOdCbzYZVpqRlYuymFaXwmUBoUOpeRjZYW4xqPP/X3PB5dJSzQSF22km/vl6NwjiTQuhNOEps1az5pai2hJFTdhhtHh8ZPIJ3aVaXCaw0eeWu6M13qawlypiybjcyjSWxdI4J2k5TX5QnVY8rxlo2lK2f5jwBadQCotFhTI9XjElb8K4zKXMv870LEUT6moZlle1++dZd4mk/JSf1L4VM+xaFH3lmzQqYmpIEK4wxRFMBCXRBDWCwPbnUydKI6lolglkIVGBdrNYEUMZnUvR9wpCWwaO+EGeKObIzJOxkj1qX84qXLgE69Vlck6abC58J7gEwBoB5cticK5v2ErkU2qtZ+0Ib8Y5WNTv/OnRMmAlWu2H3sw9fWRysffWh2M60CRKVehTb8H5lLrZ1seGXVb36T1X97UBCaVVYSzo/AEEP9l07FVHSp+kvWCbAqqUfgjsUx1TJAvjnc65hkzkA4mtVUeNDz5A79DZKaqF0gP4PuqoxiXnOSIGE+uLzATdxxrOMntZIzjHY5jpYWgsHdrCwwhrJiaRIq9mCsdwxZuLxf7cO2iB4/RuC1rmOVbT3XaW10nF+RP8Wep1VUXU3GKKzmVLidN8kCXihpb55dGSMI0KYFWvz9c5Ox0ENfEJjHmcLQYULxuUaswqgJi20GC2Evjtb/IvybpKShsolirNQ5x+xkmGkDEkLrhL2PJaZx7Vzu2kq4H0HFSXGc2x1G2iLomPJN2XLQNDAeVUXvrjdkAVgiDRCUujyCVFINVxFNMTv+JpTRdxc2aAPDfU/UiQMjMnd4mtaO5DG0SZSSxTEFzGt3LIeznMJ2Wo+sf2XJRl9xrF2t1NhpjPpFRRwz+zApjCIwCrah2BpzYnRc69/7qlpyUD2cGONF6STQKNEvIC/twHXoTsPQXR7MDHlpEmmvxAis/jYwt7fTVpSl6PvrEEwZclcZydlt/wloj8ad3t+6/tY5NkhceF2iAbqCv4NZlA5A1di9YDA35iu7TaFDH2FJrg+C5fR3l09u3JsEnDp7c99htq0qNGmEEurOMR41HQdkPRn243EvYtODhHLHn/tGbOOTUBDMs0kmbyVjQKbk2GdCtP3Px71KWq9QNBl7cAFp4yV56rewSTQnqaKueDC/URcthQS/tp2Q2aLLRDZGFcp2pL5OrwgY/9W15h+pZUzSU1yvrRJFtWSDriBv7yBYpUSwJBjGTVdIeioSaz/rFYIEYmSoRmTb0y3QwyrhK12pC4GsY2dLesgejQ+d48gWa2OGe04e+C6bnydiOCvaQdbFJfKQTR26xWH72eoeeURiUlqLDGPqJ21WNVwxYskXXXORd4x437MT/LQpENhy81NDWfuIgRTTMZuVDHbJJEhuApplpClegikKaqwQbiVnLmO5bgzWObl4yVjZ0oKGZfA1CXFgau9+tIe78pyf1JTWjWns4C30Vaug9VURm9Pq2wJOAjVMDgRYUlM2aYLiaHlN2c74JCV0L3u0Xncu5EVcOLNQbC2xs1qyFJNx6uoj3o5N9467EeFw1ouFKmbFxtiSovsJuyYhqm/CdTzdMlmPLVkMelv2xE6i6yDF/ERi75TB6jYITOO5wyBilDjqbgNMAETpoXLP+CJPKowEqHIiUEqisLAibAgPwdqZHYl3y7YAiGotttZ+eMMhDpSbaAZX6jBg3mtNrKHJqyZkOOchIsiRsqPfw/toShrzA67k9xUqIzkXV3Bb2KTJCTkJKoO+fMjEXgObB3UoEoBFMmhUVVckybQRUeGM0F++Pz9Wj5TYZylWVeRgpySJHEXF6wL4JCZfppNUyTmelwsWLGnwvUAqip64nMJVpnIAPPJPBxKNLF1jUGRg5c6rylabQz+4J0943ZaozW94X13OqdpugramvopYMXYeWJ2SANeiUjRbQEUkCkAI1lTx3108wSZdK0lGm0jCsVTCCChxpuTwvKE5FI5U5S2YQIGkKC94P+LHTZ+sjghl+6CScgvRiekjXVaX/bNmEIZMRofDJReMtTlM9vpD0RQAAIABJREFUE+kKpq3zDXcRHnXsFYMXtSQJ113eAaIHn4zTm710i5mc6Ozu+0TCpThlRn9ZFneaBhxMOz5pULGtY0eVTXkLmrTHNHXBJ6zske301YFemsK9GOOAS67QJGqoBjH0h8baRAgT2+wOamTHY8XrZwKpMt78HFQHejVZeFs/CwZf7EDqaSkhx8A4GbsrGmf1rLHZTJyOT1cW+NSA4rQVwosMEYjg3EF9NdQyHiBYujnNYvfompRpXyvdmOB3c+mu3+EkLUW15lUT4SMh9sxGvoMOfcsREvn6M0CRLiWiVlQp1+/PrkcFEjCrulBIYwOY94b8z28a6rqzAMaX1/pHV/g9v7u79fDi5y8tyOYXJsFOrRfQYvxxfYaMMD4LQxMDT0kTTk8NFt1LfwbVOQlu9aziAE8A98wyklI8aSglRqdBRC6qYIo065swIBJc4+Ix8ymd4tfQcbJmeX+tE8hHodrltYqlP335xnx5Joby6lB2rfCWK2SokgrAXBd2LUDQxuwRgfLXVqsLAQoqi0uahUQTL6SLnHjGVWwnIs4RG3PxfB4xUOV8P+DY9sUkzKeNg2ERikuJLX5LRMj5hy5nAWK/vHhkWVTqOPgH5hT78gcEBE3MN2o63GlGkcOEiN3ciHnkxjzFwLE7SjTVfFar9vnLOoSzYFV+dNAapsfWDQVMSU0zxbQeMlkcwrEkqXZipA+BwHPpBWuXm8cVAtcJus63a34td/YkRwP3me/Dcy+i15NZCTQ79aoKzQElnEjhjj0cgs/zUdoybX375u0Gg0+d0dKdHUiKIKho2LksgyIX3JfpDfTd37tO9tr5bSK/cFUQ/G6Lhzmj95/djZjpvaLs3qCAT1oazlNSBDytx5FqL+jopr+G9U+u4WvY0PI2zXfNPy2kh3C/enn1yadXX3PSdwWOwk4AuuONA7FJDnZYuOh0LKEXJCX7EIw6/DdcgDNuq2FaeBi6XUDO7lHQ1JbRlQ5x84F69uV6xbRLmxCIhcyaedgnUthzdQRblBLLucS2C3cWd5zn9U1T4ItZHtC65LL4MKkHChjs6YP5lSJTJGjQGeuQwllswQ7W4AO3dS5JqCSF4xDbIOuA41yLTbE8xd/1+t1XS//10bvAh97xM79ZrGCiRqyoobuhkjRNyqg7SRL2Hncbe0JCy6IJWYfET3taKEjYcGA91oqAgJNEvS+gGTHcSceZ4BloOsWFrJ4rZjZbTITdxtfLWuSiHsXxUOlIRyOgbfZzBBAzWs2GCR59ict3kgm5IWlwRpmojATkLcCrPhJsAJhsNS4nFkXHzLXnXpQO1g5dxVSCbUwzXgKaU5Auk01KpGWWedUYnwMFiQc/SULjAc3jT/ZRFOrGQ1Op6jEi4IOWIAuSuEuuKsteqSpTqWjKd1apkwVSxpyoSRv2ZOw7m2lfc2GsCIKegNxscDmNKcRXDDSTzPwY0ETLCv0zkTwZIgXEg4H49OaMoJNJOFlXs1gT3K4XD1JwSHwFu4RUoOxsY1eTL92QkeG6Wg8yGQLqk+ehRiz22uspbRng2X3r1TGATFMoj8OVTPMszM/HMd2GUSg1P4NM2jFWBT1zoRoneoUyXQT4p2dGG9YLMScB0qrs1rQk91hUWj6TxmFJo5iQTHOaHGnabexvn0ELZK3ob1ajhjRRHbWd1iRoBIMbe/nOmmYtql0waIJgnripEfX2i1ZAqSYaCHVyCNL8QW3ijaFhytClPo0W4iSqMwQ+TI0MiFYU5mBhxLvgb1iVIyriFanOdA4nNMFaWT0caRE5LKTzXl6jc0hio5Rqwm4Q9axbRIyglMeeb7GapqHLHIVa3jZykQxuDJ/9yVwOja6KqTwn5wTxEueRW5vUmxmmBqj6zVn9cIbsAXSsxDd5aqV0EqSnmio8MxvIUnZbmqp/yT3ZfeEx8XXsURzmvmMH/8i1e9pPkHM892w33JO53QOs1ZQUN/HYtvPX0U2ycB+sqwt/JIb+Yxu8pGT88rbU2HaUVHki47fdyUCRrFU02XH6FTbSMqlffFDPfo51Vhu9hprL3LBEb66Tde1xi49MxkeEDgNOFCIvaHdyLe9R3iMaSiLbUt3W46m4WWchnqXTJ2hQ4yz8CSip2HQsXNz5QNc/crlGEHvaj27eUraUaEYh1enp3GYvrNEobjaHTUw8WwaGzQWpRSSXv2nWy7uqJH+5LE3kayIhhpdDsbbIaXxLeLoeY6WwzJJzgw3LFJ50AUwa4OE80b5mxUyeVECWKGpDY4k/YUtYMb5t6LXHSkTzyFojOJMrgrsRnL8cPzmgTdjpVrKOUpdQWnSOBChKDxIIKfVA6IZ8iPnCji9FtQiwumHthEK8dQRZgnbse3uX5BhyDIR4TLdTi7kMcaeRJng1xi+hhHxy+V7W1tY/aXJL9ScnZipN+plfjRUGQTz00pYP/lm+WS6XodhCuWYaBoJIq6f4MqmrRtFEhhW9OAZ7EZAUKnO8mOhLwWm0/U46G3xbG9KAYi3PXznD0EvpXKpx1atwHh9cs4ETN6hfd7MU5WdLljFEvrm5djGPu3rfeQ6Gmey1ROoEuWdbvX9+bRrxwh0LOODUFnab1DhroYMS3XE6181eT+/e3t+/vdNHKjXi5+aE0K+BMVXgZNPANH/UTYkJVflcK08wCnFO30XSSp9euXy50aelIeIznP7OKNXkI4vgvzdrNthz4OGmzh5j2/T66vqpdw+rbZSAG7hAzDPhRasVn4geddanF88g45ISp2nfWuVTtnlcO3XKGTsj280wpMdUQJ1znHmJpnxhUKOIZvmdvmuYp2xXgszBSAh/IwObEiShDpylydzfAijAcISLFDkTGrEixYSUhevsNmAASWWwFPiyThf14zz0RPI5RmhfA7oAJo25FfGMcqNuDIT4U6sY0HMVIy8zgaZlhM785M2CU0e7xECFprWLun+vgr6VDStAhuDne1yk4txkkVvlUXYCzQqVBJ4uP1YeqQOJgeSreb2ElD/LlQBiogr1kk3xiKlURjdUGrKUetB2CFshsdnBuMgYlQEJS2mjFRmwcIfc31xcy/TXzKhlZ7yqgiLuiotoRqhBTSR9jX7FDd9AwHMkb9BRUJSJzqO8eNwUNn1pGeLjlPFWszQRtars9Q1/NASK8HVtWnbI3OklkAarqjcomgwJu3YV9xfzB9MMoaV/CS1/aCgLRVYHfqF5RO5g0nVYLcJ6NE6na9Qf6jqV1cru1JeDT+tBG0BPm5AYICCBEfwFQa3dZlszBMoGHhhQx+IacnUF41JSI3/aZqF0nlTx6Zn/DQaSgWiD8dspvvDVHubhZlm9+sa/sofEevbLmBIKE3dWQIc+7mYZ0FRioHFUayDBdtTSTDtBZ7IEJoARRPmwPBaTVvcbk3iSeNyEBcxUl5Is5bBavwCbplHFDKNl06O0Uk6cCCkrFX4keCENitgpILBUl8elAGWO+tQ52QvKaWM2Bp11M0aW4DlcbYGaf1brs0nVeCjSSyuLB22kvhBf8hzGtpqoCFwp+VBDshVQ8pbPGq5hgX4skobdtayosj6NJbTKAiNXsiaV07oxUw6Fs9j0b/dWzWneoKu47wIE+MoAnXenhaYHdb4fuYD1+EnKh4hLkd4p3ZohP/0EEnulENLnmEHhCtV+zqd+GpTCwq0yVDDvcMYaV1NfWFUPgitx1uhhlRx91YhHhV5XO0IHcxaxBWm+GbFVJuS2NVd0gTuNqC0Slak6//0A7udsXagRK1wkcQ9Tl7oL0Y/0Lk1PeyQODkAnJZ1Ep7zYCkOORV8s5tAcwK5hkbX55m0YYjN0RztXUHSip2xcRTr0F/9pPeBLefExmNJCQ3K4RUu15XkmtAyp1Ev2vBuIeTFLuWrU5TYwtpThao7DKABeGsrLuu4ohxkTHJKjMr12LDZaKNg8oKDbhHSzTncbjdGgfrMTA1HJX7vYmv2vbrjYnWcXXHn446Nn4Fj2gezeu5FgFRB7xR2dGGPlpsh3UVMMNdDgxRZ0uVOxgQNBQvk0Oi2DTqr2/SZFlrKjaL7ZCqVdNXUzwMHvE+h8UMA0MiHsUGRRpMCHDi51VJ78HW9yoih/XX7Bjjw5nnaFNGCI1McvGINR4NJIloqVAtPOYYXps0hblOKzwURx3zY3y3yKY3DNNEjs0yyIWqYt1IJRdwy62K2mD0WmGy2HqLr2Cu/adhIgBiqNUbg6WJrb5J5jFeVw9Bee/EBbUztL5Qpag0ylk7g4zlj00JAUoXh2PL7jEwWSxMYKozw+kyM0KTaO4+4iP7PDVFFuzjFhdL4odpuIQq9HdRVH55sndXpB1sWgz72xrFOwL55dYZany/oeEeIEMA9/7zr8W9f/eA+GML33eNGHh95uLXcKlnWKLgaGZ47/ePWytxlgCxG0r/bIIHMIMU/MFvcFaYL2se84biiNTMpyDpcreAK0t2q4A8ApixcGmlIvyBbvSGTFHefsGCZRVbRTDJEzc32KKJbTvYTh8eu3adNzy6HKzdJbxIFnK7uzJh7S3WCnFpWUMKgIZcOMRMezZ1XOJGImjmENhGR8JTb0R70fnErTezB5RBZhiAsiGNfYt5rMlIOilT8YRZwe+rDouzyJRk6RUQHKbBJK3nLaKT06GUWLYtXUhMbCPyJxDDzXllUlKVfh1xHKOSZNXWGVibgC07gXMMHBm7l2Q1QjmcYEY1OPg1P3qrrLdsYGuizJlTgjpEikIXqdl/vWwTcAdLjFq/VlYwamqRlTxxLTZia52InaxrTj4+fJtXxwJJukvrCLbB4xMyhpSETzjUoyjPpUYQxwcKf7MKbcmqf/C9EMOqrHPgu5kkJeNMSt6vK5hi2xJZiXgenO2aj6ESjnLkhkAY1GJODUUpGfPCKuqGW87ATOHNxxntb+pK4PC6iykNU6ef1sTw6JswrbMDJ6ycGCkdu5LMpm1eZtpnGBDsMWk6DV6jSLLdhqFwQbhTSOjgl4A50W7PESjuqqLplBrGSSxXw46+IngfHz2fha7I6BkNR8x0Mlw2iUlDQLh3/ULiyoY5c0VoPIGgISRyqIYzZyrBnVRUtoKjZOhbR7jjrzrkhOm5nRaJgGHB5yxqZRCW3wWmW5dJRYntriP/K58pJKEVs7XuY+ASPNDLkp17mBWP3YjNVtBZlQuph2KnZaTHd/eE8TWqRItBRGHAa2MVtoGTtfO4aituIrtaSFbJJHVZKPr9QviWhwMgwsxeOxtk5nDIx7HKrksK17Svv2c0C7gLGx0Blz4Rzp+J35rAjkXudoyqGy+GvqlAHjYyrIKpDUux7Pmh8lQSOfLmloQOEdqmAikvm+IW9/kQtjNmGNTDdfiUPwc01C1kEu816CoX7AY91pO9flF+fiq7iCMc4SyG0YdRf4w2XGMlLNJA0M01Ew2TdVNARccokXtPrXj0a3rYjUAoM1mtWU5s2hspuVq6rAtojYuCJfqGebLZq/x2Ods7z/AvOZaO2B0W9I+/EFVQiH8mAdV9EKyXQHT1WnAiPVfPzETNexpsvhmrcoONvBvarjCx/ZHy1IzhbqU4JUB+jmwob+y3n5lCKjzPQrNBmSCPHSJ45yvBgg1ccYGkrl5Iy/DjMeI6EauRyj40gW0lcgs+CI6vNciwzUgMKYIK/pks1iV/i1AN11xrvoITRV4c1emvUrYNyfJ4FsIO5aCo2uNTHA7cEEkdnNpqWYTz67fnLjVY4Ee6EP7jJvj8opAt6/Muz65ObtkzfX1uLGKjxX1xZfW+1USRDjHlI7d9i9+RTlznwvGjOp9TBtMnM+bt+SQaMiWLGad9WLa03kFBKkn+RUlnKPC+SOKvIiMRa8ozRasKfOdMpHmQUGevY8Fn23KPY0gt3AwA1LBwCBlg8vbSDZAknvOsAYHBDWRdJxw4sG/O265MTVAUo3B0QcnTNFt5PVU9Rhuh9l8a8QxWzi6HR2qz3tP/rhZA5hInXQz3DEbWg7LgFRiwLsXFwJR4dsmaFVBTbP/K1UHKZqCaTQS28j0k8L/B2TF2zFwJrxXc4vT6ImENjX75Kh3TJvq4U9pGLJ5SQhPhlTbeHa12y1FrnyEYIOYiaafvPleSr2zkKUgs1pjfXqNjbVhO32/s4Lbl6/NMzsljhvveB7bCTpMpn3AXzy2dUf/fzd55/fP//MGsmHFzcfvnp7x/ecQLBy9/r65t3t2z0XK8/iJPTz4vqlp9o2P2NyPa/7vz0t9Pmzm6tPGjnih44zXzwSSN9bLsscchvTl+nI4oyFd3RbJH7xyevnphtPPty8eq3pi5cekGcaLPN5j97Vi1evf/TTn//CJ69d41vYTklY3aKSh7w/3N7duIn5jUlEOkDEV7zlRbkqDqdrpii80/LZm06LuJythMSutbg4ZAkBJFkKiiFl+wr2SoNw0GDrCHINW0s+4Z+VyJrbgPVfW9+aDmHHM3RHClOXf18K+gK8RrleUuzVEUUS+STVpmROk7Sm2CREjFl6kC10WgQnRVdI9yif9q9eUkUPcGyhIt5itugGOWd38/7rV7wGYasTnvXu7ItHE171Zm5Pi7oS8C9+9uX9iyfXLo1ovSRF0XSc26bf6V2RqoJoJmoWh7GrPfXTisakXIrIIEle8xTjyyFlEjoNAKKAlETc9NbhxezTbg0Djdx0lgXPEQdoeFfzMqtqjH41rOFf2k7Z1YxPfASeviOvOHJhp64gqfeZkDmVvULWaGntdQLrXPDYWLDbQQiRkqOiDoa2UPfd11BHe9LTZmuhb0KXnftGKNjUsZ2Shr0c8JRrK58dqDHMY2O+fJBx7M/z1FUwn9SyNJPMuPMTM1Sb1WtAz/VWauIibmpZKHzjxBJkMVfUI4C7IgLoSYVHRhWw1FL7CG1Hq/it4+CKfScrgDEoGYyJSRlbY7Cf/N1vKDUJ1YVFKoYIRPNSXaUE3uvYPfQvr24SPBawB9f18+teSaHHzGXPOfcETIMJkMlaOcxw0rVxcWlL/6u7VomQSn0C9y1rNnB3i9SDt7mvU6kvFk5DWFtMS8DNn3MkbZCOTZy459A5Smc5sR6NF89u9Zv1ug1MIdGQqS0eFrva9vHfEo+DlE6gVAQ916GVeM4CYcwc891aKoHXVgPaCjNlznWW1TKCjVTk0yN1qQPQed1+Ngil9OGYN8IBsb/azowIlgYaH1CD0cV6MvsQEznfQTcPDmWYvJDb1V+otlLRlQG7sxtm0CYTcpR+qvwUq2u9gUQ4FlVK800CnWVlyn9x9W4neTwEw1w8MRMZjOdH8QUTDHh0fVfSUasBOxWzCMJ5A6IWpfEc5tLURU8qlJCfNcOYCKXqySEGKgKSshMs24DpIIWshbJMo31bB3YLQiChac+3r851pN7cMl2j2vO7tHVj5cUZQDb5CH/W1irIDiqLnzA62l47fY7NlKN7KuJ6/H9sYYox0PiBL28J1wHXEtqQjuA4XuoYA8lffbAXDsZQ/ZOSUr6uyEXtH67e9ioZ4I2AhgXgGtcU9PxTSfnksBeAijUie+rLPBeKS3Lcb+PRw4agEi3cTnGeLRh3ruRWx9Xj4nh4Dkp3m/ItBZjlWxZtLruVxRihKzF7xl0ZDH8/vn387Ov377qFXxjXKXJwrHGfln8+PP9//ZtfffopVt3W2dN+XGbtGSlWVo0XeN3d1+/J7+qMkfbE9gfeaHDfjL9zFO9/9U998v1fuLn7yuOEemRDc44P3QlUdDip8PD06z9642HTmwrEUiPQzlEpyW3KWll4zj8JHB7PmLVTO2XiNS3uIOWnrTJG8czuCaQaS3kh3CUHUeTZL+ipq00JNLMMeNmX+I/f+fO/cv3yyQczmhqatwDDmaNOn1oqfvlZV4fjFouzTR47dmd+2GAP8X7OXlkvkn1yrq3PtOP4I9iBXMOK4K5BQs9Pjv8AOq20C1sHR9rgBMaLtz//0nPwiSY7SNc0NdDzE3aM1LUEHzvhA92QbFs6SbM1iIc6kUOlxGLs5ZYkgaA8EZtUxp6Kg+rIjfFMOKA/ropWzdD52OSopLwWRkTd0ILpBx7j6Xf57tVTT85uIePpk88+ff6jz+/+jd+6/fbNtYVy086bl3cMlHd5R+rD48/ef/mb/8jf//f8o5+8e/Pu7W2COU+Fvnvqkk9/5ZWVdr98/Pyrrxjxxh1yz965z/fFy5v7u/s3n39lmv/ye7/ytDdbJkkOYN0ixzSnKrHfewPAo3vX7poueDe8UyW6fW7W9XU9Ueh3f+/dVz/58v7x/sZN87f3Vy9vHu/vm2zz+OurP7p7/9/47/3jT9+21oq1hremL1MjincPt3/mV18++/XX36F6uZyi+Vyeva0xw9R6STvYk+H4YMqxA0OHGY0F2bkss5IwcHh9QzeUmQzVR+eRoIwNNrjrZAMKtz//6W46a9KbexFbq9wdkaKFItufKRdXMznIagNByf+UB1R5nG1WQZinP3tHti7FgX5ndxAyderw7vY9e3322V65UJiOYe1LjXh+fPX6havXlfaOtvGfVW8beaB/P7X8wc+71ur21gDFA8rS29ULyxmdRH1L4F/+xX/iv/Wbt1++8ViDEkZ8JlS7YtifFQqfI0uKZJs25wBu397/6MdfyLHGNA9PPOo+JRTLfocnUdOoZn4EFX1OWYo3XR98tcVH0OFQ6JAVwyHJfP3z9+++TpONZIyKMlMUylby7zuspLnKQgBRlNK0Uo468hmmtL6aCCl3HgPRdz//6Z6OZTkpmaPfksgYlahvTIlNW4X8EkFEVME8gOQhme+1SGfqIorJFy9fmWoz1VhIerqrHdl8T8jLTEYx/WhVu7F8RArqMMPP8K9u4xjwoWpzWYXlo94eMD2C2hywkerkAblkXLCg3J8MNn5bTXjqLbZeFecBUPl3I88Y6CsZp8G0FcMd4i/u06XxmTfMUc95RplqcFrV2F/5tjQwazhc/WUc6TBvft97PMud4HSXwrM1Bq59u/DQ5P3XP3n707/2xds33gQcW+gi30pBpwelw4fv/Ylvf+uXP+2SpFFtiBBIdBuJK3319PmnHj1w09pE3DQpoR3Tam9KvP/i/c1f//LGcecTOrd53ThyUybcMOX7p1+964YoHWWzJKN3bEjy45bMt55/+/DMUxXkWGDWVmj8+mWTFidOe21OZpAN9feRYYU8wjaPz9opVdHRbr1WI+gkOUrbwmq+Dm5S4msKrbuZIwwwm0Dvb+fwkwX/EsvX79ZbJ0wtEc7I602cUYpGtLNP+Ov6ckIlOHj1/PH1y7GYcoLCl3LI03/3Y3Zhh5KX3hzqHml9R3Y39JGFDaKe/ehn7sAmlFWkXeW7boOGs4MQlIAjF/kCNk8Qao2GR+3OPMo1U1HL7zKufMPHI3T18NXjJz/4qgcBq51nWI+cgEQF//7Jzev712uVcAR3wiBSqbKoSMjj2fbYdB4/HakOZtaufLpJbfb6CYu9VZ3aszuIapOlotD3PVgmbfTgyjkpn5oe7t8a4HkGg8OgoSciWH9+2yLmIMLboBIp8aZAk5W32/7Y3W9fSt0paKcG/YBpp8+glUXnlDqYzgudAxJYVNpiLsHRzS9zAlcGsN+TP/jpm9/50btn168tJc7oGakpD/oTRkI+RIYlcmNt2jmYq1CaG0akQ97QMELDta0wc+Gm+Uf/jqUKw320NONuZ6pXpQio8+shJ2UM/pQkZ0u3zeXhstJ29fzf/6Pbv/wjpCTScgDGdWmAdHBW4V+/uPmjf/b3v/PSmKp3A9cBkZkmffUU9Q+fvfrw5//Uaytq+HT2gBu5aFpycciV794+/Nqf+95nf+KTuy/eGsKUvZMhXracnjxv//Crd1+4Fck+QXBG6iaIQrmYN7Sms5w+hlFNPcjMSxxWPKV9vMpHURDgbJyQCi5HpBxlmAN5+nj74Z0eRWQK5unDUMeSoiE+MsWDodAv/L1/4uUrj1UawmZlRc+hkBXs5ej+Ao/gfuIgC1W7gu3VUhPND1xBkULG65Ae4NArDe3Zqquoze83FTUd+XJhRsznCLfWgVvg/K2/dvdlF0LoNmLVcEEFxOXYmrQ3joYc6qoPZ5E8qkrD43tJo/1wlMEsHb3wRm+cpEO/PeY5M6WnMRoftmJ62vgo45Euu5btDlR1KR4qEdCywne+f/Xwac4wf+jxUye2EPnk5eMP33z45//il9/75IXHZAD68OENkqx326M5r3/vR3/0f/lX/vt/+z/wZ7vsPt8dH7wfLwlOK5/9e//c//ov/sV/8ebVZy53uTNib0DXOVFj0q9/9rNf+jv/7J/7r/zjj+9+LoUnXI+v7rZ1N+XS54ubT//6//Nf//x3/vr1q96TnYk8Z6N37ki1qfbms+/9c/+n//fv/tZPrveyUBGhAxUkTlzY96b6X/lzv/o//+f/wsPj53oXMUtj5LIDVcLnb02VlZbYNxueWtP++WQIjOUU60Myasbov8JGXTlzcZv89gniMARXN1/8zm+9/b3fe3H9OjQ47vLCpt/2LdbdfPLZX/pn/rd3f/gjV09BSn7tIW55DhDuIlKXOloXAqgGOW9IosgSpe9acbfltqu9KOoPfn5LOA0SMFdwWWuLlcFtBvLFnXFqZwWhpdixsFVIo773b5zK0ZvKF6nr9AxO2hgaLU29e3L9F/5NT8lhW2nN1Vh3Lk127/bdu1uXCv3g8y//2//d//T/9J/6Hz3c/fjZ1cvEw0DcjNdSLTP073MEKO1u04v5vXvjToCvTFMmY9z3P1b8bkvNCvv5RinRcRi1CmcvNIrGgdtdcxVPP9y9e/LuLbGN2aiexuvHaiPydo1la4pHr6AxaKG1+hiR45pZjViZAdGtdkti+A/R88///b/84Wfv3FiTh3R2VLOSMF60/c6vfu/mFz8x21m3C0+4po/GKBGBKXgGaGM+4UMoajKwdnb0usMGhUCSNVbzhQR0EGtVFPGR7j8aOwok/GtHq/MhUSL5BrC/AAAgAElEQVSC8H78+/m3TDNcqYYfq65H8EKvONi2le/dtNQaeU6mOBrT/7c/uf7On/guWek37oIoEC5cjqOYxSHVNwpLOTtsHP7qD7/wPj+n+5JBDOcd0Rgmw1gMxfaGZVkm83VGgj7ViYMnv/XbP3bBfIPLkz+LJVgaAF/dXP/8b/z0x3/tB41loaw/wUb8w2AY/+bd+7/rv/x3f+/Xv3fb66I1W0pHTP9buOvE73/lN375ya02lzthEn85vPHo0w/X33t89+Ofu8Ev2fTxMNcXJvG2D+/ePv3Z3/gCRg1dBTwDtljXuYMmEi/efX33o9//2dRDJgIS67F7Bjnoncct5H1loDwSlEWMVsrhj0NANqSXJUpQuQkE84dVBVPD4xUgjnfgPUNkytYrCsZcTK1wSNHUG7O3989++lVXIWTYEiQuBAJmpOuiVhcWjkoOjtIjNEE8efqdm8dPX1pglT+zi94ODdZoGcj27MP3vm1hATUXgKx58w7rnqGXat6+/fCXf/ut6z+ro7L4zKONlGBwxu3Lr+HWMp/J80KdqYtzlDK1vIejpFkMbmhJ/SbnT9//4O2L3/vJQ9GkARFxYScOm15i4vXbLz677XwO+TDG76ayMDpMScOssDj7qN1xm1YOB2dHYfUQ5ORYO0pqN83hr/oFfnsxHML++BWCSiuXVYXqw8M7i9OfvbQu/I1JNQjQV7iAqkHMbxvFKF1FqoCfRcp9dk9pe3bjzE4YHDYSjRFfkAT4N22Vfzz84yr8QTMmKkzcIU6iYY4Cf+L9uc96KZGRwsMWSEZgjyhOCw4Kz9DtOAzxfYie78OmVgFDkXU6ADuN+8rlq2rCp/TI0zXohuzoDiFjtyblKh3HDWTzCZ5xGMnB6r+XPadR9uiEYAxzQVj5cnyda/dNA777S599clVvQ1wTBjPhLj3cUuiVBYOuc3vrsoENox+Kvh6TbQrSxbhC/Zzu8YSWErEOpitSeny19Qf3n7V8hcn6msZPsNhL5kZ56UAvLBbSJswrO9kk582kR92UUtCnQtv2/viomuRZkCju4eT5Vd0BW0umEufm4y0jdbYPM6zZTN6U5d3eokJpmjaQ+oi4kCl0x0HMhjQt02VsNERwWIvaVpz1yhOrHaCKCjRIVkDjfvXtt8X7fqpFPZOiMlgc5SbRGTc62v3ObfJHC9WpQ8LS8TBOcjWS0kKz2lJ7ay61p854PI6YnCGLtq8zxEviGhXT1VcHJgsNOmC4xpzGh9WROv6Z9GBqGMG0MaUl2AhBVHNHT63UWvMOSUNm1esGteMGTu93tvqJU09Pv/PK/bEWobp6rYGKFi9cW5gZf+nTTz7/oz98//BLz5wOYPel2Us0yYZd3POlF8G+enWDQLy5ruOmB6w2g358vHn9Up/48PDWiSj8HI/LjqbdcWlx5u3NS6v5eT2tUCSuWhWwJQe27sxXXnlYlumv95NZfH57K4gsFSH3mXnDw7Mvv/yDa+cR4d1IP/c+SgpL3Zw5Dz0wIQ2ltY/Gnerp6qLaapumMgZj8b3M1Hoao4YyL5/eIzW/syr38Mz4snsZpeEtcbXub5KCRuFx/+WX+c/x3ywFanJGtUwyXscXCh34HAebCdXMiSotpjsCUiDX4QVNdz2SFObyT5WUNZdhMLXKnrjCUJN8rIzbpUph8ff8xc+dc9wtHLSPo5ROD+YOhXZJ6hV1c5cmiEyyy4qwQaTHD996YfUYvp88eXzrhVWSlisfp6lJmokd5WooTQ1NCTL0cq9ocU+Bh7Q6PagIT/Fdmo4/2iqYTlxBg3HYMGfzHeY+sZ1WRzEsx2QToljQqXdNqVK5MY4WNwlYTwoDmMBCjIvjC77DGf7VaJRmapy3ZAjhJEFRu4up5AgOUKA1VmXWqqPnIL+mgwYLId2fAsQWAubQiZFxKfzCXcIrNNEqoTRySiowY/g4wfSVJg6TqXkKicsDGOdJ4fdAVQ9fxT5n9GjnIHHDvJ5CTq8+feXBaXztlSuFLcnwriZvzrfyuaJv/gVzQiQwXjNfXI2PgpoWpoEWwzWWnIyxt051cktt87s4pIG8wnpCrJIEvBrPEIJHt9K1N7rRrl3smZhkM09twdKpzJF67gzl/cubFy9eukZLQ59H6ahrZhvGWbR68okcef3srhctZ7GW7lHN7WpRyHThh0cOMBY2jLzJNJsMoRYf7gxfOqdpfw0zh/yRNeiYZhqxCdAa8gcwFMEdUgwAKaDRRIN5JQ91+x88mqE7y6cG7UpBqd2FH/RwntwfOjjyEqwbFcO7nKq5fTOMYc7KQDJ36Ns9jFxCxpBaOziqZYsgA4Y3dXIAaZBlDUPiv8SxQRN++DPW5MrcOGlCHrNloVFxbMs9Nrz60DkQGghmCx95BXfEgMGXMJGf6aW7NOcMzNRFQcb6UkpgLY/iI58sfYS+FShepNfOFyHMfw7drRM52p1vEyoep+UpgQN1qoFlI1e6d5OB7cHD94g2C3blc7mu4EziyKSjKSxqO5oR0E+n7BNUXBxoGON0Gk6FYai3j5nQtLNtzUJZ8bLZ9tLeQolDVRPNcgxuPCDPpZ4MfC/mYmot1ShSPKLQHTcK6WEqjsbP0H3k9VAeSF+nObjegTTTJ9BHXv945yPJidBXYmSAsTsXGc/hrIbxDygSzQpbNiCN2myBtdQFBDSTR/4EykftDHuRmSbTlZba4Df8F41V3FGZpJRzUXKYyy2pc2PZhJTW65/AO7DGNZQAS33Ez+7UVfhdeovI5cOzpHqDJX65HL1pQMjiu/ltfLrMzBoOv3W9TJymGELlbCDwhyawERrqFF20cWAdMy4OQCNToUIC9wFbr7Gi79Ilogipxne9tSCpm6pCIRl1A94iLBFVbRTIPVArXazDOCpcjzJV1DQGjzpOgo+w9voGI8c4RiCwoBzlzUII+YpC23cY1KzcZcLimjClhpKvRQ17rFRUg8dfHofLDAHduNhXJHaYtmIizmztZmHVc5lVV3skGPIxMViUTh1Ctm/A7K0kJ4qOLaewSu2wHp+p2KZFbXmVooNWjFrWsNtBYaKAAqtrb6VRqaoihSN0fLqG9AAe7lSaLLXLnnAZVWQz7dPmIvqj6HEBkOOGPaEaLYLXLhyOw6ZcY7tNXHOMOXkcNfAByj0FnBdTuHDGOF7H6Cy+RwQJAY/2dP0Izu4bzz3VwTV6e+y9BET2VbQh2QR1RkOJbUs7veitPq2hNmZ4RgFek8Ps3DEe6RVvHJdKu0YzplfOnaybH0UYV5tI3Os9Hx7vXID+4qYVNuEA9dXN1Zuv725v38FEbox4dgaKlFB2TROiVGYX0Z4adHdGJ3hJeWgtVxw9+U5V1J5Hxck+63TjCvOxViu5hJSQ42vdBlKuWzKs3hBouKemCHkAHUle0OVSUHMw7dISZdBgbANzjILuyF9aVdKggHVWIChI46+doGOynw67NdDyVTZmm1xGZYJgvqhFH6wVSRh9orykaA8eqjYnBF0xXIhsV/LLAM3YuaGTnDh0E7sXPTy/eZltmt0h7VoFPnDdqmY8e6FsjJZ/FhthxYNDdo6i/r3XNjeIsLQxofKirCYflEgmFy4S8CJiRbiqQAsVtlQzu3QMkNT+FltJkBkarpWVMICZUhQhqEhjuxuUUGQeGMoqT/6zN3RRrWYN1oRGxsdH568JZGKmc12NXZIUQqk9lVLsNJBFc3XcwDjK8Jlo1ouU7zTbB7Xc4Uh0kJOJpkf21GTlmsSyrXZcPv9yUMvTo1002HHXjw8SrMsg1mNhe2k7Kwsn+ipGcYgfw+IGQDEFWUQSKpXL1aidPEigIY9gMDwtD4wz9jzsVTWRAqC1nVM6LPNGroeL4zuFqkY5yiGcPDXvggsWCoFej/N0zqoOMRuZ95ra9YgtxdMmC6EkAyxScW1yBZPZRrrRVbawF3c9Cyapm86Samv5+Xz2OPwTqClGSV0qXGsSI2Ubo4qKCA2WSmYe2FsSaRaRMnqEwZMX7zob31gnJTSwI2T4Fq04ZxE1UqYWFHwUGZV0kCtJs+UJio+f9MT1JpBI5LZTdxqBAHhUeGQak1oHCVOcx79VCaEBWsFHscK1AIk2iiFEef+Lq3ikKHWaxlJNa9GIoE4Rahhx33ITJB0pLPDOD+7npglVdqrri0xawFXeJClIkRi3KIB2JYb+zk+SBKQ7KynW5YrFk6YuvvB8N2JSAXlyMFskUy0OIgPHWJkuNRvNRAIMTBCS4gz1hhy3aZlXcApoLXqtVWImUgz7QmvdNmNmENqYChbfK+BHhyms2Bl57YOaj9bvhXgmHVP7yhMqzj5Bt7d9gKck09uL7eUOQkx5mV8BDnK0wmjpZxjazXZwYW4ERqc9/Id4UlWbAnewLmvV+rbYSPwpZ0yF+Jvt8JjB+i+WozKWwYT0YzaL0pEREeQAZTD/LjXjry0JzNky8kVDY/3gHIOxW2c21L5qHMvxDaw9P+P5ZJ8FP5DhDKi+sOCnJqucbGcAch4KGzr8xqI/P+XpCGUL3WjKOhmkPNjAndRYKbgnaXeLwhupBjddGKODBHg8AtsGDtNwqObfRvMueZDXDLZ67DoJWh5xv69bLY3FvMakDvzipx7l6BXu1EVKFws29di1PReFCcE4SUcn1RFDgo+lxNLIs+CnLyL5jevpjgs34ZZtcmfuc1JYnhNIKTV5MVdEp2LBT5BSERcM5qhd2ZwIsPME1ETVtYCxzOJnI5scL2egmfpOCHNZcCgCbsePkVVunQsR8EAVfjONwo+Q8NQqBV7EH8KVKASXY1QHHQ/dvm/wCg/+pEyYyK3BGAYS5nJM1UXXiHaUshcuISoNRjSeEriUEVUKGr5opfgkRoZNLwY6auNWF6ZqgUyWVZRzQxaFuBoNu4UHPAkVr5QT9nG2VBg3krV2raYPUc0xPMKhdObwRZd6s3CZF616r7t1Aa20BVx/Yg0IhrQAG6C++UMRFFtD29lqvZ5/7/21UtzpKQtvrl/YM2+h6Yb/MZgMqZN/5UDpyJ2O9eXdhmpM2b4LYT0Iz+0XHhPeulsLX90jLyO7f6az/b1Y+sXN1cO7LvA09vzgTT1QsQf/2mCaYaEs3pg0HdHYUWepI1jHM2GMLaFsMJj6iU54sl/Um2LnGn4ZV4jUs5a3oCFAAWnWaJbbLXo2CnEWMfX0mMMuFfe8pFJHuIuiZcnO8sXHsd1FPakdhlk2Yuk75SPWLME220yC0aobs4gcEs6dTZKn9q2qmGcq6BynapaDzB7nKIPmTuTqiq2Uk0jRRqv8htVhYAu2vL7pIQqxU8uWStnr9p3xhBVZQeyZsM32x9fWIDgJJDmdi+ZcPwYZZja47JXM76Qo2HCmvGZk9TMNB7kj7V1asnIIcHfCNQE+BoMmgBeXdkOTArNebs9HkxMt5qCNFNr1LxVBYYabwmCDUs0J73gO10dlpXC1EE3+vtl0OZFAhGgSC5/nojrm1u66bvmlM2GYqHphlh0zAsx0N4PYbYyZ9RTnqPgeQOZa/mSg5usdx0A7sM16xzGmsvg99o3VYdv3gpRN85rKI4EDVCijyDYvM2aFUzwzo6IpJl1THyPWVE3Ug+aFju0u1GBsIcPILOSBrK8ZHBg4y+6j3aJ7RBT7cBUNagyRwKMQnRSYqaqxvlF0L4A35B+2PeaLXLGkFf3WlTSNLD2NCSViNuQyCHwCbetLiY85bSUoVza6bufczt5ZyjFjsE+EsDYN6IZ5zksVkxJE4ueGhE9EEWOewNYdEJzKHZqqhY5Wu4grlffUNcxhj1YTuRbLHkwoxvOKciy8YQVHwJDzZ7XGD90PACQTAKoFMQBnHXpoB0U+J9bszmLhQfGSnmsHttbtxu++y0QOjgQRAXU8MIzZKsaTo3LKAJHzkE6Bw4KdllGez7iUfzwGnbAxmYmHmiuP7xC3aF8mdz2DB45Z/Zn7w0NU5dZ5OPftu/sG/Bl0g+9IxGAeYtrneRXu93IpFAlSDdYieulqOzHHEpXkBGcMl9g0gQKewpTatU2dGZba+Y+3M0EfXYSInr/J45vc0n3NQ3RpvyzL9OvRUnG1ZwIZ5h3m5TFSOzu8giApJUWNx0RUD2L5klFV1EL1sGxvTGpWalM3an6Lmy4ZTNyP4Np/NOAy47CrPQSnKkqYr1V2irXf5oj7XViLTDFmm9byl47mOZi58FFREl0qxxsJ+lV2NJHctYjO+cS2sjgvNsR86YE2ctcB5W8lDA2Wt9KKw1FvlzZ3OFpTSS0VFSjZlyCDcxjr1c0VfTfGUWdP/+FwKwi8tOFyvg87ZEMaTCrBw6Z6RyDuId5LQ4rT5/veR5gNunasBl298/jw7hYpcVIMCxU0mRl33VCknUeyWBp3uZtn7dWOFztxWQbyvnHVslEC9ywpOTtreLXAwy1kXgKno3lyC6nncLsoArf64Hqd3AFbRLB+l0rRqyMcs7xVSWomTgF5LJRqEj2ZU8AZKCsEZkxQP63hjFiTYDGXvDqOfpQE2d6Ky2IhilyyjGiZMDbVUZwiuFhHY6NG3xCHaU13EKWYANNIptbpaEAEVImlgVQ7XTlc2USsrpoceBU8bsfJvrpTs7DsuMA/KBvppCfp1QguU9Fx1kl1hIhKabSaNByd4ZxnlSZxmTxxXNW4CHddyTw9TirljHbSlsURQlR/iXT14we6Qafs2tjylfjuaJrcbglba81VxPYl4uMhBdU5dqKzkX1jSowZxLgcUmdjKNnLtnIgCGZufUnvVkleKHkFpaBHiVFBg7ThUIU1I6MenxXHkwgzziA24o+dKULX2uQnkTdEdiUbP5bugTULaGwdc3qCXKW5QXctdI1NK86PN99qBnD7zqprtz1RPsbkfDR5aFzhRffnp2COr/4cNo/Ag1XODBJL5FiLAiW9K5lBgmIOTb/xCzrTJiKZrtjUNVhAF5PLJfTUabkumESKd0+/Bs6uX23tSmwIGOpSBW0RGXO+0F0YptFxGo0YjZ80kI8ticceXeMpmQ+hYGlZx0KhKbmvMGc/dckJYksA1XUMdW18DXBSdaAye+63IRRJMWiFwh7o/CUOxGKrdPS7vhIlBP3L4mFukZGMIQt9lc20JhNRgpNuGz8oKnwwVDbsr+YTTGlbElxqoj3u+5mk8G4bVx1UGoFo5BO1TYFTc+UVgUrr6ZDz1DHElK8kAhm2PDrUatJmbVYw22V/jC2BVJBuhVlGhoihvfS91H0ZhBRtkc2XIvRRohAXRSXrw2RpzV5DQ0kKaDZGeoatCp0pbcbD2XHnWFMX4whBiYrGw5ogarJ75eoNpbrtsllZfZZK7wF01z46IRFN9G0/7awZhEUGfc3LjDXJXlDlPMjUaoESG1P7aB2hYn/MANIk9vrG+s79xkc6SaN2KTAU0qwdcFNx/kIRNm63nDErwApmJdQ1i/rt/IBV+VRvSO63p25Uvs5Fimu01HmBlCx89StkEaoyC2YoRlbRI1NRY6vTabrWv7MQpVK8ZHx6630qi7airIS2gDK6df9SFwSVTnKnlCNYUExQas/9cK6x46ScwoHVx6VboL7TQA5T+4Day47pNZeZTVynB3YYMJfGghnYbKckIvtUWmv4D8Kwqis5dIXTjmQlSo8X4HO/uJtvxEJ2Akp/CIGl5rBnp9JPU6b8Co4yfkXhahmCEPrvpgwwq8A+M6YJhRjYfB/GTAcDZnQF2de6MOyNtaC1tOL8mukIDfvVjpVa3UhL2MuzYrhDfOUemSx2JRg8YBmcbjO4Tmwzeg+bHihGr6+7lpUk0WRKnMwCClO09jWb2xUAF5VG2KchdRpwsJqpNENHs6bHOHEI3TSnJHprlZlWGJnwheoUJc7sF3mC5/b+yVlxUgYc2ssWMzP1MNcqsUftUISmBlpcGvkhxZqvVHVMgnOnS+yriqvAkzfItYnR0+5SdCmvPoBaqI/TQ4tmRWYebAK3BTsQfHoXBdYohIrOFqmoh+vQcZBCQzu6F9CLKiGog4JwTCe6j+hYkyQwgrHtF/KUCF1DGV4iskcc3EVIPhp49WmsMF4BpMZH8/1VcHPsiO0NkFpwklasAnGpDW+sPWSxRGjc7MS9obkZgStHDdmfPzUGY7Kex1xmpBh3DDcgu/MqJvxxXxRd7Hbb3cIvepwFTI8e8fGs566YsN4ZRGHSBR2UJyx6RytuejDjeE7WRnTCbaKmO7IIlZ2QS+MOjvhpJQ0qgiJ3SwVz45QgMfClOCVSsVamGEiNqt8LySVGG/JRag3hRKmg2lBoXW/0aukH9bon32GpNIqqx0hcVxTksWkcx6gfYCsPcmhOyTAFHj5Vkpbf+UbgFWd8SquhCtsw1SIGGL8zxO1woAKqC752h2Cd9zE2LRCxCAUxbsbpweeYpqSZ6EU7lRCMKsoyNUm/1Dweol4TBjUOiJ/arJ/3G5f7i1No4jmBUky7SI39UJYAMPhcumZ1ABG2LNQVPug23y4CW69swQxF7tR6T+v2ncWil95F2eRN6+U6v2a0/IvS13Nn+kbajSR2eYHriLr8PRF6ttFE7EEpyY3d2GtMmS0NNdIW1xFhzDAf8yC8nM29v1bL3HHqmT/PbkBJ+7WMlQ+3t/pzasqjnA27c0KsNUjCIYFWquTUG1GsD8Pv6UpzVMjWFcWMbqpOBXewFejpCW85bngcBp2J6CoV+2/WI4JZ9d5kkZaDBZYIgRhLPPO4pSK25ULo8JlQ0z9kceOnkVabbhE9YMMRR7PkIWwXdnzJS1t4rX1Uotw4ANpoJiyW4FKGG0hC1F6Yy37Tzdy9AdHiC5Ok19Fuhoed0iB0klcq1SonGgN2OU8znOfsOXPGfMQgoaAVBQ/jDJrBM+yUChUtKoECRl7HFEFkhPkDwMVy1OI8sNooD/dECUm1mO8ruIFnK+hmIiCRhDrYtSbkeQ5C9DXSbCaeL2TYcllECpouuCnt+GzkEb0EaotHNTQf20aTO7Y4Iio6j5FGuvHUVei24w/HyDAgCWdSxuhBCC8B5jYJduRE33KDHgAHnZAFsf8gUn2xuCaxFlZhlLnDyTkvvE7tGld49DGp46yrKExb4eggPl2wxxE73wVVpreXz5OzWJgzR+KwwsJRbIKTpjKRGt/bLpocz1OjUBwTEy9/vkgztuO6AWKZB2N3fCyhoz4/TOv8pXGYO5R6g3iD7zjBtWSmPHX49Ky+nuTT6UetmptKCZYCjBbls5w+63nImLUPj0GLX+x3hRvSPIBdZI6s1LlLaimjIE7ObjjwJ+oyCKyxPQ1B2dmPjV7S3pP3t7cG71NQ5/CnFd/JCCF6lgOihV9HCdJv36UJ0lKumEzB9G8awBmO49C2QiahDckjojGV8rXLFsf4Q15Wa04nHaUNrSYBBKw59SZPdNGZDaeCIgueqcpulaUEv2qWxdprkHQxakaMVtioosO0xgnz7UnHUImJVL0o61acgkR+oufqkGtFR84MvLf2b8jUE1PcHXbjJq/HNyr0TLiRfwwoXKTGRuUBPouYxSOFhcDEabm02xXGA+nxl24IEFX0Mr7G6WWel6Pb0Rt2HgNbzuF4Zh4IuLc8tUUrqMoUqYOw2afvdJ+TKs998oxaxolCfaw9qoN3BdUfHH8zXJECGSeNrRisabAYCzkS02giFrTcva9CkW6GumTdh1RjMYSXnW8KFA1iDWg9VzhCDHZi5EgXLkPW3esoDQqheM9JvlFhqGyVX37JgGAl0bWT0mypRHr1N2zzkRbPxvYm7qVxtZNHg49qtDfcwxGjWkThI9GRc9yf/Q23LnXDN4185CbqVcZLWJfeGijQZK7cH9b6PdYIQCS2wsO5u549DqJZeIciScovi9QOObylvy34y2gZLvfkJ1HTZlcxFmk2Vx95Uj6hiwFr/55s2LiLgII8ek4suMOsKNKam/b8fXOnBRuujDco2BI1HoyskS7OEo1KS1w8OFeayRSmHxzgo8jcGE1MmK/odyAGuhRUi7ktLeHC82YFVJZMKSWDXDpkUxTx7SmEDwsN49PaAIRu2bibyfNmqVcKb7yS6k5y6zR/esTVskE1H7fCHMd9yoiJvRFcfUEwq+qr9qdgkJNUq+CPmewPat4TsZU3NtlgbJIdox5sQxbjrjQFxTlSdSrAfAkwE43CbBF4aodCaX81SUUa+NLVrHTah6a8taEHrVuGkKCSKB5jGZbjUHDXVyCV8YY2hYRlEQ9SDcznB4ZhAVHPlAlg9LWtuCkDumXk3i1ElsJ0kEYvTsVGgVyuK9NygnDdGtXjZigOkZdys3QHhHvkpzOhGYWyadQ6+zw7dDBwlJwj1YsyUEdJUONCvFOpWjSLk640ryNIYP3c9csbvalRPvc2rnpx7U3Gnj/6wSN0X72+0aJra86ALKzRzS1MxVNkuXfWQipyxyg0gXAfItdo7kUOQMdaKRm3CRHbvs9jf7OkbTZjrDw4tWaZZF8eXuokCwJ9wJrv6onRK20Uo/WoTf2KLyDjR3WUYoaCT6yOTbWgCONr8TTlIxhfyyop2G5HYym2EFacQlPKEs8M6NC2oUe8hwXuYQNMn2i5r1lrHqmiaV7Ea5P+nDiazXlrfEZYq6piGo+UELbh1T5mJ+P8euGSJ5KE96QNG0K46ND3uItQBjtoUos2q02NwQR22VdCkkBDVsVxp3DGuaO8IUYiBFCZPbzH+lANbuZGScOphvSRHkTN7Gmzb3sh6RSJsQgUNNcymeXJXdXl8mR6yNYa5gyw1pTSwh/LcWDbJF/LiqnHV/SjDJtPINlPor5SNQfhZ34nLB7zuprFLq7GNQQxlWwHTENHMA35hobpfiV0Q/cbSaWq9DYuw8sThqXIOixTWX6Fp5koMSJGSnv4LUUnzkdGxEmSKZgvAEkm311046crHU2lIIH22XNXdWuQaXKLuLlAY4QvYgMQZil1q/G4kYLqxt53atxKPWyNT3N9CcStdgnXGnyX5yWGw/hskKe33UlTCQ4AACAASURBVD+SMTxPyThkrbft2gcEcdJiRMX1yEjbWhsBP62kZ/twZzJfmhjuU7dnqHdm3ouzu8s+IrSYyqa1ekoRrw59b0jsZssdpk3umBfEFkfyW5DjrdlNxiZX4wt/JQ2SMgiVkVCDY7QKag5TdCO9Ddqwz+55/aAIuWbM09AiwCpIkZT5MHvBm/miYcmhrtphC50YNIVT6M9c64AtAqge5V1pB9Y6UeokaCecsVEopjg02YPKwjyv8u7I2chyp2FMmmnhv8lpkrhatVNRXFF3UA+QP6Sf6sNRes8emDIsTzmXM+FxWCRm8y6dtFbUmeRM3VNVuvoCMRYfSO56gjeyyBSjMKTYNj/p8ujQYYSPpi8Kd7Ikefx1O4qqGFq7wYKqSbwUowlXXm1Hm9GKt3RiK185ACcyn3v2J8eHAJKoJD5uhq3jGTg2ouBIs3CWcxaH8NbuwkEgAINtC4/aGjQnmkw7Vr5sst9Toh6ubTHjYOUIj3T8XdBCFyBKuT4Pzqfxk9Xy7yom/FFrvKeEEKyd45IY5gZcYKxRrK5sA9g49H/289xvqvOPrAXJpF2dEQZyOfHJkODLjOntiF9OozxUjWQFB79cMOANnpmHc2o2JgHW1uKk6ISq8dB75624joaKhs6FszKIpc0mmjuDhXyJUGbx6P80alQM2rSjHtnIJseB9sEVEw3UvYeV+5tS81i5ylOxqA5jHg14/aJVXi09omPvDVloukUSs2kaD1SvVYfxb+JRP5ae0yOc/HCZxVEnTJ0iPquddBCI4CpANChrMJpFm86A5KK46AKSSmGWC5uwSG+98IH8Ld5mlHQ7HqDLKtBkxZQ31cfpusTKD1vZMc9BVuM4r6CdvOLCS0ZJFMSxNqxJlWz7qaJD/35PNqPqQIu90qn0EPI802FAClxM3qNZd8aRL9B9wHDUv/jJ/ON88O3GpNYBFk70InFFJm7Dn0sBs5YRnbq9VYdg3OJ5TGoGTy3jG6I1tpf+KFFTtLU9DcACIIvGSXGct7YxapjSqMu7pnHXuSZUg20dk+FeOu9J5iWpic0jHcciBLq0EbEu1ZvRkq3BYBenA9YZyfGl0T1DzQEJt3g2uWGYnviIZiXllLs8TSS60HivTFJMIre7IPpw56p6O087G/D62S1f0j27BOi9tf961l5UbInvOtwMlyH8z4UOwQrygHRrZ0ZeokxMpVFOYdH3ldNCSyGLmuRVMwTzoINJYcq3qaL8WoaFGeRLxxt/l1Xi3QJhum0/c+UA603L9PQAuPZxHd52sbV9EPmmqgMwix6e8L0wa7wBL98prIyNyguBT54wSysm8KRyAO2oxYkswBMwZLEtgHJTwWvAE8k0jY9IR+AMnwBtv3Tg/QdOWWbFZSiU5IFG9EjUpF/IkIxo7PijqkAITsdcoRyeJebCKfMoQAE8SV9YZcB+gwwkntLTKAS4AhUhrthf9hang4SdepRiRjui+z37gdsqR8Fe8hE+oqsZ1gopZ/W1d1jIOsZVQ77Wd12Q2e3gTE0r+b1q37HsP8LAI4Kd0bJHc8qJtfQZ/AlT6dXzUIqOaalLR7qSJDQhLOzMlqWOYqyCPJl8Qxe5lBD1Mb3Elh4VMGvVTfWXN7b60+N0sj8/GjIaStyIBdSSJPLqIQwMHBzFSmoOL9qQO0onLKfMXryhRkOxEkeD1Hh863gaeBo7gtJiXDss5yRCCHISvVhDalOFu16z2VhwZ2Z1YziXxFoveG/eNdF6W5ZFr6Kv5rTmJqFW4nTB9YzOIpaqeDrbTSnjmqxTcMOqo6t5aunnqeesEzoh/DdQxWN4p2i8Ub+KbODdf10BRKy4IiYTMku94UXCoFokm6ZyHxPv1GQEIhv03Jt0b4OlTiFjhZoG6nRTS8OIWAmMhQp8GAqOtE1pvlP2jjTNqoPHScWrsxuQ/77SHKiLk0CP2yUnpEah9iwQoSSgcASbirElgnIAwIxVpuE0sYRd2vANWe18kASWLuHnxj3NeXmyOcCJ0YZJ1qQ8AzfzdHqyU4ZWIbu8qskiRGklQYqLFH6IfbQIxLbo13nlebEzjR/VpD8TvLSZX5Sh3QnzwnpT7KFrquEmYznPNAsJyBiweVmoeA8mks7X2EkWZaDKHDQbj0Bj8UieXdJDsbNGQaSPA9deSLRfwWk3GARD0v+UVieM/17FQ/Y+QQTjM5KjPUQKDw6koM4EJdHjm7X4yLZ22y7wBV5KDWQzl8Py2FV6Kk6LuVq0/VX+kV619OuwT00S8LQcFVrKwEilc9W8i7OMwQGHLk8LcfsdZuh2+ibs6dIiZSulxLE6jQIa8hBMMVijrNqNPrMW71AwsiacLG6m3DhNX/oz3ZxMeffsiZF6vbvlQBTm9okuvtuwwzewxy4eStztvwVrucx6UL1vKeu0mxOVdnmXK3/m5166dN9k4NnjredrWy3YWqxF4tv3t2alVjZKDJOnGRy25EFZz3i6ISkOdoqMZOYzzbOxdVGBlGecpyLWKsxNoMj5SzwpzVZRcoDolzgB7lqUzFMoDmOtCycbhtrrJxOSWJQYiHR5if35a8HcTE/0yKPWdmWj4UEydeGCmojU0kp05okxOHbCnR/+/2+xU4la1FGNufDWXGHJcacBw2HLYsgk8ikIeljngO0z/Qr0VVTVwUBhst9zGPxU5qmg2TRKJNYND7MjGBGgNTTG/vjzBdRp5MYbUcBdWh0bE7UMpCIJar96O1PrhDyVsxVUHxNn+qbQMTllDIvWjQE7NR6CFpVKWzQ8yrwAniSplqge3IizPCCG1joR6bM/EVAHKyoTrm4LCC2ssk7LKQxrb1rsdZdQoo5CX3J68pQ2i7DWLHaAiqIezFh0CKcCwarz+tOn1y+vvaUYMQ/u5Djvbt90EuDJ49Xz67uHd+/fvfdCX4/tw8ab+/vb+4frZ04QvxccD4+3XdhcNGeThm+INvBY5ub8KYJh0mzuwSkE8TdWVZCyy7CYn0OSq1wwU9OzOU3qZ9z0aZXLII+uExoW4w2onSVrnHT0EHXE6qtz/gR3nIMg1B0CcUNjuaJtvOUtKbBOdfrOa1ioYmAxvfZzk5U0EM8nahft1rQyEqYCj2M26C4kfG7cpFLxkPETOYimnj3rpOPGJIVqdh65FDllaEC1mFAsLV642cVwCaZf7h6h3BH1eK75iYRa1VQFFhjCQUt38dcBYlktRo/yRyUGwNd4vPoN6lI0/g4IYms4UOUQ59MhSWJ7HfgG3g+JMsJRwSoJ9CBg1OYcrHQ0jvupueQRjXBf0CpRSY7G72kWdhsvtG+DFn56jMW4zn0Y/Fi/bKdts1X1xyHaOxzkEjFs3dKVSx6slD+R3du1+cWGhlHurK7erDn8GEz1+BjKSR/Cj041DTsQGDFDevZx6OYUpnLr/64eTZPaJ6TfAMiXX+eNWK+AWEk4Bqmrwz7qEima7asGhZBGJbYQrm6Ng4RwZ/ryLhCdD9gi+0A1ZET9ZSEp7uLBwE+fZnVZPoK8mvqbYV1fA1/vmpyoWGhgRJTFIIYjSKfaYmSNerik3rd+2bLDraROlzADcxlkHCfCcyNIzx+wLIdkWVqvyxZY6kQ2+UR86OH006ztqXvzrhqSLQH2uO4m4I0yWeziLTlGTDTQTF8w9UdOybAqi3pbR2fp40PV24pWDTsoLMttJCQYynP6VidLfgEkalpZJtCGHQuNUT5f8dxmGca4BvlEXqM54Rjm542/ETqj/wqXACQdVevC46ioWYcO0cxTnoc7I1FdAwO2w1IpRciJmzDu9V4Z6lzR1ZV1PUfBigUh+T4irn7obmo2cbViK6flVGeDmTNNQMZ92mjihCzM6SrPurjzpDLBiZU84YTA4jGJKWljt1xLQO1aoAW7BhZ9W5xtQXUhTwQ4+k9Ts3zCTy/pj3+IiQTNdLbBKKhqYRpU/ePaHm7WcG6d0VTEp2/MUkQm4h6pLUBnG7M9HpDI8ArHkHY1yckvcRdZIAVwlbXKzDE1OjkPSippxP7hWNk2WG0WDH3X/hSvjYNhW3k1MREctKnV79EID4nHOoXxMEzqJ6A+hyzFZcbzsEzMQBQdsTEplFVyipAYLysBm7y0Or6VJYKNPPRTBETS7xqlJiy1nyxbejzMxErHDeki1qmtAJbau57XFe2UXqsSPr66HibI8CXBWI54QJblBUuDeJFDQsXPXzlb4zEZZqqGj4YsrA9MCnq796q6zMwASffs8jTX+EWoZAPxw23u/eL56+v3996VkweqpTB4hJOarie68iDqXUOlsiTvyULXFkuEl8TqokfPZnGxh4p698asGKdd7GJezCSLQ4qEPIXaVNFVGafsBTxjTbMqFWelBkAk7RUnyjonGDBKTXpKr2Vvr559+aGX5KBXHSAKIBxKhMTVNL4ddDImNCozbxoNbhsu85NqLnzGN8p4OUZe+UDIFFeXtjixlw/WHAJHH4mcIrKfUNJtB8vMmDSodDeFi0ZvH5/dNFpCZmmvFANLSjiUZ5hKKvjIO/YcRYAxLxoVrysJbm562ClXgVBCyLUbr2s3wD3xAOLskoTl/yjlgxMzUv3vQex2uFeXUvYcX7fRtlpQT55WijkYvFa6J1R9uO1cz0aIxijv3a+lTTGVklRIwE9fvPL4HZS6SrNbeI71DFEMnHphQBNOxJviZWBLyqgjxAXu5eHnr51eyNRjHPtd4yytvniJqxeffvLdX/re8w9vRQX8t++ePPfcbiswD09ef/rq5uWnP/3ZFz/+4ZfXn7zoUjivke78r4gsa7y7e/f08y+ub74toHoM+7PoejHxs+dXTg2IguZI9/e+tCp6wJyEmaIwmPeJL4LVFQGp01KjuCm8vvzx0TtE3bFDX/nTvKrB2XZyaI/5SZmhy6u5Tbkr1M3PKebuXuz2GoQecOGen05Jz1GaG3nr34KriGhjGE39zzfqY6kic9AUvPUp4zFQ1IvAMhd9VjWo8lcrHcKiKVaDvU7vFFvJFnJkxKBB1cubm6+//toDVfdclAJ0j02iB9LgI5/RJOfRLgr9+MK7dPClNzNjoAtgwM39Ej0KSA0S18C15D5nDATJUR5kpRrNNA7oAEbLbpxOr9QL6eCmn4ovtcHE1PwKiWjGZvTHQkpoh89tPXGSp9viZ66QGz69tmhffsRAfhLBehOaHC6QkCCrqiFWnAohcNLqzfoEpwc7P2io4gwtHlIbMIpLjZwpRsZJ2POlESsnhewEZn3UERrD6byh1DPvMvVS7W5Y1O90ewDUT9/vnV2E4FQtIUF+EUiCwjv7THkRhcgXufIZQqUou/o1LmAx++bG7TZ7UUReHeM6jmCBuJCVF5+zx0MFE8wpvq+AZ0R6aTehFkCCXW2KbhtSDU4tzKEw/8CoQXbX6uCKjpop029X96/roYQ7MPKYtmo3PE63KTWxSoYFaot3umO9TCfGRyjUJBGqsEOSJdiFveuFiBgPxr1kfP76k8d371qc4hbhPUMthy8kTo8gNi4tEBFtwN0SiRBHXPq88ois62fvvY07wnDCbWHCw7/LINfXV7deIvbE2xV3MieKjYkhsmIXQw3XuJE8SZaukQdxnEJdqhtQ9gLXMPWUFqFmH6msJtSHdCoC5IvAGpeO0waOVU5cMjJrkhaECayBmmKwKlDwTZK6/PTxxINGkkslXnAShugBboGfZsiOhixT0XitmzT613mcaHEoTkRqxtPPuG26i+zbnVWzZI77zbesNvd4fPQiPDZs7tAQyU87zj/wTjyTsBXP8LYeMX4ZJxEvEgM8Os0fj/4aRxQAz5+5RZPkmGwYk8+T2BOoQrR0W5dEmfPpy4obZ7uMeRI28SnnonAo7KV55O3Ujkg+mc/+5QN/1dNWjlRdtci3HxgNb0pVSWapODsvVmjKo7Cvrh4/udGzULsZkqjOgrU87TPGx4IV76v6erlqfYb2ULg0i07Ftlh0CdAYVZIvnKoZ4TQeKKblFIh9/MtcQMdLPRhNV0CMptR56mVLNY+P33716te//fr5q1fa8ZLIh+bCxX4zYeYGUNMphCZSa2AVRnC0t6uGkO1eGswcO1SwNgV5lUkUl5BfpmUrqa5k/+S7V792/wvfL2nEABkM3c88uyGFrMAvoBDt4ywBnDLwiB4OlI6ffvi3fvC7FmxyPbCmtq0aGChIPULw+YefPvz25y0+OAllyFZKthZhcmDcce9FwM/+6F/+yd/3o/u3X3pZTkmS8znFzHdbh7Au5LXh3jzkwuhHbzPJfxG4eu5xe7z6w9uHh9/8+375137t5f1XSsSf1FXya7yZFqfD6amEoiCeMlDqA2AA+fj0zQ/fdpnU8+5tVLEoAsvfjuN4coLgVnfo+y4dGwQq9yiXz/+d3/6pG549qpGGq7TZBdIopCWYYxKqzMJhaZth4s/xxUHjdwaL88NMFtzBvgGWs9oPw0CC9DnOGzIVizINh5c8fiMcqkATpf/ShAnb13dOD3m8kpaJ3FiqhhN4NGooAhfzaTnMQKIb+8HsCFyHUapKJZzVt03Qo5ZToCg9Dt3HoOGoybacHQqU2EGqrtfIpK1SWD5HpNNV1P7s5rd++9aVkla1PJFGwvWcn8YojSofX718+pOf1HVJw7sAzcJTF525VY6A/ACqtz//4uvf+ytvv/h5KdZQT4juWt3URuKr1z/7G7/71R/8oWfFeOAGWWTkOw9x2zM9Dditn331W//h+3dfChsZV7+XrM6n4VfXe33923/lh//7/+W/8clLecYkp9sAoDJ4dl2KO+B/fPvlf+1/8E989uqT+3e3LpiTPaRslwOZ1FhbI5OzbZ//5b/09P2XBjNWaa5fvfSmsOubV/dG1rse7tt/y59xX83x6gyDRb4gdCmRxp5df/G7f/Xx7ZdMW3zzRgrP+2nedVH317/8Sy9/4RdbbVKtrEcJtTFeEfP+/tUvfv/6k28/fe5m5exh04VUx7hQvX79y3/nf/Tml7539YpiLQP09pYuKQ5WBD1//wef//y3f9S5mlJoF5HIlz2mqBGjRdBcs/+TzswAcFE3rzUJ9HzPv/j6/s2beldX/9VpuNROg6KcEHdcyF6sNubgb1o7o9JbBbnAH/70y//6f+cf+wf/c3/X1z97y1cgyaO2oZOb1+fwtJJZ44tJWGbZPPlnn3/9t/7GL1mmwCm0hW8hmNcXIXlhX5CedknNaVY5/QWwwi4/6A/5j/9A1zCI0z6xzpZ6L2gXBOFAtwlpx0NEELs1if/k9wPFkCw7fnh6/eoP/8P/6OHznxQyHFuWS+wLu/ZIHIpLUT88lBuoUlr2f/bs9WefXn/7U202+kBJN/JxBddSpdGjisx1BuD2LATlLBNsDEEcSqYaINUQkLIVPD7+2p/+ds+4MmVWFi9aVq766pOXP//Rmy9/8PMb3Q1MoYWKoLGa/BWmbiXFswIoWMudZl32+cHSxu//e3/UI7bKamrrGpYluKKb095/+xdffu8XPyVp5MVvGuGWKToyaKSwfKf28hD8h6LS6YsdJ2kH8ZFdjz4MGJ+Ki1/+239JReN/0xOTrn5hTMGc5fHNk69+9KW8ZGC9XrowS8P4zLE//Nqvf7+fnactq+m1LaV1sl4yMv3+8MPf/xnLn5VcjU7DxnBetfzy6sf/wQ++/P2fWOAgQy8kRjpfFDSNVnXFn//kq8fbO2lNEHTZFBVlHP7E4n6ePr67M186/X/u0wRmnYrRrbOsdxJCAS39mank/VNSAmaQJ9YAf/YVCVa8rh9t5iSTf972uiuI6wrSa0pUnIJYQuHdu4e3n3/9cHdLX11Rw43pIG8B8VYaltOIROoMkVAxEGl7C5FXV3KNkXoQLFMg4It4L7wi7eE7nzz5/ifdnQj7jGIn8uAkhThLcRuDVhri4xdMadznwUs/+Nn7PRqiqU4dSAtB1ODBzQCe//Uf3MqXUJLKXTR8r71Odhnzu1jr+b/4W++6BkKv4xWRZyHj8I5bTPPJBkJw8/tiCOrxMGZE1Ml6qtCYFjBZoJXPPzy9+eTXf/Vv83AVhZuSNbJCNxFiL2VTVGIu2JvKp7TcFBeGfvwijw4pfHQyF9/RBMyPxxGcMTao1Fzh+bkE0SEHJDDqzcpxcVqscaRZyTCOKq6cC//0mhe8UUq1uCw4o3AsERI8URIARTk2igkfWnuHtTjpKKlrGSlk2sF8nfq21LfKIQuwnX2J+0Nyh8BgLh9U7fsjBqaBgEJ9rzJDdlvoaz1X/Yc35c58fWn4kcIFWJHUcBpWt73xOGYcl+kArOVoaJC9TkaaTasPKEbipsAOZxalnmMuKHKmBtwfvnX9+vmzT3PJPGNECZhIvnOPr+/fv7VK3K6t9OVfutGea6r48t2ZrHc74NYy1huEW/eag/7RlztVkNo6mZ4tey9CZyi9n/Xr3/r6ybvnt63D5F7ZMTaShlxnZI5ZOmvOYcUjzZtjP1j9+/Lr+7/jxfNv/dlfePjinWiBbxxiXvMivjSStPEtRYFIO9uQ8rbVx7cf3v/0qxc9l4XblUezoKWYdGBc1Dqih/cK9PJByxvOYYRGc/FhGe3+D37ibQYOunZSM+3VNs9OgSY8OLDXPIAGyrnTLLgDPGbGVDUEn0ljepDjN4erV0iukiUNA3RYMklMUBGp9Zwl1UUh4UMztxtn1Ft/vY3DyTDUDUyZ7IztuifH++5HNIVzTo8IudsmZO0i3c+oUSA2pne0K4+bAJZJy7xVrmJsDVten4HmYXbjG0hkD6G1qlHk3BCyk4TP3rtx9t3D/ddf7rw5Ro2rM9KzmxtXKremwqO/+Lrbu7ughdhlkJbTYkMf9t4d6o+31od//KOvfvJTRjdBvbu/f3H9km65Yks8z67e/vQn7774mn1vbq50wDzEQ5ob0TYQff/wxRcfvvr5+3dvOQXEV9fXTY/D0LW0Lz95/qO//gf/5r/yV3/xO6+fPtkFvsKnXKbndkb/2ecPX/+P/zf/8Cff+5ZHFZKtp121HJdV/XGrq3dvfvtf/D+//uRTsaYjeH/zzHL7XZNVt5Fdf/n1zz/5hV969vL7xJq1aYHumNVKYXo3g7j90Q8eP/+pETSWTTqMBe9vvWzYzOIZ3T29fv7ql3/Vwniqpt76LlmiAcA5y/fJ97/94fvGQyWHLsGZsbJEvaPwvPnOn/y11996rSMXnhkfBFVwLDnv6vmb24cn//EPp/xcMvNn5zoffpwHl6AEF8M6yMCxcb6XDzchLdXsKsUyAhz5fZ2irNrgMW1RqrRyl4MI5KLu2fXj3f0/+I/8/f/5f/QfOv0xYjnV7B+S7VWI8mVwR487hcEDHu+Fw+P97d3tG6GsU8y3c9W1hN/cIYZzlKEMS1IEVGSmgbzZXwZd1UK1vUP9I7zDhW9TXWXFazqwG28H/WlBbLUjAWkgBSyBS41xIqfye2ADuv/q3bsf/Fg6a2SvKEHSb99DGK/0DKCzNGpgQdEXXE68Pvzib/7G892CsuIGCg1HqNxxLbwjgevanLwPIxKdyUE/3eDtG2J401MojnHup0IK/Y2/69fhKz/QfTk2U9ZYX/Lq+sO/9/s//Rufu0M+eg2QbTEYQXjYAo1kyIgF/Ay/U1JPr14+v3t7/3t/6Xe5NZfgJiaFXmSWWZpxPH337uH53/snfuHXvt3NkQisywh/dsNFnKd8ZIyDo7JPBdNVlZNUwRFzBvFly9UMpl89uXqp1/CcCdrB6lBnj1ayhdv9z55++NHPEZCJRU0ytcgKIRaeeoapVVyVNLOmS891kXDnV49fGds9bmRZ3F15dsCsiHldsxD+6vd/9NXvpFkRCkO6etpp83Rg+P7+2Y+/cvlt7KsZ+6mYZAMpVdXNZRlMLQbYt0hPGXEwhDVcz1JBlpgH0vKTZ7d3zmQGDwEWnzwr0WVurXPbx9c3N11PsBCBQ54je9cpWUdwF+y7269/ZvkjpE9fGDV0BUg3Hzs39+zDGwNpZ005/pD6AdZB+VuT2DYBaGpjBpRCcsJxC9R1fU++9eLxlz+xZoGnRpLqNvtzqDX+GkXkyxcCCmN1VOpIv3jz+Pa2V2JgX3fw3Jm2JIXr8DKECaqhcGnliVXtm5Maa7x5/+E//twyC1FcGhQQsnX0WZG9OIWv7hOAtqZl3aN2seCwL22KAsCWTZfOWqNxFu3h7vvfef0bv/Ht+9u3xCJaMuXIGiGIxe1nut32YYfiO//QMMfQUU7xqKKy39rkIOXJy1mAqI6tePiIPdumo6qCXw2yUVbYHZcZ5vCyA7sUkk3ib75thuv1v5Z2pnUic/iPo640zaqJogWOp4D1/BGrZJgOhTDuX/wMPpJtF34tAsJVKE0ajQcdioAqzYnWOHFP4SGkUkHkaz+EAxgdwuroLtHctE/pBn8XnJANqaZ63KjkfJjua9LxmvMb3ZVGY8SSs8IcK3FZvYYdfpwNXSTs/BGbbRRnR6Nj8xowfhY2iOdhZfyhW2EC4qUg6jzXAECSYh3AQGVwjSzJvnzusgR3EThfyO3isbhuuuuCtu6+akFuwuYAvaMk5jxBtDHS3cO3XjtF6QJHdyJJF/yYedNHRi76jqwNvMyz5T0jG8y74sC0/XVXHby/f3PbBTl1+7JDWtPcTnggscfXyRpfS3vIb4xVFnIDlp6hJVkXl3dKxMbjgS6xdqWT57QgiKcGsP4I3ZkGOrMu+P7KeWQThMYn4y/aNgoIhZ4LceY7K421rmkayF4BMsRMSOAYz7ThmD/kYYOeiw1HMJWSZthgaJdWxnuYVx1I2w58wTBliPHEm0BgASBHSdRe8jrOuNGjRtWHAvjgOKsdvOvj7Qc/ZsON/KB82Sum7QEth8mqNOJymiHr62yRi/sU5IRzbU47kFoOQeEloxmgRFtW0l1AL5frJfx26SRfTI0smFxd8OCWOQCAWtfhClwzd8jRW9OY6vGei+Zaz1tqYC65HFpMaSU5rJ1ZrGToOSXlVVTkwMiM8wAAIABJREFU47pMS92e2dk5nnqJdBgPzAEDSmD1PPz2vSVUl4mZmFgkB5eBgfaA58dPn9389Ic/+eS7L5+8s0alJ9PTmZZmFWt85Lz9+svX3/6Od/s8+fAudl44VXPlipddkuGG+E9cCzdW12fQEueZIVI+iTrtFBMEctqtm+bL64UQIlbUUNJifOVYFc6kwUzG9RNkDa1ACit6fROUhinw/vbd2+fuMLvaTWyUAbAThzTIsZuTp/r1ycKutylPvWkwrGfoxcbgAeYbgGmADqnWViJSekbHc5F4GZZwczUHWqLHPC55bxoft16mZvyuR/vgEi/d7PhWwwyEBbNGUCN2zr7PNRpoUpE5ZEsEnqMIMGHy1RiJZRB7jkdMDxW++Nbwag4jBIuNRWYlbcm1qqPpUwAu1hZRvpMf/pJ2whJbjtAwhNWttmlUXjgt5nQNf+syKbVLF2AoJbIsn/HtFiy1BzO032Qh7dYtl6Ea6uTLOTPz4kczaqQbXlPKzLDzzp3NsscD8ETy9HkknjT2EyFKffdVjhI5HeUhZwjaVe/ueLek7SyWcXXD4pBhGxsSL1fvSr+Q+O5rCgKQgqa/Ja4IZIvjtw1g+FYlV69uWgzguk4ZhqYF2pzq8cn1dWcLjc7TcjyFw57WyQV9tKICnS9QM2muQBWKEmbmSFCNtVoipURLR/8/pv7k2dZtze+7drH2Wnufc25xbt5UFrIspQpjhQEFIYIIEG4QYUUQQDho0KHjBh033KJB013+A/4FaNB02CAciMAOCGQRWBIOpEwVljKVxb2ZtzjlXuXefL6/MddJzbXmnO87xjOe+nlG8Y73nVZ/9IlBA4XV2hf2m0rTYlNmwP67Dp1WNcJaKAuMSCaPGmUxgjFKoxtZqN8VpU4fJTZJCP+pJh6xJXDKVsjkF29v5CgSFYOcxJyiZ6Tll9a1bu3aa+7nKjg2pLr0ln4EUTS1wn96XX4+IqStEWwAkQ9aPkvdWW8TOVLjo7D07WgRR3AnqXjqwv60TGoF8yDlKCWsf4JS3MS5RNaSHCxT+hQh+BMKWEjUzP6DsOhptYCZNrpvseK8wh5+33VStic1p9C8/YGrmWzxgNU4SpYYXwnixOgFtnIDkuzb2S5jzQRYr1YanAhNiUse6VJzxr7pJ8ZdAfhw8+rlfSHeAznpMMaGLmmaJOvoLFLnCyy4tjkGsrkOhWRH1VmobtFHasCshN8e0U1uj1wNkea36g17cKMtCpeDshrLoxS20DTHItpUi1Ya3slEq4aJg4YVi1pHds2rCvHaW55a/XGIA41lr8TqIL/3yv8QY9AWh2ykKqkVIzCN8silnrxo7PSlZRP0jHXQ+q4WSxVVmLDjc2fnoyqrFjVWPX6UeOFl6TZks39irSaggBcSO1EQ5jAFA80gO+y/P0XH0f+0lqrSTaTgGvWwOvcO716XoqEKT+fqz2dH6zHyAyf7qHE2rXlCh+q0WevCcyUZusNWMigc8Kawvi7Bh9RayguNGITQznOvupSG1FhXJU+wlO6mrRX1lJt6N6jLlxYmmUaQJkHZxzaDlmMcFDuigLVxqnnj7/VYOT16MzTeirWgO09DsrMrEJYAcGFrtLUCe1gaKuAOXuSSqIsePuPbYExW2ghE1RSSN8+jmRKxAmlu1gjpJL7a1bi8HD4p+8DgQ5xJknmq3zMmPApEqONaviR+1XHDHPGKqL61+NMk5cPcqi3WiZRGNUEovolY34IxohZf9fTA1WEdzJw/9TidF5WDgprAG52sCpFhjo+6NDBspnnInWmQjMMdo2OryI+5QwW1OZ42IQlBKcJhWKbesRluySbMZ4wz4WEaUXaH/EwCoUlZCzDYauJNBaOZuCyVMo8vKo5NgDn2kh2qFAIBlHUCbrndzOys7iiTMW2mtzR07SnL1oweP9hCIKPsslU+llYzYtMHjmOglCk5iTWh3AzfWWokx+OYdNsBf8NxI2n66Mb1+l8Sl1mnFNh8GzHxEDJ1zb24gMuG+7yfD5ClJ1klp4btyml/STjqirtaYRHXHrn6Diiu2/d/JxUTq4clumYpYFSZsobhRBkFZzbI06SQzcR1Cfgh3+PiuLDUYow4NLN/fAtMITPHOKXkJ12cU5gNe5PQOsBs3wqTAswmOM2ae9nrnAdz7/YPYXD4GInFnBHea6abCzohFUZzmQin3JS3Bk5icl9nlq0Dl6WoOrPhtJ87LVKISavRtT7RjRyY6MoML0mZaYY6e0IA/E8PflxwP9Obn5WctKdfLMMw3y8TsgFjETf6qW8HtTj2rZ+izgZEuG/VMK+8AM39U/sqU9eicuI5i3DRlN8GMyiSOS5tNiJfLW6yMjIDX8MCIjdjB0i0dBaiw58IpHQaZaOZKddRRgPnslE5TQjme154Bl/CyjyHD3bLZ1agjLUaDEWMVtPTiCuZwfDR9YRJMFS7kebkmiiMx/SPy1hXoGnyVbCvuhDZr4ho6k/14OqKcpVgA4+35j5E2SBvyubvwzisDd2ap8TRQmCeVj6ZkZvL95gTrIW8qB/jJ+cXPrUmbKaMLOZGk6FHJX0nzj5B53Oz+JSTLFX6iqkUd3mlVyimLg1O1mWnOlOYvWfzpgBuisMcPgteTjr3iEYu5zfXrj51FYAnq8gY2TkzIoXIPLSuxnUv0dWEWUrKhdpMG6G5QL2qg6IoxFtES9bG9FjBetTghxeBQkMQXZYFsxqeo+nTgqCY6qy0WcBXGa50hQ8yFiJBzLeoGHhwgQYXQqiWKDrQCU5VrDCNycNpWUDXZW+4vGaH/joIXoeJaTJllPSG8Di4i6iIUXtUEdiYILAQK5+7xMekinqZJR/qBXfGjMk0PIZp5SLUKaCk9f5pa51PwmlWKsnoKOAnfAAryjnH03SiPBoNPnlezOuJeEYaRS8MqfI4UEXhmMFIJGlul1YIGnGMbMfHfZk0lBJ//m2eECtHnDCfrISX/U/mGjjLShlgjCYPmZcTpqXhjKOgxn0IvJStSXobragQCQK0jlLxGBEkQp4z1iRaCd9x+kyg8bUBksERQFyEPtzhO+IGFvjkqclEXOnIOkrkcB0BI57oI1Dxak/LdUUiKNesCqu4i7mDy7mWqDs/EEN88Zj4ClhtWajc7Xj90/HJ9VoXwcJyQQEc9wTNnwrJ2qmVRy4sl2z2akww266PqBTNozYl4wq/sRHbYiZOgfkvwRUcKbp2bc+tbwCRVhWhG+TOsHdCl/2abrZ0OrmwFj233EVOFjOgLo/1KoNALOgt1zFj8jY4KwXHd6xKXuKkUXvP9Sey+jjTqitCyMB2ZdjUd2hPGYwd5ezyo0Mn9fIdQK3QopGbqA7/kYYE/fTQv/bmJ9PjXLZ0QMAgjvckSM81Y8tcna8RbzbKHNlDPu0rBa6fqC8CknS0pbLaObkkdrpXjhSaNmm2AJOfkGHNKInECtKPwG9pK0EC6TmFy+aax0M0FORcgDOGeBQLYzOnSw5wM828N8aUp48a4/lEZjDz7gamKYagdRJpIpeI1PJcDZsSpN1cIFyhOi9wAfrrnjHqSIcbloVy9gwPfw41LHm3r/lqDGs6HCkTXFqYgcFkU8zQQwrd8zGficVAVwLTU87CIvEDun2nTGbsnvOkj/UoLMMrjy41Bg674U9DIQrsJnVqzG81gTeHa4klbMAWUrzhyG+L8/XVW7v/G0CBRJbXddEgcMJSBBTNYxtdcbfdVa/QgjN1e9ab2nbf9DmrADrzQJpaCeGKh7qzSFCYMMFqYlITNpF/Z55Qb0YLaSQkPUB6wyKOYBw0ledLc5/pf7nF+G0zHRifrGf3AI+NpW0OsithEYvMFgyZaB4HYNkwIx0fGB/cKa5InXpQconPwNu9PcG1/Vdxa4pJQ44piDj52Uzrg7EMzYtx/VMzgX5mKOZxzf0LwzrU8IFFL2w5lXrVKAe/Gc5iMU/ClH8biU2rWMWevW6OeNNPwrkzZ1OC8VK4a76LGJQN1QngeIVHGCOF1ZwTlQHXcMxl7vHF9XY0vqkip84gz7oClYXi3tEwJ0FAMzQpo+M91XbQi/J8IqUg0zcRWfsqe2FMugnh+MmrI6kBTjITBPQT1rEWIv9NIv0bDBaB7daOk6wSf2FJVqhKlLzbYDx3oo6GzpZtIgxRWjXkgnET06lJwx53JQl0V0f8hAEzcTYhOpmYEdAUoTGdA23e7jG4jHyIxpwomXMljRi1SirztyIoP0IAdVJw0AjkE/AevwnhvXlyDJa9Si+Opxm8pd6g4wFFmiwF2HVPiPRymdkSIgm4YIviVJe5EiglZGNiLQbCPU9IefUyR77w5yozREsizszxS07Hwc1GGqK31ktCs2e2UYkmNbZKhVMVUg1Mlx6lzA82/pvHta20RIFScVqU+HnyzOxlTk0/UQOv543jV2cHFyu1xlGnhUhCGYG+gbLcIzjWn520r+lLv8g5sqWu9sK1pcTl7lIZh1quhSEJEUnjyRz/+2IW3/6ckjznBombmQVz/XnRjKxZLDqmxHJWrrtmF/zYK2zL7MePSvURToNJY5WYWiQP1YkW3vHhYP6vWOMy6CpVJ/1hMAQa6x8KE1rUQUw3Y4X6sJVYQWmE4cxRb1RWqgxbha9vZPKzs6yAMtx4zaodq0Zr4ca2jMgeObinKvFwpnE1u+2LUxKBUEZ0HqhhjZHI00DiAM1YzML1ViApjt/QTasedGIPI83yP8tWEGTmDJUjbQweaGJBXX3mShiYvJFLmA5LCJ3G0hSC/Zggs9qL0R3WVvHhEEDX85C9OG+g0EQpoTJZ4E7G16nunFzRnsLGrUYVB91B+PN/Fs9t43C1x2mQbBgLqmbJc/JuBYqfQUO3VzcDXUoHm2DJ5ctn37WCCveEn1c4IUEurpQSB3uUmWniMla9ggzVxhVnRJ0GwhVq764Ezj3SHuuN1jiZugrYA9mAL3l2ishenWmBRuadrDE0ghemtU6roYwp6qKQvFAFXgpfBxtOsYoTOu96YbLKkdQcVyndMHRr7eWdYeDa+esSjdzSq63yjYgKpHuh9GSncumb37ug7hmI2OTs3ZL++uH+7vGeEft5VIg01BNYlgzBEj4vjkfvKT6kGGqAgB8jCFnUfjVb3e57HJnRgswOOL+lASgN+NKpRgSNU1udCx1HzrLih7vivRa5SqmIugqYvqc4D47Z9sHslvohQ7k+Un5vWGbbYlExRtVlhEU5NUYS62DDPEVlOXLERGMyhjg4YyeukC7J+0vtseW4Z8NFHMAWq+JBASzAjoGKFyDMpWYyNzI4vgkonhpeUX8tgoI95L7z1/SRwADLK5AlU9WTGO9jB3L3O1wKLz3bUNFgwE1KdlAmWloaEqQOryiGCWivwqBDb+wjpJYp+bKiqRt1yhofGKrjywes+Vo1nyHdVlsySnN+ROL6Dafo4QwjAm0S55/7LTDIWxhzA4oVTI43L9Z2ZtWM3/Vgfqva7tOth65XQ5scTcH28BD63+IUH7i38HyYz9PEx5urfriXz/vFXwG56V391tjHOfK2V9aj1tu2I9kaerm0oYLVfWOenDgbNVdTQxS3zbA+Jfjr0j+XgYGJmoZ1MS0r01Cu66RIAak6UxZXNrE4aedNG4caQtjv9vDwxiUJIKmeF+VycZIR0kMbmya4MXSWayNoqwILkJwsWeioqUq7wHsek8sy9bH94kyXXegEhwuu3JC2n30b7qy9/qMeSQeDRO5NIeX0FKYBXuayxwXyiF3lWYAnHFkuaHKYvDz19JM3VN+luYSDKTHhwrawZT6H0RgVVbSWdsNvBJpsuU2ujMWgtABRTXpVEGMhicsaNyIIQVMUZwA5hqFfYhwgXwDXOlTahSEfrh32KsHe8hOheMcFSLOxhOPhDmcv5WvkA7kW08mhT2w85OrQROdpxFBdwuLKXS1JFfFXc6kr+uOoHZ6pXmT0SK4IzNc0bu9KXHiHAXsWLKD03fiV9OMnlCHor+4gHaTACVnpEcFRGAJO5XUGwSRBFeUekaId5403Pgs8PI3xNqbINBECfPTnsI3LUaKGBkkhYi9heGyoDrVYhasiAdj4uASeD1dYhtYj25MTE1owJXgNegW04zGDneMLjckSLAs3wAoapdwMUpr2UuWPYjlWiEQOOkQ2DMxkkpd13Ty/IEnctF3CsYOwJ8KI3F0HlV2SyDXPXXdOPqLSQUTJYRK1EGxxCSEBUprruR3WGTwMl1NtupXyeiXo5GydgE1xo1CK+PCx+y6kBDL4fHJn1OtXN28kf31oWuEika01PIQPcjohzwK20xSWUACK8ApwCSNCjgM8GuuCQ2jQ3+gjhdGbInqpkDZV1+HWRHEujPv9HWw1P+fxfLAnZKY9BbmHo0IrAn3FVEmLFtsWX+cT0NyJKuS1pHS5N2cKvGlCY51ySakvllrsy3FyezBzzpQZeKg55XYzJoEkSvztLo2v5dyNoNi6BlvuWgjEzSUxshMecTxPojXRMu8No5fyEp8xSekdW0RcPsBuk8kThsNAbeGqh8xJMZkWk0zSo0hWbSqVX+UdKuqwju0Q0uQoLk6ch4vaFedKCUDm2VaN031gJQlKOjPmGFnlWI8WAlmE7scMOOf0nnxcYTzD1mshFkdH8OC+Kx70peWF0fM1oAvulcz+IGfhOaFajOe+sea1r/Th8BABUqW2iCtmseOMqSIefcZ0HtWYYNz78hqzsZ4CncDRQCsDRGrialUaRCyCe6fAEa2LCXt2jQfvvkDJOik8K0Ave2h7CrJNtiysqy6BalMq0XVOpOhoFYmAHeZHtDCquVRlYlHeaWN/p6GLexwRQBAv4Bvg9LgVmMp5yRjHMlUlFNZaTpozoiFtQzk9FfXjmOuFqUl6nbr7OVvyT84RDI+TdUsNKoLQXg6hsJ5lOUcVlgjsd+9STNS4naaljvpW4CouAldBOgHIdXshgX9PI4Vvj7pzTgYcZ8iUVOalFk8UKC9n4Yy3lmUEtEJ/hjKRTKsZhGhNxI/rp8AQJ1C5JHbaFdUkoqMopjl8Rju/GJG0s1AFk0Vrl/JF3ukf018GrvT4VZATGVOAz6pSeCNw0Be0QU3U6Srk3qXzBIpMcsmOuWpiVqjN8BwexraPVYzjIa1HCyw1pJVQhg+maT+TO+2dOsDETKuOCno5SFIaTvRYNiyrtpUNAUhpzNAqcolS8woM0HWWqktuBpT0ji9sv9EBS8rs2wwBKvgJk8IhbtGk6PeLxrYGt9c/9+SZb6zS5eJxc319bW7hurwEC4BWpPw6hMb067iZ2VWAm+2Gj6u8vuVX/AmJVjXb0CnGoG5M3n1oBZtRviddocqGYc5p2/3sWkPmhHQ/GJmz4gZG1mxvTAtysB93oSpUGgASyhDSXOL1R7f79lgc2yw2IrJgx7/3M5W0m4SzEEsdGadfwqCosjRBPYK3y1mK0umyQqG7CZm1djpYrCagGUaqyrdb39JkZk9Z9Yg6NQb62C8fj7QNuBmFkQwD1aflxnBpKuq04CdyIEkzmGrQia0MOieRTCQAO7lzD1cIbZ2qI0fH87RTXekkYOEIQGWoKBWDnAu2iYcer4z4DO0gt6CepO0f0ZKqV06KdsyAimmA7dsaQ9Kbs6GNHPCpKwwbKNaiZrhNL/IPmBAVPHArsS5dzAE8hUouRwOZOyxKwFLPxoR45FIeajkXjyqMmhcvgcS+htBTKyPCnnwZv+QAT1rNn9u1jK8mqDyGyeMl7rN8DK5rMB/myPTn6m7ji2mnrhNksJNmZz6iNCGrSYacM6HiKa7smLMN7vjJzmsCLCW4NcYEuMRbIzGaXoyhsKg9h4IRsMaiYu4f+Yw7ojNjuCIWKzPmUsoYgSALHuMhSAto5wlaEmxVqsNXoXMHIUsblWecyyttRncg/cIQ73eqyyoj+6D8KSPO0Voz1DFvAQ6cECu1xRFI8WP+YKLu3v342CO2yWkynv4cyUyIxL++WU7ooo2BPGriTA1TsiLlnOhOoDGvFlix0OyiuQg9gI73hGzStygErYft2TXK+vStLHtnPqf4dB7Dyvq9E7pDNf5UeHPADqQBYiZGKshjtEG2ogRga+gLrnAXLxwOt/0pivCMlAnCF0Ac9D3xQlTJfDoZOlnvCyoE38HjBD9rh5cBaoZwc6210WIyAmOkBjUtPaTxIgV9qoAuZaYzpOs46BOQsxO8TR5yy9jrNt9SEbaWwU6MpbGJd3oITNYzbqpgOyhHNDiZM5Z7cpfES6pkzYeXdAqHulqtk0kdtoFVmPa0O7Pxo6GKAsujlXRQQqVyxTlq+oWejqTZ+IOs4dyQr3U8nViOQgaO8cqweCAR7XXUy+3G3UiuFFaKTFm9FlHp3BFBmL+6yTmQU5H08et/VRg8QEmJ6gWZuhXjpsw27H0xxVL4n8KN3352IKWmtfMawNS3slOeIIw9UTuK2cufts84D3NO6zegSB5IYylLjkJUHeTnHS3qVlJ4bBYZLfJkw9SZB2VuBWW7zpWGWXsVAlNhHUn8BQBTVgwfXAvAENZHyPFj57QeiVJrFOcp0T3qD6I+Pwwj6tSop1HS7kFsNF7gKm1MH03S6MubjqRSRrRK26aSu/tbLtauZtVWKRYI9VQe8gk6yxA1OZbENkNu32ZquSDmpq97dkH5uZ27bSAob8SEPGHZpBtG6Aj2BefyC+YsOqaSFJVnXcg4SnHdFujVbTIed2wfSbbsokEPN1r6PMoztpMrG1uipwZjtWfmFgOI2/JAV3Jz9M4EeV1ta1LTUr0pCCH93PdhJTzxUa+dCjjEBKKiVSGVBlSAihHY6qHHQBDjBsBo5G2YT4CQdqTpgUnskqrzGheNGoVIYYOcqNSI5AcIM4DLX2BIl7OWVoqokYap0VN8+8jqQ+dYSeguxQhMhvxj4NGtARAIGqBEWmVpGRYk4g4nJZ0o8iRHVYJ0HKp5B408PepYcL5zHnL7sMExF318Y009NCHjGvc9uicjmGuxjezBi/gRgJwSiSf3jF6/aYCu3Lhft9eVMG27nz3Fm81GnBs3vOXQVGMY7qNAadsPQKI1ym2R21iTeC2E47gOUDp1mKe28xBhuPKduo72vqQIg6q+6+9J3XjgjQU/ws9w+xkZKmuJx1cm0RHI1Wgp2NiIOjQvfhxsPtWASfPcByoqOYtYhJ9WKbb0BE2XPbTSdulCaaaHufvgSzJrHKDQQlrs2BmgAszDbeuUrsnhp8d01Aykl2SI/+NfzSIce0pjkpkCIbtkwQQNKzdnM/Q5GqOocRW9Mp90UV/rrNGIKYa8Qhyx2RyszPBkI4m7I8ydGjS6WDM1zH1DcLQ2iksIcUcycna0oDz51mnFc2XTm6MpEKnh8lEL/DMqi3ZCLjOgmhWuKXygKbGW2akwm8i+0s53SqrpplH0ELaNUfKQMEMXO0OrDdyghshJ6Iultku5MEbX8lJjdxValW/ZndqpjKHtObACUwSl+7oqUGm2EJyGuBa6w2tM3ahVamzKPAmC7Tkh8RH3CodD+xisZKpL2ORPFSkjMmtQ+1Vpnwa6mNo4YwABh4DfN1UJVmOGFB8RZP2uDvPccMic5GEd4VCCxrbikhWquFK0YYzSZENOFZr1Hnky2LpEhJRPHL7c+rphNNfiw7nuxBmrqTzWL+LEfSUXiPhOHcQdtvALOQUxBli8MOuU5uyiFbTjKPZMI+s2nNb92eA33ckqdjDKWmmlWbQ/iok3lJWyY+0JjSISWE47gliP5auggDcnoJQFNo7zINw0b9pBkqp99UZu2Z366imVLjywJk1p2D6r9NRIoCVwr5M6SN3JYRgwEeZBxrC5B2+uS8was5BDyHolurcqVBciIRxqDaIwZSYoGTo7LTLu1iNLURWdz+ljTl1CHrU0XvMgIEETIo2akXTteCd6ainMQgJ3MBwo6zaraaCP1RA5EXX5KUR27+gmGvlwzORz8CyK+OrSX2JghGSauiDTqGYJHr1QrFOlthSqB9CA4UYoxeQq+RYSGzZokE/3Fe990g2YfFpVRlk7UNkoBTeuyCdKJRrtMDTgMZBUvnqvseLRT8O5j0w8C60yKCLWl4VoOpheBjSEp2JkxqbGvrlpJHSu43YNQ7AXbKnncjbDIH5x3UyVj6aTw+akcFiDuA+3yghjbUrtfGUgLqIFFHiQq97hSte43HbOxld6G5KLnouzzmk6NKM0fM+NLm0BpB8UBjNHW5dZyUEwR9P2wojiyU/GNcth0D6el0f0inD/C6/sn5/ts8ZewiEvi781n2YU9XcUCLDQoaFUVsooTcCp/bE4WKdQHYKLMISE4cxZ8sLjNu8eTR5VaC+znCTQZBTPMoi6eIpn4WHXYJdYtrW8S1S2DcitWMMsU5MoIpibONgqiZcyxGGvYecEUN0YmI/phlb4tyRp70drga/9stLLbxvN1Q+QbsETzxQIfW/ZKz0nSbJGXIqngKYgoWjPA0b0M0Y03W2Jo3Gr9yOTLRPbqIpE/E5f9Fk2zFSpd3hJlAbKVTJkiu2v5dvSqIK1IFF8yS/0I9LW4DK9YC4c6fh6UczwbsALbNQjmfUApkFfYwcL0+NxKABEUBtzsNG9o7JQ/TwYwCqQqo8oeyB1FKw4vteRxGTcpcSVFQg5zFDPneg2hdQpwKhqabt8GTFeeCQY7iFhfSep4MTwcMHQKyIxHlV/G1jHYkk73LApDubRT88Fk5sqZHzUS6c6y3nM/Yd7QwVTvIiGuKe6rE9Fmw+lkqnvpXX9W6P5OgH/LhVcw5Sjkps0dlMgasuyR/e7AL2fFErpqTDH5+B+SDO57+8MaQE/3SlohyeeS+SA26Hk7tt+M5nWODlPz/PyF7I12PHZBoAcrJZGXjhsjuqaO+H0vtsXBw8vPVMO2yNIrRKVKM0CbLWU0A0xc0P7Yjz14/zMRbJQ/TFE4VJ48w9c0BF59YPMUtPEp2HsKFhcU6AeC4JkN9AmXYv8L/ckJaWWc/u8AAAgAElEQVTC9mwrqvNZcCVpw7i5LiwyAXHa6oo2zA2gdZcfu88RWBIUv+w6Dttcl5FA5e2MGDeaOc7Kjz3BcNZ/4Af5OQNtluLxTkQgn2XS+CwBDD0KtY8QfLn21HbqQl0qIlPu9NwkklNFuisc0pQ/5UDGXACpb4Gy4ipPlFS318hm9IicxiefwxtMgYnr7wgD4QLVkDV+BlPUDmObsFLz1mXbTe7npemqG2AaJtKwX5OoZXmC4zVWpqHcqYg3woWPGnFDjTSKr3FlfNlzmqHgcrSU/VpIznFignoSfmmicVvlbDtDq4xkPANNsCPAtJXSUnGCnIIOep10UfWlPB0SgSfND2uCqyRXhm2770hqn/NGxngQNw1oGXTCOsHmsSZUtcH/xBsNdERZzqyW85X+UTqm29wR46JDGIOwB+ZkAxoKEY6DjJ2ZAtNJUfNVOZsPhX2M57uLI+wZipdpwkPl/lNk/bkkY1UihTUNfvQ7Ik2DeHWXzPOKcoKX9QkVXRJsJrYAtgbW5g3ccCD2cCiC+9URYDymQanUdlFu232yQyWygyGv1EQ7NNSPbqaoMoMxMIX6pT8y9du0uGr1BH+jVCQ8dx2y01Snrjx01FJAV6xFAsBSlXdefjkiqhIQwYFIK04KWN6N55wvFYXkoMj1QrWGaiGvXRoOaahq02tHlYCof6erRVg2HYrhbYo8J3Y5K46NTOoiQt3+gu4K0JBMVIUzqdSmR8IbNuSgPbLeltG00wMWLpyUs415TKG1DKry4aQhLL16I7W3gJTZFMAeOaROAigRrw5tBzhKjBRXKdmLjjVUhJaq5nj0N+Vy3mmAvL53uWDK2ZkMAQsm9kUVh6+UQnna4xQxonLejhCdWmdk7jV+gWI17CkTKwm60xXVZjmhg5wi8eM9KIjHX/DVj+eIr/0cMI8ageReq8Q9NA5gsFV4+Th+l5BDeWAvtReoC2Q4sLbmXajzqlE8TcoqxhhFAM1HkAaisDysfRicKvCRxcZJKEeq0+we/1701VBrssMQ6YMkujMrdObIrW5n2CBmGmwikUn2seOjAp8pIQYqiKvMiMSsU5kBxviqvPPRWlkSh+vCRKJr3gBOyIaSw/mmkAzY8kwoCgznODzNrdgFrjIwnwZIap8t21CikUoD/3JeablafGExc9Uhlbj1YNt612bQsnY0CHIEo7o9io67GEBoeNjedkZEPZr91S2UNy3d5gITX1rD8UQidvGWWHudJ9FKUynFxVI/gEUNFhs2BLLs0qJXK5slQI0lR4tIAHY+VOMAPl6LYQwqmC9kg4X0RqVzJsIDmjoH3weohVxa2OiWf7X0eTSLS7bTqgFNgT0V+9CqYwgdziWHKGTUOinGDFELJ9Oa6RBFqoCIyqMItBZJlFVn+cZeWuXcYPIClnKWuPjRPh/MLZivRBV6BSPcZdMQNmhrmHERo/l95crUJFV8B1dfO7kwBMJrzfOwiVgKznlKP2gEkeTjKQlL16fDbOdFD9HIhXJEHzKtNT1ymp1uQdqzlz2PM8K6yteNfkqJ9vp7RE+4S+4G7hL9DZh+BKwLsl2/x6oBblH5pl++9JjL2aDS1AidQmtybJfL+rGsIdSyAXpy3935HWLz1Eoe+pXcJQUWATMmJ58+t9FTy2ssXk8Mc0t9mfDVdaGYj6WCcgMZ+UuDN1sB7vsVMAizSHNVs+Kp0SlbtAa0nrSHhV6/uraaZ+e/uruv75sAM3ZCEIfGIpNFfaQCn/P2mVNPnweQcuYg0DFKvxPcphE4jade3z3cvb3yGwgmMuLAqOLGGKvZvOA88TPLink3IJOS4pqTLlU0HOleRrMgPSnDenxwaEeotJZBlqjSbeeGP9psYNoU3aOTBu0HB00wDBA9gqnWpGgJswhJ74lH0tyxhMaSiqqOkL+ccPZJF2vla0eXwS8+lKcfnO4jJKGpIFyrk09957SFFDgvHAxTIBXOSUCxUcpXFhuHxZgrLvptky6D9OpKQyQRi/mZDGn+Q18Geq2wtnrdLoLJeWSQhC14bGWXXxXf0eREjYpklFgWGF2BcaiqnI3zEkbTVPMo7soFuONE7kqtpI2+ouIhBz4kx3wcnuQyyZVx4KikyKlxJ50dTeZk0Ut9CE9OfBrwQt1EBVvzEgs0mPLecHfixV4rLMfIxCYeAdNwSFtnSiqMhyRUCn1e3ABUrqSXwUAeFoal5WBnnH479bJyM8zjeQynrf5zLa13oiKpYQ1fA6iETc2jndX4l88EPHP+rhsVDqmXbmuNi5Scr4eweDfTdsN9xQya4/MWeqaudZuljTlcojU23L1DLXEBM+BvepPto86uUonI9DA9E/KXVx4Ihl0YrHFQzzoEcaOBPDTVmZmkG0KYV0p+mEI6piuCMfUKnotqu/cztSdlkOyRjjTBtndfOGbzHThuEZEewkqdjYO7ySdOU4LyYa/9bAsJHz5s5G4qpjffYU/XEUz3+bqzUIB0QlG17KWj6bzW/KYxU9Jo429u2KpRfpGouSJnrilwPg91axwepdpeTAOVTlEJQ8GCrxioSdy3YrhxWVc4tZdRPWmY9fsNdWRShc7y6AGWlLrC9G4ylG5SafN8xLGUXAAPSzstfykUrs1mEgMZyi2XVqEkKiknVHWl8XJ4DD8ALzAaoO5InU9xVAv1ivd1qDu8ADs4BEIw0PQ8tWu13kP0R8v0cjAKkYtIyOdDOxur3+GKerbqG2Cd1WEyXhyPbqQTbacwnZNQn7JV7CMV5o/J52aM2vifnnEztz3UTrKeUGAH5XP2zVkgO4Ug8EGCZ/p/SjPVVc51EqFjLE35l9YJcGxGSEq2/s2XDktx1quKWIpzvA5NeGljDpvipMcLA4eM2qNZ0HMULROZFzfCUIhqqOIw1c7YYU+n6WcYWr0HSVxw6+kHiqmBebJyN0eemXF9PefVkRS3ixI4kqWeKfisPgdoDKjb6EZhUeJhD/JUPUw7hfhHMOM1Khgq2ytuNGOsYSyheWuJd3e3HpHyyY+uH1/eG2ghpGNAA/ETDDRNRcXcVHf0RbIxZ2fzx34D2A+1ON+9aG3dIGYUj6oMy/xYlBuBYyqNzjb1hxGZjiCdvlKogEqlaDY7slqCdnsRRGDDxMnkW2sIKc6X9Fs8lcZrLydYJ4ZiHXV8RmlGmrXQLJ0UBGsdU7N4zLBVRs3ec8qi6rwudo3hWV0jByg2Nq/R/Iy0FTkZkwcJxCkTUN14icwhtWqmSOuDNCzxtq/xVBRWj9AcmsQarW+Ji/pUADTQX8ABpL/VyQ3Z8rhlWXU8mFZIxQURUL9S//Ty5m0/a2MeR/jGu4YvUHCGNy/ffvLq5pvtiYXK4pmNmDrafnbxpSfE0+LTh9vPPrn53g+/d/XyG7+Shc+ct0djxJDFM8747t1Lz2r2M8OmhGmlsWaSM9vtl/efffruhz+4ee+J/20mtNQ+x26XhWz/8tXNx89//Qff3n/96ccfiQ59sRWi8nt2NhHqFybau/LipQd9+im8etZ+EM/KK2wcwSjZA0P5ODVIDA2N+GO/SUzrFHL92eu373I8s1QmsbVj+p4FJYRW+NxpT/DHp1sCGkCgZ3ERn7hwU76vWmSEHDzHnBkU5nXZEWWP25o7NgpqYJJjzEVeXH1inTlfKHZxfdPUxVSn23CJf+PnGFz+r7vrLoKGVkrQaznx6cO3t9++evE2aY6/5Q952qI/blrtLTM7XE4gz0Bwpwtk03d+Y+Ez1jJXaO+NzPa0XwzXzrjw/cM3X3/1jUaNVp+Dvr4OyvJRovqAdCQWDEoUdN4roAHHWEpfu7547qZdjq1fYDqknWi/I9AKRiAU5w/YIRCi9BbeFheQKWeSPBwRbQZxsgwVDmci1kFFI4ssVlLEi66gpMINVmALQHr1iHG5d3dLM1uFnmHVLxA1Ix4KOydNI/2MeXGWhNoYISnEzzaI83qWxRp8ZwywpoJHApezWNVQctTje+mkSdnEyFy9nz+DSI2EPMVLN+vdlKAeIA1p3QAKjy89qJ746STmDG0XYZnT7QEfH695moGyeCeC1zFp2FPiIdLn6iqCZnX0uAtEeS2PlRPmn2vUKjiTijpYloNprB/cIOhBHZ1wDWM8I6BONpsUfc9vV9+gUwN0l21TUqLFoYuKt2LQFIPviotwQOrG/R4sxnpwX+ub3NXSLOtoOg20Kcjvggtil9lvzkMLRkN024C3dACTvqw+M+UlexYkZvfsjHtJlFQcyI+WNItXDnnXvCmezS2nmMav9z8DOLHfK1lwxsr6eggT/0JDDY35g3VaIeUxd9qsZE3nBQvrES4bmPBrJDU1oYSvfgcL6SBefObRWk9Fo9FHJTnUgKM6emdkS9/HLvEXW3ijZiJTBUgdxocPhh9d8IW7uyB0CrulPvpa+ZoCcTDMBZcpkKTd5kN/Lf+bSQV8GClRTYE8i15nCQtMKstm2KG9l6+l3qz00qKM0YUU+0YX0FbTZndHc10pTbLShFfj5g68o4aKOmpuSKRLrE3+iXTQuq6FdVxpkuZjaor6riRsfC6AEkKchyUlbzqmu8Sua0dK6TerNEl3ljjoaHUcq1Mwey1bOZqt4ltTJ/EApLeWZW9dYaNWJUe0DiZfttJodWN+9VGqcVAj1EcF50t1NXGXgAdMScgvUAM9JyuO+Zb60spE4m7nAPkDXEFjyKI5xz+6Pt6QSNFSN97WFhghBjzM2Sio8740CTyEk2NqSWnhr3+vjl9OZdjKPioVB+Gkz0TVZPgm7HdK6WzOnueNmaBqXFbQ9mBWEAcBr5LZsxNPuHCyWEPV3Xo3BYY6fmqEFHeoOW4Q8fHlf+cv/pY46JJliabFv3ZiHC63C+jnX32VFPzvlCJJZeSZW3z78MV/+o++3qW2wrI0JObytbNKnzoNy5su1KKGhlAtDn58eH/7cP3/+Mkf/uEv7r/YtcJsRcTgg3RKnLkwwaaY6cLRRgGm6IAeb2F88guRIrHLEY8f3r0rNqWkr26//Xf+5p//zb/w/fs/+bpVYSwswYSsv7rKPhl8cScL4Tw9on3xf/ShonWg/otCeph3g3n9+NXTT//hH7x50zBOJZUSfeHcw9uAGvNllbXqI/MkTU4Wrsx3mOh0pjn1x7tWv2b5QqBz1iAvLYd0eXFHYYV7TSgBUCWxEu8juvNTMRyrhLzpaHgvuUqTmtbQ9xAc8GxY8qCusZ4oJTO+Ka+lYk5Y2yMjHGkPgsbKvsgU0jnzw6/+prKMoUwVV5QEARmM+v2nP/OLV59dvXNXL2Bzvetr8d6100n/8Xuf/vDv/Gd/7z/52//wU7+2acTokpQlAb7VKgxWur34493DxweX0lnQCpy+szEyM6VIl4z/i9vP/i8/kcgsFIVCuV3KnkG567OeREkr3//+D7qrhMU0FB2uqTVEoye7Nq7+5d/9f1394d81DHCxoZm0ARc5b4z1Xt3fffnZn/tLv/E3/ubj+2+bk2yxIrEZApgfLZNArVo9ehiujn4umIX0bZSLD3p5/cd/+JPbf/lHHpGJnknGzbv6ItcJiHP37f11Pyaghf90uCvV2W9qVnb9zR/93vuf/lR/YsCVCAg2gldvqcIPFlx/+Yc/ufvmW1Ue/iPGX7+5NqvXldLeVx/ev7h+81f+e/+tkuDW81rRLXS99nD6m7f/6f/u7//x1998/53fJn794bbtf0D0xqVYS5CX7gn6JgNR5x8thbZQ+osvvvwP/sN/79/79//H33xhFEUGXGXmDY0dvbq/fXr77vrp7tZJzj++8x/8zI2SNPdSo6SvOUaAvZwuueMGB/PvnG1LUPloG8O+/uLxm19uwLxWZe+8s9bsgIrvmiOSv18Ix6qKmEI+3OWHOKtBK4WZJKW99UOJn+Xhmuc2Acf2Vhc465tf/TVzU5OQij9YITbL5Rdyi0avf/O//zcev/nqdRsx18/vOoDZLFkjdPXpz//u37n7p7/96fff1TEYUMuEhc8ZdVyh+LN//DMDGdbEQdkJ7eoTzrbLm+9f/8pv/nCbkOIdD0kWt6Gfkovtii8vR0yVnKeMQHyFAGk6GI7fRBwdwfL5n/3Vt599smfaBE5202xqKzC7Wvbmd//+7335R798cyNbolKWqBZU3xgqKVQ6agyBxFRcorHn+49/96sv/vjb0nGrDW1hM8JTlb+ZOL98+jf+u3/xsx+96wqa6nXF8e6dG0j7YxnKOAt1omXvyTxmUgZtQ1oGyixEzYJ61auXn//FH3/6udWrhzpNPAhMkrRiD7RU8Ht/779++GZjehaYoz7c2496VT/78hsQv/Eb388laGM9EVHcs2RWllrF4C+/+fqbdt1NA+Svb425ZDEKe/yf/i/+2qt+i02JARnPKTDNLqiDiA+3H//pP/ink/uF54LSqVdilKGRdSn1xc++vM1mx8hH0+kZkVJl6gKXT8wgbYxxFkALVsR97d6hDA6r3KCfL2BooQtSPWEgXddYfY3CCGVdQTbPzgnDK3lGXRA4rzm47+wS/WGdFeIl8rH04tv7V7/zhxJvRs0PZRhsq1yLnIKNORtGO9AG0xKU0c6TX2j4Fz9/+X//R19+9tZl2CbJG/nEkFd8jsWoHVaJ25jHMMmtaPKzsLx69/b7XA7Rm+vmYaKwfVb1gT3B4gff+/yTd58VXxcp4izs4UnnkGdM3kWG5KYITGeMHbWF4cgKOo5QoppU6iRsED1zxwqPNM5FeVGpmqvIChvUaB3Pms+Ma6I9KlPWSCcvWQXGOAjm5LwwsjsFoau4OeX0A3KqCs1eF3SFiJw2mKEep8FocIg6ilzkNTonSkKY2iO1P9rIFwaAXFU13Asz/Ugt9pwOosDMkPGzlHxGihEFE/P5QMDng9NFc30DNI6AzUQBz3MupGo5LMMTPWdDOvcYUkUnAl0EmFDHFaM5/uIrgY/Rjk/Pu9AdRoyQWjVesoM0oDyr+5jrhDfu4SjfYDmBDkS4836lcd5IjEtTSUodjLIsc/z4LGf2c5v5kLmczDvfCl+NIflw9/Dh9t6tmR6MKGE1DeDXPIuHcQjrN//yZ1/89Iu7m9c3WqFv7por85AYDOXhfG45iesq+Ca/rKP/B//k68/uv99wyxir2RPEMdMiS6LiJFEVHsWtcUo5xsKiBY+LfBL0xLy5V/0kBz/c3fQ7969fvPnh2wamab7sV/r0wm/KPM4cMaBDPe1Oa4Gl40MNpIZp9jTWwTy+N/douOSZj63clImGeF+Jf1QAb4YlHYpeZboZArLYSPOrSYlAgy9Wn0mlgUEE24FWGNHEX7KhmytrcUgo7hXrfWWaWPBSn3utPthwTDXFCnTns6bDlaoqjqHaJKB3GbzznAKN9aQNfFikGDyMP0PrFbSQfvg0rvkV0eRR2jK08blGcVky5Rvy16vu5frsbVeVW8tPjfpB/nyV2htNWdh4/zu/+/7/80//+JO6gA2poM04ep7xZlxrJwnamIQnwRlBmLqBXXqSrX/58PT787gCQIq0YZR7+yxuXl198toM+cd83pN4nLvSSw5ScAXKwuf7n//kxY9+9HBr4S4xMKkOGvHruvDHu/tWxtrjkIZSFCiemGU9IqiZbpcGGLCK+n18o4wbuf/F62t9ieeVbvkyfhsep+N+/uL+vXUoXDuf7PQ+v6BXwZmpr17cf/HL25/9sTGFW+Zzp0p9tb6cuK6hfPWV8UPReN0FkI8vv732y2UGEPVD2tXLgW3bMan717PQxI2tWt/7/LMXNzff3D25+Vr01vkj2wDBH2ZcDTtJwXhPULd0OdaouZnY1avrt+9sw715+9YyYmF4mOthB2Vx0wl34vtFOI/2Ssj0l4+kvI68FaFUQw18ZdrAVlV8VNVJ3OwTYNVh89F9CC/uraCz2zPYBgo4OZPqMmE0gu4/HQNFcO8C2r8XMvWvwTXRBdgEzu3orz7B0undGbko9aLJGr14vHrHPzEldxlK3YA0UXSvSSnFr99eff70rnVESkeUe1HFocJ2jWo/3vH0Bv5uFKHt3De3JDdn56ps+uLeNQjXx7hPYwHU1cY2FV+3Qb1UckSMbZypxB4uJ0eHY7baRnqKV+Yj8BR/dDQV8n/FWzR5+PQHb9/98Ebzeg6v+uYqHYnfTtzzsQIcnOSb2vVshyhABzg5p4le62bIRfrL+69uH75ySDlFXmG+lU4LQXtY1gtXyVCCoZBtmmY3FTj44DkyL2lCeowawVVGl0lqhhqS4deoAWQXxHyabL2+2SDr3nhL3SsmMex+ffUWtN2DrOhmjLtvPdMAAKbYNV48rY5+rNSbNdzcsA6jmRIQKdZaUs5j8CcE0BQcKVhpabDRbPyP/Zdv3zoSqx7GDTkadfhI8FuTgIf3LhqlHcLhGgbVWmu7UFGYO4QtnRAxRy0p7YwUcZLkMHiJX0fzzpImzbra+ertp5JDmfPNjdWFcij/4WnIUEsDR5osacxwXQahBNiIlBsOcwXYgH3WiWEsrIpkpdp8f4I52lX+csjjx6svvk6p2axeNLFCS2+Rm8nYImRwlPnz2KYaL76+f/lHX3/86Tcvf2mFQeulvBNfaeQ7mSGku3g2QNko30+y1D3A8/iDz3vOHML6KOhbSKVwkrcC9fjpu+9/8r3vURTgElRyJ1PhgOYmR/QJV8V9jLDmkXe+wMRcHVeZIynjBJo4MFAqVGqbcpr/Z2B85GysmOcMgA0SaYIV3amooqNhBZkhT6DLsVHFtDZYdyaZxiSjSwp3LRZ7TsRBN/hZMYSdZY86sOLt4FWaiDN17A9s1A8bByxB1BK8xrWp0+y919CfE5/hQ+pc7gp8LftGffgOoVpF+EjmJOUGEE5H6stDz68RH4eH21hGSkm55TA2LabAlKtttq39uBcBONAiAhN4GEYB6eHLmt81GPaUEzfic8QiGvJGVJGIfs6Xles8mgUeDCMaOg1LbYA64QONdRfHw6BaUdiPNtZJ8FGjraXiGmQwnUStcUjxgeeCDTwKG/GFMN/aUp9tah694qmJ7b8prnJCjXVE2aBIlrJygtQMaRtp0lJZqnGdtZC333v9vU/efPP+toxhD/ScnABCND3GxlTgYDaLwNQLpoJCXIlYv8ilvGe+FGM0tTUF12ftKY5zr3K6sKqVPzLLxPrrJQWIpz61G0oQAAhgTTmaNsZfrWR6CltrHtGVENx1mkzu6JIZp3lY09NJV0eNEWXhi/6nHyy3KA7RwBnA0XiMYDjjbvLKHZl+zFRe7xAyBgHJM9JLr5FIxUPkO4za9dkh8KNQzUtTgcWgOse+w1sDVZCUxHe22o5CMpyn6UWXYT9NVY5GGQZkSN2zuEFCJLjZUkMizNsDy/bbR8FfAGeNNjyIBSnOMHajQ+vJfMJu13646ubqzV057qWr5z/89OPb16Zh+V+uwbEcwnt6u4IioZNALZ9gGwH0wcWEbDmPSxHmE+ak/KTVaUOzRzcOenb2lWf5OwgNExYd/vtFPLD3dlkQt07uyY727tiT61FpSRRRS68Gti3GKEsZOazOqHG0dkih5FhxdnAsQPBoEOO83zm2mEQVHlCEcEhcunYHW/1utwXHUOFBWJYWlGHMUSxBrkbwylojbCiPJQLz5IyLyZtWKqNuD2y7Qa5uPLKQMzXjggYrCRGz3uZrubAisy+73PbcrQ+ueo/TYDog5RxVSLFzuYO1cJD+mXiSeyZNaqYzcdlD6zFsjZaG8mMnYenr6eM9xTgcwwd7lnKesjrqi8jzWgU1RzBDD0ffdBxqq6N+RZkM+HNODtKMPZ+NGhFKUwVUoiwhBnbag0yyvWoXEeeNDVK1jwlJYlbIw/L743YxVxO0F8WjjnhF8MRDLGpK/nbDe0BTujZAaH6S228lD3g+yLqpia2n+3gy5kphFr9D2GgjjTTWBdlcnb4LMnZ03uAkhaAfz+xECtYZSDyFMgHSbSOmMfrsoqpwNjxaY2hSPHsL0IRP5CYbT/cWYxovosHgByMIjDSFdxOITsq65SacRSPMFwbXnTnmSXFJkvJViCn+pIbx4a6YhUnF4MBA3pi/2U4jLO2raP2+tvVr7DILHuuGMkHGNfis70UdXscN4iEmsktGLwjseuVTD196xFa77HQMUWin3OPTfdPkwrE7OkYxPsyiT/qh6tfXkcE5ve5+nsWXRYklcz+FkbTgCBQrsDb60N0adbvaBp1sdf362j6j5h6d6Zzq7/ARwmRz2W+3eEUk6/qSSCiIuJMs3JlOo3xiDkvWuYbmTW6m8TSRGPPKiOXxR7ERZ8gXH9vNlUw5DoVzQVX1iErSOZDq8snKFriX0KkuMK++/B1XSXYnGREzzlasedy/7unbUNvjoLV1guXa3Q4urQ3/oROvQ3oykqaYW5rWGbUKQ/BphAnGHEJ5fRocKzlCvum94ObP1EgmvxgTkD/GIYsBeXYusSvzcpGtToXhLK2sijyTJmfPReMTB4tUuPLVeE3oOChhhii3qzhSsYLlE72Dg3H5xHXerjtEQyvP5m36R5kx/lx4pEDmcFh1NA7VWBtHPrz6pBo/Op9X2uh2A3QM6sR4zKuuKvSDlLFGniQfZoe0ur4gHOf/EDxw6ScupbERKmHuNam18D2Yw2ZsPUM8g6Wi7gPlAuvu55LfSRVUJHrV9Lh75yu9YOu8uqCqyGGnL+o7IDm+v9Q5kLLDxfk7R3w1XDCPjCNB9KxxQ4qal12fSdRofVr291LhoNpD7xl77qItLe9T7SBiJEAOP4l20lFswBIfBzHMh8Dwfld6HOWiGXi4arpvRb8kE3ZvH3mk1xkIpJtxEvr0PVooyHPwC3hr3zELMLIQFAMl3SgPZ0KWP9RC0Zcxh6nDlR8ca3phhJFcJaiUDhiaZUGwKoZoFU5TweK6UdyJFSgDql0bSCQ7+GCt82nGz10xDmG2mLqmoAspXOo0UmMFbRdKGPCRrlW+nXP4l14X2JI791NF9pYkYj0csR+bFmwAACAASURBVKpdsQNNHp5m4InFCPSx6nXncZw8MK9SY2LMqDNrNRoWUAADXZcyTEHFFLaAJH0ozjsAYg2vIij7CIhEGKt+7ha4oyoHpWIJIdhpGQowE2mcZZnBj6MZ7LS+EDBRmrw4G0ej5JBNOECj22Mowx00liYU88NMlitYWekCptG/y+w9kpIJtxJtyybSbYRoCmSmp+aNJ4a6X7jH+xBI9cymIjbhG7e+4zNaJgiXmimrDiyGCzSDY3w0GsbPlStjr61NW7wvWxpQ6fZ7uJDeO2MsE77YPvwiOtZzFB6QvFOmrtaanaplgNSJm/YOTBUlUOd5FVHbuhCKlmSHw9UODDQ7N+CefCe3I5xVTDgaYznAeUqEKz7yVmmgkNqa6umCm1JNvZYnwxlJUX9a9gganrIrc+M7nnECXT1jaqXGMFvGxKLT6No11E8tW/kzE7PJiiy0K2UYwq6/a5fTuBUX9WAEo9tEThUwlcYI8vT0zckMLFS6SBEIhGrEli+Ax4Xi2kUewb4dTB+KYzq8Y7iqSvpWAmGazm/qd1RpRmwETatorOykOFtrxFu0CFTbTAgHzLlu4a6stmOvYEqdYZquYjLuDrOQ5VprXuEahcqBNMW8YQJ/aVsyLXmdRgqtDruA0x4hRA3hUGHBGbAtFwtx4I0mBcKGcgsyniwrwW0IkmXS2MmKEcCRKYLxX2ImMIAExnunvRIohne+6nQDwgs4AbyAjLMcxFvnt8LgmpCoK8LYv+siTI8XxBq6NRAtP4qngzTaa81YZYphnnihdHphRPtCKjfJYkJS9Wzqm8CWa9pGVcBmdo6ME9EmdE138mogMa4KCL4jNgFXmq86qGlshDA3iP5phrvMT4n5VHOUta/3TamZFSD+Mi3sTZdHVRN8bsgeXkgNGvI+4/Z4RY02zkPnhKxtdSHUfhfVNaD22CV0M2joWNj1on7RCnVaFniGp25JdR2JIzGHTLDEkPbWN8kDGAcmwwrepDqCYQe5Ou7UVvGoJQumZ5kS3PBgdeWEhLWcloq6cpuAeGZ4iVr2CElou1Yf0tgfSy6RsUX0s2PoIr/48pk/UpDGZMzdxtegkr82Mn6/GcnJQivT1n4jkqQgIJ5arASg+do3HHBcTy+ZyfPdjLG8drmPAHC2jEfIvnMQqPNvJUxUUgyIxEsMAPlarkjKPLPsO/cZuzjvu4/ZHJryR65e1Qmj4w2hV5U46XUsoBtDoZiEO6r92IHT5jG4GR5E65K+UDBLJMXHh7uopchMEJJeneLeaQ7VtPHoOgmiMhYOIUEkn6dNwPdPL6/h1f81y+Chc6gLyrnEoR7DsX/R2ShRFbSJNngUky8pUmul5zhOek0L4J3NmQbm5MD6XGMrXRo4ZNhp+AKBEhBNo5oGypMVDC/V+5/e4B/ohfioMslSQK5MbWM/DsNdt4D0mAxhVnympbOzDnzP5wwNhYCndmgyQ4ao1gujcE2yIczlK4i5HTvkuHEepS4TFibc1PAEdbFRLxZ4DjS+Bjl/Scdarvig9FlQKY3tY3Z6SallDHVjq5hPtuJYi7llOTwKyo+HqxMwVjWWqELGX8b8LlLHRoJdxsoEoC9d/oSz6r+47IwI2UT2c90KDVo0ELDluoidqmoq0nDioHdHG+2jfSRVRJ2yv43QGMm9lLgvU0ZtqQOnoZ5lYwmyrEXskMaDSI5yMmwaXGmEbDEBITNbaVWf7FTfslOGb5FmEZz6jF5spzbQ6/5UyglPzqgJ0hpDty/tJmVilESTL3R10kDqKtR7tyDAJnWNzuQaX6WQEm1yFuLzalhS1WYG1cSb87A0zonxipfvFNbKZ+WUhTo3C3mn65UBOJka08OQHSyw5kO+Oh9eH6tjC5mg42Omgz8hGWkCz0U53LQellzLmdp2ymTNLNLws/lAqGRkHMUlFTLTLrhnLFeX59x3dw9Fg7tnycsWunZd6IMHYG/1P7Op3epm7GoTUgJwtvwV6nwLi9MtEnUG1EXhbVYZdFuRmlVQ8Z7NkvUbV6QvvWdoU3MX5rN+gQP/R88utWNXdrH9AAZJJNXXjG5xMWUhQREEtl5TaB715mz0D2ZRcFmWi42C3sgiWRrHeNitmwctPSYUiy+YC+Rw+VIYyua9xYbxEGVMVlHRHqeoEHX8WM9vliOotT4D9FQfK0rIoFfRXQK27JmReFSmaQRieqZhVxKSL2kTeSOyPQLVHI/64ue6/dlZvUUjIuDylUc8ubBz+/R4R/l2hMPFmjquaQREpvIRL/PeGVNtGXLZSgF9pr848Ed5eVDH0+UOYHGS//hSUmHts23ueEEWmLfYywaXSIIY09MX561asyBHYSr8LsfUb+ClwlrvXQxcwOPLmwtvfRckzYxPEI2Tm0VFappP4Jbd6G/30dLXcm95oHSFT22dsWbbII0DbO9uyWVF+Wa+Fi9zfaouIPsw9KlBvDQQTyNeSQ7fOJpwCVlB7K+60s5wnQ4mViCKeyGTCzUoqMfKcPPz4DYIZXvaAQJnd+iEFHNhDXofHaAG1+QL78WGVVzIjx0DkTIkVjATD8mBIO+baDtbAMaPtmAX2ZFTuRaHWBxqnj+EaLEC6iJN2INgiUm/wd2qFUrgbLQkd8CORRgSIh8ZKupJF/U60+gT3Jd4seqfuE5KPjIJK9e05WnyiYv6M9lP8e2dnwBv1qe+WZQIhDS2E0ZS0lKoH68SbvWsR2ot6BN8ic8R/kSqaOwTO/6XiMeUszhMYnhn1g4Qwj/LSjdMyFOLvQ5xVw8bq3DTluQcBcpct+vSnxweWwRJ1sMA9eQEvVLHrHQIH4ZiAcE8ipJymjUMbhwga+Gum5tInbJnPHTwX8bdAyU6ZQtnpbiG6p2ie/zUHRd8UXl5rLiITJ8jPj4cxlziI1054Da2Weig5EF3TWB9SSwD0P97jdBaKJ6fd1Lun/UnU6ypzIPz+hFKzBRM6tDF9mSn8mZYMwwsJPC55hXuukQdVuIq6LLU47d1StFUFuHDXrrSfJgUTcs7obk8NFHwhK5RvnGQ/ox2eNzHOwa18tbKe4NHKo/Ho5sM46Tz8TxOEBGUSTlySXnhIrDzwjP3r21VvaYAGsukC5kVDg2JhyGoupdhO7EV0CEzrUQznMBj6+LVvoO68JmuLgDBBh6nhOo72h0HrzcFmtIwtwOepMjqHTU1fjFevH/x6v3Hp9s3V9c2Nz493NZuzaEsW40bR/Xc8Ka/Q5aseV70Kc+k11HXC3UBr66uP7EXnzZnkUxhQSi8x02hetb0hRgCqSgZA5r1j7xqEiuhjlFirrwEkqjzkChPZhP4Wg/FEGFQtkuO/FDwRWUegqXUW04IlTjSasIQEgmfaTq2dqrHgsbku+smAq6rAW36SCQOX4NxWl+2ARkcDfICCUNqA4zzGMv7fUe0DdetkzV0rkmrtg0zN2mRUt0jZVdS617AyocFc3auq6KVgy6Waus/1A0XCXdS5hxJdLJ9D7KQ2tplWRo3xXn9Rg/sr+EpNutJdor9XikgCgRIE3X2U0d0d7A8kCbPK4kCjcOL0B0dgcvDew1laI83hb927ONo9DvoP2zeGa53qPOVgcVMPB0YSKbh455jTmXxUPtDN5idHO47riA4ZM7w9dCAhUEY3TeVZZwJRasaaMcR+Fo6O5EFc+nYDaUwek5DFF56tsabu9v74oCJxReboZQvz4Wnrflhw1CjDZY1pmTGuGQyti4/hpxeKuVr9sfrqSQ5TjNlpRGoig/J88XLtzXCTNf4t4w5hdUf86z6YPE/3cULR7Ik4xqU8LDsB+PSZGLmpaUDQMQseowo9IgAkihFOARgnhNwTLbK7qlBjEJ5MLsJYVHTQ+seXYgSG9Q9vXanbxw0Vo9m2FyajydkgeQuptjrQMq2OMBDookU4YgpjQr5tvTWHoaj2HO6UV/1jXgMXsl99gohYY5xBENRfwODx7Sii7vSfxrOEDIfN2jk4q/b26KycAfYCT5hOF5abQJ5dRQ6tutNQDpfQyTy0YFWAcsFZAIctQecvrNsysJ/FgY6xNwlLUU7JrhWCI/iUoDX3AXmU1OrxC0BZcqRzwuclnvMltRMd5g7ZKKfCDTOZ1J3ERo05rwbl8z5KQmaLAI2c8LjF65DLnB2TbZkvVfiMF/84cPItwVlaGKlnAxTzDEXZht6ORRMBSFH41AO53PqQzhV7iiR/Ie4Os2rTgPnvIDkrJ3mWBkD3oD9ZemGAJqhgEwMNWKsfQ5o4Cl2GhmcluniQihTKfUOuOO9tK04CTtfFdDYosEcjPhOGbG+xZHZuyikHEgm5mkYolkCRGxFb+P0o3Y4RiK61cZWCKa7DjNthBM9+okgQedWlNDsOvjetDxHTftskNcd+MwAuIZTSVVOivnN8/WG60IbVXsKmI0/5gmx99bTzwxh+2kw6bGPtMIb0nPjkKzppNVwKp1HnwUm7CuKWolLI0Fc0QBh6GINK+GjrBOsd6I54eAlptzqOMDqoxvLeIuHqOGwy/nRwXn+ddP1W2wmWt4xhabWMKemiU4vI6Qlqkczzwd9K4Z9lT508mGqaZZI+V1+N7eEpCdKzVbNozasaIpVeOcV5zI/meZtxgoc1RZg1yque1R0kVddSXk8ZqhckznSy858xNKGcARr3cSLXltMpGZi4oQRLJLjrNkby2iF5/BRdALNGn2sNJfDVm4COQxeR71KInwmNGUabWpvhSkNsB/zH/du8ZTiKRtXcvTr1x5MdwsT5PwK3mkvXvzlnXAlcnZBgoVoKTOdviGO+GE/kgD++s2bezeKvb65u31429M4PFzDXQGHjYtrzCiwSfVEHrmxmMJi11fsECJP84o1516YGcxYARbsslw4j+YuIVjTYNNYa21pbKeHSOdDFeIDOfyjEqHctG9MBAdkJzF2amIoLp2GF70xe2Ewp8uG9PkcKtuEp4XBwu0nn9g78PJXfuRKiVtwFhU1p1Qjg35lEzkFeTP0sMw+DXNiBG9RPg7qEqA7Bd1k/4c/0WHSvtUyG/2ktHIMjOEIPDb7SOGhiW9/BbTzWaBzNYVR8XposfeEAtZBQ2AIxGqfoekiXvw5a3kpR2i1Ow1DmJMnUIMJNfmXT716RCk3NIOKs6EZIVoznIk/zdsn7f6n8ob+K7xhhdTWjtRrlPDcvTg7WaCGB5/n5214p0RjhT50POnwCHakQK9eKBD15QUR47xG6hb22i7atVgMCOkpCSeZJfXVfwFqoN9zl1nU8EcyagxWOLZeYzv1EoHDhJl5Rh4yJ+GgkosALa125dcph/AFMr+eKnFxJDn6VAXAO+3tL2G8Oi8yyltT/CGbg80esAbTV2aaRuIgacugh5lZeIknVC7O0muIQ8Ykpnthn8+FeWtsGFV/7LxJVJ6g0it/yFiohYYXoa5SospUZ3oLXUKBBrVW5VGMlS8P/0QwCaBhg9st0WjbphrXICVd6/39Ymyr/mFoLJ6sy7upKtrWQJIy5Wbn4DCXMEkxDciNH92wB1YL2ACzixE/CPbO4dvXa33L9c83PSWz9JbWWxwZRRzWyVCaNbzrq5fXLW8+uk3BS2lapim4aoXbeisEpWBIOVH8lHmHlarSFH7kN0+BoAQsejYPPl/6lTPtrHq50nDbAnqNUysuEy/7EmcGbwxeYaf1+tRADyIkfppe8dw47OIiBht2uI9Frb3yWEhpZOqRoGramZDu5J6yASW/unbPn+ZUI3w7ooKLJdvMrGftygytk9JPPvUYErPvx/v7vKDlbxkxttLFxPeBEnXHc3rqRR2oTZDUgrNk6jWrd1A6XeEqBus0F1LAqbwgoYa1wOhKQl3Nxk990+/iY/xw8fIhfgaXLjR0MrZWrLGCOUKEwlDthVQKVU+6LvJs5BrnYQEqJPgW1uZJGmmahUIyLZaO+Ek5nObTAXYycibHGGabO/IM91EUYCartTzTgPwnPhoa9qrNGtKVciZml5Q9FUyn03OYU0pMnhyxgigC1jJ1FOc7PK3PNMYwZylzILAWIzluLocNHDbqKtty0fw2TkV1s6GWf0qys1T4n00V152P+dQWYG0r77MXNSzxdCqk4510LJeDGQbqM0vcjYq6g2gjVHorEDMHeA35Ic1TWkJAgD1IN1iI4hAn1OCP0hhoVWlooFNRZZkbexhM9hIf9Lq8TkNGfRMs0OCESPxCn6cwsjC2oox8uEvVHKaZtHQIwbG2dNfCNfTYLspgkKsKz7pyjnjMm3igWmLxx6OyxbZIsUR+HMBcYnTiTJmaGsA/qwFJtcEVmZlK7UCphKUNh3JUAsYxnVOC9RrGNTQPkm1JE0KQ02fhkkbDGt5j/RAkb4T46upmaY2cHKHUpd2uyEBli/quqRVnqCyOjNh3Z2LKaVnf6Cs1L0FmoIMLR+aIUhnfXHZWriYeEZ+UZWfnHsWsIl7BJndpVFpLrgQLJslTZNeHR8BZwkyIcQxKy4Dm7zXS+CghpCmvv8PG4YXEVVUYiX3AAGRQC8Zo1Fbf1cIlFtjj8S/+uRd/5S/8wENc4I2UqDPtTgxndeE51HhMz7k8Ze211F8Tr3a4bVfFq5e/84+/+vm37ni88gs55qKGUQk+Bic6wGWX9JuevBJnaI4zXdhOK4f7i0g7T7jnt4KAek0pQcdPAL2C61NPlWAjf/jF0alkiYVW+wrWpgzWUdav7Skdnjy0A8YoAayKZkgRsuKkM+Kc0E7o3JoC4m7bAUTWg2vzYubdZ69+5Vdf/vDTmxcf3q37mVZhXuMYhusQwQRcccUgAE4GT4TcjHtdfbj/9uVPfxJTmRYmOW1BpqF2SC91VB/SNIHtPsILMUyJG8sd5Cg5QDwEFQMDDyjE3L5Dliz7nH/wjQE32hliFVkaSe3NfBsIbWYB55odnNS1/UKwRCNyy09hQ1fX1U4GEhkpFZUVlt0AQotVTASZYJqLxVGHI9ar77CrQHs5DgEMBjfleQ85i7fXnpHw0h7azKdFB20SmYZTxUkH0KWbSSZCA7Wu01SBnp2gmWvhzko/StyrNU7pzxOH0kT3yBMmSwwXY41heTy0Mbxe/Zxwhl6tLIRzNTip+58MR2ZtMh2MkYb24p6Kg1MVR6Ts/CS2DpdLjx0vTjp02UiTvKKG098coCLvlDF3SSNB+ceYFjyzNmMmR0VMZactQJ6j76prFJqQhKIrh8mKwDNwuFJoAsG18QEp6kA0AKUyjSc0JRkq6FQ+3hsFjz/E3X7q9i9ndO6BgA3b62lrNdFyl1TSX8qjq8IVI5eejPTETSPgGqfhSGPNCVQ4NqKy8G50myjd71H0wWZAVj8K+1ZVJqL1nj3IL4vAFs5uEdlI3wRIpkVbL9PN/C0N9at5xs7mkPE2/TRPMok88+szaAlD+31cBfQzAPL1jaWqq9dmFj3dBa0+W/pik+YvGDSxNVnPWEoePYmoEVbSkGyGIKOIAJquizA3i6W2MdmFizjPg5rezgw55Y7SwzSaishrXdpTzotLXCtpqmNECpUw6MVvYyVaKFgc0G8mWRznyhaqqlC1cDNsoditYdYwXQYY1dzFB573t2KNAhqko6wMus8cIemcOgsihaijoIPDibLh1+i8MBeWwABhrNjpCOze4Qr0ud1hEUeVjhByG2jkjPPs0jOBopxX0MhcDEtFLRr9ZARBItOojRB+jjo3M1vyAClT8XTd0wD5fpvLOUtS1JvE2kKxsIVQLmKDmAnhmBphjWCLQeUlydpuaB4QrtL+4DUdKkgilTpCQ7oUOZyLlWliil+yqQ4HnBEIib03rHJzcuXNjA1LDPbBQagegONUfV7LSwfrWN/hNBTqMRmjsXGxR60dCmdtHXR+wo2SQ7qP5u0B4sylYI4WM9Y1p7yBUCUC+DQeCns9IBbCaNjMqfVvDfdq0XRsdfn06KKqDBO19N+FxzPiBFHNxQ/VMbZGbBOcv1hOPfAUA82MaF1uMaUpIPuXQ/xQ1draCPCmZQj6xJJEkeliKBSNt9e71Mo+utjVH5FFgGle/mkgx6EB5h+c7/Tnc4koaBLK8XjWGLNSOhqveNJmmtYYigyI5WilOwyV3zpFtAyjrF19XcBtHA53GuaIaWs4i3ZYEiQks8cUGY8wpG0MFdPaKFS507oEMxmx8+ru3t7iZEwAX13/vFxT1aDxQx6vHZ4WLVCOHb9hJI8uDEc/C+ess+35yERalnrg7gUgRnxQxrmQ2TXN44QVD0aDYHJc9mIlZI7AypNp6GK5szWjn/oeeoiP2RKbc8g5zJLRkPrQZlhi5juGSChh8J+7lrSsn37v0xeff04Dn3JjibXGucnsOQxUSQqocjZYZ7tRb4G2mrIL7b56cM3u6e6nf/T1L756/8m7z3tAHf0vP2bZ5DgcwUfoUifXSI6LsQ9AGBP3WYIUG6HCOt6SJaUdhKfyHE9LAw5TNT5w3w3I89ujk2HP3NVC1tDrUKzFqJym1WvXeCiaB32IUsz5gGN0AgQXXx2dWq6yjrpxQ8+YYYZc4+OL+9vHP/Pu3fff2bL3rY0hjw8eg6BVkhXfESKnvyXB5+wAC4gutKc+8BzKmRXONw/90tbr93bJWg1qJFQkw0fIQi5290raxA7HQZcavHwe1Wb8uri+FCW3Sq3GOPnWTWWFKVNTqWjrDUgatpyFqMd+n3yxatSyDJP3yKqtC7Y+AR3htE5mVEpIsXEKp2MjE0zElbYiNvuXOxrKNFwpyWlft1EM4NVAIWaHNlRxWJRBU35XA1feVj+XboyG2pDjs1zEG22jTu5QRLduIXlTNWQhUDwjN7yFSBkFc+hEcK6YDTSUtaLOAQywDHe0j00Hby55blolEDQoZHGsTX49NKcjXtdcHSITIaRiGJ9IpTptNpfIHxRUCi4hL4iIHlSKOxpPxYGmIrZwlJelQBIkcdUxE0BCaac21LGxtofGUACMkUEpmJ+toGJnIah6WWOnsaNU9SroroM4OWqd38ZSuqaBlJjE2aPNKusYMDSXiV9uoDmhqzdw9hiyayvi6fjmrZmxZecnP7Rr9gUXkRmJgoLlbxFhxzDEakpIt4hW4z1T6TfHIB6pKA8pytJVh0lKL5uCVhin9uDu8Tub/+ufAyRD3tCYrAsUxPKIzYdGt5cOJ4X18FywlwSYai/Gw1Cmj0k85HRHN8lh9ar1UTOFR1FS5/Di6dYPXxDX8r7blAFxkWPTNgoDzfgLwVgzU7WJaEB59ebp2Itn1Yu9FDPquYF1yvpt6M1MqKv1H7OVfnzA+Ml49ER6tvIzbmiZDKNBbS/8GBMdGORbmEypgrkfJs1FzKQe3S7c+utW6Uz7NfK4w/wLNbqGIX60TMj4SY1VzCxpP+dNa6cKyAxyIJ05L88A/65lp2s3e54wUmbJouK0ApmmC3JyspBqrwK0itg7RfscrfnFOY0jQGHcF3Dt4CRTpIP3GXAG7kvJlnAyUm/gueuRomHEycIQ8qrXtjf7W/M8eWiOmqU9niFFMhfdlZKkjENSW6CK52yHgfzqop7CycC2OWQ+4GhsRGcN89K4PT5Z8I4Fn3V5F47SzmCSefAHf2rjVkVQAGWd6UrWa8NneSy2uK8r5FJC0MfmuWSWiB/vI6xPyDNXNGLs4FsBRnUaUznHyYEIUJQllkuDRRLFlrhdSX7UG4B59LwpDLqvmv7EsrTteuI8FrMlkmzhD7E+az6ZHcZEpXksRsZ3qgbnNGLVr0daggtSZWVrHT/DsqKhSl8q8xfWbzuKIG2orsxwv2ZBvPSwgVYgDCWdyV1s3XzKJbTHaxyLR90xDGYGS7daWloT2VEWkv06R1i5VVItFpIQxMTIfzIaziD2jnLHzjiOjyKXmrhllo6nJKZ3Codfv9vaMwOArxd2Hx0M4jx9blcSgWXXCmCp0uKc/tvBcZYUGHBum1rLeKWgVCAN5T5qay9vJ8sSpQG/x492oQectha/x7iTGs63U28ipeLy+9k4kOSvu93PwkSDBI1DEBvnVaseU7azo5JGvakU5sKhIxzqPfQA6YUkpdaYx/qaJj1WDCBwwyBeB+P4XVV6PoUxkRgn7yCQlkOWls7XBBuTlBky5JpIsY2tmykmVBsHGUS6RfL28f4rPxcY2TjRZo5ZZ5goSiPJIr2iRpiJHMHC4+P11c2n6xJeXHtGdjp6de+327NlvRMgrWCgwLA3lCNtTB0jTGJq0cuHWExhtsmrfx/jYHNZ3A/Ax9HR+fzu9KgJ314p2QTAV16+IjrQgNcc/mf+U+FTzfM/nhVkP2VHaAd/GpzgZksNhEtnz0SmpLTII/NM8eo7uYzWr0ScmNXxm/M+ffML1/G2EI2f+UQtuojnE7FURkGZuBAaIuh982BkEWDPHzSoyPwe423gTfunXQwlZewlhc/c4dg0NabXeMtVe43mcTllqO64w8lWl8UPWPQo51loA6/t6NUCCFSGOCkTFyIji0uQ+C9dNZAYbnXBTqdtD6CcGOAonA4EWxcKWVOm/vjRPkcDCrMdMAlT3uq1YNvkeaguEqXF/MwA3wFBQc/7Mud4ygPool9JspZp6O+5afY5cA8DvmmDjgvPo8Ex42EDZZ247p0CMcChJm/ajLVS8+vdq+eXWVueE+aPT9fXr/d7HRYUCLIMi2sHDSsn0eyA2/KkF3ZTeNsxdVRmVhFVkxVTUBHSLMgQKbscDyGn1ulVYLUCcgx/mMVodZR6VJgaocxN4S7PB51MKwkuakNeaSx5D6LvHcX6bN55Lzq76MjJrJdOd6ggenPlQDvT9gzOFYeJwrN5rIYoBidLI/2kzpItPFMLF6lzj3qeV8qZm8FJ9KYBLi71C422prRj3Vp3bcb5Oo45AyYm3PC32oMFMvhOy6inFejr5HGgi0FzvFLwxrE6sMiVYvOcdXIFp9+A09mixxnVtxGp6z/Ndtnc6Mba+1077pM75qM02bfkX2mN6j5EnXuIeU7dsXLMJrKhO14f7m5jkYqdbvy3nQAAIABJREFUg+9XLx89fs7VM9dDOMcHP1pwntAMKBf3SW/9U+WeQ5CKnOZxxe/S/X6Mb84JJbH8+07fC76IYcmPhHSZuwGGuxOvLXVNukDa7XYVM3o++c41GEbxs5oG/V4uU3Rp7PHF+/cPViHvHu79sNvdnWlAD23kudfXbzx9m7KFSKl/tshrcEH8jrxnUAUOzyv7xqaauaJmpEq1FThj8UFS9eWISDU6CA/WNdJi/yaaSnO/Mx7OUKH3H8CibNGTRr0uaHdEgceby2lV+ahdfgW49M53yQN9zh+fAjCNYz/yNWoxYjJpxuk5Y2uafENXwdfEcOZIBC3gGL4uJTlO/5lszZYVzay6ypIYIze97HRCahPPqpqXQXd4mLBJPh5jr6MoAkV6+qzAe+YoUhzVbrnHiBQbhrDKu4LkUVmeXKSk2DLSU7llRVjTplvl43/jMfOFQutQm/7oIXEjNh11XCQFEk+O6uvmuiV7isKu8EmeYBuXCFk/Hi4x33WXvp1sb17ZyCHfjqttBGUh+D3Ek5XIeS5BosCuTRLVzeTjJR6Wni8MxAstXgBqccASbmbc+CLt+iey1/Fjx9Pqoi+Zjh65x+GfHpubyYSm7lsqkzJ8Q+Cu0zdvPPxej2qLbBGHvkVGD+OeAmHgQJu11/vYCdJATEjGs2W7HDID4DxF9cSx5gU0kta8fGGSZefK5YQ2UHnll5qVz1xjLB1vfsU5M56kXAORFI6oRQQeYuuzqLI+TrSDzUni3x1Srts2axtZ1hpXmilpnCC18SXwHIV17fQ8sCiiWecq0duGLt/1pGbdaMYAjJ2a5/0blOs29dNaYMEvn5M57oqixGmquCWSiZw3IzenB0Edxrul7HHlFGYsHU5IjBX8Y72ZjpwNbm3hDXaIYqZXw49LNsqDQYRnqA9AnqNZsLPPMcsxRR0l+MKhvws7gSbahgMvn+67rMeafnzC4NOPyFi6sRX15Yf3JoCzfW0Rk1ciAw8ez3QouUIb7uTdVwB80ECbaW+k6ocPj+/fu75wzcqU2pLQpIu5KT2/iu+iyZDqwifnqOeAfH4aD5ziu7EDEaJ7PvtSGXSqJHQkdjSu+hh0eu+Jr8kzOho69lnNhbQiDFW0rzHrPMgL0tWl5EjspWTkEor1nflawqt6RssFWDMRkrf6FMVIovPBYJ3yse/RVxd3CNW8OUpEz002PBvVpqThiR6k7MkGSgwxd/zhw/3dyzefUDdXm55jJNrPAo9jKFbQR2lmRPpwTgbgC0IHE005Mvz2GLw43jwE6mnMZ5EGkUUJP7Na6/3SJHwNrfnX1c319bvHdx4KHv8tSUTk4rKVrGCW5wEQ1jJ6zaAevn148ebdV483tx+sxFwk1UZkc0X8FoFmV/BAWldYt4q19IQBax4Cvkdu5XI6kxQnyC2WNDB/+tk3txKmH6O/+8rPwNa0wcZm6ikHErKlCux0lWLcZoUsG1Um9P3QSUoPXH8mxprLGrG5MvPwcPXDtrRfv7vRnU7j28jSeG7umaVh6SxCpcAySMYpR7+6/+beKra6rtHxn9ZSyiTERUv5C/uYCAf56492T6up16yvSE0U5C+mvdJrhoZc2UqU0VwfyjrER6KXWzHVX83ooT+nMA1JSA8OADsM6RGjCvjSEqjOhuACH4lVJG+CCud6nspGytFC5+Ur6wl+hDG3IFR7Q1rbUbDE3DCodeXM4NlavEexVTGNsOImGzvyG5Fq7UcAkBqbaQI6kVO/kaJi7rBKPRiYPOts2Sj+wCyNY0vfyYVoI24Nv7N14vvx2nmO3ZWPH9wCpej24dFDOTwC/N3N1f03xjPrpA043j9YKof47uv7N188/ubLt8NyY/EOa2MJG93Lsw2Z0gvRWy4hQCYirtmpfyb/0KW/+7u8YhaT06/Nk/20EPBffnH385/f/tbVD9y/YK5LiLYLGdnjGbfWBO/9im4/5uc3A3ICGdm4rD6yqdKrd3ilcxQbAU9FIi5HohRDkOvXL3/287v3d21DwFead+HF4r2pOg0bwr189ctffu2HiW1Neri32c9vFLStfzO0rq7ri/763/hLb41ZTB7sBpBP3JX2/r4RxNPjn/zsFz/88Wc6L7dVRPL8zZFzlWe39M0auWM2wS7Xoyk+hnNn7KNgAAEBP1BhSOyaZUT+esK/dqiIA2FIaQamJeQQHe9Qn1aGOsgcmqzKtAm/OCKjmahc/9rOz5xIXa9FW8Ydzyz79OLuLgfXrJ4kElNxgSa++8ImBLEUZ0F2alGzWz8/3PG4fiE4YK6pGr2N6GzAcj2WES3OxVX5AiswZGhIwjj+mbtCZZPtyMrpGq9XMhY6ipWA9soisPSxl+LTQ13qVzjRyN4ootXphoRpuunU09OtDQl+ya6b38qcwlVwFLQF+9U7PznHkNHFHy5ShkS3fiLsy0Wl3bHmI3Y66y5NXKTzKdfysIYALAXsahzVlfOMQR6+vH1oFzoCuUBYzaKxYcxmhN1tjgZL42CXUMq1rCLNCqV3L/ZTXxeVxGqOxJBx0cmwVdgs1veaVu4PO/Ck+YFm+l5zkQBgKY3DtpNCuGZjsXX0MfDqbYsLb96+eqedAL+6roejCHcFSRItbVgDcFNQo+85F0UwhAxk6ils/UTExzf1HF0DefPYrxakKi9DcM4UNP7js7XGWOkYhTyGN2GqNJhN91S03LbrR4aaKZP64PGQEnqx8LcLEdIvjfNMDy34+S/uuiHSDrbs7rn70k4PJ3hzfW0zgV3AxDxj7ON96UWJLNjk5Ore7U5GgPxE2R4ArX90u2U8uJzz9PrrO08VwDODe2TE0XSBiltykCAt5DhH6HGPhA121xC+ffnKnZrGyVdtP9CMBkJC6nydLznjDPSjTf80st2eFeguNi4ibBVNFMqzdAIF5k7vM1dVRb5LTwTDlEyEGo7wfGDKDy9smSJleFHRTkMRcOP3pBt3hYxS7KY1PqQXqO9TWFiV4VpCOBZFcXzXordm4ja8CMSUbyfFUsIme7tfXeA15ey3I9u94Td0TKkb2lJysuQjC2RuyScbvueKUSqwsAwR1RzvQhnzh/yB7LRMeFGKIII0veAlJL3ON1zh2ztuG5V2UnXKfIZmpOeTZwxwOYT5wGRR2GtxaViTHXdADQa9wxt2R6eyr4LlsJ9/UZn+UtKwztCS5C3dC02Fq6EJsjDFEOwznRxuwpKmfB0xajRitUAl3y0tHkNlaYX5fshl2CNLjQ/3CeifPZQoC/Hzl6NZFz9aZzxfe13IG9rm3ArXUPSULH79V36Uw7FrQd3yUqJxvZnwhz/4nmSOJKZiU9OQxoX67C71h28ZBFN6nfqdNC31fPPt3X/+R9/ii982gvF7pXPAknBSPP38Fz/dVD9xDnreJAWkpj5mwEjHW2wpRdGAsfHYy4//8U///P/z2koQmo0nrePiUi4pZs51yQYjR0kTvJydiiEnxUc/MmWYmk5aPx4PPfQwMV99/e23f/3f/vV/69/+1779xS/9YmpK84dzmcCuMEG6DZ0zVlxt5BX+BIFCWvRjhH//D7pAQnr0GhNsoGC0RShrE0+vfvFHX7lFdcsvEIjVkuxBIFsVqXNr3zQQXxm2gBRyUQFb3cU4hWMCKmSRATjsW5MkToTqZk7fw3PhuFbwnDiKAoqBR3kgB4MSZ8ePsuYmG2MzOt/BSuqv7n7jtz69usktWGRLOCMY/2lL2rn5aMTfD2/pNAw9rVn141M95Pjl7d3j3/yrP/h3/qpAML/TBdcx+2dOvoQ5g+Xf+9k3X96aRXRJCk4Sb2wUH0YojALMBQcz3TM6hCVvmGbe3lx99fXDP/7dP3EFlGQf/XznHnX3xf2DzfqUf/PJp3/7P/sX/+Qf/f7TrUF6K6ouRn+4X1J48fLbb9//+b/0x7/2Z3/Fs9govWXRxlwGu3zE9Yok7K5+NsxFaGkMFmYW1F48PLz/cPW9f/HPf/rzf/YnMsu1e4vluxt3Bby4/ebx/uHJ3PuX/+z3f+c/+lu6xazF8PjbkrAOg0ptQDRaIPDDw5doiBEaJXix9uLlVx8fXt3cGN3f64eLnQ0ZgNNSQ6CXn3//0//j//Wf/J//b7//w8/8EHjTFJ4v/nv0Z+M5g4pb15U/+/Rd5jsOli8aWLhL/pUx1m/9m3/mf/8f/2/vb7+2Ay/TeLqZ1U27IutSUvOTSwN3d41ccqR5VC50eSsoUebUCXdmkUoSonKczuu+O+h8sAEkqbdXY4d5XR+LGAfB2db4yacfbz5xfMBVLjH74JBlmJkmf0i+Bogx6cWS+sCPJljf/mzjjygPCZDteQz05WvO8Ms/rgrTsIXE2YaLvjRqCNhwobQwF/XbwYAf3WB09eb9n/z0y9/97Tc3fiG4vJKzciRWcEjpL18/fnPHGZ/srcI6iAYfPD+EqIeyviX0oMdBh9ghQDO6JgDBxn1Bl1rXlNo6SGE7TBFLIbDFq1YGdUH01lJ3SWUhOk7WQ3hufue/+uff/sn7Vn/n6z0qqoUe6g+9e9g9A1a2tK64hYCUo2qD+wwR7mwGLYKd04DAadwTa+qj7gPUMr+TcTzLuebwD//O75qyX1/ZPb8VS5fQH57yX2w+vHzz7tWf/6t/9sPHO4s8Cd7CCpR1RxC6xvbZr958+skn5rTxgcrcMW/nhEBGWGTMLgnlb64WU51lrzCPqalv2lasblm63LX+VEU5P/As6fTl3f39b/7lX//8177/dN/1/8yaU4IZxc51dN9cXV+zQDv0Xlx5NrDrhCxg1uW3xjyJ+Ge/MPaPh7KjBJD+rbagVNpBsq27aXY8wb0u26eXS9Q/+J5pWkP0Vy/7meqQeLykgbzLmy6d+EXG9lK1wA88q9IF+wKwnelKDvz4T//wF1iCV062EQu0q39GqE8fvnZF8/2dZUS5d5rCBly9iLmO+unpD3/+Xinxy4ruBDPMjx+gLz65fvX/++mHv/8H9+8aqaW8knz+Hbt0lQxUpWKGWwhC1NZD/mIe8u7dp3/pL/xbZumNG5rC5vTpKq/vg4xQ8yaygVDoK80FQv3N9zCjOYbyTEP/ss1i7MWHbqnCgdN4y2rJia+yNahxNt07Sn9hyQZqLhqJfoODCA8XGJWF9RZcT2DEVS+8FCGE9HXwcae8ed2Mr6lnjZM1b/UCqt1GAAI0dlE3PEutzTcplMySRZ4/FHlHzQpOCi1o17+sNH2p3DAFfH/gCypKAOFA8zisLg7qnfqK53CZLoZ9HDl4rspLd7aS2GwsFvIZ+Lu6C4yvaTHfKLklZaAOk6K/0rzDUQvThcDhSQMLb+MQKtBHQ8PpLFitfWI5jZv9tJYrzc17NY+WZkdZeAg63KOpYdzMFygAOv9V5kOw5UVd7Ouw4HHtTFG+HxJ1g+84mIhkjT7VTiu1BE7z5eZTMUpFBUD2zAsWdjy5DoPRnpmLk/FKPNApQlXPVuN/rVPHDPRzCjATc+gOdm3an+2qxfouOiIOcZuemt+3cPXqvcSVPTBS4jGsIWljs90AYUx42/OBTlwnQBqbeAsJPHk1x8h/d50KCRHu0Pz76cP9V5Z/3tmB4MktH1+6HeNwFpqcweI6BREjbTz/pbLSx6XrfP1Jj0GROOVKLYDZLLR1q5YzrG89vb/b1JZk03p62rVk8MaLKaQK9GTP8mdRlbYhmRI8Udjl8tIEwGb1YLeEfKysZ401mgOwLXfhOg4DG2oC5ni4E0yQdL3Qeq2jreBO/xEIbUHYgyGasIch08doahlsWBcpzlNdpIMcQG2n+qkRu05rC+g01nIkLn4Itvw4BKEZkkIrivZTgdZXG9Mj4pKlLTUu7DbE52VXb7uTo593fmgfzmNrSQ3Y28VrfnTTb+/yoDdOx3/jcviomGO9vXn5S9OlHMPg/ASVGkGVRRl+DNS9YGQSrasULrI65/PvIjM3Xsyxp4UtHZdrBOZjdZ4vX371y6/uX+t37XZPnS8fPCaITm0Qal7xzc9/+fTlT1tj+/Cy5wxxZGDLrdiwFR4jMZuiGJE+s4QRUg9u0OH1zKGnb97ft8nVNaePT580YsuEOl6BeOP2ID8+Hy9Gmg35XZXokT4bRUBsnrHuLbXzNk2ryuilKQvM9hHhAA+W7pcr1AsgO4qNzx4/vbn+rKssGlqxe22QgYbgeHTnHVPB8fLJCrVaVwXgifs3rpbEpV7/k5vr+9svbIZyFxm3bk8eX8tZqRZDfq0G77V6Fis7zFFwOrZoIStdXsdxwUxjedKzowEoDgLdB2MN0fAs8aa34ljKZrjNx1JH2/iGfc4Kw/F2n6E6bh+uw/kJAHq2e68cXRas43tmEXxNFgkaDUW5zcF6vXNcZ3gRkNEyDZDNNxxjAX9yZfnl6c7VJfeScX36lWc4nVFXGU/cvbl+76o/iYolY2uBoLQubexz482aMDS24MWIplTBEgYq6PaqlCFiUUmta/KvvqaHVHJqAvDutM9DznU+KqnzahJSdBUlOWcDLM+EUZjW5EE+FaZSKl+M60tSmsbrlBNPjYPkofz0Wm87JkY0HjtTQ6GibywRgTONI7y8vEfCE6ie7u9uX7+1RyTlujVVNyGGnu56vJd2SCGAfb1P8TFFSjwF4UGVxCjMSWI9rtdnT92dZZ3Ej3j4Yu4cr3s5Zk4MCHsXKx11SIx8sraOWMdCVWMK3LgH+GuJruxgoNUjLV139xPRltxBykg5g+RzErhWkd3AFGIZxoqJg8nxmrNEoPnMctx8jpJXj7EQYpC+sSNoKJLM8gxLlvoa61lcM2fzPDR9x8PbK138TePE0tcwbIlk4SwniGtpr526erow1uu93I+4ywEela4PvJPWeADO6rjhxzxJQ4HZPH3zZhdB9el+h4STyk8s6Yq75HwlNvaDK3SfoPRJ+YKCoBVl/+79UJFfzIY5DB3lVR9/9cfv4r7rJ/W8JJ8d5xPsPYQbbHBJOKiH45w0AdnFH1PdkIbek1pDTZloJ4TPvYE3MwEM7PhSHIR0YCp6nZFATQMM1drP+09DpcNZlj/IsvGMTuLmLNvwPxKd1/4IB/3oaQU/bHPWIxdwwHEa96kqTXS+aMQIhU4vHQSVAyuKs8H7OhlFcc3Da26mEYRDNbGVwkAE5X/K/2SvxWEpDiBfKch9jyrE9Au5Ml1zFUgt9weG8JQUls75QY2jiFavzlPcIV2lVgdmC7AdEmAIfCSzojXugzx9JXlCJumE47FOOFqeVSCBayQwbmbC2XL0whf+1YGDqcS7ujCrKKVXvTw46k0qsrzXESa4hIgT32WUapvkZ5vJnNWe28R1DhNQIkCD2HgwxGSPAvy4UVi7oBsWoJTtv9xd16VZ46NT1ZK07J4+NY8CuvjLC1OIc0F+rCBHhyH+Cs8zW+kaZKyi/9BaLyIijNyXjQGcssHxEkEqW/BnBv9LPHjNAh0vQ5VulBiJGK3c6HaW1J034sHKVFKcXyQiXUPPo5O+p5T0VkoDFeLGCyWvdoAghlyz4rSeLDZqGfA8dfki90Cl0FnnC3TrTQc29YTOjQkSWjOiae3B7zhiuf6p3RrcyFiTA8hZEhmv3IgeL7AcEtaxtlkl5eRJ2TLE8+TpM2eJu6O4i2mofeUDVQYk3a2tj/QG284hIUqHc7JqDx3EFDWi7xxUmu+oovypMkNe4itFLg1iI79TgR8w/ecELCJIAqEBpgmnje5dOwVo9mQkTEVQVYf5dki9svYvwzndxRCzpSg0m9LczgyQzFy/dVoZEkC9oD/6qbhXwvqLJUWx0QggLpmzbWR8uLtvsRZD3QiLX+Otspr+x12tP/70s0+vPnz5aEuSMbDtOdxM4BsjA3ww5dMBa5qQ2S5cTRUM8Jbo0zjNkJCXWMnPg4G0mIqUvlaORb05qCtGrii53G0bgNtybREx09D7NyexullcwtTwvFTUSDcVbQiVqxawzlvt0+MaXTjQUDuM0ILWCPPbh0b5pLCJsaVbN03adUAwKen1yzd5mMveN1c2wTUx/eDJE8ZJmxTVk7fZg3pcoWizR/3v+QmwRw8thUU2QM6FUjqhZDyk3PwddWkEE6ToI7f2lV3qZzJK9lcWzktlWgGssheo56/KLlLFcaQUlTF43/pN0ofP66QLqDmJbIbQUkR4Oz+nkaczGqNCMjb3oeh2PsDpslEZL413sR7PwHvhc1whuoJcLOFiuYLG4GOOORix7ozeGjqVHTFq5cLN0vecOSdBoyf03jM0v8BOP5ShTXHkChm28uDoar2NCkelpB95Lo/u1A644z5TimrtnBTBwzB0MME5aaarjmhKoQZR69MHjfHDFUNnRZ9ZsdFA/4XH2GN7rs+HlRif2KUp37modWuqX1jMSgcpdBiZhQ9jO4tOujufIRdYY+w5dHGh32yUPF12dVSk1JNS3ZtPbPjYEL9swdT1dPUI7sJyVS3DFteoKmnIxBlm5qTHF12N8tg6RRpNaasfe0DYqJmaMiXZwweNZICjsSpyRm88UAY288BZomFMYLobKs1aHdofK6J5VrOZuujLTpdLI8Nit1u8vrreDcDxwDOiza7ozFhOEjDMPbsm+XMxlBPNS6s4hv/SuccnpqQRe6XEZ+ssyB8b5+zMzHvnk7UqcS3ZwFLAhr3iZoDIpYqpgPq3QECbD2+2aDMHjNlS2Ew6HTQTiJuwhiF7+Ns8pBm45z+MwzKlJWgb+bCA2IIr9xGa+0M/0epOCISAMCcp7UtNEmum3g3q2sZjGdt3ZvLRV+ynC8zkGeFQfFFwzoA7nrcqcsNR11KIptrwpPALO8tnEwlL8VY10qrPa3QRQGUAF6WMYoEPcEKWbkIel4p8qKUwciUjllYU0nDpggAFumBL4cnmXUh3WHQFc+LKSeIfcZuqXyoJl8aqRgK63gePGic+Y2H4Q17DSecYGjoMU3ycYp87DRDIXGCYwA2f6nBUGbm4ev7sHgC8hPjCxjPsBSL6tYHgtA3RVOtrxZ1Hea4WFMvqI+OtYkCJp2wZreYTosK0GrAXoCZCvLWZK25WCF39lxYZh0ZUTYj4mRiFyg6TqSLoQjWa+X8HoUH2PF4siKQay32IwrCUQ3SuK+4UzNoGm+2H/DDN++bOo7OiIlc2BIvK+mOypH9iazmJYkoE5Osahn528IkOj1CQpJqUmQ1iU2WsT6iqexv9IJLn7DyGC2p528gmomI7SXp8W78PsKFbmpYm0AnHMkFKqCQFJ6dqWlidB463Vdaq5LWbEj0jwR2K7yihlKeVYSJuyxmpDMrmS3A08GtWMDknHJN9tE+HWM1yyKGLs62kBJpRyjzwIG4s2G/AaYkHn/EEE3J0aaNijpHGq9v4aM3LdyRvoBn48ZoSXWMIvUhCJZLE7XwiqdKearvpQiXtJf2h6yj0SpTDQyMo4DE7kj39HD+tqFZkrjesRR8HAeGOMwYcXLzPnzS/QM0Hqhw55h9g1b2dxjur5YXZRSGrEVSp8lNS6xJy2Nua1WK7oSFJdx+pu00wn1Nwp3rEkOnphJyfktVVa9d6fNha/TTaNjxuSnBclB8/1GOqktKpbZ1DvJF7LoPLorp8OM2lbYpDjgYBNkjepZ/yP9fluZjnnMbE7WZ3i63pARYsgfExF+LzdZR00Nc3OmqwNGJcPPtHmpO3FQE7fkWl0VznrhcZeB8jx+QIzTEMmUnOBx4/fPLpW1Y1Om+8RMeP9598+tm7T250/3nAtG5ZkM3h9E+xmE//8wECUIKxA1kKaUSTxQSioxWVnGQKtbb66F/PQpc5gwcfgbl3C2/Ppbyyr8CSbuMHsrWQiqaLAw9utLRdTu9eEDXeYAlHiG7UgIY+UqgQVcuUIrTykRyhiyq5QworKeAuby17JpuCOL24IfgakTp9Z7LEy6t9712jkBzkOyYX0nXhUWccdi5QvRamJY/UtS4ll8BPzhdxEHiOTLrnBx1hM/fLWmu5zVdxpGKtFjpxxJlwjN2E6QjKmBhtfMRAXmfcpmmTkLBc0iJ/YqWM05DfLMygtpNl+6xKCMdQpkqneVeKYgMckxa2SUNY6KfYYIVW85m1dG6xKr46mHqn+DQ3Paeo8CeOz4B6Kxp8DEpihtrIirThwEuDTteCmjPlGNx5PUjTzkTqFYNcPKy5rJaFzZCnhYjEdH8RO7GYooKKHTxlR/8AOZ2yZQcVpZfGyyWQ7T5y2uOpUnyNsgDt8986T/4Jh06H5WvGvF3YG/HYjUDKGE9ajh0nqSCfT4YI5A/hLYtMsPw5GdQMxzkmexKxZrxrOBLm+ljcMyXGRRE9NFq2z4ZI92484xOVY/C+PO8WfEtC0BNKVLVogR6/IZodVq04yKsqCWD14FlfOZ5AhvQI2UEUEpTgClfihJnyocNnMp5/gpb0ErcwdzvAHq/kFLv4Qj+a+UQjqO4L31Xw1JDGp/BMWYsW+D3ZDEY61y1SW/1nC5FI3z0+WmPpIqINha6ItgRT5zZGemRu98PgZ/mydF+Ajk/06z2xiWZrS04b/ydSOl95eh541BTOnCkjqYHBVb6oIiefQ/KQBBgPZaGZWWARR7sZtD4qPsYoDJVyjGYJg1CQEdYgL0hbARUJyz/5leOkrMm8LgSjG1NOoC1R1TI3CniQB5eW1ans3dlEh++IWstB+KQVLZNSoeLpfmqcrhxVk06KxGRJMg1TUuT6W99JWUFHc7gAQy0lBoXDAIfMZxjWPqIOVhP2Ve0sDkkaaK9a77BhkKPTPD2c1oOJR4xdyIf1uf3Bsk94faeLEUsRO0Vw9KOpLI2HO106XlFUtRr9UOsj9AfV8yzLNlbXhu0gXqI73nQhcGkZZa9TNZSxFGKeOEHJ5UjmgzrItRinaxqfingRQIc8x8E4rfnajAAJpN80dmE9cBjXUcerPoG+oID8WDSni0ichDTOUtasfpR9cvI4XsvYwcIBjnrTj4uLK3ZkN8vygvSAcZHaMr39fZaFLCe+enXfA3ZOiOnoAAAgAElEQVQa44p2Wx1oM6ZJ4j+nclw2SRSiblmxKvwV1S2tQ+ixMNbnsOXkTUvIjb2kGMOQRsMb7rNZk9UuQlB2IszAhBa1tNnT07Aknc72tAYh2Pgnn/U3pi7VOm+HdptxCVWOiueGeuWhoztMt/A6n0DT9dkeZClw6VonQCobYbdOQxXwUtRKMfDhvs66ZF7nbyGamSjHbVUyWZruOsxqqCBXndmq2r5JTOsSSugXny4HAutGA33vEkhKjaksB2MqzrHDl8bL36pn1yoA5SCxibGdF2hrdkY7VJJso1ixnc0jxNlyj/wsA0rtuV1JqeFPhQneJCEmIzGydQGlFFwwCFT9FlvGT5+weCbGGOzKcDgtFLEg5UPW9A1uzVtpVp6IqXgsOIMhRnGTzAVM6mG9/q/9qrewaUhttXvDa9U9V9bUcd4hbXIEC7c+/apdtopteBviEiv5tPEviOsmrTJZ3UcXLObYNZoJu5BHNZ7MKuzSv7p+W1Q0GLHif9PiOSb3WBO42mmDeVt/UMC+KyZv392YDdmMmFs0N7XLKq/IeslFxj586VynkvwaSfV0mK60dPPdixsj/vTXpCvPRCraRLK+D3EMN6f3oGLjUh5IXGBkatzRshxFlTjtTnYz5eiqYR9ou5Gxnh7ARJ/asRF83IxF1LRKeX2uNgspTEFVTFHxfcqf64ZiQKBCvQl/9t/qaGpYLik20kb0Mn5OUmWe4IzSmkrFDG/kA/M3iURct+ts9x9m0Xr0Wg9LvEgxjKnIKz8MqfJEyAFWk7BqtUwJ2qNlVnniueyoUMuG1ZYzxHLObn0kJykrOWppIPLHuhAslgQs82M7qfISR8fD1/lzy5yl3n00puNhiFqMHJWgn04mGQann2odTg4HCieKdLdOojBL4JzLhj4/FWdqxyHSYu1d1y2JkZnnNeSWM6GMzVk4fHiIhvfU0kEcxUj0DsUEUu40uDSbkcrOE6DYrlXYAm1sGETo6UAD/idLn/r2Cy7HQ8Y7YeXJ4AtkWwBDH55DooNFUJjjazgPSDwpSwVHnE5LcZPpGTaWw3iAY68T7yMcjCzqHJ9lBlwXk4oJoaa1qCtrYzYWqnPBNLGFnT4NDp4prMSsnYCPdw2KYzgQvuyz8B18iHkmOtlsWnJ8UVESqtCmKw7JwBbqkja15S3B9JGV/E9lDSDWBWFZCghtV7NR4pldJyzFif00bFROkoyMRKs31uOTIQkaSiFpR2i+zQA4BMpxUbAGZx3vqd+jXQ+7jEhXzY/KO4AJ3D10WM01UK/bIXvTqzJMs92uW2Iw5EhBr8n6hyk/aWGBMt0nI6yVgHQSgX/lq9bkiEaHPmpdzI86cTvIqKGoYm6aMio6KIHUHGBEAgoVNHE3bKd8lKvyOhi0ysk0vJAPYRE3PFiPGX+qQ0zQffo4RJDlFT5H6AixqgY+Y2QcjmLuzZNCGok0G3fPzeOWUwn6RnpJFFfJtQ+AcZUmOjzt1lh9irgcj67a8/8d9epHrcYauHinbg0jFPtqsFW7gy6Je60Ca13+OXQq9O480QfUWccNVqCbXjtdUWd5IpF9lPO8kOkb8dwuT7KGFDjIVBMO9FLKtDCaKC6mQ9CLQpTXaGyewuaXXilRAvv4wc038RrYgY2JqbvWuagq0kNy8mCtO08b3gvZMhOWkNE2wlVyHlebDVqL31MDA5az5IFpAhNmbWf6RB36OIqNUKamkFbWFy/Id3Wc08MaToJpMh5A2BaQO3nShYe9GMC0zSP32UJ4wb8xPdQ0LHnVNMoq8nlkjNLrScDl8jFhoE9KYxEBSXPdeUTIxh6tjRj1GIaGZbJCBbj1iJif2FB0ZBbRvfymA7QBA2UYQshNlPjgfoXwWop1J+NDD5kzFrIrw9YJTJF4TJ41ijlCXmAXZk/0oynkX7U51Q9rd1W8GZA9jneCB21D83HrTtAn8zMtp6LYQ6UAmyFKfL1WkLdTwXnJ60SuBHTrmPiey40rhlHJmfZLZs9FM0zq1SxMB1cocp1LCaFUKdyEhE9sCB62aNeEAteXGnfPdRI24r1KGarpPYQkibXsmYCtfFIXAEYGAVqLYbVwA23Y2xxBP90k4PlBaJ7ejrqc1CiBW2pqy6neMktHISbEZqZzNAfFR3TiBzN5E7VSreYoccvWEWMEzwq5DXnqKvLYBtbJaoJqL6tFOVeuDMonTz5qAO3BOA8ecUHteTnm6qLQ5j/kae4mnnqcRZc+6Pz0Wl1ZaJ8P/OafvCgOug+CQ+DQ5fiei+HeCHfUcU6tY9YTkQjSbyPbF3t/BzneG+7m1L3TpgNH2coiPaYKbuV89RIORm1Q17AdLshx1WvScdgPL7ph2B0YNhkJojwrnA5jdBt8YaeF+a296wlgpwcBoURovGiktQ1+dH6dwXxfPtil2thNf/g/IRfTncV902paAwc2ABW5QGfKSTOwiNRq7dRUd9pUDmaaKGHyMMfgM3tgzqjFiY7Fef9YSmU12jwwtfTDCLRI8rR6qimp1NCM7/CeKx8ukjLVx6Nwjv34j+tctorkYMBkprjacRzi7jMG24o9x5Sp8+mCXuqDQMvODxf1P6d57P7p+ygBG6qzu//UVs7HSK6nGbwtWBx2tU6rNSwiwj+g5IU3XzH8Upow1OS4x+KmecPPOLbtZL+YHrQRUNxTLOoLZwrJwWh74wmCpKJQjRCqlZzpGnbjphYHwlcATk75c9PitULFXsfpUtWakSVhtYuTXvtO00kX7uq8jD8pyH0X+vKIHKaCSuXsvi6rkE2ZtUPTC4e5o6NKAOd38B4kmMIYXDUEfKwOh+Mo1CNIDVozQvf8WMswqLWmcX/P5ViHf5GA5a00lU5EBAs2ouknBbmtDvT+9kO/3o3kOtGRI4ETRfPzZlyOMvDxG8zG1nz8HM/Ay3c1cseOjEGf8eqPVLgt2EqWwWpcQwldTK0vc1zC3ONKyUehBZku3sxkz3KAwaYD6HzwHX2yJT/wRvYGAGhRFQQEpdD4dWVYf+wemDddeQs4JyQBut1RnvcqdAZ+Fi16lk6KS+JRKzHLISJNGfdP58EvAoiCEoiUlnDeFz9z4KgilUf+1SW185z6aBCA7q8kUpMiXF7a2OI0TVcajZCvYBY0wz+rpcr1RHl7AhxWDtE6I3xcEOJ8rjQIaSt7QnpJAjnYuA4sMqUWhDFyBGHwkGEd8h1sDHtKtQlXqq9D6JQJN08INjwXtGt5QAOZLhzIlhAUZP7BJj/C0wtka30+CNqaSIFyJIbsAGSYyk5NOA7A2ilumevw8h03F2iKQXe1QwV2udwoo78hrc0UHGCW3skQOEtwx969EuJyMlfvuEXGavoMZ/DFaBYMHZharzbZeULy0CJd+FwFPnlgTlk58DJKEEFHkvIo7YI+diqorUZ1P2OzpqBHbJE5Xg8TpzhibBLKAYboOOMm9FEUYzlrB81hijmufBGl/kZLp1NESNk3LcTCiNORupD6VLTMkIoZ10mkQ9EHNZh912BMWHBsF7VRjmXpekhpQgU9blay6AWZa2UzAx7yyi/1fwa3LnHyt8g147cm2jBP+vYbhO6X8gjQxo+EOQGSC+i9DL3KXjE0fnLCVFc31iP+2neh/r6HTMayJ5rhY8tXYYJFPvJvo5EVjVq99jOtNEao09exTK6QhaY0BnYpIkVvG7Hrth6AY1AVNYUxbVSYvnGiTTqWqpoINQjLXisrvyhBK13OjNgmcUhynozmO2QLQoWkq+NgNKqoYmkieQd6Gud/MVxjWr4ERyC0vqncwjfqkchjYyDALOmkIRXeVwF3L9iq8F+6n/3C7/wQrcbgxljhjWs+XchWUNOWiuHMf/QIbGDHjbvgjFHMsW8gEmkMWX8TKuzQCRJNP7BjgMMpYrJVUglZFf+IcE4Hcx2cZnE/JUI50kp3+RyyuIeskTtLHQUGM42mReE+jxUHPaYDZZMTBB3zCL14g+NFN4qW5cDrpfK01LXFgiTuN4mwWonFfvC9HKRIbGFZr2mWob29RrzKVbLrdx6w+cZqtOoEJYP5wc3Vh/d3fiVtEdhuhy3FQtSiINsDo8AW8E2deiSfUQ7hkNHXevC/yAdpia5hQpfMPjxdW28EzNtsrnNXgEtPNOKeYM9OsfBvrk3T4aCWBh0tt3La5gbjqmGi9QWttn+lDR+5S3VJVlTmMY5DwIHSP5l8xG9wQ3TORyYTrfw0cygpdFwh6LVz7HVJljFXeFSInWrmYHgJppJDDGcQHbCaDxRO3lKKaC4dddzVFBy0wrONeUX7+j+1Suf3UPte5mqSMcSNkmrfGcfx5TB5yhuLXkTnNhGCyWcMblya/ebLKW6TbJNSC+0m03ll7JbF8hwM51vkwhnc0VxwaL89TeaaeCcZHqnHID1wrXvIo7EUnW1kH4cXTWC3nN95ilxxrBflqSBlNNpTLWWtj5ThBCBPiztQ3EA8bRrQ9kg628QYMj7TTTOalreTptQcZ2kriVJTIqZHh8u2MRHI4XJGiDdNgJKo9oFf/MNR7HvlDf31ylxnQYKeUhQ70GEpZQiWmYdwuFXE75pHOwul3NAMfy4deym2R4PUaqY49FJzwLXC2LQAnP+3Y6o1sQRvCyyfa7HjJLUWuY8zNIu2m0lC8HwwYBqGsY4ihvl2LLawMjFYQs6ZsOk3Q0z8SZ7mprD0pGoC9KE2rF4kCZuji/KO3qgUfILVPmmSnwIbbXeV0uVwyw22ZnaDUwippSxtKL/lHlwTrZUFacGk1JZdjzTN48FPw5TkgkZJkjlazLK7UgfaEp+LM9SufXfMGQoGpofIzq0BxYrCDJFM7eSNnLO0bmYQQjR6rT78c1JLjrlz5s6tgOzImXbPCnC0Ah0TyeE9ulCPsMY0ALo02J6yw4z2NcfA2sZF8QQ+icdIo4PLK8qR97ZlGcAQO4+PIrrWm+Eca/DbiO8Vm2XEyBUn0cvDNV3zvnLQfG/cVlzNdJPAMCuBObmASFqdl+A5da29YrHv2jo4BDNcyWedUoW5+JFE+6Q/+kzo0xr6Q35Yhk1WEnMaMlqkpu74OoSda7PfFqnNhQlgpZ7RvyCPq5HRVBDFWRKfFk4uLKSfDHaUV3V6i1fNlcfhmAWoUf9EmQ1q6nxdX0CLiIsgIQGkmIfgoLqgk4LyT0x1Mjo+S3upcQ0zTGkqA0yZypMhw6ZIeBoY9UKiwJ+h11loCqq2sEfUS2PHkfOVYcdbV5MnuJWNyHFcSSutx1ZRnfUikBe0rBj/eqjh3pwx9BwyklBFwqGDykXHpEmbCSIf4f+kdhyZ+dvW3MZm45M1EO+usMOkZ3LdQ2Ei5EKhO2yUj5y0Ut4wkWlTsWQXYD9/19qWF5QUpriR4zSSRdNM+KgLSmPDJiP+zobISZCxDIySXY41KbJcYaOzY52jDyi6UhkZVOW2rc+klx5V1kYg/t9FWVweTVAbl1ZMjdo3kMpl9IVtVfKgT7s2dIulOtzF9rhMEcWcSY4UF44hOJtEp0oToPSeUJGqOblAyqBh6hYyVoSo/p28BmAUb5CGlHqu1U2qUqam0AOc9RHymiKmfD6RClv2wzh2u+8Q1XCgWg+BhTo8YK1eK0JC22l7+h7lSCYUj5na01F9v2V7K266MDM6DT80wZmDQFJsZnFNZX57ok5bUh8aW1aODV5JbmkAF1wvXiCLsV7H+gRl2DqYyds3nhYds/iuDpEUgnUT2hqp6NBSKWhCFgud1UNPZTZ0ETTeTA37DfA02QI9fcaKB3UjwmAx5G+cJBcvowiLdkzK084NlFPiB0+p5h5Uosn9+6YS9lQ8PtwZHnkGqG33HvCJG8P5LnjUH1h1v2N+jFCgjiTXLedwiG5rbm6hlu5yFSu02+uW+/KPPKT16WwcJt2xWCIrcwj1VnW7GuBxTK5rtKCn2ANpxBZl1sF32eq1KRxZGqd4ApH5gxly25qp6hLzuR/rp8PpPV2WPeSdqO7Mt+Ni+jCaExWgqV3jWs5ex25ohW1vQnXaa4JPzvKlA820Jl+NgydpTVF6ploxwJQwMLVppPb+jaXKWxne5oRmM1dX7uTQJGh6fuWyRh1BOOk6TYqTPEt7OrtIF/uBJAysY6bzGFv55bs8pj76gp81WokbsWRTqHWUKyv/IDP1yIAcIh9Lruoz+TPw+W78cFhkUismEDHinvgYQeTYcJMQeWwcpEDeG9JDpthS5rTz9L6agkvolhijm8vjuyAjznII8KOU0nyMUGrRGIa9pKymWVLoQKGBGVCkfPn0tfd0rNZ3jde5O9MgGpPKQfpnkdOw6sgl8/SCh2EexqZmOy37hyQhymWTcQsfY3F6b7EMGzABECwoHC6So0ooxsRRYEyMMfAguuRywrbCuVYs8ZPW/sGIWEyYc1O8sNql4/guieTedNyH3ML0pk4WR5TaoNeVR7Oum2XpZId3tgI1uadDHKTSqQ5EKZY9p4rBX45QSOcJrERSmRqXjjHJr1RrnjPAkRKd6Hefrt65aMgZStySA5277dvaot2bugruxsimK0QwOfSQMem2BQcY8hysaOchZx+6tm6VoitrDdp7shErOde0tXYaY4HGCU0t8ErE5E/H6VsiOw4wbxx6H5ltkcmjMTzL1nF2j8jFzGACTMiEen5RRNGUITKuYsGuJGdp6lUtJgieS+AynQFraDgd5yUAWr4czhS7eiDwVvZsBwKONjlqP4+MYJDZD55iKEwpI8w1PXjGXaIHHta0LkQu0sR96wDZWfSGjqAx869+hjpCw1qlk3CSNDadJdt5xc7zUc7dCJ4yAEFy4YBGhh+No9Y1GofK99rJzHeaXeDVPUPEoJdOLUkdoFDBv/o6FNEOuFlVK7+xjBmtB7/KyQs6+fcVRMn0SK48T0m9R5dDCGVuAVH/cZy/ailaeynTqr/w7i94xZ0frge5nKEiPAh6hSerxDrgzrXqKO9mbFiPcMJN2NVPFoSxxC7lhhAsjJAIYHUDm7+UbFNtbBZvaIARBLTEE2SgmOnyYjP3WBvhYGsS/2sUvUCdz9uTdtEyubFMYnE53sPSII+vVozPNNz0F/MbNKkwKJX08sq0FC6rCAK+Nt4bkvusG9JUe0bwNrLt0LFRDNpkcANGz4xHuk005CtfNp4LD8ykJE3G2jXWS77IxEeII6ts63k9kNYCW62WpTidlhxdCEi7bKXD7PJluuQnDfMnV6zgNq0hn+IOfacKzHNOOL65umkludlKzfylOoMobnhncI+r5gp6lEauC/MpL5HLfcOfy5QAsogRL9VSRSRXhDcpc1okQH/W5BKHjggHQzQTccaBuGbxrcZrMuSJKbe0GUROMT/KpgpjIVUhOrVAiWY85F2xAikCjtpXVc08/dSmKC4x72v92O28BpB5u+bGnFiZ++XX6Ec7TMqGRmB0hTgYkhgOlXcPLTZsLKtuQ5q+PU4v/Ry2kKBh9fUZKZG0OXTwYkFl0WSAq+PBz+KodTUbqOqDzgTQNNq0BcXu2Zik3DIvK3u0RJtR4DTcb8vN+Ukdx4qi2wL5i5d+Utpo+xgOLwuSUg8HZ6guFvlx3435Y4jG2gnQEB/LtMU8OaXR4htRc++gpazd/k6GmKcFDK1JTyxKQPCGgIUkZ6XUui/D29evb+/69SDDDjblmtpOWCCvr/10w/Rl6lqyyFJNIeBgQ9dATJXbbpv0Z5CDR63nn4K37TL0Gvizf2UfNC4l+eKpUZBV0TvjDA1neR8Bq/Nd29wxyHPqLM2qpGHlOaiv3oNWOQyT47QfeMVcwB+GQdc0g2sVOTYEJrdQRnYk/NEqWxUk8XkyeiTp47iCpsvS8WNw0WgvVmKKd4xwVfE7CWCh1xqbw+bJcc+7IGEMmEPbRUjW0rokEHMUYf0Uxkuw5Mgtb0SleVqtE4QzSDdOQ1tm2a7LJMvGkIjaJvAcuDXV9HFMdmI2HSJ31O6Ipid8HVz9UOOULLMP9tdLmSs2zcB29a1LpwJ8iQpzVC2TitC+Edsx7yfSXjOco2I72r1O2qqgd4qvajpHPF3CN0AfQ6ByjBUmrJT/pchgMtC4yOrakXn+E2pKX6KPdYN6Qq7ad81jNfx70WbHLdXQAmHcozhjh+w40NEbq4xqBkwPM16NEqQs2uWzpXEMwmnfXBKZGkggjIMVJDFqxUSw2TQIxo8AZPjptjt96ykwH4dlMDzAnZRjt1qnM+OQkVtFJqr0CFpK8FIT8JjeGeLOWSp0ZyeEOBsCmjQP6UcaWRxvQBc1Hh32hkTjwDgjlkoD/ZPexsVdyWTWycYrm0YmY3jzYZPcnrNn/aDxPAaLEGyp0yh/yIxyWazOcVIXgybOuBtqOsFydKHQkgnjAdhRzPEa+FA+mnqW68BN/lmbWvGWVmgslsJYkxq6IQruxz2tbvGpan+YiMG9puro9ppXpW2IZqGkWgXmIlLVSIWgnsRVslIRjNIrh2Hx0Y6HUZi9Y/+7v0ystOpQVBdpxSUoOW398mHgoh+AGTrH94oEdnJb9odsGPKbVQEed5iNlFKKGTEFoo/NQORVVQ9hCk3pcaLoX5XhmG3Ag/3uI7qQd5lyLSFTNIQns+4QqoPwuR3S6VTb6quOctLmJU7j4jSVKlLa5V9hbTvLDsMwp+o0oPCqUDavdJIH9fNpqrn7EOVqCNXcZ912YVVhVIGvKsH48bhZs8xD3xoEG0GetcGE1I2A5NtIwZAmF4IjVlOyQ6xhK8c4Clep5UEbE3PbwWXIdWZhUEO3JuPZrFCom+GEo88qaS0WE9k3mCNDxZpH79nJL/oB0bT6vGDdqpIhQ+nPlNliwGNT536eY1E1b4PGSmau33qWvQo9TH2BidlY92f4lZPhsNV0j0tv71Amkq3bq+BR8V09E96tbzUxWHpPlLLlhft6Biryl0T4Oy7JcsK4SAY+SfFbElb+2k8IOrp6830P8vdTAFq5YcuOlHS2VdEhmY9mTRzhOKXN8C8/3vTkGCu8X/oZz5Zu2gjEg1rL3bJjj8/Tx997DLzh4lwL5uYdWQdBipq+y/Rl+KyTi8QA6ZmdEYwapWKmJSLidQj9U2pOapSW3deTZd9mMRCERNuLOafrLIeJvD5XRROzgXk3Jh/eslA6DHS8gUuh2BFquTsshs7Tpzyu69/c8SweA+QP9bKs1aWAlsA2F9BUt4ZEo23kYjq3SAU+wcuxU0zcWAgy9ucJ9pQZM6tGl91iHLTWBUeqAkuZjg1yNU8I+Gd9mC0nWZm/f7yN1GIhfcKQRK3P3d3eNYgWe27P1UXTuW6pCy4JooszY3j7/TcW9e1Fa9htiute4UxpCw3sTcBgMj1Atgs0mHjbaI85dZbvfnBTF2I8brBu/vfRzxg93NxcQ5BHPd25Q/6Td1cgzT+NFySfrQF289v1i+u0nVJIlI1OSiD0dMeW3SP44CfMiIZmkYjtJobp8+PHz390o+T+yeKcC3TpmRL9eb4BbbvH4c2bT37xyy9p+xDqWlazAVp2cb4lsZ//4tsPHo71Dm9kT989E/zRpYloZQu85EJ9hp3YSrhUJyAY4ZwpSI55S4e5gq9JdVygU9W+huPYSJHCoNbzdFbjlBeuEASSi3aCJtiRP43CJT+1xJjLbTM0MVNqKBqJJa3Wc4+OVIX2EiGtLI4DcQBDTlGALAsv2sGNlRgaV3PRE1SoNwIeb64svn5tQ5nx8tkqDVz0RjjSTGKGSGvQX7gp3UYypjIb2lGYoGUvCUFyEPLG5T1JBvDmbBHkSoTVZNu9pE4t040wiqmYTYdHXShiutK4EUrlM9Ke9VhWqwU5m0QmQPG1o1ivOyqC8qyTPUpepdd+qQuYYwxFvpPRGbpVaJpQF9WFqTzT+amYJSZyzcdhvGcLONNUf5g+BuVgIVCrnqBSsbycV25OU3G0fYLELxwzF3ojqUqaUSyVkrIUdqwRH+hxAmrLJmMGorqqoZPPgcLqwa7rAWPKL0m9u3npAtrFkm6yCa9+rW1COY6U8eTXNFiMef0sSOMC2GcGXHPdR3N4uSa2j1YcpoO8Il4Ax8P0c/lOxirxWhfJNbZRazl0eBJqMGkqIAi9urJst6A9OJqZshBEJvrhp2/v3S9HFy4Ptof26s7TL/yc18sPn721ZP/iq4eX35fTcAV+1yBTT1fQXnU5saSIQr9F2I5HElLB5kc69Os3rfW0f4Bms347InE3WbF4lDorT14fBFo1LHlENmLggr4L9A3qj/TBH2mHpZNV5AKryYYc2BeA3OG0TCHO4WwiuLUrz28t46fn+s+DaK6fr8HqI1biNlMncOJkykH76ugZNHr63EfrWm9cVFndBlRA9Hesf3HLgjVTRzgKWl1e9Xs7T2+TS0XZZg0wETkQaYCKfKzx/HXYajw7JWdJbuedpF1fqeVSrHm+tDrqD7f/BrTpMJz5cvJHFw8pT73XwXBYDN15rXwk2qc4dAiMsL5znpt042uiJBq4tXOwsPyObHKEZCaEhPsCBTzBlcKd/LWehqaXyFy0kjjePql+cs+45eKxMF+QEiZAumpEGpw29LHmcKt2yk1ASj2GMJUdYw8W9kVcuWmdY1tW7m6uwTXC41s+uFqMzIWIWHvtEkjjqShCeGny0F2gh5XqCTh+SlCO/FJiTT98NMD1Iu2QUYHqISn044yUkeiNj0tldr2QgjW/D4GgKOXUrNsNacODIt54RMjbt0ZIIrvQsWgkfZLJ8Pf2c2MkyQ3WZru+0+qWQIij52uN6tGVRV8+tYbZrgOPm4DxZ7dXj7+A2LitXzBdeMHqtgBINaeDRUDc4Y8EfIN1tmKcSl58dadzwk+6xYNx6N1Wein7F1/fff9ffPjRf/nwxc++lWhLs3A3JgAob54dzykrJRGWw8f/fF16swvo/ctvf3LfL203wkzFEpgPUCzIkG8+efH5f+OzV9YRmuRRwdah62XbUyva6dSFmu2zinS3NWUPHiRT5maPpimWz1F93Zw79hQAACAASURBVPKaTilujhq7l6JMMMOtJ1CnswfdT2wciWdtBZ1l+umHIvDcmFVXTWc0NKdsBJkknBFvMGVz73VviNbPlwHogKES2Qp1IKF1z+zr7Xox2WNN2D0C+7MfurPCzSG50hSZ+iIYWs6pmN4ak6rYS1CoZ58nz8/54/cfrr/+aNv8uS8WQN5UGu41ZbRNdUtoVW5O0pMtRT9CP/zk47/xa2/cqeFEk9iKa9T7YbI/89nV+1u/wmp/1pNfxLTsraUf2zG8oo0vvrk1yP9//5c/ef/N7UyaS7QhDgLjYXGA4e5O87SfjQuteO1JO4ZfBvoE+vGvff7b//Lrn/zk9nufvv7m1s4f/Z9t+rp7v2bqx19f/vHHn/zo5xmXvN1vGXv5UuxjmLOmtmlq5gGXF2dCkM0z7769ve+KfE+gIqRemn9oZPf/u8/e/bPf+8aVrbpbW5P368sxYLfSw71x3uOH23/3f/k/+PXf/JWP99NqCp0VCOhnEFiz5ydNcSU74TvuoEebQntn5gXMjJdfFpK9xzkLV1/zE55q4q/zzJVsCT/gU5YzddprSGfqIE6hzxPtBb5C5+GISl7pFBNejljZLOvDbZcSSzkCyJq48U3Z1Q2i8uMmcOiN5iwaNoRZhTpfX9chqY2pAs9npNZgjtSSWKO2w8scM8LBbkqH2YbyFNpsQ0wcDFW7jnbz2Scf/gzfa2BEnaaXaNN5g6b2Mry++/rOpBlGzfiV8EQbS3jT3g9F3X5xi1AbvERIOmC5w2xT2bc/eHf9TnCFILQpCwIaQv4IxRaMkF3G9pEDDzT18dXNy09+9M58PKeCJQT9z8dStd/5e3jfBV54uV4TrQZkZFXAXV7efXO3BeaKI+6NeCZNGZUgO+mcz9KqKulROaWJ1I3swKooMRz3UeQM95Umzf4S7UgjA3y4lZ+zUH6qT8hKQxXaiQ05Z8D/cZ+8hpnKnaS+urnOYNz84k7I0aL8o30Uy8WaSJZCLLqFhtUQk0xiWuL92e9/9erNN7bQa6mdwOdTzAa3VAW4K2/J9/TGj3IxnliuquR68/b6/Tdt39tPLCLSJBTBGJ9IU8zYgDnXTzRIqD2BfI/NZ5EvKjyaV43/0Mx2eMejBnUoDXs/3nly8c3rX9y9/k/+v19//qkfe6Alkj36uQI3/N3HlS2yH/0U4H/7X5P/SPemH7VufcUux26U0s+an/7ifQ8/efHyDsj9h24SMzd09xwBP7z1KKert+/8Mt615KWVlIadHG0SdDwP4T2OZO8yc2aXe/hTep72utieKxSJx0azD6XsPL/BoK+hS1k5TZqEmNpm0UoLdrbqLyW7O+Pm+mtxyZSWk5pS1i6Xq3HYnZ93X+nTC5KIxUqEKjvev3PFNX119/CtMcf901sOqiLEiTDa4JXoCDSfaNU6DGRfVKU6PWm4xsBRzsv66KRkRPOsWfk6DaC16FWrS3Ye/diEO8Gx7KTUXp5p0YOWLwsBp3VyHcH67oR18rfhgCInDcW4CqGa70h3cKh1rS24Ea7sIHOQabDxrGZA4ys0F/ZQyAcUh39sp5LyXKkkW9a1XnCG68hZApquKTYCwUwErlUgdRuoVnBzDmRRAFmbCTB+G7FXd8kNYfL7RzEimyB9aeZL4Ww/SM5WMq9HiLbbUv/yX3n6K7/19Vdf8fxMng4T+bAwtGMOX+NgvDSQPKyMjRwknK3ZcTzfxbH+vUfE/Nf/4v53/0AiNG50NVNqm4xTOsG99Cka++/F0hXmKs1kSjjxkzqr1UyIqZ2284sPn7y9/nNlyYu97TfAjY5HA0iMZd78xp+zudqAbB0E7fIUzOJkZLZRFU7qCW+jjMaCIbQoe3X9+z/9vX/w5RfSKTfmi43eiI8a1FAeUzcoG+M4NK5VncqPJqvyT8hWsPrdLSKn/X7j8NXrf/7Vn/zOb3+TWlq3TlqCpu000GRHYUT8nkDjp4bFUT0LpYR8bQFOi4umKD+yUPn48PHb9w//5l99+z//n/zFb7+6ffnEvjMrEhAdQpM6P8bRkk8RqTInaaxpzPWHf+8nD1/4sRvLxmQ8jlB4J5Sv/hJ++Bx14C+W+1YSTxOnaOw1VXlUQ4st717e/IqfiG//TByoc0QDUC8p5gFwVbgvveg0kwoBpcq2fZoXNLtr/jMD5cQp/LPvXf03/9qPdHXhniKHqI9l8Ivf5W+L5VbCJkRcNp69+dnPvv7w2cebG6tjBvrINJRHBEenDxjT/KNc6cWfce64PUjAPn786//6D5piFcT+x/KiDPi7d+/+D//FH/z+nzz2gzJ6IAqB3LJ/vQIJPzz+5MPf+t/8RwZDS6LNKgnZ1AyuBgbgEquxNc2JCCMz/WI8rf3Lx08/fedi8uPTt2YXV1bBCp97bEirJH24/eLDx3+CNdDr9I/li6/8KHmoqvSbbOIwEyquzn+ku2M+edthbECWFWpBRA8x+tTw71y4z5mU67yf7A9Kge6/+nj3v/4P/1c//s1fq3ftV7V9ctGMg0AKe/Hm7usvRTIOeMQc6BIREY8LjMmQfCU+xZfCmoflHDsqa8VrvCfAWqYjx9HspVXIvI+oajMoMXZ+0FFb8Al42uwTQKGgcekhm4Rp9Dyn64uvHr/80p6n5uDuZ3CPNSvHVEFrBfLV1TXoFisWGJoljUuD8+kLudGMbzuj0IQ9Nnh7U91FCDZl/mbDtFIu70AJWJ9NlTIavMovSEX90/d//MMf/OrnZmuw1dO6J6ThSKYKxYeX//K/+mfdflIs8D1D6mrYOiIWeG5f/Mk//pNcHWKDb30QP2r9n0a62eM3/upvvv30Ux47X02XU46DGOyEShUWKlUmFBoi4Poawl/7y7+hJN1kY8VnvpRYehp0f/7P/ujxK4ujbZUZXHIMTTPkb754/0dfvRcqxyh0kVchGq7IYuN4QGc7TUnpKBNSwRhG+4A7eO53J4rqIGeQ81kgVZqSjeM/3n68+8aFiNRvi41KiGpqnhum5PYVfwq1yn+M9SyZKfXTGG0/dciSAktd7uUs9e6Vw+ek3CHTQJGx6T7u9cF/8E9+akMd/NzNIHpbIsWmLARaPnn91S2LQxkDOD92GFddhYPPzUKqceF6z7SQwRY0001cF5gFyqSOCbhTbTykG83yCCWrVOivjsY3mH3WzRE968iELcAtvf389tXf/u3Hzz+lMHtp5Q15puThp0To98vb+//ZX//xX/vXb77+2m5Yv+mrE0iXH7qp4aNtiF88vPxbv333iVmCgJGBBJVBez+Yia/mAJ9+8slv/dZf7nlJunQ/NEENci3xxnm+NHECp5zUnFCT4MjHtY8QR7rB42xeABbRJCIjFF5zmxO9SZ/VLr44baS4M6iSjR8/3v740/v/0f/wB7gSYGk3ZZXdG8Ro0Gtq7CkimW/NLwxWAih/iToueEbMZBeVrgfWo/2f/vOvHz58r1HPJcvngVECz2hrWfvVPksxqqiNlzECa6B9xVnz5+WfxZqSvNRHLA3JwtV5agt9R9UnQRqdf8t39UoxnyvWRSdkMhzJE3h/Ut/6//TrXyN2cV9fcKGNgR13HgsBZo0Sx4mlw0xMnu4D2cl0xk3JBXzsQkAbxTRxKx9S5xkAk6khIivuII0i4v8SBjlSwmjK/hdI8PhKnkXCCCipVMkhHdcdDzehNnBasEcgaw3bdOK8f1DjYNXRzZLr/Y3KDXHfX719+PSlX+YE29Uv3tbMQ0inISd9J9B060DmZwa9Bdh6Fn5SNqlpYL576Mf1o5XGp8cf/OLF65+0ElMsqTtAF/VHshDzPVZ3lKydjj6ipNP8iJzK8HKRsfwVI43ucy/EcRCngASWTdXWHbfhT1bgHynnONQWQpKqVZA8jNNF87QNbuaS9+r46qvV9MTFOrpJIqUuTxy54isW6apsmGZ8hLIJmQMtEzRTWkumQPsg3GNgRe3h08++176OhnYJcHGB9mKc1Z/YVnp9xnhSGCpMGiUEHHl1K3Od/kRPp7r6D4/vbLV+unr/xVfWstXp5jd8pLd6a7bzc5oCRZhRD5YbXnTPRhZNNyj5RQUHDUbiQmE0onSI4SILzaHiw1nWSxvsoSWVbFFkV3d5FVOmH3qV1KzoVl5q1kSCjbTmQOAp4/U39Skvl8UZZ0jNDYaiY9QhZ5Puwf7OAVhjti1BoowKmk3J+p+HHNYMbZoqhOYYLgsFhNzcgVd0lh5sIwpzusWfUdNEnoG3oTY0+XftA5pbxubDnCqPC1fJN9VwRGsZTOs6th08drta+feTE21aaJ2Wp3SZG9dEYKnvvbmOx9RCTUrGAW9mk6P7+WNT1GaI+xOB3Y6p+o2Y1rsJ02v6NvLkr6azNC7hu3rm8h+e0v/ESKMxPF0glLZGuYL8ekOEk3ByVu6aHxGe/8GX6+HbLAY/7679KA//mrFFmA7H40jPQ4rizQ1YV7/8+S9+/Ouf7wlZ7xGeCqEvVnStL1/c5mlt241NasZMrEQRRASxlH406lVDJTjFRpDe2TYLwJQsnAWScK02iCQLOA+fkQIdcA02VsmxZ/MQeUMIR8t1tfVewSpz48bO3nMWKhfgzRwhc72nH1lwGN22ZzSDj2giMU2R2d4cixZ8dMpNy4fjJqVapr1xkeobCh8mYilRZs+U0P6OuKusOgwlZX/hMyq0FUvB3B4L4DmgXnHC2C7oBqKeymiZrGfGZ3DIOVD3Yg1nw9JGIwhB4jhvmhn4kX0mMVN2IOsq0IgPIMCCrXnMOfOxAUqqbHUKiRZ+7U3Foa0e3EPiLCSjQAtO5DmJDoGsjhBbBwbgglVZ7orbzUwrjmLEA9rJhbivKFEwjYawvq/WgccobvNnZUTQlDZnxvCssa/EzeGSpkozZBJnFqoqsEo9DJ0fApgmSg5oyQxpsKLoFqdd0FZm5kVeeNJ/kKO2+T7gGGzpQEIQnoKGAFOClp+8vbqd7+zXaPwMiFv/oXPzD3v2QF4msihOY61M7cq5TnMHCUmCFpViiWojhP4lStWrSLi8KffIAsHgNs3WDjOczslaBphifNSyFEQfZNqKW0VtyCGt0gbrpbgXn72xz6DlKyV7KhBkYD5aKP2BhZMPL765/fhgoy4Z3Ku1l6cJ5Esv7H78eH31lu1tRMRVz5Fya8XjLi4BbxnvBjf5ZiE1Pos/fKbppN1HoncYh9k2l9as8W/z4h7xzFtT0wTPaEATN2k18jfkTbq0nD8VW+iGLeQ+nfS64ClaW7UhpJm9p3zcFTqZAYbgfaTY0ls6hiz6XoWRKeYIOSWZY66r+ehttdfQ4Or22ztrjDSteZkl0x4kebpms4DWsfTM43GAmdJHTWpzEQORQytm4gitY/7SXXSwHCezbkIkcJLXbpr3WYdlk4UY2XBkwpWGgeGzkFQ0vS7WygpLWXRQ9914Jn9N/9E7HE6CDsdjpfC4js616kkCDXHEAp24ccZ8Vm/oaYXpKVjvShJ7tg7BeWmdcooIgVQyJG6AYYQ78qcxeBxHM3Jhy7ma8ivoM5XUKsRHkMBzoTJKhl1NH5FMBwcVnnXCQh1QkRAAJ4kJf0tvNJaKONkHW1s8PMS9gT28YXfMZnEEw4iEk5KIF0Vrg4F26yrXu6sfp/GUO6QNSdJKlSeLy3n3dZE5U5ZL3GXBgy0UyZWag+ojkoM7LhkD80vMRRDpWAm0NtlAP4kj1Sdr184zCOMYM/Lv8ZQk0n6plSbwoR66lkTrVJyB1Citq8/PGip5ErzRDVqj0Tb9+pwcFnpeduE7noYyNjJPMlFb7qMu0Gqqc4FCKnN7gnU3u1OE3zarNpNJLVnFVpysq1/QgAhKsK5Y7g7lIraIoNcz4pwjtXhQCs3/Y7zLEW89LHuOVTATLenSqYsRCSnbEjath9Oi9dhPVwrowlYqauGTZgHbL5f5CZ1TgerAhxcOs4i/SUwBKrJZtlpYdqogWFxfmjWPqo+pM48H9RF4hgyaPsLA09JPpqukRINkWk9jXS1xx7eTnp0kJxN9+s8UfiW2Y4ecPjbDn/Mh5r/EGFZ/PGJFIPDi/oeuEY41aTKFrLFv3UQXZbe9IP9MsryoAUMj07wK0ypaXTWWdq29mxZidWgAtzlGT/bBDwPzArHiMt4SI24MnvROFkDanU8xaMPMsVxMiLP079U8wNkUeuxBKd271k9QN3oIJ/9ZUCR6TtVOCd9JPkVgtZygfatf3T8Nc/jnZul39jvujriwhyinJDZGuFFmro3SbguRUjMrEmmqySnHRC9npXqe6KKEtTjVEJmt3ZmdAi8SX9mOYntSUxzC0gv2UJm9cmBo8iKKpO2sH3HypmXfqkcq+2XUHHEHMESMNIDmOnGXb5UJhnFVqmFInskUyMHqszJ/A4ni6KapCo/3Hw+C/8JJXPnjCS92DY93en5XK+LZE0vUl32gyJkWpCrC2QIHTrwzRIWxnQD9CFo0CXZRQg0Sv/HJYEe+sqio5OJWCVJXObxiHqgO6qmFwYzDQiGflv08bHZhkWCtLzAPNjXMyWvi2AuS7rMKozdVXkiu72PtRpM1qx1jZDYk2Tn+V16TmDxgk6tWtmp0a7ty+glLPOcGKmOc12dSr0Ozyvw5TACwS9MpazkfTK/xgc+JES9lvlBodsQbhwDUVK2KF+d/4qKOLSkj78Nrquis/sFnNVhQnnXW1wlV/UVrFMX2dAY+omchoJwUWzwznHEv17W+UdQTYCKpURGPk0GDmN4ZxEmiqpSjlL7ag9iUY9gkkwKTUD4jY+ybbsQkm9YHtALeYb4KhlcUN0knRcgVg4z1WQCJNHheiaE0/vBRRmpyOI8ewBEpTstvdd5rjFPcwaedAq+codyExYavtO3eg4cX36rhQT1yQOKZZeWE+3vphQjWFAwzOuQh9/eP3W60hF7abAnYgw2oxdr/PDgms4RliCzrZDecONhMUlEXu6bHxjedwpbXxmc0Sps4mnV9TYT1s5TKZQDGy4EKMuMdWw1gDjAlVhzKapmK+unPSdrn2951iczf8o3lrW9f2k/WRCizj9HDE2T8yIyICHPXDs50/VBXGB281qzWuvPS6s3V61tOXRkPNWwoFcRMDPRGIOSjNl4VVMlLSmeDOxm5jrW6WtB38hzi0cuBnaasLqCBSG2rH4khCn7Rw+PakEyXS/sH7IIMsUuQIJRydLTQl530cTTHTyWNkE/WepNxVMkox/PFJMEY1+cHq4uveOjMoe9VTNYZ/dQPPtgAe09lGb2itJxbFlYxMt2vIqQL4IjAXLMQUK93gXfBVerCNbvkCpFfMA3x8IbpoIxgNMosJ1+piddRYKM0X8MYclhVtEoqtFuoyRFcrMRmOVj8YwRH0lwrUMwAbFJqPgdv8eD4qdpLauZ/47X0JliQd9ePTPDW3uQGSi4+1pur6BLbgRhWRc6IkJ6OMOhRSLo4fheRxkgptFQTbDEGPGc9rfkvMHXF6oSXxY6wE7ghbnOVkJNp42nic1N40o02DYHCiiMq4nyWBxqEiBQZIeEjHWXw+Is+krr7ElmKppZpuEjWl+OtIUwN+fTUiMSGkW15Vmo5owIY/QpYvNRwPtIiTWiULSfHoqkMuhf/LyyxGfPAQkqCbI2XngODL1c6/apL1K186KLdICU3jkkO4IiO4hmhAj9FGCnqcU/XnExLKjIDUihARc/Jz0R53rHUdDHrVhU3DJPnOAmo794qlzVqmg9OpqTgNZY3fCe+77Q35zqUlK1k5sH50Ip+LNNSy97V1zinRsOreen4xcW63pziMF3imDl9zqGwmMNB33eKmBDtStoNLugzE1W7expFoxIQDbAHnQMeTGkGQhGVeiU6vQVuyGyZ3xXtddLJHrOv7uvBPr5561Eb/KyOz7DZNYHuQllIoqiL3JN2RJfhcvvIs16ubQXLkAuaaIHreULkw8LG1Fct4dYH+zRps+4+8YuhEJAjobY8oQss7Mum9FIvUN4pHSnoICoFwTScZrRskY5rpraOjslLJYLeeaOWnCg9Y7GJTWHgtLAyIcFZvNU2x/1ooU74USVRzkH0NW4vNOyJqnKjYXj6I27/cyzNFDw7HFhtRvospmg6vvsm/gUzO4c5eUM8lIdS6HsleHSrxEr0vE9BKA/W2bMGQNU2uqhIgQFofsCveijS3JFHiCZKUQ6tv8JK63LOMEbxUhVnJQE+pO6Qi4y01YW70z4+FLJGMZ0h4zFsiUA9wIKc81cyB1fPoEMRHK3jUWFjNzeMVwRvlgx7NPHZ7UPGjBm+khhNRcC6OAmDeWXwV37OjUyM68pWRgw+9GsW42jS6qkIIMuvgKoOZirkVnvVsU/vweebolCtD+bJk4Y3d5jWy+MV6XhGQtuj2jkJakqza8zkqI4i8KwmLpKyiMd2Y3wKGq7c46LH1Oqws8PDUI2E+DwUdaPJnRBiYMsscdRPUIFAZ2KwV3k430rADFG20aHVfolkthRBG6oF1X92TLaYTQe1X8Y2XG5L5EUZOGhxgQs1t68BsRpPJ517P2K2vYSt8oTP2gE30r59ldk/Tn3UT/edZvxFLE+mZzDZFGxuOPWtHE9L8vsOfjpDrphNezkWOfzrYNNMZyWOwciexhB+vMxVEZNRdu+hfC3zZDo6Ui65nFb7fejXr9yyFROeCOLJByal0YEVt/mERTc5B/KMlpdMh24UvncLU551JK3RWGuMXFYcCtWVghnTdW+0OQdJpxmOBst6kB/HmaK4x3y9k3idnBcJQxV4/96x5YXeIeOoq8BJ5BrXh7urF3cWas8C30mG+2EMcizMw1PMPDOK8bL3COMs7ImVUJmZr0RH01qTZrdQ9wNwhwsszbRgEkBnlcd+x+lxBOeT7vDtcPS0CwlwJSM8KYvVeiUIc5T4yW8OzthT0JsSD6non5akIpZpwZSvE5n9wIGAMbkSlBvBnj44T77x2vhz1w9DPvRoD3b0O7QIlxlUOgk/LOWj2Iin3pFPeehe4mScxfpBqn1znoO8Uhjq3Coe3tKzPB7xNj30d3wnB8vzJoH2ii0UMg97VGolIMojFLZA4umwFaLUiYvKqgV+TJonxIm5IBW0iDgqNN6NnoV/D6FD5i7hTh136Epu0cI244mKCYMHah1Px2VF/xSkJuH950ndQCbXxYI+ymVJHcLjfdscCqaLINBDXXKEN/ECP3WLoiPExXsbgzRmgBwLS/0TfT5AXjxOB4SPP6GHTv48nIUoSSgAUUK5G9TPq9oTKY0ULeiBLC9iusFJa5+VoQggB9WnodGtBUG4Ps6hEWlBoQv0y4EtgKE3adS3i6P2ck2De002DOSp0hOHzBUUYtl8y7qwBoeWPsudlP0ocUvYcu6HEnRjo8nR/CVhjxMccjWk2vU0BvrqMWVQrMQlGgnk8e7Ro2YMsMnED7w2+AiQtmDXSZcbmRljmpCoiNpkyaRQmeVKjNWnRC2YGdxhDlEvgSvMTl8NB9U3+gSP4TYX8hHnJkT5o9NUXNKcy/DCGY2MrfWGE6+UOUy5I0yaELsAMoc0ueqScVzqhJDpNRCUE9EICXdshycODJFiSo/xwcfxAGMlRM5a/YxrJfFnhN3iALp46qCeMzlb3Wc48Z1zxOT4TcBw5tChV0tE6WVrKxRIT9ZKxdf0OEam5Sh0EJcN9F3adiHO46sfnXL/HprfBIlQr9upuoisPzQKFG6DGdOcgFW7t3s2aTeHKNzCDq5aknelc00aqblVk6E3Oid7s4pcovnUmVTkKKBjOtdHgZLKr8IgbRe/iZsCRYM5xkzXT1Ksy27+SViBBtik8phRi6xGpZkmF031cJTc0zTONi9YXc6VkpfZj9pKNwt2vFXilBp2fI5Wrwyymdt5GArJk8hqokph447DAJwhoWQiMn6OUMoLMRcP5xjtdMtTA4ivVaSZ/jJILsQ9g9fDpjWOknDZ/6hr7YYewWkG3uxU80AUU5vC41GQHZ5jXWG2SMLxt6JYdjb2mQzxwijHAn05zZpaQiYDwBBKQOLC+jANIb2kQSvFJnE0jr3R7uRyCKzxYsIiWVQWaI0ipXyD/lRdYzLjIIcPkmmTKO5GfDBJ6TU7JJrzZAOeAmDokzrzlhw/nOKP40Yb6ISqbhR97gAGzETtvNOUw0ROhTlG3p0/xE7MjuBkHu3OYzsmolb4ZEynGWxzu8LJa71FpZ2ksiaB0Y2UxMrbRzLe2fUoNy2JYekjN02zpobjLoJbgMvFdMfrL7CpfGJAmyQIpLojw0hDmB7go2qXPGuf18F2X+ZNei1x1Xaf2K2Z2O36sJtiPe3nuGBeU5fQ4Lq17Q4wWKGSXG10xlECH3tkt7nthD+xCHKvGqaROACWtlPE5AlnKKBr2tPAqSFd0pSfqqXhfaqVdkvqGrtA6upQPX6POJNBITVPuH9/rrf6BRUPH+vWdApJCUYPljfYMYO6PNyeIlbYPKf1FFJn16zpuyvJDSKVwIsjNdxlnTIphHSv6sqElNVoIgUk2gRNquPEu0g8+WMcIwWXV9pYydD4yLO0mY6qOOrCm7sbaKTVm1ae2u6PKsjlajlUT1PaiHHIG1FqjrOMc0gsBx2MlKBdDPsv8pj7xEsG6TiT1NMl4uK8UxUBZ7X0MexA8TgieVd/gfQflpmxtvkODstvGCo5lhnHZf50DHoaha5+2Hedw3iDEE34ygM5zqbGBD1j5xRmaMYd2NxOFnd88gi/J/PAiuOi7BZr/R0RYUxILfXQbHz6mHCDCaGvqoOaFhJ1VQFzloTA92QoEIeeHbTUQIfIN+W+0gtcoxzCbE8u7DhYm6hXsOQSJtXwcr9WodXJm0Cm3egkyDyrspha4GUPxdWOf3Vz3fZBhKbxSksQck50u5cLdNxrZZ/3050OWAeEjQejYIssUwWHBF6e7L/Rgz81LFRvcRi7UER3jjkBGDBWNjipmP2K2xgsk6ZcaSVkeEgRDe0Vn0Ghg+GqAV1TQvbPfWKErnwNlW/harxDiAAAIABJREFU4aSzyR9vOW7neKwJEnlB6mxsJGraD+/Fi9NPj8WMw9FOukb2oyS31HZayNtipKEleP8SSouylroYEPLE8IpyQ+ustDeCLd4IO9MBwmR6CsZm7upqpGQLZwoHiAJTQQBOw4boQxP5SZXS89n+k3bvs3eUvLjwy6omeG7H07nctrbBqIm3ZzuU43XV7oJ6oDlPVOje0+k+O6TslBXt7Jve3JH25uMb41e00nc5MdLp7DXZU/ICNV1VAc88Bpt1+dGWc7DWZ6+cEJIpNGYybFh0Nopdk6XMKREBjZORnulL4YXE8OTOl8oFFQNkAwKnzmkmU0THd5oXV4FkvXlcwsZUYGMu/SnDlKVOBpIdXBXhowVRU0uweRR+kgy3WERgEZozZNyhigRJg18XqyvHBzGz8NxFh4/CpSyNLXs3MLdtq2tDu7m7SSlzuW2APSjHYIg4qSE9Zh90ShF+BRkEzJ7MOGGptf0zMAlxhmnGcBFzRtvznPQBPdvJou/CgQ11pbukFWpMpauZd4Hq/DidmnQKadKCJF1bfXhEylSUEX1rCyIuE7pWunkLA7FNBGxhs1BIw/1n6DZ+sESLBlr3mrJ9GWJGcN4YyojDVU0ulHHUhiM1Y/c4Y/C7Sh69EZy8aMTq2kM11kNCymENWXxHRLModziCiVXUoqCKapMoHppuOKYSHUUxkRcQLWdZOfZoRTTw9igkRFw4DJezI8Y5GP3YB9+ly0KU6/TywEe/Z6cRPziaCFHs+YMOJNrcyDFGU0wFDkmkNPodAJZxyMJ+r29Sx2ZH4Yip/nPwMI49Yq7hBgcZGAYlll3jMhaLCLISXVc4RR2K0SZgzGixI3AUsoS7ktrPhCMB7dQ/NiBPdYqgHmsY2StVJSAMY6aUTFofXvimkEh2rh0uoz6TzXpBBxYWxxpKQP4lMvqKmuhIB/SnIGD4nG9o3EehnzPD8qyc2SyvTp518LCnq0ab4c7ly0c++4G8NObdbDlsY7qv6ZxGLTkpgyvmy8e5X1DDramslWQf7DQzpm/44cJjCAGQoR13Rfda8Ef3fpQdPHyMtQHDk1DYjrdsSGPF4FjIPY5Rp6I01fAx7Ol4GgFepcI8b+oavyvKT2IaJ7Mw42THQ+VCKO/MNgWNrNdTUBmrHJOUlfpoujoHbiVL73v9+kUPGU6X+lOqLezaIdmtz8VYaSVWK1fQzSRBRzm0vL4J0Zwl6817JwJGLiovDRExTyit1GpRPHsU40V9IaQBvFrRZYEaiVw/HzhqoF6HGTuMJxoKgZAHkvpSEKaRiI90VE8xtNNNOQwWgFlNfWd00ilNwHM05ih3RKYHylPiK085Z7bEyPP8560O0xjt5e45OrMnFeQiuVWcBdD0FYedlcsTAXuHwEXEyIUazhQ1C8MboCx5XCbu4j6oydFX2EJdSygLwpRgMFOuTGL5U5N4qUd0llv3atTAG3R12OYtJIp7gQlLhgk3VtL4/i8fFRjPnfJAxlWM1yYJ4ktpDbUXDDjqtLcYbLsRjXOv49Opwn/3VoeBf5ZyMVECCX2m0na6ApGKNj8sI4RU6/oJQJzbPMYeNmowmqxZbER7raMTPB5RyUeU70PRPAZmhDZf1rcZT6RSe2qvrvzMTrShS3M9HPfJvdBttoRk+7yTaULGSlRp3QGErICjAnMCVpdKKk/Ny0kqab2NyA1BIqW6PoEaYBoZ1FEIybNsqgqxXgBptklBR4mN94Gi1lGKujTlyskYeGCgcbogH4m2O8MLzQbgqK49602ixtnx7ZMcaY5bxZFI2Au4wDjRYABT3giOKmbs6OGnXBje/EEz3HqBi3lHF3XboVhSM/6JTBUboGkF1yHY71XpANCzB7xg9jeUF47SQ5aosXJ8+IsFLZbEWQ6PTbK8+iHI7HX/eFfeZHq3gXqCmq3y6anGYxp999vVBe1XctHir6IVjWXfCOh/BJbF+qbVKS2nGAMY6nrIGGtVhmyYyHghSJljt/hN1akQQGBlm8HpAvsp2/SG84GlzHQcmBhCqReKXWfK/TpcUdYLNTIrdpBU/o7vAYpSqGOyXBR4eXDsoZj1YjbjxSx9MLZU0pi1i6U0Zm0BAC1SyV49j0h3gzsFGrP93CbnjHqFhb2/rKQ2NnLInIgQXdeOMsVIEuZj/vpNN08FvSdkXgAJlcknSKWOYy/6e/L7dCbtTCn4BbWbxBoVgm8CMM4Etxg0dVAcju6aqz00Yc4SMxVsHcpUmUW5N6ZbqHA61W/sMegLWOFDGwTEe3D5T/1xPUirnjOTTiWCBWAEAG+MHdrIA84quUCXdGhknBvIKGebGC8jUL0GxtUxlsrG7bO54BnqJNJiDQBO0mPpvGJCRThDSEq1Nvnht0ZEJjIxryn2A0WXOs608lIgRuaEQjyAE64UEItnPc7hrJxPo8gd4GxeBPMIcfJNMqJd18s3ZjEo/IdTRbrx2Qw2ccbMuC2HpfBYTX1sS3VAz9iBi6hTtTKsUlLHRTCtw6MRzc3l4lPzmA9EeWZMZbDFu7OLP6AZSBaOXGPerhNramjmjZ+0yY46BZrgzBZO6RKKez8R0RJy69uhDksEDk0oKkvOZcxUUJF36AN3XvQdQdLu/FHdAVx4TgOnWXDpvrEBjpx5hyg1HYTkzh6TcpY9LITkclq/Gel5uEMtaxEKReGP//6Yl8medTu8IzTFRz88mOHMcVyKzG1SAQ31nTXn0Y6M0E5QjXY8GLA2sYxa7IeOCnJULDQSKUoyVzBdF43XrZGffGN5pqvwHAEVI4ABLv1laXYr/zjniU0LwktvEfJWwwpdciwmmtQOwbiImfR85IqbHLp26QefDJBPdTrm87da8tiNH3ZWTggTEVJjgA1S2rzp+f3doQ6huWj5ZajKA0h0lb7VIo3jfH2dGpJev735cCWPyodYNgzb4C/dYTHbbarTlU80yuxVcCKpLk4cgFGbMkQbLeboF6lisHjOnZWDX0FIOg1B4eA7F4v56lNM0uc2UQsI/kHXAoiaaXBVhSjLsj1ceQgUqQkuxzQTtZNFkmuYMX1icwKl8jEdq+Wg0ES1Cqo2VunussNDoMZCalQ1h3/ak2cdcjT9RURF9oxf7rjINF3k/RrNp6ejoZygFcOQv4YZzACgcbblZZq00JQqa6V8VDTLZ2I5BafOcPAFI2QbKt16mknKabn1fBNYLgCftbN+KxoHFrUbh0g+CECHhUAS8/kVqfTjEnW+p02RwRliwFmKHyt9LpcKCY9wmKlb2U81Z6AvI+OpZuEnZDfIKiQSh+dBZCn4wKfDjnhmnVwxnr9rpSUqk60IV2LO33PBhR03nqwpe3ZKW3PT6bk19YkAX5iyVjNgq7w9rd7ylGfmunXQUVQmQXMXtC2JI6k1KozbXYMZ/aC56CyXG+bRjtK8Jh9LYO2jWYdVFeYVQIOHVrBZMKnBTI3J2XJVvQkJKteA1qfBjXlqPoJrlCfkCzVEMmjeEa68Rml4Wr9UPGwlxdQV8lg5RgxJ7tKwRpnlBRLzjwUyx5qTZBpotcZNEyHDmGcMZYO5KWY5LqVAlM19jTqsK0k2NemUVmofl52qkeT7TRTK5pHGb+TAvYdwk6mESTelZQfsYl3G1YEephqKQ+m4EvyloRw/ZakncHxAIouFwE+edYGT9gvpmDXtu6uTkYJ7FGNHr55u/cwSKyX+LmjUIRy0kjHZ8g+DvVxlj087QzquksYImlxHYZMUV2d0korUeuEtPSUT3jZkyTTLo6oN/T2f5mpxorzpXIEWRCc8IuF6z6Z4toeu6kQOTeiDSHmV9n0MQpJ6PppxDiW8+Q4oqptTrV3Kis9yfljZTElWyF9KPXu1DUzbhN4/4M2p0zmEuVfkwzM3PdyMH0yGr3i3nAGGCbiAI/HnVIZA1O4vi/7makaJGOaazblmjWo3k07ZR2bzEAqCtMWQkUbXH+4wnBEx1jreOoupZPE8sVIDprSeQNiXihnw/OVRibOz5bjUk26S6QKTmot5GXa9N4hdC9EyPcHQ9DYL1Uqvz/XohturoNp0FkrKDBRQKX7os1E9Demiirn6DKT7VxfCQELubEDjRcMFZL49Bcyu4UgPs7kGtQiyVZO2K+EG+QjAKKPncWKhSMglTieTMAlPhDkkohFmF2jHdS5OZ8Rp1gPJ4DoHGnCATTohqbOpkXM4imXHyeF76EJ00pqWmTmWun8AqKNnLYQGtsMXVSZIiX+FojpcRQEA7bA1jTovf0WtANlhzCZaKclBzpZCoPKVYnaeyEjEk7Zh7uTkSfnBsyQ8WNYl+FZb+V6brEBw7qgFG7D35TNpw0ScCeZTU8rzdV7SRR3oGs/ccVNWjVIs4WwsQ+Is5msMIPX3GillE2AlkaiYjmeDfRwKMTCZVzWGw5M1sO/XBta5cL0sH2afKNd3Ni6fmZWiUN3x2eQu3srrQn6O1/MfBE6LKjJr0Y1Ivpgu5jH1av6nxlw+YpN3npwZFc0v0mbSJT7DqvAv+AVfyk9fUk3z0PS4y4pAaMqnmPSQvJ1ywbrGGqfBFFlBJ9rBS4QcBlMDYP64rQ7tUk4VNY9gSKbLPgel5Tpflae+Li/jula9feewhYsAY4IMJRc7eWhEkkzziX0aFx2j33wIbxzauPaVta3ELG36QtoYzIjNiH9rLJEbgwbF0GUV+NI0YAxGWqOoZNnuIcgvnSTRYWxHgGZ0bYIHMMYchCc5kqb4GLYa5wyhOCSmt3jZn8L1H+fkAJI1RPmD2saQqTG38Hy1gcdEryQYzSQCozzrqtwiwhlz6j5gFJNm6GsT/7VNqVrRcVeJLaJvvDaO2aZuRzp75cflw44UzBHZ52QZnpWhy4ljqnjpAz99w9n67+7kwFe9oALDjrIy+EUtOMCGZCWkcvOLe06F3252I/4rV8YatDHzgp/LYaaU98E9RyWKFjtTOm9FCnJMcC3DKLvCorPXjLAPp0Txmxc4GFud72AmyHbOSyV4D6Klx8brced6Qyt2OC0SFmk1F7FJ3CKhXbvdjCIbij3TEekYx9MjBSZJzjVlHvKIKZEEXnsmoJ/kdnXOLYB5P/LpSHvgU1fj7MxQQf9kWIZxCNlkFfO2vGP+6e7a1vLmRwjkU5lFnCgpsNtqRO/p3+Crpkmzjosic42cOd3VziE4hQJuZl6A1FgSA1VybqpWhEYrG7PALtupHeqM0TDUOf36X3Af1pFIxIO1vJJuIpXcRzJKnLhjqSIwQbB+J5emaVh5G1wXXI2SQKYzeCiMayUfcjktT0y4DN08LYgZCT4kckEaa2Up8aNYc18ETiWxN87DFaKDt5MSQThpyHc4LMs3f2UwF0hMB0hZqDY2jnt0gkTPvZZbWXee7pdkUU569BrhjZvm+Nkrl8KgTsUwk0Wttry6dqn3Vui8fuNng7MbPPXKr9uWTWv4l2nZ6v9P1Z80W9K1531fNaepp3lbAiAgEIBIsBEZAVmyxLA8oRUeeui5v5K/gQaO8Mgj2yGHHeGZ6XCEHUGJZEg2zZ4ECbwC8LZPU1XnnKry/3etPA/g3OfsnbnW3Vx3s5pcmTt30y/7ph1c1z6n9ilkt3d3Vpt7nFBh/9jTOWrP9EUUhJg6gj75PCnNOyBxXXG1TCQ4Kk1BtateGzo7amvBafMhi16LBok7s5usRKFLvhis0bazaeMiUt3khCJsqqIJVyoqF6AKhZSj1150M2WS2ngJZcWGGRFgQ5I2Tr/sV+HWMUURe/1LbZ6/MQI/i2NeJiRQ+myprgAh6s8oloHZvqavAbpzxArEXa5ptHv0k71B+9BVhXxluPKyx9cwMYua6gJ4wtRFNou36nQ+dCUNiN4sheFQPn9Ds5lJjlAueSXF8WhoS2wVO3dN5nWHnYCiXlD75BrZFztVLaW/7Ob/GBvNy7zOYbr6BAtpJRKw8fLf4Es0GRxJwHg+g1yhKC0BjD6A+I+Z009VYpw5TymT+EMQh0XLWAl4wj3fDUKaBHSUeTVB9c39LKrVllf7ck7Ja3ExnRQE4UwyYZzZO1VITbwAGx7hS3PhGY0jXXpaFdPbZ2KiXCk7w6xrjCkiUiI3sieh5lFTCoYy2uFsLp5jU1Bp7BSHoWGI7I6Yrngli2I+iiXPBsPg5Pww+R8a3Rcvmg/XAS4IJpPJqbgYrJHl/4nX94WLAQCHg8ph3zrXsS2Bfa+9bxpp1/VahNT560mTGO81xw2zo94SuAOePqW9D0IkVc975PlTEn0fO+rz2cUHVuKrZu+RybycUKBNAzSUlacqjxGiYBDYMvkg+a868dHFn1H1w7Iog3oS4PrmtFgPZ5klLh1yz9Q0p0yQF18eIEdr+5xb4iz+no9hhW7eJat1xRgaGHSfKVlLSbcvbTVspMcKYxE4KRAfZ0ZVdEuGQHTvsyBrMilx0yCsATOIxBftGkTDcKVHR+yBF9xFMGHHESERsNomJzUlLPs4pSGsCulN8YlJ0KTaCCk4qbj0izefIUBKZ/vIESfSxY1uRzljX3ctyb8A+O2U1L963Vr+yx5g2vypH4PrhzI6p2kmqBsMRjL4wugiw7peGjL9R3Kb0rWwxZOdPOwkzPS/M4GCF5IW1FrTSW3cea5h0M8vZk8l/Yl9rPN1duSTE7gzwm1kqiDlIrzWy4szlEgvW6LKHW5nr3uz1gDC0JDPF3PDhAO+Elx87eh4rWjqqsINW5jKTiVkpbURE4hKu60n3immivBBaSc6U29WcBtlEczOONvRcES2CjHQ20Qbi3XJl5/6CeKXN5/V53Y7bDhiZeIz/g5OBxQwSc5h0Br/DIAmFx0Fre5J8kHm9h3ZGrl/3sRDkoP2sqaU7jMXpi7kkdbo3hepJq0NmR7ilL2vXPfunKhH7fW4yR6t8un1Y886bwrRJKeO6G4TDN3SiEPFL2300d1yVT5x2Ji1IZ0FKHyktYoOhVupCUTN/uPLu8e7L191//Q6XI5PliA1b9sJS/0BqE/9msk73zh9k3+aNh3JyQx0oaz70CfzFyxH8rvHr1/3u6OfXr774EnexaEkT61eLHcvlOm7smIZk9rU6wzm64YH9tYn+s5q8l//6vHdtzmzpt6xCL189/7hvgHBTE4bTL4zac1Jcmmvy6Dsnu+yj0hpkl8MYVTGwOwZrzES7aCSNq2qx9D0IPmbL/rJGPPN/F/HFw97L77abTIZ0D+HW5Q7PUdHhAqTZJWd0yEegB0R9qpuFMd2dNcadJAC2PM35N3OGtpxS+qkB1ZgObLuQy711j8UTTyTmJDuSnFDV98o7wyqvicD1GfacgMCZDBeyc5PgdMnTFY785oyJyGiVESYWEEaml2Xza72Om20BprUTPK80ad+wfbOc0dZkgrpdxTQmBLmzmfJTJ1cXc7UjM3I3j083Ny/+v5vffbu6xd3r+5b/6m/cwbdKen7x859b7r7q3TJrqZsPfmhL4BYLDlQ6xDqYG9/fvvzvHv7Jsw9vdQv/vTrRdLmw8e7Vze1t10+hi67dFgzPDNP61ZsTp+HMyGcVhqQ9FanUXqXKzW95inMjqsdTqrXLtmbDTcpTGamlcAu2ZAkl1gfUijTIHZRJfykE5rY2vJQ+wOGt0xfbHCfHmjH/GgYkXOcqaHXPm4enE71HL2bhhlI9QApWg74rIWyi9KFdBoXGjFJ0GKU+SoitGmVa0PN3fu5yvf7Pqq7pzirqr7Ju3AjT2UlVusul+oKzETkkIElAMVTa5sLvPEVff1fbbUSYNbHksqLzvqYWnvn7eOgerDEho+PKvfRi2eEAP4qD6zq2tkqb13NcUOniSaa+gfCRTOGFIVlub2r/HXupcHl/SwJS7GWhbJZktPRoF+r6CsoFOvPGKbzzL39Ua9PQpthYgauQkcJjBwHii0UnpYqJiLQb6AkxJNqUAWhTy17o1Vwo16fWsqxU9dJNuKkM0j56no/fjoIHfZPHfrN3UbIXaeXlSHBimjhai+1cRQviZ4A/Uau1DbIQEt307vyY/kvI9BUK5RaCzQ79exMpkyuurvL74tBgWiYdFJKHBXrt7QHqsFMVTHoLEj7syLYcnH3DuvzagsjDDFarTwhGOoUn97PLc2rMpgLG46B7ekT+bag6jQsRFa28sj7hJS3ffau/bU7p4gckEedIRIFkUXJIF4VUNk4ujFdGRrn8uf4C1u1va+/6EBl8vmfAioTZzt9hCPzysznwFpD1+n6+YqsrR8gpVvsSolilPsBK325qxlOLbPelNQCmBf7oDsPUNqIX19RT5B1fBvZk7OyvqZBD+D+wrgp6bD2czoffpYWaVBGOPNYoopaHNZ4mk7VvxaJk1ImWtWKYd8LuvtqX1m8q0lqp5aVhH42h7edh8cWyUkF1IqIJkS3rzd96ke+pe/CtTDMYQ6jjrsb/5ZQ4hI2k4w8UG/UbKdEOBPxRJegbCvpTmNa39Pw9MX3vvj+9++7z3v92ace9dltsg21DUyPLz796Md37b1zY+StEGqJS4SMTy8fe8Jp42e/C5b36z9y0/oExjZDblAV7SYHDfxZJ4LIYs6lTU5Ai0AcDX2FKSukViS6Xjpa0Fwg83mc9CoVeIHO5Dx0gHGU+hgTmcsbEOucnORpm1VFOhnSuJTQPUuqBA67dJFXBFYmLEkCq175hKgA0cL+4FUBZLLwKNxfR31m3IESXQf4VeiRVVTWJaZ+mPxTjx4pXu9cIShFe29x5P3jQw8qbCra5O3u7vtOwI4+GUSgDDj9h91yCGaFCXeiIvqUNWPvi2atRtfhfnbfLx51zd8vnIeHF/Wxy25duaWwWHcTzX2/YnTz+Ks3n99+0WNf579O2Bokc2u3vGb4+vFE1N18uHv/4vPvs9Z88uVT99CWLfU/ZeFgDvFUghnO4xPf3sqRfHgoYIqFsyLsU3ZAFpUbgc1r/+P/8n/6/uE/NxusZZM+Z9TdWUIKWKo3KXrd7yy8+6/+r//1r37y9v6zuxGH1pbEBKZnbybWKUlR4l+8+N4f/b8+fvaZAT4/1sD4cPOzqENaN3LwD6dWf4TEHhb3BEt4+Z0n63gfP/Vjf/18dvfVuRzWHf99//Pd+7fF+f7F679dEvbVkI/fhqmUIPOyfs5KDAuHdFoNvlwmnQb/kG0/5xf2ygtMjglBnnj56Q9/8fbu/p4HkzbvM7edzE68/Wyf9BHN85dV2gkfq37220g5ZWIqBedsDlYB2vp65lSnhzlZ6xiK4V7w9NidV0Yl7BrmNdp+6F6ufrjo+z/8dbGJUUU5ffDQKHehML9bSCNoiyQchVI3JM2jqSJ/eOupBX1xyW8Dlctff3j6B//m7X2dUj/3zRsHdie0xsMcqgh/Wh2Hbl3fRF6ggxFq0NfBaXjtNrepCf9/f/XhX/yv/20dncC5JFUz7pS5PDPtf//h4+/8+pvf+N5NiRJmXgqAZlQyaEwVPHz9vqM0Z6YpeVeWzgwv9oePn919+u0fv+k8bzOQ2bogwoNDyJcTvNDuOtUK9Byckk9++n7Cp4IdvqDclq7MeH3/6ns//CK3Ow2YSxh5soNfTCvmhj5PFlGcVk9L4H8jDh8SvOyzvz8fhShueELr4Jhad+2qSUPC0699//7LG31fPWOeC3fYbuuAJO+Lx6dPP/mzd4tM/oLFfjvzpEPq6QloLNQEI1t52T36f+N33vzWj5z9XfVnLF8q0jbc6OUeFTBEK7kkdFcmfvKrZNeNlk5iDMCzRwBYyk3xSi8Q9jdubTTk0P2PeZBjk+xCiDY2QcusMnDwGZXzLs8Fbh6OtPNDOLpe9Pr2j3727k9/9u1O8058SC1VeJsLtCqSnwdY2c8T2lHu/vDw7qf/+p9FMtRJSD9MbaOJs15+2Q5XTKE9xDhMqwIYg8BWe1grax9tF4B/86//tZefd49cmYcTkJnOHU2Bnh4fv/0KUKzBrJo8oC+3VDBbVqMX0AHzJzF11rmih+tVu9Ri8rn2lbowN39ZlzKZpJoI4O/ks9Pdl7/6sz97/9XbFjUZnsxs7cOa5Q5FyPlVc8P81hAkJD2//zwI8tXdw0/+9Onf/Pu7tCQZzExpl5ulaaaEz06WzUhLTB3WcWdJ46hVKp4JpZR79gBfg/Pq7sVv/PXf7qek0k84MitenLGA331+96neJ2IsFZIFysLv6FRdPuxQ/aJVnWpcJPfnjQUn05wGV+PUZKasetOhZ7oxydF8VD7OvYVFlHUWa0CJnG8RTVN9X5HbKvKHD48/+q1fu79/bY5cT0yjtEyJkW0m1fW9Nrb2zK6NAOtIKQhoa0ag82THx+jFsRP8EspQ8suvHr765TtVHd54JCWxDUh+BsHX/62Kd/ZRl5vzm1Pe7snaXMA1D+8ev/nq4ZyEpyheXoiw8DnZ62aCD359Igzasazq07l6VnB9t0+86ntn9W0xzfelxPJs09Yvvnj55ef9DFee0fE4f1hE+qig/fzx7ttv3DlyBTJjM7GD3YTd105bfE+x64HFafC6PSMvvXjxw+/d/5ufffg//O9/9oP78z3efhh74fjU1aTuT/h0e3/zz//4ww9/8GtxtiRc7kvNhqE649z9oVtkX/ybn73qPN5pqjMsHUQbqE8f+x3ChyY3qW4w6dMvA4DMP0NbaeC++vqt1iQPJeYgVs28rPQftX2bBlCZxr2E4cjCSPcR3buYXwf9fOft/f297oOcueAkwiQinF4E7V+Sx702UE62EU25z7jDYKhfIAId58mvOkMn+dM+Jeri0TxOVEr12XhsK+Uyt2nr28e3tYkacU9Rivo0hFZO/+W/f/jm26YiXblo4vC+rNbXzJaZK+MlhbmKFiGhTxKxIJDxlU2e5fr04t3jy1c//fnrX7xrzevti/cPgOaPxXEGsDQ3NSa2mN352tseYfj669/9n/0vfv/3/0q/p97JobMUqVjLCF2dq1lKKxW9txjfNWftLvgyPKP94HOigBLYOcYHZ4rQnO5Wb/GVWVeQRhHjGN4hAAAgAElEQVTNaTJ20PbPvXKnE5j7HjGli/a4qLTmstwulOMrPOVP2lvRraP49uF932lpFBTitZo+D/UBU+OOTIID3n3Ar372C5Ee9lQubqYfoMjVeVlPJA/5PBdkBXfzqWodd1tp8rqxwSqXJ0726N99L7d+plxo0TFnAePyWT8LW+OfvXPNak64JXxK0h+GqzlUslTjmRk+J0gpoa+0c1ZPoH/xy28/dY6fA3QM2vDG8er5K5Gzp086ZAL51Sh41lUnnj9OKE889cfHedFBEP0kOrLr2GdCOKrE2RIlobzlpKvN6aK4G6ep3QR3FSVPDsyEuy++vCdlcvNnDGGeNyRYINSsoS0JdLU6qgqPc8FsDxBWteDjBNelx7qkb7/+5f/7D3/VNZ+ouiRZRArzaUrZVEakWF6XBANAAnNhKBoHVhZwWJ1CXqnIckNzgIdAvPrp67//z38xdxa7kMXF+NItk799ePp7v//9P/jdH/zq2wYhl2XrmmV261Pdg7721Dpp3zfVVwKwZzQ2w+jXFK2gvPzx9z59/64fYHGTmyClgUf8B1gg/S1TApGE/tazLtQVHepocmkIZ2Zly7R6mX4f4cNDExrr0maO2WdRTvRR8cYld/A6RKPYlpijYA7bIfecOgz9RTJ4aE9c6+M49+ld7n//lz6/e/2Drsg5uT+ziGKSh1JS4ft3n37ys56nEXnsTrtWfvqEKU/opOUQQjTiMrnLKF1VyrS3f/u3m1/0KwHLjzVxsDjy+JyN8oZ7As5t+k17pr7vHnra5uNnLZu5o9joRM+z4RDQP97J7a1NSa9VRb1mzwSBO9VrrI4w4EyOFoFpQg+qRSCLes067PV6bz6778JNJ4o///YB5yAFGjmZW+kRx0omQizKjlxLg0Bvne7x27c//af/zPU3EceICpzj0wRsHmw2ptTbIJAi2aNvqxSLkbP35Ndty7Xbrmv/xn/4VylNujSo0949eTly1wqt6rz91mKf3z4Q5jqeVmBIbGhbu6vKLh0s7S1LUc5dHXQ7lDBU4s1V5+gRabcRVUp3rAdlyzQlArEvXr/76v2v/t2fmGAZcjfq60Szlzb6oMdXakWTIjdX1NsZ+199+PkvX3zVSkMXr0Y1HHq/9CYuNTD5ywLyltXa+urXZaVEP2eESU0ZHrVh0F6XL9/88POm+OdxWGUqnMwXWyAL5ZgrgmARIcIR6pHRp+zYtCg6ND1L+ymnlahKDuYgkwmZGpWXkAUg7GhB117yXphTy++5zAdRAajwSM0low/Wxojmmbe3r998/sacZDlgnpeyLiLmat558f5dP1bNnckJTH6ofjPxgxP4k1rHdQeiRcIG3Nt+Cfvr/+GPf9mT+juRMDvnH+09Ic3Wuyj7az9u/TO85rCVpKVFPsldDJu9vXj1jZkVfwtQRrVjUKM2NucQWm0DWR22NOqg/j0wAJcoXe9LWUfHE4mwb45Z9/LZ/avPv/AwTbdjdstiGiCIQgokrfLHd4+t0MdVHISgD5m6M8IcZErX+kYLoLy8Lrwf7+rbnB/vb199/fDy//j3f/rDL5axrev2oGxteXnx6vbdw8cvvvfD7//ox11l8iy1MAeiyqZbofDtuNf/+s8U5ZpOmtYytLzrL1P7Hl23nFhgcT/FkiUfRtCyn2+1NTH51eM3HceiDbBuRz7a6VjVeUtTJjpY9vR5smv+XotHD06eqTum8f7FZ/ef4RiLsHdAhf+58zBSnUYGHh15ymHUfWj49iVzx83oiBTmRmksK7/WDq6jI2uxr1u7GnocjRIKfcPitlSpo/76m/cVl9G3tzuT+fTi7r4h6dV/88/evegmgt2Z5Vsrvo6qL5j9Hc2krjhxyYzNgHKM+LlMXpaB1oNa6pBrJ6nLjof6sFK609G6wOfJ6vKqb0qm5fbm07eP796//Dokb+5efP7j7xWy0iZH1LpK4PJ50yT+mcYEck+Z0OSKKwXnQCkcfLLQwNDe2bLEA/KvLZ8mPcqKvOUzwfBZAct3rpH73Cmh4kNP2MWfriP2cFl45+8yoBuSNubXerXfSCmPOdHJ1Wu0tyJXYR49s7+JuCskTOXQxXofdUNjRL62txRg16W+Xy5aAlXZzhpSiHrm98m6Qu8CgbyRssnP+Y1wEbe3Ied4NwXMy50hmIW6On5g6SzoKKqkf0eSwPWIasR0lplYl335bJROOjJ3SWLMTO9cnKi2tUCfslssKcUnR2IjEsDNiPVHIERyEEYlsx33J96Wvchar72TXm40+8IbsvFn5nw8NgmgeLYbnbsa5qoMuagvyKjWC0W3NomZUF5BK3jbhKJirjTYnMnr666c+nXvMNR67luiOefSsTfLyA2h5ux6riNkrfeSPigySFpTe71tEJJQEHRee//6tmWkmtibL+bPOtbU9a2ArS25Z7hLf/ef/tIPupHnxd3nfhE9H314fOpXEj2Qpw6gHjU1/QSAC9WdGzgdamSIs1XNeoQmNi2vpK4JcVHVq2SmbpSwjD4BYYtQyrC5XhYbLqBf66qcRU6okiYPJJN0OvFLoFpDHBcZSqKsKH3kzPekSypta5tPekc4yR1olk6sVvgdWTuldim2UIU9e+K+u73vVKrf7OpUrUugLZehM+56mlaquqaWJFrjNpDGHyTgErD5WNjP4Jo80lNlilYq7Iar9982utafSG5fzIgPJ4OtOs6pxv2twrTIYczuN/taRWtN7FPXvrOw4bOuYXlOivbCX0zg4IoEadtARKQCyKYSKATOZ9WnXJ9Qy50E5CF3Beac4CE9NnE2rxPgHfDIutiIJ1BTEz0WPHaNQC5jOlDRukrKyq7iuwAsNscT5mAzpv4TLyCdmiYr+QagMQB6aYotwuND0SY6ecenax4VdLmtfrHU9h2bmvdq027k6M4JN3BWlsGXQWKYiqTZYxrVaFKllAerTtOSnMc4Q1InkXpkQVy+tltlHanYcTF4F0L9/vJYZuVwfypN/qxkKOxWQYs9yTfNX1HcNan1F92O1XwnjQ06TUOgdkNQ2nuDJJ3aUJKgi7P+ZuVqCkwWQrPGc6Y4Yoty22wqghpSJvREgbTp8DLJ71WUAvAmppG4j/HNWVEHOCFygQNhWx4EJ4Xtj2487iBeEkcbQ5LWKiIivbKozapSiPuwktrJdefGuWdGAZCiPB4XMnp4FK6T9naDwpPBEjM3+ZCd2ublbvLp17qboFMJhhEhUGc6l/e6lFcscnEECU0gw8AmOr1TSPmqZkCrljmtFLx30b6uRme3m0OL83qo7p3sZsvu73fXtAhwaEFuLs1q5jvph6oQa1zA1zbSy7PCHthwwlYPEqbW4rcOxAm6rUKSd4xlHSZgrhhy7sr8VpLyruRZuORDDtdV902ZuDEkoo89kEdBDi+LJJi5f13VzqXNR9bEym8GfnrdMyky+ntvPvbglk55b2972NqrDzsf+WCC+PiDL+6aMLx/eMhKiuM8mtKYQjA/3EqBsJlxldFBW9rk0hHkg8jgl+VR5ive45t67DDV3N2ttAoiBGxH0FJDDmePFwG7NZr8FcmcnsQUtc2RLeHJkEbbgsF7DpLVO+nhYAjhO7VLxqEZYXWhsmQg5NU0UkxyGMxWk1BZPOnSizIG5NB0PFVBzCQyNYyqRbpDYImsSq7EmggdEd90M7x8Ot1NC25+PqLvDTYTr+fJjh7UsZPgObF4zJeU9J8f6iqhrPbK/3mnPC4i3eyQ4Q2h3X+wNJRzOYfX2NlZiJuROgxwDt8F9m5g8B31HmaSZ5smdSfuh9bRnQcWjhZJcosg8KOTEANSBuzMM2yiWwDmnBzd5/DxHx/4AN5qzKgrDPjZGPRM1X50JxVIITZPpS3bMGGXAzoDaSnSTnVK8LDy0yZ3OsvmnpwlWpNZpRLb2tH65YzJm+i4xqyr+aoZgEWciukLBnMCMSBK/Es+lucZ3VRFRZBklyGWN0vImmUX4FrOjLzJBGDVOkvQdwBFGPmcFF7WJVuFDIbsehuiiDjYm0/segQe1EbaiSCGzhHzmI4me8lfVbLwOrDFXrd4WAlabodQtqCI9SAc9fwZ+ihFZDq5U4yIag/i6UjouhChXb6ShKbaoemA9aN6RlCUFXfIQnv9s7TP539l6uM9XkI6SnRqpkBACq3lvQBoArr1Hp1hWJ909paQ0edvXpgbImyDAXz6q3dKp3pOvdocZ3A/2oush7rOBQ0fLqvVq6RsSTJSZI1vD5qKKYUupm9cuXrg7snNKrM2lqluUdTVWzkrVbtc0EQ4EfnRBVpuKfuWnUk+yQhOpQHjFOEMdUWs4ZpZs/GxaqHIpHaiKazJtD8qttsBfOkfEymzejW9SYQEL53EY44Tp5UokCf8M0qfmC6PJTCmuOf9wGDYuF5STsrAB2x5WYe49CSxphNx2yj6OKopSKi8konr7U6SHCM38AUgjV2eG5BZldzh4swkdE9U4inrbL0JQe2rb8e9fNGtvd++rw+oyTc7ifP0MNybFu2hPb7UaV1bWCvP5N47uQF4kegYAgerjnP+4qL5Ry8wPoISx1IfMktRFuWPBr668gamOnEe0SLgSWgd2bjwhUhvMCOTn4B01MZ378pMnd6EZ0fHGc8R0oHbiTwOaeoCHXeioDLZhl8HbKJah82TDXjJlUmGBtlxIFQ7qD4rT+aMsrZVEabTahqKJHw4xlF0+Ih5tQeuc3CSvNEgxSwFbiRhq+QIqEIeHTnzC86KakiQ1Vp7BErUhrmPLQ5VnQvrBzs2ZmeUyJtlpJ5JZClodOyOEUL2BZsq3UQSc0R0NgabHZxNWnJaMtjlrWQBeAoFN5YgoAG46mq4ZD/02DS2detzAauRrguDoqUF1ZOxp1DA4i2W2Xu0yB9qGHFV7ZgefqIf4uqkIuoBWBznZK7M4kleu10IXBhb30Db2bRT8nKQvdjm6RmdDhqIp5FgKHOX4lpVSVA+5EMeWT9IKCiRzi88ZpenOCdRUc4Iu8lhq0EvAnRNFoV+cyC06Wkq3JzN2R/WnCiHfdv9fBMDZvrJztuNHo3snMMF4iV3clVlSYtMW0tzosjzZ94f5cWFTY+dQ8rckCfCl6MGvu48FbW7ZvlmI9Zk5xiejXI5wFGs8vxfnkjzWhyoLNZK+08q70myZQWy7pz0VaHb+7vGn1YgHy15NhfZPWwn2OV5o5xfrz/XobkteTJlfymkvxIoqFfV6OYtiJU7/T6VgKEpjlyhbYc7oBGbuepDxGvIBxB5eZTRoWJW4GciMYklWNe2gxRziqaUnXlf1EBqQ6gn5q0IFKTagCcB4HKoUuKwQSwBL7SiQ4IGIqiY9h6g+XM+luynYxP1UZhnaT2xxbC8TLgoF9bk5u2ZDJGZRoNKX2S/uZ9Jum7DTM6tD+8bR3L6uBDmbGtiUA8CyQCHTLvo2D+s8lC+16WXXS9f9y2ksEgV92ol2k3E/NQqwphTkVvPFzZa+Nry5BIzGcnsRrbAkwa+s17zqHkYO7cuKh0kdf9cFcv8JxA20CitEE+V52mPBIXV4UwI41qVqE7CQhQObCeU7ZcZZdoV2aVOsNzcdhwgn5sXOEnUFnik7huHNlgVJUnL8uODpFeehYEqP0pfDox9PXxV5g+lXXtwtR1Dzz5hOsFs2K1GRLG4Ek1CP7bDBG9DWNaYShUpzhKSiPuTnfBe3rtkrGAuTUa01eMcjrHNPZhyXtYtxEn3VLykt7bRt6cpALLPcValQKwkVJHJPRPK0ZEtgDrgwe+tbECNkQTKej8uAbyS54ZP4JygE1wmaflHSyXyo+OxlhVTpnVcu1sZHDbWRUb0NHYwviREC3+VetdDYd4aaXJlGmiZcdzFnlpbPwC8nyVK5fgLmfBUF/TpaVjFrbNfio2Rm9ZrJTHvTqplvuj091LJC0iYDuzeTexdX9Kos8/Pnwm8Pt5dYUFvISJxr3uOx5u7mldNbZO61hG6xzzoZG067lEv51a8PKAXMFJUnS8FPMiJcpwl7YwTmlNiR4NZDLimgnmUeRkOPur+FdsT3dlERgf5SRZ1MHPJkLbP9CeVx6vlxVt9gVmHpI1Tsk1juaJClggGuEFcA5QaSHVXPSrmnGaZ6zBWpmyBsZzSH2n2gxg+wl1zs13SrQVcsY3ThGh9RkwNry4CZMjMDFnNhM2QfWrVZB0D17aJd8TdWN+IGgnGBuaG0q7oxNfUOTPCy71Lcxy5Z+J8QibY22kfwCpXFSkUsiqLZrs2xueVY5xPCODuCNrxM3qUnL6/4Gzu2lTJsKGKWYNzukmMGZg/9DoRTPh2MzmT/Gzn7PJDJcby0t2aRTvrTYbLhKzDFowK0IgKpSgcpIlTuIN5A/TaAG3ZYMk8AKFv2toPL4iyRyJXFEvLYJl4wtderlA658gh/drmGNVN2pwRPv6WXYCkxI45HJkxi+OZcsuzeaQ3jpmX7DiegiRYxjuBTDu4bWRyVK90tdvokNoTZ8lAgBZB801fo8yN7W5o6Vcpg10Ilk5BWtU4ktyYalCZAsmswVAUGW1D6FO860Cka+rT1aQwRlVtLhi2MsDS7K6XCPmuH3KU+2eSmcQl5wmn6ScFMfElDwTi2lvbrpiXKhsIaUAaSuJzd25w0H84+CPoZgqjwVTdbIG/pEhBh5HHRL8+IPVg2ZY25ZVcO21bXsSLLveellb6dHtaxfrxK5/Tzt1yFhqpKI5yMtmAJ4N6vYspte/W5nu3dqFAqV7oy5TjsbrtZseVuGW0wmzo/3KlmLkSkRYxk6hH+3bSSVWKZ9nmuOZLoFEQ71yzc/QDPYxcVKuPOQ8UwnYCNNOblmAht8HGkjQ6iWeCWAfkXo5wZJ6lxbRnTgUSKmFp5R4mEkgwJPG7q7rL1YaSHoPGS8GJrRXpnFM/Udb5/RW5A0I8Eo6wsweFOFD3bC/djJAd9sVGt4PosgFBLupDLNsFjHVQYsaZdtfSKcwdajXGdhxUekDMKNTU1IEtzduLefQThCNmCrQlHWHs9YTEQ3GQBpjw3iJNhD8GRyC5V4zCSpAoKc1DhMoB3KNyrBu0JV7SpCDtNm4wZDUfo4+cka3Bh7+nataI5eSHvkRSCrigUd/Q6AfVZCcqplxcbI/L0niaYTUJEUdOTO/8Ej7dVVLbcz6ZaZFtftZd6U4Uuo2415hO6Mrb1C2NDzb+JG1G5IwcXEeuB7v8R0DRuhyIEN4+ZeFKZ/PI4WyuXXH1p2+8KLT3AELf3/mf4cxHTm5+m+DscHTy1slkCPN9X67uHDbwPCQXwqm5idhyf0xUDK7ndXbQTL2TqyZr3EuFBt6nRTXjUY679IMmANphongCQyFYCyc9tQVH1s0FceQtsQneUFWSwNprE+QDJOpgnOTj7MleAW2JFw20qzqhmoNUzQC6BCnkLtNoD7VPYgdk/mPnEjXXTFJIx30OgifqGXAyc7N4Xtae8vnSme9DMjQVLRRNroJuAIcm8gn1uV2ppz4fEc5K4iZ3kiqDb6t5oT1Zgsa2hjW5F4S5m29PJiRBg+t4/Yza5Few/Ihn3qq6UTJP8cYSw3fsW5+TMHlhHX1Hpj2SqT+ZkaR2HAyfJgx9Bp4gndKpE8JRgT17OruIVse73FSpg01at4/k4vCbAWVbPyG5BhpBqVajWOfMRJ4tLUXFECWCwSk5g9gSzq4VUOiZEXN78T2xgTXPpC30zDBvqOq4Mp72Rf8MgfEeVzV/sBeQhGdShPtXmqDTXBYTmcbONUGpN8l8oantoyD0mWd8RNrLWYFJpO5kiEfBhMQXwW7Qr3NK2RFkIcqWFxqPdYQJSkLorvv9am5EgJGpPpmCiCdcNjFJxVPQUkGt5y6fbEdP/NaQ6ieib+nPadg1t5NcWk0dSqeGbRPWiX0kjJ8DKruaDFlinFT/XDFDQ8f66eqtQhkJpaJtBwj2Ha4RXruEym4C4myov/iSMfnh61J8Kt7vCoUvABbusTRvMAL3V8AAyHn2hR4K7jJCLE2LOB8343ROkFkU+1b3EMSSEklNTucNytcx8Tjns0p3R6EI8HtT/6XOwW62yv6ErGfKVYTVeeR4bS45VWUQhLLqmlvWRDFGuZatsgMBl1PwF+lKKohJGCckgUAVxAHkcyToKtpnjH0OKmfMpwAW43hiCOPlIB338Otoc6ScRc+FkoHqKrT5ThKf6mE6d034gsrx9fpczsLeVdGcnkB0PMcaKcJfFIiUsoSOo5Lx6r9TUF+STrel1Ri6V3iT3AijQdZeO7JMAVVQ2uPYGTJkNKhdxdwaHgU8Bxc5IyGXv+enfN8KsnJ9TO1JuYCksdzht4uL9NoLcdjBEUcxltUVG1yW4Ck+Hq3nK4WjdRrjInY6YkpKSXISpaGd9glLWzUqLYUAMEHys6ChK4/r5/Wh5RpkbOTQYtfPGHkAYD0e85fBMAHDKyJAtjhUaPF+kCrsgIfXtuJdVtS8xhttaMSXLom+7AhihJdAzICopIzDubyXvKowL0bLAYVhhmsJUqXk6D+2XHTQVU9G4qWzqg5TxbSMznjRa4G/7x87H6k2qnova8AZ4hrInNMFcl/eZRsVDJVOyeMhape3aUkh8Aw+JBXo8HHJ3TjpwE9+2/SK5DrNsU0NM6+daAa7D8JtOuFnLEFIY0dmLKuuuZzaKN3CSX3/iUtoe158CkaGywf9OV7YZEsuJKxXVoGqmrXFSsbKvFkdnZWfDpNWBVWrIiu83eaRnfzTtjn9EUztc8IL5yyrO02jxFvGdo67lOIkA/bHPfcCyeibo+pBuJjO+fdyb+LmaRhtOsUWpyQMivmn9pIVBivpl/ek1cQtH8upepH5YlPTY13srg8raS2y0CbYBRd0XMRK/nWYSbD65Bw4HOx40pRIqboO9X+RK1IcpISxz5xZwSVlHzEcP4zm6j8r6bXl0251GjjNNFDClN2aSbQuzho6CKamt1zAH0W9bj23ZOrc37SM0youM05LjWEGX5yLDU8kq16lunYj0D7So1/m3JDlT86VKLwii1JCeVRpA74ewpBcKW9hhWrJN7hzzKkM1TN3EmhnBhD2Ti1JkKhKuklkSKs39zx203JYMUn9GaM2xmrwVnOENxY6WHZv7aL6TDpq1kOhXlk4xs1e3uY12NKsXUWla3qeq/kKNGjJ5+/+572jflD1IdgI0RMy/2gSmPUSsdPubYSI2oW5gugrragrRPkZltpvY3s5AlQIcR2DK6r7C0M48B2ZzLCHYUz18pUVoN40WC86D0zh5os1DvZV183r8O6m01h8x62FlhpzI8lTX+T12IimZZ/66ptz0BTUFXfjkCXwxC7oNb9Hecea0M+7KapFZmWkJ6TVoAhaRbJP1l2OgwsyzlS54jOy5iz0GxrzeNCWkkYJLkvdvLJesl0qy5ij1DSoXW76i1tFEaVDwHstZQZUzx/MIW/EWQvhJOsBcxeEepwOW84UyKLPKfB3v35JKETLyNDO1UkThcGtaB1sNOIr0M2Pkyr9OCiqbnXs0kIyrOlUJBfqhXmxoEFXdm5aXYhbGd9dNqlvwcx3MFo6SVL3emTKcjQqTkWxWO+A/nmdSnnBEdNVaOegZcqKT20kqU4qDw8/CnV5MvtU7Iih1VtBycX1zj1/DWVim3NyTWRTz6Qdakog8pKeH+Li3AdPc1WpGVc9ZwkQYSdqSWulh1nrITd/yqqjnFXghIAk2SOYJc8h6L1TCThZUgyLYAmP2D9u3urN8m8gClt0+tA1Ys44A9KcQlFbKj1SRcujfGmYoiGuSPxKGaeIT87rBLPOAAwZNJ/oB4ikfOj0DbRzcxHdfhJe99ywes0cK5EjPqDJ9Hi+mnIcbSEroJmXAyLsKrSRKIi5sI5HmADLYA7s84wrJCaz5AxMUOM+fZTC2PPFRuvQXuES0EoDBrD74929rgsvTDG1uKCeIVwITYIsIzC89+Ry1AocMrjPxZNHKlA0N5kE2W27MmcR3HF7BUlrnUUcFo6QjCV3VhAE0dFYtU1xnsU+AlZ55hzRoNv3ggX80HtEr/7YzQ+5V0znkLm5mX40iPtMYi6fzQx07pA5YBcI4uJ17rrv+KHTBenk2uuGe0C7fa7nNZszWRmt/w3PMb/3bs7O541TzDFbbgIpne0l3HubAEiDHaHxPErnMKmpzESD0fGxALDAr5N2V3p9Vl8e4wZmRVgjrSx3sYMeT+DBG9pGFHtCHK65batF+W2k7IiCXPOZfo6oZ/vkhCIhG5sy1fKdfusvuikoUWVNvi4baZHf7r8SNF5gUp+ShxuYeMGU5lVmbJVU+vcWJVdhEc7lVOL4oMLTq1RzGjK4tMiUtvIqtvmHmKr4gfhKpQl5TVc7aJqHs97DuNfJ3paQjp/Aj3aipyAxmhWn9JcQWUrw1E4+HZAopioPD8hMOkmDLZgRymRZ4BSMLYYQBjPE+XkwDHDqWBVhTKV6fxxu9H3dI5hOdsgjIS5Isiv+br9v8l1t6epCgG5Nc66Ab+aH8B0BCoittg/ZGiC4nK8AGUGhy/CeJnJGvYpcOZkNtcBGgW21PDcp5FSNLls7e37yVeVNkgXMIpJvJ9uyyxoT07wODOVrGFAmKQvUndpcW+tqW01lhys3bUJ1JKHlf59kwi83Zv1EHQEJ5wBRVUtWurD2NLG+DNzYon6MYkPicq5RoSTLjKRLg7j0m/1iRZLOROSin79nbGLkH46mFGtIA6Z4536CpT7gshzw/BfSyp5aV6ukcBiqS1idqHkETKDbOdJr4RKMJLj22b4mGkU0qMNpR/UKOEC3EvWac8lVmDvty0gTURURo9XdglbPPPesdHMUtqaEavQxjd7hkLDz1LRziLzPgz6PEiTCEUtdgEXsjpMVIP1ddRKRKesT3b81wQM53aKR5nIr+lQavkY/BVRqV1M3R8W5Rqmk2pFyhcB7o6pm6vZcSDxlvi819rXQfs+l+Z1uA10tTFQMmpTPNCPxtA5Ib/lMBoGcAiZGPYO1Oe1ya/IAACAASURBVMhImsUdtJcp2ljP1pnn6+d7JGw0zudf7WbOSMoLM1LUewg0R29Qr8HH7LxhGPtx4f34k/42Fl1PoshHnafyGxwkkVEctneZ4GC7UadKd9BhvVRsKuw3AHRQK9hY2PhVSkiU0iZz1qnnOHnIzxvuRTtPTOEyJum1kIRWygHAAJUtqojTgmiUhoobCzl/HbQVK4JdpKRmTbaRrN1YYp8nJ/BKFWzBm+wlGLiHcsbkL9mkQ6fEDz5oH4Kb9JTsHUhDGaB8MYtCUZ9YUzXxO5DzUaBTMLSJXTmuAMb4rFgSVeJD4yWTq3S72Y1pivfRWyVz+z6Tg15U4ya2fokvB1KvZeVitopjuJ01ttdfjP3JO1IzWPVEBLjzuuAHjAH1DOa4zSQb+U+s++qleUlcASweTTcgg/20BTZ1GhaoHBWOM9LNdaxL++WDIBke+INb5UH7u8rEiPahCm4v5pZdPhfoLOebiymohaMTNh1KfJwHhtlVuTRhgWF69uffHu84gMTpG7TT2kWEua2Ast2RAFQvQrMlAdE30MLd1InMahnKp4sYau1Ou6iexTrYnNr3dYpJ8lo+6kl+XQXMkc7x+1ZYrvEsmSTEy/vZUZFUMBYEhR0ePRkGdb0i7L9S+gtIWAJfoKLx9JZh0zy6Y0NI54uxNecDLYxBk+BJYPJM4MIjGID2UkjbKW1H91Q5AyvjaazOqAhhb8Xyw5SCjdrzonVgN+tgWxu/aqJRHE3tcvfRN8G9sVWR+E1XcxFLNSLgu3NSmLfWw5r1QYOy8vUwO8s6Rki0OEoBQYe7ANXd1X82nepkufOluRuueuU7N2WsIYCVzHLDuNPziOtsnUbiyeCSGcg2RBUklOM4BET/IiVK8nV1l88qGgis1ZBh7q7jFfmmBEVIk9I7ZRgR0eiZo2ZQmFLYxDwl4SnxrWp2zmcy55lXozSMZGRr+NF3fai+tYXRV3f9IuWLh3fujyhN3MH46WOPOZ1dO4nT9dKomXLCvODyS0YEoILsMi8qsY8TwijbZqRggU5A29KVr5QwVvIlerlE60VXaVZH0DPrUcUx4koDcCK+Ui7eEHCIUmaFiLtjX/dFAfHKcsidjgXuSt3jUrEJtU8EbGjTB0xP3k7mJsgxWOECkYEBaa/6k8DoUbArGbwi8Y/cfJ2LolhEKtfzARa1vzyPfU7xyRN1ujX5nZZEE8NZ/zgh12mWY+brznaOlgxb3h6lGYU2Qb3BNqM3l2u/bhy4Kzyc2zkFkuWnd4h6TXHmdPrh4eyC3ciSWI1JINkROLuKEWAksU9WR6BIuZSmYbajWfk+riPzsIDt6NBVO8EkLA1iavNGObHnOHGTl+b20Pa/yUkuyBuhrNn3xNLC/fDw0KMZOFr21a0NkdSpa8gNO2ztyXdfXH5hGWcMQnOEfpDPOA9n5VVnbPprB/l1WURIFRrn3NpRx3riGuLOt+Kix0gia3k69ROHTC9Apk3OPhunk3xuidRfLnwmRdi24kHKQZmuU24nrPTjC1YxXHyOvdiWLOaXeeKEbsZXY4mfaLyxXsbjOeVY1TBxRAdHHqaSH6plVzTpPuNIDgWEH5pyb9eYxEenpjJyOhCRDFloqckaeo6WtcVK1FZCS36Io4+jku2DFSNOhLpUnwR13rYIdbBT5I3Ze7r8WudcvkWZ+R5XO0FnEainV2J9mTDNFRFMvMZLY/s0Oo8PhUcjIz0ztea1pV8Dm+85IdGpCma+KKPML/UKYdDe23JsBEQ6bqS18NxqVEe1/WaAMr4ainqX1jqh1Bus+TLW9YlcG1v0giu3OkbTjo6d2sISt5x3Vc2JDe08noiqfFlaGUm1K27p+JIIkgJ4hmmxmX+eFVcCi9xOkB45xTWUSlulre/rKxO70DkruL3n7BsjPQI1Y41zCXfbFhCzId7+RIcJlas8KKCPiI27mGEilMYIIVWOtAGkNuIEnpzKtiDtZ8jkgwyInpYajOsyxclEpbsnm8ki4B+Tt0TC0Jv/KVhRR7ipTA3t8JjtUJBDTtCqNTcKAIeGfdU5OV4+lnJ5rKNkmXNFk2sMyX1utebRgn1CLCY2hWIqMZu4dALZzc2VyN7SZnHtSRHFWUSC1n9wNPpOR+OrFJR21hOltz9B2YiSPY5j2kcHzbi3zQfs1HaOLUE1ydmtRa7HejjFEIcoYBnS4msjWzg2eM0vLMzR2UCPT/02b6PSeKhQmttkv/MB3+OpWkCn/nCq439iEiTxEiFfSnn7dBVqtsxDBXaiO9KWx5rByCKMfQKJ4m3Nu1CYXZKXhAmcb44BclxQGoNkeynUqW0aUrdQTmSiZ11i+VSHksamiR3sjLMm2YJBJ3pdBDlPIpQS9QNaazi5JjPrV9f58BxBpB3bZSl7K7E7nwDLAsahHnGC2s2KjtqWHOcWgpHmJw7awJLR8Oq5pFxs+2lFw47+lp4ETEfiIlVAKh+JEeduiUjvaPUiGdtKXZKZ2FOPyPdFyUKTSoldFTtYbTieP4fajOcksx9+EVVLP04SaA0j+Cyz+tOTVgBsit9r8+tAb1QOGJYwtjBE5iY6KaOYitMcwU0EwkrCmYcHrY+z0j171IuDhuVkgN2Sv9n47j52O3ZlQc2xwtjGyjlIxlqRdc7PfIvNr2/e9ChY/Z154rJEarToKf9bXHLl5ObV3avbh8eHbvVfyqkF3m3Pidwkp3Ml40geyP8aUq52vpQxcr4QtYFjZMkIYem1ccbExu/Fciy6/rd+Xwmr8VcwCVFyXbpGZoZcQU6bkos0zVwUt0HpEhwXpZKrSh/7SgR59HTOk8WcK4gRT48IC1FvFcQjgiQYGpeVI4R7NlHYPgH15ixdvxnvoVveEOVQa0twYs4GUluyY19VH+eun6lMWjE5s4x0RBFdf5tguyOr5uzay5IkzkLHk1IystSZo87DA8MZ6af9ioe1xE4Ptbi59EOXuLO37OiE77gu57TWKquMMz73UdSVb6D3jeGGiRss0qOEVvv65p45nYrLnLFWzK9szc2AtHECfw/o2E+hcnu8RKx5xMxTeL1UHAnQdrTy8bWLMfaVVmYkv4QBmo0qM6EAawytEbx4rB31qMeaoIkFCNHUWxhmdRXNI/oajUHLupL08INNJl5ytHs0WrN/3LXxmKD9DlArtJR6re9x0AZk7hYqDJ2bYyk+zV1quoV6ZvRV1NpbFaaL6yt0o3EbuuXVBMXpzHZAZ2wImBBlbwVOG/UyYpSuRbp9kXBG0aYtZ3HF2Y+4VNDww4WQg2UMSMSm1U6Vc43h+tQx82xx6eAiNQ3lcyxY03re++z4iBet6z9aIhIqW08h8Pw01umgKagmV0fpUNZLeB2Lw2erPh3y+FKL8gjiBVYAuS27+NS0AkstrVmmi6KaivitwxuFjhR86mp/J6KrmcCB1PtwMnXzEB/m545nT9oLdaM1Q7CVDy7Q62E5nLsyIu9Go3/2w1fMSPWEFskOw2ridSYH6qdRjEw+mWqy4cZ4Hq0Si7/lxRU6bDW19XUSf/XaDaQCMaWQzpZs//iy39ZpwmEXuYFBJ9WgvN4keeykasHSpVblj+rt7mPlcgq4ZNmzHeRSd3AS6jvqg1SYlK8J9G4M8KbaMFZV7SmfaOdg5BVpkV29+giUdfkOqk5jNGFdxJf//LowJbc/D30PqnMot58oqrFoplWLsmMBs56rVfDY7lGJb5DzU/KIHIjjWDIPgrkkBIhWyjsH344nEPaK56XtIr78FNMOSGQOuYTS6DA8DBtbLI0uTWbMK9opwfolkjMlojafxVpd5mVVd0CZUjJDMxYXWSImui3Pi+6kyFPGy0Ae4XVNK/fqXTm3o9KipeghgWsoIRxy+Cg+PVW78VJVx1fv3DfdrXX1lDvXerBI6LQxmYUMOvlQW4lgpzHFG94qOXMukaeiY+zsHCSWwkbnbO50IBRJxBDAgxsy+dOWGgHnaXd96B+S2Dg6s6IJeH7kuoGaVuwdSkQWpaBUCJhvkdTF9eUiiRSaeplqu6GavNZbukCQNvSZ7WHBmpVHKgYiyZACo72k0wJNlNN07eDv9LfO5PZFvxfm5vW+DJCy/ZaIKGM4CZu8RqK6tyObY0nW6x9lcwAEpjH9fbexV3cpP/RgdjYIOhfh3wgKCj/r7RQ12kjE5QrXGgTjTbLYejfuYnI62udxYQKw9Xcw1Gc2GepGJv4RWvGhy7xC1qSsPsmQ0L6we+ZyeFJXAEKTun55atbMma7pN6fp4syi8PT0vtVmK4GbEzj55/3X/QhrSoHVhMoyriyijDMqMSL5y2ZfJ5gGtO0xfy6dF6faqWjT+lAROVgyhKlcIHuSvVBZalGg8/HgKRm+QRxtfi2Tl/Md1FmZEnt0T+nUTzv1FLK7mztX+J0VtZKl4WfNnhBlmUnuQtD5dso+ferJ836otdliLeOmq99paLjKVrMP+NMXDlmvvYtKpXki/+eJnDWqihfFHWpATMt/s/f4Qjza0LcdP3R0ydie8HLr3gNqP8myC70GJqAhM3yRFZGLX7qpxUbqwUkDCL2W7TGdF7aqC0HZKkk6yCjis85qUm6VZH2Unz0kyXfASU/ksWBLBDqvSrggHm0I0jJDfgy6hpS0dDBC/xPBntiQPeABGICwl8MbWjWgUylOfecioUi7EywAqWgiwbhe7Uj9Y2dym51WClWmGmN28szzMfbVo4f37/o5uhgSyKUsckvtsgn2MrycyWgiZlUKu77ajz+8vOmc2Q0/vMzDmllPCc1NSeoPyHjGyJfbmLccUa5kb6dWxXdFQexBo9jHR5L0cgjvOOzT5e0YrSTF62fndAHPtrnV+br7dJm5qL34z/7g9V//8unLLzP4MdEZ07fbrQJsQpYhRXVd1/sc0FGnCPVxLenVsb5/+PSP//v3P/nF990xcpOEsoOTgzvrP9XBpwmej1p4zgRu1c3JKlGFxRych9fUg+4ezZdPb24/9Vt6Wv/85TR3badY6xsJIpNGIZjzpk3FIFwe1inzgBBnQ/zaqxlNv3B12zhbprYelnjurN8AbE2qqAY4BySXj/tHEj2nfOxHqXJURPpC7SAdlGgi4KEMM6Z22lV5ZKpfdW/j0XaZIlD1MskbSQpwCXhyCPXvXevYPsOiSn+klce4goBNBtT9BcB7b8PmCJeOQOqsNHNj2p8nH79+emchvnM8WgvEJiPrCNxP6WR64Bdl5u9kjaWV5/WJpVST0KTXTMYzm0uM7ppryYWVAegw4X006LRfW60D6GmSb9/7tZbN0172+F34yp/mcUWyEORRqszIZqhup/J+vObJKXS3GDBaJnLhyGnM2DmGz6pv5cEy8UADHocZzTqvHnQJn3l03Y6pToNKyyNdMe45/Mb5qN2Jn9Q5c65l71RzhdGYibTxZx9eOOls58Se5uyhT6G3aIW6F3+IcbfJ3TTvPCnQ3lZzOxH/6Cf0uLOa5kB+BPTpa70282VW86s82/6U6OaT/p3J6TkHp5upRodvOfpchQ+VoJbtseWMpnP9LIMJfmPuQ90xhzpT8zRkX9ruF7e6uWOdhjZruWZJmuTT6FlZA0xwTZ7PD9hMrAKpxjO/GZfnLCERRZ0GhXWKXHP6BrSnuPdazGXoor57XZrreVZMa5r6kE1ZvvNIxIkdTwBn09v3ATpZVXj7Dumrfg7UwNcjjO9rG5NgXhB5XUJ/lurNToy3UL7cdytf9pNxoX0Wb2/Jws60HjsIybr6n/z8uh9JfdNjrhvTCvfmJ/psll7j4TmclkyJM3NnPUW5iwcoKYp2j2GbGq63zHWNBg2Ypnau9JEd4vW30XNzjJzeSwbnE8W+LhXA8qDHwHNUniIexzoT+CPvdXrOPk51elXxcb1HY/vr25Lmvtmqkdt9mLUtLbqfm4Sx31JtPGre5ifuM7TGFc7T77FpOQFywMNmpHZjIG2Sra7l1Se/0yfHzQw8O7ibBKLUyxQu81oXGsrmc2fIleGJMjVPBQecWd3xJbdGz7g+MPJTezrS/D0nubGkAOsucmfZJhOO06ypxsZVN6/vP/XLJRmXtnnGQMaSlCNPV4svy5kELQ7H4Xq3GuZ7RuWN+jjXTGqJLef1Lef80fJ68/sNcglNOGg72xp8Y3Wda0Htu9F41TNFL1kMfHPalPnFi699PSXH7dFASdJjNFCacn3omx+NDUUmxZInpbJI/xJ9s+keoVnyMZ15NVOlkLjnxjdUomzpBcNSJxm8mesEEHHB7p27KpKNDrrL2kzrTHf7FeRyRkMrAL3J0ajqE3PB00O/NPym3zJkRT+sndsgdB5IttOkrYLGmoR+/MuvmL1oftM5/f2bzjnfvHj9Pn/mpcSafPoKChAQN028dx2i1gl3JaGWvAl34LPX+t6SGp8cOfh6P5UJY5RjViAZ8ygPUVCPzCoiwkCDsPnICMTpjr2mQCcPt18YRUwMZm3BgT78MQLpp3b5rAai8R//1cArwThZpEkPcc17BbwINjw//sDVkSVr7wnjFLqTCCKAYWCUFIBhuBNqdsNkAdPBxl3D4MnNKWZ2sGItP7r9OKraSe7vemC02TahvOXYVdKER83BiDM5doUW5dxPsSPlHUvKu75h+PHb//TvvPu9/8A6TzI0BKiTsqzjWT6GY4bkgPaanAS/vHq8/dGv/ejm00P1Abb8V99iISUnWdSOXZfMOJZzBp8AFRGqOYeNagaxHRxtSJq+qFI4z+2NoVj75GC97GGgxFSDCN62gaZttXFJwLulOx9WUTRffPwf/X6/ZPpNI83dvdksf+awpMdFBAZiU2khrJpmff32zev65m/evv/FT178sNuI/LKmmQ7/wx0XjPHPpZXIO7xkkX86IHCVOBvP++0VqdvGgvdv62q+eHn7vZt+tMdaB1PYmfs0kKQdm1Kp4S650CC8/NXHDucqzlVXjlgVkcOGoC/vb/7WX/6+Z6oUEwPvXDTTj4uzy4OE5ReHX+kVq66vnwj5sFMUXY8wiMusS1femr/mkFAGvipi5NTxQ/5iU9iUQyfRvFDiOOCxTzS/RlYF+tFUcWRXPMzj5nxr2kAArW5sz0JJPh7BpVrPgHK9RfHRqTz8+o8fP/xgoTS5iaS/AhUN5C9u/tVXT+8+uE5VfzCj5gKGE9M2tKzIykRslFHdX+5uHf1f/Kt/EsDEJnjuHaps6gzk/v4f/9Hbf/ln7+ukbeZYKcniEFhTknQmcwY3DtHoy4Wk82Y4e7Lvm8am7m7kq4Rq2I1+WRo0RZhE5Oxz67xZnpEFp0xJURT6wD4T1fl/2+PT3/qN+7/3t3/w7tt3oYIsHlH5ztWXtJVfqPowGExvDCUSJcAw5DsAvHuONpby21pmwstG0zHfcPv4u7/zG7dv3Bbw+K4fRuksSWiaoef8HP7Fm5d/8Ne+XNeeAyQpv8w5Wby8C3GlEGQB61KgqQHUdmAUXXdTWFgj+yDupOP9w8ef/PEvm8eVLKfbiF/v0mNCrUx++OLmxX/0m4FtcaHLO5uIUHBwCFQKBkcD5jYfisIJwVyKI2SVqI1q7pREOy4+fcqEWUfOZmw+DumEdfjxRTeA56CieNPs5v7+n/6kXq17fIWDgjZz2WEqTC9f/fyP//hP/tE/+Pbnv3x66Ffou0vtQ7+KLesCWJfVV772NJXwiSm7dtoqJ1+1sPSDv/zrP/jN3/jQKaLWA18+T0l4hSmGpa+MaSaKix8Gt/GuYfjDy3e/+vTeLz1LvVjC2TzOfMyM+XVfzHSvVy6oaewaUV0p72blVZwWKZ6J85agZ2BWuhfm9Z/82z9++8uvreeREaM+sHp7fc4T4YUQ4na1RWMOdzYyv7/tF5JSEUGdqu7zOLiCk4S4Z/H6IYppL4Ofnt7e/6Xf/Pj9H/rmHG8PWb59+boLzAG5ffO9f/+P/tEv/+W/uvvsM+L0lhBxgo6tQ0ZGmcnmcVXl4YHOtZLyT17+y3/+kyYNLVHlwts3nseTK90n0y/dffj0W7/zwy9/eNcTHjNvbhfDy/4+bdS1x64kU62hdsgrQ9M7d5/lKbTWmMPUhYk//Je/+OaX7zpJFn+QY/f9hw6aRjTl6UApf/YhOAVhwuq2UqIlc+wMhaT4+P2hJp+dPd399Kdf/9FPftG9K3WA/Vpig/S7b97XdTegZ+XtXZMc7bVX4F3UNQsUg6SWbg9PH//0Z295sJ8P7Sc7bjsFkwCP73w59uHj41/68ZdffO/zfuuqh8G9bjJfj397+/j4kAl3zX0739hvjdbc85MR3CSoEzkui/rpfSXsYmJaKyvQDZwBbYXixcuv37386lE2c6cAnobcjLDpaA40sXOGmqcTlxjWaAvBbBrS7+d2Dlu7eqq7WYI/+H7Unovw6enzm7ufff3qf/N/++X364Z6YPIjS4vFc2s9eblp2OJ52k0+z/GlYRJv7n/4N//mHzw9vK1QIsjSuFgEblknin7y9yRdKSmLqmBO9F7CjFkH39QD9xpXRfaQL4/WvBLc56qkCkH956BEiBIxyZkG/EfJhO4wwupSXkUbuvp5YHQv7cmuDnYn2cuX33z79c++/nnThCjEZgpLujqbnKBh5esJyuzKBiz0nx4e39WKfvzDcqJwnOycbdoRH/Fy5P401ArFsANqGiwqALN/haIa7cnzTNaP8MTL129e3/zoi88+vn7jhJkb5qtxsmUS2JoU8gA8eq6aGDh2+jkTC3XGuE7h3v7lH938rd+/q7+RIs2FW+w0z60XKQ24IWqGC/0QNoK8eFH7eHz45vHNyzefacjiI/vbMnuWaUanwXMfcOcDrA6j87aD3rK8zRErzn7cO9PpcJ0mm+2AgWK03/mjw2NndYFOyMSgbeeZgRnrRBMV8Oz7+OBLULdlcvPipnBFvIveRbXzhNbGOaKOw9dD2M8f7bSwaPni8e2HG+sE/Tbw+6QO3AkBDBlInQ8plMuNL0OTfEsbF0RpGTNN+eRVZxZ1i3UoD61nvug8LZwlELeKBmO8mwAl316CeHOOkcliwEfXvhnwQmG9hzswIXeLeD83e/N0c3MLIsnNU/BKEV6YS3SfqnpPZJkdaR1QTb/TlfJGOXM1AHV9ZK8vdiZKAl2SgXzWMn9ErS3v+loK8MZNzHHVSoCZ4/K+HVYPYqRkR+RcY6iOzeREsuLFYwGAAvhqTyIFOn7Gbu522on3Spbs0X1+16mdwVLPzhBT7U7/JiP21//2bSlDSMR6i7WtmZFpqua1sDj5i1AHSgzFbSbuIFbZ7dS1JFqujq7e/uOLr7/9+M3bAsimsjX4z05u0hCY3fsIVQYXp9l93EZ007LCSSXsJJf+yTgwh0Os5rAKeVaMVLCIn1Oieoo7TpH2DstDbvm1L5/ePjx9++T3OHm1VNitIBO5uE2zaJwI1YKiMkfmMTMTOxRZB3FuKkh5IBQXUYm+GX9zA+Vt1tEtlHZ2LRqR9+O7LSXmx9bb3Z5nyrBvbn/68nPLX/VQvZIoBjNTI6GB6mGcnWsp1TOR+hFcSOR0lLk0gtS6YPJV52b9mn2ic4begQeD5fQ42uifvndT3/jUt+0ms3rgSdevMqfoidhROMcB2CFc+4il/ciaNi5xxFBUSjASUlvYvCqfP/NjCHEv4ykd5gcr6bX12Frky6306rhaF7QSlqM4prkc77SC+PWv3v7pfVPkJvFJy0RLRfXLlublXF2Hz+RUnNvj8VTAPGCWHr4eKuKxEJhH0xunws3Ic9h7l9Pa+H8fUeffx6aV0XSXKvbWruNKnZ668FuayTEJrFRQwtcpLxfwSRUx1+kFrkrz06RvGuBRLbtzJNkfPj00BpRJMeXOzjp6kUhzPO2xJ1eSCH0F0Pb36EmqtK2/ynerzx+Csc6fiZpv/1evospAk5s6WXnx+v7eU700+vyfJ32ftYMeANDJlon6h54ARoFhYdFMSc2YllqEEI4esqDDsJbcFaV+J5aTi+eHT+/C/e6bdDTlfv3YzwO/fN0o/uNf/3D3niq5oym51p+hBaxYJ09kpWue4QtKp6VoiACbTlFYeEbTjs/Vt6L0+PUv3n79q/dN8n339OOHflW907YW03fRzMN87z/vpuHSJtVpEs4Uy94MLoHWSHzzs8AMUMakJSNbpu804927j2H/9uFdQD69NRsbnKeXb0vX+B9/9OPP7+46Fy1VCG88bjG1/cC2RP7+7cMvfvG25W2526UD7but7wN87PJdv7vy4nsfPvtBydJakpl48nVxbzrT4JxWQB6/3W9VCNxJk7Ky8cEEL5plYo4D2MFUZ5Xeo/8a3cvX3z6uTw5dKYhGK1tL13F8ef/pvhS29GydmHNnWN3c7Ektq4tEp1x5PxE3Lfh3DUPx0zcPN//uV7dvvu1H0pvDEFAUdIWiagrUHpiSHMLptVqRp7q974fff/prP/r8xd2bdAbCWV26QlIa5WpLCWtWkYMuAzSSdo/N29tRsmt9/HBS9Kp3uBeVYaDnYkrkWVwoVhJ8xh8JaKvOVurIBGAUz+o7RuM9s0fC1AuhKzZde1+DK6WXuXNOTanoGF+S17p7v3FQwPPuXBTYiU2n60v9zrsunF0RpGXOdKTXhQm5RsXoCpzdauj2ItCZLygV1NlwgZKKwuIiRIX9Ap2eoqnAemVPAomygl6soiPZpB/udtOgLkRmu5AkG1cVfDEkY7ztKvqHfrT+ft3Nu1bUEt3tLH3PCkP0XNF4Nm15b+DJd8Xy9r3z2y5G5GLtImgspg7J0ZtEVldzUAUsd0cCB+eN0gGM68rGSGP/u0tvNdVhnFjEGEk5OzN4CR5X6pMxn6RgmC76M750OSwBGxIaWnzHaumwO7oqT51LXY0QfusnD4rhmnfubGsBoGDcfP7GUNNdF3WftYJGUza1yaRq2FRDGVZFdWg1mFnPZRzD0swAjo3JwwJ5lU2NPJGMYn3iSPc2vijjQFfCjp0+jGiOfMcJX2NFEk+H0fBP5pc5p+8R9p/wUAAAIABJREFUYHfFEhoJi9sFSL+fB9QnqMmfvuv0H/VdSdsrIgR00yxyGf5dZRUV9iLdB4Hz0lbNpjZccugaYEax8memALFMv0lM+9LbfoJQXkqOF5SnM7L0rfIYdIgrpy47lPa/b7wwO6B6tAb//nt9+vgeVhVCObc0ALi+lVe6aNOkqY50/UWSjqewBWtjfiXtpNaoWnNau6KllrMQJyU/AnPaT4dzUbJ2xhCIc8FqNraMZw2owU9OhqwEkWsw0rONURUUqj2RhqmrgQCoPucXceTVKuuKCisPeCVpVlPZi4Jepl2nJyjy7vQgJQluC6nxmxAQoc9J39TEm3OSVU2s6ZBxKVvUck0m7mKmpEpNFUmutoMh4L0JLWdVFwlxn4s2gXMOn8guRmhYIWzy5MbW6Bo9mGVuN+Zcd3mGlGOi6UKasiQ5eBy1KTqK15NdHVhf9zF9McUpbI22t40B2qnpQypdnu0GmPAQlTI9uB6uKXAyi/IaN/dVS2tF1k2KAEuhObrTz+dFzsTFZ+Wj1yPPAapjIuNwwR3mqT7mxJjNmnUbNy7Q1gAswZpPaAXACiLmzSaD3P0Ccbrz5uHxtvvHb18/CO/sAgOqBqatOuZdOEqy8qaplDZRkNOK0i3C5UMtjGmMKmd6ZZmSaOBfc3IsuFwm1vUH1q0rgzN6592F1fqcpkTvsX2yKcv3k2Avs2IorLs0V5g2jJMgwcEwp0xWmcU1zQnysXSCoDKkZCZIE6wc2SKBsJGTlaPxC2XOFw6czGSpgCe5YsGt4IRiwEZa0TJ16zCf9u1VEdCrGE7cdBE2DcasiwWSCUZiUykviV871mTO9//071XodvQqp+UcBwSFhIrzypsGOfeJdLvIfQ4WPxFEwn35wV7GuJemAh6GwEqq7mlw0LBVVGvuUbpWVu48dXE4cyIWSKf6bg742Ep60+ukdWY41l350R9aF+ccVoQ8GiWgnLl3H7lfeS9hkGktYLVEFjSJ1KSJNVHFt7UPLrawYhkEPhbwJKIYasR+6l3yvuwWABYS/OL1XU9c7gbXug9PQzlZJFFj2gBRVucx9xiuJ9evBwnOprBSOqhiU4LZ4TFyQ0AZL4pLuUqmj8jawt3M0hw96pgCu9B3ciI5SYoyWkNGdTJHtnUqlTa3cPRFhoz98L7nSnXanf4uT3eZ7oOnSRSLinozcQ+8TqDYpTf90kwccwVUvX32+lN3nzrrBthYu/NQ1wwxMW75jZjD18tGy8rJNBQQBSDR6ooh2QSc/DoM/MZC2tsi8ra2XGpNXuYDy6FRIlOg59nnOTyUFdPMr/Wuk5VoN6VkemlTzcbjYZvKTOnbnJ23IWY/CYnglnCGaurrT5ysopDqLlG2n8y07x2tzoMAZdEtXpwlfIHdDhHIUtJJ/VzOgMq0ltN+Z3bDisGlMa2llnDXX6WJ0kxNCuns5+S4B4ROThbrInSRJVQSUUy+1KjP7/JTywqFr0voTx8e+k2SFiBgShyESS/N4ttZaNyB6QwyXhP/finTnIBYaopU+3hpUVZ0Nkmb4r8QNd5BEv3BP5SKxJewC3e93A4VwrOP8SrGgLi3w9JuZiOu6oDKnwgrkfcukFla2IhdKjuFM4NrFAhMb7XLyA3FJ1L9HMZlUFSNEbqPsiIPeURj1/86d7irz8wNZh+FUqNK3UllsQhUviLTlzagZWSK4apNZBaygWAJJBXPKvd5yxlt7uog45q1LDq8GX3smysc9dLYVMPSf1JQjwI5D5OayfIpgOkHpzq6lruVS0ZJNLy1qjh3EhNBzuwafKoqlNpjDmoddiXKQ06UhhKfTrsdicgmfmYazuqGj9mc0R2YZA49+djjRC2+OVJGaX0VM2yfUWEefWXIxxolVGb1SNdRdaKbpo6CUWRJ6++ZVWaS6W3NbT7IyARkjjmlIbnFpG6EMfc7RuSC5iVJ+q4noS/BBqN1KQNfIaW+1phbDZChtghFXbOW7OrMvHt/c8/mWCnta1u1OxcKQlv6ydBooxgT5ydFZ5XstHSQ7ZZpzV3AaMv1UTvKYNHRGeVQg9aVTahy3DhyRzIuwlpHw2bSEqIbYH9kRqFWKBLZsNWanHGQs8V3uvqwitCY9Z0K+vPY+icnKmmJVrvSW6xrHa1C6EAXIoYIUsumGGq8VMidPFX6auAp163C0P2v5HXKFMAI1zQ3ZOG+TOSqVSWyfLFPn948XQmtrE6hll9/X4CyOpN1mBaBkScqng2f81fX45+6HTnAzTsKrW6B5zXJ+Ca24nqS3jKoiIZHx9JmcE2a8vk0FAk6TNzB/mmd7gTSP8DDLZPikAwhkk9mEX7tuwlW6Ahr4k5EaNxiUMYuBImGR6wm4wgNR7Tmo2WIJN60vQkjP0szkfbAEfgZkIo4eS/52gJNhb9yfaZgMti3RShPF38ev2Dlo5xwbgeircIEpz8gwjo3EqslOVKXHB2WBcpK20uPQGvYM2x6hbKMyEwg4pJwYd5R2LS3UMXilCWSKIif7D5jJ4y29eTzKAscyrs4WjE0eIKGEp71soIi6+Lnjd7Wzvp6UcHOXvfE9I2CTa5eGelrYD1So6yrm+1eILNUDySQVADoBPg7VWkvxieZgrAxeC7h8XmJ05tez+B4GrjabToe2FxQVZNqp6paopDJ7pYkSSc2dfye2goq3Ya0IwVBqPHwSnqQm2CpywcycWzOi1/2hRy/TZh/Hzx4O9NfvHzfd2ppuTKHk4hdAR1qgWheVVTqyEWd9qT3NRtj74dXHskdp8WElbuwuG61YhAn4kS2OM9nxUCk+hrVQRi7zicVMYf7qbW9ubrz948fu9Bn0pwgnmy6UFWtO9CkpoG7pizE60fkyQyca6p1tpm/p+30joLLzpke1xzb1wtraGVCU5SANxRQ5zvrjOZh7glFHatZTHjr31qrbCDy3Zta4scX911WqmXVAixz997tpHf1z6m67Wt/zWQ680uMxS6dPxNEz1MBXA7Jp9lR5hU+N9ylukeCNlOMOsd2A0RECwtzZnhJJARrpaeGdt4NuhSgam0oTm6Yr7WC9sLixROIJqU3iMY53t6O0sQtKdXSsEN10aYpgesYgU/CMHirdqFJZK28LrGvi+TS5a3zMT7PawvDXHJgnhE4yyZDp1LvNCVDO0uKRwqkU67iD106ZzB8lj13Bg4vvMMJfv+g6hdCG6WeCpAqWnuIbg5c24yyeBYHwuNcRmQ5P2GoTIQmlMRq9rdagJWk7XQjVnok0fmWYAOltGpBO4U7jd+FwVK3bGjQBaSoHYmei9XXbtK0jCc2dTXy/lgExvm4TtlXekDPMB3ngYsMyFiOofNQR1mxRYKq2XpKzscxNXvG6j3iZweQM0fQqa6jqV+SLHUrLIhGirgsTrijxbSCxCTpBPUDjhNF+5qgLr1K43Q+yu2cOXClxexeoogSyTCttiqeo64UEW64qtc67DmQKRH0qudu9DYOmZrV3DoR8jMkNqSRRHzaF0Pq9ax7zszq+5ychMullF2OymIJv4IEOP2s2lwOPZk+Y0vpDIEp/Rw4GXbCpRkErd42s5Mga+eo2A1UtUKmZ1pdyRxADpKMH/YkHLTHFhrV1JJ6WwoNAKHTvIR/9ijquWKV7S2OszPh5SBIqU3j8cSG+oapiiAfOFCLRZRshZUVKyD7NMoKoq8XbVRerxJvVIwrv+UBiyxfJYZFKZ8nins9h/bEe+aAuMIVNeG869JzfICwyFsHjYu6o40B2p3pJoQuupkhCM9culH5THIuAfoNHT+ZkTIm/4eMbe1OM/8TER5Nmq/rUtjNUgB8rM/vYPlSzziQ3gvuyxd3t9011+m0sapf4WV0WSEN2TUzpm0xXFyGBe5cAhyg0e0lOmFIuoExUfkCkooV2hPVPnfANEN0Ra0j1jI0BN0SzfF4fHUnKnnRxL3HXTz6nhxuT15BNYmJ4baOy565jMbpODZYY+vYDWp9bjhulkar9fG5y0R2kqMsOpr9FjKjyDo3HlSdghzF06FrVJXQaa7GW8EFiUsKfQViE1OyWnhZxKJubx6hTDWX9L5q/m7HV1NjnwuSgoj8yCFIUS8cxjnjSq3hpHK4Z/YoYycZi6wocWsxnJ1rgk5+UjY7DJa5w3DRuszRokRvUFicJXKpPysgMPVOiRnDzuCybE5Q2J/zKnzsC0q9DEABwLd8pKDKkc2rqqdx8HrLlMDzGzlcl8QlPbY280TSJ6XgnXs2lgkpKXmogrPPBSTHZSA7iJrqUGsL+WYVZsESQMfYEB1zcnW/o4cpGeupat7JXlAJMk3nAanfv0wh0LqCmV+zWwX4FzVOQqAgeNgWBFCgFpPTksvHRE/uoUxpk7r6pLhkaynWRQDqY0ws+2QSBCZC0c9bcThhgzn7VzbF7SV/XTx+CxPlcClmDt11uW4iqfrurgz48OBGvi4AOLOpOfQ9h+7iXwb2TVnRO72yNh+EUGvIyWw3qExd2OqJgy2bYXv5vU5nBzGTBo65hpDc6hLJc3tnn4D7RnVim7k0AU5rrpjmHNINACEkJzO7wNJ3SwRPquiHNO4FU8+SrgLGGdq7XUstAgKMlPHeZ71WVNcVZiVJOb1aXHqTGOIrdaIEMEUlAZLW/mSQATrK6njAFCU6qkRtw4JUq7Y5eWfm3T9clpjY9gvTnVJmiSuTqQqLBW7httCCxwpAn2kro/JDDvBgBWa6KcJ17lTXz58lLm5N+1qtpE+aICi6arYnmx2PIk+YGF29V0WMvFokCZlS0RwjyITN10bTUGhSlbaTk8dLIb7No9rTcDJphQRdms6AUArlcOSZ4bafTYeO1zz6sYbvisCCniIuJVrIYDm4tI+DbAXiHiCDj7YwlGmJfVkqKxgyOR0g5hZp7R1YRlZYVXvPgvL1/KbxzogiAYfJwNYmpuTE/cAMBRFDCtrCMM0XgPNBzMxi2eCx9+CTUfWdjVMqWs08d3l1z3tym3+WGsExajcJshAEHdL8X59pbscMChKhzTJJwqLhocoXnUrP4SpiiSLa5whXcG1Jqqb/WdIVysrn5AmcKYlVOTMYAr3GYO85iAkOh6owTVRH3L8UYJwY5PSOm8UWDdZRlgllhThdpy47t52MwtzYLxVrbHm/VRRroqk4fpjIKOeTlM5hwLWj017RZaARej7J1NjTl0K9QMzKgevL3ieju0Fc9RqsIM5UXikDMs8EZRoqlxOzPVFG+w5FBHFNK9lFrhZaZcQCFd0AMh+ZV3TNldoScLhK7gBwT+6ozwvputD5AWLZv8jlm1palGxIELaJ1MmkE+pZPPliNHMGnQL5FdEqRs2rMZosg89+n0csSv9BZuohXZXeLsoTmUriEII1Gr7kc9JABE30kzDkYKD1YVU53xX5gLeWXH6Yt4gIDGdLUyJk2uxhN7nJf+oLdkSRNWqYEG0Rgns77xaN9QR6W6N+2ldivjhTLzhOwytYSifN0CixbGkoETYykW5xcfCO0hk8zecEeHany/kGiplvvGpf6xXoseuf+mUyIQAkdwagK2g1g5YKWlGybtL9QAFwEm0+MxISZjaXJJ/xMUYGpqcSZKBbhVMQwQnVrICAIqQccY4vEfGGLgzlm1OVvkV9/xkZxa2aphcNV81qEtjKRlN/TeQYn7Pq6TKRRRxf04f1/OisgklJI4g7ajaTf3oKXo8O45ti1mnb9dSObj9qBBe60+sd8KlrJk6qfJmwOKOoRG5ZYOOqdPCI3SqXvHjiZDKM1W0qegjrcXS9ShdGvCMEfG2VTOxRTXy1vIijBJ+KHgjlSfBtYevuh+aWSWP3uaNGyw1kMBp4JiwXdzJzThESkzeGX7xglYhaD2J4K61TtGJUG+lt/c/UJ6MbL8W/cnafzBY3jmi7uuSdZWwsnaXdd5B1x9ZCnMOR86TWZY1kDUd3dqhCoV2kKU8cR1axWAdZztT/wNBR08G+4PXUArxn5SW52Sk8Yr2Ux1F45k/DZMOH7KQNGSCMH8AsFJpsO+fcGWri5JRROx1HpEkLc9knKCVWSNYhlpxq5XCT9KXZ9o93Eny6G57QZLi/IOZF3tRQNtuVApqIuThHdB5RjKRTq/zJr4UWFAbUUHor7nzCn2udnBl1IrP8pFEFWSnNJOrEhhJDf4QBXXkI/MhYT5xs6twGZmvIrbOage6740gNP825YBaCoYU/NCQm2I1MJc7Eg0F94kGas1NLJXbOk7+VV9Tb6R5Ajj2j+1/bCqU7NtMgnYhp61fRenUjImnpb0qT33ahhdi8p3H2Nyx4815+SKwyC2d57njrSKQrzqwCR0bFVaAxZMAG3AokriaZ9xLqZgrWWVeo8+9OnqwooDcPj5++aKGlu7KkJe8Eqb94ghyaBkVXo+N1DmEiV2VXkOsDN++v46Kiv24iKhhsL2FcP15vMpSEdSUkofWjrh+USDzL8chY3RYZxevgGSvgs0NSzNrNEeZ2wgZxsmd2JPMAZbijsxt2lCLAyctD3d5JvURXaZIW2Qi1GuSUb4/qwB4hSShvgt8bknbyLF/rqLFl4zwYfTFaljSrEkezvpM9UeQYAOPOXemZjHicExlR8l8SLdmkLNixHgX6fN3AjnXYRytpM+YK+Wyf6bXBqM1LAygxyE4msSqEjOycW4gvs/iDpbNxSLkHj/ZU0BzN3WwmL1JS5wT7/jKrsbudeR1n+hd9N/kEPgJCi8WyRrXuXbjXsUQRVaj8TVEEyc0pnI98CCM5HfqIUjieKKVBZnS4EqbPKrIaDyqtK4E8F58aZbEDhijkS4fZpUMIiCoi0S01ImRYTszDVIJWG+bYyWsyV/C7JPrkMUtNyHK3Ruiu0JpOVImKHpLM8/UAPa9nHiV2aZhkP7vIqUxHuR7IQdzSj/cpZQGrVIDWQdOhSnoZpk+tvnMA2SdVGdaEo6Ou0+GUh7p/FUgJP5MJ+m0aUemoA5pjRlgn1xYFJAuu8S3WZvXOB1Mm7omcKcRK+gFs4eRl30lyVwlYAk/mnMuEtPgQh8u6PiTDwE+v42EGIOG9bWd+ukQm8xgVB0lcUlUp2TvhEvaqgi4Buql2lnH8GlEiko+3YwVgZNqlDnFyANar8nU51wEVWBMDN6lq1dTuTHEPSVSTvrRT1k4dAYKmJTFmaSlUf0F73EpgIXHgnNo/bpnXmUXQLKFtncYg0nIOYt/8o3IA1ne1D6KymxowmesQMs5zjxwP/gCZ49pk9dq0SI45W53BzgODNA1JhVZxmwCtlQmtGiXZlJF9r2+Plbtphcdl60BoIiHpD+C2wzSDY/V3YWt3NsVYBjA2nnlFesymZCSzu9DxBFrT0RdGmENErFcPrDPb1pH3ZcCcSEkSggJMXD3Zo9tjA9U4uxsFuEM/6iW4G+h43k0+6mZDFtJbdc9f7cL67qR6NIMtLI3HVfVs9STYC1DFzaWu+/XYlM6yIXDpHtBGGaZJseWHFdWj4ow6WPhaFmXDqqLoJWKBPaOT4CRQSoCXOzrPk8Sc5KM+BO3qoJiZOdMsIvHCysaYTm5y/hlv9eWiF0eSMqdes8rN2DYtmA5okx4GacS4TKwEpc51kVEInt9ZNCL6ctnr7i6tWo8lHFAbctkAOInHprQnd9KX1xynyZ8E6SMR6FXGIquJKSJxcbgU6GDSxug41dV3wTIKNpud76auJBselBXELAjM0Kc3JRu5ZqkrMtUas/hIIkENxPBjSlLybJktYvypDSUhtRBvORUzT7vRn12nfqY09S+rm7h9vLk3ceHLEh6meudr5T6DGqGSt1jrWHTyiacmncZn9mRD56vUSqMq4Vna5nwPitSUxgUzLy7dYOaGlE7o8eWVdvNtcQx7GtaK6pt3MQSFMw8/qtUwqad47Zw79TWOHm2NARrRpKymQog997WviEvbS4ygVxmI9pwgnTgkTRa6HTEpSzhIEcO8d2xQw0e4NxWnL0mv78Lud8hSMx7AO8Pdb6WJqNl/k4EFelPnyIpCLoVt0xNCyQc70U0VAsSf6pFacIAfOQzsh/go7L2SguckTTJwTf6uU99OHijX3V2W8PKBdysiWDtCFF87+aMZmqB1ctXXRt1Q1g3eJv1RyH2aoGKYxmpKwoXZDmF5vitt5gAMpGh5EelxJPDto+6cqbQp1YO+QglHBzl8MSOFvKOxoZpJ1NvqT8c6AZGAiCBImQIQxEpUXZgUOguOiWDxXNPoYPyiqyOgqo82yhYAEdbXxBN7ga/n8R3f5vMqUtvwwAkY0B218i5nFEaQGLQrhXPgvKn9sE10Z69IUZILcpz+f4Ydq+eyJVDk84xaHJpygaJ1VhNmqaJXdwM34rTwF6b6ZGbxXxSneaSYSkVkzkNzsMjnrSoz53xGwX5kubqPys1XyrwM9IhRLKHpGQ8ycgPVVp2Dfr7bk6L1o7TWXU6ItFhOw5gNtgFCIwjBO6WXHwZgwEa7JvrnBBhEYCW7vsfCycJ4VDKhLStsfMdxSnOEhmN3RNtdryaV0eVv6VeEFj0uyMm9uTc2XxpQzo+0bDcnUb7/eP3od48cMWevg+jSZl/DT1BIdGAHQnCZEIKgJOTy+Vo5CRsXZuJ68JmFeXzOv9NW+3VRb93QQ8NWdc63arK74aQmlNzZTw/LaLLvfYdwB34z52MFgCcYne2JXlMmv4RGdfbIF0wd1kKl1CKcyOOxvPLy5Zvavs6kXwWpOoUXERD0JYOYo6fxbXssspfogZzydZRVRGrkHH8Sk6K56fZOPFiDc1GeIXZHb0yuSmQpLw6EpSktiIpLbYhRsZefp50Ao5M5Do/hyB8RPYEAmH+r1POOPtH53CJz3eU5j0Im9uk6d0biOtraWYiA0RbDovGoh8eL4N4zT6YYkJgTys7xjHab/NbXE7VcjbVds4Gk9GJEnUeHTLKcnwJpXbVmxWqrEyny+JZDNN50qKacEC5OAmAg+qSq96OoSjKMO317LAsbbyA0o6rz6GeGurO406N0mXhMWDj4y5TWcNGeW3BOdkMfeyRNnoPXUV1Qr3Y2LaxLibcsVZJVVZlhB0lJ9pHn8dQ9KaUT930lwRSjKVXLWU7ahaUft0xp7MdcO/m0SVXfEDARq83O1CLTIbECIuolTY5u/tIPJ3FfCHephkeqCW1Sqm4a1c4uiNQbnAuWixXhkTaBKMvyqX6TW1LREU9zfSkZAkfE7pW3mFnJOcyHHLiA+Cgg2x9w7SIFIdc1tNv+VoVz0lIq11YbipMeTNHbt8r4IdcEvU2fz+32aTec0xhozKdYW1GtKlU1jVD6gQzOiQuPazJrWB1XYnZrL/2pW8yS6P4Qv5OgKseh9LirxErxTMj98ZIWu89nHbmyDWXaiKXZVdI2EZ4u7snBuIkeWccllVNhZRHXoirprAbaJWFeYfiq8eaPzThrHVMzP8au6gRgSYswVLx6QkEiBsOzpJXWiMQNRyjSxFulPX2Zy+R48qpbySXHnMecUcr/wtp5DyUEcqP5d68iXqnrkwB0s+LYVqjFpXNOk6zuY4umH3bSkH0F0KVafm/xypn0MWEfAXJRiDlLuN5qJGyvWtjA1hGp1lpOpI0Ubd1ZVNtJm/IDYD4onEjzANzp6K36xIRPwvGTFOLiLr1NfZFKbHOw0Mw6oiKd0nbzMa9lP2j50bwdzmT2X0XC+BB//VaKKseS1L4Hsc6BP1LRM1e4vE1XPXqfZHMpPnjdHJ/fluy8xAcgiyHmjsRJ6wbD4V68xZ1TAhd48YZsVT3MswFZowK0vqXTKF+n3iXNDT18I5vrfixDtgxRGqenAr9IIPVDni2ezqmZ+RGT6HQGpvsveuKU5stRwn3g6iAEuNlmcLIiHp1kRB0JRZCXSgxiRK7p00BZVlwW9JGUGOy0e7lyWdPxnKiaOKL7P06bitQPDHYJsY289k9NFdderAGaksnqDSXvr+vuY7V9iF6v6yOWOqKqN0GI/qPnNzrPOyGoOWpjQn/kLxvISh8cjcxMaGrfg92GkiOS2dc7GeY+mZCUGR5PLCIdyhAXw2I3qOe1sEatQZ2Jj462y4F8n3+0TZM/sFPb9/+MksV/LkrBBsU46rbJ5PDwb9Px9xJL3QsX+1jmHoKlXxdWm2N2ell1AcxYSfJBZnUO3BOcS6jj9fKH7Zv36kVnRQkZnjRnweRJrcvlqdX8SOVVxafmvAdncVyMQ2erBNAhVbn/taudAGg7yxueRJckHD58ZiubOUyir+46wsYP69xzwneVMZkSrSmkUBcb7iYPDqqbwlwiAgk++UNLInRjda11oN0D3GLNtz2tMY5mxLEyL62E5KNL3tKgqHBfErz8JQ2kYIQ6Pq20o9QR5BQwJ+q0b5pg5eF8n9e9StojPPJ5K03tGNmSmJp8X3lSMm2w8re0mDoU9WINInWWr188vHp8sPjsW00QcWGGY1hqNBL2SODXr3tcXiJayVvNnvdHXf2iKxyzdSjiDAREz3HZUYUj6mAoqucrxHFDp8dJdhDYRAKC9kbPMN1PR89s6BCOHs9R8B2W8SWzbUzehFYLjVy7TIA4TaIK5ejJAKoDgxOu5Q+v1R5qLK3SpZgT19VxVgHjvlnTjiZk1lobnkCy6rjT3uSTjHT4jlXOtntOELLemV6uDq18CSvuGpPW1r8cmd2zN0FYquKFrSuD3J/XiUAckUyM0ufZ1cybtGmfus2MUidRrfsSCoLYjd4DyVrbXhOQRnnmodlDA5b5vRSuxZRcnSSY3/Y4jaVu6dXWro9oNyzV4jQ8w836EjiznS3mEBAzveGtde2+qRT2ooCIZT21rDusnt580bcnk1tattIsryHQfFywbVwsEMfDc0hS6SfIR9b1lhb+r04uKcsMo2xucJmkggaLQlmSLmShi2yMayrplyS8UuG41aYhcQqyml7+nFIKCRW57dLa/+hPXuV2IiaG5AUO0frOyaWBdNFKWvZM/LoKvQitYNJMXxjNxVu62IhySWc67kyLciB4RtdKQ21mAAAgAElEQVS3cB2InLLQTZdhLK61oyQn12FluduX60rYGQpDwNcZhub8pHq2SPtnVwwhqbKjwuGeD7Q5Tj8msHH/QxkDR4wNCxRtCdh4FaS2GAbAZDT7uIMnl40GvE7nI8o3oUn2ZfywRExmwsCq9ZHdNkVc0aE0VDLu6sdhuUQKVoxhPqyqpngABEwCd1GmjIoySGs+7d50x1UuqLJtOvLdHJlAstqvbTRFqb5+o6IiO9RDt7PbQDOK0/hjseYH8rQkrcV82sEJ6NIHLfeMKfIETIPkKBHT0nHd3YiACUvrU7mS/hqPiTEUyZjwNGbgBCpjUYo0nEGeAPj4MX35B3MAk5ILsC5rQ+3keyrVgdmnjiMTmrw9B38nUvpJCQ1dpMHFmPHikRC+DQuu6gmqssIMYWJr6UHZV9va0eL5bcEvyk31cgVZBNpAtxXQTbBTuJnX5Xwj/pF+AM81WmZQxO2I2Y6uQ1Rf9NM/keXsD32L4r4pux+akMCuX0EsDhHo4mpIt30LC6c2VpXW51poF99e37TMsasCbuQzp9eHFX6GrjuzwzElptYU6PVf7eu0g+VkIiiqs2vXebIQckGwowaois4GYxure12fgnDEr9T+d6YvJisQcVZM5JEjMQI+gRFeevCm4AS33U3fKkmu8Ec/zbmlSge9hTU7EpbmejqPWmre9fD08A3fpKWrVd3E1oOPQpFwMcY2WZNRf7HWyommyA1fvn/dQfB67upNX0knu29aN3F9/QC11O2tAEJhimU1txMuOWDo93L5IaDt1Jqiahjt6+197/D1XT9399DDbt+/62qqL6QdR4avnUCVCoBml/ybivKk416nYvZzhF5D84+Tm8MZizh36NemsqNTkN2gGIkZiK/SRX8EaveN+vO554RWulvkQr1Q+7Qz4b1tLwwVcubiUJucPMYqOtHhZe5GteJTpfgsqUGrJiPbPUxoEFQUDBocHTKCdnDeNzstLzio//Tku/X7Ny9bPvzwtvb2Te2kH7hRlxBtSYQ61K+d3JlUZjlP6rN5f61TrnyzRSjxZOwVCXrkqL4IGJ1NrXJrbsSyp/+FY+fbfKtFsdB39/1qT63+y36izHJw9y9g6HWyMyovh0lK9PCRi0R6yQjp0lcgS8W6a2cHQ5MJNYayoQef9RTYnuYaUzd0F6ky8HXzuVY2AVnLo7cF5LPK2SJJ5yM9lEAfpD+cbW4Lgdx24B3z1qUMUQr6m0/60Ko2YgDLCi6vCK/lqJVmCwz4xtnBTK04QCfxK1rsj+5DTtr1r0m1CxR356bUTAzHKwdJE6eGuqOvNrzAd7wUy5Ptprb/nZmXdAR6M7fvr6ZVCzp9FStUF0e/P3+Fm6j1H7XDhLT8mq+f/L5Sn1pRqdOMcz1ChYkwT5ieodpeAnyWT30wa263v/w+1h6zepd0S3sGDu7cBRkp0kOSdOD2Rj5gST4TCQyVcQtmHjMGRFK/mbz6tZ6E6ISmgxY89FZLiCBZ+wVPZllVIkw2RklJ33JQmFyT7Do67rowDby4VMbtfeaGqO9qPIndfDwVXee2jJ0XPZvLb3b09L5k9g0V7mL67o6BXBDPZ3JmjHEgitxJtSFuGjtMZxRZG/J1fw0MevwSzpl4i2qJy21pOc9MzCsl/+a84+qwqZBzPLKXXQC0o3mHYzoZDBiWC9qOD87L+SRskK30pG6GxJOf4e0/CZfjFqBJNJRj7FW4ZBTKtZh1l4DUvahFf4GY2DkhwQh81WeNQ40Q0pbxPCeWy8HcaYZR3xUwqKeSS3KC8axcEZpGxHiwmn5oBuBtOEjkdX7M3cwkpj3RKZ76b7iFMAlVr7YDgxXiRm/4eulwEjyfLZ/Imb+tqFLDGz2/1VMBPfOy5llhpa25jfdkXlo4ja4rYarkqSCJIYCr7QOdbGvjjVMCak+P2Z3F5NqsuMdIUjhc+zAD4Ahvfn22hHMS9sFDxksh/jd9jzC2JLYpFLamaIKUxRbtwIwiCHmEn2rBtZHY+8v049UOkt9hjidqusnK9C2MJoYZPOjPUfwa8TkqdRWkFLIYdyKlvTcp9N25bgzc2sDpliZouOSRV3LOx0kjAOk4bpvmdB7/HN3HbxWaJjFv6IAsDyXD/K1vyQ1Sp63plIq8FnWOiTt1da2901UdMal5rcfoFwPSZTWnxc9HMxyzA/cE5KX80Lw7C9fwypPcnbQ86o1gO0kr7/UQGzYzR9cBdVGGaj1Jfq4nqV8gNu4Se8KqbeYglatYaw3IxyaRIWnS1bME+oXDHuvpYZ+U6jOprDvK7/WHN+3U94pO7EGttg7i06vHrk9K167GNIdYkrZuJbYbXMPHX9niz/DDKHLMRDJrcea3JW5gakEyTIgiTNDeysgMSs7xagRnjwfg3P+hWIgUcxvz5vyD4eLqQCnmq7nTyMl/cYtXOilajpwcJXe2SYsO/B+V1+ijVXTjgxtfCs5jP7XQ56PflE7Y7vnu9CkhOpJMFH5eYLQkDVZaOz/0mKhP9+8/mOu3xrX1fj17D012bXn3F9Xa+gm/Js1aWycWhfPkZpL8DFySO1trDA3zUqbnM9nmvv0GSL//9fLm/ZeflzF3DUOZ5ESC1U2RzucisDgmpE+wkzzbU5MXWSqm69LLnD26P4vePnSqWe3nJd/D4/tWs/tZiyJZ7s2FichoekpM5wl7mJ6pb1/6qzt+9apfnau5oAtS+aN/GyrtDpLeZZgwiFKEMoW5yRy21UzFXzysYPzXU4AmCBHL4m63/ySzVbwXE1VZyX1U0TrrO8arNE/UrOfgJDh/efXmN37zxWef3dXYNulZEyUBUqfM2U6WJMLq0b9VNut4fHj38Cdvf+u34vjiqWkcP+RJELkjfKkb4BSCWREQIl15OyNRs7u9R6C0aQ3KLT72Q5cf/u0fvtt0PIK67GIzsQxaEzk6YlhfRZqe0lSypYxGxn7J6s3332wx88H1pzLIwBeojx/eP969ufm9v/HFXUsJ3XGkk2vOFIaeEVwXkPwpK3snV5eYUzSUD91Z/fDNqz/5931xvB9Dm28jJ2HeNos8OzzSHg8WpisYZZMmNbbtcc1ypbdRp7wisYoJiiXS4jAsiI1/R8ncuZBHSW5eUcURWJMiBwLIBOX9LS5z4upO4SFlfEYPhMr+KRqk7NBGGzx8C77FmU6HyOv3YUxFB8pAHnW/sPb668fHbx/6cTdVocn9tZz2cn932jUL6Sdy7mvndHzsoTbGfVEuq4loY5J0hB8KFnSQQr0RzSq4piojM1krtjOyPo5D2qlsKX1GwWTRsr8EAXZcMBXHZQEzgBE6UJ/6efnuffv25Yf3n17e/+QXr9++T/uHu346vg6BCiPUgluLoDElU/esmU6Ao6n7k18dnmzoHWYM2llVZEIpjOtAqin8j10a//jxsx94xnULGPXk0IY1ushz3oYP9rNLcmZTRATPmIpTrTLvLTfkom9gIm4OtmektP/YGUvzizT2RJNuG8iiBtTXt/0OUQ8cStbmUtOb+THUDkSjbYqUGfd3wEMqU9xHdM+w4GD3PDPQ5RI/9M85lwcwnNJI06SGDQpXdRoW8Zn1POE4/X9n+fVXnW1qFk0PIuWKwJxz7niGvlpOoZoxCYmqtA0fTpg0vSDBTxUpeT6Xa2LQ9+8b8I9fv2+kTZhaAmFMNEuZC3gblqNgiR5B2wQd6XBkKUVeVc0jtE4OUJyuVSfBER2b9sUQdQX5k/c5sgnW/V3oPfulBrlnqI1mwV9rg5YZkEyl40vL8milz1Xg5JQGT1lb9m3g9/TeUPQNlWfjoJpkqMAzW8jGfa++0bcl20Ff/3DXwlxD700Luma3Mnqeyf225n5OpNuptwLN2JTwSM9kOOLibRraMU5TkVs2iCHRDXtXT8OtDIyK0bw6lxfwjvU0c+jl2lRX0hP9ebs7uDosEH3/VLNsVuT8PlPeN4Bd00c5XApIA0aIfRIZPw/b5fs+Sq3soJf0GSxPMMx1Awlil28ayfKKk6RaV5rmIa4SgGS1l6aGvaMosMvi9Osos32nqLn/rEEUuDU5D2Gz4hV/I76eOA9QuRPHTNhVwYTT0GGe4pj9J6NTkLj6dZLW3tisJ3I3iExw1qStdC/lTT+vofo4PtStwha8up1EPT29v7t58fX7D194Mns0gDfxKGAe1I6a4H7xrBlDM3xClrzBLl1qenf3xpe7u37hYM80GsY8JSTu9JAMx6F5og4qaxr3F5q8Xn49dV6x/Mn2JggxuTcVjj8PGsuFbaLsLIGO31GJa4WKhSUXLPjVHNX8fU4suLIN8TIlOu6VC0do5dsjlNhLdIG3t+PA7BXXeltVy+I+k6Mry5MtShTcx8f33/zgi5vf+Cs/uvms2W/t1fBMW+0l6qWZhhmm5CR34KpuxcNNsB9vvv+Z+/Oj/NDUuXt+Wift5qsglI5bKP53f+Q+AWvpFgpFsZNk1gzM+bp5HpnNPCzhOzPvkVnFpwfYvXjxu7/3xZsmU7Vwj4KtzfI/2bM58mI3F/JVm2RaO8qWdgUuyrWiqZHHO3/UMyX3B799//DjH332+V056YEljbAxwBFXItB3EYPb6ityx+mw8kKSn16+6dczOu3v4VynAcYTUW48+FIsiDuc+rkQ9MEf4uvtsAR5CaW6/VYZZUp/FxycF3vp9J0YVqOgijvb8EBiV4m6mv+kZos74fqVytf/6X/5P7dAwmisows83xEw/kmjoezJTsW54vblz//ZP/n48N/sTL0Z9qFP/rrKebC9UJJMbSA2DnUkRr3Zm7Q+2tSWuM0tPCrEPZQf/8l/+9W/+/98qz+1MUr7aTtzrcWV7CmfTqZGqIPoaYlP73/3d9787l/64ccX72q7hTilahbFzt5+8L2HH/7o81K/q1AtqeapthCDxlc50FvQ+szyLph0btHtQLWfb149/OzVTefOjSnB7rbqVIuEPGH4/B4aljsfIsGU4SrZEkmyl1d5bZkjcVYxxdFabWavN8KNCAyeM8Bkesd0HLQyqMJTVZZOIhtY7simnMKOj6b4j2cjNDxqOKVScgmjN4rwGwvS3szx48vPXr38q99r6luevrSCZH3N3CKbil3ybl7d/fLrfpz+8a7boLvmuDXIKSSztKt3/uu/8x91wCDp0q4uYPalugqENF570DhYGHk1cbKp9+ihRXlJFIxoiOiVCdtd8k3shNlrHCIj0fNJRVO6Dx4MKnsiMHK121s/OvP6Zz//s//dP/jJVsUaLfKbk9fIIt3LfmJP5zBQ6qCaae1t7XANc312lacmJ4JwCCs9RynflL1KBZ19/fd/OuBVlB6pd4q7jRxWt/HRETSDOwiWFlsp0Wssx2dJjzpD3Jr1/unpP/6tm//xX3nz86+0QSNrpKYZnx4fetrJ69t+D/y+tbc6d4MCTN7yuEzIA+lZ7CqHgBnT08dqvI2pS8ZiufLjHoNI1WKPy7zkYl1KH+RHp/dcKdByqP2kBnSMG+kzs3HFCkXD0e2rB98AbnbQlyZKucqW7tSkT/Ilg8uKdiUiTzu9pzjvTGNNtUaf32dntUGIttOlpcvt13/y81/+5M+cKrMkfxCSWVdHStvy4bIRURDYMV+QSusMoVpncWZzfUKLAURY+x/DVXNQc57KfaDoqP3lpTHMfMpsL2p1Gctz7fbWEVbqZUxs5oBm99wFgaK12bFWwPfGY5L7tYQPL//wv/vvmmto0fm/OaB199MPJbd5ec5PeP+JS3X6XUVsGv3xg4v+H7/5ui+vV7l2WU9JvnMLC3Xd5v3yd37/Nz88ve9uu00wqs2VJbYmzoXCcT4c919WnFXn1WRQk9QPzWESnKPnKg5iLHCX+ysoK0SDfqcfTR9vb25++ctvfvqn3/gqTrPKOsClrLOpjAyjiZGnpTFxrpqEhDOWDn2Et4ORfyunt+IrqhVh3bE9ZuQz0c1+l1KZW3JVkmWDKG6NUmyINmDrWBlYrKkWKKuVn39x+zf++o+dJBNdc0tWxkGvRDv48PjwHvlGi5kVsDwgHwYUKVNMzk4GdBpWrM2XWzn4418tNhkm/M0tG2mPfzurq6CFJH7X6MrFXOMhWq2wfrgn/dX/9r/96Wc3d/f1sCBkI1DB6zP1HW/hw0WdqpOVraWCpZFB/9EPfvM/+YP/7P3bX7aundCYWq4K24TMl7NTXKoMVy/fflmjNx0IdcS131VLAV6tfkGbl7wpqSI74tFtedkXyPaB1akGO8pKAHBQxTN1RNTIxakYm5KEJP05AQkU/dHRRlq0fSxhAUsU15C44MePJqJau9qQuKT86dc+//hf/Ce/9ld+70cf373V/loGDc+1CB41JjCHImFHEfieG5a0j+++/Yrm1/0qogHx5u723bvO3Lo56O6br2//L3//3dutFwFqnXQSdyElyTW6hDdsXndqCW9T0+5CKwIPrUC9uX38L/7uD373P/yy88Eg4DZ9l0bMS7GmBY2AVaAwGWraw6JzD2d6tHE1Ob6mWfa9+Pir929/8Ld+56/+3b93f/el0w5zmExkpTuXJlEyCFc5kPlbOnJGLQTJIF+GFEeByMy6OL+ukUYoREl7syew3HltFdvvP4TP26K9AzIb3xE8k2xvlv0F1oUoHIpmdOKOGUODN1D7MEQuBS+B9Vr1hq66ve4n76KZ4UAGdr2yBIW/njepbXW6WXF88qnrBt2W8O7tt9//bBd3Tz+i44tYr5r7458st3m1XWESSYInrT3xOTOGoHbS48dV77+odw7V7ev7ZhqlW64NQ1/qAT8NxFXYFqQpU8VvI/h442fe+pmVnfACoutXh0pa1PPItQ+tIdyddU8liV4HsEFrK7hJjGWuaB5b9F/7JtGLt58e725u3/odWMacIeRYDB9X+8j90wrtBU1CVc4x4LIFJnTKvJKGtxL/m07QAoSAVMro6Cc2Pe1KtBJxJub9DhVnf9VHm3qY9rI3eUTRO8m02gVM9coVSAEtRL+95uYa7qvPemRHx53Xe5inU3oDeCFpndXjMX2tRsfOZHNHiy4nTO24V/P153dv6mVjmVm1pwiTSLPeaqoCATVYvSbMG9Fts+00dHTMrogVY0EyvtnT7nQkciaufzgXPycp6Zu5StXZzDUEZj555UL2nAsaJAT7fadAjbMf9pte5KLkPm/iH88FciKuN/UkHieHeDB5ob91ZxVAySYIhtwu11ag/bw16GLhp/QAraOCQfnibeccV7no5rxiQiOxBaysEbaRlc+JaIXg8akn8e028YYFi2OmBpF2stdgk+f8aI/1oLWreBrlaGxFND3CzRYWfWcbUPoTBd6iRhZ9ix1jCF/ickfTvBij6ROkyo4RrO/YSItyf96WB4Rud3d6oFtEi5N5WHOQrjuZQOa31nUaCwxcJTINRBX8zskA4sWSdNhb0Kwk/875hlpRlUgzYjTAyd1BrrzPJHaikQw3nuziIc6WHlUHMGdSxcLktJuFVqXDPP75pwP+WkM4bX88J8PzjAxL996SOL3J0/92dESnIoHmdjQiV2BEbmcjseptz33RQXN8ejWE6k0PJpf00Qd5cGvadYoiXxVbwyI9DC87B3CJqmmyReCSYs4GOwZnCHllP6linuhctvKnb79J3sv7fheMqsAm077JUyVlaBcMnrp6XT9i2OHMdC+A5A5qItDm1OObnCJrOkVJXhTFngsYAY5ND0Xj/DdrKtxPa7HdZrgPsPbw8dXj+65Uaz/Lma6bmeZ21qdLiMTTEXKN/q1NU6MpJSSLOKi90z65VFQrU6rxJw91twcVWMk7WLJDa3SxbhHZclIcsz+fWDrL5bT0mpKVQFJL7RttfRTVUKWErt4SaYoTjI+3LYvm57PiXwHPCwLitjWAivWOpXU+TlVs6+cJkJ+Ja9eXLt2/EUU6KqehxW/3jbhvqmw5LmFs39/dzeW6oHfFY+eQnVsu2Yc2QYFg8xKKj5ImC8qLzru6vPD48vbNqx8bmgvyzafzZBczTsn5jD4JhW52LzRhExUObicy5x6upmQ04ItjlbXJZeHcWjljK+Lq0yYV8PFi0QG/TGtket/07hwhAXnvAMg5plgJmXbpT/ABSHsT0GVF1UfYwkE150OgPMmTB9twHb0FYh1dtFY7S8zUvfr49uXHm48Pv+ii9jVBYn9RSm2RqBuUfLNCTwFTxnsAa0vg3SxdinVOVaouffpatuWP1PYTNAqfXtynr1+DX862HFOMrqRIXaLVdqpPsOuz67c/vHh811Pr7j5+aoG9pdunh6/AC0rJm7qcXI7EyFjQ+HmZR1qS+KEiATmhOTN40BldeOsfXz697Rfu+pnBe8+NevWmNCEnjoLQKpfdOTXPc3hnrmY3CS5zh6HeLRiFT8HRuNgtPDmQ9pwlJ/iwo/1JnOxYBuXF064j5t4I2lJCj1kzSIrP+2EbzSEbPVHKeouN1Sk4b9PCK6TXgJ5pIjhnM3WXai3Zcu+RJ9k7LJ1TaL2hyuSVlw3uRq5+u+Tlx3q+T083Pfn46V0/C5tHqBVUGGaLVsq+MiKOpa/UXn3Hwn+h5qaw6nWS//LNi/vPWJODu2P19osCNyMPvI0QuaRSrSIVFGZFNEekqHx69+J9k/v1bhVPXNKJCkNKQs68ziY3HCxqArWzF1+hFKPsANiY07KWSY9uZk95a8958LF1uvMK80+XdGwbQZI0cxgGo3e201git2920gEHquvN54KIyMEGrtGr6HBEdgdAzf69b3fi+b9jztdhcRA9aOaFAuwIsrMdmsrmMDUoWJ8kwBxUzLFL/LpaV9MAaqvP0DRQl1jryPwy2tnSMKk5tTtJ9htaeXTmxp60XN98QTwaTarSzOq8i/fRj39I+a7dsy9PZ6VL3bP3qmF29ipsC/V6BlkDrxJRWXpf3ofwKFnBJhWZw4UQprNxcgMd94no08NT5w8BbAQeIsi5SS3GOUMaCVM8RHH+XEGqNsKxEme5mRhd3UEI5mKWilxy+mDuhHz3eCRIL6L34jOYFyJqQgA7HcD08mEycTBsyl5ph9zUZv1HoFuFcU7T8nCjn2Ba9W+NDU1BuTHvKXF7krs1PPy7i4PY/mmslg3ME1yKT2UHaQNj8wVuWWgwVORJRavzYVrApglQoJdIFBEtAw861Io3BAixjIlm3ZlubfImpBVDQ6wW2o/QNvPUa01BH4M4KWTQM6+NQCtYkjEI2n0OC7DKwlSqTHGa0xmVr5FZs4h1aaw0g7QQOuYZKeWQO1jGaYR593eIzpHjKCpnH5bQDat+esmVQZRHI0HQA0axIXOmK99GPu9sCKBhWiuoywYEe9sQyL8DJsMqnvCCbqcKrpLH9WV6bQ87ytU1lr7KqbqeYUOv92bNwqIZ0lLLOXMhcGRAiyyNAnUsVhS6LT0TLyDrds5whDPGlIUGGKc3fLL7iGo+4ykJOMSNRdF4Yoxm2V6KTId0MUU2lce4qJKLmtJclmz0nCpAR0x62lPsvCWlVZJYQfitklReScLWYIuNLR5ZtISc9BM9AOmc6jiSZB9vpc49OjB8rHRQwSUtFXlh24QnKPmqqJtUCd7xZirtz/DqXOIz7mjdiW47996miQkxt+cZH53MzE7ayZlYu+J4aVp+Fch0M8ZwdpKcw7qNi0UFflMh7hIrOZSuxJQnLDk9XgKafndL1ctuN+yWjJ6h0NrxzmOWpQyWS5NhJtt8P//LhRr1nlr26cVdc9APfY20bzIsvg0pBvBmFrp7qgUM10K6YSrC0pV9osj82ksduxzUMCKuZqDpEpJEgmO3be/D6GiEFX1X3a6wbptWx/0rnOzJNF3ZKDAF2uYEDU8o8rD8WYRWVy2/9bdujXxSAQ4RX/USLX7tnXS47RT6hq2mdO8fXn16+PSxSz2SBXHB0KoOQomYyy11T9EMiaLIuarf/T9x7THHnVT4zvTr27sXt/efXj7U+t/7tco3fgejVfzkde7gxr8k9rhNY6YhvpmCezDmfNGvIykveuxFQ0Fxenr16Z35YeMWeOt0ZvGAasLHF3DWW8y6VHW0rmikqWtgq727e6jUHY5Mcvd/q9Xc9fhYT1Wy57x8WsK4K8mZAFeenIH2NKjGe6E4vbrphKY13vnPGyti5MxFoFqyHaBcDLa7MC2OiplYnY9rVWy7682Hk2lEByRO5sTV+3dKzg4qonih3f4NpgrJdoTJ7KYes0TYnKAKJAb85CEScwqMbZUlbAN0hu+W+tIuw7tA0/NAi1UtjXBMvUNHP7/nLYXKotD76gg0SK+V6ohTQnN9Qlu8aPvqSNkL2fgDl9JVYDwC1Zy9NaGa8uuWLVy7G00BjzKKcwsFCOBInUqdCdQJJrUxgUXVxXpmQtnnBHcmmTf44lTfgFlmgAdZ5eHoICkazoKlT4prVkt3+PgwpsE/TsEogbN6rmCQFINwRrUzlnE72CuCxChj3zFyAU3dpVQdOMYEvV1IjQ5ncyT2jiaIWEHGTFClQw5/5lTgLw/ZJ202gFqv2XCSrkrqd93cf9tN4u6o64uAfelqP+vTTRfWdE6i5dOJjCmCkiYVCZ5J9Ba5PjjF+8BDqTEdxLxYTVvHMyrKI3KffMuEVZ7MABxKYkRYfXp3cpGmSQpOGo5tJ17BOhqRUwmAUb/yQNTZuUd2TAqM0o6WbrJBTWoTKUWsjMqZjh2ODw2epK5ngyye6RpKPR9I/e9d46+2l3QdSSE4vaCO6DClpA1EeDW+BX/KB5wQ0OYWIZx5UGVdnXBrYF2FbamnnxK4dT9eXcSxtBaaUM8Cbljodj2u95/5sR8f8VpIopgLommTWLNCG2G2laTVWLFWkBA1PJC045+a++pIiK4DspODnA57o6j73hnQAbGxchFhIqq8uhxqVp4Yu+FZS+f8ERDaQX8eXbVzubGCK4xtHMwOR9IjxvVkjmvlSb5cyYkilmi9JYY4BZ7XB3KmbihWP6costOL0qnRZbTR7W9hUJ+kM0mo4QkAACAASURBVDs8nJpgRakb8eWf6WIdlCHPjGQEQbtZOpZstG4fyIUp1MjHYi/neV99KnySk7I/l8FU6/0hlFHJjcQpQX5wShmu+fl5qa0wFIMmIhUX7844aclZzvprWd2gkxiXEJenV+avdU0OXA1VJWcdilzThhgijGz1f0HWFbgKQdPiyyXtR1mrPDxa3drpboXA7vSiz4g4dfYwq9Jxmpa8bBW9mCPMidF25NMZz9ntIAmVMb89rX2vYRZGdizcoc+YUyC4lW9APLkwU5KWhDBUVpampotMbXmc9zhgVk9FQYa0XCcUp0Y1aqelGXLGO6Pd7MWLwsAxk1u355LBSN+Y+YPHQ9eeroOJIBXF/szwVLkz6pwg2Q8i0MTXk3QPobYyC0+zJmGDiadJFv2mY00AJ4nXWmaKtVwSiKQ77bkcKjjs1wetI0zDfPrytvGH7sxJPdjlQRl5nFR4mcsQstMvYny10OUc5bIDR6zP2wbPGOC/LMW4apIqX97MB6TPrSkVhQa047HubK/fm4TsIcwHinUrHWmigKm5PjSNdfwVzOkoYorrzyGsSIW/uXzS05Eflgxmskbtjpz67XJAljtMjqxYzw3KHKu3yBtTxuTERkoaFW1Wi/ivr9I223F76MvujsjWztHu+j6w22PVJ7Z5QYnYZbsaSav+JYn4uE7WR9Wdt3W3dhMDN6akLHi0H/NAsJlqJXF57+P4CkQH550f54EKYudNGyW9nvoehCf/BN25od4JsbEhpHryJBEmAYIhMlVNTPhVrkfjE80sXKiPQ+SbIxw+MZ9jkdqe2jb+3mfw2jlWnhLfxCP4mUE10uEfIbEK+5SrO6zk0tQOqqAf5aQdcvDkeuVycS0jpqu+SgN+W/Oz0wFV0oMi3HLXskD/+bNJul7DA5UrTUrsQFw5RFYhkibZIPQ1Xp7sCKrM1XFiAoqH4ZkP2xVuHi025NdlJCKyZ8fKo6SQL0HJ5SgUx+gz6+GJI4k1jnqb9bFBJW92WwvCyT/gSrmd/+sidVyXNp1cmRHOkjTy/jRrOHmR7b2fraQIU9Acsk3PE3HW+ZspiC8L7Omd1bcvmvbiPkQYz7GdU0o6j50OqXLuCAHKFZ90Lfe5p4qDb4QTe73FiEWTJGweY0lcLCPWnu5qp191EMuPeJrp5x0xravQCF71PbiiUD9d9HuPJh8yJmVdNqyv8cseCvsOdYp5zPfo8lbSeKgr+5TtcRaxBnsuSDkHYVnzA/jgXTppKR0DfOyZyjMiVDNTkfNDWBpdna9Iy5MbsSdiDQLtJapcr5kftfI+6rqqsLc8Nj2N037RN8YMcPrJ9VqUnoMPpBjbcuLQCsKSlZJqVtoOzfzfHnvhnN06LAeqxtFhlge2kOQI1qTcR2JPDpUGHDUxi1pNMCN2a5aWAV1vMbO9WJTH3ffo6mq3yVbeiZnpLMMh7GaLvqxdZLO+OUd6Y+8L3Kbpi8XRlMg4CJ4JbIfvYIRIx6GU0wXp/MsbpDRhJuOqk1bZVpHoflc+UTTpvqo8Pg6mCpb1uj5MoHTh5NeP3LSasHykMk/GI5W5Nx2AFyozjwQQlmfak9jVRbMWHdVesrtJLNYNqxXS23EVU5kPzeNkoV88JD4ZrIqSrMi4WIoIJv7eM/a7OQeapeWJIdmjg44AtuFWUTy0Rj7YsKV4MtmGCHFogEgmuxT18ezFqubpKsJ1tTdlkPWWARPD9MnWq5F63TVRKHjqo9/FZZjebQoEnEDKanjkJ0lXUWjCY1UlSqM+9jqHaHpE1n2MrSfMEp4o7UPVpTegCk9KqktXwfM2Q4ZM1WXYjGQl0GtnQ6JzgZ1tRGm4nFNJqAThDH8nqajTbUj+ae0tNzBJ4M+pxTJSfteEogQgeUyzBejaoo+JsolKd/0MLBVN/sjF6sCtKhLSsMig9Fq1T+SaE9EDT2BSOo/KgSE8jYP88ZGSkCb2vrvg67Zb2Q13xeMciCIARu8BIi8xIjYDavU+NZdClViJMfaiy3NadNxOBszvOhh/sKNq5Vjs9nAVs6xmtKeriSnjNQ0JcK5OJN0gsmlZ9W1cJGTnf+5IKjftJGFppR1U01jd15zXf7IMYAsZHCyRa7zbUdUOcAnZGVcUaeVz4OFin116YzhYFX3nlUGJwJ+pdkCxHv72+GO5M0KAjvBJNXrERgsg20VydCoVvvNBlu07Qk0GKcwZplFUsIP4Kc09kiaiyKgFm6vzfBH0VJ9MrkOQPCVU2EzfwXEKEEvNXC5ODglniMdFqJEUVZOjTlF6lVvxd2/AyYyguSmumogaOnus03mmbAFKZ99e2+yoc4DmlI1Ft08fvnUu8em+U4ljjsizrLMmV3NmCxsOYjYxeCAuI+3PUq6RvYd4wcxBViQlf27oBXz8RtVWIiSgBAiXxX4nCfQsa+ZqhmXUaeHH7XnhuDeUV2z4JrKDZygo4SmyqgBwb99RjXi1vlyJ58+5J0vJip55kzJI0ZZ0ifcvLpFvxRv9KZ4Bclss9Zbkk6MZI+pAqFl3pWPpoUzLManIAw57a/eKbR+TA0CEearjPKoT8BoiMmTgtlTOu1riCA7lJQCJBE7IcU6wBHde4Tby5YISdUcmuzqstp29M3cb/COKuKK1Q2ace/0Gm6Qlep+HSXG7EUMzOO2ndAX1SLOTytqGleQl2MFyQaLimQXfpMBN+aGZ7GjOa9xXLbIYAkXMbJnJaFTMFB4ISFiRxzCXMBfMS0cmP+/OqGf3EIxktq17GdO0zd9HUZKnZTnP21B1vl9xb63gB6Xm7TwQ4hwzdC3p6bf3mKDz1b3OCpoENQvNU75F11V+7Zm9OHQ1iejOt7oTPZE5+kG+1OH7KJEvQjG1L+W4JK0cgWhtk2GQAMUVoSxl0mb9qc5n+VN0d6ISh3kcwfNJjBtbZbw0gC+Be50WwY66BsbU48nmbNlFQ842BLKICYC0haL3joxNw9wxqegSr5Z56hK4j9ql8lXZrZmCQI7TLcaM2yxrNqajx5EhIfEk5JBPeVzFKNCTEeb+LLeCK4G7VsMfHnrQxKyYRacvLNwexVKQ02a+d0AUvgyXCVx3VPrMHjKXkaZGwtIrmqxi2XKamcoWskLfDLIDsYp3UcjxAVwLOPLbP947fmIgaZIu4NWy2k4STjEUVEe4vlGxCX92FN+ivvxZvxTPcnejAWxHRgyFMr+JyLFiybdcG1V7kwKbv7wnIVKRqBJ5WpYkySmXjoIINx4ln+B1NTR2TPSMyZYlQCi9Kp3hGli7KzzOZTAX9cG5kqAdHPJizZHrVjjD2hVu2xF2GRH99Fz6+6A7swOdKKMkJb0XsDirqfooanY18skkOScu3seeNSWo2efayITx6pUHfNaKsQc16u5bA47/04M7iJZjcJizTPJgrN0V2JxHStiPUIeFLTiRsyiUKfbqaDvJ1AkZ5QZA+SSzLNoJwDOjfATjmV6+EJoQPjS1qB8wYQ1JEiFheV8zOXrRLzahx3GwbIcXp5kogyz/9HbALDhEXj6a86MPTh1PT7fJiqLg+TmTD9RlWrsaVZc9gCIwivbb6c40gUtfHk9trkrgZHNGB9VlxHl4JhfpJMk9tdMlEM9Nv93EHdS+I9Wcv2veCckH+kXfrK1Pcd+RawJ1G1nr9KRODI7Ft1xv4Qf8REXQXeB51QNg7u7aq7auxz1co3B7SAJiT60er/AMRLXRilz1iUs+gZTxohY1Ttyc4QVDx9UYOyxzqcqniuyPs10ySZyHKlxJZUQ/SzmFFBLrnwo8nEyaBOsVmnWPy5oVVYXvSB07ntNQVY3fWxSZyJraEsG4iOhPB306X8dwTSDVkZ1OJwTD6x17YvSUS7SEY8hmpX3mvvls6nWwFn+N+k2SjX25OylO6sgy4lVQT7c7TeVmX+vubq5zyUmENcsPb5tVf/nZbWjX2G8NyqKp+6pJpaz2s6akfQU9uWGZTRUP3iwSWK5AgJcpRverBNsi69LJpKgjK8PqnzsJqHgcSXCSf37WM/gEqvOfuHBoUtDwWhgyN30ripJGBfkLCDz2IN6l/7Cv5BKbFKc6CXlmkRdtMcRm7zwFaH5XQud31UjRR7hYoZ+yA3CH3oZGBCd7OlcHLKt6u+I7zNVRHRcjq5+nmSpS09dHC232NyoIaBx9XLxFB5M076PCIaqRbnfhSDYKxlDT23yDeBonKsgF4/I1ZZE//8dUJ3uactHB559IW3Qp8MLQ4fmoJuArnEUbp6uyZQWZ1MweHuh/1m2IwVnBkQkMg0mr2aycEmjx0KpORrUVOR/faT50KvaH43QFCi4rpMG8j++S4DSMitLmO1un0LhSlsdxubXdozRDT+t1AtcevhkIT8KGekakWtFV78hurWBIcF6AaplSf8LKiuZSLtomag3MWNih1f091NWybFSd6ZO3wTK/15M30+93ZGdbh5aFMgtcj31uBDgaQNSZ9DrGhenqk6qpqLnmcjijzPFsaRr8FPYpigFIgiBE/TxbnC/M7epEzdueBSGBJfr+Gq2iSU7AMnBDghErSbv3gL5hS/gWPvhwgTio2z1653U6VIJeuZ2Dcb1S4lda0YgOo0hEtoOTTulxe+pkJI/b9KoRHgMx0xSgWMetTSbhiJ+DJo/UqHfWcFC7/CLWlmI83Kk5RicBoq1B77SIfanPK21UZFJFO5gOtQS7fDtZ6Y6lbd8u2AL7cM1VqzgWH+/GvaiF4Zgxq8Av13LUxdCR05aFdcbLC7KPzWO1At/kOzObMczVm5EDxcZIuc6FnVyz21d4BNidR3V7JD83RpG5edKcjaIsrkx0k+V3GTjSf2+WsVjUFC0jpKUz5AqXovA/hxiVYj59NiyxWspoyBkkabyXmlO4iEJwmVLCHapV6N31+6TBROsR9Z2iNEwX/pTnClWKTsEcdlBt7kgAJStCElevRYA/nbbTWFwgnMa812yvZHHKasm/bwfWivQA/exXU7piRrGngXB1GWLoLMzWGIpmnOFvhDYcQGC0TiVvbrZG/ZwVBTgk083tl90CwHvLYV1Wo3z9wPHy8oJPMU1DfE2r5rwjSffcVtF6gtjLqdlUVxCX+xtj2AmxHoycCRiyMCVafzkFvSfVvj0K0FNcyTnaXiV5Zv0g3fmJOTlDyjY7b+LS8b5jLcW548QCFLJP62hnW87kHHqKEN82wT+qp/XYz7PQJUqvrV/3ymV9+CsKKoclZwzSPuJJdtiaEQ5KioumBZ34mgL1rNGO8hfeHApiPuQqE6sMRV9gegpUdHVDySmIEiMsS+3zjbL0xkBJe3ri2QGAEL2GuVvOpdzpFfNYuVE1pemPbGkaH0zFNgHwFPfB6TCbouc5VilFghfdmqdKuldxwjsGhQNvbiuNJgMhSZOBrqqA0H7oiWVkdZk/SXb7n3JAh3I18eC6/ttH09GkTmX7icYtPGuzqC5lfFtjOyyRDhl1ExMQnDS3NQhuB3PjzumBl5gd5+PUHhuGkzc77K2KJtjFyRU/HXeL7oopGekWiQsNCRq3DFouuBrdpZvFD/mfIzlmE+JOqrqRZ5vWqKNMVjlBUqS5c8wE2KIuwY/EPjlnxcraKhl3xeOMF/vywzu3ILvKEpWGw1rRZMGnJB1XvNRApbo/zNsgjDKzY5jIqbiaTqWdAFQO0N7WEttfzfkcG8IT1In+Tr5i1Kxc/aWD2hVeyUjBlR99jmUi4x6HDJ03dSghruMksAWk+OaaErxvpxwwg+uAAzkiGWRuHyR9/YpiZvsBOBpA5N2avaqOe09amjtGe4lzsIAc9+y9MlTEn09RXWQNQJOj7mSMghGuqbFl1Bc7IboMYE+PuJbC9MHXTvuzZUPgnA+vjnOcEIRoLf8Aorc94UTQv13K9DHtagOqqrT5UD5UfeBXZBQg4Noq74CyCLicwWMDU6XyC2nEdaONrQqpHnP8Pi8ubohjGkRsOx0zOpL0LzYZXdfWmGNk1quaRXlOTN1zj3BrLEQQD7a6YWN5XbAfX5vSTgl8T+BTP8Xw4nXPkBWeSRKkyyUN/bQP2giAFvLlg3llx6fiGgMGalRmDNvhsca69iE5lvP4YFyTx2WkVKx8bLtCnTctntXznZom/M3jXHnMAoOJkbm61jd2H27yERZIOZw6veT6tAE9bzOTSUcVspzMYoYCuZ4gGY470orKrmMAiZh75aX6xxx/DENjn1zb6OxMbkeVGIX6KCynjTm4QtSuLzUIQbTObQ7EShjU0wxdLC3AD+fn2ivM8C3Wdh7SuVOj8wX9mmQPt6kKp8hPp7fUbRSeGgwHb8oAzkghzxTASqUQOx8o4KYFs6aq+c4RKaYxokB0mxFjwoQorVOcNWZKJEn+hv+tW4LvLkaU1fDKLg44+Sw1M1CpZdZOg5outhwFb2Xeya50qdvO0b8YDEx5mSYTWvCbNcqdmkTeAg3Y7OxdMk/5rKikzw2+C1fMNF0OYuFp7SnPdhX9jxP4Jr474isacii0E2APcVTgJ3E+4yRHq6x+bu4zQjlnix5Jb3zd50VMcCHYcTY2vyNmVk1eWEwP1ReWBctNHRWBWc+a65lxNABQxXr//a6i25I/fnxv0Te1pqrLoEg0wvD1EjOC481padIBVu7mZhYcdAPMEYuoROy1hAqcAMfuXpq1DYAH7ZgNEJvJLojoS48CWCg9Cq5fUWr5wDqdgCeJz0vX3vvr0NrBrsIv/YIyNMCTeby3OS6OxAvOUnHVFUohfSlvhXMEdHVu2R0CwUhDFJLsqEzCej/d07ZwVVkjIQZjQjK38LUmI/+qSkRweS3Z0aA8GamJ6OrrFprHm9DpGGtRMXBwzUlfmNKw1B64qyWVNSFOS23H+sukt2KSMEolftytIHeZJ4pM14xbKfauPpktFlde2+tpRD3c87F1OBc+Oh8YvJPaURC0AC/l6rFj0xaZy68n1zQEpEebKvWR+q+0g6X4YZozOCn/oDtk0WZQXJUJCO42Ce1gRVNB8coPRWTEpAfb+Ctpz2lQW/XGkyquZKhIxRHj04uKkwgHj5K8KvCkd/Tn25TFMLfipdYW6/TIc76YchWczRxtda6N1Itlg6WWn/ood/pQ+iyWD9S0XSYeQ3svkXavVVUylx9AaMfpZYGuZXUhYWd4NOhXa+NrUTJxvs09kZQ/V4MlfUCSeDJ9OcyMtAUttWOeTdSKzu5XzSdJneEn6dRkN5cvS3moDhXyo2LskTA+NMeREzzWSTlJwq7Do2ZWOlTKjxPEvRQSs0q1Dp6PT1fqsDbeC4xFvI/FI3CXlu0I6dEBBO8e1VN7NLGoQgc8etTNxCRUVc0aJFWnERPI2rSv+hiwEOuiSGrTdQjXumkFMTV/0IgPxDQhZ6zPqYROeSS0E9Z+8aascPemLeSwBWlkaEhk3fR4f94/ld8VUHNsPW4B85Of+Fr52ktuuMThUpFgaMKTMWfXZKHKjvTvU9tb0Pm//zq1jlfTm9xAUxId/gq+yxUlZMzJGRdt/5JUR9NGgM9MaS+PwhLNquZPEJ/9GN9cOHgCi63CkwWXhYf82DzZkUQB3QbVHfK70I97b10lgC2JQlcw6ici8S752b6a+aWhvYKe+6sraKTbMmi5ZOA0Icmzecs1ytaVY8xI35ptVLHuzn3NDpRrHcKQaENFDM+3f6AqJ3jKHnAlCpIQfDeXApeHZN7xHRkJpsUO2HUtPN2n4b4trtN7HmIRVCKB209WI1JS2YDB4NW7v65w8K9nCYQqJOrWZYUTEE6bJei/2zhtETCi078IH9l1V+3AlRz2UhhRnUBcHZtwLFqNgoReDqn9VTyeWS65qjb0As4hkVZC9FzMCynrwHsfxBer9HGEWDSU9yznGvbrnsLSlfvulXz/fpd0tgQaZ+V3zYai0QXko4txhlvWgyjpTi5OF7J+kik6/eoWVCbziizcBkdboIvxJo7WziFTyojpQtFOZfT45NC1m0zIMHXHifEYVPqz4Nnp2usWF3euEU373VqQCkbT0S3RDUhurnBbVLV9C/pN17FzRd66dFpFFGWY8kWdy6xoMjPEEqNzphDsFoYOG8+uaUgc7OrNf0jTyhPAArHUBsTGsVk1cJKhcEZeofLjDA6EpCP4xXRNeLWVaCn7mgIHYdYH0XMg9N42B64Dpj8yzTqBroqNjnJR20Qy1Sd9gNmVkqbGIk79EF/TUt/f7eUiO33JsPG/Z2UvbyECZpLoqm8AObAJ7RpU507zzWhIYNi+W1TDdifwh6e+gkNKdfPEle0HXNbI/aUS8WerTqCk4UmjFihS3T7PpBslT9imWYOZedIU57zpazALX0mYXUYM/Xww+c45zPFsx0cor8vm0PJsMk8uYFmApyMNSe1HUk1Y9F/OMUVdF5OIpBZFt17UNP0+7nSZG8F7qSy1ktq2QYf62KZl+oNadGMEaY0ILSdyfzu7S/LV67vPrNQoh7zYoen+TQsQNZYe825xhxVrHpDk3Ih9TyAhXLAAFFnLQ0IxX2RG5vQ1777DrDSpxpu2RPYQT3dmdLdQ8wnjRST6fc1lvXAemqVriGFmbI+NuQ5HRw1GgPk3/GHRggofD4PSsSDEPrfV2iuU3TFLj2uAWP6iAIOos1/xJZ80IVolNu5ICArqAtHO/nHseLox9ldsvc/5TFMXNWekkuR9Hinq/Xn1iei5+0Q1ufMxVRg7mMyBVTSujnQ9R75sGM4gtC1o08uWq+YYUMMlj0gx9mxEUZljJzHx5JobhDtJtotg2EYVd34yZLuMoL2gadgRr2b6rRsaf+LnyaOCaahYzpeQshhexW2VH2uZwf1wlrhnB09dknS68hKTVRkyStA+5hJgZuFk8FupgmfFIUK/kJViGkBbRbSrSSjvVuCgHg08+3tfMRKxUbhiLr/EhNGBLwF/ZyZB0U88VaehYu+/45mfSg7qb2FXHm0UK28/5OtK8GRjnUt78VTRHnQb/3MeKGPOH6em95UBvJiIys6kMgCkjV8gn/kGBcvoYzyn0zA8VbQTg97G7kBceAciYi5IWnuqMY+/LqZ9f+tsdTaqCp9ScadEcCaP1UGiqScCHE0oAN0wMDVVDBhT2BIH+0Wd/bZEJFQHsaeWT9RwrQ7HJCC9WLiRrBUhSK+DxghhGFhRUL8t+TEYZ0GfzVeNo4l6fjsEEyTgO5ymKxicER7wGYsAqjn7jAkkz0o7IFVH+/4dNQLjQtWHoWJICQvoHh7VE5r6lYYmTLd+6KF5fb+6GPiMa3114ysXn5FId+FibvXdZSeIb7oO0AN+Le9Bm1xbFuaUKY1lUvO8xhnF5ePyL2sScRCNbZ6ZDBFlwGrP/JQb5okmgW3LzRjKALrKBXNHH+4oOkmp22P1gtJKf+NQnAhaebN2ZS2wbrNJsFmLjiyB53wDOiYxxuboyrMTBbXcRFWaOwyShGvnmTg2NafhTKI7IuwMV9onfYKVRyjUDCIV3XhHXq8njCHRWAtto2991yBycuvcGeekosj1M49M3PWNjw+PT59ue1Tzpw/9uOaLvpdFi3uQOtVvokxqvdLJ40S3I4WuHjcsDJ75QjoEHa5XSZ2ONZLKtdB0hkJgTZhdb0YKZLDFPNDEM5WOcc4fNXKGreMUSG6kOMlNWmJ69djl54p7bl2yGuR7fO3uJ2rxKWnWmM81Zx4piC/7rfPbL77o5y6//Owzvn11W3kql8zsYA5NtFC084uuKiSgn7K69XSap7ff9kvAzWduGjQ7h5qprQgPoLftTEY+6zDbmJeIbbPbXqpWn9HHXb3bUUcaWxk/5hGJaUdnPIKTSzCx7exNG65CMLneZsqEgjIpNHP3hWaOn0IZIJcM2/lZ6GMorVzp72xoA20Vtzcl5a6Sqq/6amXOL0hurrfJ8ocYSrO+8lu7Kv2Kz76lF9BmCMS7GXNQWnrvaSNpXRb0frwxy/jrckTqZrfyZ2dlVWd8ZVOyDM2WIjSbwjQ/v/iwe1a4NooubGJM6et+91ybyxvPnZFEjbv10CSk0jw0N3TS0reBugmyRWte72jakYqtFJrlnCo2R291qTKmrquKdjN0HIYeeXHCMEVl7EfPCfcIi/TOPs7BJVviSlqXMePX2k/EnMiEBnC/kReUghAl/JYwtGMnjDD2yLvbhw/vCuT9Xef5glUm10Jv7+87Wfr08Hj35p6sxsO7WGjxIVbmc0+vX30vYz56zL8+JZ57pzRJmMefXneXv9/Scz4XsyAl/+njt489VNA1wLqi230T8kO/DruQlRF85sxSNALN2xnlPjuZGS7uqgmnhmOl3kn+ObIuJMcKKTnr4TvIAxzGi72rD8u2E6ucMpcW7TEj3g6ZKAmSGh2RPZGqqo93kg6Mw6i7QsXvA5MXCRolZWqtOyopNZkTS57epnrdRMJZKYQjZVFEHR38uVRPO/relqzUqkaRAnj5AaQLQlxthw/dXEpxTjhNscKKU62Js1tt9QOOg3MwViijBH02p5RVo62gplir09DNzbr6+vRoya1zyvZLXVzR8m7COmPstLXjSECZloEmb/ZtsGbN/MPwNDqjo31weufqyAUTE9Yw5agA8QoeEglB6m2l+zxRyrKqD2uOuDaYYsd5Snhm7uk4qrlksi5XoZqKtE3XUJ1Si38giu/EHglJd0QeSUfh9VnBQO+zGpUaCcpJYnz8lwc6wzrgIN5mOMi1QangSOvdgb9ZnDPnwziN/NDgqAGTISHliKrjxgqTFmvvq5vg5fQyDrTsGzVRuBYa2q7iy68KKKuVEzdB0dPbhzPRRWQVV6xk9YItCwZhpgVIGg681hVutfPRlNBwDMNvi6R3Wd+WAyHxBlS1ducAFoC4Eo5O/pASsMItiiZdWp8aFQv/ZVVqjv+U958Mje2y+hITmNO6ZyBOgA6Uo4cbOz4SxIrSk4jzGKu2nQ/4nruY6l3eVcQxHe5ySP25/dQM+dd+skMzfbXfAljv3EBqsSfIBeT7b0Tkze1dQvJ/kF2r0gAAIABJREFU47l4lB+78t4PyX12t376XLSnT38mREdrO3Ue7M+KTs+V0uywsERcCXzedhxH6GTCqOx7wUx8/0Y8taqOMaQYJzZw1M2u6uWnt48fvnqffkNsgFtoZHxstZ8k9G3Zu9vPvviiRTiSAkPstAzMnIcc1tWscmQd0pLcI3JUmAORbFOn6hcromf/Gtkz5uzT/uecBJXN4WbUbNobcRWkGkEu2Zz6EqVK9/r49DbWdtbZ2Lm+rNGQ+vD+7Ye7r7599fjw8bFHOvfrrP3s2WNBjHmQXr14288gLOtSMzdfVcCEkEtnZh8ZldG6Hm4eKLGuTKvt8+DHkKSMx5yi82JCR9y1+tXZp3bCOiglFPCw3ryKWW54C/Vjr5KzaYWx9LanHH3si+gf+0HDvJDsu/um+J6H0alCk43bz27/H//Pf/Fv/t3PWjdoHWqzI6vXC2WxWKgGcN61dl2VHOwRlp9efv3u8S//+ps/+Du/3c/YRBvfmV49G3Lanp49eImZFRFy7o55jBvUHU+mU9EAZD8q0ipQinAU+ZGn5xSIouGVymLSlkA/8HvnaJ3+3Lvj0Y1bE9NnEFGpdbSiUnv35dI0Pr1/1+m7PqWZWyByL3SG806Pz/RXhZAkQ0iSpm/Iytjub5tee5T7ZUmFqehN8tB9Atq+ELa1c9B/fHpoNtBvzf4K85zx7IF9VnKyarUsqPj4j5DEeaR6J70PbzdBDlWweCps+pnY6YvYNS5dUFYwvClP3d3Nizdv7srcx6cuHznFvHvTLx937lKqRGpA0UtEncA8X6HsmHxV7Xuj6Jja4WpT0mcsXYn6/M3LL+77XWR9AZmLPQIxa3b0qSckdQJeudjfevjmshNCSSV0zGKUyf7mQPtMqzh8+PT+fTQxNbbM56bd3NlfEirKIj928rXfe+wuoA/fvgvJzc1TNQ+fbv/hH77v51+7CNIJ4E4noGOcW8P7sscHC/mNClHX8kucoirBMzDI5+pq3q515G4uOHH+5u3T3e3tt08vvvjsB54XmbRz69FzkDw8QiKasWFrbhdgjtn0d17oezk3t2+qpA151Hbkwcx1toLNH9hei4hgS0Ulqg+w9T0dLGbz0NlN7bZBH0fiLpkTE0Oaw7hTuwDXeEhvR0PweZH3sQOBayvGp8TUlQXI1ktq3EeHEqiH8TBNxMQeo5aAa1NOoXL/dz1rMtNYz0Fc3mh3uTR/FAtpdaFnEh16i6Xbdxj5aY0lvQkLTPP3ApNlcg/bFARyhwPV3tJLaOBvbA3LxVDfXZa4EJO4Qq5fCYohTsSl96Uq2MZi8ufUUM4zPMK08M5rimVhB/NwNfYOuuyedRl8ap/pAnmok8KIMU81m2NmK0iU9tlOdJcHNf1laNJwVjlf4Duono9xgUp964gOJ6f3/RBYB2aTQ9wnrUuE8eNtBw7HtGxnFKMMhzJvm22MnD8hPu+zY+Wzc4LGQIoGK0iEHNEMdpjQIvbstJUBmqD+ThvEtDRSDjeV09QHsN5qhaaDYh7fFp61UeL72wbSxrSlZDxF48wFimpSibxUg0bw1KxidSdIEQm9bFrj7zBcGxmWZPEusUeCWfuMofK1h24dobyko0UadUyg7hRTAnMKOBeCYUMGT2BTTZgNVf9ZvpIxrWKytbKVn6WfKpCtAfdOnnc+1RyacMnMFhc5HrpAH4laDe41k+gUq1/sjnm0JjC6mNFXP/XRTshz6JE1Qaw3b22mce9/+ObpF9++aH2oX9SopTbqt7zXjSH9+EvhfPP6xd/5D768b+619RtL5i3UzAVAwqB9W8/pODzUDG61rQ2VGOh6KBDb2mfXjA7qnMzhUK90Rg4ue0a+QC2Bkaw4rScYE7YRuvDUNUbrVIZKzBnys7effvUu8saudHTrSDVBDlpfvLPC9+WX3/vy+z/KhJwehfeq11gKlEQJ36U4FMexs+QEhXvHszpvw1gpuxwtOY5zBmyOuMqPP5Z3UZAftyHtOKSy/v7c7I5iPM21clDrV//pv/rHxtFaaW2wdm4WW8fV9Y6Pd2/u/vXPn/7w5w9N0frZRNPifvXlfFe79mOu9pVGG0NvzykjNJR2zDRv24dkY29eOCkAKJcsibFcdINzoqrQFmH/peQ+2UfvVVDZNCYrFZv5tteuAJwm4nrC5iHNYTytpasd2dNE5oeffR6YTy1gNre/NQtq8l4S12ll8//pv/6H3YNSUuSc3WbCOctK9pGfRWWnvki4YplJnd+++Oqbh//V//Lv/k/+87/zy1/+Kf+kpYsDjI1lZnBMMkp869DqjtDihkKAqmZsNGKz8kV6jkUTAnzzBCYNYhOc5V57UZBEzqEGP8JJLK/pp+eImYpnglMHYxSUDYj9JdKr1/df/ekfff3TnzXPOsgVS7o09sqsnhHiC5lN/Zw+TUUr402+k/jw9O77f/n3fvzbv/v08M5p1dXaGTQ0gxI4Rml4K8z/+ZvjmuG2Av3Tf/x/LzmRzlexbrirYGb1VpsEZroDHms9/1p5Fy2/+uk3f/SvfwbbMTC55dhpD3yU/0w9CGN7Ws5olrRmDZ0ldm2je2Gk1uODPPFVgptOI3Oy/gnT+oGr5SU/nHoFTqyuDy9ROwocisUS+vb25fe/vHVJKZcWqpCYoVUnD0/IfGE63rjLolkHrI3QK2zTIjhCJ55lRVgfH1/+yU+/qR3HqPubk9KRgrBH4/63HNjFzb4DE9vDQwv5PZTnw9fffv7Zzc8f7//P//CXn93dZ3jUEeVtFhkMQ9GczLUd+89jWfu5CY14U8yVSV6c2oklMdwYio8ff+d3/+bd6zfu2LQoTGaEUp7vUvrql7/6+bzy3TkP73Dyp1dvWqC56fHz0eaddO6TLhDj7UP53MJOMhWFAvlBdu3ONauIakRHHNHXdumpYOHQYk9OyykBSWO4AEn4jEigXCYgb/vc/rPQk3kRy4bnGiCIO8TJ2z7J1HI2oYeaouUvrVdCqMsJ/UuQa4u3gw4vdsJpVDw/WTw8DM5JVE+CBkK/WZiXv5rP0pe93KbaEG9TUVGFPlwW6OI/wf3vUb+Nrc0u9tua/QxI04aZ95xQQUxt6USjliwdSJzkgPAmFmB0qFOUTxCt0M0+7e9gmZd/+HLg8cr40BA5Lh8TE1FymPMXajteO1cGzZyTrNlttmfnUqYVkLSiIxvbtWnddKqHQ3GnsAJ68h7ITMrjiT9Jo+hIIFeSCG6fzq3SMCpFBCqCUQUI0/AMbzoVR3Tu5aT+sInjkZZ4adobH68wE5MU2zyfAHWHOn6Jn6pssCyCcHiB0EcShvoQJUPjF1jkNhzcR+ogIj7iFbImuzgEXXGDP3GJQTkTCBwFqrS1BEg4UDgwEdn/NbI79n8V0h/qHQ7EJY5uu8hS70jvR3bH22IlaW8RkOMjnq25HRUolSYjD0TzPJu5Ss/h+I7Y3mk9WYH7OQdWrbm2zQ9DOpdcJNN/WGTMFB/nMo/uPvBv7Chjdu4RJSfUTtZzG9cjduUOiC4TJ0lXrjEyo2bgMTsVVds6W4tDr3uMWweNvBtQxLNZU1Lr8JeTGS+5ATwtyQAbx9Cge85w4h002Zq/6FO7mAkn+FH0ynxmbWlgjykeuvVXOYimgSUmGj+yaCq3C5KGlgUq/vouYJsRdwaQY48bgtrV8Ab+lqbqVJweUHnJnGvLRpelxV/D21wUCXX1FCfWduK+cB97sZwhnvperCA7e4J1BIjbyslxY1A8cBDO7nYvMPvgiWnUcpHto19pTY7e2X0XQSGnQAzw7mTo7vUXLW3q1H2ZEdqWduKXFMnZtIRwfpVrtUqTFR6soOOohrp6btDsrYwsdy5nGGLgHtK110YR+NkypLOIhG0ram9MKGatQGoVRxJxZCALhiZRxnW7x4MQWkwaTuexrkCYQGRdaefHDVpafugbD/0K+U1p+Pjec+IYB7nMWRYryRm6rG07rDKz3dL25vbm/q7b4T7e3735+PTOTSOxc8ChB2/AYt4YC+7Be7wrRU4os1cFJzCO7x1PXhjizwPVJVAiBXmtrYpYlJ6W6mg6KoT4Ytm+XrQSCOwtR/CNDp5uRhHZIcpFaTHtq+F0WYxHub4tmb2i2vlyXYPuYq1JdqzS8ieItavuLXvqlzgf/LSMb9wbXKIKRCwHZDK7TJWBzsBacp+KENbRfXj3rjvTnI1/3I8Nc8DJyGcDzsilfHZBByN/OtUtq6sTU6lBR6WSFeqOJDWG5bYd3dSiF7zOEI/YnNqJX3UlfGcyPFN27zoadeULB2wYPJ5NQrbB2lsHl+ekAd+LUuJK0RzSlyeC02Giy6XapOOU17nMECb6S+kCTUr4Z+pQqYPc6JStgYxegqJJYMWdOmxiwVGcr3UkR1Y5twlCs++2zpmNCdpZNwS+/Pbx8c39635NqS9Cd15dxHf1YAPhzFo8ZnP4E5bcpcbw7M4ejs/mE9WrDRaIOtWbm74C0TBSlS5l0bcntbKiPOGkhNcCfcUmHyS+pMw3LV947minGvsp1bne4BUG2cUbmXpNubhjXhfwg3Mfc1B7MsRHG8LLRVh4UKXi9GvEFe44YkXIU3pYc3d1K50+1FIl/kjWjsXW7vyPHi8vbouO0O/kHWRjjGrRGuNhQo03jeQYOChrO++5vsxYq8yV9lRFIkx+/QlcgYkqt8uTC8psmCwK1pZKocwpK6OpmcJdpoF63BHzZUUfsThSLXesmsSpOdYlqC6EPVaw8+qNtckmFsNx1cxyDPz5PMK12fXIRz9RjK29HF53t6IPmW3kAx26mVt2V0WZRKpZs16L4gs1Hc4PFFRQOftZswllpTnE0f6uN5TtVhZbHBcrxkJ9kaeRgtjXJoe4hanlf4WM1ftdMAgaVpraH5y96ZHFlcZq9GC65/VqFNM+Y4R24V2Qp5d0CA9zR2T3Hs+FekUkjvm5fHRo8iLhARjzkcBD6VVHVDEVtUOYID6oJskrXGUFsvP5fbv8OnTTpqiU5BmJP+ZLSkSSj+eqWxbXraOcERUjELk68NI2sbqVK9cF9IApIGZ2F2of4+LCURw5lU102P7/AcaQjgUYwmplVR/R6+jb4Oj/2nuWt9avfDCjOKq/oxp9YhSfTLbbH1GIG0IPK38pPtVap1omaauQ889hnXciz7TFlzGiBrK6XZeB1wW4eezVy9N4o6qFtrKazE7ib2/dMNNP7EXczfGJqxldt2mmcS2LymqoGGZaZkv+ao9KjkKxhgUXj6jto5rmmMyYPcfABLBr5kVC9BFwNZras1xj3zLueIBhlzNCIm2aE8f3+nWLmp2P1l8Eznl94x+J7fmCYyI4JaW6rPn5+CvgKazHEpqTmmtmHHf4j3nxz6uxDqn35IjrrA7W5J7K1V5GwVBtsmsjZPBMtLStq0TMgWC0c11IcVyFhMyZeIzoGmUmx+fRK+xqr1qnN1GZ3ibWIlp/2aoq5y9vpmJGsbAToOYJMiEFmxCJi4AmALdg1R05jJJGhujGGKw3vqygAFTgx7ngJytkbBOyWYgir57CyVHjULbUkRaKjsLRdvjgudJeplRbXszr6Ly6VZ8HFqV++Kxfs/p099nnSe+JtRBC7T2/7oZUewnS0VYfp2Xg5rOf3j2+76iziUf9fAu1dMu9tknyOd1mh1BV4BMNA2bnAVWFJnIcQk3FxyyGHWmDdOxVcKzijNNaJo+lvH048vMGiAgqhbLYDEH8tkhhgWZ9sa+jt1VWwYI019WfyTen8giyuqMjJz8Kf1tauYnQMzVbOKvPN5WYX7Q3Xc09Mk8mecXRErSLCYvhzhAsvb++ff/yvZxE0v8xi5oIQzAsdFckD9oBxQ8Uci7LS9PInNhIFRNetyZSbn4ZOSHR7m1yNGKmdXCmEfhGFnd2a4AxOg0Qst5CknbXCENgm4u5VAgdqh3inVkvoKPJJ8DGzTf9gbkuuwwBcswVtSd2iXI7VHZFn+QFRbSuoTcRVQneubliz2wr3zVvJjGDTO5nRSUlZbMy/iy7rHUk4GZPAusRV931WTN2b8/N/Wdp6ewAU18tgCHgTOYCgCpiZy+hS5iaOUM/FqgWkvg2CC4ev3TKXY9UZkXo0nFCSdNN9BdZ1E++Zx8/CWVL1+rKBrtp98WDD+cnUY4t2cYDR6scmRxm1+jlTxqzXIZyIrp2K/TR/xgO13G+uHANAUgISFofpI1t4tor0TaBXo4dWceCJEUr3bBCdZItd7NsOHLmxAFJcKJFKH0RxEq9xCNpBCvg8yRMivBRMx0Vj3ThrRj1ccfyo+piwxpaTTnTEEXbFGKPR9HATidN5PW2MafDQmLuoPOJWLhPTfwH1EaW909PP/96iz2EpiG6T62bdGPx/YeHfiOgwwoH4NzVNjImgDAYQzKSSiYeGGagUXaSzR6nhDPbVsejtXSSjo+Ef4sbeXgeJDEAAcHpKB5ZUWpGW4skS2XtnxhKejseOjWpIy1KqINFVAcJgY8EDWaW0qCEM9ppLWqz1BisUZJQucqjrWMdMb35iauIHg4KjU1r/hUprW3MLPLBnG2WDwcQLztXuyyYOR3Oal2QWVBa6J9E+hAN7tE44ErX16gkndq9mDpndRiYccYy5KRF7GO17VyXVIgYTbyjHuNyKySTpGZV+CvR4VDV35rhMSKPl5hnsHpuqPr6pegaWAQHsgDHdHnKrASserXcqMvhqhQkH0fLM/h648CVqjU4VLLKkV/hQMGmXv0lMgjPXCudsGm89kao48S593ZilbLJQJXAq0xRWwQrogXOtafB48xpXQ6T8Ww8QUtrPpShWsYkF1/n6LEGu4G3VZ9+VLU5f+fqPRDGfKhwqePl3jn6seHCvLFL5PuNz84F+n2AOmhryhvOan9wtR0HURYjG0Flgdqlsk8aRhpdf5Go732ddnEZ0fJ71BaHJN1sUNlG4yhJI0zPP1l+xYY7MroU6j25+1pnkOOLZl8lVcwKvJNURfSpyQVDk3cRHHil2NyoLplJHWcSyRlkXq04CdHmMJT9a8B9eNPQxaa35EFmLwb0lcbT0WSqmTvWBKICJAjtjensZXPLLs7nSut934OBLYGbkOa2TurkgAH4POaGBI4cInsJU7IgbL/TQJqcAkQXr69Tou8/UzZssy+HwzMBUQYhdpZoWz6PV5h02PEyrtc+p214TG8OGVg0OE6jpUFBwLLJiKGo9I1/LX4OibJj9LPLRZu2bh54fZeYV30dtCzvriFTjImvNhBmWpOdHe4AOWtXjfJuWLtxNeW9u+FqHl3PbuH08dEa6loc99E4cRnXoZflDCgqXlNczuaFYWMCjelMyEYspFhkBYnlhcPImN2YGiGsHfRHT6QIYzztbS6mvaI+bKja1MxNcw48gJAzL3T3iDZ+yW6SkHt9U3b4QwropMxHl7ommlc8APdcoLxWEpsoaKIsCbtHhkF03NB7oSo/ch4nJXAT/jzbzfcics6dBD06ZyLRmICBodvx0dEpAIwf65hclmxNnciW8l3HCMd6opym9JzuYZ7MqObO0+SVRjTShUCrrVBTcofkVOaVs8ikVF1McBhtEDCoAmVtQqRuleKnAVuPyPH2CFibicy6SgQmu4aiI04CJO3Ar72nj0lsCmKuELGkZHM6dlVznsJktNQk2/LdGKSpthJLH3C5q7sDt3f6ia67+5ddvIG+dTIJcJIsDebfnJOotF9Y1+SWseqEiAnQBS/5O4NJhGuwYHRpzhODro6kYg6vm0JSh9xTpDQEBuJJUm3SoOMEIKyu6gTF3UTrvqcptTlmxPOV3W0khHN9D1Hn//h1lBfIUzOnhEO915HCefZOLb8toj7cwsT7USgj0dYu4loDXyXO/4RdBH0LL+vyUKZsXKAuLVrLpFR75GjtRG7L/ljoig5Jh4tkHuNHImRtk5ZX/Zz2vDDqinDMkCi8Al9ZPHJAIh6QjEB3UJwcy/rZtjwNT5sYTBDnggLZpFZ8dWM9AqS4lMjmuk6nz1mlU7jHBWVDHqO7Di2Tg1WGUcYUHyReWO21C0tV/v+8WiaWAKkyDMic9g45j+jcuEUZPSTNIA6aXK4RiwQlO49MyVHdO69Wfo7PvsgCMXry5gVHVKhIBjMqmEIS1pJm2Yu+cV+iM2ExOAZVAA4olMEdQTrW7FbHPDuiF9poIkzNev5pG9QFCRj8hNtUC3rcO6666JGvhin8u7rpqHuTHugp4OWUjnSUdFZCCqaDK/HkKVMwC45X5hx07jmgj6r9EXkQDV3ZCqdNEyFwPS2pUsSqf3uR0FBBfYcJaiIjGXkV5gKROdTU6JgyyDBWkRVxDcfg2p+vlQrhzIAR7XU8X4Us8dNGBTATCtKQKaMdJEWHaqSHeLBW0d5FcgiB2NbnEEBBXv/PJlR+4R9UbXBoo8IcZ3oXa3YQuKODhdegNSwW2BrOacMeeoM9y/TEak/vI1eHeh2a6/VpdauuY5pOfp6pA+l0bigA+gI0b3FrRSJseGEhRTMvFWMtTiE/2VYR9kiibU8+oI+woa5y41/sXIQ9kqRHFRvfnZg3RWs+3PhlzJqsQ2vJMBu6A2anv0EOdBkQF4nBSE1WDWe49X0oTfQN0EerREveyEhon/aFiP5Z0g6sHWIajOkgLImVsxrvAjn14J8yVsXHQEFFdoU8FMfS4T2OcbNTvN4Hmje75rXnuiTGcFpJDV/YKggpj/k8CI+qJUUW63BGiWRm9UaEza0RirNjphlvSWYKrEj2Zv6Eq6NQ4j6426voOVYCIKFGINxjLiMrjP6wtqtDz3FTPVnwrLtcrKaoyrgHK6HrA1o7FLnk39zePb7vIUjN6Kprq5sp9BsiBmypFJJmIr2fjsyCpbTvMvYiA0/2y4jUQC49pQtM7bB3FqSD6MiqVXR98MLZmKwhVDdDeXp1IWb7epJLMAJkS6hYOj7JVNnU/bnn6EO+XlRU4tQV+HTE8VQWYbdWgG+KCah7XTQQGSesUwT4GDpejWRKSAlih/5mk4Zi96LUgRAUTroIpV5i7ZpAFxa1JFb3TdPu7ki0ubU1e/NOV2x22hbWrMRLUK4wGjFg9h6TzTuArLiztAitZESbATHqrc+ZGBaSmLU/R9KExKp4wx/oZBXuDhaX1MXlDNhxHU/TuOr42Lu38Uc1sLEfZXZoC8x8tS5jZlSUrCnaj/iOanbRUcUqI+Uc2MD+/1H1Zz3XbWma37X3fpu9IyL7dJaz7LLLLjcYIQss2cgICQ44QMJCAs78ZfgGfA7EKYcIhMHigB5bHIAp27LlUpXTVVmZGRkR++35/657Pu+Oms+z5pxjjLu57mY0c6651tpSKYmzLaoA3jhRj/YDfxFaDXnoKX8WxBZY9b4YjymOxOwLXON2ydv43r2AfqGX0EbLsuG7PkRfDrz2tU3U0xtbOBhqn/rIgQcz4xFJ8zudrVEab4Lk6Tlsxlrj07qaC8SYt7hvYV/I3OlPAHHuSok0+xqlP5kvuvEkeabZ8IC2MqWkT1HnkxDRwPBNMGtWTePK49DUH4YTMmPsVrO2yXl0yZRrW96qnfFMXBgJ122ql9iKwz+9+uXJppESAG//uI8Uw5XKSc5c4VRT3ax4NHJ9IqY6TRMzFK2vpvfkr6lWXAfmFA761YuqdDeEpaHCxrfQYhjQrf/oIIRKGOVarkUeYQXdaOHOXG4qbsXWlGAtIbJlVg/WGXejMC55yi6RACeARf0lXLm/+TDZh7kMO7eiDBq6ael8t5THoGrMYgXYfCgkYFW6dA6RGppGngH57au9iDcE8Cm5kUVfe9bEqg/xTp2MMVFpK2E3fE4OudUSadvJhin3zzwYlazTCADII305qsOUbbodQ06Ubtjpxs75WzVN7dcbbhQWorEFf71InyO8wwQoWsPxZvssroYOXGq2R9vGTQv+zTsFk++QnFfIetyzuvmMhqHGzRwa8phTYpNQzm3QKDKPBRRtKB9FmSdKY9GggBHUtvpNKUHmCqkb0AUk6Y4jakc1yHxRmEaYnK2WEBHlyFkDazcwDoGhdKNcVGvQyD4dZWejuP7a6TQyGepIrC4nZclEkxeq/pP/ojYLn66IguxrJSPqpFTVjrsJRmBSaGs34URVJW82O+RltGwO7EL9yGoMdku4aRtDPwxVR01I43XTRl8KnaJWz9nS/GBmDYtHyiOSl0anZkm5XF9uhdN91aTrEyCESLTn9oubZWeOrlEEhvhMmF2rXxqyUVD5YrRsiwG4NR1vlRt9qiIytaxbSVm4YhvCOdHtQNAWZHcNkPCLsURn5IbGrI1WFy6Do7VEc2qIfYqtCuOZYYR81NO1SxJRP3HQQt2Vx0s4QwbcLOKWUUipZA4n+zpHVXhNlrM7jzGEZiIFJT0sCbgPsQbEimvdhthNUxjIKa2dVJl1OMlGxea1xaeOc7Xi4rzHk1sKbRqaceByNPEGO7a3xagsVanXiuq00wofGGVN9Wukfi/Sasql/aU8hy38jU54BmcU03pV+9mgGi+bzwCMFOXyeWcWZWemgeM7O1t/FEpfZat65i8lJogOdb0g4p0ElzMb8nN3lrc4khkeCHpvGN/pgZvZ8IBcA2lixLRi2GGl4lfhPBLaGtdX45rXHL5uHIECDJhcMIK23eLRacZRp3oBrUdPEbLBeNrzwsgO7dBZ+o2Kjg2GjpM0uQXrtLWfZwlkH6btjnuZkIxKT3NEOceX0mdrC7v8bUHfFaNoZGlgRO1w951BuqM155v3voTeX+Hki9aybj/DnuxQyLFsnDHQpiqn2TAlqIjmL/0nm+ofcYqKDS3hlzZnnZZ5d52qwhKRppgo27vpot8dTaEtu2CvJdnnhpOuBsY1MqDTHVK7nMbQgJlQ37iQ8Jo5opzwtpLrdhKztoaqsiRrgDttpYpOQ0GCcEZfDUuJ3nTZoG7lNay8n3TXqbXjS3JP0zToGw4az8rn3ufJWX1C5t2HH72tRXG/79Ktn1rDbwTM9oac+s9pKV5NAAAgAElEQVTTuSkcKotH9ghqMosV94pxJ2l1BaEI3m73vun3ZTwYJIDXVo50vQlYc43B1QhrXG10n2SOnLIuwnlSZJNdME5uquafEAlbXO2vIw3DuhT15AnRSSMEy0u1ko1pqHf+VfBSYfpUhXFTsUgQmGuZfWxbVg1SZUpIJBOJReAUTP0aFKcHMSrU23VYxHODuttu9MAgB474Bhjh5kgJ6N9oWvjpVYz0qHcmGYjY1MajUjRxpvjLl1vt7p08F+O9v0RsWUO45LOgV1q5nR9s0PvkTFf4DVdGlVjqL5LKO9BDJPTq6wUtGaqqwHnTr8hTA5celt6tMnaEcQQqoeUvCY3QmKP3cBd8JZBbRSqYHt/TFFtiVLPiRR5D+GFlcgEBiQHQ5N6c+lxtHHXMR1d/SqLs70hljEM+oZRXWtpnsnT3O/N4mPoEOZozN1rKay/Ehui0A0I68WTFuTo25ouL9braiMZLJbbEQE/MOWKDXC0qOerqKYR8RHoo3qtbRix5CZFuIMWwE5LJnkCYCTnXTnL1c8aQkc4RqGf9Q0uFFNtPJHFhaiKJbAFeSXqr6TX7n6GAyupk8HDYOxmi89LZAVSVW6Yvz7lt1PoJ0bU6yyc3bFnjgFKL3jUBxp1JT6NmbO1ijXLqaOnfsK/hvEqIeiMHeWt7QKofaTsj/kqTOUujTsaVx1FwQv5COnrsnOI1X56MRxlDOV37wMZvcVMfrqK7o3WZfvooGwzOn9406m8t/6Ybn6VJv6tk6VZVD0/I3Lp6t0LRm13ylZjznVsQkM6ias43lfaHyEQyivkz0AGoOpefM3XngFUzqFsfkXOUC3Um1GfyiDUCxxQmWBJDcy1OBmmoGwWgJMHUaNSI3Ty0wVqq71urh+I8BnhG5aQEk0vRcKtRrnAh0fd7YmR4o9SbOWBcEYaH6r0qHchJuEq0CUNu/EinDskct/KyoraYRmCXyPOfSA/e/F/B3ChHc4c5tYVXZreqzuDeBcjwsLEpfbOqtiUB5ClIJ621mvLhVHyqHhMeAMCOIqSzO85lQgVOqbYXCm5bkWytyp1Zp47iNOGR95WwGgiu12Xqi+oQDrssIxvgRGUy0ImrvgG/qKrmpXY5qDexuLYHwXqMG4gZGHVJ1PKeukGZqbOrKhLQ5oti4lsjk5EoZhJgLdKNy0aRzCHVa3z1X6dV96m7nVaata4xhfhMRANhs+Kiz/w2llNx7qgihpOO+twyQq5FpXZ+SRyHGz/WL8CfvauPU/nra86ateUH72kMHa+EkE8XKGw2GcKbkjnKatmpu0c+2JaC6d6+EWOhJPdGl4yUe9M4eRVdXEf2ut/f7e5Da9HuOu85Hh/UoS5vT3Oolh30dgYS1qxhUGfUqvfEQTr620DBntHg43d/VZjzuAode8oVniLHEEHxV59aR9ClndhtsU77ySOKyMmOuhhE4EcShLu/sbUTmjev+/qk7qdkLwd7/GkESXgT0zxosDW+yKzOpOoUrwrMSs/qJzeexZS0yCpCBcKbbhHsw/CEjlsw0LRO72Kj0WLSN+J87Itfuwf0+bsf3/WlQMmwJvfOYR/a3MI9zba0Vu44W+HQQ8SqmqhDXzH+1d0QOiID9p6pgzLwpUMPlyLz5vMcmyH10H5oQWLNYBeNfWTi3sWd0XGnBRBIoOgPpnl99uk7A7lSp/PumRqD1vb+dkbQLJqLJnPO1fgwJ5tOCR9bmBfq4pMho4GClMuiF/a56uC9iGX5kuHRneBlTSlX9mK0214mjKqdXDsdNz88FJyNR5YAWCTBVNNeOa62Nb/sG7sWngGmQb4vx5uXJ63F/mxhLwELxQC0m4JCwNRiitHnM7ajud4eO9NT39gJAFMilHL9rFvZGbxEsXjhpEPRXtrD3DaVBNA5So5g2kHaMEd2LNHyZScURsJlJ6h9LdGBm8N07y1BSDrqaUJnhGqfRm/waRw1+b4WhMhOvc5GSwlVCd9AtVGlwdDnkmU1VEnIYErzCUf0oxifXC13HvOEopzXkeFrmyk0c0SQhgY5M67AyUFFrLnJ3v1YywA1k0I5f0eHFezZzdrWWTd4RxmdVR01ZJLfgTtuirsLkY1Yd73NSSxI6m1JTLKsAHgI2VR1TuL9OJTasJxL5Bh95NRaAxGyAtHiGXN1oat04IlwSkqkQSdkErYTk1MIxuHCM4Y4FxAaRO9KtS5ZIwaifzJjH+oDVm8afClB3AqDrjRFcNFXoSn4XKFpFs33KGcH1SOcrAnbWTvU4M0jRrZTxS/TmYw8f1hIH5zCq/lxC2clYEY8lSqaHopDQ3vunG8aYbu/Jo6V+wrwfaDexJRfSqckWFF925dFmqxD1bz+pd/67psYdJZminu4g7AASE0e7czoozI5vQK5qbCYLocoPKid6MGxcC/Fo9bOIHUS7g4zkbCy4Qa3lGB98YuWRyJh801AXHE3GQ9hyBJ62ZQrlpzQlg0GRoobpObgmUJOoE5urJwlhGmNTCuouihgtShWYRsbx6MCc5M2m+YddCiTdcGuEIZIxwlVQpJNlDT3TkQyJj3ZlnnU6reTPMBVVb3faG4dEEcDbRpaqY3xYaajRULmV3vDSxjzk6CLI7MpX7zUzYLhaUdjW7jTD1/bjBjYgU5RAvgUYjbTj8Hu4U1zump9ZETy9QwZYn0x8fdOL4eNnWze6GmBzVgBNGO2iPEk8fDwZesMQlR086YnDfLMfEyOavhApYyLVjENYa+cMxanhHYz5lXXvWwXbx3J87x9IEA/4bzEbe1NpYlkx50DtOtm7phXr2buWRMPtZlTmNjl50QmqK3ZJ4jSbV7caHjWRUuRal5+1Be16hkYMvYtCup2pgFtC0GT90b+0iD1c+5ULvK6tNk9TnHetYoDFxpdpnjeWNaADYnvgG+0kU38vzk6V+779b/95LHg1Oe5cjAon/ryVh2wb3FtgaAxg32iiEG8lyOYFtPsyfVLm8t0pszbW4nOt4wL8z5fB+koJoeFirxykk+Boga2sbPCXnc+RMWfdwrYtWZw+DJRLiCfgpRN0jpquw0L9C+Z8FfoNvib7qp8JHEP7ov1N9/0iEtJk0gBa2BV17n1utqn7NB5ebkbn0S2/ADMeNSwHKiSvH1R6Afy2qp0p36chdkXf9UJUqpnNea3JsyANPlvFd73XH3pu5y6DyP5L7O/ZjP70CY3fiYsLLr6SoBx5fmj/Xyqt3bvFIdu69pjg2fSv/3Smr+EKeE83K8rcTv/evula8PSY1zEDibhsOLmpSLQufhsYvgaCyrKq6/biB9oMVCQIr79KmkKjuHEZIygJfpRNpN3RwDZBNRK9MR3JO3ZVjVv8dtJ2WH06nhxEMc0OePFtJPkLucqLa11BBvNvMDrjDxZLrxrbLrecZUJulJHUNuhoXtCdl7d/GFiXdZWyq047dIOjjFI5lSpCOOasGZJ2i0YyoWOItkJbYOHWC7q3NlQULNrLFCgm4nnPaEBct6OnZsUD/jRDufDBlN9PRCQpd4GNIDrTrV6H2uJp4XAs8IyL6Pd9JR260bxoGxPAujEDSDZVewwmzLlaTht8xjVG5nzBkv8zHbe6DskXr3twYqbpZbYpKWiXZraTViEXFK5F11Kid9YiNbwfQQVDE7AxsARy86OAI/mSRAVHHpJwjIsSU4nkfoRFNlTRtU69iGAxniOAElN8tAlk4GF4EW7098yoNQeDK1s3yiio/IYjplNIL0lVmTVeQ18LZ08SgU4Qi2U5MwQWMsKvGF4AqcdxxRE/MJPKkVIayOD+MadDTWz50VTjZlHIHHRdXI5fKBJalYjpCyPruqvTuRFE8yxRSpyJArhttTMipMMxcA+jfrzAdlhFxzkA4HkOeikJ2UCoriBAcLRCfXDBGD0Qc3ze9vW6qVUMT0aM/NsY280XRB03yg4G6Zf93nfN24ZuI9Xnd9qjMhwbCFkmkc3W81Y4VlusbhSJLdijmkX0PPmvDVbZyUEoHcYg7SUo5NW7bxWX2y600/J9K/6zjn1cSwnVdkWHQEyKqRlSbCHlKqoQuo6JimZE/VGF2JgyjkdDSdtk1a0Z2Ziq1hIyHjxf0r91SZ0NpJYUoVTAyOTECVJC63aTItV1VXoQ1Bbfk3NxO6gsjDR6bT/dpV5m8jSDatbe5UAcw/D27fQZp4xiE55WRroaFTgQjOeeZfNFQ9hLBwTMFdKaCMez/HJqmxGFJgp4KdoUC2EmitX+yg6CSJM0ajLSacmwqk/ElyTlLuhmHg2M1pZDlsY1DrpIdz1aE2Va99eyfuouU9iuQXkHqdQkYGW1nYbQdghx+0QIIl2SyiZX303S/uJy+cLHLqB/bbVHEKJzeqC05By0iei2rCNN8Sqdm5He+NXv0L1uuuTeaBzo+rHd7/2PYyDQphZKtpOYSWwXYjWnSaJTRPPUqS8Xiq3Tb2Az2ISBgFSw0RrM5Ie7K0IO6/DjyxLtsGPPtb1xd1JrDwraMs0QnNMfOHejzM0q9ZtG1US5i2pWuft3mlM6t3+BqaRJNH1ST8nHvFrz4EXJeZHm8wkw+E0sOVA70LeEBzYma2jLwp2boHz0LFFwBgG6DTzjHIJUWF21jRjBp4hobCrOZ6L2yilCVfyxOPkXQVcWWXbtJWAz9mqgt64mcRw+phFj713P/Bkyv4klqRL2nQaLWbCRLR6sFJv0K6FX5JYZHJVj+/ruGGvvbV0v+L3zY/Jtx4QHlmc4IdlHwBoyGkiMKIX8oT1m86jnr/Mpnm8e4mlZWjm5ECfvQljFWxcW5bU4HfTqrFBzcEdGn/MzsIWoa29m/z9HOxmyCwOeSbkis72uGkq2YJa+K3JMtyzalWuC8/qOVF8LpROIpimyGKtJiHUimFV2ivIgwjBosM2Ig2ndnZe0FHWHEEikC1HcD/ME5rYkhRz/5NH0ZUey+c8VZehxxANeaw48vNoVakl8auSqlKp2I53KKsDTD1zST7ZevtiPuEYy9wnOBNgUCb6IOVjHawCmqijIbtX+6Ip741mzxd2rTvmzC25UMUwv92uLr7YprQU7yucNiADHYgeL3NXoIyTTQwKy8t99fHTuhZiWTms7Xim+5SzJKIaYt+hpnLX4IUa9k4Z4YwdjJ8N1zb7atuRiEjJat/CJ1EyMYN7Gm1DUioRFX/SMktGb+uYaCinNsIwPIlQ5Wp5tRPSs1+hjvn6P/p//AdA8qULtfZCuDFFAZzzUIWVtSaDISf5GijfCBhH0vogf7/X9OHjd3/nv/Ff+9nv/Z53Ax46iwwLMMyXHDM5VbrGhhqDWuHI8hGJXrqoldzkD0CnCa3F5caqrqfloStbaaEHLVHGaMZbKO6UWzgHtPkjF1nZPToct6ERCP8AYI7e1p6Iy9jqaNzfIXDeGPFC/oyVU2alz2Hwc6ZjDT2I5jl4wNn8BLsz6hfwOUJs9x9VZ8iJuwi8XOIOaV48px3lrE0RNkCJQXeH9uvBaxiJXF6rpl6Dep4IXxU4o9wrsQmtFWt4supO17xxK+oN2prK4H7L830//PJNv//00XehFJk89sk3vnVnar7r92+q86UNsfSNQAbUfhqS8j4qEL2vB/UItNsBBbddQRZi0DamxMlIYnaofmFWm1EwqekVK20aGJc3NhhM1Eo6QwQ8cEIXJZXpFoNYiZg/nmOVwdrWTJvV+Say/dBBLC5zBjjr4yCWFy6Z1geOl8jaT8dvVVWng/wErDZyeu14h+dcjkHfQfvpIWDt8wUnKOXB881ZWl3/PnyROY0gmwF92s+UaVjOg1ZvzxuO5U1Lx9S5FUhOkzvzSE7+biUqVS6I4ZndNbhNCDvHVufMJciywNKHB5Z4SJIp2qJxBiyBJiGB6ePtRIjtKXv0r8yWGTV5qVstNKJbadkP/IocQzS6/lkz8R3713cfHbWYIzztk5hDkCapSWPRLgFi/fzNm1dvu/l68a5tQ16XN3vmJBnXHea2xNApcT0M8e2Xvi2xieGbn//u2/fv3/R1G6UWIM0WYMugiK7LpvPsIRJ21TUu7A22w0/8y8NjHNCDW11WfPzYT7nesNYTstc/WXTiydqWoWT+9raMJ1O9ZWq4MD6xq96iIZzgbgICxMcvq4YoB23INlDEy7usqFECJHUgACm3Wka2HA+hoT1X5Ki+Bsj40DfK9+hGVCUpkG7SNPG13N+HUyNO+Z5EaJaFUbZC8ur7Tz/+9fsPn95aK6cC0P56ArGwFb5m53d//WM3z99+/31YIgFg61lGdkXR777lR9PT7mrPWTPAmeE6srnnfHPpoWmuDKz8eSkupHExfO1Lxc4NJoVUsoQKzP5GJzvn4k62VU5kZET76Pl33//ww5t+h7tLlL5PNiGXw53nlojnDwESkZzXsZxLms/pchQLc8WeZ3On//XbKPsGpWbb16++N0J/95vC30rbgmb62QSP90RSubexRKEe7kMTgWPFl77u+Wc/y8e/+pSkvrRfKHFaT8sLlswXBWwhW1ozT5rspsW8d2bwZGdbRKYmvY1L/chagWxgqqIab991Xp4wl53eqzRpt+2ngntCyOV7xaDUi22eUdIxWDfVOck6ZhjK8QqWO3HN6khAj3+hSTifgo1mO25OemQRVitjtT0kWk4aGELEFQuW45gfURh1BXWw6fAVsRiOyJEaHdS3heZxpuwL3ATHgIaBS68rwTfk8BCBnHAnzOuM2lXVyc5B9MqrqqcWa0VJVSVzHqnTmH0UL7lrMMa409KhDldwym44a8I1pyUgkLVMZDszRNEtdD1m0vVbBhavU96Bew4M4etljHw8dvbWcohpSAHz1t/4BGRHqAYBmnJYB1+dZoArG8pTP7Qhm6TY+UP3lTPkGWn7ZczP7z/8p/+//29mtiaU+4nh1gXuhBDLev+zgmQ6VDQYqd2gTQUTGqXW4vKg8fHL67/7f/q/13s1EGGqXkqgHerE5YOaZ3ky57C55fGdhl45lewYXQN1X+q7b3/+zauf/+k/+8/87Pd+v0ri+ycUeRU7qNE0wOt6nHDTOoptuks99JkIFyMmagtfPZLRUzA7B1WRXaeXRkSUpblchOOqwlOTdJEAI8IWsxaMY8awk0mqzvCaxF68zkuDvh/ywSe+pPUfksYZIdiiJFoeNOCpi+KCuqSlZwMKqbb24TV9daa1qvNZ5wGtYVOmaqyDOTjMwURvwsBLGugTvdOpuF2CkzGlo4Mr3lXwpW00DtTmDySHa85JOxDVa0IDAhvshr8cs+aY5G9/+f7bP/tVv8kiHVvVe+QSux/w+e5dF/rf/K0/+HnTge9jNkj70k+54MMArTXdcW3tEz1YJU1SdDyGCSpk9sOzGpiojpovCtMiN+MGbwHXDl/8pAz9+ARoHUBbric5z84Jk6y42MZVCFxSa4zCv7+Y1tcJ+vyH33/z+vcT0l2r2k7yebrmKEsZG8ZSZIquRsUyNulUjADWRz2qhzfmSLYmPdowRh/hsUn9iZIyBFlP5eNOwxwh/HxIdGI699+DV6+/+4sP3/1nf/6r7gR2EeaeWaGqd7m+/8iR3/Uw76c/+ZN/5mRhTSAVQ+AMtJntZH48klSgaYP1YVtqg3Mt41/T6lYJfTxRQgz/LO1wgu6oVcte7HrRgKsCUG28NoGS8ql5mEiHl3cSA62zQVtCaJkWouOfh13yWWF4syCRrZvK7C59aVm+6pfuT1jEx56M+tPFma5Bza1v3/wsCW/+/L/6e3//x//l/+r/+o///JdfPngXt/aeYKGwq/5uxQZ/QZVz7EqChYq0F9ypKKLLvcpWO64BfDajXvXjh/f/0r/wJ//D//6//td/8V99+fjrV28La8aaWhGzriK584HhkMlfXTWjuM0YAAfjINFwWBb1ATvjUEceRVkUzXcf373/tl/M2NttOkYNm1y3HPe2YRVJ+64Ps3XiKTIYKMqF3dz9/Omv/t7f/eZTH5ImOPo802Qqj7sn9d2bj7/pLvUHQ0vCvTYkg9jD6V8+/PjX3777zdYYUiBnClAWNDAV5Y+fP/zm/ZePWAoU9wtQuwlhw+d+arSPKTWcmy1a8ZoSCIDWXzReFa/+Kll6FHUOrayWQrty1KbZghlbplmUAnYvctORriIGcFgTshCMsJYWu9//8OY/+bMf//3/6Dctp3sIoMtV0NsnN9fPG4ms6oHIhQc0obKyQ4Ki8Oi86b9v+H1bvaf/85aE+vZX7z54g1bKhJHfknxiA3QdtTbOWK8o7hGVhK67vvnZ3/jTv6Of9JGwrf95LBRzQBrJa2Yt26tJ3AMvmv2NZX04BabfDoRzE2c28LXvMqDThLz+9o0OM2e5Jvz48Ye3b374/g/de4oj8ppdLQhKFd34eP/+/V/+1V9tSVpN8cUsPcr49fpf9EPg+1zBcKfUpfAz9cA7n7YrQ1a4CnZkZ/aVCWVWzFrXcdkZbO4tBt6FadPBRhMwYYEAF6aZeuLOYaufL5DUnhzMVV0TO3FV7DXVyGtkdlAvr2qhQYM2HXOhIYgfxffhuuMSTDyI3CVS8u5T9bEHpqFvDFATfUZAiUGRLySIFLqE4VPJPtUg68fRrH/ka4QTVeza5pYueHUxydtgk+yTW/MGt+WX2lNaP5pzQpE0EmbXlQ5Wdf5o6mWxmqDAFGmjQTstFcZLHUtjWcMcRiwSu6xp+/bDu3f/n//Lf/DxN+/f9Nbu3qXk1LP7IAj7mUcw3r1WxU/FNqW8fyaOQKjqrXLx0+u/+XPPukUapGDVDUjAUkW7cVaVFDLipOnRxmSys5Bm1FdG++sPH9/nODUyleQ0jtXwHUWvncx05awRL5chlokT2PnAHX1qlO3sieD2cIEyiwHJR6c4nSPU3N9Y5w2n+k7IXBkuRIReY3JrfjimbqxpS8Z0EtetIO5aikESft5Jan0EDEKIWkXyuhgHzFYXijZtqawy7EHYXl8W7ggjT8JERXmqUWGrifmbAQlM0VIq7Yqzv+ORPrwDFF+OS2r66Y48oh0wdroSKZP07H+Cjmp2vSBKUOrIsSc6Dc7PQBZPZdq2sqywSGfju8/f/OP3X75936/1FYgPnz80vu5ukEE6ok9/+vuvfuf1l+5RdXmQhu+6wUQF7GVUQ1E/oeuL/9lpMOyks5waQRDwHJZLZW3qatowvLZIgB3a/HnF9nN//mTNk0YncpRwnI0jvRZ2JqrCfJK6FHmV2HH1h3cii/nnX7z5pv/ckapuutHMcRFV4XA8JwHo2TTppJzsFIxgRlH+qIm5jTg+advck4grHeF65bQmQy+QRPNSyvJvm1AkCibeKW8KUsNgN/jfOamf+jxVNxSj6Z5a764WiKzbEPzNH/7+H0VAZjKMAEs+2EEZOEAHeo4r7DCK5YVxvoDkNvgTFKbzhhJ+/y9ynKiv6hz+chyNuirmh/Mimy9QVS/Wle4uYsCSdBgAJSl23EE8d+W7yEQe8p2yJyp005l381SoG292Y9sa69X7d/1ScqbeyJA8Wdw6wp2qNpzwtMLwPQGT1oVWUsLzJ//U3/yP/5O//+/9H/+fb/YTYh+5PZ2+mLzli6+1i4gEgDg9rMoGvdWHOLxdNkfowYnWbRt26qZh+/Lr37z/7/1b//L/4L/9d37917/89O43+7KWELAYkAk6BxPTS205Vt8kv6ZNVczjiNiq5zxeQbIRaHWRVhM8Qz9pZaLJeqOlma+fYKp9vowwCknHvlxToAarGh/epTlJaN7mx1//w/+yn/Tq3Yw+T2pR29Ke8hBk+Pd/9ff/0Te/9m3gCUvtPrUGCQ/BH4SQQzSmSxP1QIBURL90maurIJ1gbdRnYGV46ntypYbJ2TJnTXHxDga8YM9RDKh029oNdpte8mfjYvedQ53EEZ5y6hIzHbPgJEcSK6SOdKUitha+f/bXX/79//df/uJnr/vAg9UXU417cUQ0UJSPLZZO55j0hFqLdGi/u7INBS0kIkBTlvSfw+96FK5Y5qWIo6BIom8trUA6P5SHPaZlzf3qd968+ef+9u9277YnlXtjaJmXgsNzdkyQWX4euxMGWqgLIXMAPw898SyMLfW0b1USiZXfjTi8x/YEv9qU03ttnRDkJepieasmd5R//ZsedMggSmRe2vs2UxDcCUlxXCHgrb0qLhEWlbJV4UKGqw09Q2Buz6NK8kmz+CZ039tCYDULBa+DztE03bhTVpM3cYza+R3GvKqNuCrbpiM5NawfPVUmXKeXqCdbTf+pmHWdv3SYTnMSGcAk7MQtIHf6SOAlBqmEOXJCuIozp3SIkhhNAZNYfUKfC1xnYmLd5n6JS9AkJKQIT66HfXyG5H6kD3252h0TXagSLL0MVNUlZE/eDE92nIrll9sCZ0yA43H9EEfsHRh7liyiYESSqrt1S4C/QYoU8fYI4yhVlqi8yCn1nXrHx7ffff55/28rHf/cQhePOGBg5Zzl5DogU/qDYnoQPicqOKqZqK9XTLmZiZxc2sn8nDjJF5l5w8Tf+BAfw09MNWun0En7SalLuQD67pv3H7/5wKc5vu1FuQeANnhMelwYHxnIuqy2nAidV8/ILihmT8rTMScuYY6tOtATUWowhrz5IyIrxdSvO0WWjC20ExNNlPfRruVfdHRIwFAYBOOOBPK54Wpr6sQE2dmu9asAduXJVJ53kjcxM3EQJx2+MOHa3OUZHTZQ0H/HGZ1yM1wDpGabiCScfDUFglMW5htbzX5tlHbwkqBoVFc7ZmeKq2UueUdxrsQ4mmF6mKqU2E/92oMT26gJPjFqenFHVduXzhEakPltv4TqA7u+h5Gx63gR9MBoP4nU1NYb9w2dkqhF5u4mNWfsAc8actq06leNBp/Wya0YsiO9ta2rJBWex7qvWEbw+G3o9JE5eOy1kDG8sq3zOZMwhknBI6mFbNlVVRJyDpK1Ivo6YlZHTtuJkpWP11/60sTq/hNADQEL93FWMWAIHppGB2cyrirnzmBqjxyAkVQBAAuWkHWnMnkAACAASURBVC+nFetXJ0eyB09PiaiOUUeSTJ4JiU5Vhrr1xbFt3ZXrKrVvwxaP3TTWrXPCZQETmyP3GAnvnIDkuJfWQZlIOwVap5loS6WtXuV2FLwxUtQVLghfeXPsfHWDNVORTx5zVj4tL8In8boDDPcXLn/0j9n4HuF5OWXGAhXgYgmJEDwuHfh8Mw+Ih/ZarewDDMZogew7DRvvqeqOgeUoiUkuXA2WtHOA26fiU7MYdW7MKAR9srghI+eH6fXrX/z8562PvWnQz1vG3de3fPPWyHVyq+gkgY7TMzjGBa4UPga73qg7BbYgdjltmv2+h/Bev/5lq39fCtkaqDViZvdmD1HHPNzkb56H2mP1bFG1QUBazqO42m7wndFcQE4su2xgfKcbdzs2Aphj3d81JPZ0DedMTHQnzpqY3N0DxhB3xnf0n0Mt+ntH8XPfHNCIAdHk5lEXqG+6Xu1TpineqGHFV8uE8xYpDVmsiW84+fAJC+RFY5NmddUK3G2lgCeCJIi1pmXEEDGZgEl0RT7EIvvULRyMyr6IGCGZxlMhe2WN+OmkEnxBn4SSIzaiYmwf4/RcJVUETZo5fYvIn39fT//85nu9fQPUOGJv+J2vZT7TNSdoBg7k4+rl7HzSTYzk74+ZG09Mqt5REgRCLnCdSrVUNNDTqqXmmZqB7qxJ8Jsj5EBvLjyidZhzTUzjo5JhM4A+1SbPTtnB5Htx1rEsezItaKV9CRZlV5lirQadPImtc8cI5nSdhbTrYmGhqy031IRyLAcx+ew+l15qMDMNs/9hDnxkzJtlyQl0kVNFrF63/iWgId4oqhI5y3F0UL4XVYNWw53U6Pyl3nE8q0PqNdoRtSso/ak9JJ0hkHFq+stlk3NnFaTFPDPZe0vJu+BJmfZ1vJ1GuN6x0J/PGAKRbGaSkU/8tuI7ZNVGYr3QaNdDfGPI4rruFH91V6i8jSljFkqJsY05kcb7zcdaU4CitQYH5xGuLRlCtDyPNI5Y2onuDHd4TC8zdFysX+NX60s5cYY1xswhgXdWEKd4jOsmU1Jb/5fIeaF+3hzx7Q+9Gfvtx++/7TZhaZfwR5oTQAi28ze5KnfzqONaduxch+vv0VCtOoMfNv0E2CRJzYSIAlkBaa9qgQlZxWvDOMrVFalpEbElSU0/3cY+wgSFoScqrfD1zBmRImIuuWeHlJeSYrtsSO1inKZTmubQBiTYmqpWdERgBEG7t6puQFGojVpptzUOLqYKaD+wOePCUqKauCfQiOcxM66oBooKqYyjGokVhsaQ3lPtjaXaU94Ef0JlkiyqrLcwNGWTNYokGU2YQHBEUSr2ELBo8ENnMGbOAtN5f5jm8J1E0PeKM0qR+A0YHQEegzZWjDWZGTVcsyyOkLZ9TZLOj5IMUq/dGUH5XWZf33sqcxJV2udfRj3O5rnd1PGMLI29p7uPPrrzkicx1u26UfdGfV23d/Q/fPj4+vtuY3qw9wb/KAx7gafEl3XwzUp0poR7wzXEerN0mwXDNd9wqKqN5gMrNLVz8caBWi+Bo4ufvGOveaadSNVxyBMSeyUyAqIUnU5TSkbQkHQ9afBzqdwKCB1z5tK9ELBlEg+YkTBZdU1tC3v31Y4p3y1mK0U29e3dk9PS2dkAwUqPsauXXtoPoIP7EBvUhvhY87gvUvQIeEA3Mje2967LATOe+bGfJu9ux/bdTZZSFVqetHEClZTIoo50rkLvFSIDZn7gitp6LTYPYAIwOJAS3SMC7VoSEPMLX+ch0ZK74+kPJ5faXeCPoLJWeheCR8eE3cCHbsE4UePn5dhIr3XMYOX9DSwsXB7Rl4EZs1YaDK8xt+qQY3XahOc5LT0dFGdBW/Zatk4OPUNXPQW6TxIEvZ4x1HWLt11Q9DbA3MGUACwvsYC4wIKxJb6B43EPSh54A7Xe2NPzhrLGz48f3v+GIa89sZSYJNbjZmLMpeG0LZ2Wk2DCyLa5p3N08rujbACNz+mqUO16MIYIPAxQRlp+mcOwnciau/trnO0dpiCVNBiSVg2NnTfyZqs2araeav2deoTldFNR30LTsyjRhEUWmDrS19uOWZh0fhAg0WgEZkXeX7UOmM+XqucwmvhYGqSCVsZvvUJjNfKeSPFvRiGiHYC2EbOv87moJi7F6nCUj3vVDsL8lrTwclRerAYHFvP+7uGpSW7S9QyFOVLzrJKXAvFdX7/TQ5dStB9X+fKxZ1q4h6vb8SbJZFSl+ibpZMxAKUH7oNWRr9qwRnnaaiqjbpX0dMcFK25e2Xin3tRxSItoX779xkeJfD9h997fvvHbB9LlRWqkptM5jZb58DCmMdWLC/QZKaBo5g6+cnb/G4wim1MI2ZM8G8eqaplwXZFr47CgBGOWd+wsopeTDNpt48Kxe5CUF09u5IkpjP7YuZbQWuaGiFLiD2W0nUk78CPQGsk08rWsG9lkKByoZJhw202SHnVKSD+OWgQrpziLYqTt2+aOnLnCV/po2RCU6p82GtUra4sfs7hXbPqYpSe1sHmw8Ai3MCVE+kYUmEdrC7ZJHSq2QzFxgAuNCoaqbKDYp/7S6ArLHEIpjD58jmU7KJHTniNr6d4JIRX7mLqkGi0sJYDhUf41+Lg/yaSGW0GInNfjn/O12SbpTHtUjYlHOIJ5JTe6hHsrwA1nWa/XVQ1cNeAYkxIbyF3uAnmfXKo+OA3ITKE0vwz4onfSjJ1n5UDOJhaG16fJ/AWMMvh2GGG13ddpOzSdVGMJMDU3lFczXuoxEWaMhHni7LMiZby4cS6elGhNaRtek9xETdsYDJBIAbVf9l4mmBlIM8bddeNiYFmh4bxIC8a9WLXBMATWFC8zKbETn79gLjj66oj1dSGpjkXlEBujqXigjN2MGGtZe28wRBAoH2OsceTFRE67fGzKz8TkGNFmYcHNwRMd1BIBTkODP17kqRryE2ndHTSniS8FcytTtWTJ06/w0DSeZGNuT+DozpRqodm+HWyz96GmciLi2zZCVYla1zwB1awDHNHJuXPtveiF+cDBkOUJEPyzIH42e880XfUFDqhPeHPVkNFPv2e3b6eyBPFjwKHmvwr5LwX5zAJBV08B+26SHoBAHPaEg+QQwdxifpl3qx4VAlhJOW8pz8U7mWmPIBKeph21ERaGNJxn1Y2ORvZe48mMThGiQ/NQBqArxkd0dp6EJ+IEtTEhV/IqhRPfbm1TMqIptWKZmohpI3Esm0HGM9THUW5pf4BeGgxAl1/zCUfn/sbuTbwZ1Z+2PV7ymJh8k3EQ9/6qmLSZ8vEmxzitk+k5Uv7UQgjt7BCQtICQfVX2GjjWVlANpnqNqUuYTjQz250cje5dcP/UR0rOAj87UfDmetyLvKrij6FspeDRRKVaZIGvWz76R6qXjmJynU3XRnoERIpZ4DqIRa5YGWP5Hsfapx3BdQxy9TrBmz64lu9gdZs/MC1Dvv3yrgeHcuCrV54E+e7bN2/eFJbNCgmWB8IVJvwpO+fypGf7Kzb1RfLV3J0Xgwx1fVGvfNU6u74ZSHdNUlpv/u719xmy32itjmHRXxt3pLGoQN/pJDo4CTYPzY2Wrouvlqc3LsTwmmVbmUqG540Ez+vzxNQtJclvm0nWZMgjWHXIE8ud1bTu7IZCM0hP/5iGE1Kbj6lMVUOJnOxRy2/evOnJJ9j3ec7XngPPNDcI58Yiugy5EA5NLcD4+HC9c8l7tOkw2mocTj5queKG1CNMSi2JeAnVeSGmma+TTD+XjeWItOaEpq761HzyqYd2EPBer0DgSBqV/eMTC/urpjqZnFd9EX39tocvfToymwtvi4H85Cs7Bafr0q6aLu8f2YPIi2wjymvEK1Vvro63INZEvWLLN0VLFNZ1HndsfSsos3PWBgojVqFqRq62T/1++PJerG4AKVr7WOGmXVNCAqULy0jNHL0MLm2NOXPe+YGxqYlcbrRxAoYcSg7fbrpKjJWALMby7DviwpS2HE1rRiFY/Yh9CKXaWHHWG9tTSOQAiFLtZEwn+gmi57ZlPipKyEqdFm7knhGCm6iHhV/zt7Z2xL9sR39mVB+Dtso4sB8psjsbIzcRT5xeJvXXoaTFKNzUuNXOI+GpZ6ZnbF5TkTtbZPX2fMgLzyA3CJZPiU3qJA009xA8KbV2zvpzgF6rbu4Mt64hO0Ym4guDi/vD6L5X80nV1HYbl9Ss2Tq+HO89L+/XlWifP79vsRHOGQV7NP3kdF21uUnaRWWwSkfPdJFDaFAaETsVo0By0bBusqsaB/MMdEu4jRTDPzPl7GE6Hy8wKdknxWXko4epy9DEbKvfUw9FJ2onh/77V+OswzrEDJvOjW34HiPCnhgL3h6xIA6UZRpm3HrEoChnjvxfxUozckIGaIpS7Th0D7IrKtQipE5AuKrpugrqsqkoUtcA0EgRh1vyr96+/vThx9iq82Uj+JMkiC9yRJT2KDQieXwiPKjarFNqxpX43kCnOY393GMPFy5PJLYVZvwEyDXv05NtxI0duqemWjrz4Bnu8u67N6j6LoHiWG3NC1N1TCdZ+/r0xcV9OQKT0qMR4Ftvnef7hQb6hiYsm7Ml9VcM4IA6WHdkOQWHNKURzH4iKdK1d0Z0kzcjhumRtOpRruHYtTHg0aQ/AEZOJwQh4JBV5rer0DhHjIAv+qiZtqYDi8K6qjTT92Ld9zx8+PDpXTmZ//Zt5l1mJaMVDzM49ZOZRfLXPU9xnkm7gfzUOkkfGgQMNKDIJw1DrWEBJWx1qulQnB1LlxMVu/p5EGIy7GCQef3TyPa2HeeJEaoawo6tAS7BEQVxJqz9qOyheP4wJjiL1Z0WJBXwtj06w9xQQSDDqv+arCcP/NGTxt4Kxw81dTfvEElC24xz5Efcub/h/HyDozysF5WU7sA0HOdhESr5W271kHoeqtO0On3Vx5eSWZMozTYw50B95KBUYx0182k92g62Fzeft2nBZTH0jBt0k6xGfTy57TSeyMVQBpZNN0QnIQw6QIRThL5tfC+BXYwYs6QPr3TbPklz6tICTzJkcmej6TDVk20eyazcFLpoNPVQjYCdFDy1mMSsqIPhmmgspEl4ORz4no1uLNj3t/g8cd5IY0XuyKDGsj4yOyC5cZYFmMbIyosnBNEyNcGAJcV4hWI63RszRu5HiltH6zsaCJp7w7l75rOanMRsZCIitQyL4VjiKOsYCqowuyk2vXMZv3RPABQuiHoTEEqd7jYqklfC9QDILjqSUySZHfCc00n2HZYcY6Sw/OyWwrKvWSWnRtaw46rp4+cefu39hI8f8mj3vtOU29hthZ3BNc59oTURg+FMcHLC+XYGRTZaKPg8U7zvLLcm5yb10NWUHJJYqc1fpeevM8U11/AoWlYl1o0xk5WLlN6jAYGnFg83UOTJYjiXxD9VjxFrpSwN5HJU+wmqIH2EoKVNvq/rSJOSyXSBCVfSuy8lQRUbkpef62c/mXTTVA4kPUswy1xRcjdLJsF1+0V3mZiRG2jkfU4+gV3TLq13552Q2FqfETzXLSjJvSw6qEu5r66IDtfB4TGPJJyvloLkcM3QDvXl6tiEcxmVKS8BF4x49p/kbCsUTqKxxjSQbpELILnZMoahBqecjFg2zA3nCyZVq4475llEiOdnncsaJQHkPhZVGU1BelJ8kdV6+LM2sbsKURGO9FB7Yqr6aaMM7ZEMJ6rRTh9SqsgWtwbFDIH260ibva2CuLdo7tZtMwYPSVf+SQC8dcObh3gnm1iRVLpZKQGqmBGHJ7GxpTVtbZ4JTq5Hxd2vh7z5pUUF/JKhrwXUDdPr2p8Nz6BKQYs9t/elQo86+gDhJ98GVuT61qnPHz+IQ1IGhca5YKonvAbmz+f5QC5kA9XspkqOFMLMCHae2OVvoXU1ErbrgHlgsmdm5mQgAUssOj2eEWmoKhXC1qUp4qFKmUM+rTUzPq1OCIVGpKRiL4jGV6WIrgrqrWjqTi2E8balcukXN1qWkUlem9C02x+WKDBcUyeg0lCbAdykGTFmNGADVwVXJXbY4UgieVXp0JnaN8LE0UhfpvQwzadPPYj67eu+k8EHtKROuYD8BVq4iDWvdGIxslbCnr64kBjduALu1vMi4rej+NHnLz0Ouds0IEM1xzXcI/CGuHnZgDh7EjI9tXSChYU9fFtmeTqjZRDDpPLN54ROFQ+xr40SkJ79vhvk9Yd33f9+ExwTnK+cu5i/BCLqPCd5qok5O9hFxvl3Icw1QwXDwA1iPt8R8QTgvxMwFulZr1+GfcER9YBXNrxEp7bXiaUYjCF4CheHyZbsUZ9/YtdFut/UwOTevQZ/Bb2CjzBW0fKlpCwW1vtlp/XHZ+8BU0lQZpa7M4+AR3fCK7TdYHFnsciJgXN82RCesJ2sXfax0BSV93iGuSNdYkXK/OHAxj3VDMJzeVD1ZIyKJFKk+sncumdy5ZG/bUvSVVfsWOxPsXEQUFpGCU0AZtPTMI7IwNjQcrG6UGAC4JQFJpzGcEImJ0U7c5wrH0U0Q9IgSbPwGNW406yikR5XyzXI8u6kNgLXe10QRJmtNYhsK90QmMEOTeatKwTmMtcMR0BDJRUxAKONBztIlDWJZiXZxghc7BjRpFeGaAokbr6Mengr1qGQ6oZJjxRCVkDUKT0WGFvUaOGStDxn01ZvNjoCoFVXTGo7JRWmFtLSNBdFoNQrMf7M6QoGMSNt/RxLrNHzHY86kzfOktBBrefN22fTlMQzxN0yAXrua56NN3mzhCa85yqnAUhn+0cC+cRIusGKKFWGyMYj13L1taBW63HKTfzZOKJLgiCwmJP4erP7uSOirK12Q5moyIMZ6951tSmJK+knIW7k3ncKVi21x3zZ2LTv21SCWcNMsu8xtGJZzvF/24LcuQuUvlKgLw379Prdx6Z23wiUUF91Mzfmgn1VKIdaWru2iMXPAAcnQBKJ2YvEkHFdWAqoNnI0RiG1WpTsLAu67vXYA55mGI8cMJwdwpLFkmO+ypQKcKnrhCxB0olypkA269SnLHiA6dqsqh6QrKLJK5oc1HVNHXXhIakXkImmuaK9Un90VURVTdEKtrgxpWNSC8vRGSxaeCyh+6JijUk+74yLPRjpIGvwTKzV6YQlZKpOmtOMn2yJJowhCSY27MbEzkvleHZaBSE83Ym//itJgsUIQf/s4snkPGueEXOhPNofPacpqpezQKxE283XCTYakaQHnU4ngost61CUS5gmEXGFDqGNOa9dpx8HEdBOqMjwZKQclLbJSaBlavlU/1gNLjJjDEdyndOYNU9bcWP6nLWDxinYCeLDxDnXVs1XGdGeDnS2yT0l82hVZZEcf9g7LlxHHX29oWQXC4shXSMKXi8Us0hO9YZA1c0On1+/daXd993duA/sRNG8IHFOlUsPbkzeeuBMSXyiE9s1RsvBLfS6G1K+zL+BpddaeK5lqP+6oSTwXl2WJK6VXiPJ3pGjqVACnSu77ehHG3v8zNOQIaqW/41QXG6jnrrHuvkjpbWeur45TVjznzLq3kcM8NDWkK66bydNPS1oXVKTR3JSzx1kLdxkZHL4jcF5W+pkPv3a2uixBHzK4b1wmVJlavkqYYZHsqfhGB1CanO3NaJk/rQJZ/hVpFtaD2H6B+2yYvEb5vkJBvIjHcA5Vyd6oRu2EI9lTrqzlAQsk9NSkA3TDcRV9VOM7/sS5j5j1edCWy/2vYIos2dKGMSOSnqtc/lysakPco1oqGK5WWzR5Hue6mov2Z25HMimvl8S/IxkdqdGvWVhHghX3AUpPRLCRCMyff8hB/aFykR+9+WDDEhjS/iUlJ3qA8EPbbxDAIPn8meXSO+59vnoULz5/oeueUD+8s4KjKh26w3JcKmLnMGJiXWjE0n3n4YKnQvItuu41cx/q9bM3EjUy+V8u4KWrwJeRGRGVkyq5lGEQreiT67G5M2YOZDJDwLiiZzBl9HZ2SVdzjQpipGwd7sg898bVPS9vvtWB7KicW026As5j87A+WFXZTLjLJ4xCQzTVO4Q2zwwa3e2QCKoigncOZQUnjDZiIHO6CZxhCNZJZOqH6eKqayuAE+iRC1UL6LnED2y1vMI8dTGIJBfq7lkHQIrAdtJ4HTki/FMRNYAORgn6lgo5aRHj0pigJO74G2sVKut1ObtugH0YFt0cAURDYu+LMAbqcWjZdLW9y3gLE08RBem7qyWmfK6Ff9+WtzygZ5G5GBO9poLaPqSXoeZT/J0MR20x0T2RPFk9i0UxhBRpCZiwCOC7kK0ojtTnAlGGz9aPNV2noitf9IpYNlURXrBmitrGj3KyI8hE/JHGWsQOfGxC8akPKQJxLpuaSgDgAojBaa8sSmgWlra5PJskYar4/8EWBnXzkXxGQDoqzOYqHq/sbsDfeWnFZuFMr35cXBo4PF5IhHnCKNcSMCvKncXOjrzQ7oQpfcmw0E0YhZc+ebupq8e+ma/nrOonFtmX7YlywIdwt6k0HHYTfKA+ThKyMqFRK5bcYTpeW4bVIGNh/M8B5ji6a+sJWE9N+ubYcq0FtMwt/VtMT3nYyV8Fd1tE+4vPkJUQvoutVff/kYmf373scVItiel1UBnSevzDW9+9v37dx/fdoXwZk+kZML8Za3az3+RljfqtTT3XUIh0S0k2IIkLSDdR7BEqram/O5jZGh5GLBW6hKmUqKb9wVJfNqMqZ3ywiK8BFgoVeQzZn3Tz+k4JruPRYVkV0WV2nyc0S9xhK4YJZ9f5UQGVmZv/utUYgh36qrxVghW77Gzce7LKyc0UhiSdPIqyt6lSC2HFrCaQ39D2sbkpFdrY9+YJgul5EuP8gCNcoCWLLtDbOoPaWLlnP729JLkKmTXy53eBXyYXjRIuQ0MjWFhXTF7Y6tcSXe6e3xDvl4WL8DX75zNPPpfKh+riaE9cxMexq8G4oi8jO1YxCbE7rGVCQk8fzk54QePlq12qrw7A09m0B/LS2dhwtSGAw95UDiLtCPM/uhS82xK8/pI1njN5PVnA8V2U3bpeRCrkRwZbuBAUEYYXE0SaDq1y9M7ZW9OKsUfnY1L/cBP+uNu7qjvfO+TTjJpQ89hS1/WnfEAXbTu8rxeGNEsaFKBXjS7VP/2Ow89Wt7fMyya9kG1MNwwV7zrlUyYmk99vsUoGcAIPXwQqwnr236J6OOHSnX0T0YeV8DwbHDU6xdTxi3o08QbZEkvRivq4jYEzxi7Lrwx1sizC4+cG6jUe5ilyPeTGWziovTuIr5SwklK++KOoAJHXJpcMzGRqQbHXyB2sjGKqjKIJMI2GOCgYN1WoeszFF+3Sk3XhMyeTi9NThCjMYwCqNzb31JmcmIc2DSK88SK0kZN6cQ/Vz36Sjb7Xv6NzRLCSN2lXqPUx48ffuMGiFuPzDnGiDsBoSmns1LlkRLF469UUVlmbwayqun93yq7l2QG9f3Eezvl05f3MrmbggbrjWiNvsudiPng1KVSelDQnFJEW8puvL0Bt5E0Q1NYHGKJ/1VfCGYgL9YnVaQvZFxxiTI/lnHf9GXMZUY3jX5smdWTqe7C9R1kb+pSMy8sok3DeeFx26zMH7WtJX1ikirxqQr5AomCQ3pNkib5sOpJWPPkaLshTWJJcNLtCu22IZkWDJsCXHxSIi3O7XXlJr3U5zTDu24IVQuSLQdKD0OzC+W7YVascuwn3wiEDTY9jd/b0r+QVCgUrDEQ1opOD2q/rRpiFfPCV6cR9nVDsP/tNK27VtJF2lJ7C5uxUJJUFnYqF49PUVuvubcDoili6FRWVBuBBEc3l5jlarCf3MVrhbgGfoeqRUHkaMHebhg6soNPp5++DNYWsXliDQ8amJeljBiQi+LhnR+nYkkb1OJ+o0rEibhrtUbRvj4l6A33qQ38574KcT0emHUOaOubewDam7Z73K2fBSCdcOjuOH7wp10LM21pAGDL+vRXw4s1W1wtDnMcAcRVt6XhDX9VDLHxqY3LNKiTgs8EWsV0ZQLkVEw98oob/wk6L6py1/Q2mFMdoa+CATWhEFDH/Q+qDRpDWgUV2xDk068ud1LaaUe2I/lWds1eqPtnxFZHz8PtRYhNFujXsdpPFfVJpAWnV6v5i+WUJrYWZvZKxWZFpZbPXz77OYEEuBzvSnxvFH/52FPjvSm3i3L5QuxcMB3PbsBnQhUyzXVgK+1ibVrNwGxmJeM3loRjUDS7hxbLZMECHnPSdfWKdDf587gFOhiCF58aGfM5/O9efR/sqj2wtIHBwqHo8ZC3WV998/bNr7/5McM/9sZrfEM96S0DZF/zTwLmXxi3xga8YDT4DBsNFaVUBKuzTAzls4YF353Q5cbGseb+XaohCX9qyNzCSeA5w2KlI0/rA5G92n2xPrJcza4Hmilq6xuQZ3LXPK/v7nkXH/iymtzkrTfwNctMJRzoHur7nrj0cAZ40mOzJGnAq5DPQEyQKuLEjH2QrmjEj9lOtuGMNbrVZOqx56YLWGKKncSrYuLbZbDEiBSvSFZHImcfigmWGvBTTVcbJKcjXloJOigPVZ4gOiaoYnGGkxKB1SbnIH2KtY97xXFEO3jjn6ju/P2kf+BPzbLnRFHaS1DpPvM4NgDmmlWEhGrI4F7kx6Qmxu0OaRWHSBMadgz/FChN1FdT2T0SQu6UQAXVNkuaExPz/qsMzzOEnXteXFdlTQ0jY8VnvlF1NpVXL1qkdB/kfu8Jxa5Sv+tntT98/IBTAqXKvqORWFIeIoIzSxiXBt0PqAnI9e54LdEbnXoarmf3WsL2Vl6eaLlhQR9yXbO+WEI1EEQpsh51dyme6KVVfN076HvqMHZ5UlfYUJItreX4ULjkeaaer8J0uYxB/GLVj6dbTVXij097U119u8Iei8prjasB6ONVXXKnDvu8SNYUzY+CUZcM9L4CM6+mIvC3a4TkKb5O23Zzz+LFcppvz1ZW92qrKzvHtOyTOCA3EJDeC7NhVK2O/xAo10zunEJmm0PuGTYkqmTeHPDwIZ42LgAAIABJREFUcu2zjcJOLJPWWS/NG015jQoOMcDlnS+v+52Sn/1ugSogtafJGJPvakM9XhYxjicCo77zTpRHYYxhXEHd2BHqHqUsGtnb+wvvU9eDRnOqJWmf4t3vz+ZjYriiHzd5I/c805xy8eGPkrDFeo8puTL1FKVQf/ezzuH1Bg8A+ZdL+RMQGRWvV1UpeMy4UHqC6GO/P1I+fu777pt692jMp374trA3e2FI+/rGdR/GnUPOt5VVRUey01E4nkt4rKZqQ9zWOUpncC0SnUsUZqqtEMOFunKcMBCUyCZzPRN/vJeaE1+7t/zqP7njUxOgCfSucQEGJ5fublTHfTzAneV+C+xjd7WaMZsUwIxYj2/+aDe0sSoD1T8hcJwBq/5q0bi1HCKNTsXqTjvWw78OgQx+aZqu5NbcpnSyiYtrUucZDEpXM2Ij3MVZ5FUN+4N6pdGVznJ7pHaY0iTReXmLpeE5lTVx8pPwaEiu4gQP/RPnGhHCBN5hIPQqvIltcKJwUpqOkMGzyGyMbqh1k7YRtnvNPZtn6WcEglH2lJPfucTdc3cNdx6E8FRGw4f+0/gmUoW+Kzo4XGSnDrCYs9JJNcVQRiQvIpSXXQRHUgU63fdhgRkXMZHKTOfzox42Kdp0sa441uvMU8cQ8UbmuZJ7Jq19gipFRfgtzEpQcl4G3GTVBw8GeZf5sQUmIHNpxjSITS6Tuulo2EpuxI4UASxt16lmbhU00U4nW5yDnKg8iVqAuk3VyrUVmzkC0+zSmPRE3MCjyBM18vqJo36ECW04ab+KWs3emZkBjXf7xokkv+5DTSGs5s33b1/9LNEeqfV4fbRCnTSGJzP5JwxaglWcCSVJw5deOh1DMAKc0RYtWkI6ZzA0o0h4sc+sYKaVcpzPJlYX+OFOCgTIqC2HD8S3b37oHk8/iGbwKeNJ/vLqh3tnJrLS1hMKH/qSse62GNRSbDSQhyEzsA2DSjGjfjsIB91Sz72Zqj1N0D6O3WOSIxSGpYkjiSR5YzjFUlab8T7eNGX8kk8p+MvVojUJs4leX0jfsQAk4Uh6D8PbHOFMfPeLkrUr8sD2Qe4NjD7aG1oC5qJg9l5H39DdNav3mQtP5uwyU6osobpT3uSW1aJFLLjRntVzVeb3b5MOmuwMe2dahQ3ZeOKdjcKoum+S5Y4biLU+Ec8bbsCR3Ed+u/cnN2LamzbURbv2eIWEqgQ+ONIhhwhWdYBCN/BzprAOXXXirERCLwOf3pvCWCd29avamTsYIT2iUUTVnFxil1Fps9KU5vWLDQUMkd0pYOmG1lSa4/rrS46cY+Sc0Aj9PDUDFqyqD5Oq2mfirNttTHhO/uwY6dSNjd5oWec1s3ZcvV11Kg5CRc54qRImLDTw4GRg4dnM0fhbHFe4IUgQla202Pbq23fv3799/f3eQIuzXKtZT7G6lrk5kqopwdFZOjtLiLeP09bI0/jaac71NsLrj5/ef/e2n/vzBijkc0QDWIu5OkTriGKTltYgjT93T1HXKVZ1+55V7RZjrN3U6BtB33/qR0K6/d8FhW6xNDb+91fCCZMOm+6X/lHhHKuSrbZ1SWj5qFcCPoRYivh63KraZlqVzyQiheLIFx2iIZi702fpOOo5ptaFwQTdYJHcl+BHg7Xq1G4UO0qVSdvEOeJVQBvnmCkbsocOEm4kbFKNeU74gaROpeQz6AMacBuiUtyAiRNRh+UO1JqzHeHyhrAqVOM9rxjNi5gexme+4OKHP/i9f/Hf/jcbyQqBJccECms8W0ukkShSKe6PEtuk5qlTnj0IhVMu7cGasvR9v/T4+T/+1X/5m753zMw+5WR1GdDVYQHsdvz77/7xn5UVLWJ57b7ZWbCnquT7i1+9+vKflU1b9TDdyLs0SlymJURYjAb58wAawTPb/NJp9s7omeKriPsNT0Abg9/1RQjNEqV4+DiGtfOD/mPjjDmS/NWskj+OFtND8tI8/9PW/zGTedAoqVK0J3q8J2rKj3dKHwH0jf6il9O7wZRFnqGKrndZmmTeNy/qxa/fffjx1Xcesyu+/PHNtz/rWsezcj3/Xwze9MRXSd5FVwtKb5CltRXkxw/N4hAtE7eL6wzPbIYUk1wU0ZnAsLw/khAJRBzjGcV0OxunPQY22qbpnLDicvRaxviIIne1Y9VvJybvb1SqGXUkjV4d13Me+pGK7OZJDnw6ljl8vsf1onJQhn7WjqDdDZZDHvej/DFhTrm6pyZWaVhDtD91bp2nLrc04cJhQbJ7JI1iH32ct9ssHwLWHZ49Tv1OXL9513IfWSupvty3tUZ3LdQb0Q0HX972BlZv0RVujypfJo9g3VhMeEjybWFXL10EUv54VgjnZesrpMlWE+DrXlO1hCCtrQyQd/3rOgFeEhBI1cSXb9r9kzgNEdbLzjd1V8M5FJOznVENBCIRTiyhpKxGXcWCkuIIe0KlgSMwh2yyNhJpnfKdxJ6AIsN67gOz/n7qa3uQWi8Gq9ZIJr99i7m+qHOLmRoE1Tu4AopvSTafBSuWgGjpFIKKMRhcI2lF77C1SzVlSr838LEviv7h1XfvduO8W1nNke/7aF0sLus25JGTIKI3lq1YFBhiKVA3ft2A9kSvys14bG0Mzc+hZFISdAXRq6XR48w0/Zd1cFsDnFk8vhm07oMx2g13jG9RwU27Yd6XZwf30z/dMFKyJL0lXDTDSUGzzDc/+9mvP/2yrx92QcMP1SdzechHha/kffIo2UPItxAQlcT1pcIXX0Pe+fYs6drpxHZY997VGQy7IKhtkrJvK6BH5l1TPJ01LGTBbEDNMvHNcYls9gjRp/e5rnkcIVcl0psu37zf3f0Y45cIJpXM462+YqFvqu49vB/r0oH+7k2tmXlwRCBfC5G7loHbJLQYpXkJv+hYyZIcwxzHLAZxY7y64cabBQgJWOsgcARL+MfQ6ThaMl56NAc2QUTTQ9v3JmMkmX+LszrHMjxeCmMVjXl4NfTbFqIgjuaKg5z6AlDExIxi6icK5aBNnoGRGDU816kR9OlX5Q97KvZc+lIZlER36ZTX6bCUAKxDxuR+33pXt+jU30dLkXoTp+r/FnbSMkXIeGn6ZpnKwbEju9diu2KV63EVlpUz6GEAe/Uvx4onKQmzttYq7vzRo8w34/ytnfooX+r1lYpSGFodpl1rmPp+ufXh83f/xT949w//4lM/8VlS9d07oyYh+/AR9QijjTTaXtS/SI48cXVEw2KN5f+Hv/pVd16/j7YnJfJaa/q9+VYXnG+8d/nNn/7Bu9/5+fu39fAWHc1i3h77UFL1mcNU/eLnb//kX/3d3/sX/sYfWV7k8EJkIVtgAweJQw3wtsnsTrSgyNONeqoadA6zx+uMqKVqKv7w3cc//tN/9tXbn9VZZXOs3iuO3bkiQwgVf1qkS5ITiR7VKIcAWYA2RFJKjnzrX1eCSj6TgK+j+rVOTtX+OPJSrOa9t/uTprvImp5JF9SkTFIybE+fAK4G7asWSx1ttKvRnC80bNsBRR+4ESNgmF6N5O8AMok7y6Bf/OEf/iv/1B/7eY76SdGnSohQMF+pYJVzqZnhRFT7gHZGPY+cqnh358zleIyv3v/y7//Zl9//9OZ7j6TreWGbiCRX/Pjdx3/8Zx/+/M+aA94kR38Ps/cBqPFled+8+sd/9d0/+sfG8zLIDRqjQjQzpe6cRtZhdpeH0QMpwdyUImkWm3g6tdXEMQ9wt6+e0MVJbpsozMrBnYCs1aI9OBYKK1W5euISG0CgHqVzjfajbjwe7tRN/0R81b27NkN1bp478tMpCtNmausRb4jk4ldv//Ldlz/7y75vqweXCWwOe+83Ety/yE8fPr/7Z/7gh//m33zTG3DFcEkRzevekmnZyDVfXv/Qhdh6ZWrYaqKq5dEZV2GsS5zVWtjGIrFabbtYK13Dy4l+fmY7pqoAdTiuJTk3xaeGhybN8dFBhaxdS7xOj9tZETrAlzbmh4d6OkQ0FjdDXC1GT1nqVM88opKyFtVrrwRQntlZO1OGzCE1P0FwzolqE99Jg35CogiHorXLGb6UyGRSu3KJE4xIXr95/V/8xed/8I8//ex7V+d99f8+JWlJ9GPv537qlvCnf/VPf6+L5YhFafo7B8eAOhAh7JpYeUIpLdQ2NVepZWczIAm6AE9r0HLuILCiWq9vezx6FyJTOeXoyoG1okB87LOJzPEWjsarszltURH8iO8wt92S5WJJVn82XP6GX0lSJrYZpzym1dVK+2/++sd3H95tdEJwqBoPhDw5Fgqlb02WBJBd/Nf3BAmO2WBHAsT5ua8BaunQ9ouf/c6/8M/9a4tY1Bua9EdUri2B6G9To05StcE2CZlX8fXr7//Rn/+Xf/3Lv2wGLb4Ns73ns8/tlVdffvjh1X/69378n/8v/re9Yd3Y2yQa4A/vumfGlYnTY5KfIl2Ub+RU8sOQtHmlic8DOI26GdT9OW+IZArvqJHh0Bi/X4zMCTKH0KV0VBfRKm+cny4YTCWsin4OkdpgJIuG+bN7gD50NKR3V1AgBDgbenu+i5tvvvzawqUqd6ANnTC1iY2A4p+WTOA58ywlHbzNOUXZMAsHgK/PQR0FZt2B4jb5snC177RrGUbYyCTmXKEHgx0+QlpZ5juzHfysin6r/KRUlT/buE58aF05qmXC0zmr5aEkffnmr7uAd3/U5Oc29mxePHt0Q803f/AHf/P3fu/3P3/oB/8svvRw97r5xjsEi0vnsjm5VVAaSIjND9E8VzlryDYt242QUo6dATOjxClN3FF73WKNeXm41VvGccUifDISM6Ep5pApFQqt8yF4w0QhtdKsQdHdQ8elx4HR2OuAU7QS+BOlNNwEETAndv729Zs//IM/SOC8JS3GyC8ZEvWvfvVX7/pgn/sj1X3qM6ZdDXQZl5d7Hub7t29/9/d+N61UB3wAy/vcCUJufZAm9VxLfG39DdDqX0AhWUvzK+c/Hib8n9xq+K22E0Xw44Tz28OfwCMXyKubh188ewYP3TLAva/Gkr7Bw/trv3r/w//t7/6mT3MW+cbErgPkhMGudxqZSGTms719quZZDZbiSyA155GAdI3roaCcZXzpt7zf+KaUbvPHUYW+u0zo+uDDxz/640//7r9TnT6jOQxdqfXMho/NvG0Q/tWPv/nn/+3/7h/9S//13iMonyP0ZRazY9FL35DN7oKeV+cM8RlZ+mJbmozmSQ1AI5hNTArAjKFDItQI5bMV5ZUMZoYANnhQ0Z+cnSopF3PnG6hWrKekEFm5Fecqn36fVvVpGZuUdaYD83lM1fSQ46rXj6rnZ4kYDkTD95ysh/OA9fYwzmpWIgvkwneogVJp34v4R6vqk0vHmnMTmsW4JpX1lnAD+enjB9djfX2kHmI85M2IsBBkRklkKT8ZJ3tQJjxikTSSVg7szSE6Vuv7D+/rbH2Wrmd4s89NpVC5WDfUNcL5Sp/3/WRcjwwZ/Qq0xnQXxRLdLN/Fbs9GSOdyAWKxTE0YU+VuDcS74dgECwRrOdLpCDkrxhk2mQtTyTpiY8IcGW9CyyCm0nSjbERiQByCnRiQuCky6hdpVRXrDaOD9kIHKf7o5izwFnwniGFLltrTxP4Ep0J2rfbjXXyjkx7p6e6ax4W/vP/0+v2Hemvp2Z2nu6lM2PcmkDdduVvq9wkPb3v4nF9LRT5sTanDesQ3xqab3EOXKASXVhVOGDaATEADXTs0LkRq7Cw6RtTOIfw4r+Lpv4bto8BGMGZ+yDuarypVL8QqrnLKXtgVhmg8ETwN1ZP2IunFhipKs/JpFZM3izg+8f5wrQhLlWcZm44mBYi0qntpQBktu8n+qaFC/wegsBhzuCg7YWQsB03xpx5G++7DN99/ft9U3IPu37zqabneP60fUNfy6dPP37S6z+Apx+um7TDoTL2XU0ux40wolSg7i4ZitSku3pqYM8phtkZeSqFKRhRD72Ra6qmzlKjaN7o6TYQe0DavdNyEgxsu4nQwrt8QcUonPxb/PINsDE7WuR8P0cNk6aiBnkgTd7U1dWImvLyF4uI/iTFv2RzXatvPbG4d6kcMJNH81AhGN3zdKA3J92/e/PzNL9CcTVDxoGxId8PSaWcERVVHauAo/z3m0Uc5CmMXaO5MJrWbaL6Cd8B7E66p+y/+818S6sKgm7K+R5+Q/Rf2LVZWmv/0zhHMKWAXfjqRtG12C2B1VexYoF5imp2rQpkWvsD47FLLhVGYAVMgvFIgWdJGJDYmbnk1PiNJ5hHHfPtFhHKVk9Lh0rXcCWH3x5/WYRzhfDc7mmgkMMbOTn8keV+ymJs3Kkv5pDyhXVC5PN5V8c7yrpqNcmcHy6p5vIO6YvkzSTGoqGopzuaalnfzYMZU0R/ZyXmhruxOABdVOZHujG5uE/Eg5aLWat6QncOW9M4C8ub1m+/f/E5f2aAIwl6zfOZQ0+ugZmEi4FL7KHPknRdzxrAJirTbDvXm/RQ1a/QcaGvlVmV588v3b3sUbY47QXCRYlLfNH0qjiQ1h3GHmct4AId/0VNtugGgc22L4JgT8CCTGMATFdHJYexqVMinfqX1yB4dZPK26Kzz+6CF9QUhfe1sRumaXTeG2IgWwwMFRGkSthmRAtLOIHUj3ji5lqfxDqmfCyyS8Lxs2H8q03YiyTstL8SjpAX/LK8wE9Y1TlD7s59HHqJSTxeAzlTQO1H9leTZ990P3/ZRmx8yrP7y5bkRSG3r+MF68tbI0H+OGaw5yznHl/F5TC9qW5bWEOXKPalYS87E7lOUDUnZ5Wrl1fdve1zuw/tudASrjx8kNVRuvpDa+acf3/v69m4+vv/xu7dvzR/vfdtBaZfGsuLQpDlxso3vNDhWefg2wgh4rxrnh1o7qavqailrOWRo2Nj1NT6yZB2LfDneVB1Tws/HZJC6Lf7TMQxrkCtO5qA5YD0Q13yrVbOKG/gqMf4Es8TnLOFKBnQRjwLTmfAS2JlaqzgbCwhp/9OWV2JNpHCcl4iauFuqjXYmtbuNVzsj9JA+0BhthvK5+yRsMsjaoBaj4+YYXF9lJSdZPNC23Em6dwgA02SWPmNVqO2duU662XAfoQt5I872efPbtz2/kIRWoF12fmqOzDrv4LRoKiNNJclwU2b66LykFBbQqJQjQKmpggB+Lh7Qc5cUWSNZc1x1q7oLgG6hLfvCpXr+bDeJSZ+jKkzGKZ29KZ2H1jJHjSj/0UnOhMB42jsxGVFxahID8IX8IN7+dHa5KjOTCrRRm6m9Ym8QL05x5qUlBM945K7nl7sGf/8uisxBvK/yS9D7HvLxiKsVxbqDqJ8R16XBBCxf1mlorRhghpw/ZqqKbWgP/1DPsM60igLdRzjA2xFT5Us97FciC3E7FMmCkXx1c8I1P6wsW+izYfMynBiGYmz5pwDF3pawiZR6bcafbRtvFg1ALnCgLOxHsv1QD+Fav7bgGueTJEANhVqq5OEI8mSNDYhGaSuv7t5E3GDbz2T0BIW3Z75pNdCTl3WE7z73dcmt7YTduz1ds1V2SZw5PllPVPI6Jk9vcY+RmenM+t0HqZGbRqZ6PePa+WG9Nq9YUu+2OidFveQjxOYA+syZIdw5NQRXr+eNMMoHgORxIQ+eqwJ7hZ0sQnwjIEI2Fx2YBKCb7hy5kOEbCOA66Vr2+umGAs51wu/0A9rZwuzmJqXeH6jthkA+qS6b8+XN5CMa96iXE/m6e/J1pm6OeuNbJD02TVoQ5/vk69DVNdwcSOqjtHL9tpmy5obX/RQfrfXQ4kxTdyG++/at+yOGvTevP3x41/fk7EvoI6/YB+y698xXCXjsX2ikOOmg2oid6PLOyD0//FbT+i/QUfJOEs8DAbpUJVbqKDY4T/ilEsWivR3Yzqhm9jTHssx3L4VfLtcHCbH4tiZJijRZ5J3H/dWCBPIntQzpT/I8eoxg1QM9ls4bBYu3hcLccpJ793i24Uvv2OPKy7hpeHHaTw4a5TTPJkAnuPq9a09pkC23tlFJlq19guwrJGNJu0L4k9SgzJiGYO8+qTC1+cIk37nXk6eL/zli9jYFSbN4E5wiYubkqVglXKlyXuU66gCCAEVoDv8yIAGeUkrsi11cY1412S0ZyND7Tor6agpgrRs4tfdi9dk9H87oC0qnU7u+MRhEzUVz+bCP+zzGU4EgLbnTe2fqaOtPQI6MrMDLqODu22OeUSqEWvYeYDyZyZILMU26QcWIZjO5CamSj9iDIe/m8FVTNDiVbsP6kFeBGzJbIjblqSZolduRvW3Ux3B1Tx8hoYoLoEi/bOydGT/BqFEGsSCqALzgkfkeeQZwU/85yzDTw4Q6Sd87dTEt9pToeDesEjJV1bLuxWVVerLi+lhtVkUlgo8Ae2uxfrYv8Ukzyt2h6OtDfI3Ih2aopHhHspX+biW6W8SOZpVkpsN9jx5jjYwNISzPAKhKyu2hOE2LEY9qXdKhy2cbOWb2BTAHjEyaRh1HluajeauimOBcUjAleb3SQc1O2zmpph3vUumEox8W4shY+cIDG+ltk9MxpmmsF8OtgaEEr9B+j6Rp6hwNzARFJxd7cU6tAgBPJ5ihMvhM4shVVpygG2pHabqr/WlM7u5JWW6oKxxYoCxQw3ZWA9CIYI1EzEBpnlLCThWMYEyGwxQ5iWWSddFOB6LT7uH3dlHjdJVAGAv6mC9crexj6/jJLyK6fPe2glkalXiWYwNex++SIOynmqKkzf3DqOIcpM5M6b2CBFGL1u27itIxbLPY+FgT5G0HfjwEp2w1M3oySBudkxMuVG2L4BR1NjUvQhH6+ye30cQ195O0+eKoFAF0pI03DMIQw1jLRTCH6DDNHNWUMK0FnVZBo4tPhU46663ALg+aUXZ1l8zeX14Kf/7Uuz1pqZFaiXN9bWNJLZVt4MxssCKt1NlhPAfjv9oIkoSklzonrJXVGpfsnSkWXJRHNsKvheOe0EcKuZqFb2wPLcf0f6LBUXHDglTVrShi5FJXqk1rrlkOGDCIVknmy9FS5Go5/6mdduTgpAf1eulXTFU/gsZjtYHA6HTCFWZ+q2ERXVwDsWWA70EJIOG+8RYfdL1UGVjWL3qKoo5VoieqXconfMLYngSMkxOJNAIAyA3c88yyd/aePZqv4x68NAagjXflXRUJ6BL/gV9jddGYCxiZ3kVlDq16ySC/NLU7Myaowt7VuDtYyfe4tlg1V3gcf6qmexLnZDtZzRA9uZYtu/NJkgsmPdHUFdKdC7h8weZG10aVJ7im4W2X208WlYvR1Py2fsNYfYl2PuKLqvKOgBQv9S69dEM6+KPK6dodkY0oYsfvYXDW5XcPrTZXd1eYcy1lv3NX7Mu7N9/9PDFNt62Wo/V5PG/uwXXuCqhIXkgckEXE4zeMh2yZ52Fozj8XRQNq03hk1bM4Q5ZAhAE9avvocmRbtqPq9lAnvS+Ra/vjSNvcdrYyq+IG3y1LSFEZ/0CCiccufvFh+3PHQW1VKdzWYSgmw8id7cHbVYnkFoekMN+HzLZxA4VsBia41MTF4OoggK/trJ24aRTNS5bBZDohwCaqQ3tHwapUms7ac14qCPGKaF0EL8COj638OcXrtV3S58xy5RwgyvvC30CYfy4Yy01D/IYCPWoSksKgEr+aaeFgyuYKTtGyQnZ1Ub/u4A4Ru2QB8kFMINp+A2iAS+NuyjaRkCAiCQX6qMbFpLlKLRIbMSdAEJy+tOAG8raOc0e2vBBGPjeNIISXXRgMNxgGO4t5thSYDbmtYKwjlkFdYSPjfJly/T4DJVm1+apPAotNNezqZc9FXM3hTkgpskFQ4iVV43CMeOUZquLF9iihbdvOiQp2Oa9W1tQW3Ww9udc4WlQvMr4KaYE85xCDVumRpasMzJC6bUNw7zZljHdbY3j0jSs79QL+8vY+DJCYDuZislfBYUnTzqZ4dKAcJyWialhokvrw/n23LcosA22cVPUJ4R4o6HNAvXvtw74G9eVBiFLVWJS+/pPSnayk95GTuzVC5QbNyaFkps6ZaS8fwOahYVzuseDMQTxXTza0jxb2LT/O2VrOhxsAx2/YZjbR7RMJikUT3lVXezcYlGl9ajtNERCdlXJxLVuIOcpVzYtmxjG6/6G1F1Fcn146Sc0Hi3MiNsw8gjSNIdZ4wldJRnPAEPCvchNhFGAwhKLnQAQuzVQr2m0MZXViaqijANKpBn7UX074MUzKOijb57phJzyJdR1+dF5EW3Xs2UbSdeVEygHPkMXrRuei5cIvugSWSwGYNfZNqEb966UJSMktGr0hHEPsJJSjtLfFH+AXC3lrCgdJh0HlnrxsqvKgzvIhzOg6HJyJsMXQGb5O2bAmvlVZFfyZ3PGFRi3Wx921RbhmTLMGM3J90vE2Qrf5PEEermXI+E1ibEiLiHykMBbwumW9NWHdqcpZSeSGWAyWZmqe9TRxD1/lTze08nGOyjXtjPV0LZ2WDSc8pqmYX5J20FLPc0oHr33/z5bWI7iTWhDBNCJdgL1HI75kka0+Hv44efMTj48Ryzn/t/0FQ0yPT+eq2TERLmUFZpyBzqfdfmNfEnHJizRSx5HVUfGi/qJbdVt1CLbpKFUMbQyTUbP263oLG5Y2e8AfD5yJR7CMIJiFjhe4cr9FYbUuxXsfrK/j6F2xVgk9Senes8AGcmNytifLjT1D/63MppKn+kvWGSZbj0kFK+OfJ+YMu8duSLNpuMO+Ae056ntzmUx5CCpv+iR1IjSwiN13etSyrRaeRrenOepme3hdRbT67HiH/BFSXUUbbnZozeyOWwp0NDOU2535OH+H/mN4JNRsCk16D3SX9tFPFsZpvI6pOa48BoeV8+HB3jz2rBs4vhHLBUP+PhWEpDfueV0ScFNRGVjIU2XA3sLl5sCFIFmi3K0z136+1yyObClRrVr9vpUvfao5aRRzYjMs/IPLXQsJe6vrX1T1bmrPEYX03jOQqrN9A/ycrWaoQRZ6V/Z0AAAgAElEQVSa5BI95AnlyXmpG9V9jwC0vZ1hoUVXjUZUGem8P9mTu9I+9edMeOjJiN2BDyfKAsh1vJUQKy40+CqRGIptEF43VQ3uMMHqXKX/NhCgtlnhECJbVq0ysovSWVX+lRm+j0L6RAo+N1yO8YhiI0dVGaWlza6atmW1qm3g09Wus2Rb2ieAzvZ3LhVdQSFLP4lFrQiXuqkaVMRx6yC7a9pixNu9wO9rhMIyS/qkF1z8Nj1pCkihdCiBG1JKG1gTx8FVSnfNyQItz5ZqvETiQkl7CJFEE/XE+jy4QGHdNr87g8UhKzeYUjBdvDpdRJOP9JHAJRNsqpvQmhDfLgwZMb4xVhw5Lv2hQ3Pb9R3P9yc7YuG0nRIfmdjTA1Hyc97NV08z0Wkr4tH0Dkysh3Htjzrxv1SYizFEP1WcWJu4Dn0Fuhmp5aX2iFVOwhXHQNgjiYQY6yCqOO1lS85sIY8+QojWe4SZOyqGwmSxVihA8LfGMxQyUu4ClG7ZcXFPmFRgwYsVQrJzGmJNqK/IrPvLmjdv3paefUrk/Y/vE1Nlb0Ibc8pLw1nrjQkcZEjqCH22PfWysBTM25R6AkP2Sc7sZkztjW+4h3sZRSzjwyRcFyEX8fWQqiqLg/wOnRXkEJ8PWWoCkBmEbAyd6nZWRJRV/6hAbVBL0TxQKckbVSPkEwQ7LlwnVE3V5uCaiFyJZUQla/EY8/MOAL/GNsbxhiInrBuyigPW3BH4UToQHlj2YH7puREZcdREEOHERT9m3MJdrRruGvfq46qZIALbzX0TjA0LMyUCps4MBJSsSQXpVQjF6qa0ChuZkYoWqpyxS3F5DvMNOQKBE2011NXuG6LUZ1jH9lqeNVwo5hkrXCcxlAIUxQf0KVZvqHhoSEnXjNAC4myfa04gTIKOZajOwihehOA4tJwFbC23k8AZ8LKtHZsK/DLkJJ841SrgtKFJYHWArVH3UYqEFxblFNLino3eZ4bv6psIi4mcUCy6r9h37fYOc4uJxkLX7HNVXxDSu5382Jt39MBPv5MphaVQruB6AZDUHyJjOgXrsEs07eOLJK5KY131/BqLAPD3y/Y0Jj1i7D9p/kqiijEdT3Unl3qRXBxrOIWREkPFE6gqVNodrOREQvHLxuAoTn8gt/KdaQPFZAwktDkgJidOuggk8XSYk2bII+eUDwAhi52sjg9sevEnTUz3hcWlXaFrmWRqK1f7zaU3UXUPtw/euCfXRwLKMF2iXthIV0Qt55rAjH/klRfSv105kfuo8AL4Tqnm99kVMg1mwGtnW4YxdNgc1I0ZJcBn/XpcCNKnqj8HCXKGdUImj7JJAQljR07jsFZLYaIOFi8QpGxQJARztSRMKl871zZ1qNK48WFtxqObDNJvfprSaBiPlJYDP5EK6dnoiqDKJCcv8pYpVdXDWrK3EF4/VhNJQo5YccCryfsmonhvVAqnnvnZDf1WdSGBAKQ+DMW97vy2yPb9kpFKhgBM9AKhG8CSYbazAGGFEKQktmFnis7xqJhzQhjmriPly3KPUQPJzanxPn/smyRYnlQOpiFxLQffACQtPLBCrcfShtKdBQGbGwLG9/7TRBwvlm6TtZIbN7wG0rWPMlX0ssTNjLOfm/ztnTJsLoNSXh19l+tM8WqrrhPaymdulslXD5RTOmZZM8dQ14HyX12QCeNvJ2pnSERj0cOedWZC54kItq0dKHC5dYMzU2ahhhDd+ye8Gtxp23VaP+ZR0DNAfwex9vj0/+r6RJxVV44GDudUM2zROGtoPeT8klp6QQxMf2AnN6YSkhiXl3lpZhpHNFKbgR27N4T9eVm9JDIBXE6vPIQwJEzb5qyiBNLZLmzT+QJM1zqeKGIDpINsBAyiUUAAuJZ209y50WBZhpwTE1bPiaI7tYChmUBjTS5VXBpoS35uXDgmyi4l9USZszwamnME315GsdZVYX80AOYcvM47AECTE8QzYXRICFnrcYy6WuzAjuFEq+HDh+RrR38RK6vSbHBbGNBHu5Ut1+jYynMjCmaByolw5AHBlx2zZRmnPTG7KEQ22uOJsNLaVcxIV14cR3qfLf7h+77Ihe7aP3x43zhQ/vj+TxlQpTwpt5Z9FeYdx57YzIyKwsOJJ8Iw+Lj9QEvedA8Fh8j8vXnnaCPMgnBZ3ZWyjdF5Q+sUzluz5JpXLXSLi5RC0R/qrrOnkSqKy2ZK284dPDxLACSDlJRBvpozcpoO98SBqyVCS1GPAIU6lv5YMSkM2dlFwXnqrdNiNqY4VKfbOl98WXti5iC1k0etuw8nkJxOwyA04to2q6dreTfhMShgnhLQ4o0r89QTHyO/TPqTcIk8z2TdnAEUfVE2kBlcparLvZxqJq6s9oyGJrlsLU2j6aROHOa9w0R5t6g32eyyT0cmf2axSYwEwDNCp+syIHEH8wX8QhnfWQNq50nH7eD9eybPkc9u5O1wRV8sOitRO3N0xinDU436A/f4mc9Iv00PvmxhNBWTsTMBx5rQ/E9VHhprR016bzNg04EBDqsPXOjqelRGCHODX0HuDbh+AmRUPW76XR/s5toICSUtZboXYKDrkCcIitmwzoH6yAakU9QENK9gOXxwk71MrXEiUD7NEOJUFbdSr41FSeR6DW3sP9LOhLnDybl2fh5HVEi3P45kkDL6rydEHtxHxe5s1RERgzGeuIx3U54Xqtu8g/MkIaBqwg9irLHIPiK0Hs4Ic+FSMhKb5va1L8/iuNXo7gzIHjqGxidwzisGOl/GpLO499ZX3raA84NE98VP1mQD50dcN7gnZOl+4ZvQNOlkp32xGsQBrYFe4b3JQxNKmdRfZ7WVZfxRSXes7Ky/JZo6FPPbMcmCZQwUbfP2KDiSfyfCaT1hTqLyUbF0rTYNeSg12S6nN/rNWsSTc+AJTOTj+41a2QPmkvEGk+Qs0hMwmBK9EkMIa88Lk8vo7PJiyTK1QpJauWe3e1ubX9jN2vzF4oUc8gU/xFKjViLodGq9gTbbMIsAWazzWxx95Heh8A5DZvfGNDBh5USojIcdK+iq8SZlJfLRcMcFRG4yaHyExdLIkcyQndes0my32sa5QSexnOLN+mKIfF/DwIzAhNzlC86t/j15Qw8bqQCZR21bRm65vpGmGmgjEJ2dSvWI4cnKiWBKlIrropFTXZtsC4+7cVPQPqIalEYMglINItNHY+Quy3YBUpyqrDyBAYhuI2anwzpS+rJaxyb99g/cfNUwcZ2b5GA+LczGrjgtHZ4uwALK3OPHbmuqa6rpnYfJbyZkBhvgjlz2+x1WD6wUCuvUJAvc+Y5EpnT0OneWV0pSQZ22eAcnRh0513Og0acaY3fUEUHO2nNHtSGqlv0g7aZxFbN3x8TXFnrcIpCgF68qPVtEtdZ4uBzxqXM6oANRyyrFp5MrzIUDcLaSiz/ezFr33DTIEivbDUpN4PnqUSmHS7GGyjK/StIJf8746hS7Yjzhzi7AgtKmY2uLrQgOwCrgrUQTg7YhnD+O4dnTCt7oZ9ro5zoCXrbIHjlTp5rWi8P0DG79AKSzAftJ4NFTnlW+YkqmnIFodu26sZ2aknuoGIS/QqSUDZVUyDmXWtVFv3UnTZsno+27psum1z987xc3WuX53d9+LPjbn/+sG4/fvffNg41XnnCDetlWNyzzSK5cYLYU5a9TPnuRAnSFr94RKkxhATUOg8G6k2OXuOUArvWegOeOdajZxv2mkw0dSSZ8SlirHoj5q5ZQ4R6MigT2F53u0L9U69g5FwXo5HbgNg2XFc781WzD/aTPvgb0qU49CLMGEluHKWBp5y+CKzRrZv8IEEFSceFaceHEQ3OHSKXwZIqimvFTiIQbTp5CVVF3bHBaW7QCVnVFaoweo0e9s2c3OVWi3jboVPBQM1s+dBON7E7BUqhV6SaL1YA7VK1xMzjq9DJ9Y9Zu2pxxhg9rhUrmivhAgaq/SWbjXLHS1dde9UHgBLU2GJCpoHNykF3zIhEFdxtnIkTdQWGaIyZLC0y9HjBVaLPRUcuEXBUN45rfo7vGlax7oA1NJ+Zp61bjmZC7n7TxXcnHfTz5Z8n4/n1z877tuOauv7vf39pxXzznplKQNyyKQ9Fcv5i9PDiTgpBLwabyMqCGAzx8PKEzZUzIopzpI8FTMTXqnobJugDNQH6obgqscJ5N5RyIlfDNXl/F/hYZRyFFVLXzAM3l5JIvwZCRrs+y98Bn3U0WD2dy5CPxD8YHGQUzcIZkUkTpiXKuml5c+q9x0dZ+S68DE7hNVAliWI3tZfQCPC+WbvjqIy2sfAKmL5z80MP9viuwT4g2rr01hlq3fXRF1+Pim5pabLXFsxA+3WaZwpTHMS8x5KR0AI/Jrexprd1iF6x5YN3+LqkxsPXojTuMiGw5MmMev2XPpC0UkbMRL+ZS7CXANQQvfQyOyFiCluoQIQ7f+COIrzHZcBNPZdu8WOjQMMG3Z3YhVM5HG8e2JO0iG6ulYmwppLlm8d3iG+lgTqggxb6MRtWbZrSClJQhc5re5FVdAIhKImv1nopnSeSUcImaDEuqEEXm03giZLzC5D5lvbhPFlvIeKeu933qsX12P3OiaCmzHivg/W3bSUI6JqHKBQ7aITzAI5rBSQr0YC/pncaruhP7QWUScXxu5V50rjmkuXrvLgYTjSGc1t1ozbeGoUodmTbN3sXYgJURXFHI5R1AkxoAxx5mqpUpNN/0VP2kd/x4ZHFWs3wgnCqvGW9QJNW2OqIeJacOfE26vzBTJ4HUrkBSlQFn2HXjfbImpmgirf2EU1xXb1E55gRpiC+KhO0sO5z58EaumSo0S8+inBa3tlxbqZ2wfOjG09lUc0qlK/0p3Fyc1zVP03xBIlzteKN2FkkuxYLsBD05R/oCMj+Ps7ZNm5DQJCWmF4SUxTcxeoUCFavMKIsko94sp4YSGdgJvqmcUwGs9NOWsGGFQeoRkaAcspGh45JTLKzaxB3LSWXV8Us2g7qnOtWsB1mHBrdr6X7I7PX3PjPTQNezk1G0Qj2jik/0qZFx5G6UAZJGCg6zGqZEJVpTwyFnz+jP/rGhfWlL/omRWhNH3U4nPQAv9afkpKJcA3UnYWwKE8OOhVgevwjRcUwQ54bT3C3XCXavvUvI+iAJ5DvZCDoNPW1a5WP2jM9aPbLApNrAOc8vOud6isZg7DJw9zbMp7dv3vzi5z+zsHj36wY5rAPSPq2ld8RMUVuNsAdkXXIkgweYVtbOQdEJD+jtJ2rTIEv3r0MfpdSfc/JLKhgrV533akQDfrK6nO3MhJOIKvm6r6eYh/CJQO3poEJnQnkC54senljLaolFxmfPRn01qtcNVb+YZOqJIxchr7CgpczYx9dh1d3apD/GWaFBAVtVhmeTNLfNQAN0hHaJXy31MT8RBCdbJ+3oImbdCpMR16OaU2qocQZ01jG1NIDAm3RtlUjdfBR/Z0iib6fWXlWSWDCPTCXpJuJ7vjGKXb6dikvl4tIs2FsG3XPa18SmPRFCxfqDFBz9AfDNqTWh6o/mIr23tOseG/gHAvJ1gya58El0dg3zUNUYvZqkrFc5kSrRzAKN2kq6RVDRxlSmo6/IDxUfN+DWKycninFgIrXK7BU8QVpSRxDvVEXjn2ASuzvotlCdb+PjzMgjfUKfu6p1o/jbvjmy9rpn07MPYbe+bFCs7tWbt+SlaY4y3Zh/NnNnZ92S5gURzSAYIStUC0QeOkCp2snM1Qj5mbhc4y52bteeEYq02JJJWlGIachVVuO1PafVgMYSalxIOe3J9Qm9Jnuvy6AjruKF7ezNhYI0LcBGRt+261CUr3L2rWDn2mtwNvWkA8TJjj2PtA3pjKowJ/HymUQrqZRT66KYYUP1wSUZo3iwDHDeE+Fd1MW/BwA690EAmc+RISXYe7cyP6lGtKrmlcMxfKVHdIBqjDhu0I2tzGaFAmkWfj/N6oGsPkXuJyUl8m6+Rj/fswX+RGth5CzjS+pRrVbP1lnEa5mNi1x9p4qkQzY8pobLrc1R3tvCGP3JpALHLlp6ZMbzCpVURISHdqqH4jhPacNIcGr0Sps/IGl4AMc4e6r+/M2Hrqi7CFABW0Jwmh2bU61+VFAq8gCkm9al2+q+1h8tIw5QJK2LM99aJf+2UgyFrOqJRyfLDEtngLYam4oEtp0ZNGlui0azQHX4aaTTWksb2wWSVpWcesIBtS17zttGWHlFdduGhqh5K8Dmcj4pE33zUjWdypk9yjt/UiqPpsLXH+UsstSlagkjasiqngE30Gn2ajeCpzEMVSyR10SYiD9+Rd0pN+CLZIf5ZnWYqGO7a+cpeKlQqKp/vtG9osu+q5NX45tgPugvHURRhTmGrVUVVLO78ffTfnR2Pfp0Jnmxm75Ovb8n9deZseWEJLtXNuVbi58ne9+PDfM81Yv0qRPltvJTRNcmj7cVH86XmGKuGbZq08AKKGK9YYFtNq6XAhGx7aW2s/JUiRuUhg1Dr6lAzXnj2m7BjoLMEbUf8zylMG9uNECbg6qcRExO9bxhHeaxTFgJ6m5JBK6T0+tr5vXCtp4b6HZYX5zVsbvRPenKSOKG7uQzMPa7xkbpbRaOnF6XwVnDFlHr9Fl54xqKKncmukQ/h4d/wtXyzAheyDBr+FpbYRKPUgsDJ6eTeQh93W08IiM8RItv2zOIVxnREx7eNKCHfo/gGBgonZhFvVWRXJ25MJzUFAckLk0aM7zx7llhxgBERDk1Opf5pU8XV3zRL9L33e4zcCCjTl29PBFkGp3aWLj/oKch+obUrorp9Y5NkvxDzw/blBU4c4mXNzJ7+GsznYyyCiqienCyYu5ynAC5sMqvsdnA6JpgX5q00U1vmNxd6dIeYhkWM/FikWlsIx1xUhcIxAqZY1QZroHBzfh+srWmBcSsz9WqMZyJR0ZCkL2mAclo7/Lup/rIJGsVyTrq9aS4aKvxpPA/j0U2yaOOa791iKjq2X3qZibWJwxnFOboXHI+YgoMLLg3Ru18GikAmlhc5cY+RzJigIMNUqIuyYgkdYclTb3OxVkXCs00jNHPE5roofR+cDaZ3OhYbE832pryZfJErwpsz6aKpqTgfTGBfyxZyJ+GS/hkE5+oDtPPOyy2LXpOIo5L1k/6pBxHjXTRf6I55bhPzORlRq2AIXKai+Z3/Pv77lU/BWU6b8Vfb/F18P3yX5BdCw0h/LFaqfhsE2l9w7Pfi018X2LYr4W8fvvNl/cMvLRpf6bN8wYFYFls4ySYHluTiLqGrzaObAn0dIGxidJXh82a0VHLWKmYD6yqVSU/ocTO8gswJOoqzVkdlNo/2oBaPoCJGPlJI34CF9sTookxArTUmLCifb6tkf/Tigaeyb9AoWGQWh299sGb0kfriZ9jNs4OSTJkL1d48ptI91NbPIHcaFCx7/1pkvq4rtaU1T2VyN1i6Sca3rzuN6FS9qav6C4zP++mDocU9aWHpxa9QcTasC58TpO7CvJnSoTAo3ZAOQKM6+RYRzlv6pTeQpJY6JHp99EYCfWbakggbArJ5cAKRr5BeSwmUv8wdnCtuJdL2DoVJHcDTlP7zia2BrIrkk1AuK8dCU7PxUQxD8TYRG42jy2b6PAAgF4kzqR+/TOqVLeIVtuzHcsMemto+tn11yxcP0r4xqvs063AyD3DFzb4iO4EqI6zTG2but6yiGM55GZ/0LrGi6X/OS7etublWNrPyWtQoSkp13V4g9CnqoP1wSr5HAQcT8emQfNaMI6gCsGEtma3CSBOagPFMstt6lC2foqIM8iMbJPWRAcnERt0WQ7bYprA0NOiCN16HMVVovLS3HGAKU/HWiCNiBB/JKnH63TF6mHUoG2N3Dje1VWd6BHVHsHo9nMDrHx45s9UXdlMFOXyU6adBslVJR2qnu4wLEOUjRFImZTMlU6Wb/CDOFPyk05Rid8lKMAzSdOM3q8LR+Kbf1sTMUE/r1F+ShNmkE4qvJ3Y1KxbJUkbncAOcK5lzfWcOsQ4jD/Izvg5ADzj8iNuPpqY5NGk59aISny+dvqlKiQhW3aQmRDOPGoemiceP+4cotHltI5ihYVYW5oJ7OXUPhlXT1UDhv05bi21D2Ep4tKyN2Ga+DqLM2/reJPdsq0t3h5gaYqsifdDKBhdPPSdVLJbPdQ0pqwjfmFKisAf+qPQWsXR1Tq2HdDWqu62q0jgJfKZpom9/qkB5pR9la9RKxoQIkjdOWt3sOdMb3kUbEKIWJiynLNmjqRJl6pJOn2JURS9nZRCFdPCk2yt3JHUCessid2jqsFvDtbRPn382KMGPdTWR5mSBSoJ1s/J1DmS4o6N5ga3RWBWhKg7rtHsUiH6QZn56TutEXIPWGDXONv0VPTGDtX+nCxKzpBrinOMS33nseWfzrTGlVdMsiOslh92A2gd/+nUZJ/qB0qmcKXcGeOLFgp/2qKZQuB35jMAmARszIng2hG2H9nG4E5XuXhEPXXtUKzhHNTgXHHNAtlJQmqfMzrTom938vAhXorJwmw12T2+WC/A8RAnkYnZ6PK6SIv8IDJmIjt0TvSOL5Ys+Z7QGIqVo9Ccd/0PQl2t1vPBi7wERl/CoMg3TUGm8BBseAM20kxKKGhpqTmY897c046SrAKKn4UK1UDWZEhInkbj44sVMPQ/veXFbDXHXe36gs4/g2lquzAQtFIsE/1UX20MTzMGf/Jv8NcyPeOrLVRaYghJIaq/jCubGfGhN5H6raje5cyH3ij3AYkk+lJ/Ef3ctwuGXLd6/Z1fXO7DhU3kWD+39n/brY5i+L63B/XJtpfIjBtM9jlmOMuzxMGm9jm/HEXMXf40EZYcAjqrqROOxsojKr7K1ITgUajehbaai+XRYlkmLQ4cN4YdyCMjrpXJoqZXqFWNtkaqDohzJo3TiLSTh0KIEa76+Edcs9I6GI1bikjT0eNhuZaRr16N8bgM67pfW0H56y/9HnMtzd/Wf7F0M/s3Hz71nFa3gN//dbdVX/3g51RKAe9s97ZNI3y/3xbongruNxlTQTHLlhpA2LqrmPemJ7l115KcUpvoj+fpPS+978Wb5wah5JvIG/wTuPUOKeFgKJ2zcN0uQnIIftGjCr5U7hYdIOccROeg2rBzjG0Hi/R1WKWa5AKP1koeR+nF1WhDswlDN/EOhZsxVbtxJ4sbqV449R1t0yYnT7krsKRoSCJsl+19wd37rsXirsPsZ0g6cy0UDsNPlN1aSzwLAX6xomKUvLw/GMvhJQgLY5YJ1nNuXr76pm/5796L8aeKnAFGBE5Ki+6210sn7exPHo3zvoF4kOclUpOvzchUnZVhNdRTvTQAr435/e9kgylLGwaEP3LfQ9Rt08j2GawuLKmgjuZqRSDX+Qo/83Ze3wUD91G/DzTAxqAb9U8feBQJjGtKeQr4tANFQptGu4EcUNLyiQotiAx2HTwjqjgH7PE5RGMiuZpawH4EUnP6dqTkoY8o4YldDeVqGDSKgjSxA0EjOuzZESbkJyxPu5eJ97CFHK29jSkx9OQagSobf19uPXu477s+TCkPEuz9lmgK+vCEbxLaSehEbd4PMqglFR3cIQXVULsK7Z0q1S7tB2jNHAmqia7kLfg1GnqRwjuUzhNCPmFT35lOLn9juNTli6MgNwUTMzTJPDYCLy/RlD8pIQSIsUwNTgkJkEYumGaGHYbV1uPWchapSqrvpO/nLzPktW+a1MmS1n3EfcK++h6t5Ngs7uLKKNst7jR22dVytj5fSKhNKGf5ZZX23A1VqLWAlasNxgaFx1+Z0Mj5IEVPzP47ua0qliejsgRG1Hn77SjoPJiCutNcMd72TrNHCqhj/byWJTfoiQTQknPcWVmdCjKkU1KbTCKg70xgXu1y5ydgKDHhdeHQLLR3qtNgaMnMC5G3XAamLxwpa4Od+CKXes5oE+jefss5qpO6upNtfPaMhrTDMghqyGflmTGLHzQwQRbmJWFF+pk+6ttXUEFbuxkbEYvby/U7p8XZ6ALRr6T2kEWXAHSITbAjXhHpVC/PqFmLasojHpCOx8cNZOdXjHZt3cmLLINQl/WDNsajOG0oeW4SBIaMHC+o1Yk3ks6DOoVBXGXtfJkYn32JQAMkyKJgKTdvZ/GN4qSSKfUvDFKkiuhLoW4n+9GoUR5Nl4AHAcOJPytOiLZYaUd3wCHUPMyYMugs2sB/ksYUnawoDfQvDUlLHnjyrz85S4RrNV+Ot5L749XGnYsRDtvspQlRA3sCeaRXI7B3fsIlmOSherwzvflyfFmRnqHF2j9XjgUbrh2jULy6mb6RAOXio3FQE7aKK41FLgylHpnAZ2z0tINv8MgX7z98+c//8jc9M1J/8sZnP43+9k3X39o/9RDBx3/697//1/7GD2GrM8bQd3V9++33PRMZ+5vW/rT3yEm/x0GXnlnnZcaM2/UABFe1VdUSJlrI2I/W5rI5Oi36MOvORFHiBGK0TjjnTI2MUzlBCLY9Qieiig1IAj/xxCKv9StDRPP+SxVr8N3fsB64YF0CWT/aeP2FC6IN3uq+YpAKs830m9pgAIxmufXwkHXtL9ZcQqyXngaZxBe2EXUh8Pf/6v0vP9aZ+px23bM3T7998+rLj+8+vn77bT/29at37/7mH/zOP//Hbz+8/7SvAOqLnrrIe73bJ36FJU/0zboZUw2ne5Agh2cb1FzGaWwRAG55qXgwkMDaReM84dx0Pl9UsKxreZWQYG87ORsqqskWtYKydkdOjmMNty7y5sYRxWAWuime1JfxadSNBue40YfEuHNyi0InTz5twFGeU40Edfvm5bj3kGlNdfrf+Z03v/idKQ5UOl8gRO3vJJJx22YyP5lnvm0pkFv/4Z//qmuXVmNdfRW9ulVbPjn/zT2PWKaUzCLyoDrF9moO64jrcRbNAf74J3/8t/6pP65/1vUsNXo3fcGIoX/DVw+HNI+mOn6Ahzb9osSoKkwEts6VwavtJpproH8UKPW4F6qVGiQAACAASURBVESwHvMInZuEh1bNL3/5F323WMb3TpQvJor/lRuL0o2ib/7pP/0bjSdRzqGwYINqODiqsytoaaPDDkx9u52edIwdXRvFNSdXXGLB3cm2miYFjYp5JvLUoMq50mYDETYUXnYMH7YrasljAoo3itIyNTRNGEnz+cNf8aS0R87ZdxzDDQjPDDEClubQ8TWAStPxmNAwLkjnpKhqy393R3RZln7RuCfBukJAQSAUU3xmk3TGPcMkNRYTqEd6Fh34p/8ZJ6z9+s/VwkClUW1MW8YRmx5uMHxEQAGbSa7W60Qwbf8v48w8syoszKj55peaQLHNG8e3nCY1t4SHu9i4J82wRzq9BjrOm4fICczlUudEzY6gde37+Re/+PnPf/GLj/1YVZ25+yUf6tnRMCoHldV/8cu/qvdlST/K7fmgz59fv3mTi5ybT1/90e/9Ue/XpQAeXBc5iiqGyWhGIrVznuoZtmQKXgBNOJx2IX8yXnWUSqN/BOr2a7DPB5IFYlcYEdsYYfjfyBysoKYeDjwdtmSG7AE2VWAOWocLG3E5Oo7h6BHEiVaUzIlaP+rI9ikxzhoSW+n3hSJNPlF8+aZfbfWNXSn0XcW+0j1HueTCUzD1gT2sbPWS7F2klE5pSf8iFnRU6bIOS+yhBG6eZWCoc4JknU9HUmtzEfdf6p5lashQOsfPMUukqi+9o+h8pkdDX+oh6Lzfe29E7tNNR0xf/xGXnPPraI8tY6/92LVEeB48m+C7PnAkuWxDZV8nAea1sgMa/MNdgXOm9jEfAQbubJKa7bspNcuilsv5y+JOXsddMRuavKjO8MI0NTPjsDK+qaapnmYKk7S8gKcAJ3O9JHcshRPniYWWkjVFOCOIHe7zeNVtFLSt7SmFWnyxatLRdIHH/RPYRbgZUnvlzTdgtDwPQInUr8e5C+rDf95/IgFxi96s67mqCjOzL3+omhPbEByORK62Qxl8/iCOUx9bqAatIj5AaN5Z5/S1U30c6FGsL2NZHNSEZWypdubwXAxHpAYjWyc0Fc92chtxwypdrAMik+VtyIPXz6rV+AxXX7ok6Mr785tuiKn80gd7fuj6OTPB6ikgl94ycSu6LJCHuwKzOuSbGGfuUDywq44pZgSdN7ks44d9NSavMEkFOYkP3fpqkvxrt7ETAT7j2rlUK8sIonreIKJSrwseQS/oVh1huLhzbo0qjqS3eJsKhtcH6MdrLE3AaVgdKAEZGDrygrSa2OPhlyk9yecANTP4WgxYbFomLpsvvya8ahBMi/pMDie/X/VqFG15982rd58+//juxw2FAfz8m3dmvlb8UTXMFtngNZL6fvJve2Qrdr0lSdzn899hUTcE08QnygQkZWHSYFNeXboQfWVAveK8OH+SSx3N5CWIRiYY0N1b3m2FTiZsA0y4b+Ajjvr+ly6E3120+cNKbRCZcivIKNLTObXgVKRn0NQMTwNwLVktxkHybHktOY3ANIQgR2+7MQQnJwCZiCjFx+m0bFdberM4p3ZNbHyCo1/iffX5PTi6SnU7nbXoR3RATzpAm5/IQa+/psdZf8vAUkHqmwbBj67e1MCsz/Zl7gHnh4gZHnBspQ4BS/WIxfpF+R1zQyy6kA3YJq5SD+GMTyRpUdcrB+3F/RTESypVfj7k3kWM/tdVeSqt9xeLss8ldG+aGfwf/kafb3/2ww+gsXapHgdJJKpJY3ArZzHnV4p0jp55nIOW2ex6sYEQlMTasF6hmluGzZxrJGKetu+V5U4KBtkb7XngZP7WVXl6UwkU4kOWpGKCu8rqxAGKWgcm8mpuso5uaQ+Fd0HyPI0jlIIe5zd0Tz5REpAUe9C8iDfQGJnr7D5bckQhywyJ2qu5dmjFdN5aaYgShebgHs7roiRvG6ioAGBvtogMDhtXq+tU7hzKNarfFUcQOj9P8pVSWrGd4ipKLdUCcGeZhJb48E1VB1VVfj2unuq9kHeCg+z+thGxv+hsNSi/bGZDgJCkbjPShohSoN9K3xAtaWtu6ar/z1IJ0voiadYyPVT8Xdf/rS/6Sb5c1QI3usS94JgPsL6ola2LDjyDOpxGZ4FbF1fPFDaFi4sqqIt35yeufdKq4DRb+wTNe6usXIbM22jjXfI9F4S8FvVYp1DEeOr8mRy4z0MUfNVcdREjFmb6p3sdDofeVFrza+mcv6SH8hZXHpTqxsXHD37POr09atU9g564auvNl75DgXxNnhIqR/p+C0aFNMFUF7mJrHbDCtFHwDu1T2N12S5eYyJgkAkYkWdfQ5ohkSWAe7bNAcMsfGEp3P7iV1x3R9y4B1ihU21WG/JM93hmC4MSAzDLC/4wUc/F6mpocxi+WM+Iq19BQqgcoXk06i6bKgpdGxDVObj2iPzwCGJoY5iIkZ8jgmA2icG4wx+svyWdAXoQJz+5tD9TXwZSOLfvJL0P941EZqgXWF06Rx8UI34nfWWZuUqyljaPmYLUadWzZbvRODvd2cC6ygXS9FQh36YmNz74hiPdsE9DQcju1hmv0uqbWVsttPpwXYYlTH0EbY/PlqNmz1nlhnfv3MAr0DBlXnwDM9WsuzRQB9uREgrlZUhU8cLsTP1EXe4moNLo7xjlqFbZLm/Tjn+5Hr0qslxIbfBYHp0vcqYmKtpA6LTRN8Ld1mQ7UTLTgFU/+fLau8x1N/NxOpq51XjLuLm5S3Qa4//4/oPPjWZiIvJcF1CuJ6jyDoAgnHdkHLwxReYVDkDYfmZ0qoc+sUyC5ueABqnjKtV3cjGuXqFDplqj+FLLaqTvHMcjXLWx/JEwkeZ2OrwQxJZIFL1ulyDZOCxqa65zbAjGx6oRy75azqTtiSB9RLChWwdT+VCPHcVcQv6UdFJIC0t/GY66zZ2PnTJ3C7kz0wUWk7NPJD99fNPDku97B8atl1j7IMfHj+8NM7sJnZy3b6wG4hamFKTO5NoY5lczEtRs5hDFrGTHk2KAtJ3ZMyka/eqr4zJFs0MbD4Efkru/vjYz5k7yudD2ShtHJCgbmaOf9c8zeU9YJq7GqqpPsm3VpABVF6rediMNJTeaLIYaYjFv5BripUAlijQMVaSivEFQ/S4GjN/ZpKedBLhxmB+S4KJ/sE9DNoUkQNkts6LdBECTGyn9Nl7VLDWipoLHBseIG8MgzZYlJDiPkZcuSNLOiItyyjhjV4QyXbrUvEXtFHR9Euv8O8qGv/MiSL4RAcy0xGUM2Mm59QGkMRUIYjE3zDy04x0ksvgjOFtTXp42LPQuU+r526erOaxPnhDE2Y0VjSTN8H0cpcZE18eS0Og6jTGBTw8pkEoYpVtMzWEgRzOpq6h9RJFJrnNUjMTMczt5OU1UE7LEmW/lTv+PSyrdDY/jnK1wzBsE3v2neAVCC/aOEgvi3oo7vTybzZyM3+7SLda5rTqV7JQYeFm/Pb/NZY3GjzvIKDI0kLh8fzSewXrWI4YPiEdv5lpqzqPrYdWmdGCx2s7bz/k0qwy9hfmCwsLZ8mBOwCAzfIYlKVzVnRt0vmWYuq/hivhx28lfCezMjGjWH8EcO6LMSiqbiXyQrpJd6KZ37lRI0nDMzHbHzc1L5N8yVaaDO8QUVLLz140HLJ3mv5Z35GBtgN1sGWBpO9ta424FVVK1dHj9RrHRtfQPzY1jTKtXpIOKNpo3KK1uI+XsS4TL+zbSZzFIttO1QlRDOugrlDIyjlxyLq+OM+fqxNvIkLr724ng1M9HyhsEcOI8rC1RrW7jkFDxD2byjDLzib6EUIkHh2NFsrG0vM9ZLmx6MsotCwmaGwOdIqrKgI6byhvNeK03A3i4waHJvpXaq1ycwv57IEsm9oUWCeqZe91sUnajc162oxgcGELWmXzc6DsA3hqtOr91k6zJ1V3sgLDeqJ6is0FV3GfbDVj5Qb/k7ylgRCctkIp29LzWX/1C7qRno2TEadcxNkZVMkwH9UbrR3lU82XN2TUUqzpgGoUoNT3Ave0YVKTObmieXGCh2pTmDz6Zp+4WzxU9qNp6jwmR5aINybD1+Xefy86sz31vYFFp23BC1wIziQ+kTRQGm+wBey4S0U1OQIWsx+Pmq3UOTWIXMGFq3nXC/O31KQWBDPYqMTdvRFm5b+7bvY21zut0j3KsYC5ssqh+228hCW3VBYGAFkYikHxfiOMvZSXirvk7PRgJmelwVbO4RJoqYUCFjkZoK3UG8wrMxnOslVarosR+zjvk8xhWo23bpJJ5ZLHeZHmtN6zzLchLoVke9fI4tfFRCCspUrblYe+zXWIiuLsUgaundS3kqbX5Spf48k0J0Dp7A2EXBt7jmFGz/IJMxS6cZzY9vMEtj8Vi83hgIOaMM2jZzUjZMk5ctgp8c6UJsxOrR4YWaxlF21NP+BTUMqnzOpLzAGWdLtSPLDW9rkcWxJWwHf+LuOWpwgEQYm6pwugj9QdPUKsWT3vteR0drXY7Ra19z4ZSZoJhXvW1kNA/zGrVyFHKC1QIPTmd3s4D/HG3WLps8w3K39VdiahrFMiPX15//10/3ODL7LpaANb916DrdioC7M18JxlMUXout9Nlo7VtZ4mFiII18VaSUGjPUrc3kD8MHcKsYSyNtJnIEv9diNyFY4XriKqxzwTr1p0MyNbky0Q2TwDabFCY2J1VWbuLpaQg4/KB3Rk8ex3w9I1s3/jRLfQaVyMQ0tOXSThrmyLHC1W1mPkHXMMjy93V1o3rq32uvlaDiZksUyNlEoZ5a/wVO05YRATaKk8wDdpHmlkEyrhSv/6a/CpS2x0L9EuxeYHCNrMNjpRPohGrvypUyQDNT/YmRfsAullgLiA0DG3DhnE1AhrjWg6eCyRZGao3PfHU7059KeXK/pzRYO0ya4NM9/X87GxPhjWy+Hh6j6XJDuN222Nvbqo2kbyfMsAa6mfkEHDkTHp8EhqWJYVzdz+v/VHNwrn0TE9AP0GczGinkEv2vLH+tPN6ZAoiZPC8goYZ/cE4fSOoMEHVT1oOrBFrFQ2Z+oftrBln/oDdTGRMrqnEw6xHDvR0GtmraLQOgWYuIWabiIZaGugEW20kr7CywX/xJPw4HCrZqYiTCW2zqOBUQfo5dRrs5A8SVkgHN0V2Y2SyUMA4D4UiY1b/CNJoPLlKxHMKBOcVxGm1UcSK9gahlw2oXYHUEPWjAihSp24I1zSSizYoc9wja4wl+iljK32DEWWMsmHDI0frVP29YLF4IJB8cOfkXN8dtFdupVW9ptwd8ot/Yl696mduGy0+uQ4GNcqXjePnOmrjiR+eFUhb5S0mwVn9VW7fbvi14UztLBKpr5I1aqb6hSTGaGY4nQT3j6UIIMMwHu9JrXwkiGrZyju6cYBwnHpFhel67Dots2o54DnAHr/44AZBH67wOQkLmt2EMmtEmYd6y9o9kzT00cTWii3wMqgFaENxVhYlquXJHrmYW+eM9APg2mwGDy9Evdox2mmvDSYqGlZEvTvAhuzxpghdxD2a2B2Kwa+iPMbZWUCY2qnShGFIezIibBpGcUlSva+C9BGw1lNpZ/MWwBUSNcgJ4qvKE0sIcbbOY0raQCUt21JrRLX1acCtCAsdqxHCMbpRVkGFhk3dgvyEihPLzqat8NTceO1+DZ29Ndu9mxYGHtTaONkoNSSUjrF8TqiBQRVYFVz9pJsrU5jZTu7ds08ffflgwrcS/+5tz8npPyisGTbCYWrLCzcNz9DprcOFf35BP7pae6T5ozdB7m7mnA5JDi8JXBimTCfO+QZ2+nFD5XUhtZQKVbf/oa6v7jOSc9KG1MDwU5ZmF/POrFkuCuYJ0WlLV4I5O71VzbGRqxkBmqOjKhpjKSzVN8IAMPNGBKFhyZ5OB7l09Kr31HdiIg8ha0mNcEEkqjyJDMD6sskFWUSR1PXqX272t5osAj2+kp8i75N7dXMia9ETv+mJ/94n2eVytWbxPAIqZeDBm+iEVks6xIYk2qHT/lCN5LrN6tPCvQzt72aySeXDGm93Vk4IZ1A4v0w8zg2tsqt6TLIKUanD2qGo7YWeBAPIGkZnwf40n3ihfayYfddbO6UjTZ205qHE0uf8EOdoY5w0rdHJQZEWvYIB4LVUPQgOQ427AvFp7yyWuBuau3z1pV/5So+qvcexepz6Q59C+9hPqffOTWvellblejJS9m0PoyzkUTJzV9yq6Q6ENih9X2Bn+mvx1rsHolZ5c86uLvG41nrnyOTXqDraxKH6KxTT21C2pYGDCDrhismaCEkQzZFWt3/+OmpAucg8PVwyuqazZ6i1cmKYMK1YeykcK+rJl+DudsRv/LFtaBgmyA/BFHcRAR15iduWvioGDx5GVYEgx4pB4zu5hWxfTb83327oakRyta0DTuZFYnrXdxIWlhM+IImcQOSP+s1TKyDs5FI+AAa3NgGZDWLevzV9vFJ/biPqEvhsOLvQAN3WXIvm2DupVnmzQwTp2brIrIy8dl2hDkyecXdfUd+jhKn/9L4bRzp2DV2i5PC3b78HBJ5WTh8//ObHtz/06xRiy0kixa2gML3/Id/goqD4NU94ZxSrXXNcS9HrJfNiAqtNYIhBZs2TmbEMnConffHxeQvhhFcV/9ojOZpOErnhDdoJnSvwEImVa/rnrhUrKK6RfdKmQu+Pr2WSqWEf0p8Y5W4ePiBri8h0H0n7zvazD7cy8X67sVtz4twICqKurkra00R+r3Nnp3kmTE+tBpAjR20Emg23qz4CuzVyLUrV5/lrreoUidg5/oVlcjVzHupYCbj03PvJVXGOpiik8ANw85hOMsZhUcAOBfsm80Xy/HazVcR63onMOfNkTI9iACLZbEFQmE1+4Ke9+xYqWvcj63SoGkf6bZw4dQFfEabnXHOXwDe6tMBy4ww4hKnzmj1AxwrxwGzsrWp0mrzQtJ+X52Kdd+JqQUFKx4G/4xbuYq/1VM2bYQB8zm7/YuqIHjFGyTvN7PGfm1brerLJ7vxdBncy5cCtMqEhOFABD6YEn8HdBihLfTExgzXw4jy5Jw76kjo3X7wh+ObVm0/vehux2wmN1C1F5+s0tzhJmsuAXHiD2HmPVVYLbQRXOg2VO7+5YbeP9KPasiO6JU2HutCeg54IP3vqg/UsjWXf4xROQKtJ2i0T0r83AohDvFRhLD/EW1K4N53RbgCYeS2Ls/ziqXjZlegDvlyr3n9VjACohZnb6LRuWwPf9srIHgWuexUjdm4FuLjf3bBO4U3t5MY/ybus4ycO+/KtZ64iSKWVQ/bvEaWWrpbPUZTAOb41QsuLveHA/zGaPu99gy2k4DcBGu+gCZ0tNmB7AEfp/O7WZZcdeTT7vMujyRZpBV29zVmH5Y9TRm83otrd6Gys6/dMm6b5Yc+uyLCuIcskP4pekn7+UImTP7/pAYl1xa5r3DVxj6rHz4jJmJD00NnuSMV29x49OLElWNwdOZ+VG12uBGmbTlw4Bnnoxe95ycVrYE+vPL11/K4vYTM8x2VIOuZFzjKvVkxtGoTxii86wqPPrFKcYxid/XRdUhecSzTvfbuF6/aoUadPLEnsFvfeke++XFnb80Ct+N+86fo7ryZ0D0eXRt2xcyOkTUjPkjRLEsPk3lt4Jpxg1HL+cBpL5RGfIeAlgsWsuqsfjrWWbotU6B2QzEMV5g876taS3Dsf6SI07sdT/4Q/Jm41oM2ZE1S3JaMqkNhSm6KXOz+P16eRUace3UjawzZ8LB0v8J3IlcxskDNSTCguSXca21fQ0w/ElMW0euk3wwpyQkr5y81Oi1hf9lnQ+qzRm1c9oxVFH+/96C27z36yrUA3dLxqiNgX0cRSiHVdKFjxW1ecya22GDdmPegDu3xSnC2jAaCx1xJ3uME724f4xb4qk5gpT0Zy4zmOl3T8YpqE+wTCbJ0Da/3qpPPzY79FxATwRrJ5Zf8JWmEJBmmvvIaqcz71wXz2AtS+/8+ZvrPw5dXGNx1g89JkMslQXpsl0yLi8VYDqbAlukMPCKzQoAgE902dxK2neODdU671iCKSvt0A0e0MJpVNCMyIc31IAaz4VZ2Nmh9fsldMg9DwiZaQDtyczY16McKId06KgIGrmCbSxpCyiCM0q6UYTYNxVdmwkYevqluNRpsB1e0iyajlRK9zZh9BfOSEQw4sOyt/9lQ0z7tJ1L29j30YoDVVD/6WnxNO3Bw6ufGX89nabAFHQzWVQKXVYRhgMgBVqa/QnLrRkXXyoqmJcQWZrQdP2XxF/DylH84hfD9NkSRivk7j5FY1BJtlVmC3k8HTmCYsP5FrYhvCnaboJ6YTogFfCnUup9YMlhezkI4A+qa2YyUofy9t+4R1gGllTvVxoXt4O3fztOqZFbI4GYiIqnwGbpPqXLY2bqpUrUWELcLocpo6252ce6fcDk+HqG1zwy0V2TFQV69y6kc87ej721Ybe4fUfvqn8re8PTSaOhktAc+LRB7Eu9OBv9avIkY+vJ1df2YCuTHPGtITIVVaI6TMWD5orfi/+fDjr8pnnq5fGOSpLWzdQM1rnz68e//ubY/dTeDQJ5RNdZThrPR1kE/vHHChWEjSG516SB1ym0w+0jtGUmBv1Bsvj6ZC58By5uim55ox/+SCa58HmfxC9ATfwKe2HZGdzCvB4dUE4jjaznIThy+Dc1gu191rbnwNTl9TYTEZ/cf3P+ahb/qqCqvGOvm+PsX1FXd8+eZdo0W/oNIi5O5D++nD2o66gQOQ7C6jIi+5uxn28TI8pAZfaMOz1lj5kUcf3xrs+CendK/bArgl38Y/qMJ3QY1lQqwQ1VZqvGGx0m2VELF7FSA1A5QqLcO3LTMtu8qeQlWdPt4urgoT2pGjF98T2F7IMhnS6UaM+Q6Or991bdBEPnesnoqK7F7ugJUVO78eoJA8cng776WhGT12cWqi6rsCc3sfnRWyj58+fPLElWe/vdW4q6cRTwrDB6lmMITZUidplOxitEV4VwbWjneJ0A9q5M/mq5d5JCspH4JO+DO7BSsRJK2OvGp4zqFIWKD2+MNf73s3PPKQtS1/oPjmi3eaPn748t37zx92sfDxwwdTTu7yRV2EtHfd2ZffF/Vyr5nozbdvSrmErGa6owIGQqgPQSeDe/UWM0/CRbfMQx6pbgP+kzUEVJhnTGpsq6AO2URqT6fQqD/iUb6oD3g8R/7kxiRiHC77cTxyTxFliajFc+HGK2R9mWfP/eeE5uiPXXP3GEmsfQ7H0qUrlQ/vEtKnRzf1f9Sbub0u99hFzyyc06VTpeK/rrkW5l9KxCKGoQS+P4OWwjU4zHnMP1aGpoA5knVMPBqBJHvMRk0QZhw1kg5Zpy9+veLqED+xQHF1RYL/FGLZgZQX7dcJa9Yha90wPLqZTHu1QQoDEUQhHMZJzafq7Zwh2m5Oi3b0OPoT46mZPciZJhUbWPqcmWZ3pHqj8kPvXdXYJVy9NiI3nHTYwpSg7kHsEnjjgTfHTv08Nak5bToPOxDJogglC9aajdWoUGto20k0+ONiylyPxRip8MTiStx0WTFDnZokU0Ba7HXLmzqIehrmvcr7qC5KIpDTx4j21W7B89AOGJlJ5iUWoR2VcfF4seDvV5FnAyISCG46bzxYTQWRVpg1GftiZpSGaB2JJu16x91KaG7pM1pfPvUR4L6IfZMV3+s2Pmq0Ub3Si8zHohTp+TuIMTPoT3i8iZohRt7k1AFmWwA6waRfyrDZ1TEm7qrapno2M5OKQb5ZppqrpbymVNRKLaJO0iQBAJIc0zYSkyWMVp1ZRZlGdMwP1N5v6ZjuVrC9L2JwrTS/+Zqi5v9Zhw/88keYguJxtZSVJoRuq5zsOKowx1X4+hqByVVd2uYeSPp3H23tWqlu3ykSI4kBC+Xx1Di2lJTLd2k1N1BMI8oXcdy6qjywE5694PFe5Img52tjLmMcuTJ+3kUX8QsNi9VXl8MkbdByL/WnTV7YlEiXja4IGp0ZAQAdMdbGYJcP9jx8vTnWQ5h3krOEeeRFaXtUET+UVTmNa8amELyqVCtQOGI1K2qkZhSTCO0QZ354jnL2I7UpWJLIpxfGNTwymZb57R1dBs3QzmdoLBPMQ4v0eJlO74tNNR02oLhrxZfjWVIpScgQeDuL3oJW1W5mf/wrKl0ZfH7TEqTBt2VSnxMSiS/ff99vCPs8gEuHZIgil+VuqSIOxexkV5o3Qa1u7zV0tpQ6ZPGfzVUjYl0s7dcjX+ziMJXjnYc67Z+vtlXY2VzEoecGBjm9MoqxPPeJ9Mdqrnn7x115Ry36S7I6r8JhHIOklCTeFLWyTLCsL+e2qmyZUamRMrZmhHcf3m+Z1q/Xv+/bLN73GexUdKc4Bd2b4Oy6DwF83W3KTx9fd8crnhYwaTXmNfrenYOlmREk/J4fhM30CPEFMreoVpHMBTbwSWbfxoZCIAkiX6trhw0u9YLVLRMzxg2OJFHdurd35iHue7q/+dX7z9/ftxy5NnIpWX0W5AYepZr2ncak/PiQ6CdLuT8jnuBVKf1e/5rTqrZccxlUaUNK3hi6yok7zyVTM2MuGZRinsN8nthJ5K1TugucM9//+ldv+9IGnxftjnhKWkhadGxQHClLHkyBWFwDFuh5VEV2weyZywxPiZWnB09ax+DsCwszctLXV4U6kdfxN86AZBv4GehNIOo9P/r5N58/93WWdwXZuxkR59/rZu4wvnn1/ttfff70YzNOTb3Z3OiYkB5By9wgRVk69UXanud4/c2bbz64Kd4Tqr5ihYPgQTYAeWhnILnWZbOa/gN0QNcE8BWpQbb9WdG51nxDgTYE14mPiQtAU1vTlOaTFapItXPskay6ujW0K6RTWhOXLrfXKZOJOIe31Oo7PT/2hvdfdTOuhP4g0aLtYsCTC6lqrHPF+vM3eqzHzHnVHTx5kpi6LnRwhh+gPDxM09uV/qGrDaYBmTnz4ep0OtzbMGdRkSSdcBVzDUlpklZJUDiemalSc1VVT8qon2rO0Ffsax4dYSQc8VDgJfsK/wAAIABJREFUHsfLocJIVtsOb8wPywmf9VHpFhFYIEV2/1N0OKcWOhkzqZGffBKI3PsehEz+BogDwuZHTW2GlHpGb2A1En7+4Xd+8YsPX/7Rh+5h3LjoLlSzQt8/nZjer2n0/PnrL7+zJ+XKioXEKCN5ho+j54rh6UwjhOvBc8mDacYDXeWCYwxAXIfaba8bQfXlKv0nRXvbet5xXluM6y6ECgn3zXfsr7hAD+3x452LYTMjDvSkE9X2RH7kExmctdzo02lNNLUpXOOG69SllScSsuwywO3BjDFvYK5lMqIcMwS9Xgw87va6QP9WvA0pXU//8tMvm6JiE6JmjpqydYkg9XMd3W1M8koPmL2cvQA3fzVfrEjtlSI631oEnWn3kZLOp4KciG6NMQrA6SFE6wx2rEBKZztFNhQr13benprGiZ+2rUISE/XGJz70Wpy++/71PhLciF+2LNm6jSp18l4zYfdZPr3/3topzV224qOwg1kSThVZuZk3vaqMhqnTALTAPVgHK44JkVHjXm0UKtTcVh8igJJJG+pkIahGIDqejoxnoCboRl95zFU8MpFwm0O7SXIaWZXVjmWYJikCKxsmRLFrc1RFwWRO5ZQGpkR8wTJlsa8pqXr+Ex3zRHy9pT4xD467HZszBYC1i4CcAHAwzzyqVZyLCL2aKsFFDekBcVithraxAX2UDVLP5iRNdGdt50L/VfJvneHkpfScnF3GnO9qYdkA8y+hhS+W7FI796Ka/J9KFKrTMgkURHcqtCpMp2buiY6CSS8LqwRZxw7+zFTTqxuNrYV+/+27z+/L3CKZXT1PsBhM3/tPH7//9tvfefPuw7s6wK2KptF9SmG25WeaJ3/QBhCQgQFONYU38EGJfzLiDC4ftDsLVz/UGh9+R+wd0+ZvzqyW4FjRrdHcQ2aQli4RZGdVh6JqPRvjeRKq+Atu+6eBno05pytHNXe3gG9h/O7HD63/Om9A++CefZQ9dND1QSi6C93yI8Wt1L/91a9+9c2bH159/7ZvUeuDbNF5L6LHNDi4HG7Z9l3C3iu7eN+7uL7UpFVc65u5aXbMleejcPb2DYPzd+u9Vn5Z0aqmevck1u2SJ6sMsXwD4pzCV9YRu7EvAzihxnqgExq9tzGmXOIux+s3P77/8OOn3v3scUefWEye6btp2qAmYRYV/lUlE/CTSOZ26hYg3t3oJ1A5tBXqp9f//L/1bxjJPJil3Ri3lB9rohhBYqInRRwHVrSG9ShyKalLss17/ThUX2f3/sff/Orzn/19gnsfu/E6Mur6z+fx38hEJeOWJZBNKKr8mGUxeWigz+C++vQ+b3T105tjH1+9/fmf/J1/+btXfR4AeEDF5vCGJ+GF4rkUTl1xSAo3ZI2nG17/rX/lX3r/t/60u/gbCMzc/Fr4PrsorNv95v3nP/rbrz6+kzTJ5W+4YfH4Txyvvrz78794/w/+8gdcvTX18e33/brCh2Lp85Qmu3i/xsI4xtgXP3Ot86Xaqh9Hzxj2D+44eP5FGm9jw6IDzWaa+GDHiT3h8zS9j1uBJ3cgqsbG9I4beeeja89QjqNpFEj2eefSMxd+/Ns/vvYJmHzh+Z7YM9AVWp6qp7758ps/+Fm+jdTbTLbEDtkZnt45p3qo4euftiA+6fBCGYUGZvj4P0IWPGCXJcpG0ljYHLWEmEri1S1PGawa3XO6CtJpHaYitw3xkVYzaeCt6XjPlSNaeyIoGsVAvhDP/AFJAd3QP/Z2jnmowBh3oFb7W4VaTtwMnJNEZJwH56tpgHvHf5REkMuqXcyK9V/9jY/f/Rvv60+Hw1C0odDbBD1n0Yj2s9e/7t5DnHsYkYhlZCeUzelLvwnX4RaP2TSgmdefrG9b8kNxFgjszji1/5/8GO38Mm2DTHSVCwxZ0VrV0PECCAUNWyaQ97gYYyxfWeW6wpJkRzgaHBBmkSu+smTIDkXm3GCH4sEcO1clhn0LJiGHu2qZnddAomnw8WpxD+HOK01P+471m3bmy/K78SWf/+Y3rWz3QYJ0JKf/hpm9KKE3jLKIZPqRPXEZMQB7G55zTj+Pdv9iM/QJwDrmJE5Ou9lCQwLoevGFQXXNVYr2zne36KXU8eyJVKCS1F+ok9QfP4E2oe1qx8lVQIy4lO6s65ufeSzisTO6hotdjB8cV0PdfnizmJ3kSJcQSZyOuYdH3Z0YEhSU7UjfTK61SrXbNxKBBE9/5xytw3lykh/Rgxjv1/YkrhDwtpNzoq+/Tl68/vIl4s4Qb3ekats6nNt2dk2TyylHMxzqIB0HebaTeck368dQrT9RjN6Y2+Qc33K84zzBxogkMGpEB47RSZf8o4mg4uk78RQX+V4mi3XTZOp0MbZwG7KDHgWFx9/Beqn9tBITwqOICV8iJmWVVSQs2ssIoTCbpBKpV3k/hk5ftOC8xueALhFXyklcswzigG0ntm4n1qtsNx2anzTr7MUOJyyAL/pZ4HaWul2aDTE13WX59PH3PF+QzVSTDsHOGn67F+PW9Ku3xLUE2h3v+JBtDu90DnEdxwbFw112FJ/OrUqvvhPn1e84V/NPeBIysUc7n0b41C7BaMJY23g6lQrP3FNpUGh4wjeUETNNXKZAzg5VQvx9zX6Dco5GTwTm61uNf7sqirLt86d+oTLN37379sO/+G/+629+eNNa47MHC6DtcRNfC+GK4ZuPP378g9/95g//9NXvu9mVFzw92BJbvjfj9WxCz3O/+/QHf+NP+5Zhvi81+4aXHLAeUQwMJBVl+RObqDY3JL9RWnL98s//4V//xV/20w0eMepG3q03b5Gxx8BnUITpl6ZzChew7wydbCp8kiDdytmT2h5g+pO//c9++vCjdXVZvsdsqI21/8niQyjFMADxc56KeVoPqby3ADkWAGk8KAg//6P/dd67x94nK7E0jL/woh9c+RvdySDbOjsHJYS8Tvitmtbbtj2l/uXD/+vf+9//o//0v/i+e+0Wy+ku5HNPLC0KG90J6H8adRymL0XUd8crui6GMO9mRUx9yvY377o8/u53//iP/jv/k//Rm5//buyzjJ8GIxtXVdnVNb114AzdO/PShSX6Rt8h0WVJM8kNf/qhFlEXfk/5v3FG7BoSFVZm1BDlm2/+w//d/+bv/Z//7h/+zpuflwSZv8sMq6oCKma0nYXY8FbihdNEWi+ybNrWElWlNhWne+0TAcT+Zwo6RmG+3cMhPDYS5/xxQbST6VwbGqpU82JHWk3aV1Ai43wnoWYGro1s8S1NqzDQ6YLJ8JWHPhJTVPPFquQ2kdtmGxQD7jBIN15QmPC1Tjcpk3sar5j+l9rxTgabLmCdvagDlYT+2xhG/SMz4zUd7Vyy9ocYwxxwIh6RhxbdV75pn/hHDxv0oilrr3d8haCvTeJ0oeokjPYP7p1e8yKihbb8bwhafpx8C87HJeRgJNsJOzFCdz7oPCPL0VsbcsOujdG5BB5pOS5m+5hNSV04QzYUddQSbucEgkH2XsYcVVPRYSWMwK3whA8yeTJKDYdxfTfmbWzyPyXVCAIy48wZO1XHKvOiZnI0/ZMM24vPL5dWSci4XuYcxA8CBLaxq2SeVnKcpSPY/R8DWc9yX1OVi0jV8+kR4buxCfnGTwOMQk2PDqNqvK3/+9aHpqUmt8YvY0hkG/rBScwDY0byyU6GqvZbAp9jj9CQ+0ALd4V5iQGdrm17Y+95YRpWFyPtvSouNY4qjQM9CVsjzYwB6Yx7jKmrBOlcQRrtk7rh5aUISKNit/O17RpV4KptTufVRxZmi7F2ZszcZUC5d5i/ylrd9crFtwbOibfFhHMOQK07LpFevFWZbxIuDHSq4TOnscI5PY93xqjBkJ4FmygWieqmDI8tojG+iKmIzyvhqe2P0JehXP1q2T6STrRXYMyxVgHbuAdsNKt8KF7G0EdvtZNAL8sU5ukMNVOea3JK1ZOAsHNypzYOlFwyCVpBvKlOyZZY+b2ecJ6LejNLCb0zmiZ2zWd6HJSeto7JNQfpuNdRqxrGxN/J0U/fLML900ZYktl16E/ejEE1j6F4WBioznaHUMY5+V/rpjN37fhwOPTv8lwL5rVIAS6upr+vGXUjf9XXIKH7M3nu5DHXOvWYeW4JPV+cToEYvAmhY1sYsra/XBSb0WKQCKgowTuV+RGi+rppeqwN/NL5mseYOPoC2D/ZJ6izFV+kKB1XhOUyk221P46h9AZ+XYkUa+M64jmhsxNo3XDmx93norrk6XmDnrhuufb+zZf/1v/0f/bmd37/dSMvM+59hgjJbBkWL5FdEnSDoGVIBKsCc4OGGyx9vTupb8LAdt4aeJi9EqE8izthOkH9+lO4P3UT+j/8P/x7//A//wff9wU9vdGwtV+Iu8d/5u62NQGxLRsOHDEbdDJ00a4cBeFLHg7xk0o/++Pf/7f/nf9xTydNAiSRgOTQkM5ApDErqSUndV000niAxcqYMjdZhY0y3lZxr7uDbSnX4jqtYX962QSR5YSgyX5pJfE05SGqDHpBd6M3RYibt/JT8S8SP77r82tvU1MwByIKJ/PL0jOOJB6C4tDJaUxsH8fwRBbOxOXbfetTYfp1jV24fPrg48Gi91NGL01vSRxRLZPv+tIgnZQqdoESn1ttvuD/xdj6lzFiVDnYp5L7UaR5/QZS2Lglz8mg3hz4+JsP3//sZ196J++LS9GuKDgg1D1ZxFEz5/QymX/a+Mkl5nk8Z9S08XcMa32YUR9jLLiEdoIu6mu/L/Rxept2mnKAeXta53GVV1qj3ctGtkaf5Oq4hriJmtIAFsOG9N5j6+M4Ql0bryLvCrvP6U9H1NXU6Vpjemorzz3jWLWdScZT4PwUVc4VBNk4rsgZJjkIeSf6y8tGwG2FTM5gQFNlrzN6fToshMQ8tx0tE9U4Ln+nbqYcE7se+ZP5KHsqzfMNF1GAdIIVH2vA/2rOnnZSEXWjg2lx9pB43XGoH2aM885x5B8KFNzGyIKNkn0y1dWs6tGDKkvZk3iuA+vOIlKW+2VsGJOSxD0W4rYFPO2oTXyndep+XSVibyDsWxT6lMzM5UhLI3B4c3qwqYK04x5/DN6wneaqmXc1AzZ8di8idt5uaM7gmpL/4txjP4Xcf7avjDeyrUBmmk48RC8CpYfz1T4tsiVPmWau/tTlDf4AYaCNcBjdhyLjJM1j7XRhNox3xpgXjQCY55jTHRWipRwh6b44zysmLLCI1Vfy8XcfYCh5REzr3uZ+vPj06Gpr3tjyOCb5cp17em2Org8pvQCgvNcqHWFi82hQ1grInfJC/0A445fLss6XT6ybvAkgzt9WiM98roqna9v2nI0RMZH2IHzoQ1fG+MxfRyHJN25qH25E65lgPvkfe48dVn4kvyCdxONkDwn0OcCcmzskp1fNDKb3GYWfCuhwbIc3YlfFV43H5uAZnJ0e6ZyqhzrpbyTbRVSZyvb1sgMVV/+bxMhH1IFXqlYxgXPu1/OntfYaoxkf73ciKarB/rjFAWArm2o5cO7QceYJc+EU1HInB/sFisq9Fq/jB6w6pnzVowYdinySyBsqH14IvDWZsBFW2kaOP4ae1EqTrhnCDDsEs230m0AnBvc4J4yE83C0daKtSyaOhiOZgPliiofGMNd2aqrxZ/rAuiYQGdBYPJe7xjnFj2CssKqMIhCPQTKKl8Tm+tN8sNjdvLC+P+rOaGjZeyZnZqJuNU2s9ftQohmYpzNQsKqZMdhHh2wucWTNCBjBjNvOMVf3UhvdTD6Kx8EPx4mRPCSyWoxOvMO5odoGgFBd83xgjCJxuwVk7Se+yuYpv/T6omfDva/+rEP5chHPA3337q9/9eb737WeuJV3cxTrWy3ykO+4KKGNUX2JhY+HiYeNH8PcjckNqXMwl3p/ZYC48DF/jQNak/oM7JZD+0C34OkjSd91SfLx/fd9MLXvu+96oz5d7IQamDhmMD8/Asb7pGrEL0689sgywyxd7D+1xOybpX/IoGzUowH0x3NU6F+dl4SOa9DnDmblY0g5gcw2syCz7qxyH43OhTzN2bNsQWmXgkdjCtZ+ltN028oE9mrsoI6U1jVi1MMhTQENKp/ffvdtX972pU9LT9E80sVGtNw+X8Qbcc1ZcjKgyRtfJ1iw3VHuHYBv3nL3l7dd2pn16yQFGBdx2VB1gE6idc/iEDszKBFuEwbI61Tm3IHXyaO2zz1cHin2Oftzv0wz2FVPM+EhiiABvZPnxMMS+vgQHRk5NNDOV7bFeOGbRrhJbUOwDuKk13xyde1XhTZI56tY6UqHtsWqY3/VyCeXFYtlDq8KiQsq7f6yFjUnhU/DxjSHGnWctqHehTR7q6z6wAN5M31U9TWpn73z4LyRIzlkgh7jRbqNivTF4Dhlw1HRjTrNlj9goKl2KfNi4ZlqOktZ+43SE8SgMTUaYEvU1iBRZVQ1rOfkeewFy6lhj/mCVhvfsskQnGWmSMoSYHKfWIA65Q9Wzts6WHQ0qa7dKfrxr20qzo9sPbpARRF5tGoHvsYXPxwVa6cPFw86Pt6NJwlFXRSujT3BRzrCIesaPYeGWA+RG/ijz3s9W90UnYB6WZe1bM5tMyG7KZu5TkI55TE+CqIL7oKuB6F4jGESOdl0WHfIX4/1JJ0t5Ty24eWKXgw+VeT1h3mcAdLZaQXzTlMEtQBt5p7CXSqGb6iiB677CtqArzqxT/cXXzXuLtcczakNTKcv1O5Q0MF7tSd73rrsmPyBXgJV3JZYwtbw0rqunIDGj6Q1zUnC50ZO0qXdTCM41ggFKrGJ2gikIW9rmyG3g6pp7WnYPZBlMGlUXzBvHInvLmeCkOE3gq1rX9KeFO4lsP21xSXfflI8F3YXQfMwa1pyPNASz38ttecGOVJ4S8WBEpE2TlhuamQcanGW2ZltMKg3tiLwHgCCxCx5FiggNoYQdc2P26dTsMjJGXKi8zMg5e4nCCWVWHNT/OOaT+e4iokDbVo7LpFWvP432AmNmzIiDsCQUbc8ukx4riMrJI7ebZWMbBOBvlMiztTHV8OHiBWgPWeY9OmpSX9CI+2fV9qWCmeCNBiYbl1NwIRQ5YYgrUOwQXDFoVz9i7LZHdnjpsmNYJipde/ukgteuEgduvY7f3YTi8hJrwO0RoPZKmcWx9tm9xQpPbFyehtR/n/r8r2ADA6CRfohPSTnqLWpmAOVOrmB4FCddjOPga5SUXYHe8msvzxRj29RWf4fU/nxWzbP9Rz2KS+1WtotmmmWvj2+ro3dF1xQoK+/6O+h8rraQZ+1FE3ZSwSesuSZE0fQjmgC+nvR0ZHElNdB4tOA4sXhlea/GjsyBQEf27fTl9r4rron3Aimxgn5tdehgyzFqyRt/FTx2mVNukI81vwTed+P9vEDV/WszwS29sOnu+7DvQF/pDLBhQR1UxKogpRoRluAGUIT70GTHWsfPtRJZ/fKcQxbNVbsVszB9+G5VH76+LOfff+D54xiqt29MtAICFcvb+MEMilK6Wv4BPpxcAhn+4hmPhtOhTsbDGgQhzzt8XLuSRprLHy+Qb7hDPm5PtSSbTY8WLDC0T1/3utL+leMg2HhGxKLdqfsnSbnR1nNIGo765zUN6uubfvFNWGJy5JEbdUc28YBYukux1iyTnMiJ3Dj8eKfD9ylLMDRtnHZLLM+68MavWj+ug0rSQIv1ZeKlJ0AKm2O0QpK2WqIn7pHQQdKuvPJQzyCVp3VP1G5Ss/zqJmBmzEfugTsfSQ/UkarcRMnDZFHsDCkuGntHEXL0AB0QiKNopdFK4eOfVAR3TROVtt4n3uCNSXUKm6AF7FHOrL6QDBqs83m8NFIAYOmtTaMeoD+c9ji2QypHNXQiejFGcsokufCN5qNSZiTQYXVo/tZY1f9SHEW/VpWmaRZSwkIj3648x+YkqfaW4LzqQhWca5+EYU+yCHkZ814Txr723T1VTxetg6IaD0unAfrkA2MgXaBI1T/SsYJnuhOO8rTTmqR1EI1QYlVN6s7UcK/xJxWkrZRO3PiRMiD7RBXJCGYzsVajeLqU7SUD+P8dmRLuN2JJn5XbU7aJtLo12V6UlTpKsG50KqYJdV0ZiGGgJaYc8VMKGnpH8IaDGqRYVnPQlTtmnE8bc6ca6blrCCYOetld7pxgfq0ali6AEOCLU4DbJgP2XyjIQRzZEpQim4Vgxhtg2RlwF4EHcsErunylmoGjYqEVJ9FNVCc7LlHv5s43psdCGuv1hja4fxY4ub0tvxDbq9LA1Z3lUEFvv4sImqNqK7Lgi0ytoPE8IO6Ow7EAJOKU9ih9J+9NTEWjTUflWdIxOdOwcI9L06wb9QcZSIHtuLiCpdrk5dt98qo7l9KnPztx3LVhljAUM0LD5xKV3nMtYaVAQ/leSZ0enEQ7zN+3HPTW2gwVI/FNQAJuvpmwZoudnBNd5LMQSO/vjQk3qSuqc26YLQXheFLCc/Rw5UQspi/+K0iHC9O6ZSPat/w4mwgpkgqKAUQbsyHUOCm9zTN2hHEXkOIR3wa1QQDiLg3LUZ72/IwsmI7HKgiApza095RzUax44wM/cjC5Ozwx1AToI/8B+fZTF6ukQ+l67QiJf+xbM5iqR56ptPdH4Eq768aFXPdsOZrz/pOTw0eNeRCBPOVk30nzIw5kZ9aFsW3vn7dL845MH1tdoeNUReRa56vhW0DjpzX3fwfUGdYV3czo+wSl1hMCOdaiD1HMX+e1yRbUZk6yK/2uKbgxDJxWnT7eLYYkPSzGTLahaGT8xY/GbEHISBtm+aETFaOgXqnSkSspHuoFdmdXPvo7DiASpljQ7b6BTcReCeulQ+TpMmRohvkKI63PTkGpMF7kBFgkgOVX8gfB99t9lspFBrzSVNT9woWGna26uuOR18O4Pupa6u79Z5h93EXFCC2EvLFSsCVz4NN4cCm1W08Edm8Kb+Eczf2oUn9+flwwUfC+Wzdpcm+dxV6KMmv5nRiXVhNl4IbsDYmTFBJwfpWRzTy3LOrc+Ybj1FAWENKpygCT6RXtxHJDVBMXE8IH3q2fAyHq/bqpC2ihU5/G+HjyZPMl5FojPiw3EPrE/tYG20KNy7OEZuNcnuujmVmpG95AnTSqmfCVdZW7eYwWjVxbkHy6YvDM+WSjDTLmaQHzlcz7auxB0ENk9YEtms1ZVbyGGExHvaTzbw1TyGXSI65HJhYgguwfjtHNHojWP1ETWh6cnFabpga6pioTOG+AWqihrB3lxJZzvVZdO/YfPEhck9Whe44pzkSoKGefUxQ5l+SCV8jnepdGXUCxlj4/6iq0jAanBK7Gn7mD9QEVOKfSqM/KbQ+UkmbBZUf+svHCPhsI6HTEzjOdZK1jwkGvDPl+hnimxPhUWojfiBmMVbAhrYmKgiRLB3mltVMt+6M8sj1ixPKG0/L+CJIxGI7YfJxBNuz9IaCbHwZ55xRBOk57sm28WWPGEIfAdLRgHpwl0wPsxEu5hpCOkuA4JInb4buiSH+yDYMdV5hMOI+8jy42X3XmQRTeYI7PgPd2NTrF23XsTuZfx6QbGf5XY5xIi/0Cjtl+ZBDTQvJhypD4Kmc4JuNqmfMIT2z5spxHLp0uMycmPVCoiqTNdEKQZud/F/DYlpjTqHMBJrKdo6UO4T3RByErTW0rh1tto0/ESuRq6IGckiJ+mriJu9FMTEv8FBN7PM9AfGivXZvvhZKSvlsfouRDxFlMPZ8QK/cqZA7rNNRXOv0no+PpvMbsBYjVjbCW5xxU0Ls0sYGPiD7grypAf2zYYj6iC6baR3FoZIgsGNgZebc7TRV4q92bxXyHZfT8fIQTkwZCWuNjz0nMGkJQA48fJ10u+tSkDmcLTNkHWOmKLLGTzwwE/CVf9aqPnlMCwi56I4YDde65l4s3HyX/mja5vaZDC9R9q6wzgUzYU7Hod2bmmNlxjr9lVO8CGBcN4ueEbOUw7MsbYNWbTVtsahqtyxnuzry09bJzFh0mcT3N1aREAHCbUyIZ9JJuWGrInsmqDrVkx8+4PzN/WNud4imJDW1BVuXI+dsqmJKo1SFpYrAr5aIFPQay9jPRTSA0mLhOdsJCXHG8Ai4fIgdUL2GXwCaZ+IZg6bxyGDaeIbjEJ+Ddj7xm8BZUGs0PiSiNxYLxEC1M1O8pA7PEIPl2c8ikIaTkJf1AXaUL2GpVJuQpkT1MzOcQSfwPDfoUEUj+X0hDY0qGreNtKCvPLVwJhC9sGXNowcEEZXMixqK0WZJDsqwwVN9cGsGjekGOn6+0kGmdXpWvFLy0DS2xdgr5TVwyY6dzuaNUzXjj4R7eRqch3D9MY9jhQ0IKiq8YECrZpIfjdcthoWuNn6+mEaanG6Ag+CtauuhbrjTbGS5I9N9+8jQzcPBqztn/92RmlAGVJznwV9/50wOHrddMuDuEAzue+bvGBj2oqPSzAqAMS24cwbHsGSlajiIML5i+niqVjAaPsZWQDbdj9MwBsHE0v8NvFa/dwGTpHTQNGdBdsBZOuemKTADNcyaUZd+Cxm6ambpfplrKEUHuS1fE9rmUIp0WPjmwRn21A3pV3POA12rudN/uIphypCRQ9DBc87FHbj6nFdzmh/jpEG4E4B5bEpxJOGAsCOkZ02F2tqsnO8M5+ivfkDAeWnXetYF8QRXc92cvxa7yQpj8dBGPQmqI2Bmjdyzpu24O1LJtVEgFtnCSvbgHj+i882+XLQc/IqY4MQ8pkU+uhUxn09QbCwf2zKMbTg5WxJvGxqX0Md3+gEeHzTOE2ZCwFQICkXVyVwmLUrdaYtVVKCXYE/hihi8bRcXaxOp3iuGKvANXqUaq77LZUWE2hwR22AAYINdjYEiSGVntSBPyrru8c9LJ61gXSIRNs5L6iMkK1aQIqdq1O2WWhqxZZHxpw0N6eqnuaN8MFKAMkEvDSe0OsEmaEriVWLmST9p5gTWDOMoIti1QWQjOTDHPFlRJ4G76W0jMq9ACdNwLtUWpZchiAR8CS45AAAgAElEQVSmeP2TUKurseYNfOScVZKARBevMPP8cFC5s4vD2lTJWuhKAHU4kA6ls8up455XNY6n43IvdWfI2KOcnKmpgfoXbgSzaLFUq2lpKdu49HmeOyMeOXFAOdYOXP/oOakh5Fs6eWAiaVmOUfYTNWdhvpmD1DWORkenZhlCDemreawj5nHRo6MyMJdTJE/Ew3OXEgs4sdFlJ01GaoJWIKlHIdfrr5rO9bvAGaZI5bNTDlUu7UDAAyeaiJE/lKBiVD6rcCOrxhXdtI+IDF5n7yiKAkKepIaFw6eAOBEAPKoDZo6jZgoO2+MHsZc9iCc05c6Sb4hiRoXLL9pm7cCdpuFBjgQgsKCXVQoz6kECZmyjlRBnJW2nL6Ub3+aQSWYm3ASMNb9Lr/EMmyQ6wId09rjpdcifscKsz4kgEgjWPKgMojJEomy6fOrP/hxaOS4ysdkahICdFHw1nQw2EMOAaeskpUomgNXNFih6CUA38iJK7YPlEI1pNSRsezEWarxX3d6kWdX/v683zZLmSLLsEsAHdJGnf5FcBpdA7n9H3ZWJIXnvfaIegepzaOFupirDkyeiamrmQ0RQU0WoGMYoNHqEnhSrXDZemAgScs18DGuaPJYtfRe7AviFkHkMZ4wDMlmhXlFofdARm7sziW1veFWuQuRR17Htczsjz7u0gNpZXAheVjjDxXe2emLIuDkFoBCvNJLwhGBGMGDj1zx0MN02sAWjqV+R3eF4BVpZ0QSg8ZxtOSSJjRtte0q11o5nB+VZFmULGCI3XJlrpiShRGaEdTIXsCbPSRDDrrDwxdcryiZdXlGRpGWSBz+ScQe1KheJkqSFmK9/CEupmMy8HUtMJ6ZmEuTh5dOGg2h4DiLdXxYYd82Q68V8pgmf5jWxdaADFyh522bagPUmdHDdpcbReKjn4+cQlMv/iwUesycaorERA2WolsAwOvflAaGimI0vXRVgIrZ0OrEjpBM4ssVLJU/92XzDhE034XjKS7MhuoiPUg3+Z5c0BAtiyHKqP+ugzQqIjSScJkTADw/vp/BK4YIWX0oGjy/j4pATEVn3oEVMzwqxSsiC6JucY63o0xLJDUt6DL7O1tD0yOF5aobUAmsYOiLOqPryGZCMEbZIWLTwJYe8anA4FDzJXuBlmWkdJqMdsrHAdFje5AK392FGJLUqhGaGPQHWsek1Ey15oMy0xIxZEjhAI2sZtsqJI19BnQ5COZsXS50KieK51x8vBCLEELYMPN1L3HmOXK+eCGpwY+8xBmiLiEMTGVdeqM6n0rsCHBeCyKcstBiuWIOzorEsP4FcdIO9sfPQe5SWyhpUn9YL4jgstoWDPWxt3DCSnvbin8aCGRIJIk8qW9JDsxYsi6SRtkDstFJcCuefqwuBnkPUdM3OAACJ6+J0FOEDhh7l0mTz4+wP+1Ex5oLjN2RR8fbKoY4dCEyDIppwlcBP6PJemgjw21pmUH2rkTEQIHqxTNyn9kwWlzEFxtPE1Ni68IVDRxqQvxuMO10YED38cSI5Ve0ktA42vDNX1L0Ebz1jKjnjxFuMlTILEU/NETxXaue3qeoVlNlgjoWvQBcSuAp1yJrr4M8iGsnVKCDBNoaNWFRB8rNkARXq7apl9rbnUvdiaLpxkqUF9J5HGu5EMgg7Xmx0jlafBBRFJWGwdt44IAsEY6ukZ6ubKbd1bowQ/f6aAWbPyfKLoABUFFKmclVMK/t0MYriUOleiTTQxmGuXdDgEUvJcuiNET2eu3HWq2HgKFfd2yw2bcDcSjDvGxvNLEwh9HtRG6nApINYdLF5aw/M/KyvNZcWETLw2BQtI68cRkbtwNATf13t8vPA6xiwaIlGVuwM4jBqNkebBsa+S5L501diOqlEYJMpHxMbkVbnlfN4zu43CFqerPOWtqHB5ClNGSqKg2Woy6FhcPWeXXLBcojOWe5Frhg5Oa+WHJ6D081Fz3T1N7ZIlcr7GvmYqn66sHe6ytOJMjxcSoU+xcjsUcPVFebdlzx4QwEqMT2N4lGp4ZOklRpdCivBgyaEkVBw4oFTggbWexhA9UYYHtWpTEpMruIAhvnmka7vl9CMFS8O6ms7e/EaCnKF/B0UEAjvBGUItVHuIoMpt3vaa5KfKwWNke1tbidO/PBiNeNkabIQEttEDYfkSj1nMCQmsO54GFWm1RNLdDJJ/pQim0K2HsRvVnaGyhJtybqw2jSO6GVRpcnMMMJw3LlXz2iSEx0lrbi17MVVYCmym51FzkhTq8l57n8AKZgYhnXq8EvAoWom6dK2Gks8mVcCtTwyqtK0vSDtKmFGmkqgU0H/TiPC6MhLhgaJwIHlgC1KPtnh/zHi0IiCysP0BONguqUsjq8bzKffxmxlCGP1EI1xYK6w6pkLm6dkZ2W4lDRS4oPSdRnezrpKjoOBZcWvJWAhjHvM1XzKYjvb9vX4a9DMUX/dzK6nZEiSKhtR0FgnYX2KIIAOqk5opC7LhXNEVWN4r2YGMbBV1RlVmQxinFKOPp5OV0HMh+I5983ZgAwgv2FmQLZGEMXKIY7tGOZhKm7LbCCT6JwdQDSOsaiOcy6lv56CxcAHWkzCeHe6OLJU0BO+uvgPyxjyG6HWpJUOGgK5IzFbMRBY2YeYiZq8BudicxWZmJ4GVtE57VVQ1M8ZIZoVA3vEdm5QIZdHHN8zyisb9pV4i5bRY+B5aHCeUvAIDNBbq2jSWC0LitEuBzjqorH7gSdJIIOplDEHffuGiMgSm02MRK8dCWSdzMkO2yjEuguAub1NvDBrsBtp1M6VKDl2VtvEqBKH6GJr/oZpWWsJVzNoCcHOWZzsZXKxN22E9NzvEMGdZAR2yptVwxGTN+Ky2DpxwaBnuTHGQ9bIMQ5DfBmo2HXRBBJth6tDbwTztLZ0jaWeJ0SovSpfyBlIWsLlhpHTq0Vsp7jRcmstHWrnqMtIVTQDpz2xeDFh/RbLaEhFE8EgxoIG4amY8ywiKkPgPR5R5pBK+wbMYYs+wTAR0UzcC1iZcKQNVlleWC1L0Kh6+TbSdPqK0ITXq0+0sKYmWFSHogtbHBAI3rwtSgrz5RpqXDZHuITZLyR78pWjC5mjrQQomr0s4LYerRsGwojF05+rQk77EC0RPDBRqXmnrJng5ZNoo+vtm7FLSENhFemtSTSEaQD13RSn2qrPTFRhmnQkJ44/JdNJ5JAUW8eKSmpFKqoiIpfc1BFHZo925K9gADMLFj03k7jJ6LSx/JTC/1iBe/f1Zu2Gn/QuthDRrGGybKJ7BNRrEFdDrLGL7bRxk27mgmRuWGWOd0sBDftYZisbbZH1r0hdWGmPkS7q3ALc/uxRLP5BiRO0ZAGv0Ej4YcZ0ihtYRtoJ/BwqVk4KkVKV/ejXDWbx8dfV/d6+pBpVRh/nAwpndSZdxEmnFI05MdS0qEM5cekNAGGRn40R+KKzBd4C2qpD+ppZQM8eex9YGlbnCmdbq0bXwEbUOj7ZemK08CGnYXiiO6UtkQkic92wSFVNnOMtAQBDVgmEQUR3apKVkJUVw7DZuUryboFf4F4IGgAJuzlLz+q0NNgUVvTIhKldhADyAuKvOUal+GcZuQtSamYeTa+gWPo6Qrh8Hxfo9va7phaPdLAxiBqTafLTGIdAI2PyhYYUOlz13lGgImx6NJqoJM2OerDH3d/qcIqubNKUsiUTh+be83OhaS33UuvWPZaxMSECu9HCwS/f47nrjMm0gN14FqkIOZqccHkMBAZ0KzoqK1LFDONTc+uzHoVzuOznQiPcg9U/d3YQ99qhX4GMid7e18d9wjaJFE/ZuDG9ODIOexfdMJgi6LAEaXr3A6zIG7+SEafpYHC0Vmsth5mupZanP+ro8kvAEhAMSeKOptAW+2t32Chijrs+YZY/rS4VhCEcPa+qFIRzG5b+yjZ9X+SMvbca6g2faFjLYLVWghN2LuxdPIYxQg5GWRCrZDu/5d8c0hXNwdMAx7OX8AUxE4g6Az0BRKgSAngqaGr6tGQZUPtlPg0qx8jbnD7sC0qSoQK69+fW1VasAKQWtmN7Z0plQ1q8DN8sqSB65K/naAloHtZ83lGecuNamQStzgJoMmvplLiCd4cAHTtWrwpKRP024+jPamf5GV3a/tYK1lRMXhjAOzdNI7PGlxTiyJ3sFV03kIGgISMtDePAIELDAZDhWZZavbhWnbFCR01jnchIWNlozi4oWmxYGd6dXuppdG6FtgCJs2fn26smInFa3qnJNomaa8zd6xuWXtrOywSWwWsxbA1A8VHFj/QrRYl0GcPrM0oGXyDApC2No7BpVKqYhWbmmMe3NOEUY3zMwQHTUJBMvZXqJEdA0CGD4TiVkfaGLcwib99qLaaw2RqaEvsN3VGoYC59wwXUsBekUAIrKYiUbDchlPOIdQx4d8ZlOV7sTJ6eCQkaTe0NVskY2l1vCGRm2klQds6acnI+VzDZ4P7oYCDOXNRgzs7WQA3bTJNCJGOxKWIZSg97GzpvmeoD4Fn2y0UhZ8ISxOSInP0Y3lhXwHH7TGmoyEYojl5HImZf2lwnjes5oZlDziZsm17rDMC+sd0kWtuiIYcJ3KxdTlZLsQDGp+GSaGWH7mkCGFJVVU7LKWctQP7Ch2PIhByYJZ3JCMw8jNTBeLd+uGLqjXJjKBu2uLETUgD0yy1GWoCfHoTl03RS4xTVzQxixjSSma91P5uIACRS+baKgC/OTKwNfaarTUE413MRvKZIBDNmIr8eeuTqq2P1zWm7MzSMEAn38lPO9YPU3YbwSNFtHhjMzav1tXc2pUYJsiYGphq5Itu0MACbFk6LsAVbGu23RG6p8+6lNUZLjSgaLMfLmaPYrdNKRfwxlbAKUk9EM8tCq8HShbMNMi6j9OejUHeJ4kXi510WcHLwyoI2SnkvijVAsUpdROOuJAjoiOhDnLXp1WCnKCtkzjNgTVNqJm4XE9ty8ZakOzwRc4aKbPiRiTZsA7BRYPfo6nrLYcBctGWTi3dns6hPYIy2LuRb9ay6nDcQofYGTyWP/OoiYKirMz3cXkTdjOHPtsahzzfyyzsbgxWR/DP1XsbgTqkPWxq+W+LizIsJfyWAV67zxK4qVkdsZMUk9soAochWHG8Djo+VdhrQbVGMuWfobvt8N1dSGLgz6i9bf/Dx1ONdoXF1KDBi56htsk1mLaxAdLLKSGQzTrsoJM9LI5c4zfmTNOz5nTNqxXlictJkdnIf7dA7+UUFTihH5AILar9TgCadKmgmORQZA/pLz+z8uzYMIcE/py/QVooYhhHQNhuWjnByDtiIZEzqqHab1oRcoNrqqCAOugdD3+I72GUhl73z4sBRFPePQT1HTbl2xYsLmVljoc0DNl4242Kce3LQQss4il2bEMqnHn2Zoy43D6jBtaoaW/5c3+uXfBk97fxCGlPlJVUsqDJ1+4tLcw+ARDjbM6AOAje5pXdjZUM5k8MRyzSZrlgn88Ig//4EQuYbCA1WVhBQlyKNy3Ppm4u02zQPgGQ16/5fNszMIHbAZMW1i+9Gws/JNLL7RRbROy0IlZsJZScReVFWuS0/+lYFkVQE11jy+M01P6WzoFtqGtIIU1NpOllE0cYyCWldlkHYKnea4at8aMZCpVv3YDulnF3aO5P9waAYBgGEDYN5qiyyhxXbFBBVhojk0W5Dpcu2T1C1uXtUJ3rYcqO3JLyCokigYcWkZ4memNZYH2fhJGZV5sBh3QPtwPAjFMUtQIG6t7iKtbIbC0jHCmNE/p78OVa3ZtEgB2fcFq7h6szUcR1iCfQrnW1m4TxwKWReCun8EFs5KUlfihaj4jZj0TezSrp6oHZmC/ZBRju2AdsTatgzol3aohdFgCAMvO2+xA28Mw7ZAngKXXjJYr/IfqgcqkAiOG5W2Yp5sltcTZWPjoacF8vVl5Wo0TDpFJkWAdbBL2YiCyOQjkB09VMvdPos9S1/p+F5q14uQsfRBCbSteudVyfbV5lWRrF55uN0KbKpM4K940towwrgnLBrMAMnN3CJjWOTyT8DcjZI2SDimmrsIrSSOeRN0d1f8sKeGPKRoLWwbYzWRg+6uzWdx1vmyL0L1hdzR2v+MvJ8MCfQkz8IYdiwrxzSGhLCkAXxgb7MbMIKeP8CYYv/2Cwjl0G0J7Lw506I4U1Em4c6ni2nBLaJrPP78hZsiKh0rSZRk0gN3Mxvbi/0W/TwMK61I4CmbFXE8SjmORo9KOt0ra4u0tSWEvrriDKsXphlX7kH6+wwiMOGdXYyk2dD2TG3RhtuRnJWjLCnUrGvJsBaN+PIQFCLIF55lREdN9qAbF5mMZnOe+jUI/PYmYq2V6TgMfGmzZhtjgjdTf3CvOg4Yqae6gZiGp7X9voBwQaiTU46AlvLp6e76zACdUBWZm+WLDeV6o1kMSqraM48NFnHtSuekaxPI11iS8OyGpOtfVK9Y1PDTpl68vBzOUgyvym10m71slUfKrX0bFnTbfjsYWMFId//wNmpySriHyRrugSIvbSzvSU4Du5QmRdPy0EOYNFZRrFQu82wc3gyTcsY9OYvVVzfYGDx0Ike4+dfBGoIi/atQo0HDk3CKwp+8vm66zIDRBII05EcwWo05hLEMH5YwXwXzuUbhF4O5Li93Dg67txE/sRXgHJUZbzhYa6fQVeDodPVKvwk9rulWj3ojIdpeXsrTllkjaS/2IrEcE1Pm8V2l3VdC6trCFjAdIEdAd97YdQaDXna8Ki9DpEwiFeArFQyHNacOK5hjnxLyjzVB6EeIwsRBRU5MNE8m/XV1NJgwMTrD5KaLKJ+99mvAPpphZ9NEYYlnv2Be4aaTv4TS1Ha1c42D4vB0Z+a62liXOXQHoieCNpote6hdCCRX9wsvoo05IDKtmQGAl+phKmzTztGgKnfMhLYCtFQUykVYZRftvEURzMXFdgSlh7b6HaQKZy32Imcd/vAiUQVDw0t64IWs4KFIEUtlIJNvApgMYplwtIFUuLiGOs235hY/aFWbaB8fpq2mcX88NwsmE7L5oqNvJkMK38u3vHBPxnwi1uArlV6w/IbnTHohtc4mlpkII514FJV25rceyNLVbK0cOurN6u2Kmei0kjJB1IaiWb2VeQmjHiIsfL3vrVTT4MjKn7RVFJ6jYYDZNYatuuPiGnND2uXoacIQjP7ecxPnF5TVzzXSCkHZ0yk1OKcdB8tQWYZtwp0Xzi6JfIRMkmmwwbOjtUcWU2EY2rT8nWC6cyR/WoX/sadpmXXeEbSsiJWzANhqAs9L+iTyZMWYVx17XnVaQABjY++PDfk6qwZttqJ/FdfRiqo8kA2XAM0kAiY7xRG0LyyV4LCyx1FbMZHt1gaR5FETSOrZoityIywvUo5qfZMI94UY5TE15fIlDvDLZLUotuRKYuAVmvoD8IRVuFOWTM8E0jhBxep6uLOzuyZkgwbI46LE9r5afWGZU4CiGCpGIGCboobnRgbkzyE1xr0aDgznNSDD6VMmoImh+h7AraNYhHVhBayrCLROTIRI9Mf0YkAti4K5vamiXGPkIogNCmkkVodnQ+yrWatpl6pyr8EzVwTJX5HjpeD5xFWdUmwSivkyVbh8G1K0T8ua2lgzQfsfm7kHn0k0vSMLLK7ZNJ/CSvQ2s3TyIQtwpv/VWzWuhAMZ4qeoQVGMiws8RXP5IxJv0jDpssWFa0cnc55aWmdZ8eqoIUOknErjo3ZSrXBCqr/esIUtLZY8qwIhRw0UtIsQc9GmgcKnBc1qTzATTn5SF//mIy7QSEIkotFrO14nbzF5ZDnU5In4ZQBj/nG9ZaB0zlCsqXJtDOifjqYwrUlpL271vKd3Jh55x2Qlg5AP+aJAB21MFihHLVyx9TNaOyNrHXHFJxfuvpCjbTU0rCu1deLC8mSiP8DjB514LfIRLcuIBjPzaNAtrEXKay6WFsNnhq5b9rolZ3i0ARW6X6bTk4yRLIiJytaApbPU6L9rCPge/zIUICGE0ZW20JJcQLsAY59tMHVVDGjTi9GXg0VRuJkHFS6oRzveoNeXZb/bMxYe14AyIAWR1p2IrC2xkHYcJOXht9ijC+yD/55HATzaAVq2lsBw92hu2N2zbX8LFAUKha2zQbRsZGlJFdTL7TW8CRMtXLwTNjFKDs9gszpdmZ/VwBz9onvTt8qQ/SJJcvruVCIvhvQCmEYz0Hf9/ZfVPAWF3/q+3f/ZbW/67UBd9qZK66Rk6yRyAbyxSgHR1cz4xIjNq4Sy654GtCI5vGpL+JgLZKuZQCg1sZAPbmlV20odxg/tbnT/eIJlpYk5l0/ZkSOckF69WSs7lAwo6UxGJ2leiIjstkI3afW1NyI0QFHSEc/os1Sb/XqWfV5emo3VtYoUlQlVuiB2y+w6EQQQnIuwtiRqRrSdSUrSu5jEP4UkcWfLDHQ1b0ZWAEaGiizA4stCSreNMYxbmePcdYNZ+6Am9cB4+n3/LD2agfIV0C4HlQRUVR7U7kW/Gjuc8PxLQJux3RCP9wFwt9FTw8jHdloWHrMfd96gi1ZCi8OhxGgpDZxw17jwa2gnc5SFCb7YgljvER9F0pf8nV8PJikYKaH9wwP+maIgGq1wSUzf9O8yygicYxaZAOOQ9cGkVPw7tCt399sDTzsbpNoeiELEXhO5EHK9SsANl0Ph1/9mFcOnYk002yUZRLnbAMbmkkRwihae2SHqlccNJoNakzM+1lBlpYAeIbD/vAUAaWCZ5zFtioonEbp9cVsUMlkEgFkC1IOkm2uCKEqf03fbFEsqYg9A0+HZtoYVhHfKOhmBhBGjHdG+v03L5Ik2m1XUAdUBS/ehdDJ0MuBCzxXWcJ4aptNU0TTUVOCvDeY5kEg1DLlsAf85iqyJb6aarenFbjkqBGx7LN5HtmocBm4qt1ApOh19IsouiFmcJCIYK0XAHcaBGyA7OVgw6Whj1Mipd/j12yyA0KzHaVguhWcrlFZ/XbSioDMg1cbjMZm8Q9CuBtxsa2ttQl4vjabT5pJkSNwn8zWKVhaOcxEZETNgS+OXlC6r5vOq3/Ot8Nb2m3g2LscUzgUmWwxo+PV9HK4eXdusiF6SuxWI9NrYAFtvu9/oBDF9KxgTe3lR6eDQ25V6gnbenBcgeZDT2elTjv4uT8tCweAESUgCI+KbFd4wWhwSdPeyxkZOdWRRANDOcULfiSZW7umlDHl6rCv+n6SOofel9TKWJZCmHag5EVfDk55BVYzMKwtZJ2Xm0SseNnIlkbTGiweZhC5HE1XeTDmsnPJpGzHRvN6I9MVSVzFVokGJYSGc4QGlfr5rz/4fyU/frNoPE3DIAK+5+sUhV3lUeiWFTsTo0PLstDhYdT0edCXw9FxsSFD1Qa0XFKyq7c8QlMiIp0Q4y4wj75to9qOY56xtoY2WTPmdHPayEQrC2hUV78+DqU5D2WGb680HhdVHU22zTpbWnt0p5Yv1xMAsgBaQ3+UhEpsq66t0gn1RohIYqfIhKk7KgChUA8ULbOCu9PDGdHtdN626OItvsV1H7oR/KUJDvblyBEg/i08HY12uqiUBnrSvFmfwPEBF3zja5ch1Q1JWO1yB9LRVcD+bZLEq1yr7VruNdQfgn7phzR+5z9R88EP/8OT97r+/OuXX6UD1rs4QILzmp34F00OpVNkQhlsNo9FFPAhMzOUj8PSy045YPd8mjqSOlh1LkC6QJ9eoKWJiZJNLQD9rfbICKJSkHFV3HT0Gntr1uVhrbRmgyE+th3pYtGjMn5Cp52FihlKf6yBO2Sas7Pvy3vPeDw9v934p7QGriOPNg4I9QPAOREVe8hnYwhMsjFDC+vujKSTcoCGmIMzUIQt3QrvNLDY0Fjpa4imtTGaaWdAf4TDEYAKep0SFnDi2mzjo0JRQkZwfG0l9j8zsTm5nWz2kIsWCr4yNCAKQbWkD2AWNBdKkhfUZlsjgpAjPkvcqOr1Uy6/ugUqdvWZDXtjXcnsWGjBDUymkViXfsr7m+zDxcOtKwd/IcOIKca7OWV8J5x7zX3hbwr+rbWXkhhHHO3FDqscVxFR8Fi98XUjsOOylEBw8nZFM5Hj5YU1x1VG+dsQG7iPNgknXyPIRUXqJZrEv3eEyXKByNYiDU2Q2c2gLRg84BSHxt4oZovZqlAY4yAnptVWUa8ZJrMpbOVuHJdgjJ6XUXCTe0VdE+1tJbQ22M6RMGkbLzsqLJp7lWby5Y3I3k/8mxwbTgcBeEpOa8S4UjkRh/Hxn9U4VpESpEJeCwMRCgDbrLSWURIb9PE7M+eKyiANZJslZkl5kE4Z2A5GQXqIj+3cgOTHWpjrHHGIl9yktxxFgBkdhC1k3mDBBbeQD7bDITENDtIwbQYkQEMv96p1FEkaibUTtOju8xwOEPY0eEaiooR+1xS7CS4yZnBsJQniU6ZwTGBVzed2w/i2v+Ce7saq1rSijYhNtG3TTwk0RqUwvlTWS4nc4cfRhIVUYPN7snz+oyFTAJNstEO080NpP979o2bnjy1yThCqBcepWWNIWoZi46Dj9Iu9PePPVmDVXuzxUeA0EYK+scew050TXkZaSqsx2j2mM/wZN7EAcAuq+jsBR0VxJOVVJksddbiHfZeGbLYDQGaGl5og0OrtanzcFnV7+dnyTq0JZ36WSDkcm5X864ODu0tHSzrYVqCM7sqeszkTzhM2pjNCymhVT18OcT/Fn5/98TP/U7T7CVx+UCReefz51x84OzAjsdxts0nXyqpfGTicwrDX3EGAzqH8Su8SUrAACCDbuGmO1B/jEIbUJhRXD7/saeQKfGRQsQIiJs8NihCeakRoHc2DGTOqDQhta4wTw+N/awkByTbhjB2TptbTNK0RW12dJSqOIqcLHf4MqAc3+nhz2qjomrPBCHf6gtCcxzyNXX8sRDIEt/r/5h+dVUgQXDIgbmLNkk2byoepLmag3+ohPbPWwghN3fLAZKBX8uVVbYBABVwZEl9IoU1dQONMuf7ywGA6I56i3AoAACAASURBVJ1Rh4B6q9man81p6Ps5Laf8n//4z3/9+6/f/uOfP37+nc6vwv35y1+//sZ/Bfvd6J1Tfi36T/7gI1f5e6U9JhUPhk0Wc3XDZKTp+2fD7JnD7iCtEn3lokuszz7MlY7vHiUrnSA/hSy//MQzmCcjNp5/yo8AIkAsFUIH0+a+vrypoWdP5JoKpW+xGSwWqAT9S7tgBoWF5J1pujUYDrvmeqg5ElYAPaCCJ/d2CXHWiKxC65CObOUqlZC23J5U7ZWq0eay10knlihVCD+9vUEytkMmFi0bEuvcc58IwUc5SbVaCiojFES/JN1Fbzkb50FrKQ7bqvlahUUDY/m20xBK7F02Y8TeD5zUuFrOq+pdCDU8rTOZVVIBxElMs5JaId0Bs8+c6G+K6amdLhx9yFNCFq5UHv6zoZ+bZu+eD3BvNpQsHO26OonPk5ZpMrd7qffvHzl1ClxxGKnbzKEBMSMxPio1kd50QZuk3IvSuZOPWLx+JDLnQUTMCsBqAGNkkZShsvOqRk9RtuNXBqMjtCX1qFcs//SyLqH6H0eHeCytzeVT6LF6VX63FdqEXdUIMsJzVIHeWaNAAqhdd4lHq+D14NRsbbCpgEJH4hm2Lszthtmoakvi1gLtLZpRUpkgRoaitZF8GbiKNVLmi4VnHk0RTE43fHZ/+Ga4qtEW1vLw+detmUpWWv/SBMhdwR4Py7S66khvEczBuVguArRpahwdALCrfEb9GeSpU0lJdfh2ePJaGREQy8a0jGnJnD0ChagBeWdr2+46xbpcV5pYOExGMohLa01j0e9gU87hLy9pIAkxS/04Fy24jmqiy0Fnz56aU/t7awqMFUZKLy/5utPb6Tq7s8LbGpuxm/tRp+UDXZ+xGf3ISaeLm/NW+/znSJ+LLJH415zWwPVGz3fO66qNPx6bzwYJqCChZ5GtS4bKPLwbq24zCkkgKUHP5JLloNOXCh6MqJyUZ8w5puF8yGLEna+GdB3ETqIUkR8vNLmbHjbnYCPAgIqsQIvQ2ZWqNbCE9hWJvuIo0tbAplAHrTA+nW4WcoKM6PUCvcFTLtUmL9a6BldmKOh1IoUlMbFL4pLUIxDc9odmPN+6+QHqGGFhbPzF5dzsJGinCX+Gl5xYwn765ed//f77bz9+MH3/+NeffMUC6//5z9+pl9/8+fcf4kkCph1aN2ivrEirzdIl0tmWhzZ5S0OADcuak7Cfz+aeyYewBGfJxZj3KeG3cuPSaUqdkWUOZYV2BFzWVklulobIGqOVSc8CO8uoiZenzn3MRInCDMpgsobmU4RARIfy57SP4ezwaXDyxWIVciXwJnKIhShakhObZxkdGxi7KLfYgd1a0vwKUie4eLJcKT0bFPJYYSREL4OP2cxn5WjSQhT4fFW5IeVxLYUbm4x98WMFQi+aVCxzaCHQU5CfglcsQZ23L04hsjOgdyoW7Zf/+//5f//4/Y9//Y///OOvP3/7bz8sxL///dt//Pbnn7/zYRUjx3fV/IJQvzy+KA1wLEfM00mizqCKwo5exIyPlY495EpLR5ffAPpUJa3V01YHD6Z6m04PPSOn3e4jT66tD4thEIuuoM1g6ySJhIByYJwVevp7XPAbfCf7u1q/yw+BscOg4Rk+XXJxonNYCND7nNa1yVMmKcJVg17ho+jsq6How5SO2ycbkb/cZn9pQv36Eu5CiWfcjaubI/EJgtAE9dpucUInK0098fLFCEcvPcMQLPIxe23hN719Waa0TRAUFUAeUZoMzJDNj4ezx0vaWA0i1QAGxzdyMDEPncSpwR5TR+BIa3IGNDzr8puLKkE0v4JWBGk+TJxdBXXTzt6C6qzVynMMDIV4QT0UDXCrQl8XQ+59ElHpGh7c9vFWqNiBEc9usWjFMyIRSKH4Y2LiucZE56u5KHW1Zovy/MMT4zhENwPBojGXwsxTQRDhw9aOudsPZ8FmU+aqVgYm0aFiawDLeJaW4ngcBdTo9NYys7NVVlPuavOs3NgFK80i0B99JFNumC6uczY9XmbAoYEPNF8L+m1GG5tThG8pGMhvXcXtqEdFpJ7eVAnujznIiZ0B4r0cUuSSpV3R+rkh0X2QBavaGDSxdWKT5BL1PFxKKnDj4MpkVHojwvFVwKZaR3GT11B0pPEgV9yF0hJUUt8F5qhFg8SqjIkHG9SYCtlT2SpCjNHw3vyCOVeW5icc8fgZF50fikSNA4Y+9XAtjhqzcv2dLgN3xdQPE4mUUFYDtBZuaonaORoEu2nCiNCFzzoiWfimoa/m0Lr+0IXiC2e8ez8IN7l3RxHLRXCvFSJVxlwvkWK2Tcr4tFMm2gfsRpMS7O2LFcJ35a4i4R68vjW/BXLSHDfVlkKTrzQVzkkx+giwd5KbO5hWgbvAlJjzo48ttbZAwMTq1Of0qGcBEqraZG/VcD0X4W2ou/R4BRG0YQ/KjpDF3mzQsyjqaDevpYeZlx/pOq07tTQ1Kx2qK6HaMl+wL7wycNR50/9n/qAqNfjDX6r06/4//ePX//brv/32DwX99V//+a///n/+H5wpUgCSh7E5vO7IASH8krIjyzZ5VPGSz/HkFBr7fGa6YXiyVw8Lu2h9RxGERb+rXk7zr9q+mMGE3UYvXpwXYFj25pdj6Mq4MxodE9FhdzBraK6jsaiI2fB4o4lWY9XoK0TNmOaasjIJ0AuA55CXu2aSLiX6Ef+tEWK2orgV292G3ZYvXMgLW2LZLFRLPxyNP2KbF4MJB1+PHXICQA+YOfk90LUh2YKrxqXbH62H7jQckjDofQp1q2moFpnTO631Rvs2hWw6yN4QuwwkJzT/mfofP//3/+P/Ysz/+s9/8dr0x6+/Mnd9p4lFws+keQHAcO6VoITDv4Oo6pOBLQUptvxDHPNNEOOPRfXU6gRa43ddaZUiYFcZG3kDT8O2LWZUxlrH6mEojaTGemiuUa7qdElh5ys2bYb+76ZotWjiC0VOV8b1PpgZhqzCYEbtcBSShyZmbGTlU5SykVY/Ops42pbyrGTiIySPuuUbLDs3FDcJQpgF8lVRe12ryYIfDlI3M1wrbjRD+xKmFCJjwf6XTVlJBbe7JAFycbe2p0L0AkfO52tqv23HBrHEu6fZUkihRsmbBgDnJ5yb9lUfJ2OhVeHhY5BhopBTrfyezlf8WWf6oZYsxMHSTyTDm3C7tismnmQ+X9MdCfZQxX1rzfhhjaTnADMazef2FEmNek72dXaHqMu73Yd24RJhoGcDlLsElbzt2k+nWBFLUZ7sT7LjCqO1xQ5rLBZittXBjC2x7wS5xfj5vFxC94wbJ6PeuZ5PXSl8nsHsdIkaHIYxOgXp+qN/FD4TorxuNzJmoTe7mKqUgELZf9sLtyJqq5s/GvlMIhJGECFhl3J7sxOdnp3oiJWnvp5zIWqhwxcXxbhEJDxNKhURvaNUxSbhMDL+iM8zkzO94b/zBajB3iJylqE2wAiIhxb4t3LLJi8b3wjQ/krTgdcLnpiwWyUYac/rIxbRiiWMvXz0062/N/jKPL8+4/puGRHLZibzvloe4kGtJ3LeSr8mmuk0p9B+DEmmCiNpQuRqhBJjfL3Dz9xxSNs9Kx0f4O16yGUXJRBFMdAIWhVr6v32gBZ6YGKuz57cfQO+DC1MKldQpw6WMsq4yWOo+PyX3RAVlnlpzHB7Kx3UN++a1dYKF6xAckkSyvg4kema0GwtRNYRod6g3Xv5w1L9t2CdeuXTvNFqvtvr34/HOQ7/s8duBTpe+hmFnwbRMZBjDDcO3c8IhtAADg9tHe1CyUGqyg7ZDHYSxoH57DvQpvfzz3/+iw9o//rlt1957//Hf/uVb8D8/ucfP//4xbvm3/kG0B8/fvz6xx9/NBdkZg0vS5DpG3KvFWMuDTbOkRRbDjR6m4TSVvlZLREnl9sWV+OUOA6Gobu45WrTFM3j1n4ml5s3+DC6iCw60cWusQaGj/GdTsBSiAp02Bz0Z+8k5RBGwmvLfdCpetWN1bNVXTQPdv7iE4AjInTbMLDwxqMgHS+M1HV5gRQncaRPSF9x9G8RMMgCOSQ2q4JJv9mxkxazswsOSy7Gb4Hb6W/uJhmmsQqLRB7v+VjJhHfHzUVtd6Jye5tAlIngC4ucBk47nrA+orhOa4/6gQsA301zrH795edffueTKf4Y6C8//UEDd39rg9cBOPG3q9g7UWSiP08g+c6cOdg9qWTNR3IZpc/Yqnru6EBmg6BVfoeCT+ObM5b+GqhQD0UgHGXHwYkgoFIlKxU9ti2Hby4myD5/1Tezmkz0OT8kLRkAjw7tvhSINZp5RKcZBqj/h9tTrqqMKR22souns6Vw99LYccycS4ZNTUuBw0t711e8Us7+Q+mR+7ipX0S+qnVpOTVaIBq04syeK5VBTciRWGRzcmW7cNVBo747wFH/kcXiga1eK8snh6ueoWFSZQTSyRA8nQZb1KTKxgExhF8ZNG/g1FYTia7OuniP6xiBI/0xEOMB4pR/40hA59xyG5BOY1I2txtbKMJcp6IDa+aLM9kVcCbiZnIefK7LL46ctwh0eKu0al/pQpOOQNHQjq2uAdlaN8yH09sZRCvNuNXNDo3JBZONbwcMgnDkolUHTb6GOOfszFfDLId5zcLqtrP8LiGitfhhFTAxeM+gCl2hjfzwvljQim0AzL7mSDFSGJRQThotyen7d63JybyUo20w9eKB9dKv2WhMbvqUuCLoXh1njQE4S+CSveAA+pbxYXl8YQKzW6YxcVhbdWSMfo5FXPoS9eLAJ+zyfJt8v3phqvds4RxpfrGu0P7MRPP8hmCBylSUkByciwHBab10yHPBKB8/TCi/CDxvMaXoWonmTii/964hzmz4ND/Izx55+TsjFW8WM21ELKrZN1Qi7sPAXWymUimQ8Mazgmy43ynSt9p2mzLLTU5uq/7iP2hifHcdzhKJ+mfHhygrsdhKOpKha/oVeCbVSFNtPd9oXhLFrVZAVr1wydsKdhOE24KN/mbq/FRdsDAMF7LOoGVLIkbFVCU7NZzzTbLrYlFcLfugSaTKxzKvQ5vKxePTesDm851cLtgCjpgk9NBl3JEtzOzMV+9Zh2xzxjg1GZrq+NHHMnMb9tI7nPqga+0wraXs2QCFfq9sATEDR2TJdz8jDlIts9lBxKeJEn09lWp8kyaX+L605jV6ri6LRShx22YJiEN8tEhkyJLD0HHb67Pk6CyUCEORvkPMtzKZk1j7N1V+cOr/yZMy/OuPP//514//8EsWf/3rX721yq9dMoOPhYAfNpZpneGjiQyoL2MUTJhnuFJgpGX7wHDiBWc512d1cZVa+Qpg+EKxUPE9ptddPa0V62aDJoMGyPOWxpZ8MGy5+vitEqFkAIxpNQsanG7HVKV/UfQuH4NL69aVHdQeVd6rdmKJrg2zBAb8DgB6n+EarvGIdJnExVfnhrFcxmf7Fh/RnKT+oDoTycZUDWY15rz8hNDekP5qwHD/zbeOt3hP3fmekdY++G/qGZONv7dajdCZg4lp2+1hTARJojfM3D1gVYdks2fGND3ZTOmmRGK7idazml4J+JIPv5j8828urnwdCCW/9vrnP/74N/OX1wEU7o8//vFDSrs2xEDPV/VNhTtTvtOAraRk/O70aSPpHDE+fFY55Jotu/waz1YFLx14lT02BymMs8rCXVGU/E1NT1SK4eAbzB7Wx2rKvL/8Hj9c1R+EdEwxUQfHIsiKHaLKPblUNdSbpB9xhMX0UvN1SmrrRJgvqG4hvX3UMXKL4AfJArIdr/nRWa7J1QNJvWkQeG/KBHNsV5DsjjeKYGX1sM9YphePg6Xwp4g4tUycqHExrpMeg2cpHeHpAxX++sKI7pBy7I1iHcPXS3vQVGt7MBZTew9NlXW7jOhuqC8CgWifFxC3somY9UXPQM4xxdgJhIlBG74RG3oc5elph6FGGLuV5XWKGh4T0mhYUfEPabpzPOXNMC1lcgyJEIa7GnFDdgYHXDrWUioWoBXNcix5pMbPWklFpTFwlenqj2JncSUpqWqhzSFtHDY8D0Tm0jsjIbVmkcyrKULRxqq9SbhZAn/ciOm+gCdrfYNbCBStY9Ew+FBCvKwJoTTycrMIx/+iOHBGUE6waBqrIcGDdsP6xguoguJT4oykH/zrrDWzzxMtHcdE4hpBAlxo4cRl80QeqLLKzphQLMwjY3xsdiVDS4++j9Ulet4Z5A/OEdbNPArOXkB4uQ4YMvF0lHQVMlDQGrSd1YoNtiga3VMJJjEi3kg9Z500L+gX2rUKJcd4ufuAVktZamM8rrOCYyR/o8xrV9wkAqnRhNpjHjPdQ0E/Ow5YuUYAtVECrPgYlGhBu61Z3gZDM0CdPykLVdTLoyzcQUOnUq8uBkMed7X2M0Aovt1nMDL0xryjuqqleU/dW0AyjMZz0KBw2h6IBmSQMS27dJraWg9Vr+ztl5MZWCpcmmO9DIMqVlLiYH1pJvkKoPLy0sT7kp98d8RSG0EtJPyZO4duf1I2IM+y0uswbrMX0miac72gYd8tubB1O9JySqjyLbBkli/71YSeXdmwadr/PYmsd3n5VG7/NdKb046UkQm/TPAVAu8fvtjul39LnzssXg399RNftv79959+/Y3/LiIlSis6DtEpSgiiuE1SS4uJcZDvZkzXdon4FCkfD9TIb3DQbLNGIFiE0uI84eXIL7xIQPToa6H17ZT3xGSnpQiNiBGwyhCHrFxJMISYA9MoMmsidJiXZkJzyH/BG0v6p5MFrvZeDo0ZLtrsBYDGWoHk+uzCmsDd4cjILJZjvlPuAnGWb7kxIo54OPMLLw6vnPz2HFu7wLHh1ZFmlghW93t3Wmwpp0XYiGAipOfBS5nGwCypoTgyw/yFtvcH53yHw6Tks+Ci0ZaLNCtGrGg6PS2NBkXNJy3pka6sPBNy/JkXoPxBWvL6id/6/Z3XAIDyDg/zEWuAiPvroBYT4HgAbdOeu5FL+AbKVJgkKLvaZyZgCBTC4dKgWRJZv8/fLxhh8nKCBzP1ethbYl9nWkl6/HijWFKmvaywMIqdouRW088THGVUmIQXohGUaG6wcLHTk6dk7dW/BP2NVc3iUaTSlUSf1QhVbo5mdLDcMur6Y8nsiTzsjjtVb5rFM2KOmNGhghn2jszUynuBpj9Jmt9b6PZ7wFWDWWU8naxpOeK48q8Y6OKZlZZu1oPtU4BMcFeYdi18rkH203kPdO5IiApQHG9WnJnwm8mmJkpGgutefdAcgb6BdyEQnfx57KPXihqOc9ANf+e1/3397gkbNhlAC6ly40mTvfWhXZykJYdFI+nij1YX/RvwIewrAkp13TkruASCR+VmbzMHiCu3gQVEuTdSKocCNvggxqRzqRk4Nnk8mxfGaC/1dOa2MNi/ODWA/ECI38aBB6Hso249LVuAEMoQk+b38++EVuNEdQnWl6foerghgxaWab/iZlG3ws/r9h1uIMBZl1/vLi4UYgIqip1NCcyfoP5FSsNucDFZOmlYXwNDj40jlz5HBMo2wp8KjBxzwJNGE6NSEZq6clq1Ltm1bxEGu5IgKxI7F7CKSlCg1BCLqtjULGD64lt4J14ru5pzyUly+RjaIY6RXuOUBD7zzheFxwwMsHMDz7mYFwZg2Tf4TQShSqDEL8sRRnUbYjenvneJUovhmmsnmFUJ2sRebFk8L4N/TEUSFEknmUVUlHnng86qgdQYFNu+OjBBcuAdRvwzsoIK6BlOFvU/Yy4IqMFgZVddp9/e8CuM2NjEXCtRij4mMHVMviVBloUUUyptejan2MMEWeQN73aHNcOScNvSLWySxT+ImSBffKePbXrjRFTOjhYUCrRCnMFixQVbx0SC3hIwSQOUpTcpkYROfesDKp1uI3RNtIbkfIfxhtqsW6+tkuKmNsdeJhTEmYBv2XInnpW9hi9LEwAm60w10o2HrVzq6we7UXFFsxJkpVxmdzpKZAAHJDtOHiw0lU0maTW1ewEtYgLxqBbAfvv/p1/3tyD080aL/7b61x/8sfWWC4z+5H2D6AATEpPVS6cVeWUAGUzhlbctt4lMk+jL91HTatwjWfbpZmjum9CqeVKdtotKG4vG16x4uvDRGimaM3yMBOHe1VGUpeBmcAU/GS6qMcT/LHbcCYBW31ExX7sfg9f7wPtLwF+d7EP/klm329aKt9PK9B9+NrtxGvNzgqiLsKTYbR30VHBpw9nliIxalS6kiJk206pQn2wQbpgopfAZrcBdnoYLVyT7uK/JXylcSfV6qZj1ArIHb20OWswugy97pOLipYlKAH3L6sdvP/78wetUk/rzd76dxu+u/MISx6tCfZyv1RAHEzPaB4rZdWMlrCONgVYbdIhgmqSwNAkehqY24i4bPNCZCB3J0f6Sa5l5iEYg3Akw5DY3Up5xpncAZyJdsfJyrRnVAZKk4+OMA08b9wJstCumVMokI3pbFKy7uGUbbnF6BfpyAc+8JDXnggMh4hPesiT3n3/pzQmgmWYLcKyskCRk2Ip5CDtYr1RmAQykhONxHmbFU2CeAXS/oDAIcXke9Be1WkFP7fSHR4vdvW1hGMNz+LufFAz7dzk1h4Bh8zAoD4dpDLA3nZng6iW8eqhGJ3/Emht3XjaTdUnb5GBaZcNu9cmi8RIvBzHSN6jMdjlXu1wF0EszJqlOGVg1MKiyNcglN2HT2atUmKk2ofi5G4am0W/aa1Mc8Cum6guuYX5ZrPrqBJ7ZmdovmuK0eQ43Z8Umzz5MS4vCMdE5d8PhvwuzpsjbaaL7h7DBT2PpUlsCf6SnHm8a2V3bK0luSfUXv5XGwEZQ0jlejsMTCtWeQuWnu4zwikm2eSOis9XZksvlMsel7OaBxpTUC35s0TX6zqLDMyMsxoET0rHvB9tHq0nHp//d6kmAzdseG7h7ERVlP150pWTKql0HkcAhZrzalZeR8IGEdXFTG871VRpCWUYHj9gICI1PL5j5sy+mWs0v+FmkcnHEZakIogBblQNt0MfP+FdGDO3lt0zoL4Np3Jeh+4ip5udIBlSnFy4pRdTo2Gq9ruOkZ1AlNSDi+4ZzugrbZxxWQyg3S293SBK8aWJzRhoeuNds2nudlVcXZyzB8Y7APw/EwYyh4asNxiJ3tI4sccKYMIjKCHUi+h5s2bGn0LhiAYhdXUutIpV31nncr0bYbrxeSAVuO/YWb5QMHE5RnDOY8CMLp0J9BB/6jHptgaTV0USRjlZU9W0hUfjucFpuUb91UlxdgTKevfiNpGK5uHtmTSoinUznpbnYFlZ7LaKn+1vPFBuvkXWc7NBFaFyjGEz5+tMjEgUrJwiD517fvEXYlr81wPoBC4mtQnf8MaDffvvzn7//9ecfxOBe/1fu/X/58cv/9t//RPLHvwjbGBtOLp6vTyAm6W2aSUdSHZd0JAokfVcr9dmk6nbcsXPU4r9Mff9RligafZ3Iglue3jEUQfYXMW87yh4H68OtCqAAry6+1mbWWkfrj2Uj4pEqSCJu8VAlXJLiqU6SYxP/PBQYJ7R8tDPoT3wFCEXPFO02ORTqlMiinoEokv+mnU22s0LAhCVuDWWZmJwysxZRLWsczZguRLOhprZNhXljRY9PfPit8NXJ8RbJu8+FEFmAUiUuEGVOMC4FN+jIXz43zV8AYcprO7DGhqOh6Ig5ZZT99Id/pYDkx3/jv6b+9Cu3ND/943f/LtXP//Gbs5X/CFBcSemJGy0J7iii9AdneCR8hcgKYN9mLclDhzlpc9dfgxtNhu2sp693Pr7F/YZvMguuZ5zwNZwEfbalIAEDK0h767sAlwKaiggxQJMfkKRCHVznV6Gr41obCU+nuUZM7OpdWICtTxmNW6QjHnJWfg1QBnjyTHQHKb3h/kpPE0Ji7PSDRuOxyEibqIXQ9dJSyws7ZuwCtA+n9TRLsdhW12b3kVFmuLEyQXOMwbkIAoZnn2LMsTaZLUB6NrIaGILENh9DgmSvuBBPn4kdul5DamIK5Gci141ThDPW3J8cj03eFqpSpKL1WGBp3eO6KGEgFfrmlhXOMKlN//5JShYKsB2KZtrBHt/u3jRvE01wszG+PlC/4JnY10S2tKLQ0RYWPtXr704UqeVm42s6n1AMLTmz56xrfpFp6tAK/6jQdlJ/BaQDpYxofVXYdanJVvh5WBS7I/8127RTE7ZMj58s6qiOmMEurSRnoJEgb9Wz/mX0qGInUQJTvdrirZIPOmSsIlL5zexzqzo/AY0koTIRNlKvh9z5eqOUWkkzbMnvFKjm44WrQa+IMkSgqrEwMNu9GWh4Qy0/5A+iYXFab5H8GGDoz41SYfQlA0xp7JnJKKDtii/QRgUBduzCuvnu5JYJKojLCHtToyELoS3MjpVoOAtlFI2ppdSWhzIc9nOiQkvl3ljQQyB2bF0lV7wiTZXr3qfB7jGZAU5GA9YwLOVykGoHxUacTGdipY5Z/OjKXAAbKLyq3cqCb0K1ehcneHkIbaenkZWMoKyYt+mfuk4WH7mBPtVSGiS7jjnmJW3LhK2nolXTpr2IRkqSy6fscsbO/ARkAvj9fEQ6t1m5GQR21k4KPEs36xwczFPoK05Pp9Zyt9ADjI7Bs0l4DJU5Hpp6CBKZLxwQ6v5CPg/GntObewmVxTRcQA65Ya6TUJMVFbzBYzLgrW0jJthrObj4ZQUYPCpx8Y6QXA3jVp63LOQz3sQw9M8/fvzgL4H+81/cB/782z/+/fs/o0/CXeAA8VxscDzgtJGVgFuyjikNimIpLI31z3xu3nth2MLhKPjHSvMSYzEgV8Gtu05LEVNa+mpGQQt/TvQrJabC9S+vWkeMQzblLVTevRikKbSeMbB56EXBi/Srt3JttBCjLo5seeDqSGLfC4Bvak0Mse3T+lY5NFfcaV3gAs1FJsi721s5SBuDuRwhLLGzNuLicYASyr19QqHBY9+zuVLc5owgPTTChhdU/A7BiOSht892NtSFl00OIgAAIABJREFUtw77J6h1vaaTBLN6oaQZnrwZPnaMnAXn7P/nv/guUGn+2lThIsu/CPid08txz9HI0ZTFF8vGOwtXtslxkbNu7Wo+wTLIIwOxupui59TQeDAXZ1bJnwJ9hWrwykuNXhhHYi9FrYTupxmlvZJSXCBnEwMOeTOlM7aey4YRoWJZspdh9kxCfwGYbS8D47Gdwm2FtymFd8Boo3LRdEpAuJ13V0jPJWuOfaUfo9FKbB16Hf4WJsfQWFh+QHFGLIFEgq3OxSyDTY4c5x4CFTjauR6udVIOLfY1vp0Ci2Kknuw2Fy5VxG+DgwQuCLztWnTYep+hndmUfE4WwhOfA0J1tY/DCxgECqaAr+KBbRqYS1XQDbEbOKWIS2CzALjEOmgrCFNzS+A8LYL+TIo87Sao+zxfKPmS01XLhpvrYj6fKpu7hBOn+hjQ20jhqH7xo/0YaAudNI4QfLeZeUp3cpH0naFlrqO5nz0Hmgg1Tx59w2qJHbfMsHcsErge560DsgOtZ3/xsSjCm1W6LoTiD8NhKNHAE7MxD9kzMUNRxRXxs38lUv7RZBBUxd3VBzU2psYS9wAnFLHtjq+LbM2GaOHLOagPiUQfyFfUb1hyI4nL6dHUXwWGtF5MjmtWQTsfQJvnMwIrLgkJblaOHCqfB9NyaRjPnece6MdkmK0i1H+T6VPo6EgI5N6uEbjqHZrBW7KKvB3eMJJMHzP3klhmEXVt2NgoGRSNKDKLsEPtoJdIGmdaCmS+R7EiaPIyWhHbX+YcDFkxdGPL/haTCSR6YMjTnyGd75LMb/KNybmleO1qXKedeDT+BtuJYXWOufoZJIjNK++KE9SBLCOrsbgedWdTMukaSr+NeABaI9bFQdDBnQl5YF+5GSYLE95c7CLrj3M8ucFoA9PVSENFykbGtw+6en7kjbyBvfleAQqqwTeunxvWXXy7Oxm4vLvMG8FALyg0mCFwbnDMr4T06kogp6Wpjvm0O93SPdYRamTMajlwFBKSWRbwbzvFD1CFcwYif/3n/+Aa/eN//w9fTUtZEn/9839Kn7+u7iausFCUq1M8uYLqJ4WoPfGOpxUAs/m013ZPk4PI59qF2YAC9pTUYeC8Q/czH0TV6aYdS5kooD8q4+atY2tY+thQml2hqpLFKyN1hqTjZwR+0LUTOieVUh/3MXuKuRV+ahTRdcZo1GKjbBv89r93VX08NJMLD8fftxiI/3xclD4dxCtHMWHLgFE7zUkNRCeWwL6bVoRSXPEcbiqlVeAOdk17SEOWIhBovL8huNzUaZLvdQAWZg+a6C4Mpm/T9TYRdr2fsP28w42Cwb58Nhllwdb7/Hzfx79Q4K/+/vTX778THQ05OEJslPta9g78K9w3HbamWdBn+sgIZO3MaTU6M/Nb6YT/tmks+LcCBIBJEw75N5XGRo9gvFdS+xRdVt+26/UfEaqNjp7kNw6G1XwcaBOZSx/fKT2rsLAfkClduJOc7xDaT9FIQOZDx6Lbu2QMyE/Bj0ChHvp1sGLD0HPKmeV8/XJD5SR0Ai2lPpkdmSpRyA8WGF8R14mHTaA4BFNM+9afByAfHKUZ0xh5CFAxhT3cXVZIa81n2GFpM2sdtWJY9nhyxJ5wnyhGFe1mnZALqox3oupongloF4EWIjtUiRgRGi+a0+lkznGwfRopecpQhG+ABryTvxrN4SAjIG5xFsDAgkhB43TXGT218xE8mwTPMiHyA8kJXiy3s6fd+pVF7h8Qeraf5Te561dXgQwWz8km1N6obUgG4GfHytvDYz/NjVhNLqQbPKciMI3RdzinevxDdOmjyJhBpk+SHalxtnCr0DfeoDsoWbgnNcun2HQuuEfcdynSfAhlEHn6hxI9bBkSWQc266JfszyMw6ZJZh7R+8jMHYqunDTZvpaRjByHj+cMcs8Lkp/oVAtGPUK2TZ74NmbeZGjLgxRnlnaF6WKVgSb4rUQGnNNCe+8NQ9Rp3PsUCJoLd/afouty8bzec+7lpQ9d8Xpcw3o7LvF9qUcG+CwtnM7a6SmcuZaVvcwav8I6Drhws4lCNf1zu44CRVi1EUGjb5NzTqfmIEw47Z58kitOXNUo5cnjplTm36IZmo3dTT5Ksc1x+ihDR26Fbtjt8XxYHi3V3+IgEj7v4qxOCpK9Q/nMCofz0tVyLsi7ZiDbUGiOiYSYZQ0JEqTUfDey8LlBsqYbx+JiDNxdmcIRFINgjvGQKo0U6Grp0z0Ti+DAO8IZtQ5MnejtSsgOtTO3XiTO7hstDQzsF8VMfA+lNFUQsxyvIkqQVzhpl913r2uvAnb2UQA3edxGsRjz1/n4u5/+fwD/F5iFXDIww5h2ZNktwfrGPMCahcfBRxltD8Ccvg2KNjxNjVYJtbfDnT57BoSdp46mZ/ESc6wQmaWDp9obiaajTQQfPzljpF3mJSPfuDvyC6AzkaU6u9sXqvgjkWvu2DX5o5CYWDuyb2jFeG40DMFD7rdNq1i5Qo88bcxsvW6dsjYV1cPrVdItDy5nPc6RElYUWDqC6tCA51ldQSah57dORW9V3XgJYv0tn5o5I7QhWIAlU1B2bUdGFxyrp75lH8hLP3/0mmBQcpAzrn2Dk4Fh/JUU1H/yR4Gws83E7b8XvuJchPMN6vEZWiNV87CfGni8zvEZlG5UHuJM7OWIlyOW30wS0/S4JB43rN58nOrvDsXM+1tLh8BPUSUsycI3MK/tcHYlk49Bvd612AXxKalXrcFdZpWpoNudVno1v0hd1O+2MyIzxgSmpTi3R102rx56Opitk1efdHCCs0ycDl8R5+kMDt67EhqfzVI0j7dsG/0evfrJFhc2cq2YYyXGu9TvHlSOM9KaLQ4FxdNZieA7s29Wz/y5pKrTSSrJ7qfGXMyorM4FxoPemlqVhAOay3IPtdLqPYUyveplEMszXRRNfCwceqOzOQrfR0qRD29LPOEdj4BGY1Eqwwu0MN/2fyP65KKMQBKbkaTx4lf5rp6IFvRs1zkif5PJqpksTvhI5g2+7YXpb2S4CjvDTlpGFydXAMgZ+iYPiIbVZ5YU44Y/ZLVbrZC7ZNKxYk5CvHPeudW0VjBAq/omvxKN9vYNCuNz0ZulIySFnapS1eIbjEgOEFbNSk0kO5soyUoMfWnwGPZjoeYMyAebrdKKke9asU7eOtvwSTusk6mo75Bgtra+tNaR5JUVSYDq3aCdO4Y6swXyOknLccrttVyo9uaac7tVL6b0ve7LYiqlWlPqLiOKqzIj2BRxRedbTnOYsZ2tMHDb2kWIFqWwRV5VtRwzwDKub0IEIW4XDHu2X0U22JVHVY/8vnafDNAe3y/la8GhQo3E/wITsP5XCjm3halYf2QZXioZwP8Gz6QUBXPu4BQ20/QbQKxC1if7M/h+OPmbAIf4gNGumb84+TZRbxbdifJY+T6KmJ4LZz8foaIzKV3mRXk47KWnhhtiLTu1uilfRYahPUwtk+VYdqK0EdfQvlHnw82yrHDuP0ICoAwzC0GHlo+dj4Ew8foq8VfEVBm8HX7f1CT2xlgDUV04JsSOB7NSB++kfuF3fV0HvMnyhR9FyJYSD9MeokquK34803FkRneqFWl5G1+bKjUH9m/IKhd9zwWx2AajB3B7AZe6Ao2Pgc9a86gRBjFGMuXh93Tkzj526SRqD9j8aXdsyc0MLwnb3r6mvOgDLfFcEp37NEj88CTLnGu64ytAeZsH/lKSZhkNJ1zkYuPBfkFG02SpZmMRkMMocBOK0hVJYn4UAHQswnEQrmvkfCKxALcGqejKZyAj48RUtZo+atFghoB8P2r2sTQy3po3oVa0eQwlV3bOeyXbGaNevBeyvhENdmZSSGI+ZsKj1yV+JoGhqK7VoPkCR/y5JhRmqQ9yQZ3aL3qo1+lgduA+LgNsr7hyCG0V3J6rF/Bgn+lTB6X9EFG/Mcw787/tPnaaAv+tH4EzRg6q6I3IMdGYsbUqpYGJFbT7cdZJQjxKqQgl9pX1V1BLe/7zSiUG3N6btWZnm2NhrlRF5sTaCOZzHWfNkXr4Go+RNIJxMaFRBhzZJpb3kRH0KkBTuQJ/QNNjcZQoqDCKEUiramGr2p4NFz+zdttexbodtKGuzvamvNlfNPFRZy9gGmuixAOylVqHb1EWUQ9tb7+u5/OX7amqiWPL9l+8dK86JLPtHTGl6VPJc+NIPxu1ypPIs3aqE6Yl8aOuCt/nNEdtBsIRio2iUBW2mlSDpl8ur+KDczy/ENZSQB01UCCYZbXGF0vh5p9W5e4dwjwu6FudQ9lug2M7ghN63UsgJFxvXiI9uDPW6oYbOk+XpAFC+c2lQhnAlyEebyuwUKLOz4DGVnRpv8mLTbZhh6CkmShZI86FJPrySzoMFxL9rkCisxJ6ei60c9lRyrAGbWeYjj4hhA+tDzUk9N7JbKr0dbkN6gL6ZBPTZCyUeNulXtd9H9lMR3cBOIzmp5jZa7UikUuSFa+XT1yQlsPH9AZIy8+8wCTPM322IEfuBkAHoVHLhNnvcqeI/OQkjbhpUp4isPV/CDTHMZUt7b23UvApVjXabnqpxVSYQggoZEVlZ4vNqrpjq7/4eXyXZtA0UTrLZJ3NQxkSuuo+UMkfvJEGqb+9oxIOsi/TLHNdsGGuCLN++/J5CgFANsqa9VfrmuFc3GyOhbQ+HjUeUxXdzq/w+Mraa/WwnmNkLwXpOEaO0hsvR3yzzVhuLj5gVAR2BzcmCdMGIAdd2M/7AomSPP1XNRdehzNwznl+InDx1W8QFWt8g1J/wXTFaovZg8IXTDWB2Bspy5GChNKhKkNGo+ic5humOA1Ap4IY6LOt6b4Wu2+nwMfKUQ5wTAKgyaN7yluMOkUMAStOPW9t+NN2Zd0rg0UZ1KtftEVhpYsD2MYi2syJoeI4b6zA7JKOsDO88sJbJ+2lmiWeQonAPg1HsequSDWfh/a9WsWaWXRuFsVXHaRWGWgWM8xZDV+B29E1YiNTAy+z9O5XjkT3RVMR5+Qeow4VEZ2zmh8fW9nwN/ZYz1jVDbgD74s6DCokwWI6WEv0PGsf8uhmw85j8IuR5OlGTpP5YNJAUZnqrsLElGNrN0E1RWMuHqqAYMskurqOkEIrNIRh0Lbvs42GH0sXsHgCq9nO6PZjl3jrty6KvyGpTeLBREaqhBygbzHHSbu/QRjSgIXUo804bafmZVA1MohyeiSKEg9vyZOw39nbOCrTlh1oC0H3i9GXSLFVXlAdvqxoLaQHbPByOuuhwwfkfHM0VUFm9HDtuiXH3By/Ep6ufVBnNTtCL5Q+16ICdR6iRyQtBqeoRFZIMGTnWujNYX3cLKebLa0oLcuKLpaFxEW0m4kp0Im8zkp5NsKSSquBLgM+4VNlqkycWRjy2n9zgY0ptEJqwSMPjOxpe+Tp9v4Oco3+/zf8vsIM6uNw3i7nNM/s0ZsEtt/dLftGfC7s7T+TAR7sUhCGWmExMY1nfWyeeUegOAmzcHdjwXy3/d0xmrpsMTuQ8+Fgi6eOt03IXtFKndK1kAcHLbbneIty61A++ZPwq4gMOptQ6AqYdGvFzrgZP+ItwdoocAJ9sDR9IKOB4wFyCJTri03l/ODqvETiSLwzQp82hfvJNJmQ46lbHCZHeBLVwr6N4aBbEhwEfwFo6sYmFqoZTYbIs6r0WEW4mp3tpopRFGy5PYhBN52qQOLcDEDv2zZHMIqtYgazfHv5RuJD72WQI9ikZ1E+yGVRd0W+HDO/KGoJjEjphRiB121gohQUu9LwpDXmN7Lza9nKRIMawaO1E0hB6XzbCHdzVOFZfc9mUCoXk2wD/26ep2mfcDV9PZcZH6aKt9uq1RxRwPNQhQgmNFqfVOT5FbgiZPgc5jY09t/O8w/6Y1jAAxskmqvaMCcF+tjUIsL9iM/P5ri2saSRn8l9p0b70g5GbXYDzfZcv5ul/WZn9a5uNlR3NZH6m5ETqyrCm7EjoGixc6bpNiAa19dCOadQKtu2Tl3DxRKRy0XjMO3NI/l8M9f/naMfQCSfEnyvVoAqj5eubXlWgXjY7f6JvS/bGAgnsUc1ugu7eDV7kSC8b4W3gqo9WBP0Z5cwgUQpbU1dvVYNMA2LaBaYRUrrnDzakcJaO7IHRqFsjPzg15zPrgONGunsBmqcIhqUjiF4JMyLlHJRWeA9VSjMAsKeFgIeOAymPbtAhI9ReTlcs9KcFmoPCk3Czyso+tNYUwHQUhdXbBuV6It27z/rrxdP9z2SXFhehBw/sy4sWApvFVArguNce+edwwNalsK+EzNai8I+i3baPGoT6Hxbgd19nQDGF3QsYvOsks9TpNBuGkLywPXeVusTkkbQpBLes9JgPkvr4/BqUu6zcUB01z68JitdZPkxSawYLqtAwOIi6e0wLhxXf+Mvoq25ezykkw0VF5FCW31eXSb9KDfiD03m4Vwj/0kyeVCK0MEG1hEfe92RszcjuUU4GLtK3N9wv9RwdjhmcdejkHEfBbx6R9GbAv07g2ra+5YrXcrmOZUlXnCW6ozcv7mfhfaSOtqrtZpJXm31MtxQ1dKSMGbsn5nCHhi/7dKaHJ9vsQw6Scb1IP/QnORi119sTRKkWAiQqZ6nfH3aKFc3g24gOPt4Z3MOb49WSxeUEtsu7bwumVldHvlos2g0Ru/CSFCd0/ksCgO5xUr9dFo3HNgKg6mutdTxXDH41NLPSENMLxh2Mmfy5FucnHaKZyygzyuO5jU7/QEwChvQV7eK6ZyJRcMlMCOBQJkd/fy5h/IU6nuX2LMayVy2IhYnmV5ujm6bQGFXBXtq7Kx5SEfxFrAYxScW90KeduGiKPgirgC0tZX8AtwsKRIeUvag323Y6bHemdA9JIA2W79Pa2ztct3/++IShngqZbDHQy+2tN6WQDYbOxGN+7WmZPxhEqfPKxsNA+Ls9i7Btv4nX18qCR2nU2nAVEDgFaXsv1VAGKWysh0c/GLWnJpcs11rZ+Nkwaf5cC+39AXDsDUGW2+yxA1UGHThup1WuaNGaCGHISA6t8mNS9vOCWnsZyr89EjL3uFkz2wKUd8tL41lr+Y0RZg+cPEFv4lpe0OWHd20Wtiuw27VUtKj7nRV6ZyuFJ204yhOW8YRD2Fd3L67h6LI7QYkyEnaAzsLeuSu7K2lue2FqM0jk/Rr9wpx9ML8sqyr8ReMvcR6UqlpjKxg/jYBsaPwuUCMEZq3WqcvbGcyHFwcwVw0XF/g5lJyd6u/wMUUC+NCOvhehtuGXdNgk934niDT6dyjZMINTe52BQ6Jt+x3/1okNTpgftg0/IKfbvrJf66UyvcY4Ca+1jpt4b4TUG64YNLe8yJqSNrMK+j1T2qIe24MzhlS/IcFP9n4L4NHWGT3Mc1chh9TqC08RIgwAh4hy72yd8OujDbuY08cqremcRIfawE01znighS5cCrQIvNA0G4X7NJCxd9+7JqpahclVMwRCWKgWfFiCAy6QjkzRHbHNJosIyWfzQmS7rsB9AR62HqFoLRaiKrjWQAi17RaqH57Glo+pSo6mjrqq5EmgxPFTFFvW2v4T/a/hkLzJaz11f3gIPpswRaJgn/Fk8SQ4vg8oqtv+ksF7pq67XBUBWybMdXHvUGd+IpW6Z6Jmgbfq9zDA9bARAGQxoptgSa1Zl+hBt7+EfgmEt8nJ+rQtAn2jIH8LDxPhUOROnLWrjMvZJtXdV1nSHGOmW/yLgQwREHJhg2mpKDfSjUd0xUCFmdG2inZcm+m9HsOaIbZTi5gEdhxG71TSon2lbICQmD1Q1pGmFQSzQS1TyvCASJ3S35B0M6QvjXFI34f+w2ymYq0c/GKUAxxNA7PWPQKEDnDoXFLfE0MdnKbTZ5TfJprNA6U8xDAaGRbvKX7TaP/eWtdc26SS7IuPFT2ln/N5zYzXP9sWtJAvevOIpXmsnLs180LVvWsUk6LR2SDr3JFD0hrWVjnMsw6oNshr/W5ZdPie7XzVcjz8ruWrj5bM2mQ6NJpFuRi+t5S7u+X4M7lzRezXAIcvgAIRjsf9g4Bpbf4yyk7o2dhQCBMHYtnMx2nU1j68ZQPl81nhpuIbMhtVZsI6bAaGWV8MrR7gQo3f4ncGOilwaOTVZECzFca6W38zF8LLjo7tk44EIw64xh+2z25yMBs23LEvDLjxKpIGBzvfmTUc8C6YsDgWLchTr2XbErpHwd72evTZhFZUZ7JbK1CW3hDPYnhVC0Sh8M3y8cIA763rt2z9cJW6FArsfG/lqTajU52jsHVz0i3NRkrgAFukFEfF61MxCv4Ew7tq6/fd3s1ACmVtT1pt0CBdVNM8ZtUNMyzMbA9OD2tRQ6foCg1OA8bbi+K7U+lh1MFLOXhflqENOoLN/2gO/FMfBCi2vwvW3x5BxXdlFk7LJ22s3YisaByG7fZN6pjczP0vPnrrtE8Pw+uMqNQAL2WqdyjXndJzO+zV3PIjQU9ToD5C9SjU4CeAljq07agNScrh+c1mmN2iEvrvP9+4L7UIQzcd+99sxL6vt0PCyOx5P3F0j5Kz3nwFjeAxkmi3hlPp6Vikb39tesvh9jARCM3DGz1xHdTWUckPMzP5gIMWzekpb5Y7B0MEkHYSKZ8AKS0e4g5svfkvKAz0l1xARURtFM4l+IjuM6OWOhiAYTqxY4GnuNwwFuPTuoM0pXMuItiWbSv7c4+dKmTpaKaTFavMP54dgrZq6fSJ77jVDhoEBdOwSwTw+eCIeI0FKlztl45T5OS8LF+5oKJwP7kWtjl2aljCKj6tp7bQyfubM48+ywmDxiyHt3C/BiBuJpM2f6j/C7T7Wvb6J3sVeLUSL8jPFOT268sTWs6b0QaAtHGxZTaOPII8NJcdwEK3w7jXOhwbag+mzKNUf7AfAbDRXnDLIdVHgD5gISGQmNMZ+E+09NgUNRO5Ysd13EYxOi8ij/NFwFhY7AoH3/kGQs8Yp8Qq0xdZ2rbCHxMJtSVyJqoWZ60FHbQzFIs7yf0XIZSG7493pGucLclfZPGy9Igili8bzC6pFZr0EZnCJO0T1DQ7DE24JuZ1hu/hOROGaUe1zOTg3HYq+iQSsfpdnR6fDLPJ63QOjccegOoH5nYG8Lq9dWdfCtLdGTEcw/Hhkfu+tyGKGFHmoCu+V8N639UNL4ZOFShKz2VBxey4Ds2NJxzSwq9xfDkwMjLiaaVjHqqtGvWDpOCxuvEaAyADY+UGrgp5pB3E2g22VexN1M0asK+jF1CI/qqzupwQyiwZA+Yo8u330VabPasZ7Y3146E2meC7rhr5saV6QblSRD6x+OMpS1aKW1ICMjVIT93bCBjtGItMOpPMgcw0wLVBGIlFR/ohaZDY20xeg5Ku2nnqj+ROz2zCLDx9w0xTLvii4GnkBl4eLUZkPpXHBNhM2t+uCB/5kNyd2fCERjHotFQPmCd4oMrBouFDQwo6R7CqkTtpHITVuOVHUFMFPrUmwfNB5mgIQElW+EGJRH0RZiktlptOhs8WCYXDeSb/VhEWGFLh/Y8WhzQ0eaf3H6M5fCoKRTIbZTdvwW5uEb/esxcTrfhjQswFuezKe0R+ouAmqYVtG4V/oN0NhGb56w/kFbnGxAg+Q6APSy2/7tfAR+Ig/3a346ygY+pe4xdS6bWqxUt1N+cbXpGbb7muJ0utj6xnpvsVJCFAV9XUXN7M/FvOaa7qA+Xbvi3N073AtILH4WnprcnBZz1Bb+4GDqHSRJtXlnNXz7v8ZF8pzIX6p1TlbLl15UrkwtjsetaVmdj4WhE2KCfuaeZAQW5gCNwjsr0csUrpkXyBQNd9uTN59riLgwC9YtrlMUasqVJknmwVQozOe8sw91NdP8FHptoDuSYCq+ULTjj2doU7d4U/Q2HqlLDiDU/OJre2XHrz4vDf/xoEgGO2FUoc61rczz3o9wM2ntJRDQbMNVF7pEg0b5gxB+S55cvrm4ylo4RrI/tPQjXptCcxAr7WWStEj4YZydFOwW+drhGmJ2vSnytkZWDJazFfA9VGQvjK5Zhc1Bst01GrXzJFtS92+doa+tQmo9zRpnmfdwLq7uaJ3s+d+SAZo8AFDAe0Ke1S8ZM2SsPzgNO7lXCagIa9M9mlhom9g6Ah4ZzXCJ226YBoLWfnjTAwAz4Htc4+4S1K+qkXy729WeeyLudEmW6PrWNLOOzS+vi+gI2O8dSztVkxvR7SDbEDC8z2+VpMLdL26TsJWJ32nDzKdfk8mzua2sOxkto91VDJdv3WBd71SwCksOt66W8C7qWPomjaCD2xUvhSWyrcAS1hvSGNvtXktfDGaJuAko0rOCGYNkO/ZjXPaFO3x7/5cYjbg7owgoPFA5SNKQcpchuzNMh3eDKSw+deP5t24hOpNe3LVNxv231zu577UT+5v5pVz1qH4yXlCaVo7qNo/Otzvc9XAmFxJynoP/hEqBpm/QggVCqLVXgFJ7Xwij8cBJ3SDrAjLvED7i+PNk9/y+dkFdHAE//Naygdtm6K2ch5NYzHkYRw/3cx8M2TzpP+8wnl/vZcOLhXjk9CS+muEKxW1Xyb6fnJ/fCfepVFdJjmQq8tq6udvSdqH3qjFB8LDs1bjAQo4DG5fKGuukx2mmQa/m4CExb16X6t6ity6ilwy6d3jbAcPxeGuLI2b8fzGUHcY8WD20j3U3Ka+bQTQuUihET2nOuAgu5pGsfjpDy8fGNOSLhCzHIOkNEDJCzngww5C/mMXMKVqyhbaYBDvXVypAgpMZFA+bb2NB17jWTrXJ/kv0iy20PDm4aYAmGP1+bZKJhFO+c3Pxu4bjVvXhr/00i0gr0XRnNS+tGTrMlMcPeKvyQ/GL0yfUbHrIlcamkano3dEpNYR5NlPNoQL47YeItjFfIIM9HT5qbCsGcfvWi0yRJkx/+W2Yv7N9igOT4XbZ/U9n5xHS+NF9f9DgYxCmyjLR516DNU3FbwGh4fXNMs3krqv4ZdVbh36BuNl1ssLdpeGS9ATCukmVXsOhKAAAEUUlEQVRQJSPjysDGf3P59y99Zwkqzk/+EVWvU2sze7TzOhrCxkQmiWlQLEfN98ksUMPA3g8QfyEwEfqeXtkbEZeys/oK5XI1WgISTojYBrsiTIbEDVMz639H/bhbbe9kLCeqx9aUXoCob2jlBITAruk69SZnWsOjSf0nFr8yKX7ifzj/7H8cI4aT7V65C7LqSto29qQXv97d8Qo0l9IVlpv+/uWeM+BPXmH848fPP37zKkUcimpIOt5oR30ZRckETa/FAgqMnIn8fcvJAtzUceSqdKUvX3MGXM9lXN8B9C0xglh3oWdTZlmjg7UjXobzp811UsCe8i7kPKqv5RQO+Sy9qJeSPmo/vjQogljfNtVvGza9AISzoQ+FNgRdKUZUdXUoJZ38W8VYQMCtONpPYsarTbhnUuGEDPj5OLA+dMnQbq8TZ7cFfarCGQsVFDk58HIq4cpO0u7rHJq6MadhbDzMBfur1kErGTKN47/cz9L/15SReaj5ZDIpEoeCQ6GrQTPNOGRk7OklWevljmCh8DbfEGRO/8EaDr/ybT+SC2hhhMfklVEFHTk7hl60MEBf9JCdppmhiSQY8bi4urqMgr3QCMT3yuxAX535M8wCqPw4iish/Xh2pthc3rC6hVfRcdC09MXJLjSbNQptkMzuuD4GmZiMDYOnoeVNAB1Wi1grryYcK7UzogRKEjX24mz7aj1JxyfWPJcnOF+6nMuXLOEN0YSYHS5UoPI5MVanvwV4uB8hjnnpVsFaj+JMmGb40jZfN05lxx03Am8pcLg/sRqblakM8mFFXuXRHr3i5mWR56WtG45IRs2DXsrcaGt8E58r2U7/Kbd/cR9ECIJeCs1Fh62G0qEvrYXY9AGBmWqub7KMGjaOT64DNYY0E5eAXD5DZacSVONCKIrUAPwb7Wa5XtBIPNEYY8eyiabIqS2ym2G9IZEMO1v1rrBogxwwGmNwyM4yJlr6dlE7gRzNziQzMnOo84V2hT66cmozl2JNDjJGN9a3+CyEoQurE+8Jrk66jrW8d1dFCKSNHaB6V1Q/nE/Teumo4KkZe2z0RS9a07Lu6YqAVWDJilFfXzaXHXH8lzpMaoe8t//72hn1CFlb+biJdSixqJfAANFQJEEKwj/gSMcO1SaUEvCSa7RUxtUoz0EjLd1o4L+tgSwlFRUyxQBxj/U5G1KzuZ6dBm4ztYXAEMkyPrBzf8qn//ibRhNUELaymvbAcK3/waYhuM887FotDdgq2BoalPVH9bfUMj+UqGev9GHrZxAvOdZXuYDiqlI8qeuZp1uViVd3O7WYhVxcml1OFU8UYFS1C9uOJhkA87V+Ji6cKRJWgdFt7/8zeJLRiUmD26Xw51+t3F9//uvnX//Dqw4Buz2BDs246uEyge9OXUGWEEE41VIj7KZVemUvACj+o9RfgeR/f5m3ETTE6pObNOXJpuxtJbKSNXA2gSbtyIn+089//uOv/w92BuCDC/k2uQAAAABJRU5ErkJggg==', 'detail': 'auto'}, 'index': 0, 'type': 'image_url'}]
[2026-02-08 06:20:56] ERROR    [api.llm_client] [Image Gen] Failed: No image data found in Gemini response
Traceback (most recent call last):
  File "C:\git\memo_ai\api\llm_client.py", line 345, in generate_image_response
    raise RuntimeError("No image data found in Gemini response")
RuntimeError: No image data found in Gemini response

During handling of the above exception, another exception occurred:

Traceback (most recent call last):
  File "C:\git\memo_ai\tests\test_image_gen_fix.py", line 22, in test_image_gen
    result = await generate_image_response(
             ^^^^^^^^^^^^^^^^^^^^^^^^^^^^^^
  File "C:\git\memo_ai\api\llm_client.py", line 435, in generate_image_response
    raise RuntimeError(f"Image generation failed: {str(e)}")
RuntimeError: Image generation failed: No image data found in Gemini response

During handling of the above exception, another exception occurred:

Traceback (most recent call last):
  File "C:\git\memo_ai\tests\test_image_gen_fix.py", line 45, in <module>
    success = asyncio.run(test_image_gen())
              ^^^^^^^^^^^^^^^^^^^^^^^^^^^^^
  File "C:\Users\kibit\AppData\Local\Programs\Python\Python312\Lib\asyncio\runners.py", line 194, in run
    return runner.run(main)
           ^^^^^^^^^^^^^^^^
  File "C:\Users\kibit\AppData\Local\Programs\Python\Python312\Lib\asyncio\runners.py", line 118, in run
    return self._loop.run_until_complete(task)
           ^^^^^^^^^^^^^^^^^^^^^^^^^^^^^^^^^^^
  File "C:\Users\kibit\AppData\Local\Programs\Python\Python312\Lib\asyncio\base_events.py", line 686, in run_until_complete
    return future.result()
           ^^^^^^^^^^^^^^^
  File "C:\git\memo_ai\tests\test_image_gen_fix.py", line 37, in test_image_gen
    print(f"\u274c Failed: {e}")
UnicodeEncodeError: 'cp932' codec can't encode character '\u274c' in position 0: illegal multibyte sequence
